
Gurobi 13.0.2 (linux64, Python) logging started Thu Aug 13 20:14:38 2026

Set parameter LogToConsole to value 0
Set parameter Username
Set parameter LicenseID to value 2748191
Set parameter TimeLimit to value 120
Set parameter LogFile to value "output/bz_nbr7008_095/weighted_loss/retail_y_2__retail_v_2__rolled_leftover_4/period_5/gurobi.log"
Academic license - for non-commercial use only - expires 2026-12-01
Gurobi Optimizer version 13.0.2 build v13.0.2rc1 (linux64 - "Debian GNU/Linux 13 (trixie)")

CPU model: 13th Gen Intel(R) Core(TM) i7-13700HX, instruction set [SSE2|AVX|AVX2]
Thread count: 24 physical cores, 24 logical processors, using up to 24 threads

Non-default parameters:
TimeLimit  120
LogToConsole  0

Optimize a model with 9081 rows, 6395 columns and 24125 nonzeros (Min)
Model fingerprint: 0xb594ca52
Model has 2319 linear objective coefficients and an objective constant of 1.0388050335599999e+05
Variable types: 5176 continuous, 1219 integer (1219 binary)
Coefficient statistics:
  Matrix range     [1e-02, 1e+04]
  Objective range  [1e+01, 2e+05]
  Bounds range     [1e+00, 1e+00]
  RHS range        [1e-01, 3e+04]

Presolve removed 6943 rows and 4864 columns
Presolve time: 0.07s
Presolved: 2138 rows, 1531 columns, 8590 nonzeros
Variable types: 977 continuous, 554 integer (530 binary)

Root relaxation: objective 3.636334e+05, 785 iterations, 0.01 seconds (0.02 work units)

    Nodes    |    Current Node    |     Objective Bounds      |     Work
 Expl Unexpl |  Obj  Depth IntInf | Incumbent    BestBd   Gap | It/Node Time

     0     0 363633.410    0   28          - 363633.410      -     -    0s
     0     0 363633.410    0   39          - 363633.410      -     -    0s
     0     0 363633.791    0   45          - 363633.791      -     -    0s
     0     0 363633.791    0   45          - 363633.791      -     -    0s
     0     0 363633.791    0   31          - 363633.791      -     -    0s
     0     0 363633.791    0   34          - 363633.791      -     -    0s
     0     0 363640.112    0   53          - 363640.112      -     -    0s
     0     0 363640.112    0   40          - 363640.112      -     -    0s
H    0     0                    497644.07374 363640.112  26.9%     -    0s
     0     0 363640.112    0   51 497644.074 363640.112  26.9%     -    0s
     0     0 363640.112    0   49 497644.074 363640.112  26.9%     -    0s
     0     0 363657.149    0   49 497644.074 363657.149  26.9%     -    0s
     0     0 363657.149    0   49 497644.074 363657.149  26.9%     -    0s
     0     0 363657.149    0   48 497644.074 363657.149  26.9%     -    0s
     0     0 363657.741    0   49 497644.074 363657.741  26.9%     -    0s
     0     0 363672.610    0   32 497644.074 363672.610  26.9%     -    0s
     0     0 363672.995    0   39 497644.074 363672.995  26.9%     -    0s
     0     0 363703.984    0   36 497644.074 363703.984  26.9%     -    0s
H    0     0                    443728.61490 363704.881  18.0%     -    0s
     0     0 363704.881    0   36 443728.615 363704.881  18.0%     -    0s
     0     0 363943.912    0   39 443728.615 363943.912  18.0%     -    0s
     0     0 363948.632    0   42 443728.615 363948.632  18.0%     -    0s
     0     0 367133.833    0   55 443728.615 367133.833  17.3%     -    0s
     0     0 367144.708    0   62 443728.615 367144.708  17.3%     -    0s
     0     0 373133.927    0   44 443728.615 373133.927  15.9%     -    0s
     0     0 373287.667    0   65 443728.615 373287.667  15.9%     -    0s
     0     0 373440.568    0   67 443728.615 373440.568  15.8%     -    0s
     0     0 373592.122    0   66 443728.615 373592.122  15.8%     -    0s
     0     0 373592.122    0   66 443728.615 373592.122  15.8%     -    0s
     0     0 374229.782    0   59 443728.615 374229.782  15.7%     -    0s
     0     0 374229.805    0   48 443728.615 374229.805  15.7%     -    0s
     0     0 375474.712    0   41 443728.615 375474.712  15.4%     -    0s
     0     0 375474.773    0   46 443728.615 375474.773  15.4%     -    0s
     0     0 375474.798    0   53 443728.615 375474.798  15.4%     -    0s
     0     0 375474.830    0   66 443728.615 375474.830  15.4%     -    0s
     0     0 375475.308    0   51 443728.615 375475.308  15.4%     -    0s
     0     0 375475.336    0   50 443728.615 375475.336  15.4%     -    0s
     0     0 375475.336    0   45 443728.615 375475.336  15.4%     -    0s
H    0     2                    440169.73344 375475.347  14.7%     -    0s
     0     2 375475.347    0   45 440169.733 375475.347  14.7%     -    0s
H   35    56                    432191.67411 375475.485  13.1%  71.4    0s
H   37    56                    431946.60746 375475.485  13.1%  69.0    0s
H   71    81                    431635.06662 375475.561  13.0%  61.0    0s
H  494   377                    422710.88917 375476.453  11.2%  37.0    0s
H 4069  1813                    419009.15603 375534.069  10.4%  27.3    1s
H 4546  1954                    417708.04256 375557.160  10.1%  27.2    1s
H 5877  2135                    415466.17708 375762.738  9.56%  27.1    3s
  5922  2165 394910.638   16  109 415466.177 379078.447  8.76%  26.9    5s
H 5935  2064                    415328.10218 379517.773  8.62%  26.9    5s
H 6047  2027                    414804.22032 380807.568  8.20%  26.4    9s
  6079  2049 383066.165   23  152 414804.220 381254.652  8.09%  26.2   10s
  6247  2162 384060.877   18   32 414804.220 384060.877  7.41%  29.9   15s
  6374  2247 393234.016   18  188 414804.220 385278.394  7.12%  29.3   20s
  6482  2321 387582.968   17  156 414804.220 386151.695  6.91%  30.5   25s
  6591  2394 387644.051   19  162 414804.220 387538.891  6.57%  31.5   30s
 10285  3135 408631.843   78   41 414804.220 388870.799  6.25%  34.8   35s
*20377  4981              82    413567.67658 390753.113  5.52%  39.4   38s
 25462  6188 397961.031   60   74 413567.677 391276.784  5.39%  40.3   40s
 43123  8803 394111.918   58   59 413567.677 393575.243  4.83%  41.7   45s
 51687  9316 398616.357   67   45 413567.677 395017.386  4.49%  42.0   51s
 51741  9352 405251.215   63  165 413567.677 395017.386  4.49%  41.9   55s
H51747  8887                    413567.67635 395017.386  4.49%  41.9   55s
 51798  8921 396357.434   71  156 413567.676 395017.386  4.49%  41.9   60s
 51844  8969 395017.386   65  115 413567.676 395017.386  4.49%  42.0   65s
 59716 10331 397487.165   75   47 413567.676 395017.386  4.49%  42.6   70s
 72208  8782     cutoff   77      413567.676 395017.386  4.49%  44.8   75s
 86204  7865 404416.155   77   70 413567.676 395656.845  4.33%  46.8   80s
 98315  7708     cutoff   75      413567.676 398623.456  3.61%  48.2   85s
 114815  5667     cutoff   84      413567.676 402907.860  2.58%  48.9   90s
 129041   416 410798.141   88   39 413567.676 409256.251  1.04%  48.6   95s

Cutting planes:
  Learned: 8
  Gomory: 11
  Lift-and-project: 4
  Cover: 204
  Implied bound: 68
  Projected implied bound: 20
  Clique: 9
  MIR: 676
  StrongCG: 25
  Flow cover: 208
  GUB cover: 35
  Inf proof: 15
  Zero half: 37
  Mod-K: 1
  Network: 5
  RLT: 46
  Relax-and-lift: 81
  BQP: 1

Explored 134657 nodes (6440674 simplex iterations) in 96.05 seconds (95.70 work units)
Thread count was 24 (of 24 available processors)

Solution count 10: 413568 413568 414804 ... 431947

Optimal solution found (tolerance 1.00e-04)
Best objective 4.135676765770e+05, best bound 4.135676763469e+05, gap 0.0000%
