
Gurobi 13.0.2 (linux64, Python) logging started Sat Aug 22 16:39:41 2026

Set parameter LogToConsole to value 0
Set parameter Username
Set parameter LicenseID to value 2748191
Set parameter TimeLimit to value 120
Set parameter LogFile to value "output/bz_nbr7008_043/weighted_loss/retail_y_4__retail_v_4__retail_v_4__rolled_leftover_2/period_1/gurobi.log"
Academic license - for non-commercial use only - expires 2026-12-01
Gurobi Optimizer version 13.0.2 build v13.0.2rc1 (linux64 - "Debian GNU/Linux 13 (trixie)")

CPU model: 13th Gen Intel(R) Core(TM) i7-13700HX, instruction set [SSE2|AVX|AVX2]
Thread count: 24 physical cores, 24 logical processors, using up to 24 threads

Non-default parameters:
TimeLimit  120
LogToConsole  0

Optimize a model with 196063 rows, 130753 columns and 688669 nonzeros (Min)
Model fingerprint: 0xc3d7ee09
Model has 53990 linear objective coefficients
Variable types: 107764 continuous, 22989 integer (22989 binary)
Coefficient statistics:
  Matrix range     [1e-02, 1e+04]
  Objective range  [2e+01, 1e+05]
  Bounds range     [1e+00, 1e+00]
  RHS range        [1e-01, 3e+04]

Presolve removed 114547 rows and 79352 columns (presolve time = 5s)...
Presolve removed 114420 rows and 79225 columns
Presolve time: 5.60s
Presolved: 81643 rows, 51528 columns, 810072 nonzeros
Variable types: 33723 continuous, 17805 integer (17761 binary)
Deterministic concurrent LP optimizer: primal simplex, dual simplex, and barrier
Showing barrier log only...

Root barrier log...

Ordering time: 0.43s

Barrier statistics:
 Dense cols : 23
 AA' NZ     : 7.190e+06
 Factor NZ  : 1.225e+07 (roughly 140 MB of memory)
 Factor Ops : 3.498e+09 (less than 1 second per iteration)
 Threads    : 21

                  Objective                Residual
Iter       Primal          Dual         Primal    Dual     Compl     Time
   0  -3.35008386e+09 -8.80624403e+09  2.75e+06 1.23e+02  2.37e+06     7s
   1  -2.03056181e+09 -7.99305480e+09  1.79e+06 2.19e+02  1.36e+06     7s
   2  -8.87327670e+08 -6.82002252e+09  7.42e+05 4.75e+01  5.67e+05     7s
   3  -2.12569739e+08 -3.66152117e+09  1.82e+05 2.19e+00  1.44e+05     7s
   4  -8.57872863e+06 -9.08138505e+08  1.74e+04 7.41e-11  1.62e+04     7s
   5   1.20142463e+07 -3.71934098e+08  2.06e+03 6.00e-11  3.71e+03     8s
   6   1.28725326e+07 -1.04157716e+08  1.30e+03 5.28e-11  1.24e+03     8s
   7   1.29644296e+07 -4.53915874e+07  9.21e+02 2.73e-11  6.44e+02     8s
   8   1.13850837e+07 -2.72529795e+07  4.46e+02 1.41e-11  3.71e+02     8s
   9   8.45222529e+06 -1.53946196e+07  1.39e+02 1.21e-11  1.94e+02     8s
  10   6.47897659e+06 -1.06376488e+07  9.00e+01 9.95e-12  1.36e+02     8s
  11   4.54499762e+06 -7.16582163e+06  5.01e+01 1.11e-11  9.11e+01     8s
  12   2.62499075e+06 -3.64051497e+06  2.30e+01 1.51e-11  4.80e+01     8s
  13   2.15166149e+06 -2.23681063e+06  1.63e+01 1.31e-11  3.38e+01     8s
  14   1.63686518e+06 -4.50251332e+05  9.35e+00 1.14e-11  1.65e+01     8s
  15   1.29783105e+06  1.16724209e+05  5.13e+00 1.74e-11  9.39e+00     8s
  16   1.10089051e+06  3.68745255e+05  2.84e+00 1.64e-11  5.75e+00     8s
  17   1.00306718e+06  5.57622248e+05  1.66e+00 1.14e-11  3.48e+00     8s
  18   9.28069916e+05  7.07485259e+05  8.07e-01 1.24e-11  1.71e+00     8s
  19   8.83039059e+05  7.73042657e+05  2.57e-01 1.32e-11  8.20e-01     8s
  20   8.76063251e+05  7.85137803e+05  1.93e-01 1.36e-11  6.74e-01     8s
  21   8.73028955e+05  8.24200394e+05  1.63e-01 1.44e-11  3.70e-01     8s
  22   8.64169225e+05  8.35213076e+05  7.50e-02 1.07e-11  2.15e-01     9s
  23   8.57281023e+05  8.46140450e+05  2.03e-02 8.33e-12  8.14e-02     9s
  24   8.55789477e+05  8.48588671e+05  1.18e-02 1.14e-11  5.24e-02     9s
  25   8.55072164e+05  8.50865182e+05  8.34e-03 8.93e-12  3.08e-02     9s
  26   8.54526248e+05  8.51524540e+05  5.99e-03 1.12e-11  2.20e-02     9s
  27   8.54140151e+05  8.52087249e+05  4.40e-03 1.64e-11  1.51e-02     9s
  28   8.53952174e+05  8.52468900e+05  3.60e-03 1.31e-11  1.10e-02     9s
  29   8.53822650e+05  8.52535009e+05  3.07e-03 1.14e-11  9.51e-03     9s
  30   8.53650439e+05  8.52689356e+05  2.45e-03 1.16e-11  7.13e-03     9s
  31   8.53363204e+05  8.52876796e+05  1.38e-03 1.25e-11  3.63e-03     9s
  32   8.53232093e+05  8.52912716e+05  8.67e-04 1.44e-11  2.38e-03     9s
  33   8.53113170e+05  8.52943045e+05  4.11e-04 1.25e-11  1.26e-03     9s
  34   8.53091712e+05  8.52953549e+05  3.30e-04 9.77e-12  1.02e-03     9s
  35   8.53068583e+05  8.52973730e+05  2.46e-04 1.15e-11  7.05e-04     9s
  36   8.53025172e+05  8.52992122e+05  9.33e-05 1.83e-11  2.47e-04     9s
  37   8.52998654e+05  8.52997024e+05  4.61e-06 1.18e-11  1.22e-05     9s
  38   8.52997308e+05  8.52997175e+05  3.27e-07 1.28e-11  9.89e-07     9s
  39   8.52997192e+05  8.52997191e+05  8.53e-08 1.15e-11  1.19e-08    10s
  40   8.52997191e+05  8.52997191e+05  1.23e-09 1.50e-11  5.22e-12    10s

Barrier solved model in 40 iterations and 9.61 seconds (13.24 work units)
Optimal objective 8.52997191e+05


Root crossover log...

   45156 DPushes remaining with DInf 1.4893539e-01                10s
       0 DPushes remaining with DInf 3.8641149e-01                10s

      47 PPushes remaining with PInf 2.8098674e-04                10s
       0 PPushes remaining with PInf 0.0000000e+00                10s

  Push phase complete: Pinf 0.0000000e+00, Dinf 3.8575818e-01     10s


Root simplex log...

Iteration    Objective       Primal Inf.    Dual Inf.      Time
   30495    8.5299719e+05   0.000000e+00   3.857582e-01     10s
   30527    8.5299719e+05   0.000000e+00   0.000000e+00     10s
Crossover time: 0.43 seconds (0.59 work units)
Concurrent spin time: 0.04s

Solved with barrier
   30527    8.5299719e+05   0.000000e+00   0.000000e+00     10s

Root relaxation: objective 8.529972e+05, 30527 iterations, 4.22 seconds (6.30 work units)

    Nodes    |    Current Node    |     Objective Bounds      |     Work
 Expl Unexpl |  Obj  Depth IntInf | Incumbent    BestBd   Gap | It/Node Time

     0     0 852997.191    0  290          - 852997.191      -     -   10s
H    0     0                    2180822.4468 852997.191  60.9%     -   15s
H    0     0                    2081189.3833 852997.191  59.0%     -   15s
H    0     0                    1993615.4048 852997.191  57.2%     -   16s
H    0     0                    1833074.1777 852997.191  53.5%     -   16s
H    0     0                    1610006.4137 852997.191  47.0%     -   17s
H    0     0                    1580108.9092 852997.191  46.0%     -   19s
H    0     0                    1563269.2192 852997.191  45.4%     -   19s
H    0     0                    1562160.2895 852997.191  45.4%     -   19s
H    0     0                    1550853.6121 852997.191  45.0%     -   20s
H    0     0                    1550583.4110 852997.191  45.0%     -   20s
H    0     0                    1515964.4610 852997.191  43.7%     -   21s
H    0     0                    1515603.0416 852997.191  43.7%     -   22s
H    0     0                    1513076.1972 852997.191  43.6%     -   22s
H    0     0                    1512863.9034 852997.191  43.6%     -   22s
     0     0 853388.440    0  266 1512863.90 853388.440  43.6%     -   26s
H    0     0                    1508942.1214 853388.554  43.4%     -   27s
H    0     0                    1508353.6176 853388.554  43.4%     -   27s
H    0     0                    1488504.2067 853388.554  42.7%     -   27s
H    0     0                    1472291.8513 853388.554  42.0%     -   28s
H    0     0                    1465140.7428 853388.554  41.8%     -   28s
H    0     0                    1421793.8375 853388.554  40.0%     -   28s
H    0     0                    1415707.4606 853388.554  39.7%     -   28s
H    0     0                    1415693.5085 853388.554  39.7%     -   28s
H    0     0                    1412053.0506 853388.554  39.6%     -   28s
H    0     0                    1411163.4212 853388.554  39.5%     -   28s
H    0     0                    1411146.4137 853388.554  39.5%     -   28s
H    0     0                    1407286.5155 853388.554  39.4%     -   28s
H    0     0                    1406020.3712 853388.554  39.3%     -   28s
H    0     0                    1403505.0774 853388.554  39.2%     -   28s
H    0     0                    1397522.1473 853388.554  38.9%     -   28s
     0     0 854139.136    0  299 1397522.15 854139.136  38.9%     -   32s
     0     0 854294.650    0  315 1397522.15 854294.650  38.9%     -   34s
H    0     0                    1396759.3381 854294.650  38.8%     -   35s
     0     0 854294.650    0  318 1396759.34 854294.650  38.8%     -   35s
H    0     0                    1395357.4029 854294.650  38.8%     -   37s
H    0     0                    1394267.0564 854294.650  38.7%     -   37s
H    0     0                    1393785.0258 854294.650  38.7%     -   37s
     0     0 863837.239    0  153 1393785.03 863837.239  38.0%     -   39s
H    0     0                    1393413.8215 863837.239  38.0%     -   40s
H    0     0                    1391323.7674 863837.239  37.9%     -   41s
H    0     0                    1391221.2155 863837.239  37.9%     -   41s
H    0     0                    1391215.2396 863837.239  37.9%     -   42s
H    0     0                    1391153.7355 863837.239  37.9%     -   42s
H    0     0                    1342570.3231 863837.239  35.7%     -   42s
H    0     0                    1342445.4570 863837.239  35.7%     -   42s
     0     0 863851.296    0  200 1342445.46 863851.296  35.7%     -   42s
     0     0 863870.748    0  179 1342445.46 863870.748  35.6%     -   43s
     0     0 863902.518    0  202 1342445.46 863902.518  35.6%     -   43s
     0     0 863902.518    0  197 1342445.46 863902.518  35.6%     -   43s
     0     0 868007.638    0  207 1342445.46 868007.638  35.3%     -   48s
     0     0 868577.152    0  175 1342445.46 868577.152  35.3%     -   51s
     0     0 868770.769    0  170 1342445.46 868770.769  35.3%     -   51s
     0     0 868770.769    0  170 1342445.46 868770.769  35.3%     -   51s
     0     0 870898.775    0  294 1342445.46 870898.775  35.1%     -   53s
H    0     0                    1341843.7443 870899.264  35.1%     -   56s
H    0     0                    1341460.3404 870899.264  35.1%     -   57s
H    0     0                    1341454.6379 870899.264  35.1%     -   57s
H    0     0                    1245418.4513 870899.264  30.1%     -   58s
     0     0 872697.252    0  260 1245418.45 872697.252  29.9%     -   59s
     0     0 872899.463    0  282 1245418.45 872899.463  29.9%     -   59s
     0     0 872899.463    0  282 1245418.45 872899.463  29.9%     -   59s
     0     0 872911.286    0  283 1245418.45 872911.286  29.9%     -   60s
     0     0 872915.139    0  297 1245418.45 872915.139  29.9%     -   60s
     0     0 882197.177    0  247 1245418.45 882197.177  29.2%     -   65s
H    0     0                    1244682.1271 882947.236  29.1%     -   65s
H    0     0                    1243904.3633 882947.236  29.0%     -   65s
     0     0 882947.236    0  250 1243904.36 882947.236  29.0%     -   65s
H    0     0                    1241380.3294 883026.156  28.9%     -   66s
     0     0 883026.156    0  246 1241380.33 883026.156  28.9%     -   66s
     0     0 883081.885    0  244 1241380.33 883081.885  28.9%     -   66s
     0     0 883091.111    0  244 1241380.33 883091.111  28.9%     -   66s
     0     0 883100.427    0  243 1241380.33 883100.427  28.9%     -   66s
H    0     0                    1239663.3759 883100.427  28.8%     -   66s
     0     0 883100.427    0  248 1239663.38 883100.427  28.8%     -   66s
H    0     0                    1230637.8379 885230.013  28.1%     -   68s
H    0     0                    1208739.2506 885230.013  26.8%     -   68s
     0     0 885230.013    0  292 1208739.25 885230.013  26.8%     -   68s
H    0     0                    1207668.3228 885231.123  26.7%     -   70s
H    0     0                    1205763.8667 885231.123  26.6%     -   70s
H    0     0                    1203622.6258 885231.123  26.5%     -   71s
H    0     0                    1202906.6833 885231.123  26.4%     -   71s
H    0     0                    1202300.9708 885231.123  26.4%     -   72s
     0     0 885689.246    0  292 1202300.97 885689.246  26.3%     -   73s
     0     0 885914.961    0  301 1202300.97 885914.961  26.3%     -   74s
     0     0 885941.499    0  304 1202300.97 885941.499  26.3%     -   74s
     0     0 885953.889    0  288 1202300.97 885953.889  26.3%     -   74s
     0     0 885953.889    0  289 1202300.97 885953.889  26.3%     -   74s
     0     0 888129.568    0  342 1202300.97 888129.568  26.1%     -   77s
     0     0 888129.772    0  342 1202300.97 888129.772  26.1%     -   77s
     0     0 888662.695    0  362 1202300.97 888662.695  26.1%     -   79s
     0     0 888704.258    0  323 1202300.97 888704.258  26.1%     -   80s
     0     0 888705.579    0  324 1202300.97 888705.579  26.1%     -   80s
     0     0 889934.423    0  354 1202300.97 889934.423  26.0%     -   82s
     0     0 889945.202    0  356 1202300.97 889945.202  26.0%     -   82s
H    0     0                    1202187.3713 889946.091  26.0%     -   83s
H    0     0                    1195807.6655 889946.091  25.6%     -   85s
H    0     0                    1191790.4768 889946.091  25.3%     -   90s
H    0     0                    1190864.2197 889946.091  25.3%     -   90s
H    0     0                    1190792.1749 889946.091  25.3%     -   92s
     0     0 890118.317    0  411 1190792.17 890118.317  25.2%     -   94s
     0     0 890124.837    0  431 1190792.17 890124.837  25.2%     -   94s
     0     0 891406.156    0  437 1190792.17 891406.156  25.1%     -   97s
     0     0 891717.349    0  458 1190792.17 891717.349  25.1%     -   99s
     0     0 891769.934    0  472 1190792.17 891769.934  25.1%     -   99s
     0     0 891771.563    0  477 1190792.17 891771.563  25.1%     -   99s
     0     0 893416.823    0  451 1190792.17 893416.823  25.0%     -  104s
     0     0 893543.432    0  503 1190792.17 893543.432  25.0%     -  105s
     0     0 893543.432    0  481 1190792.17 893543.432  25.0%     -  106s
     0     0 893543.432    0  523 1190792.17 893543.432  25.0%     -  106s
     0     0 894717.293    0  562 1190792.17 894717.293  24.9%     -  109s
     0     0 894826.401    0  510 1190792.17 894826.401  24.9%     -  110s
     0     0 894883.490    0  557 1190792.17 894883.490  24.8%     -  110s
     0     0 894888.900    0  519 1190792.17 894888.900  24.8%     -  110s
     0     0 896148.688    0  523 1190792.17 896148.688  24.7%     -  114s
     0     0 896333.607    0  491 1190792.17 896333.607  24.7%     -  115s
     0     0 896355.612    0  444 1190792.17 896355.612  24.7%     -  116s
H    0     0                    1190522.6196 896383.341  24.7%     -  116s
     0     0 896383.341    0  459 1190522.62 896383.341  24.7%     -  116s
     0     0 896383.675    0  470 1190522.62 896383.675  24.7%     -  116s
     0     0 897775.229    0  590 1190522.62 897775.229  24.6%     -  119s

Cutting planes:
  Learned: 3
  Gomory: 11
  Cover: 140
  Implied bound: 200
  Clique: 117
  MIR: 517
  Knapsack: 3
  StrongCG: 156
  Flow cover: 203
  GUB cover: 37
  Zero half: 5
  RLT: 373
  Relax-and-lift: 45
  BQP: 29

Explored 1 nodes (70366 simplex iterations) in 120.04 seconds (139.31 work units)
Thread count was 24 (of 24 available processors)

Solution count 10: 1.19052e+06 1.19079e+06 1.19086e+06 ... 1.20576e+06

Time limit reached
Best objective 1.190522619563e+06, best bound 8.977920074594e+05, gap 24.5884%
