
Gurobi 13.0.2 (linux64, Python) logging started Thu May 28 06:17:33 2026

Set parameter LogToConsole to value 0
Set parameter Username
Set parameter LicenseID to value 2748191
Set parameter TimeLimit to value 600
Set parameter LogFile to value "output/bz_nbr7008_043/period_4/gurobi.log"
Academic license - for non-commercial use only - expires 2026-12-01
Gurobi Optimizer version 13.0.2 build v13.0.2rc1 (linux64 - "Debian GNU/Linux 13 (trixie)")

CPU model: 13th Gen Intel(R) Core(TM) i7-13700HX, instruction set [SSE2|AVX|AVX2]
Thread count: 24 physical cores, 24 logical processors, using up to 24 threads

Non-default parameters:
TimeLimit  600
LogToConsole  0

Optimize a model with 200300 rows, 133990 columns and 701873 nonzeros (Min)
Model fingerprint: 0x5bceff58
Model has 54250 linear objective coefficients and an objective constant of 98821.477596
Variable types: 110420 continuous, 23570 integer (23570 binary)
Coefficient statistics:
  Matrix range     [3e-03, 1e+04]
  Objective range  [1e+01, 1e+05]
  Bounds range     [1e+00, 1e+00]
  RHS range        [1e-01, 3e+04]

Presolve removed 118689 rows and 82354 columns
Presolve time: 3.34s
Presolved: 81611 rows, 51636 columns, 814652 nonzeros
Variable types: 33781 continuous, 17855 integer (17806 binary)
Deterministic concurrent LP optimizer: primal simplex, dual simplex, and barrier
Showing barrier log only...

Root barrier log...

Ordering time: 0.41s

Barrier statistics:
 Dense cols : 27
 AA' NZ     : 7.106e+06
 Factor NZ  : 1.215e+07 (roughly 140 MB of memory)
 Factor Ops : 3.444e+09 (less than 1 second per iteration)
 Threads    : 21

                  Objective                Residual
Iter       Primal          Dual         Primal    Dual     Compl     Time
   0  -5.97674303e+09 -1.04089462e+10  2.38e+06 1.84e+02  2.45e+06     5s
   1  -3.70075254e+09 -9.25170554e+09  1.51e+06 2.64e+02  1.36e+06     5s
   2  -1.13640641e+09 -7.39982295e+09  4.50e+05 5.75e+01  4.30e+05     5s
   3  -3.14393546e+08 -3.38738910e+09  1.25e+05 1.36e+00  1.19e+05     5s
   4  -5.06328258e+07 -7.83757046e+08  2.28e+04 2.20e-10  2.05e+04     5s
   5   3.74518632e+05 -3.94136225e+08  3.58e+03 9.59e-11  4.89e+03     5s
   6   6.67078753e+06 -9.79314527e+07  1.21e+03 4.37e-11  1.19e+03     5s
   7   7.57154184e+06 -3.18691115e+07  8.13e+02 1.32e-11  4.94e+02     5s
   8   7.94031101e+06 -1.82236257e+07  2.69e+02 6.59e-12  2.45e+02     5s
   9   7.33473727e+06 -1.15964091e+07  1.64e+02 6.93e-12  1.65e+02     5s
  10   6.64642563e+06 -8.66906953e+06  9.16e+01 7.67e-12  1.25e+02     5s
  11   5.59502388e+06 -6.53838861e+06  5.61e+01 8.75e-12  9.53e+01     6s
  12   3.81537646e+06 -5.52327053e+06  2.49e+01 9.78e-12  7.01e+01     6s
  13   2.73708308e+06 -1.83706344e+06  1.55e+01 1.11e-11  3.49e+01     6s
  14   2.36052401e+06 -1.69603880e+06  1.27e+01 1.33e-11  3.08e+01     6s
  15   2.03267366e+06 -3.16554781e+05  1.03e+01 1.24e-11  1.85e+01     6s
  16   1.42218251e+06 -1.00620648e+05  5.71e+00 1.27e-11  1.19e+01     6s
  17   1.22032977e+06  1.75253978e+05  4.18e+00 1.25e-11  8.24e+00     6s
  18   9.25689590e+05  3.38011625e+05  1.76e+00 1.58e-11  4.52e+00     6s
  19   8.61875236e+05  4.08154556e+05  1.29e+00 1.51e-11  3.48e+00     6s
  20   8.26865085e+05  5.06516990e+05  1.02e+00 1.19e-11  2.48e+00     6s
  21   7.55140549e+05  6.07011465e+05  4.58e-01 1.76e-11  1.14e+00     6s
  22   7.12648604e+05  6.56671358e+05  8.94e-02 1.28e-11  4.11e-01     6s
  23   7.08236142e+05  6.59684843e+05  6.99e-02 1.35e-11  3.55e-01     6s
  24   7.06623785e+05  6.68571189e+05  6.25e-02 1.23e-11  2.79e-01     6s
  25   7.05930521e+05  6.73076800e+05  5.78e-02 1.32e-11  2.42e-01     6s
  26   6.99292526e+05  6.87232037e+05  2.27e-02 1.88e-11  8.88e-02     6s
  27   6.96474053e+05  6.90335613e+05  1.20e-02 1.81e-11  4.53e-02     6s
  28   6.96238325e+05  6.91032593e+05  1.12e-02 1.91e-11  3.86e-02     6s
  29   6.94177277e+05  6.91368186e+05  4.77e-03 1.44e-11  2.06e-02     7s
  30   6.93805478e+05  6.91754598e+05  3.71e-03 1.49e-11  1.51e-02     7s
  31   6.93390456e+05  6.91913916e+05  2.57e-03 1.04e-11  1.08e-02     7s
  32   6.93077747e+05  6.92086890e+05  1.72e-03 1.27e-11  7.27e-03     7s
  33   6.92837386e+05  6.92263234e+05  1.09e-03 1.39e-11  4.23e-03     7s
  34   6.92648350e+05  6.92315619e+05  6.01e-04 1.75e-11  2.45e-03     7s
  35   6.92634635e+05  6.92338013e+05  5.63e-04 1.74e-11  2.19e-03     7s
  36   6.92545895e+05  6.92370578e+05  3.42e-04 1.23e-11  1.29e-03     7s
  37   6.92467784e+05  6.92377167e+05  1.49e-04 1.34e-11  6.64e-04     7s
  38   6.92414514e+05  6.92398564e+05  2.24e-05 1.67e-11  1.16e-04     7s
  39   6.92404026e+05  6.92402758e+05  1.89e-06 1.63e-11  9.28e-06     7s
  40   6.92403271e+05  6.92402978e+05  4.43e-07 1.95e-11  2.14e-06     7s
  41   6.92403076e+05  6.92403007e+05  4.14e-06 1.39e-11  5.00e-07     7s
  42   6.92403015e+05  6.92403014e+05  5.11e-08 1.96e-11  6.40e-09     7s

Barrier solved model in 42 iterations and 7.34 seconds (13.59 work units)
Optimal objective 6.92403015e+05


Root crossover log...

   47820 DPushes remaining with DInf 3.5775215e-05                 7s
       0 DPushes remaining with DInf 0.0000000e+00                 8s

      40 PPushes remaining with PInf 4.6980366e-03                 8s
       0 PPushes remaining with PInf 0.0000000e+00                 8s

  Push phase complete: Pinf 0.0000000e+00, Dinf 2.7288088e-03      8s


Root simplex log...

Iteration    Objective       Primal Inf.    Dual Inf.      Time
   30081    6.9240301e+05   0.000000e+00   2.728808e-03      8s
   30083    6.9240301e+05   0.000000e+00   0.000000e+00      8s
Crossover time: 0.41 seconds (0.60 work units)
Concurrent spin time: 0.05s

Solved with barrier
   30083    6.9240301e+05   0.000000e+00   0.000000e+00      8s

Root relaxation: objective 6.924030e+05, 30083 iterations, 4.26 seconds (6.57 work units)

    Nodes    |    Current Node    |     Objective Bounds      |     Work
 Expl Unexpl |  Obj  Depth IntInf | Incumbent    BestBd   Gap | It/Node Time

     0     0 692403.014    0  203          - 692403.014      -     -    8s
     0     0 692416.922    0  195          - 692416.922      -     -    8s
     0     0 692418.553    0  200          - 692418.553      -     -    8s
H    0     0                    1681185.5894 692418.553  58.8%     -    9s
H    0     0                    1622051.3769 692418.553  57.3%     -    9s
H    0     0                    1421384.2224 692418.553  51.3%     -    9s
H    0     0                    1417583.1618 692418.553  51.2%     -   10s
H    0     0                    1415441.0758 692418.553  51.1%     -   10s
H    0     0                    1373879.6161 692418.553  49.6%     -   10s
H    0     0                    1270578.4035 692418.553  45.5%     -   10s
H    0     0                    1265745.1287 692418.553  45.3%     -   12s
H    0     0                    1179693.0895 692418.553  41.3%     -   12s
H    0     0                    1177875.4637 692418.553  41.2%     -   12s
     0     0 693093.600    0  185 1177875.46 693093.600  41.2%     -   15s
H    0     0                    1149990.3078 693094.188  39.7%     -   16s
H    0     0                    1145338.4304 693094.188  39.5%     -   16s
H    0     0                    1137900.6309 693094.188  39.1%     -   16s
H    0     0                    1133551.9256 693094.188  38.9%     -   16s
H    0     0                    1125736.2521 693094.188  38.4%     -   17s
H    0     0                    1119653.7203 693094.188  38.1%     -   17s
     0     0 693099.573    0  185 1119653.72 693099.573  38.1%     -   18s
     0     0 695836.557    0  193 1119653.72 695836.557  37.9%     -   20s
     0     0 696854.335    0  190 1119653.72 696854.335  37.8%     -   21s
     0     0 696854.730    0  191 1119653.72 696854.730  37.8%     -   21s
     0     0 697781.805    0  191 1119653.72 697781.805  37.7%     -   23s
H    0     0                    1119533.4123 697782.086  37.7%     -   23s
H    0     0                    1117715.7865 697782.086  37.6%     -   23s
H    0     0                    1117678.7071 697782.086  37.6%     -   24s
H    0     0                    1108076.0037 697782.086  37.0%     -   25s
H    0     0                    1107018.6873 697782.086  37.0%     -   25s
H    0     0                    1106992.8286 697782.086  37.0%     -   26s
     0     0 697836.090    0  195 1106992.83 697836.090  37.0%     -   26s
     0     0 702255.780    0  217 1106992.83 702255.780  36.6%     -   29s
     0     0 702317.887    0  253 1106992.83 702317.887  36.6%     -   30s
     0     0 702323.188    0  256 1106992.83 702323.188  36.6%     -   30s
     0     0 702329.941    0  280 1106992.83 702329.941  36.6%     -   30s
     0     0 702331.942    0  314 1106992.83 702331.942  36.6%     -   30s
     0     0 702332.769    0  298 1106992.83 702332.769  36.6%     -   30s
     0     0 708754.558    0  346 1106992.83 708754.558  36.0%     -   32s
     0     0 708888.243    0  353 1106992.83 708888.243  36.0%     -   33s
     0     0 709740.218    0  347 1106992.83 709740.218  35.9%     -   35s
     0     0 709741.685    0  354 1106992.83 709741.685  35.9%     -   35s
     0     0 709756.273    0  371 1106992.83 709756.273  35.9%     -   35s
     0     0 709756.304    0  371 1106992.83 709756.304  35.9%     -   36s
     0     0 713727.966    0  273 1106992.83 713727.966  35.5%     -   37s
     0     0 713772.448    0  237 1106992.83 713772.448  35.5%     -   38s
     0     0 713775.263    0  231 1106992.83 713775.263  35.5%     -   38s
     0     0 715881.931    0  296 1106992.83 715881.931  35.3%     -   40s
     0     0 715906.822    0  295 1106992.83 715906.822  35.3%     -   41s
     0     0 715913.004    0  289 1106992.83 715913.004  35.3%     -   41s
     0     0 715913.004    0  300 1106992.83 715913.004  35.3%     -   41s
     0     0 716384.431    0  339 1106992.83 716384.431  35.3%     -   43s
     0     0 716440.474    0  334 1106992.83 716440.474  35.3%     -   44s
H    0     0                    1098076.6184 716611.282  34.7%     -   45s
H    0     0                    1096255.4434 716611.282  34.6%     -   45s
     0     0 716611.282    0  310 1096255.44 716611.282  34.6%     -   45s
     0     0 716611.301    0  309 1096255.44 716611.301  34.6%     -   45s
     0     0 716671.496    0  316 1096255.44 716671.496  34.6%     -   45s
     0     0 716683.058    0  311 1096255.44 716683.058  34.6%     -   45s
     0     0 718300.379    0  327 1096255.44 718300.379  34.5%     -   47s
     0     0 718300.413    0  323 1096255.44 718300.413  34.5%     -   47s
H    0     0                    1078648.5697 718301.885  33.4%     -   48s
H    0     0                    1070193.2185 718301.885  32.9%     -   49s
H    0     0                    1069237.7887 718301.885  32.8%     -   49s
H    0     0                    1069062.6831 718301.885  32.8%     -   49s
H    0     0                    1061199.2152 718301.885  32.3%     -   50s
H    0     0                    1061049.3405 718301.885  32.3%     -   50s
H    0     0                    1061043.8121 718301.885  32.3%     -   50s
H    0     0                    1060903.5578 718301.885  32.3%     -   50s
     0     0 718363.832    0  340 1060903.56 718363.832  32.3%     -   51s
     0     0 718541.410    0  363 1060903.56 718541.410  32.3%     -   51s
     0     0 718541.410    0  357 1060903.56 718541.410  32.3%     -   51s
     0     0 718656.119    0  322 1060903.56 718656.119  32.3%     -   52s
     0     0 718657.666    0  362 1060903.56 718657.666  32.3%     -   52s
     0     0 720764.189    0  334 1060903.56 720764.189  32.1%     -   53s
     0     0 721176.000    0  367 1060903.56 721176.000  32.0%     -   54s
     0     0 721176.108    0  340 1060903.56 721176.108  32.0%     -   54s
     0     0 721240.598    0  355 1060903.56 721240.598  32.0%     -   55s
     0     0 721258.184    0  349 1060903.56 721258.184  32.0%     -   55s
     0     0 721260.740    0  350 1060903.56 721260.740  32.0%     -   55s
     0     0 722284.986    0  333 1060903.56 722284.986  31.9%     -   56s
     0     0 722298.167    0  332 1060903.56 722298.167  31.9%     -   56s
     0     0 722371.632    0  381 1060903.56 722371.632  31.9%     -   57s
     0     0 722393.807    0  379 1060903.56 722393.807  31.9%     -   58s
     0     0 722408.272    0  365 1060903.56 722408.272  31.9%     -   58s
     0     0 722410.302    0  349 1060903.56 722410.302  31.9%     -   58s
     0     0 723545.659    0  307 1060903.56 723545.659  31.8%     -   59s
H    0     0                    1060781.3146 723545.892  31.8%     -   60s
H    0     0                    1057758.2140 723545.892  31.6%     -   61s
H    0     0                    1057748.2268 723545.892  31.6%     -   61s
     0     0 723707.723    0  310 1057748.23 723707.723  31.6%     -   62s
     0     0 723817.999    0  285 1057748.23 723817.999  31.6%     -   63s
     0     0 723825.230    0  316 1057748.23 723825.230  31.6%     -   63s
     0     0 723826.633    0  317 1057748.23 723826.633  31.6%     -   63s
     0     0 724996.221    0  422 1057748.23 724996.221  31.5%     -   65s
H    0     0                    1048557.2579 725003.315  30.9%     -   65s
H    0     0                    1047551.7668 725003.315  30.8%     -   66s
     0     0 725118.275    0  434 1047551.77 725118.275  30.8%     -   66s
     0     0 725225.206    0  421 1047551.77 725225.206  30.8%     -   67s
     0     0 725240.062    0  430 1047551.77 725240.062  30.8%     -   67s
     0     0 725243.934    0  458 1047551.77 725243.934  30.8%     -   67s
     0     0 726688.270    0  314 1047551.77 726688.270  30.6%     -   69s
     0     0 726826.925    0  322 1047551.77 726826.925  30.6%     -   69s
     0     0 726847.709    0  311 1047551.77 726847.709  30.6%     -   69s
     0     0 726874.423    0  331 1047551.77 726874.423  30.6%     -   70s
     0     0 726891.982    0  313 1047551.77 726891.982  30.6%     -   70s
     0     0 726902.225    0  324 1047551.77 726902.225  30.6%     -   70s
     0     0 726902.587    0  328 1047551.77 726902.587  30.6%     -   70s
     0     0 727988.304    0  343 1047551.77 727988.304  30.5%     -   71s
H    0     0                    1047487.1659 727988.339  30.5%     -   72s
H    0     0                    1045608.5209 727988.339  30.4%     -   72s
H    0     0                    1045217.5568 727988.339  30.4%     -   72s
H    0     0                    1040816.0464 727988.339  30.1%     -   72s
     0     0 728220.199    0  274 1040816.05 728220.199  30.0%     -   72s
     0     0 728258.141    0  286 1040816.05 728258.141  30.0%     -   73s
     0     0 728264.575    0  288 1040816.05 728264.575  30.0%     -   73s
     0     0 729015.099    0  407 1040816.05 729015.099  30.0%     -   74s
     0     0 729227.918    0  391 1040816.05 729227.918  29.9%     -   75s
     0     0 729257.585    0  467 1040816.05 729257.585  29.9%     -   76s
     0     0 729291.300    0  423 1040816.05 729291.300  29.9%     -   76s
     0     0 729297.328    0  421 1040816.05 729297.328  29.9%     -   76s
     0     0 729935.565    0  363 1040816.05 729935.565  29.9%     -   78s
H    0     0                    1040796.1084 729935.592  29.9%     -   79s
     0     0 729986.999    0  390 1040796.11 729986.999  29.9%     -   79s
     0     0 729993.891    0  367 1040796.11 729993.891  29.9%     -   80s
     0     0 729997.315    0  379 1040796.11 729997.315  29.9%     -   80s
     0     0 730563.760    0  337 1040796.11 730563.760  29.8%     -   81s
     0     0 730650.236    0  361 1040796.11 730650.236  29.8%     -   82s
     0     0 730657.031    0  350 1040796.11 730657.031  29.8%     -   82s
     0     0 731744.724    0  430 1040796.11 731744.724  29.7%     -   83s
H    0     0                    1040086.3118 731744.904  29.6%     -   85s
H    0     0                    1038649.0852 731744.904  29.5%     -   89s
H    0     0                    1033940.8344 731744.904  29.2%     -   90s
H    0     0                    1033932.2953 731744.904  29.2%     -   90s
     0     0 731881.386    0  425 1033932.30 731881.386  29.2%     -   91s
     0     0 731901.068    0  472 1033932.30 731901.068  29.2%     -   91s
     0     0 731904.876    0  440 1033932.30 731904.876  29.2%     -   91s
     0     0 733115.415    0  374 1033932.30 733115.415  29.1%     -   92s
H    0     0                    1032305.2971 733115.415  29.0%     -   93s
H    0     0                    1024793.6349 733115.415  28.5%     -   93s
     0     0 733349.366    0  397 1024793.63 733349.366  28.4%     -   96s
     0     0 733406.890    0  411 1024793.63 733406.890  28.4%     -   96s
     0     0 733433.777    0  388 1024793.63 733433.777  28.4%     -   96s
     0     0 733436.008    0  381 1024793.63 733436.008  28.4%     -   96s
     0     0 734566.574    0  395 1024793.63 734566.574  28.3%     -   98s
     0     0 734719.731    0  402 1024793.63 734719.731  28.3%     -   98s
     0     0 734814.588    0  441 1024793.63 734814.588  28.3%     -   99s
     0     0 734815.600    0  469 1024793.63 734815.600  28.3%     -   99s
     0     0 735991.373    0  421 1024793.63 735991.373  28.2%     -  101s
     0     0 736001.795    0  415 1024793.63 736001.795  28.2%     -  101s
     0     0 736239.394    0  428 1024793.63 736239.394  28.2%     -  102s
     0     0 736241.967    0  427 1024793.63 736241.967  28.2%     -  102s
     0     0 736242.918    0  427 1024793.63 736242.918  28.2%     -  102s
     0     0 736362.905    0  433 1024793.63 736362.905  28.1%     -  102s
     0     0 736416.871    0  454 1024793.63 736416.871  28.1%     -  102s
     0     0 736426.038    0  454 1024793.63 736426.038  28.1%     -  102s
     0     0 736427.080    0  491 1024793.63 736427.080  28.1%     -  103s
     0     0 738196.905    0  382 1024793.63 738196.905  28.0%     -  104s
     0     0 738611.738    0  414 1024793.63 738611.738  27.9%     -  106s
     0     0 738903.279    0  416 1024793.63 738903.279  27.9%     -  106s
     0     0 739016.853    0  414 1024793.63 739016.853  27.9%     -  106s
     0     0 739058.729    0  453 1024793.63 739058.729  27.9%     -  107s
     0     0 739066.914    0  420 1024793.63 739066.914  27.9%     -  107s
     0     0 739675.822    0  482 1024793.63 739675.822  27.8%     -  108s
     0     0 739796.232    0  396 1024793.63 739796.232  27.8%     -  109s
     0     0 739817.161    0  392 1024793.63 739817.161  27.8%     -  109s
     0     0 739824.876    0  399 1024793.63 739824.876  27.8%     -  109s
     0     0 741904.739    0  453 1024793.63 741904.739  27.6%     -  111s
H    0     0                    1024156.3884 741971.596  27.6%     -  111s
H    0     0                    1023570.9097 741971.596  27.5%     -  111s
H    0     0                    1023531.1996 741971.596  27.5%     -  111s
H    0     0                    1015634.1846 741971.596  26.9%     -  111s
H    0     0                    1008922.4737 741971.596  26.5%     -  111s
H    0     0                    1008882.7637 741971.596  26.5%     -  112s
H    0     0                    1003679.0067 741971.596  26.1%     -  112s
H    0     0                    1001686.6981 741971.596  25.9%     -  112s
H    0     0                    1000900.5699 741971.596  25.9%     -  112s
H    0     0                    1000326.5086 741971.596  25.8%     -  112s
     0     0 742534.174    0  416 1000326.51 742534.174  25.8%     -  113s
     0     0 742634.332    0  428 1000326.51 742634.332  25.8%     -  113s
     0     0 742638.613    0  418 1000326.51 742638.613  25.8%     -  114s
     0     0 744783.622    0  432 1000326.51 744783.622  25.5%     -  116s
     0     0 745361.689    0  479 1000326.51 745361.689  25.5%     -  117s
     0     0 745409.243    0  475 1000326.51 745409.243  25.5%     -  118s
     0     0 745435.336    0  452 1000326.51 745435.336  25.5%     -  118s
     0     0 745460.435    0  451 1000326.51 745460.435  25.5%     -  118s
     0     0 745469.304    0  459 1000326.51 745469.304  25.5%     -  119s
     0     0 746880.857    0  444 1000326.51 746880.857  25.3%     -  121s
H    0     0                    999234.91180 746936.504  25.2%     -  121s
H    0     0                    998465.82751 746936.504  25.2%     -  122s
H    0     0                    997566.53019 746936.504  25.1%     -  122s
     0     0 747141.029    0  376 997566.530 747141.029  25.1%     -  122s
     0     0 747257.471    0  459 997566.530 747257.471  25.1%     -  123s
     0     0 747288.408    0  404 997566.530 747288.408  25.1%     -  123s
     0     0 747294.999    0  419 997566.530 747294.999  25.1%     -  124s
     0     0 748308.417    0  414 997566.530 748308.417  25.0%     -  126s
     0     0 748850.412    0  447 997566.530 748850.412  24.9%     -  127s
     0     0 749017.909    0  396 997566.530 749017.909  24.9%     -  127s
     0     0 749077.054    0  478 997566.530 749077.054  24.9%     -  128s
     0     0 749116.619    0  429 997566.530 749116.619  24.9%     -  128s
     0     0 749124.549    0  447 997566.530 749124.549  24.9%     -  129s
     0     0 750675.409    0  357 997566.530 750675.409  24.7%     -  130s
     0     0 750676.118    0  356 997566.530 750676.118  24.7%     -  130s
     0     0 750796.870    0  376 997566.530 750796.870  24.7%     -  135s
     0     0 750813.560    0  412 997566.530 750813.560  24.7%     -  136s
     0     0 750814.429    0  410 997566.530 750814.429  24.7%     -  136s
     0     0 751080.090    0  358 997566.530 751080.090  24.7%     -  137s
     0     0 751438.862    0  368 997566.530 751438.862  24.7%     -  138s
     0     0 751651.425    0  389 997566.530 751651.425  24.7%     -  139s
     0     0 751701.953    0  376 997566.530 751701.953  24.6%     -  139s
     0     0 751719.779    0  409 997566.530 751719.779  24.6%     -  140s
     0     0 751737.777    0  406 997566.530 751737.777  24.6%     -  140s
     0     0 751738.469    0  381 997566.530 751738.469  24.6%     -  140s
     0     0 752560.010    0  437 997566.530 752560.010  24.6%     -  142s
     0     0 752774.251    0  392 997566.530 752774.251  24.5%     -  142s
     0     0 752819.614    0  428 997566.530 752819.614  24.5%     -  143s
     0     0 752826.816    0  459 997566.530 752826.816  24.5%     -  143s
     0     0 753380.369    0  413 997566.530 753380.369  24.5%     -  144s
H    0     0                    996964.16672 753389.938  24.4%     -  147s
     0     0 753418.668    0  413 996964.167 753418.668  24.4%     -  148s
     0     0 753439.450    0  395 996964.167 753439.450  24.4%     -  148s
     0     0 753523.872    0  388 996964.167 753523.872  24.4%     -  148s
     0     0 753525.980    0  418 996964.167 753525.980  24.4%     -  149s
     0     0 754029.202    0  449 996964.167 754029.202  24.4%     -  151s
     0     0 754213.884    0  413 996964.167 754213.884  24.3%     -  153s
     0     0 754276.550    0  447 996964.167 754276.550  24.3%     -  154s
     0     0 754308.485    0  434 996964.167 754308.485  24.3%     -  154s
     0     0 754326.669    0  466 996964.167 754326.669  24.3%     -  155s
     0     0 754332.303    0  429 996964.167 754332.303  24.3%     -  155s
     0     0 754756.054    0  414 996964.167 754756.054  24.3%     -  156s
     0     0 754824.904    0  380 996964.167 754824.904  24.3%     -  157s
     0     0 754853.011    0  394 996964.167 754853.011  24.3%     -  157s
     0     0 754944.403    0  445 996964.167 754944.403  24.3%     -  158s
     0     0 754945.694    0  421 996964.167 754945.694  24.3%     -  158s
     0     0 755678.515    0  377 996964.167 755678.515  24.2%     -  160s
H    0     0                    996783.31336 755679.815  24.2%     -  160s
H    0     0                    996297.26868 755679.815  24.2%     -  160s
H    0     0                    996265.55421 755679.815  24.1%     -  160s
     0     0 756087.752    0  361 996265.554 756087.752  24.1%     -  161s
     0     0 756193.136    0  382 996265.554 756193.136  24.1%     -  162s
     0     0 756304.209    0  397 996265.554 756304.209  24.1%     -  163s
     0     0 756328.196    0  372 996265.554 756328.196  24.1%     -  163s
     0     0 756330.794    0  369 996265.554 756330.794  24.1%     -  163s
     0     0 756862.960    0  415 996265.554 756862.960  24.0%     -  164s
     0     0 757002.273    0  386 996265.554 757002.273  24.0%     -  165s
     0     0 757091.302    0  425 996265.554 757091.302  24.0%     -  166s
     0     0 757145.643    0  402 996265.554 757145.643  24.0%     -  166s
     0     0 757158.964    0  391 996265.554 757158.964  24.0%     -  167s
     0     0 757162.194    0  445 996265.554 757162.194  24.0%     -  167s
     0     0 757502.929    0  439 996265.554 757502.929  24.0%     -  168s
     0     0 757609.244    0  393 996265.554 757609.244  24.0%     -  170s
     0     0 757631.924    0  417 996265.554 757631.924  24.0%     -  171s
     0     0 757671.421    0  370 996265.554 757671.421  23.9%     -  171s
     0     0 757683.534    0  365 996265.554 757683.534  23.9%     -  172s
     0     0 757912.181    0  383 996265.554 757912.181  23.9%     -  173s
     0     0 758020.161    0  412 996265.554 758020.161  23.9%     -  174s
     0     0 758050.420    0  406 996265.554 758050.420  23.9%     -  175s
     0     0 758064.903    0  508 996265.554 758064.903  23.9%     -  175s
     0     0 758068.524    0  535 996265.554 758068.524  23.9%     -  175s
     0     0 758435.921    0  322 996265.554 758435.921  23.9%     -  177s
     0     0 758696.679    0  345 996265.554 758696.679  23.8%     -  182s
     0     0 758759.509    0  297 996265.554 758759.509  23.8%     -  182s
     0     0 758762.415    0  311 996265.554 758762.415  23.8%     -  182s
     0     0 758895.887    0  300 996265.554 758895.887  23.8%     -  183s
     0     0 758915.526    0  316 996265.554 758915.526  23.8%     -  184s
     0     0 758916.619    0  344 996265.554 758916.619  23.8%     -  184s
     0     0 759054.786    0  364 996265.554 759054.786  23.8%     -  186s
     0     0 759178.988    0  341 996265.554 759178.988  23.8%     -  187s
     0     0 759292.491    0  342 996265.554 759292.491  23.8%     -  188s
     0     0 759371.673    0  371 996265.554 759371.673  23.8%     -  188s
     0     0 759388.594    0  445 996265.554 759388.594  23.8%     -  189s
     0     0 759392.034    0  438 996265.554 759392.034  23.8%     -  189s
     0     0 759670.302    0  378 996265.554 759670.302  23.7%     -  190s
     0     0 759805.759    0  388 996265.554 759805.759  23.7%     -  194s
     0     0 759834.274    0  419 996265.554 759834.274  23.7%     -  195s
     0     0 759836.668    0  429 996265.554 759836.668  23.7%     -  195s
     0     0 760129.888    0  313 996265.554 760129.888  23.7%     -  196s
     0     0 760279.818    0  331 996265.554 760279.818  23.7%     -  197s
     0     0 760328.174    0  352 996265.554 760328.174  23.7%     -  197s
     0     0 760336.221    0  362 996265.554 760336.221  23.7%     -  198s
     0     0 760598.442    0  337 996265.554 760598.442  23.7%     -  199s
     0     0 760666.416    0  327 996265.554 760666.416  23.6%     -  199s
     0     0 760686.348    0  334 996265.554 760686.348  23.6%     -  200s
     0     0 760715.866    0  391 996265.554 760715.866  23.6%     -  200s
     0     0 760720.780    0  367 996265.554 760720.780  23.6%     -  200s
     0     0 761072.990    0  327 996265.554 761072.990  23.6%     -  202s
     0     0 761249.196    0  309 996265.554 761249.196  23.6%     -  203s
     0     0 761369.923    0  296 996265.554 761369.923  23.6%     -  204s
     0     0 761372.055    0  339 996265.554 761372.055  23.6%     -  204s
     0     0 761485.887    0  321 996265.554 761485.887  23.6%     -  206s
     0     0 761515.718    0  341 996265.554 761515.718  23.6%     -  206s
     0     0 761519.964    0  298 996265.554 761519.964  23.6%     -  207s
     0     0 761568.506    0  324 996265.554 761568.506  23.6%     -  208s
     0     0 761568.694    0  324 996265.554 761568.694  23.6%     -  208s
     0     0 761568.694    0  324 996265.554 761568.694  23.6%     -  208s
     0     0 761568.694    0  322 996265.554 761568.694  23.6%     -  208s
     0     2 761569.503    0  319 996265.554 761569.503  23.6%     -  221s
     3     8 761570.442    2  290 996265.554 761570.442  23.6%   410  225s
    15    32 761629.050    4  369 996265.554 761614.037  23.6%  1105  234s
H   16    32                    996232.63558 761614.037  23.6%  1036  234s
    31    56 761650.224    5  320 996232.636 761630.596  23.5%  1437  242s
    55   132 761666.454    6  324 996232.636 761666.454  23.5%  1233  249s
   131   188 761680.196   10  369 996232.636 761666.546  23.5%   684  254s
   187   212 762379.872   13  310 996232.636 761666.546  23.5%   547  257s
H  205   212                    992974.54793 761666.546  23.3%   516  257s
   211   302 761725.251   13  393 992974.548 761666.546  23.3%   507  264s
H  301   326                    992965.69487 761666.546  23.3%   419  270s
H  302   326                    991992.96241 761666.546  23.2%   418  270s
H  307   326                    991856.90112 761666.546  23.2%   428  270s
   325   392 761866.911   19  430 991856.901 761666.546  23.2%   418  276s
   391   416 761899.515   23  437 991856.901 761666.546  23.2%   397  281s
H  393   416                    986942.83678 761666.546  22.8%   395  281s
   415   455 761899.904   24  448 986942.837 761666.546  22.8%   401  287s
H  420   455                    986225.58936 761666.546  22.8%   398  287s
   454   479 761915.622   26  449 986225.589 761666.546  22.8%   412  293s
H  455   479                    984526.80437 761666.546  22.6%   411  293s
   478   545 761920.495   27  476 984526.804 761666.546  22.6%   416  299s
   544   569 761951.980   31  476 984526.804 761666.546  22.6%   403  302s
H  546   569                    984103.17509 761666.546  22.6%   402  302s
H  551   569                    983319.76361 761666.546  22.5%   400  302s
H  566   569                    982388.17442 761666.546  22.5%   396  302s
   568   650 761956.952   32  469 982388.174 761666.546  22.5%   395  308s
   651   674 766681.148   36  413 982388.174 761666.546  22.5%   378  310s
H  665   674                    982227.67253 761666.546  22.5%   372  310s
H  671   674                    982167.36214 761666.546  22.5%   369  310s
H  674   674                    981855.12114 761666.546  22.4%   369  310s
H  681   697                    981644.40741 761666.546  22.4%   370  314s
H  692   697                    979304.39596 761666.546  22.2%   368  314s
   700   775 773198.498   37  321 979304.396 761666.546  22.2%   369  320s
H  778   837                    979254.07309 761666.546  22.2%   352  325s
   842   913 767445.281   40  386 979254.073 761666.546  22.2%   345  336s
H  918   976                    979103.66976 761666.546  22.2%   339  341s
   982  1089 769301.184   43  264 979103.670 761666.546  22.2%   331  348s
  1099  1168 769449.749   45  305 979103.670 761666.546  22.2%   316  354s
  1182  1192 769566.542   47  376 979103.670 761666.546  22.2%   313  359s
H 1189  1192                    979043.35936 761666.546  22.2%   313  359s
  1206  1216 769719.051   48  325 979043.359 761666.546  22.2%   311  366s
H 1210  1216                    979029.33111 761666.546  22.2%   311  366s
H 1214  1216                    976198.18186 761666.546  22.0%   310  366s
  1230  1320 769720.449   49  319 976198.182 761666.546  22.0%   314  373s
  1334  1440 772121.571   52  367 976198.182 761666.546  22.0%   308  381s
  1454  1552 772679.729   53  323 976198.182 761666.546  22.0%   306  389s
  1566  1658 775867.937   54  260 976198.182 761666.546  22.0%   304  398s
  1672  1682 776289.017   55  264 976198.182 761666.546  22.0%   307  403s
H 1681  1682                    976108.01569 761666.546  22.0%   309  403s
H 1694  1682                    974759.56115 761666.546  21.9%   309  403s
  1696  1793 777226.988   56  287 974759.561 761666.546  21.9%   309  411s
  1809  1913 777294.813   64  344 974759.561 761666.546  21.9%   308  422s
  1933  2027 780739.886   67  316 974759.561 761666.546  21.9%   316  431s
  2051  2051 780961.460   74  218 974759.561 761671.889  21.9%   314  438s
H 2053  2051                    974745.53290 761671.889  21.9%   314  438s
H 2072  2051                    974649.19163 761671.889  21.9%   313  438s
  2075  2161 780971.257   75  230 974649.192 761671.889  21.9%   313  445s
H 2109  2161                    974635.16338 761671.889  21.9%   312  445s
H 2158  2161                    974481.12310 761671.889  21.8%   309  445s
  2185  2320 781008.934   80  220 974481.123 761671.889  21.8%   306  453s
  2344  2524 783963.884   85  242 974481.123 761671.889  21.8%   300  462s
  2557  2679 784355.894   92  319 974481.123 761671.889  21.8%   290  469s
H 2571  2679                    974451.48389 761671.889  21.8%   289  469s
  2718  2873 786492.635   97  244 974451.484 761680.196  21.8%   282  479s
  2912  3030 797317.546   98  229 974451.484 761680.196  21.8%   278  488s
H 2926  3030                    974441.26242 761680.196  21.8%   277  488s
H 2938  3030                    974235.94425 761680.196  21.8%   277  488s
  3069  3214 790661.585  103  230 974235.944 761680.196  21.8%   272  498s
  3253  3454 798497.212  111  140 974235.944 761680.196  21.8%   271  510s
  3497  3654 798497.415  112  118 974235.944 761680.196  21.8%   266  522s
  3697  3864 859659.930  113  114 974235.944 761680.196  21.8%   265  532s
  3907  4116 831018.373  126  211 974235.944 761680.196  21.8%   261  545s
  4159  4343 831410.766  141  235 974235.944 761680.196  21.8%   259  559s
H 4386  4367                    974221.91599 761680.196  21.8%   259  568s
  4410  4609 832550.194  168  139 974221.916 761680.196  21.8%   258  583s
  4656  4705 839086.843  190  187 974221.916 761680.196  21.8%   260  596s
H 4687  4705                    974197.91498 761680.196  21.8%   261  596s
H 4698  4705                    973739.88585 761680.196  21.8%   260  596s
  4752  4786 849829.081  193  190 973739.886 761680.196  21.8%   261  600s

Cutting planes:
  Learned: 4
  Gomory: 3
  Cover: 154
  Implied bound: 505
  Clique: 86
  MIR: 703
  Knapsack: 3
  StrongCG: 260
  Flow cover: 261
  GUB cover: 47
  Zero half: 5
  RLT: 365
  Relax-and-lift: 65
  BQP: 16

Explored 4835 nodes (1370547 simplex iterations) in 600.05 seconds (845.92 work units)
Thread count was 24 (of 24 available processors)

Solution count 10: 973740 974198 974222 ... 974746

Time limit reached
Best objective 9.737398858538e+05, best bound 7.616801956856e+05, gap 21.7779%
