
Gurobi 13.0.2 (linux64, Python) logging started Fri May  8 00:26:14 2026

Set parameter LogToConsole to value 0
Set parameter Username
Set parameter LicenseID to value 2748191
Set parameter TimeLimit to value 600
Set parameter LogFile to value "output/bf_sae1006_050/period_1/gurobi.log"
Academic license - for non-commercial use only - expires 2026-12-01
Gurobi Optimizer version 13.0.2 build v13.0.2rc1 (linux64 - "Debian GNU/Linux 13 (trixie)")

CPU model: 13th Gen Intel(R) Core(TM) i7-13700HX, instruction set [SSE2|AVX|AVX2]
Thread count: 24 physical cores, 24 logical processors, using up to 24 threads

Non-default parameters:
TimeLimit  600
LogToConsole  0

Optimize a model with 2366 rows, 1728 columns and 5772 nonzeros (Min)
Model fingerprint: 0xc8c3fac0
Model has 690 linear objective coefficients
Variable types: 1368 continuous, 360 integer (360 binary)
Coefficient statistics:
  Matrix range     [1e-02, 1e+04]
  Objective range  [5e+00, 1e+05]
  Bounds range     [1e+00, 1e+00]
  RHS range        [1e-01, 2e+04]

Presolve removed 1668 rows and 1212 columns
Presolve time: 0.02s
Presolved: 698 rows, 516 columns, 2256 nonzeros
Variable types: 342 continuous, 174 integer (174 binary)
Found heuristic solution: objective 156689.78136
Found heuristic solution: objective 146601.74890

Root relaxation: objective 1.240427e+03, 246 iterations, 0.00 seconds (0.00 work units)

    Nodes    |    Current Node    |     Objective Bounds      |     Work
 Expl Unexpl |  Obj  Depth IntInf | Incumbent    BestBd   Gap | It/Node Time

     0     0 1240.42658    0   14 146601.749 1240.42658  99.2%     -    0s
H    0     0                    59446.910305 1240.42658  97.9%     -    0s
     0     0 1246.70536    0   28 59446.9103 1246.70536  97.9%     -    0s
H    0     0                    56692.538965 1249.15454  97.8%     -    0s
H    0     0                    53970.458248 1249.15454  97.7%     -    0s
H    0     0                    52059.777854 1266.73108  97.6%     -    0s
H    0     0                    41098.887063 1266.73108  96.9%     -    0s
     0     0 1266.73108    0   30 41098.8871 1266.73108  96.9%     -    0s
     0     0 1802.24896    0   27 41098.8871 1802.24896  95.6%     -    0s
     0     0 1805.43929    0   27 41098.8871 1805.43929  95.6%     -    0s
     0     0 1904.42976    0   35 41098.8871 1904.42976  95.4%     -    0s
     0     0 2328.57868    0   26 41098.8871 2328.57868  94.3%     -    0s
     0     0 2790.90737    0   30 41098.8871 2790.90737  93.2%     -    0s
     0     0 2824.23905    0   38 41098.8871 2824.23905  93.1%     -    0s
     0     0 2826.59561    0   36 41098.8871 2826.59561  93.1%     -    0s
     0     0 2832.00603    0   26 41098.8871 2832.00603  93.1%     -    0s
     0     0 2832.59817    0   35 41098.8871 2832.59817  93.1%     -    0s
     0     0 2936.53357    0   26 41098.8871 2936.53357  92.9%     -    0s
H    0     0                    39736.465890 2937.15105  92.6%     -    0s
     0     0 2937.15105    0   27 39736.4659 2937.15105  92.6%     -    0s
     0     0 3512.62404    0   46 39736.4659 3512.62404  91.2%     -    0s
     0     0 3512.62404    0   52 39736.4659 3512.62404  91.2%     -    0s
     0     0 3512.62404    0   52 39736.4659 3512.62404  91.2%     -    0s
     0     0 3602.85555    0   33 39736.4659 3602.85555  90.9%     -    0s
     0     0 3627.46566    0   33 39736.4659 3627.46566  90.9%     -    0s
     0     0 3627.46566    0   29 39736.4659 3627.46566  90.9%     -    0s
     0     2 3627.46566    0   29 39736.4659 3627.46566  90.9%     -    0s
*  242    54              13    38895.820256 12862.8411  66.9%  24.8    0s
*  264    54              16    38210.122821 24031.8313  37.1%  24.1    0s

Cutting planes:
  Learned: 5
  Gomory: 1
  Cover: 26
  Implied bound: 32
  Clique: 1
  MIR: 38
  StrongCG: 2
  Flow cover: 21
  GUB cover: 5
  Inf proof: 1
  Mod-K: 2
  RLT: 13
  Relax-and-lift: 7

Explored 346 nodes (7884 simplex iterations) in 0.19 seconds (0.17 work units)
Thread count was 24 (of 24 available processors)

Solution count 10: 38210.1 38895.8 39736.5 ... 156690

Optimal solution found (tolerance 1.00e-04)
Best objective 3.821012282120e+04, best bound 3.821012282120e+04, gap 0.0000%
