
Gurobi 13.0.2 (linux64, Python) logging started Sat Aug 22 15:25:55 2026

Set parameter LogToConsole to value 0
Set parameter Username
Set parameter LicenseID to value 2748191
Set parameter TimeLimit to value 120
Set parameter LogFile to value "output/bz_nbr7008_043/weighted_loss/retail_y_4__retail_v_2__retail_v_2__rolled_leftover_2/period_4/gurobi.log"
Academic license - for non-commercial use only - expires 2026-12-01
Gurobi Optimizer version 13.0.2 build v13.0.2rc1 (linux64 - "Debian GNU/Linux 13 (trixie)")

CPU model: 13th Gen Intel(R) Core(TM) i7-13700HX, instruction set [SSE2|AVX|AVX2]
Thread count: 24 physical cores, 24 logical processors, using up to 24 threads

Non-default parameters:
TimeLimit  120
LogToConsole  0

Optimize a model with 206216 rows, 138035 columns and 722248 nonzeros (Min)
Model fingerprint: 0x1fb34f27
Model has 54580 linear objective coefficients and an objective constant of 264106.1387496
Variable types: 113752 continuous, 24283 integer (24283 binary)
Coefficient statistics:
  Matrix range     [3e-03, 1e+04]
  Objective range  [1e+01, 1e+05]
  Bounds range     [1e+00, 1e+00]
  RHS range        [1e-01, 3e+04]

Presolve removed 124040 rows and 86002 columns
Presolve time: 4.94s
Presolved: 82176 rows, 52033 columns, 827474 nonzeros
Variable types: 33974 continuous, 18059 integer (18009 binary)
Deterministic concurrent LP optimizer: primal simplex, dual simplex, and barrier
Showing barrier log only...

Root barrier log...

Ordering time: 0.45s

Barrier statistics:
 Dense cols : 37
 AA' NZ     : 7.204e+06
 Factor NZ  : 1.223e+07 (roughly 140 MB of memory)
 Factor Ops : 3.454e+09 (less than 1 second per iteration)
 Threads    : 21

                  Objective                Residual
Iter       Primal          Dual         Primal    Dual     Compl     Time
   0  -6.04362859e+09 -1.13163218e+10  2.41e+06 2.70e+02  2.67e+06     7s
   1  -3.83469572e+09 -1.00592414e+10  1.56e+06 2.87e+02  1.51e+06     7s
   2  -1.32135583e+09 -8.08937602e+09  5.25e+05 6.36e+01  5.28e+05     7s
   3  -3.64771538e+08 -3.84280256e+09  1.46e+05 3.45e+00  1.45e+05     7s
   4  -4.29038833e+07 -9.65480297e+08  1.97e+04 2.39e-10  2.06e+04     7s
   5  -7.47067748e+06 -4.58156226e+08  6.46e+03 2.00e-10  7.20e+03     7s
   6   7.39724672e+05 -2.89539807e+08  3.43e+03 1.25e-10  3.88e+03     7s
   7   6.90682896e+06 -8.17851479e+07  1.14e+03 3.05e-11  1.05e+03     7s
   8   8.20194641e+06 -4.02835689e+07  5.92e+02 1.77e-11  5.19e+02     7s
   9   8.32079745e+06 -2.45197009e+07  2.93e+02 1.27e-11  3.05e+02     7s
  10   7.72996520e+06 -1.32899159e+07  1.60e+02 9.89e-12  1.81e+02     7s
  11   6.83627856e+06 -9.31771357e+06  9.74e+01 1.18e-11  1.32e+02     7s
  12   3.78238367e+06 -5.14628939e+06  3.81e+01 9.89e-12  6.91e+01     7s
  13   2.48985294e+06 -1.92266004e+06  2.08e+01 1.25e-11  3.44e+01     7s
  14   1.94251136e+06 -1.44602778e+06  1.43e+01 1.47e-11  2.62e+01     7s
  15   1.51823612e+06 -9.13149661e+05  9.02e+00 1.36e-11  1.86e+01     8s
  16   1.35578904e+06 -3.02484409e+04  6.79e+00 1.34e-11  1.10e+01     8s
  17   1.10506134e+06  2.18844236e+04  3.72e+00 1.14e-11  8.29e+00     8s
  18   1.09643739e+06  1.28538853e+05  3.63e+00 1.43e-11  7.48e+00     8s
  19   9.78109808e+05  2.77423452e+05  2.26e+00 1.05e-11  5.35e+00     8s
  20   9.01914448e+05  3.93178056e+05  1.49e+00 1.18e-11  3.86e+00     8s
  21   8.80922028e+05  5.62246324e+05  1.28e+00 2.09e-11  2.50e+00     8s
  22   7.99983040e+05  6.61039611e+05  4.74e-01 1.19e-11  1.07e+00     8s
  23   7.80290504e+05  7.08961908e+05  2.81e-01 1.53e-11  5.55e-01     8s
  24   7.67438085e+05  7.12149516e+05  1.77e-01 1.56e-11  4.22e-01     8s
  25   7.60164039e+05  7.28551879e+05  1.21e-01 1.37e-11  2.45e-01     8s
  26   7.58023838e+05  7.30814981e+05  1.03e-01 1.55e-11  2.10e-01     8s
  27   7.57860153e+05  7.34025713e+05  1.02e-01 1.37e-11  1.86e-01     8s
  28   7.49238230e+05  7.41544438e+05  2.89e-02 1.49e-11  5.91e-02     8s
  29   7.46248787e+05  7.43282499e+05  9.76e-03 1.63e-11  2.25e-02     8s
  30   7.45552777e+05  7.43667700e+05  6.33e-03 1.59e-11  1.44e-02     8s
  31   7.45188729e+05  7.43802805e+05  4.60e-03 1.36e-11  1.05e-02     8s
  32   7.45040073e+05  7.43934688e+05  3.89e-03 1.09e-11  8.45e-03     9s
  33   7.44945948e+05  7.44079130e+05  3.45e-03 1.45e-11  6.70e-03     9s
  34   7.44647070e+05  7.44114231e+05  2.12e-03 1.34e-11  4.12e-03     9s
  35   7.44634845e+05  7.44122266e+05  2.07e-03 1.68e-11  3.97e-03     9s
  36   7.44380083e+05  7.44143776e+05  9.15e-04 1.84e-11  1.82e-03     9s
  37   7.44229793e+05  7.44156151e+05  2.65e-04 1.33e-11  5.64e-04     9s
  38   7.44182975e+05  7.44160872e+05  7.66e-05 1.55e-11  1.69e-04     9s
  39   7.44169061e+05  7.44161854e+05  2.17e-05 1.67e-11  5.45e-05     9s
  40   7.44162947e+05  7.44162758e+05  1.43e-07 1.20e-11  1.35e-06     9s
  41   7.44162914e+05  7.44162857e+05  7.22e-08 1.70e-11  4.14e-07     9s
  42   7.44162896e+05  7.44162875e+05  4.02e-08 1.62e-11  1.53e-07     9s
  43   7.44162884e+05  7.44162879e+05  3.78e-07 1.50e-11  4.23e-08     9s
  44   7.44162880e+05  7.44162879e+05  3.03e-07 1.64e-11  1.23e-09     9s

Barrier solved model in 44 iterations and 9.34 seconds (14.15 work units)
Optimal objective 7.44162880e+05


Root crossover log...

   48711 DPushes remaining with DInf 4.3979268e-03                 9s
       0 DPushes remaining with DInf 2.1549533e-01                10s

      51 PPushes remaining with PInf 9.7686822e-03                10s
       0 PPushes remaining with PInf 0.0000000e+00                10s

  Push phase complete: Pinf 0.0000000e+00, Dinf 1.2848428e+02     10s


Root simplex log...

Iteration    Objective       Primal Inf.    Dual Inf.      Time
   29228    7.4416288e+05   0.000000e+00   1.284843e+02     10s
   29311    7.4416288e+05   0.000000e+00   0.000000e+00     10s
Crossover time: 0.36 seconds (0.48 work units)
Concurrent spin time: 0.30s

Solved with barrier
   29311    7.4416288e+05   0.000000e+00   0.000000e+00     10s

Root relaxation: objective 7.441629e+05, 29311 iterations, 4.75 seconds (6.84 work units)

    Nodes    |    Current Node    |     Objective Bounds      |     Work
 Expl Unexpl |  Obj  Depth IntInf | Incumbent    BestBd   Gap | It/Node Time

     0     0 744162.880    0  162          - 744162.880      -     -   10s
     0     0 744163.912    0  179          - 744163.912      -     -   10s
     0     0 744163.919    0  178          - 744163.919      -     -   10s
H    0     0                    2106808.0016 744163.919  64.7%     -   11s
H    0     0                    2106666.3845 744163.919  64.7%     -   11s
H    0     0                    2068780.7505 744163.919  64.0%     -   11s
H    0     0                    2066157.3337 744163.919  64.0%     -   11s
H    0     0                    2058739.7408 744163.919  63.9%     -   11s
H    0     0                    2057714.4792 744163.919  63.8%     -   11s
H    0     0                    2053453.0750 744163.919  63.8%     -   11s
H    0     0                    2049856.3160 744163.919  63.7%     -   11s
H    0     0                    2042030.1433 744163.919  63.6%     -   11s
H    0     0                    1997148.7705 744163.919  62.7%     -   11s
H    0     0                    1987416.3912 744163.919  62.6%     -   11s
H    0     0                    1982349.2049 744163.919  62.5%     -   11s
H    0     0                    1981138.5162 744163.919  62.4%     -   11s
H    0     0                    1976071.3300 744163.919  62.3%     -   11s
H    0     0                    1972761.7133 744163.919  62.3%     -   12s
H    0     0                    1972347.4286 744163.919  62.3%     -   12s
H    0     0                    1971842.2398 744163.919  62.3%     -   12s
H    0     0                    1955489.6431 744163.919  61.9%     -   12s
H    0     0                    1780239.9981 744163.919  58.2%     -   12s
H    0     0                    1478278.9703 744163.919  49.7%     -   13s
H    0     0                    1478068.1838 744163.919  49.7%     -   13s
H    0     0                    1319164.1265 744163.919  43.6%     -   13s
H    0     0                    1318341.5294 744163.919  43.6%     -   13s
H    0     0                    1250177.4564 744163.919  40.5%     -   13s
H    0     0                    1250037.7588 744163.919  40.5%     -   13s
H    0     0                    1248638.5214 744163.919  40.4%     -   14s
H    0     0                    1230071.2851 744163.919  39.5%     -   16s
H    0     0                    1227348.9497 744163.919  39.4%     -   17s
     0     0 745101.288    0  182 1227348.95 745101.288  39.3%     -   22s
H    0     0                    1226397.9517 745103.948  39.2%     -   23s
H    0     0                    1225375.4352 745103.948  39.2%     -   23s
H    0     0                    1217339.8251 745103.948  38.8%     -   23s
H    0     0                    1216929.4415 745103.948  38.8%     -   23s
H    0     0                    1214390.9963 745103.948  38.6%     -   23s
H    0     0                    1211172.2919 745103.948  38.5%     -   23s
     0     0 745111.283    0  175 1211172.29 745111.283  38.5%     -   23s
     0     0 750334.017    0  242 1211172.29 750334.017  38.0%     -   26s
     0     0 750350.863    0  231 1211172.29 750350.863  38.0%     -   26s
     0     0 750365.230    0  207 1211172.29 750365.230  38.0%     -   26s
     0     0 750383.117    0  204 1211172.29 750383.117  38.0%     -   27s
     0     0 750383.236    0  205 1211172.29 750383.236  38.0%     -   27s
     0     0 751291.873    0  191 1211172.29 751291.873  38.0%     -   29s
     0     0 751298.385    0  198 1211172.29 751298.385  38.0%     -   29s
H    0     0                    1211036.2452 751298.668  38.0%     -   30s
H    0     0                    1208164.9834 751298.668  37.8%     -   30s
H    0     0                    1185122.3471 751298.668  36.6%     -   30s
H    0     0                    1185078.9063 751298.668  36.6%     -   31s
H    0     0                    1178451.5193 751298.668  36.2%     -   31s
H    0     0                    1177898.7050 751298.668  36.2%     -   31s
H    0     0                    1155402.3298 751298.668  35.0%     -   31s
     0     0 751364.120    0  172 1155402.33 751364.120  35.0%     -   33s
     0     0 751368.692    0  171 1155402.33 751368.692  35.0%     -   33s
     0     0 758153.367    0  268 1155402.33 758153.367  34.4%     -   36s
     0     0 758156.863    0  274 1155402.33 758156.863  34.4%     -   37s
     0     0 758360.118    0  291 1155402.33 758360.118  34.4%     -   38s
     0     0 758360.118    0  289 1155402.33 758360.118  34.4%     -   38s
     0     0 760816.904    0  295 1155402.33 760816.904  34.2%     -   40s
H    0     0                    1153856.6674 760818.115  34.1%     -   40s
H    0     0                    1152943.4435 760818.115  34.0%     -   40s
H    0     0                    1149690.3728 760818.115  33.8%     -   41s
H    0     0                    1136660.4672 760818.115  33.1%     -   41s
H    0     0                    1135265.4851 760818.115  33.0%     -   41s
     0     0 760883.932    0  320 1135265.49 760883.932  33.0%     -   41s
     0     0 761181.272    0  301 1135265.49 761181.272  33.0%     -   42s
     0     0 761184.714    0  335 1135265.49 761184.714  33.0%     -   42s
     0     0 761186.704    0  367 1135265.49 761186.704  33.0%     -   42s
     0     0 764326.242    0  374 1135265.49 764326.242  32.7%     -   44s
     0     0 764327.977    0  372 1135265.49 764327.977  32.7%     -   44s
     0     0 764510.857    0  378 1135265.49 764510.857  32.7%     -   45s
     0     0 764589.717    0  367 1135265.49 764589.717  32.7%     -   46s
     0     0 764601.195    0  370 1135265.49 764601.195  32.7%     -   46s
H    0     0                    1127699.5728 767536.508  31.9%     -   48s
H    0     0                    1127696.6418 767536.508  31.9%     -   48s
     0     0 767536.508    0  390 1127696.64 767536.508  31.9%     -   48s
     0     0 767536.561    0  379 1127696.64 767536.561  31.9%     -   48s
H    0     0                    1116280.6987 767536.985  31.2%     -   49s
H    0     0                    1115557.8241 767536.985  31.2%     -   49s
     0     0 767946.174    0  419 1115557.82 767946.174  31.2%     -   50s
     0     0 767973.231    0  393 1115557.82 767973.231  31.2%     -   50s
     0     0 768174.195    0  364 1115557.82 768174.195  31.1%     -   50s
     0     0 768237.832    0  399 1115557.82 768237.832  31.1%     -   51s
     0     0 768253.814    0  369 1115557.82 768253.814  31.1%     -   51s
     0     0 768253.926    0  378 1115557.82 768253.926  31.1%     -   51s
     0     0 771308.689    0  357 1115557.82 771308.689  30.9%     -   53s
     0     0 771471.290    0  341 1115557.82 771471.290  30.8%     -   54s
H    0     0                    1105543.0199 771487.284  30.2%     -   54s
H    0     0                    1102965.0017 771487.284  30.1%     -   54s
     0     0 771487.284    0  326 1102965.00 771487.284  30.1%     -   55s
     0     0 771492.998    0  322 1102965.00 771492.998  30.1%     -   55s
     0     0 774733.662    0  328 1102965.00 774733.662  29.8%     -   56s
H    0     0                    1097226.6300 774734.594  29.4%     -   57s
H    0     0                    1088612.7388 774734.594  28.8%     -   58s
H    0     0                    1085786.8922 774734.594  28.6%     -   60s
     0     0 775614.261    0  315 1085786.89 775614.261  28.6%     -   62s
     0     0 776087.138    0  408 1085786.89 776087.138  28.5%     -   63s
     0     0 776103.215    0  347 1085786.89 776103.215  28.5%     -   63s
     0     0 776120.501    0  376 1085786.89 776120.501  28.5%     -   63s
     0     0 776120.694    0  394 1085786.89 776120.694  28.5%     -   63s
     0     0 778366.147    0  384 1085786.89 778366.147  28.3%     -   65s
     0     0 778598.860    0  412 1085786.89 778598.860  28.3%     -   66s
     0     0 778664.792    0  406 1085786.89 778664.792  28.3%     -   66s
     0     0 778667.689    0  407 1085786.89 778667.689  28.3%     -   66s
     0     0 781041.385    0  420 1085786.89 781041.385  28.1%     -   68s
H    0     0                    1084828.6585 781271.091  28.0%     -   69s
H    0     0                    1083537.0084 781271.091  27.9%     -   69s
H    0     0                    1082718.7316 781271.091  27.8%     -   69s
     0     0 781998.886    0  347 1082718.73 781998.886  27.8%     -   70s
     0     0 782061.606    0  385 1082718.73 782061.606  27.8%     -   70s
     0     0 782062.460    0  377 1082718.73 782062.460  27.8%     -   70s
     0     0 784255.872    0  354 1082718.73 784255.872  27.6%     -   72s
     0     0 784576.028    0  377 1082718.73 784576.028  27.5%     -   72s
     0     0 784628.063    0  396 1082718.73 784628.063  27.5%     -   73s
     0     0 784642.499    0  420 1082718.73 784642.499  27.5%     -   73s
     0     0 784642.742    0  428 1082718.73 784642.742  27.5%     -   73s
     0     0 786058.581    0  392 1082718.73 786058.581  27.4%     -   75s
H    0     0                    1081838.0617 786114.548  27.3%     -   76s
H    0     0                    1059295.5241 786114.548  25.8%     -   76s
H    0     0                    1059279.7309 786114.548  25.8%     -   76s
     0     0 786640.205    0  399 1059279.73 786640.205  25.7%     -   77s
     0     0 786715.574    0  439 1059279.73 786715.574  25.7%     -   77s
     0     0 786719.965    0  416 1059279.73 786719.965  25.7%     -   77s
     0     0 787770.766    0  359 1059279.73 787770.766  25.6%     -   79s
H    0     0                    1058426.1889 787771.102  25.6%     -   80s
     0     0 787892.643    0  367 1058426.19 787892.643  25.6%     -   84s
     0     0 787913.457    0  397 1058426.19 787913.457  25.6%     -   85s
     0     0 787916.138    0  373 1058426.19 787916.138  25.6%     -   85s
     0     0 788922.211    0  404 1058426.19 788922.211  25.5%     -   86s
H    0     0                    1057238.2938 788922.624  25.4%     -   88s
H    0     0                    1057238.0851 788922.624  25.4%     -   88s
H    0     0                    1056900.5297 788922.624  25.4%     -   88s
     0     0 789071.797    0  402 1056900.53 789071.797  25.3%     -   90s
     0     0 789090.903    0  368 1056900.53 789090.903  25.3%     -   90s
     0     0 789097.715    0  359 1056900.53 789097.715  25.3%     -   90s
     0     0 789949.198    0  366 1056900.53 789949.198  25.3%     -   92s
     0     0 790059.839    0  328 1056900.53 790059.839  25.2%     -   92s
     0     0 790090.933    0  349 1056900.53 790090.933  25.2%     -   93s
     0     0 790092.889    0  345 1056900.53 790092.889  25.2%     -   93s
     0     0 790473.006    0  300 1056900.53 790473.006  25.2%     -   94s
H    0     0                    1052200.3361 790473.532  24.9%     -   95s
H    0     0                    1052044.8179 790473.532  24.9%     -   96s
     0     0 790500.269    0  346 1052044.82 790500.269  24.9%     -   96s
     0     0 790503.797    0  366 1052044.82 790503.797  24.9%     -   96s
     0     0 790765.165    0  401 1052044.82 790765.165  24.8%     -   98s
     0     0 790802.802    0  427 1052044.82 790802.802  24.8%     -   98s
     0     0 790809.676    0  411 1052044.82 790809.676  24.8%     -   99s
     0     0 791062.763    0  358 1052044.82 791062.763  24.8%     -  100s
H    0     0                    1047916.6263 791065.445  24.5%     -  103s
H    0     0                    1044868.4518 791065.445  24.3%     -  103s
H    0     0                    1044493.4767 791065.445  24.3%     -  104s
H    0     0                    1043264.9445 791065.445  24.2%     -  104s
     0     0 791083.536    0  341 1043264.94 791083.536  24.2%     -  105s
     0     0 791094.233    0  329 1043264.94 791094.233  24.2%     -  105s
     0     0 791111.996    0  359 1043264.94 791111.996  24.2%     -  106s
     0     0 791113.501    0  351 1043264.94 791113.501  24.2%     -  106s
     0     0 791568.938    0  379 1043264.94 791568.938  24.1%     -  108s
     0     0 791654.444    0  354 1043264.94 791654.444  24.1%     -  108s
     0     0 791689.626    0  435 1043264.94 791689.626  24.1%     -  109s
     0     0 791695.930    0  423 1043264.94 791695.930  24.1%     -  109s
     0     0 792591.958    0  378 1043264.94 792591.958  24.0%     -  111s
H    0     0                    1043260.2768 792591.999  24.0%     -  112s
H    0     0                    1042446.9208 792591.999  24.0%     -  112s
     0     0 792749.126    0  393 1042446.92 792749.126  24.0%     -  113s
     0     0 792800.991    0  420 1042446.92 792800.991  23.9%     -  113s
     0     0 792813.152    0  460 1042446.92 792813.152  23.9%     -  114s
     0     0 792814.772    0  480 1042446.92 792814.772  23.9%     -  114s
     0     0 793192.355    0  364 1042446.92 793192.355  23.9%     -  115s
     0     0 793316.939    0  398 1042446.92 793316.939  23.9%     -  116s
     0     0 793346.168    0  426 1042446.92 793346.168  23.9%     -  116s
     0     0 793352.102    0  447 1042446.92 793352.102  23.9%     -  116s
     0     0 794052.838    0  401 1042446.92 794052.838  23.8%     -  118s
H    0     0                    1037558.9206 794070.372  23.5%     -  119s

Cutting planes:
  Learned: 8
  Gomory: 26
  Lift-and-project: 2
  Cover: 127
  Implied bound: 269
  Clique: 82
  MIR: 426
  Knapsack: 2
  StrongCG: 110
  Flow cover: 148
  GUB cover: 32
  Zero half: 6
  Mod-K: 5
  Network: 4
  RLT: 349
  Relax-and-lift: 110
  BQP: 12

Explored 1 nodes (67389 simplex iterations) in 120.08 seconds (143.32 work units)
Thread count was 24 (of 24 available processors)

Solution count 10: 1.03756e+06 1.04245e+06 1.04326e+06 ... 1.0569e+06

Time limit reached
Best objective 1.037558920605e+06, best bound 7.940703721921e+05, gap 23.4674%
