
Gurobi 13.0.2 (linux64, Python) logging started Thu Aug 13 22:18:04 2026

Set parameter LogToConsole to value 0
Set parameter Username
Set parameter LicenseID to value 2748191
Set parameter TimeLimit to value 120
Set parameter LogFile to value "output/bf_qcv_045/weighted_loss/retail_y_4__retail_v_2__rolled_leftover_4/period_3/gurobi.log"
Academic license - for non-commercial use only - expires 2026-12-01
Gurobi Optimizer version 13.0.2 build v13.0.2rc1 (linux64 - "Debian GNU/Linux 13 (trixie)")

CPU model: 13th Gen Intel(R) Core(TM) i7-13700HX, instruction set [SSE2|AVX|AVX2]
Thread count: 24 physical cores, 24 logical processors, using up to 24 threads

Non-default parameters:
TimeLimit  120
LogToConsole  0

Optimize a model with 62814 rows, 50250 columns and 167136 nonzeros (Min)
Model fingerprint: 0xa8df0674
Model has 20420 linear objective coefficients and an objective constant of 1196.88166
Variable types: 40506 continuous, 9744 integer (9744 binary)
Coefficient statistics:
  Matrix range     [7e-03, 1e+04]
  Objective range  [1e+01, 2e+05]
  Bounds range     [1e+00, 1e+00]
  RHS range        [2e-01, 1e+05]

Presolve removed 45028 rows and 36020 columns
Presolve time: 0.27s
Presolved: 17786 rows, 14230 columns, 75121 nonzeros
Variable types: 9402 continuous, 4828 integer (4828 binary)
Found heuristic solution: objective 2.370739e+07

Root relaxation: objective 1.997913e+06, 13619 iterations, 0.41 seconds (0.99 work units)

    Nodes    |    Current Node    |     Objective Bounds      |     Work
 Expl Unexpl |  Obj  Depth IntInf | Incumbent    BestBd   Gap | It/Node Time

     0     0 1997913.31    0  169 2.3707e+07 1997913.31  91.6%     -    0s
H    0     0                    2150325.3119 1997913.31  7.09%     -    0s
H    0     0                    2146662.3099 1997913.31  6.93%     -    1s
H    0     0                    2144701.8017 1997913.31  6.84%     -    1s
H    0     0                    2135453.3816 1997913.31  6.44%     -    1s
H    0     0                    2110262.2688 1997913.31  5.32%     -    1s
H    0     0                    2109580.2032 1997913.31  5.29%     -    1s
     0     0 1998377.57    0  188 2109580.20 1998377.57  5.27%     -    1s
H    0     0                    2108882.4856 1998377.64  5.24%     -    1s
H    0     0                    2102021.7253 1998377.64  4.93%     -    1s
H    0     0                    2101750.6482 1998377.64  4.92%     -    1s
H    0     0                    2097391.9847 1998377.64  4.72%     -    1s
H    0     0                    2096998.2325 1998377.64  4.70%     -    1s
H    0     0                    2093719.2746 1998377.64  4.55%     -    1s
H    0     0                    2092517.6356 1998377.64  4.50%     -    1s
     0     0 1998469.81    0  188 2092517.64 1998469.81  4.49%     -    1s
     0     0 1998533.90    0  188 2092517.64 1998533.90  4.49%     -    1s
     0     0 1998600.73    0  190 2092517.64 1998600.73  4.49%     -    1s
     0     0 1998665.15    0  190 2092517.64 1998665.15  4.49%     -    1s
     0     0 1998850.64    0  192 2092517.64 1998850.64  4.48%     -    1s
     0     0 1999158.86    0  220 2092517.64 1999158.86  4.46%     -    2s
     0     0 1999171.43    0  223 2092517.64 1999171.43  4.46%     -    2s
     0     0 1999558.16    0  231 2092517.64 1999558.16  4.44%     -    2s
     0     0 1999586.00    0  229 2092517.64 1999586.00  4.44%     -    2s
     0     0 2001255.86    0  251 2092517.64 2001255.86  4.36%     -    2s
H    0     0                    2086199.5986 2001255.89  4.07%     -    2s
H    0     0                    2086199.4678 2001255.89  4.07%     -    2s
H    0     0                    2086199.3754 2001255.89  4.07%     -    3s
H    0     0                    2083247.6344 2001255.89  3.94%     -    3s
H    0     0                    2081208.2579 2001255.89  3.84%     -    3s
H    0     0                    2080932.1573 2001255.89  3.83%     -    3s
     0     0 2001412.50    0  248 2080932.16 2001412.50  3.82%     -    3s
     0     0 2001412.65    0  246 2080932.16 2001412.65  3.82%     -    3s
     0     0 2010030.32    0  221 2080932.16 2010030.32  3.41%     -    3s
     0     0 2010442.71    0  218 2080932.16 2010442.71  3.39%     -    3s
     0     0 2010444.62    0  218 2080932.16 2010444.62  3.39%     -    3s
     0     0 2012286.84    0  179 2080932.16 2012286.84  3.30%     -    3s
     0     0 2012300.73    0  185 2080932.16 2012300.73  3.30%     -    4s
     0     0 2012613.37    0  195 2080932.16 2012613.37  3.28%     -    4s
     0     0 2012628.02    0  194 2080932.16 2012628.02  3.28%     -    4s
     0     0 2012645.52    0  195 2080932.16 2012645.52  3.28%     -    4s
     0     0 2012649.13    0  193 2080932.16 2012649.13  3.28%     -    4s
     0     0 2012863.71    0  198 2080932.16 2012863.71  3.27%     -    4s
     0     0 2012892.13    0  188 2080932.16 2012892.13  3.27%     -    4s
     0     0 2012911.54    0  189 2080932.16 2012911.54  3.27%     -    4s
     0     0 2012912.45    0  187 2080932.16 2012912.45  3.27%     -    4s
     0     0 2013106.36    0  169 2080932.16 2013106.36  3.26%     -    4s
     0     0 2013147.66    0  172 2080932.16 2013147.66  3.26%     -    4s
     0     0 2013147.66    0  172 2080932.16 2013147.66  3.26%     -    4s
     0     0 2013189.41    0  167 2080932.16 2013189.41  3.26%     -    5s
H    0     0                    2080379.3445 2013189.47  3.23%     -    5s
H    0     0                    2074726.3166 2013189.47  2.97%     -    5s
     0     0 2013208.09    0  165 2074726.32 2013208.09  2.97%     -    5s
     0     0 2013215.35    0  162 2074726.32 2013215.35  2.96%     -    5s
     0     0 2013216.63    0  161 2074726.32 2013216.63  2.96%     -    5s
H    0     0                    2074616.1773 2013216.63  2.96%     -    5s
     0     0 2013669.52    0  173 2074616.18 2013669.52  2.94%     -    5s
     0     0 2013713.09    0  170 2074616.18 2013713.09  2.94%     -    5s
     0     0 2013774.97    0  180 2074616.18 2013774.97  2.93%     -    5s
     0     0 2013863.66    0  172 2074616.18 2013863.66  2.93%     -    5s
     0     0 2013940.08    0  171 2074616.18 2013940.08  2.92%     -    5s
     0     0 2013940.21    0  171 2074616.18 2013940.21  2.92%     -    5s
     0     0 2014559.80    0  167 2074616.18 2014559.80  2.89%     -    6s
     0     0 2014648.50    0  171 2074616.18 2014648.50  2.89%     -    6s
     0     0 2014655.19    0  168 2074616.18 2014655.19  2.89%     -    6s
     0     0 2015282.08    0  174 2074616.18 2015282.08  2.86%     -    6s
     0     0 2015430.41    0  167 2074616.18 2015430.41  2.85%     -    6s
     0     0 2015573.60    0  173 2074616.18 2015573.60  2.85%     -    6s
     0     0 2015793.87    0  167 2074616.18 2015793.87  2.84%     -    6s
     0     0 2015793.88    0  167 2074616.18 2015793.88  2.84%     -    6s
     0     0 2016245.17    0  173 2074616.18 2016245.17  2.81%     -    6s
     0     0 2016345.20    0  169 2074616.18 2016345.20  2.81%     -    6s
     0     0 2016345.20    0  174 2074616.18 2016345.20  2.81%     -    6s
     0     0 2016562.39    0  176 2074616.18 2016562.39  2.80%     -    6s
     0     0 2016585.09    0  172 2074616.18 2016585.09  2.80%     -    6s
     0     0 2016590.77    0  172 2074616.18 2016590.77  2.80%     -    7s
     0     0 2016633.86    0  173 2074616.18 2016633.86  2.79%     -    7s
     0     0 2016646.96    0  175 2074616.18 2016646.96  2.79%     -    7s
     0     0 2016649.24    0  174 2074616.18 2016649.24  2.79%     -    7s
     0     0 2016690.07    0  177 2074616.18 2016690.07  2.79%     -    7s
     0     0 2016720.37    0  177 2074616.18 2016720.37  2.79%     -    7s
     0     0 2016720.37    0  172 2074616.18 2016720.37  2.79%     -    7s
     0     0 2016720.37    0  172 2074616.18 2016720.37  2.79%     -    7s
     0     0 2016720.37    0  171 2074616.18 2016720.37  2.79%     -    7s
     0     2 2016720.37    0  171 2074616.18 2016720.37  2.79%     -    7s
H   79   104                    2074014.9758 2016720.37  2.76%   6.9    9s
H  100   104                    2073857.4498 2016720.37  2.76%   6.0    9s
   492   516 2016943.92   20  141 2073857.45 2016720.37  2.76%   6.5   10s
H  496   516                    2073547.7910 2016720.37  2.74%   6.4   10s
H  506   516                    2073127.0744 2016720.37  2.72%   6.4   10s
H 2287  2262                    2072918.7520 2016720.37  2.71%   8.0   13s
H 3376  3439                    2072710.0634 2016720.37  2.70%  10.6   14s
  3569  3797 2019199.92  110   78 2072710.06 2016720.37  2.70%  12.2   15s
H 3941  4001                    2072645.7807 2016720.37  2.70%  13.9   15s
H 6039  5782                    2072644.7849 2016720.37  2.70%  17.8   19s
  6055  6218 2017260.93   23  135 2072644.78 2016720.37  2.70%  17.9   20s
H 7852  7342                    2072544.2050 2016720.37  2.69%  20.8   24s
H 7871  7315                    2072484.7215 2016720.37  2.69%  21.0   24s
  8425  7925 2023366.28   89  102 2072484.72 2016720.37  2.69%  21.6   25s
 11311 10092 2067747.53   45  171 2072484.72 2016720.37  2.69%  21.5   32s
 11324 10101 2067168.53  253  151 2072484.72 2016824.53  2.69%  21.4   35s
 11363 10127 2050304.50   52  132 2072484.72 2050304.50  1.07%  21.4   40s
 11413 10163 2068857.59   97  199 2072484.72 2068857.59  0.18%  23.9   45s
H11476  9693                    2072468.8993 2070709.27  0.08%  23.8   49s
 11483  9699 2070709.41   81  171 2072468.90 2070709.41  0.08%  24.7   50s
H11486  9215                    2072449.9451 2070709.41  0.08%  24.7   50s
H11581  8832                    2072445.5616 2070713.03  0.08%  25.4   53s
H11870  8565                    2072396.7796 2070713.03  0.08%  24.8   54s
 11879  9198 2070718.45   58   30 2072396.78 2070713.03  0.08%  24.8   55s
H13012  8953                    2072272.7224 2070713.03  0.08%  23.0   55s
H16448 11540                    2072117.7762 2070713.03  0.07%  20.4   59s
 21578 13327 2070864.62  236   12 2072117.78 2070715.95  0.07%  18.1   60s
H22919 12287                    2071957.7637 2070715.95  0.06%  17.8   61s
H22921 11781                    2071618.3683 2070715.95  0.04%  17.8   61s
H27184 13084                    2071614.2976 2070719.04  0.04%  15.9   62s
H27185 12430                    2071607.9649 2070769.09  0.04%  15.9   63s
 27203 12445 2070769.24   60   29 2071607.96 2070769.24  0.04%  16.2   65s
H27567 12160                    2071580.2958 2070772.64  0.04%  16.0   65s
H30416 13328                    2071502.4072 2070772.64  0.04%  15.2   67s
H32091 12807                    2071398.9949 2070772.80  0.03%  15.7   68s
 34425 14123     cutoff  108      2071398.99 2070772.80  0.03%  16.2   70s
H39466 14249                    2071365.9050 2070772.96  0.03%  16.2   71s
 52253 19548 2070782.71   79   44 2071365.91 2070774.57  0.03%  15.9   75s
H54881 23127                    2071345.4694 2070774.57  0.03%  15.8   78s
 59083 25507 2070796.52   77   43 2071345.47 2070774.97  0.03%  15.7   80s
 77282 36545 2070783.74   80  171 2071345.47 2070775.72  0.03%  16.2   87s
 77298 36556 2070868.39  127   44 2071345.47 2070775.72  0.03%  16.2   90s
H77305 34731                    2071341.5284 2070775.72  0.03%  16.2   91s
H77320 33003                    2071339.7826 2070775.72  0.03%  16.2   94s
 77325 33007 2070828.04  108   43 2071339.78 2070775.72  0.03%  16.2   95s
 77348 33022 2070791.19   81   65 2071339.78 2070775.72  0.03%  16.2  100s
 77370 33037 2070805.66  125   45 2071339.78 2070775.72  0.03%  16.2  105s
 77739 34286 2070789.49   85   15 2071339.78 2070775.72  0.03%  16.3  110s
H91983 37602                    2071331.7158 2070775.72  0.03%  15.8  114s
 92012 37610     cutoff  139      2071331.72 2070775.72  0.03%  15.8  115s
H92043 36047                    2071327.0889 2070775.72  0.03%  15.8  116s
H95295 36265                    2071325.3434 2070775.72  0.03%  15.6  117s
 99829 37552 2070822.49  114   16 2071325.34 2070775.72  0.03%  15.7  120s

Cutting planes:
  Gomory: 97
  Lift-and-project: 94
  Cover: 6
  MIR: 189
  Flow cover: 63
  GUB cover: 3
  Relax-and-lift: 1

Explored 99855 nodes (1586079 simplex iterations) in 120.02 seconds (117.16 work units)
Thread count was 24 (of 24 available processors)

Solution count 10: 2.07133e+06 2.07133e+06 2.07134e+06 ... 2.07161e+06

Time limit reached
Warning: max constraint violation (5.4126e-06) exceeds tolerance
Best objective 2.071325343423e+06, best bound 2.070775715184e+06, gap 0.0265%
