
Gurobi 13.0.2 (linux64, Python) logging started Thu Aug 13 21:56:58 2026

Set parameter LogToConsole to value 0
Set parameter Username
Set parameter LicenseID to value 2748191
Set parameter TimeLimit to value 120
Set parameter LogFile to value "output/bz_nbr7008_043/weighted_loss/retail_y_4__retail_v_2__rolled_leftover_2/period_3/gurobi.log"
Academic license - for non-commercial use only - expires 2026-12-01
Gurobi Optimizer version 13.0.2 build v13.0.2rc1 (linux64 - "Debian GNU/Linux 13 (trixie)")

CPU model: 13th Gen Intel(R) Core(TM) i7-13700HX, instruction set [SSE2|AVX|AVX2]
Thread count: 24 physical cores, 24 logical processors, using up to 24 threads

Non-default parameters:
TimeLimit  120
LogToConsole  0

Optimize a model with 205088 rows, 137162 columns and 718775 nonzeros (Min)
Model fingerprint: 0x0e69d8be
Model has 54510 linear objective coefficients and an objective constant of 1.4994109933680002e+05
Variable types: 113036 continuous, 24126 integer (24126 binary)
Coefficient statistics:
  Matrix range     [3e-03, 1e+04]
  Objective range  [1e+01, 1e+05]
  Bounds range     [1e+00, 1e+00]
  RHS range        [1e-01, 4e+04]

Presolve removed 122908 rows and 85150 columns
Presolve time: 3.49s
Presolved: 82180 rows, 52012 columns, 827204 nonzeros
Variable types: 33964 continuous, 18048 integer (18001 binary)
Deterministic concurrent LP optimizer: primal simplex, dual simplex, and barrier
Showing barrier log only...

Root barrier log...

Ordering time: 0.40s

Barrier statistics:
 Dense cols : 46
 AA' NZ     : 7.177e+06
 Factor NZ  : 1.221e+07 (roughly 140 MB of memory)
 Factor Ops : 3.444e+09 (less than 1 second per iteration)
 Threads    : 21

                  Objective                Residual
Iter       Primal          Dual         Primal    Dual     Compl     Time
   0  -7.22077663e+09 -1.13982948e+10  2.87e+06 2.67e+02  3.15e+06     5s
   1  -4.58218489e+09 -1.03969607e+10  1.87e+06 2.85e+02  1.79e+06     5s
   2  -1.57946696e+09 -8.68375804e+09  6.27e+05 6.42e+01  6.27e+05     5s
   3  -4.46979181e+08 -4.48583733e+09  1.77e+05 4.31e+00  1.78e+05     5s
   4  -4.95043466e+07 -1.12338518e+09  2.10e+04 3.18e-10  2.28e+04     5s
   5  -1.20906502e+07 -5.82072107e+08  7.66e+03 2.31e-10  8.99e+03     5s
   6  -1.89490654e+06 -3.66855102e+08  4.06e+03 9.56e-11  4.81e+03     5s
   7   4.70115628e+06 -1.38132621e+08  1.74e+03 6.87e-11  1.72e+03     5s
   8   6.85228248e+06 -5.43831823e+07  9.46e+02 3.02e-11  7.16e+02     5s
   9   8.02116772e+06 -3.04437620e+07  4.09e+02 1.71e-11  3.75e+02     6s
  10   7.63957443e+06 -1.81215427e+07  1.99e+02 9.55e-12  2.23e+02     6s
  11   6.90469244e+06 -1.15456086e+07  1.15e+02 1.25e-11  1.51e+02     6s
  12   5.64955077e+06 -6.18645398e+06  6.02e+01 9.09e-12  9.32e+01     6s
  13   4.16567322e+06 -4.11621117e+06  3.59e+01 1.23e-11  6.40e+01     6s
  14   3.17795959e+06 -2.54206841e+06  2.55e+01 1.44e-11  4.43e+01     6s
  15   2.68773134e+06 -1.01963390e+06  2.03e+01 8.92e-12  2.95e+01     6s
  16   1.73935357e+06 -4.29650006e+05  9.52e+00 9.92e-12  1.69e+01     6s
  17   1.57518065e+06  9.03093800e+04  7.73e+00 1.22e-11  1.19e+01     6s
  18   1.38540913e+06  3.13784901e+05  5.61e+00 1.20e-11  8.62e+00     6s
  19   1.08328597e+06  4.25420773e+05  2.39e+00 1.23e-11  5.08e+00     6s
  20   1.02596903e+06  6.05671648e+05  1.70e+00 1.76e-11  3.28e+00     6s
  21   9.42927327e+05  7.30796737e+05  7.41e-01 1.21e-11  1.63e+00     6s
  22   9.04900151e+05  8.13236330e+05  2.81e-01 9.72e-12  6.91e-01     6s
  23   8.98568400e+05  8.15204864e+05  2.26e-01 1.43e-11  6.23e-01     6s
  24   8.95440375e+05  8.32008931e+05  1.96e-01 1.49e-11  4.77e-01     6s
  25   8.87185293e+05  8.53495810e+05  1.08e-01 1.33e-11  2.53e-01     6s
  26   8.80118712e+05  8.66144014e+05  5.16e-02 1.02e-11  1.06e-01     6s
  27   8.76983795e+05  8.67961556e+05  3.08e-02 1.25e-11  6.79e-02     7s
  28   8.75594427e+05  8.69358882e+05  2.16e-02 1.12e-11  4.69e-02     7s
  29   8.74940927e+05  8.70142678e+05  1.74e-02 1.66e-11  3.62e-02     7s
  30   8.74319479e+05  8.70900915e+05  1.35e-02 1.55e-11  2.60e-02     7s
  31   8.73814748e+05  8.71022040e+05  1.05e-02 1.48e-11  2.11e-02     7s
  32   8.73501635e+05  8.71327436e+05  8.68e-03 1.31e-11  1.65e-02     7s
  33   8.73295393e+05  8.71550846e+05  7.47e-03 1.60e-11  1.34e-02     7s
  34   8.72982656e+05  8.71679199e+05  5.76e-03 1.29e-11  1.00e-02     7s
  35   8.72780011e+05  8.71786790e+05  4.57e-03 1.45e-11  7.66e-03     7s
  36   8.72494440e+05  8.71850898e+05  3.03e-03 1.46e-11  4.97e-03     7s
  37   8.72443399e+05  8.71869214e+05  2.75e-03 1.44e-11  4.44e-03     7s
  38   8.72257766e+05  8.71899071e+05  1.76e-03 1.57e-11  2.78e-03     7s
  39   8.72116195e+05  8.71905078e+05  9.80e-04 1.22e-11  1.63e-03     7s
  40   8.71987266e+05  8.71916099e+05  2.88e-04 1.17e-11  5.43e-04     7s
  41   8.71973954e+05  8.71924286e+05  2.23e-04 1.39e-11  3.82e-04     7s
  42   8.71957803e+05  8.71925627e+05  1.46e-04 1.55e-11  2.48e-04     7s
  43   8.71935791e+05  8.71926074e+05  3.65e-05 1.27e-11  7.37e-05     7s
  44   8.71932360e+05  8.71926836e+05  2.15e-05 1.46e-11  4.20e-05     8s
  45   8.71929316e+05  8.71927000e+05  7.92e-06 1.44e-11  1.75e-05     8s
  46   8.71928081e+05  8.71927131e+05  2.89e-06 1.15e-11  7.10e-06     8s
  47   8.71927320e+05  8.71927296e+05  7.68e-08 1.60e-11  1.73e-07     8s
  48   8.71927307e+05  8.71927307e+05  1.87e-07 1.42e-11  7.26e-10     8s

Barrier solved model in 48 iterations and 7.80 seconds (14.48 work units)
Optimal objective 8.71927307e+05


Root crossover log...

   46315 DPushes remaining with DInf 5.1601337e-01                 8s
       0 DPushes remaining with DInf 1.8611568e+01                 8s

      60 PPushes remaining with PInf 2.3732291e-02                 8s
       0 PPushes remaining with PInf 0.0000000e+00                 8s

  Push phase complete: Pinf 0.0000000e+00, Dinf 2.1663477e+02      8s


Root simplex log...

Iteration    Objective       Primal Inf.    Dual Inf.      Time
   30749    8.7192731e+05   0.000000e+00   2.166348e+02      8s
   30807    8.7192731e+05   0.000000e+00   0.000000e+00      8s
Crossover time: 0.42 seconds (0.61 work units)
Concurrent spin time: 0.16s

Solved with barrier
   30808    8.7192731e+05   0.000000e+00   0.000000e+00      8s

Extra simplex iterations after uncrush: 1

Root relaxation: objective 8.719273e+05, 30808 iterations, 4.69 seconds (7.37 work units)

    Nodes    |    Current Node    |     Objective Bounds      |     Work
 Expl Unexpl |  Obj  Depth IntInf | Incumbent    BestBd   Gap | It/Node Time

     0     0 871927.308    0  244          - 871927.308      -     -    8s
     0     0 871927.777    0  243          - 871927.777      -     -    9s
     0     0 871935.590    0  244          - 871935.590      -     -    9s
H    0     0                    2312303.0671 871935.590  62.3%     -   10s
     0     0 872448.943    0  274 2312303.07 872448.943  62.3%     -   11s
     0     0 872453.264    0  277 2312303.07 872453.264  62.3%     -   12s
H    0     0                    2208364.7062 872454.377  60.5%     -   12s
H    0     0                    2077317.1823 872454.377  58.0%     -   12s
H    0     0                    1943133.9958 872454.377  55.1%     -   12s
H    0     0                    1878873.6261 872454.377  53.6%     -   12s
H    0     0                    1878088.2172 872454.377  53.5%     -   12s
H    0     0                    1874788.5300 872454.377  53.5%     -   13s
H    0     0                    1811863.7493 872454.377  51.8%     -   13s
H    0     0                    1795740.0200 872454.377  51.4%     -   13s
H    0     0                    1794890.1973 872454.377  51.4%     -   14s
H    0     0                    1764294.2296 872454.377  50.5%     -   14s
H    0     0                    1745250.2972 872454.377  50.0%     -   14s
H    0     0                    1743479.3650 872454.377  50.0%     -   14s
H    0     0                    1734148.1895 872454.377  49.7%     -   14s
H    0     0                    1622520.1524 872454.377  46.2%     -   14s
H    0     0                    1618775.6835 872454.377  46.1%     -   14s
H    0     0                    1615430.0132 872454.377  46.0%     -   14s
H    0     0                    1604043.5915 872454.377  45.6%     -   14s
H    0     0                    1599035.5739 872454.377  45.4%     -   14s
H    0     0                    1596997.0644 872454.377  45.4%     -   14s
H    0     0                    1595861.7219 872454.377  45.3%     -   14s
     0     0 872457.775    0  267 1595861.72 872457.775  45.3%     -   15s
     0     0 874017.895    0  262 1595861.72 874017.895  45.2%     -   17s
H    0     0                    1546117.7830 874019.239  43.5%     -   17s
H    0     0                    1531092.1447 874019.239  42.9%     -   18s
H    0     0                    1524154.1113 874019.239  42.7%     -   18s
H    0     0                    1521806.2528 874019.239  42.6%     -   19s
H    0     0                    1520945.7054 874019.239  42.5%     -   20s
H    0     0                    1519736.5110 874019.239  42.5%     -   22s
H    0     0                    1500672.1263 874019.239  41.8%     -   23s
H    0     0                    1500069.7370 874019.239  41.7%     -   24s
H    0     0                    1492011.9768 874019.239  41.4%     -   24s
H    0     0                    1485003.3836 874019.239  41.1%     -   25s
H    0     0                    1475356.1574 874019.239  40.8%     -   34s
H    0     0                    1463275.1701 874900.923  40.2%     -   40s
H    0     0                    1461733.6320 874900.923  40.1%     -   40s
H    0     0                    1440103.5472 874900.923  39.2%     -   40s
     0     0 878392.793    0  257 1440103.55 878392.793  39.0%     -   40s
     0     0 878392.793    0  245 1440103.55 878392.793  39.0%     -   40s
H    0     0                    1439768.5967 878392.793  39.0%     -   42s
H    0     0                    1435919.8666 878392.793  38.8%     -   42s
H    0     0                    1431952.2064 878392.793  38.7%     -   42s
H    0     0                    1427100.0767 878392.793  38.4%     -   42s
H    0     0                    1417975.0043 878392.793  38.1%     -   42s
H    0     0                    1417334.4718 878392.793  38.0%     -   42s
H    0     0                    1417122.4563 881554.819  37.8%     -   44s
H    0     0                    1416083.6977 881554.819  37.7%     -   44s
H    0     0                    1416072.2137 881554.819  37.7%     -   44s
H    0     0                    1404236.4323 881554.819  37.2%     -   44s
H    0     0                    1396543.9113 881554.819  36.9%     -   44s
H    0     0                    1387806.5729 881554.819  36.5%     -   44s
     0     0 881554.819    0  252 1387806.57 881554.819  36.5%     -   44s
     0     0 881715.488    0  236 1387806.57 881715.488  36.5%     -   44s
     0     0 881716.247    0  236 1387806.57 881716.247  36.5%     -   44s
     0     0 881722.140    0  231 1387806.57 881722.140  36.5%     -   44s
     0     0 881722.282    0  231 1387806.57 881722.282  36.5%     -   44s
     0     0 881725.100    0  235 1387806.57 881725.100  36.5%     -   45s
H    0     0                    1336813.5459 881759.083  34.0%     -   45s
H    0     0                    1330998.4296 881759.083  33.8%     -   46s
H    0     0                    1319559.0550 881759.083  33.2%     -   46s
H    0     0                    1317067.6750 881759.083  33.1%     -   46s
H    0     0                    1316848.1254 881759.083  33.0%     -   46s
H    0     0                    1312595.5196 881759.083  32.8%     -   46s
H    0     0                    1300656.8580 881759.083  32.2%     -   46s
     0     0 882444.124    0  258 1300656.86 882444.124  32.2%     -   47s
     0     0 882663.606    0  241 1300656.86 882663.606  32.1%     -   47s
     0     0 882663.820    0  243 1300656.86 882663.820  32.1%     -   48s
     0     0 882663.979    0  243 1300656.86 882663.979  32.1%     -   48s
     0     0 882686.455    0  244 1300656.86 882686.455  32.1%     -   48s
     0     0 882686.467    0  244 1300656.86 882686.467  32.1%     -   48s
     0     0 882712.648    0  252 1300656.86 882712.648  32.1%     -   48s
     0     0 882712.648    0  252 1300656.86 882712.648  32.1%     -   48s
     0     0 882744.890    0  254 1300656.86 882744.890  32.1%     -   48s
     0     0 882747.340    0  253 1300656.86 882747.340  32.1%     -   48s
     0     0 882748.499    0  253 1300656.86 882748.499  32.1%     -   48s
     0     0 896769.432    0  321 1300656.86 896769.432  31.1%     -   52s
     0     0 896821.374    0  348 1300656.86 896821.374  31.0%     -   53s
     0     0 896829.524    0  346 1300656.86 896829.524  31.0%     -   53s
     0     0 896830.790    0  346 1300656.86 896830.790  31.0%     -   53s
     0     0 896840.190    0  344 1300656.86 896840.190  31.0%     -   53s
     0     0 896841.690    0  344 1300656.86 896841.690  31.0%     -   53s
     0     0 896850.099    0  324 1300656.86 896850.099  31.0%     -   53s
     0     0 896855.251    0  342 1300656.86 896855.251  31.0%     -   53s
     0     0 897554.090    0  318 1300656.86 897554.090  31.0%     -   54s
     0     0 897554.395    0  317 1300656.86 897554.395  31.0%     -   54s
     0     0 897557.271    0  317 1300656.86 897557.271  31.0%     -   54s
     0     0 897557.443    0  317 1300656.86 897557.443  31.0%     -   55s
     0     0 897561.562    0  339 1300656.86 897561.562  31.0%     -   55s
     0     0 897716.116    0  391 1300656.86 897716.116  31.0%     -   55s
     0     0 897780.669    0  392 1300656.86 897780.669  31.0%     -   55s
     0     0 897780.809    0  391 1300656.86 897780.809  31.0%     -   55s
     0     0 897782.272    0  390 1300656.86 897782.272  31.0%     -   56s
     0     0 897782.435    0  389 1300656.86 897782.435  31.0%     -   56s
     0     0 897783.714    0  389 1300656.86 897783.714  31.0%     -   56s
     0     0 897784.452    0  384 1300656.86 897784.452  31.0%     -   56s
     0     0 897784.647    0  387 1300656.86 897784.647  31.0%     -   56s
     0     0 897785.541    0  389 1300656.86 897785.541  31.0%     -   56s
     0     0 897785.853    0  390 1300656.86 897785.853  31.0%     -   56s
     0     0 897787.586    0  383 1300656.86 897787.586  31.0%     -   56s
     0     0 897788.461    0  372 1300656.86 897788.461  31.0%     -   56s
     0     0 899912.545    0  302 1300656.86 899912.545  30.8%     -   59s
     0     0 899912.758    0  300 1300656.86 899912.758  30.8%     -   59s
H    0     0                    1300135.6454 899912.761  30.8%     -   59s
H    0     0                    1300129.3088 899912.761  30.8%     -   59s
H    0     0                    1298044.3211 899912.761  30.7%     -   59s
H    0     0                    1290726.5564 899912.761  30.3%     -   61s
H    0     0                    1288772.3807 899912.761  30.2%     -   61s
H    0     0                    1287092.4118 899912.761  30.1%     -   61s
H    0     0                    1285616.8863 899912.761  30.0%     -   61s
H    0     0                    1279711.6612 899912.761  29.7%     -   61s
     0     0 900022.833    0  296 1279711.66 900022.833  29.7%     -   62s
     0     0 900032.644    0  310 1279711.66 900032.644  29.7%     -   62s
     0     0 900098.679    0  300 1279711.66 900098.679  29.7%     -   62s
     0     0 900098.738    0  299 1279711.66 900098.738  29.7%     -   62s
     0     0 901336.938    0  252 1279711.66 901336.938  29.6%     -   64s
     0     0 901339.995    0  279 1279711.66 901339.995  29.6%     -   64s
     0     0 901344.027    0  268 1279711.66 901344.027  29.6%     -   65s
     0     0 901481.328    0  221 1279711.66 901481.328  29.6%     -   66s
H    0     0                    1279225.6165 901481.359  29.5%     -   66s
H    0     0                    1271815.5383 901481.359  29.1%     -   67s
H    0     0                    1268324.4074 901481.359  28.9%     -   67s
H    0     0                    1246994.6809 901481.359  27.7%     -   67s
H    0     0                    1245216.1662 901481.359  27.6%     -   68s
H    0     0                    1244752.7820 901481.359  27.6%     -   68s
H    0     0                    1239800.9870 901481.359  27.3%     -   68s
H    0     0                    1239032.2361 901481.359  27.2%     -   69s
H    0     0                    1238993.9802 901481.359  27.2%     -   69s
H    0     0                    1237215.4655 901481.359  27.1%     -   69s
H    0     0                    1235836.5676 901481.359  27.1%     -   69s
     0     0 901529.837    0  255 1235836.57 901529.837  27.1%     -   69s
     0     0 901598.264    0  247 1235836.57 901598.264  27.0%     -   70s
     0     0 901602.179    0  252 1235836.57 901602.179  27.0%     -   70s
     0     0 902347.561    0  364 1235836.57 902347.561  27.0%     -   72s
     0     0 902475.915    0  359 1235836.57 902475.915  27.0%     -   72s
     0     0 902491.670    0  397 1235836.57 902491.670  27.0%     -   72s
     0     0 902571.694    0  360 1235836.57 902571.694  27.0%     -   73s
     0     0 902572.951    0  364 1235836.57 902572.951  27.0%     -   73s
     0     0 903778.349    0  398 1235836.57 903778.349  26.9%     -   74s
H    0     0                    1230238.2884 903815.561  26.5%     -   75s
H    0     0                    1230198.1464 903815.561  26.5%     -   75s
H    0     0                    1225522.0069 903815.561  26.3%     -   78s
H    0     0                    1220621.8644 903815.561  26.0%     -   78s
H    0     0                    1217272.2505 903815.561  25.8%     -   78s
     0     0 903999.333    0  411 1217272.25 903999.333  25.7%     -   80s
     0     0 904084.543    0  391 1217272.25 904084.543  25.7%     -   80s
     0     0 904092.001    0  383 1217272.25 904092.001  25.7%     -   81s
     0     0 904093.280    0  377 1217272.25 904093.280  25.7%     -   81s
     0     0 906506.320    0  421 1217272.25 906506.320  25.5%     -   83s
     0     0 906570.951    0  422 1217272.25 906570.951  25.5%     -   84s
     0     0 906585.011    0  447 1217272.25 906585.011  25.5%     -   84s
     0     0 906588.043    0  429 1217272.25 906588.043  25.5%     -   84s
     0     0 908420.540    0  493 1217272.25 908420.540  25.4%     -   87s
     0     0 908786.265    0  620 1217272.25 908786.265  25.3%     -   89s
     0     0 908844.687    0  666 1217272.25 908844.687  25.3%     -   90s
     0     0 908844.863    0  656 1217272.25 908844.863  25.3%     -   90s
     0     0 908871.261    0  613 1217272.25 908871.261  25.3%     -   90s
     0     0 908876.543    0  582 1217272.25 908876.543  25.3%     -   90s
     0     0 910093.564    0  654 1217272.25 910093.564  25.2%     -   93s
     0     0 910274.103    0  592 1217272.25 910274.103  25.2%     -   93s
     0     0 910376.934    0  542 1217272.25 910376.934  25.2%     -   94s
     0     0 910382.907    0  539 1217272.25 910382.907  25.2%     -   94s
     0     0 911896.452    0  589 1217272.25 911896.452  25.1%     -   97s
H    0     0                    1216738.2293 911896.452  25.1%     -   98s
H    0     0                    1199676.1739 911896.452  24.0%     -   99s
     0     0 912536.306    0  605 1199676.17 912536.306  23.9%     -  100s
     0     0 912592.961    0  570 1199676.17 912592.961  23.9%     -  101s
     0     0 912606.004    0  579 1199676.17 912606.004  23.9%     -  101s
     0     0 912606.080    0  581 1199676.17 912606.080  23.9%     -  101s
     0     0 914357.361    0  601 1199676.17 914357.361  23.8%     -  104s
     0     0 914565.532    0  586 1199676.17 914565.532  23.8%     -  104s
     0     0 914632.891    0  554 1199676.17 914632.891  23.8%     -  105s
     0     0 914641.441    0  554 1199676.17 914641.441  23.8%     -  105s
     0     0 914648.398    0  549 1199676.17 914648.398  23.8%     -  105s
     0     0 916745.345    0  620 1199676.17 916745.345  23.6%     -  108s
H    0     0                    1198595.2923 916756.105  23.5%     -  109s
H    0     0                    1198193.4433 916756.105  23.5%     -  109s
H    0     0                    1197112.5617 916756.105  23.4%     -  109s
H    0     0                    1196193.9414 916756.105  23.4%     -  109s
H    0     0                    1194944.7913 916756.105  23.3%     -  109s
H    0     0                    1192917.0745 916756.105  23.2%     -  110s
     0     0 917262.007    0  563 1192917.07 917262.007  23.1%     -  111s
     0     0 917357.634    0  585 1192917.07 917357.634  23.1%     -  112s
     0     0 917368.226    0  571 1192917.07 917368.226  23.1%     -  112s
     0     0 917382.411    0  567 1192917.07 917382.411  23.1%     -  112s
     0     0 917382.440    0  571 1192917.07 917382.440  23.1%     -  112s
     0     0 920530.581    0  547 1192917.07 920530.581  22.8%     -  115s
     0     0 921398.430    0  511 1192917.07 921398.430  22.8%     -  116s
     0     0 922061.378    0  510 1192917.07 922061.378  22.7%     -  117s
     0     0 922217.355    0  509 1192917.07 922217.355  22.7%     -  117s
     0     0 922270.630    0  462 1192917.07 922270.630  22.7%     -  118s
     0     0 922291.643    0  518 1192917.07 922291.643  22.7%     -  119s
     0     0 922293.049    0  552 1192917.07 922293.049  22.7%     -  119s

Cutting planes:
  Learned: 8
  Gomory: 73
  Cover: 157
  Implied bound: 189
  Clique: 142
  MIR: 558
  Knapsack: 7
  StrongCG: 181
  Flow cover: 186
  GUB cover: 42
  Zero half: 2
  Mod-K: 1
  Network: 4
  RLT: 389
  Relax-and-lift: 59
  BQP: 27

Explored 1 nodes (77744 simplex iterations) in 120.09 seconds (167.51 work units)
Thread count was 24 (of 24 available processors)

Solution count 10: 1.19292e+06 1.19494e+06 1.19619e+06 ... 1.22062e+06

Time limit reached
Best objective 1.192917074468e+06, best bound 9.222930491449e+05, gap 22.6859%
