
Gurobi 13.0.2 (linux64, Python) logging started Fri May  8 00:40:47 2026

Set parameter LogToConsole to value 0
Set parameter Username
Set parameter LicenseID to value 2748191
Set parameter TimeLimit to value 600
Set parameter LogFile to value "output/bf_qcv_045/period_2/gurobi.log"
Academic license - for non-commercial use only - expires 2026-12-01
Gurobi Optimizer version 13.0.2 build v13.0.2rc1 (linux64 - "Debian GNU/Linux 13 (trixie)")

CPU model: 13th Gen Intel(R) Core(TM) i7-13700HX, instruction set [SSE2|AVX|AVX2]
Thread count: 24 physical cores, 24 logical processors, using up to 24 threads

Non-default parameters:
TimeLimit  600
LogToConsole  0

Optimize a model with 62480 rows, 49980 columns and 166260 nonzeros (Min)
Model fingerprint: 0x6c792e1c
Model has 20400 linear objective coefficients
Variable types: 40290 continuous, 9690 integer (9690 binary)
Coefficient statistics:
  Matrix range     [1e-02, 1e+04]
  Objective range  [5e+00, 1e+05]
  Bounds range     [1e+00, 1e+00]
  RHS range        [4e-01, 8e+04]

Presolve removed 44697 rows and 35754 columns
Presolve time: 0.37s
Presolved: 17783 rows, 14226 columns, 75111 nonzeros
Variable types: 9399 continuous, 4827 integer (4827 binary)
Found heuristic solution: objective 8034302.5774
Found heuristic solution: objective 1830293.0356

Root relaxation: objective 4.591718e+04, 11653 iterations, 0.44 seconds (0.83 work units)

    Nodes    |    Current Node    |     Objective Bounds      |     Work
 Expl Unexpl |  Obj  Depth IntInf | Incumbent    BestBd   Gap | It/Node Time

     0     0 45917.1766    0  145 1830293.04 45917.1766  97.5%     -    0s
H    0     0                    178090.30364 45917.1766  74.2%     -    0s
H    0     0                    163882.01904 45917.1766  72.0%     -    0s
H    0     0                    162754.52749 45917.1766  71.8%     -    0s
H    0     0                    162315.18788 45917.1766  71.7%     -    1s
H    0     0                    161880.86433 45917.1766  71.6%     -    1s
H    0     0                    157148.61706 45917.1766  70.8%     -    1s
H    0     0                    155134.96381 45917.1766  70.4%     -    1s
H    0     0                    153819.71818 45917.1766  70.1%     -    1s
H    0     0                    139254.43156 45917.1766  67.0%     -    1s
H    0     0                    135350.32826 45917.1766  66.1%     -    1s
H    0     0                    135173.56768 45917.1766  66.0%     -    1s
H    0     0                    133321.73069 45917.1766  65.6%     -    1s
H    0     0                    128656.35243 45917.1766  64.3%     -    1s
H    0     0                    122691.65380 45917.1766  62.6%     -    1s
H    0     0                    119578.76759 45917.1766  61.6%     -    1s
H    0     0                    118243.41776 45917.1766  61.2%     -    1s
H    0     0                    118104.20235 45917.1766  61.1%     -    1s
H    0     0                    117484.92672 45917.1766  60.9%     -    1s
H    0     0                    117114.25025 45917.1766  60.8%     -    1s
H    0     0                    112294.97567 45917.1766  59.1%     -    1s
H    0     0                    91975.412383 45917.1766  50.1%     -    1s
H    0     0                    91961.269267 45917.1766  50.1%     -    1s
H    0     0                    91927.577743 45917.1766  50.1%     -    1s
     0     0 45958.1761    0  155 91927.5777 45958.1761  50.0%     -    2s
H    0     0                    91086.595408 45958.2204  49.5%     -    2s
H    0     0                    91062.171416 45958.2204  49.5%     -    2s
H    0     0                    90988.518044 45958.2204  49.5%     -    2s
H    0     0                    83383.838666 45958.2204  44.9%     -    2s
H    0     0                    83192.076893 45958.2204  44.8%     -    2s
     0     0 45958.2204    0  155 83192.0769 45958.2204  44.8%     -    2s
     0     0 45982.5864    0  164 83192.0769 45982.5864  44.7%     -    3s
     0     0 45982.6134    0  164 83192.0769 45982.6134  44.7%     -    3s
     0     0 45982.6134    0  164 83192.0769 45982.6134  44.7%     -    3s
     0     0 46024.3187    0  172 83192.0769 46024.3187  44.7%     -    3s
     0     0 46024.3297    0  172 83192.0769 46024.3297  44.7%     -    3s
     0     0 46526.3589    0  194 83192.0769 46526.3589  44.1%     -    4s
     0     0 46529.0602    0  193 83192.0769 46529.0602  44.1%     -    4s
     0     0 46529.4713    0  190 83192.0769 46529.4713  44.1%     -    4s
     0     0 47256.5735    0  232 83192.0769 47256.5735  43.2%     -    4s
H    0     0                    81557.015178 47352.3206  41.9%     -    4s
     0     0 47352.3206    0  242 81557.0152 47352.3206  41.9%     -    4s
H    0     0                    81061.150884 47441.8249  41.5%     -    4s
     0     0 47441.8249    0  226 81061.1509 47441.8249  41.5%     -    4s
     0     0 47459.0898    0  235 81061.1509 47459.0898  41.5%     -    4s
     0     0 47460.2185    0  235 81061.1509 47460.2185  41.5%     -    4s
     0     0 47460.7278    0  229 81061.1509 47460.7278  41.5%     -    4s
     0     0 47460.7439    0  228 81061.1509 47460.7439  41.5%     -    4s
H    0     0                    80942.092767 48032.8779  40.7%     -    4s
     0     0 48032.8779    0  227 80942.0928 48032.8779  40.7%     -    4s
     0     0 48037.2919    0  227 80942.0928 48037.2919  40.7%     -    4s
     0     0 48046.2841    0  232 80942.0928 48046.2841  40.6%     -    4s
     0     0 48217.2015    0  228 80942.0928 48217.2015  40.4%     -    5s
     0     0 48294.5478    0  228 80942.0928 48294.5478  40.3%     -    5s
     0     0 48346.3970    0  228 80942.0928 48346.3970  40.3%     -    5s
     0     0 48391.1725    0  228 80942.0928 48391.1725  40.2%     -    5s
     0     0 48393.4558    0  223 80942.0928 48393.4558  40.2%     -    5s
     0     0 48393.6137    0  229 80942.0928 48393.6137  40.2%     -    5s
     0     0 48485.5075    0  233 80942.0928 48485.5075  40.1%     -    5s
     0     0 48495.0223    0  235 80942.0928 48495.0223  40.1%     -    5s
     0     0 48496.0320    0  235 80942.0928 48496.0320  40.1%     -    5s
     0     0 48496.3891    0  235 80942.0928 48496.3891  40.1%     -    5s
     0     0 48513.9461    0  232 80942.0928 48513.9461  40.1%     -    5s
H    0     0                    80838.748637 48513.9606  40.0%     -    5s
     0     0 48514.7834    0  237 80838.7486 48514.7834  40.0%     -    5s
     0     0 48531.8282    0  238 80838.7486 48531.8282  40.0%     -    6s
     0     0 48534.4934    0  239 80838.7486 48534.4934  40.0%     -    6s
     0     0 48537.1272    0  242 80838.7486 48537.1272  40.0%     -    6s
     0     0 48545.1629    0  249 80838.7486 48545.1629  39.9%     -    6s
     0     0 48547.5435    0  242 80838.7486 48547.5435  39.9%     -    6s
     0     0 48583.6581    0  244 80838.7486 48583.6581  39.9%     -    6s
     0     0 48585.5217    0  247 80838.7486 48585.5217  39.9%     -    6s
     0     0 48591.6520    0  249 80838.7486 48591.6520  39.9%     -    6s
     0     0 48593.6906    0  255 80838.7486 48593.6906  39.9%     -    6s
     0     0 48596.4878    0  255 80838.7486 48596.4878  39.9%     -    6s
     0     0 48787.0875    0  235 80838.7486 48787.0875  39.6%     -    6s
     0     0 48793.5227    0  237 80838.7486 48793.5227  39.6%     -    6s
     0     0 48793.7144    0  237 80838.7486 48793.7144  39.6%     -    6s
     0     0 48864.1200    0  239 80838.7486 48864.1200  39.6%     -    6s
     0     0 48882.7734    0  252 80838.7486 48882.7734  39.5%     -    6s
     0     0 48889.9600    0  244 80838.7486 48889.9600  39.5%     -    6s
     0     0 48903.2383    0  244 80838.7486 48903.2383  39.5%     -    7s
     0     0 48903.8611    0  244 80838.7486 48903.8611  39.5%     -    7s
     0     0 49029.6882    0  249 80838.7486 49029.6882  39.3%     -    7s
     0     0 49038.6200    0  251 80838.7486 49038.6200  39.3%     -    7s
     0     0 49041.0707    0  251 80838.7486 49041.0707  39.3%     -    7s
H    0     0                    80455.184087 49041.3061  39.0%     -    7s
     0     0 49041.3061    0  249 80455.1841 49041.3061  39.0%     -    7s
     0     0 49249.4984    0  255 80455.1841 49249.4984  38.8%     -    7s
     0     0 49571.6021    0  231 80455.1841 49571.6021  38.4%     -    7s
     0     0 49578.7874    0  238 80455.1841 49578.7874  38.4%     -    7s
     0     0 49583.6468    0  234 80455.1841 49583.6468  38.4%     -    7s
     0     0 49584.5871    0  235 80455.1841 49584.5871  38.4%     -    7s
     0     0 51957.9208    0  194 80455.1841 51957.9208  35.4%     -    7s
     0     0 52120.6412    0  197 80455.1841 52120.6412  35.2%     -    7s
     0     0 52122.5567    0  188 80455.1841 52122.5567  35.2%     -    7s
     0     0 52311.9681    0  170 80455.1841 52311.9681  35.0%     -    8s
     0     0 52325.5730    0  175 80455.1841 52325.5730  35.0%     -    8s
     0     0 52327.1357    0  171 80455.1841 52327.1357  35.0%     -    8s
H    0     0                    80323.762156 52327.1357  34.9%     -    8s
     0     0 52594.5275    0  180 80323.7622 52594.5275  34.5%     -    8s
H    0     0                    80323.761431 52605.7422  34.5%     -    8s
H    0     0                    80071.128608 52605.7422  34.3%     -    8s
     0     0 52605.7422    0  180 80071.1286 52605.7422  34.3%     -    8s
     0     0 52645.5262    0  174 80071.1286 52645.5262  34.3%     -    8s
     0     0 52653.2817    0  180 80071.1286 52653.2817  34.2%     -    8s
     0     0 52655.5682    0  179 80071.1286 52655.5682  34.2%     -    8s
     0     0 52689.5211    0  181 80071.1286 52689.5211  34.2%     -    8s
     0     0 52752.5956    0  180 80071.1286 52752.5956  34.1%     -    8s
     0     0 52817.1178    0  180 80071.1286 52817.1178  34.0%     -    8s
     0     0 52827.4538    0  178 80071.1286 52827.4538  34.0%     -    8s
     0     0 52830.2656    0  182 80071.1286 52830.2656  34.0%     -    8s
     0     0 52919.5280    0  171 80071.1286 52919.5280  33.9%     -    8s
     0     0 53073.3660    0  182 80071.1286 53073.3660  33.7%     -    9s
     0     0 53194.4434    0  179 80071.1286 53194.4434  33.6%     -    9s
     0     0 53217.9008    0  190 80071.1286 53217.9008  33.5%     -    9s
     0     0 53252.9982    0  192 80071.1286 53252.9982  33.5%     -    9s
     0     0 53263.2181    0  184 80071.1286 53263.2181  33.5%     -    9s
     0     0 53268.5547    0  188 80071.1286 53268.5547  33.5%     -    9s
     0     0 53269.4277    0  188 80071.1286 53269.4277  33.5%     -    9s
     0     0 53464.7185    0  178 80071.1286 53464.7185  33.2%     -    9s
H    0     0                    78774.007928 53468.7552  32.1%     -   10s
H    0     0                    78591.388599 53468.7552  32.0%     -   10s
     0     0 53530.6899    0  183 78591.3886 53530.6899  31.9%     -   10s
     0     0 53560.0274    0  195 78591.3886 53560.0274  31.9%     -   10s
     0     0 53600.2829    0  192 78591.3886 53600.2829  31.8%     -   10s
     0     0 53626.3323    0  196 78591.3886 53626.3323  31.8%     -   10s
     0     0 53647.2743    0  202 78591.3886 53647.2743  31.7%     -   10s
     0     0 53652.3013    0  196 78591.3886 53652.3013  31.7%     -   10s
     0     0 53653.6148    0  206 78591.3886 53653.6148  31.7%     -   10s
     0     0 53837.8664    0  211 78591.3886 53837.8664  31.5%     -   10s
     0     0 53943.4760    0  220 78591.3886 53943.4760  31.4%     -   10s
     0     0 53980.5762    0  223 78591.3886 53980.5762  31.3%     -   10s
     0     0 53984.2498    0  225 78591.3886 53984.2498  31.3%     -   10s
     0     0 54241.8097    0  202 78591.3886 54241.8097  31.0%     -   10s
     0     0 54393.4892    0  198 78591.3886 54393.4892  30.8%     -   11s
     0     0 54439.8241    0  208 78591.3886 54439.8241  30.7%     -   11s
     0     0 54464.4628    0  204 78591.3886 54464.4628  30.7%     -   11s
     0     0 54475.5052    0  208 78591.3886 54475.5052  30.7%     -   11s
     0     0 54487.0153    0  215 78591.3886 54487.0153  30.7%     -   11s
     0     0 54499.8179    0  207 78591.3886 54499.8179  30.7%     -   11s
     0     0 54507.5001    0  220 78591.3886 54507.5001  30.6%     -   11s
     0     0 54510.7183    0  224 78591.3886 54510.7183  30.6%     -   11s
     0     0 54630.1013    0  200 78591.3886 54630.1013  30.5%     -   11s
     0     0 54650.4080    0  193 78591.3886 54650.4080  30.5%     -   11s
     0     0 54652.6110    0  196 78591.3886 54652.6110  30.5%     -   11s
     0     0 54728.8851    0  184 78591.3886 54728.8851  30.4%     -   11s
     0     0 54787.3439    0  170 78591.3886 54787.3439  30.3%     -   11s
     0     0 54794.8490    0  186 78591.3886 54794.8490  30.3%     -   11s
     0     0 54795.3992    0  184 78591.3886 54795.3992  30.3%     -   11s
     0     0 54905.0768    0  172 78591.3886 54905.0768  30.1%     -   11s
     0     0 54946.2102    0  171 78591.3886 54946.2102  30.1%     -   11s
     0     0 54956.2863    0  173 78591.3886 54956.2863  30.1%     -   12s
     0     0 54956.4998    0  175 78591.3886 54956.4998  30.1%     -   12s
     0     0 55109.6306    0  174 78591.3886 55109.6306  29.9%     -   12s
     0     0 55267.4592    0  164 78591.3886 55267.4592  29.7%     -   12s
     0     0 55332.1076    0  174 78591.3886 55332.1076  29.6%     -   12s
     0     0 55333.8967    0  174 78591.3886 55333.8967  29.6%     -   12s
     0     0 55511.1060    0  186 78591.3886 55511.1060  29.4%     -   12s
     0     0 55557.2051    0  163 78591.3886 55557.2051  29.3%     -   13s
     0     0 55601.6846    0  166 78591.3886 55601.6846  29.3%     -   13s
     0     0 55605.1233    0  173 78591.3886 55605.1233  29.2%     -   13s
     0     0 55678.4157    0  171 78591.3886 55678.4157  29.2%     -   13s
     0     0 55726.3337    0  167 78591.3886 55726.3337  29.1%     -   13s
     0     0 55730.7385    0  168 78591.3886 55730.7385  29.1%     -   13s
     0     0 55784.7272    0  188 78591.3886 55784.7272  29.0%     -   13s
     0     0 55809.4883    0  172 78591.3886 55809.4883  29.0%     -   13s
     0     0 55828.2395    0  182 78591.3886 55828.2395  29.0%     -   13s
     0     0 55835.7335    0  184 78591.3886 55835.7335  29.0%     -   13s
     0     0 55838.9028    0  185 78591.3886 55838.9028  29.0%     -   13s
     0     0 55874.5393    0  182 78591.3886 55874.5393  28.9%     -   13s
     0     0 55890.9481    0  192 78591.3886 55890.9481  28.9%     -   14s
     0     0 55898.0066    0  192 78591.3886 55898.0066  28.9%     -   14s
     0     0 55898.2842    0  191 78591.3886 55898.2842  28.9%     -   14s
     0     0 55938.6857    0  169 78591.3886 55938.6857  28.8%     -   14s
H    0     0                    78569.732341 55938.6973  28.8%     -   14s
H    0     0                    78491.770306 55938.6973  28.7%     -   15s
H    0     0                    78490.973068 55938.6973  28.7%     -   16s
H    0     0                    77960.589202 55965.1643  28.2%     -   16s
     0     0 55965.1643    0  176 77960.5892 55965.1643  28.2%     -   16s
     0     0 55974.3107    0  188 77960.5892 55974.3107  28.2%     -   16s
     0     0 55975.5309    0  187 77960.5892 55975.5309  28.2%     -   16s
     0     0 56037.8944    0  176 77960.5892 56037.8944  28.1%     -   16s
     0     0 56057.8706    0  177 77960.5892 56057.8706  28.1%     -   18s
     0     0 56068.9826    0  180 77960.5892 56068.9826  28.1%     -   18s
     0     0 56073.2845    0  193 77960.5892 56073.2845  28.1%     -   18s
     0     0 56130.9230    0  195 77960.5892 56130.9230  28.0%     -   18s
     0     0 56159.6153    0  196 77960.5892 56159.6153  28.0%     -   18s
     0     0 56176.1126    0  188 77960.5892 56176.1126  27.9%     -   18s
     0     0 56181.5847    0  186 77960.5892 56181.5847  27.9%     -   18s
     0     0 56182.0439    0  185 77960.5892 56182.0439  27.9%     -   18s
     0     0 56248.7855    0  183 77960.5892 56248.7855  27.8%     -   18s
     0     0 56346.0606    0  175 77960.5892 56346.0606  27.7%     -   19s
     0     0 56389.3307    0  188 77960.5892 56389.3307  27.7%     -   19s
     0     0 56396.7285    0  192 77960.5892 56396.7285  27.7%     -   19s
     0     0 56403.7344    0  193 77960.5892 56403.7344  27.7%     -   19s
     0     0 56411.4225    0  187 77960.5892 56411.4225  27.6%     -   19s
     0     0 56411.8201    0  195 77960.5892 56411.8201  27.6%     -   19s
     0     0 56562.9432    0  178 77960.5892 56562.9432  27.4%     -   19s
     0     0 56612.2606    0  180 77960.5892 56612.2606  27.4%     -   19s
     0     0 56619.9367    0  190 77960.5892 56619.9367  27.4%     -   19s
     0     0 56620.7854    0  198 77960.5892 56620.7854  27.4%     -   19s
     0     0 56855.4151    0  199 77960.5892 56855.4151  27.1%     -   19s
     0     0 56946.9766    0  182 77960.5892 56946.9766  27.0%     -   19s
     0     0 56983.9639    0  191 77960.5892 56983.9639  26.9%     -   19s
     0     0 56992.6028    0  201 77960.5892 56992.6028  26.9%     -   19s
     0     0 56995.8332    0  199 77960.5892 56995.8332  26.9%     -   19s
     0     0 57226.9367    0  187 77960.5892 57226.9367  26.6%     -   20s
     0     0 57260.9300    0  206 77960.5892 57260.9300  26.6%     -   20s
     0     0 57269.4653    0  203 77960.5892 57269.4653  26.5%     -   20s
     0     0 57274.0172    0  198 77960.5892 57274.0172  26.5%     -   20s
     0     0 57582.5696    0  213 77960.5892 57582.5696  26.1%     -   20s
     0     0 57705.9000    0  197 77960.5892 57705.9000  26.0%     -   20s
     0     0 57763.1393    0  213 77960.5892 57763.1393  25.9%     -   20s
     0     0 57781.1698    0  211 77960.5892 57781.1698  25.9%     -   20s
     0     0 57791.7815    0  214 77960.5892 57791.7815  25.9%     -   20s
     0     0 57796.8361    0  207 77960.5892 57796.8361  25.9%     -   20s
     0     0 58076.2548    0  204 77960.5892 58076.2548  25.5%     -   20s
     0     0 58130.0260    0  212 77960.5892 58130.0260  25.4%     -   20s
     0     0 58184.9354    0  200 77960.5892 58184.9354  25.4%     -   20s
     0     0 58230.8929    0  204 77960.5892 58230.8929  25.3%     -   20s
     0     0 58256.2354    0  210 77960.5892 58256.2354  25.3%     -   20s
     0     0 58258.2167    0  210 77960.5892 58258.2167  25.3%     -   20s
     0     0 58635.2380    0  196 77960.5892 58635.2380  24.8%     -   20s
     0     0 58829.6677    0  195 77960.5892 58829.6677  24.5%     -   21s
     0     0 58918.9031    0  204 77960.5892 58918.9031  24.4%     -   21s
     0     0 58958.0712    0  195 77960.5892 58958.0712  24.4%     -   21s
     0     0 58980.5178    0  195 77960.5892 58980.5178  24.3%     -   21s
     0     0 58984.8191    0  201 77960.5892 58984.8191  24.3%     -   21s
     0     0 59290.8387    0  212 77960.5892 59290.8387  23.9%     -   21s
     0     0 59382.0774    0  219 77960.5892 59382.0774  23.8%     -   21s
     0     0 59396.7387    0  214 77960.5892 59396.7387  23.8%     -   21s
     0     0 59407.2809    0  213 77960.5892 59407.2809  23.8%     -   21s
     0     0 59407.2829    0  216 77960.5892 59407.2829  23.8%     -   21s
     0     0 59621.0368    0  225 77960.5892 59621.0368  23.5%     -   21s
     0     0 59687.6150    0  208 77960.5892 59687.6150  23.4%     -   21s
     0     0 59737.4170    0  211 77960.5892 59737.4170  23.4%     -   21s
     0     0 59758.3796    0  210 77960.5892 59758.3796  23.3%     -   21s
     0     0 59759.8353    0  212 77960.5892 59759.8353  23.3%     -   21s
     0     0 60043.3737    0  213 77960.5892 60043.3737  23.0%     -   21s
     0     0 60111.1585    0  210 77960.5892 60111.1585  22.9%     -   21s
     0     0 60138.3074    0  211 77960.5892 60138.3074  22.9%     -   22s
     0     0 60148.1467    0  210 77960.5892 60148.1467  22.8%     -   22s
     0     0 60148.6679    0  203 77960.5892 60148.6679  22.8%     -   22s
     0     0 60325.3472    0  212 77960.5892 60325.3472  22.6%     -   22s
     0     0 60372.7348    0  213 77960.5892 60372.7348  22.6%     -   22s
     0     0 60422.5077    0  217 77960.5892 60422.5077  22.5%     -   22s
     0     0 60424.8130    0  225 77960.5892 60424.8130  22.5%     -   22s
     0     0 60782.5391    0  213 77960.5892 60782.5391  22.0%     -   22s
     0     0 60830.0672    0  212 77960.5892 60830.0672  22.0%     -   22s
     0     0 60872.1389    0  217 77960.5892 60872.1389  21.9%     -   22s
     0     0 60891.4237    0  222 77960.5892 60891.4237  21.9%     -   22s
     0     0 60899.0684    0  229 77960.5892 60899.0684  21.9%     -   22s
     0     0 61248.7109    0  194 77960.5892 61248.7109  21.4%     -   22s
     0     0 61313.0888    0  203 77960.5892 61313.0888  21.4%     -   22s
     0     0 61350.1047    0  213 77960.5892 61350.1047  21.3%     -   22s
     0     0 61353.0431    0  222 77960.5892 61353.0431  21.3%     -   22s
H    0     0                    77883.992128 61353.0431  21.2%     -   23s
     0     0 61570.9527    0  213 77883.9921 61570.9527  20.9%     -   23s
     0     0 61654.3787    0  214 77883.9921 61654.3787  20.8%     -   23s
     0     0 61676.7751    0  225 77883.9921 61676.7751  20.8%     -   23s
     0     0 61709.5995    0  229 77883.9921 61709.5995  20.8%     -   23s
     0     0 61719.4835    0  219 77883.9921 61719.4835  20.8%     -   23s
     0     0 61720.1816    0  219 77883.9921 61720.1816  20.8%     -   23s
     0     0 62025.0348    0  222 77883.9921 62025.0348  20.4%     -   23s
     0     0 62070.6025    0  224 77883.9921 62070.6025  20.3%     -   23s
     0     0 62091.9979    0  215 77883.9921 62091.9979  20.3%     -   23s
     0     0 62097.0623    0  212 77883.9921 62097.0623  20.3%     -   23s
     0     0 62424.5986    0  216 77883.9921 62424.5986  19.8%     -   23s
     0     0 62482.1207    0  221 77883.9921 62482.1207  19.8%     -   23s
     0     0 62515.6208    0  225 77883.9921 62515.6208  19.7%     -   23s
     0     0 62531.2880    0  230 77883.9921 62531.2880  19.7%     -   23s
     0     0 62532.1680    0  228 77883.9921 62532.1680  19.7%     -   23s
     0     0 62942.7514    0  195 77883.9921 62942.7514  19.2%     -   24s
     0     0 63052.0156    0  201 77883.9921 63052.0156  19.0%     -   24s
     0     0 63089.0677    0  205 77883.9921 63089.0677  19.0%     -   24s
     0     0 63090.5472    0  205 77883.9921 63090.5472  19.0%     -   24s
     0     0 63320.3283    0  194 77883.9921 63320.3283  18.7%     -   24s
     0     0 63406.5489    0  213 77883.9921 63406.5489  18.6%     -   24s
     0     0 63434.0635    0  207 77883.9921 63434.0635  18.6%     -   24s
     0     0 63447.4493    0  208 77883.9921 63447.4493  18.5%     -   24s
     0     0 63450.4068    0  208 77883.9921 63450.4068  18.5%     -   24s
     0     0 63721.2639    0  185 77883.9921 63721.2639  18.2%     -   24s
     0     0 63838.2957    0  208 77883.9921 63838.2957  18.0%     -   24s
     0     0 63865.4599    0  205 77883.9921 63865.4599  18.0%     -   24s
     0     0 63874.2736    0  210 77883.9921 63874.2736  18.0%     -   24s
     0     0 64158.1122    0  205 77883.9921 64158.1122  17.6%     -   24s
     0     0 64171.2472    0  204 77883.9921 64171.2472  17.6%     -   24s
     0     0 64222.4572    0  206 77883.9921 64222.4572  17.5%     -   24s
     0     0 64278.5224    0  210 77883.9921 64278.5224  17.5%     -   24s
     0     0 64278.5224    0  210 77883.9921 64278.5224  17.5%     -   24s
     0     0 64656.8563    0  194 77883.9921 64656.8563  17.0%     -   25s
     0     0 64748.4665    0  198 77883.9921 64748.4665  16.9%     -   25s
     0     0 64756.9164    0  207 77883.9921 64756.9164  16.9%     -   25s
     0     0 64875.4811    0  196 77883.9921 64875.4811  16.7%     -   25s
     0     0 64929.4146    0  208 77883.9921 64929.4146  16.6%     -   25s
     0     0 64952.0960    0  213 77883.9921 64952.0960  16.6%     -   25s
     0     0 64980.1265    0  210 77883.9921 64980.1265  16.6%     -   25s
     0     0 64982.4663    0  215 77883.9921 64982.4663  16.6%     -   25s
     0     0 65045.2420    0  211 77883.9921 65045.2420  16.5%     -   25s
     0     0 65077.5853    0  210 77883.9921 65077.5853  16.4%     -   25s
     0     0 65089.6180    0  221 77883.9921 65089.6180  16.4%     -   25s
     0     0 65091.4527    0  217 77883.9921 65091.4527  16.4%     -   25s
     0     0 65158.2955    0  215 77883.9921 65158.2955  16.3%     -   25s
     0     0 65198.4593    0  221 77883.9921 65198.4593  16.3%     -   25s
     0     0 65199.1330    0  223 77883.9921 65199.1330  16.3%     -   25s
     0     0 65290.0083    0  219 77883.9921 65290.0083  16.2%     -   26s
     0     0 65327.1703    0  230 77883.9921 65327.1703  16.1%     -   26s
     0     0 65343.8907    0  221 77883.9921 65343.8907  16.1%     -   26s
     0     0 65344.0937    0  220 77883.9921 65344.0937  16.1%     -   26s
     0     0 65440.0138    0  220 77883.9921 65440.0138  16.0%     -   26s
     0     0 65496.2090    0  221 77883.9921 65496.2090  15.9%     -   26s
     0     0 65517.3131    0  200 77883.9921 65517.3131  15.9%     -   26s
     0     0 65527.7707    0  210 77883.9921 65527.7707  15.9%     -   26s
     0     0 65531.0199    0  224 77883.9921 65531.0199  15.9%     -   26s
     0     0 65696.5821    0  217 77883.9921 65696.5821  15.6%     -   26s
     0     0 65741.9928    0  212 77883.9921 65741.9928  15.6%     -   26s
     0     0 65757.0666    0  225 77883.9921 65757.0666  15.6%     -   26s
     0     0 65762.4220    0  227 77883.9921 65762.4220  15.6%     -   26s
     0     0 66002.9051    0  217 77883.9921 66002.9051  15.3%     -   26s
     0     0 66063.0433    0  207 77883.9921 66063.0433  15.2%     -   26s
     0     0 66069.5121    0  210 77883.9921 66069.5121  15.2%     -   27s
     0     0 66137.6886    0  214 77883.9921 66137.6886  15.1%     -   27s
     0     0 66159.0686    0  207 77883.9921 66159.0686  15.1%     -   27s
     0     0 66170.5206    0  215 77883.9921 66170.5206  15.0%     -   27s
     0     0 66175.2335    0  213 77883.9921 66175.2335  15.0%     -   27s
     0     0 66228.4343    0  212 77883.9921 66228.4343  15.0%     -   27s
     0     0 66266.3057    0  208 77883.9921 66266.3057  14.9%     -   27s
     0     0 66374.3453    0  195 77883.9921 66374.3453  14.8%     -   27s
     0     0 66374.3453    0  195 77883.9921 66374.3453  14.8%     -   27s
     0     0 66374.3453    0  195 77883.9921 66374.3453  14.8%     -   27s
H    0     0                    77851.172536 66374.6715  14.7%     -   29s
     0     2 66374.6715    0  195 77851.1725 66374.6715  14.7%     -   30s
H  215   217                    77791.028458 66642.8085  14.3%  14.7   31s
H 1953  1862                    77741.854360 66684.2123  14.2%  13.1   34s
  1965  1885 70797.4042   72  129 77741.8544 66684.2123  14.2%  13.1   35s
H 2119  2012                    77664.454316 66684.2123  14.1%  13.4   36s
  3990  3707 76675.7429  146   87 77664.4543 66742.1193  14.1%  18.4   40s
  6270  5779 71582.7965   87  133 77664.4543 66764.3842  14.0%  20.1   45s
H 6595  5491                    77632.374604 66814.2384  13.9%  20.0   48s
  6597  5492 70263.7979   55  199 77632.3746 66814.2384  13.9%  20.0   50s
  6653  5529 71274.6212   14  158 77632.3746 71274.6212  8.19%  19.8   55s
  6690  5556 74975.5830   22  144 77632.3746 74975.5830  3.42%  22.0   60s
  6744  5593 77187.2071   66   76 77632.3746 77187.2071  0.57%  23.1   65s
H 6765  5327                    77623.467951 77197.0012  0.55%  24.4   66s
H 6767  5061                    77616.630624 77197.0012  0.54%  24.4   67s
H 6776  4814                    77527.192500 77197.0094  0.43%  24.4   68s
H 6782  4576                    77484.196227 77231.3551  0.33%  24.3   68s
H 6786  4350                    77467.342009 77231.4117  0.30%  24.3   68s
  6790  4353 77231.4277   22   87 77467.3420 77231.4277  0.30%  24.3   70s
H 6859  4192                    77409.928198 77231.5335  0.23%  25.2   70s
H 6979  4135                    77404.755422 77231.5335  0.22%  25.0   71s
  8215  7587 77232.6179   80   36 77404.7554 77231.5335  0.22%  22.2   75s
H19218 10253                    77403.390059 77231.9022  0.22%  13.7   79s
 21964 12595 77236.1532  125   42 77403.3901 77231.9022  0.22%  12.7   80s
 25794 15825 77234.4062   70   87 77403.3901 77232.7020  0.22%  12.0   85s
H25969 15224                    77403.390012 77233.7341  0.22%  12.2   87s
H26067 14490                    77403.389994 77233.7341  0.22%  12.2   89s
 26094 15518 77234.5369   65   36 77403.3900 77233.7341  0.22%  12.2   90s
H29271 16606                    77403.389877 77233.7341  0.22%  11.5   92s
H30167 15619                    77371.478529 77233.8165  0.18%  11.3   92s
 41615 21908 77240.7929  156   39 77371.4785 77234.0343  0.18%  10.3   95s
H46220 21548                    77369.179512 77234.3627  0.17%  10.2   97s
 57129 26463     cutoff  100      77369.1795 77234.4228  0.17%  11.2  100s
H62891 27207                    77367.707363 77234.4780  0.17%  12.9  102s
H65034 27842                    77364.132144 77234.4780  0.17%  13.7  103s
 67812 29493 77237.8143   85   54 77364.1321 77234.5312  0.17%  13.8  105s
H68755 29249                    77328.379953 77234.5524  0.12%  13.8  107s
 76724 37686 77238.5744   96   56 77328.3800 77234.5845  0.12%  13.5  110s
H80304 35807                    77328.379942 77234.5845  0.12%  13.4  115s
H80324 34029                    77327.862204 77234.5845  0.12%  13.4  119s
 80326 34030 77237.9659   82   84 77327.8622 77234.5845  0.12%  13.4  120s
 80345 34043 77244.6455  156   95 77327.8622 77234.5845  0.12%  13.4  125s
 80372 34061 77235.9423   67  109 77327.8622 77234.5845  0.12%  13.4  130s
 80396 34077 77236.6572  103   59 77327.8622 77234.5845  0.12%  13.3  136s
 80417 34091 77236.8230   76  112 77327.8622 77234.5845  0.12%  13.3  140s
 80444 34109 77235.4925   93  136 77327.8622 77234.5845  0.12%  13.3  145s
 80466 34123 77241.9100   97  130 77327.8622 77234.5845  0.12%  13.3  150s
 80490 34139 77241.2899  167  136 77327.8622 77234.5845  0.12%  13.3  155s
 81403 35806 77306.4283   85    5 77327.8622 77234.5982  0.12%  13.4  160s
 99299 45010 77255.6975   78   10 77327.8622 77234.5982  0.12%  12.3  165s
 132277 60863 77264.0169   95   52 77327.8622 77234.7745  0.12%  11.4  170s
 181580 83263 77259.8098   98    9 77327.8622 77235.5661  0.12%   9.6  175s
 230670 100886 77262.2018  125   11 77327.8622 77236.8629  0.12%   8.7  180s
 236455 103339 77262.2953  104   17 77327.8622 77236.8987  0.12%   8.6  185s
 236499 103369 77265.1617  104   53 77327.8622 77236.8987  0.12%   8.6  190s
 236537 103394 77270.5651  104   67 77327.8622 77236.8987  0.12%   8.6  195s
 236569 103415 77262.8546  104   66 77327.8622 77236.8987  0.12%   8.6  200s
 236616 103447 77313.6967  104   75 77327.8622 77236.8987  0.12%   8.6  205s
 236722 103665 77256.7472   76   21 77327.8622 77236.8987  0.12%   8.6  210s
 283687 120284 77257.7606  115   28 77327.8622 77236.9756  0.12%   7.9  215s
 283729 120312 77268.4758  115   76 77327.8622 77236.9756  0.12%   7.9  220s
 283759 118018 77264.0261  115   75 77327.8622 77236.9756  0.12%   7.9  225s
 283819 118058 77266.2983  115   93 77327.8622 77236.9756  0.12%   7.9  230s
 284994 120867 77257.1885  100   11 77327.8622 77236.9756  0.12%   7.9  235s
H299035 123688                    77320.402069 77236.9756  0.11%  10.8  236s
 350807 144032 77258.2888   93    8 77320.4021 77237.0447  0.11%   7.3  240s
 398655 167476 77262.7322  124   48 77320.4021 77237.6959  0.11%   7.1  245s
 398733 167528 77262.2829  124   55 77320.4021 77237.7568  0.11%   7.1  250s
H439191 182021                    77287.879766 77238.8363  0.06%   9.7  254s
 447791 189230 77268.7193   83   10 77287.8798 77238.8363  0.06%   7.5  255s
 534894 229580 77268.5293  157    7 77287.8798 77239.1106  0.06%   7.7  260s
 642107 289894 77277.6344  108    2 77287.8798 77239.2659  0.06%   7.5  265s
 742414 347725 infeasible  161      77287.8798 77239.3576  0.06%   7.5  270s
 850917 426221 77275.0335  120    3 77287.8798 77239.4469  0.06%   7.4  275s
 958692 504645 77274.8901  108    2 77287.8798 77239.5119  0.06%   7.4  280s
 1075022 584168 77278.9838  150    2 77287.8798 77239.5650  0.06%   7.4  285s
 1189809 665506 77268.8134   92    9 77287.8798 77239.6127  0.06%   7.4  290s
 1290904 735155 77269.0617   87    6 77287.8798 77239.6411  0.06%   7.5  295s
 1391177 801249 77284.9353  179    2 77287.8798 77239.6744  0.06%   7.6  300s
 1477499 857148 infeasible  104      77287.8798 77239.7054  0.06%   7.7  305s
 1565100 919150     cutoff  119      77287.8798 77239.7314  0.06%   7.7  310s
H1628155 960605                    77283.766449 77239.7434  0.06%   8.2  312s
 1655391 983119 77256.6530  100   15 77283.7664 77239.7531  0.06%   7.7  315s
 1757372 1054993 77257.5442  126   11 77283.7664 77239.7791  0.06%   7.7  320s
 1859472 1123789 77256.5544  104   11 77283.7664 77239.8005  0.06%   7.8  325s
 1960304 1196688 77256.5308  107   11 77283.7664 77239.8176  0.06%   7.7  330s
 2058454 1263826     cutoff  126      77283.7664 77239.8366  0.06%   7.7  335s
 2127454 1311827 77271.0069  102    5 77283.7664 77239.8491  0.06%   7.8  340s
 2237001 1388116 77270.0740   99    3 77283.7664 77239.8717  0.06%   7.8  345s
H2255142 1399003                    77283.404576 77239.8738  0.06%   8.2  345s
 2321982 1447676 77269.9203  128    5 77283.4046 77239.8868  0.06%   7.8  350s
 2408749 1519722 infeasible  120      77283.4046 77239.9038  0.06%   7.8  355s
 2502583 1575168     cutoff  185      77283.4046 77239.9196  0.06%   7.8  360s
 2594456 1638514 77257.3668  104   15 77283.4046 77239.9353  0.06%   7.8  365s
 2687057 1704517 77262.4569  105    8 77283.4046 77239.9478  0.06%   7.8  370s
 2777406 1767022 77263.0852  145    8 77283.4046 77239.9598  0.06%   7.8  375s
 2871988 1830337 77261.3007  117    7 77283.4046 77239.9714  0.06%   7.8  380s
 2968658 1897120 77281.9562  171    2 77283.4046 77239.9876  0.06%   7.9  385s
 3045420 1952736 77274.5992  115    4 77283.4046 77239.9974  0.06%   7.9  390s
 3127278 2011560 77269.4138  105    5 77283.4046 77240.0075  0.06%   7.9  395s
 3221916 2076003     cutoff  171      77283.4046 77240.0186  0.06%   7.9  400s
 3312788 2141949 77259.7549  102    7 77283.4046 77240.0265  0.06%   7.9  405s
 3391473 2198476 77256.1895   93    9 77283.4046 77240.0347  0.06%   7.9  410s
 3477331 2260575 77274.7904  114    3 77283.4046 77240.0440  0.06%   7.9  415s
 3531758 2297175 77262.4568  108    7 77283.4046 77240.0521  0.06%   7.9  420s
 3604467 2348559 77260.8227  120    8 77283.4046 77240.0585  0.06%   7.9  425s
 3690154 2408567 77276.6635  131    3 77283.4046 77240.0672  0.06%   7.9  430s
 3763751 2462017 77270.6713  117    4 77283.4046 77240.0762  0.06%   7.9  435s
 3828175 2510483 77259.8848   94    7 77283.4046 77240.0811  0.06%   7.9  440s
 3931151 2582941 77265.2585  121    8 77283.4046 77240.0927  0.06%   7.9  445s
 4033825 2655243     cutoff  184      77283.4046 77240.1034  0.06%   7.9  450s
 4137197 2729861 77255.2388   94    9 77283.4046 77240.1130  0.06%   7.9  455s
 4243011 2804459 77256.1601  101   15 77283.4046 77240.1231  0.06%   7.9  460s
 4339233 2873745 77260.4134  111   13 77283.4046 77240.1319  0.06%   7.9  465s
 4439137 2948047 77256.9083   96   10 77283.4046 77240.1404  0.06%   7.9  470s
 4548298 3024867 77257.9248   98   11 77283.4046 77240.1495  0.06%   7.9  475s
 4648667 3099621 77265.0569  177    8 77283.4046 77240.1564  0.06%   7.9  480s
 4749901 3171388     cutoff  118      77283.4046 77240.1648  0.06%   7.9  485s
 4849458 3242768 77261.5082  145   12 77283.4046 77240.1713  0.06%   7.9  490s
 4948704 3314033 77257.2112   87   16 77283.4046 77240.1797  0.06%   7.9  495s
 5047810 3383407     cutoff  106      77283.4046 77240.1861  0.06%   7.9  500s
 5144157 3450325 77257.4212  115   11 77283.4046 77240.1941  0.06%   7.9  505s
 5231107 3511153 infeasible  132      77283.4046 77240.2004  0.06%   7.9  510s
 5323548 3575179 infeasible  119      77283.4046 77240.2067  0.06%   7.9  515s
 5392967 3625971 77268.8145  100    9 77283.4046 77240.2126  0.06%   7.9  520s
 5478627 3686459 77260.2143  120   13 77283.4046 77240.2178  0.06%   7.9  525s
 5568321 3756648 77259.1533  143    8 77283.4046 77240.2236  0.06%   7.9  530s
 5672105 3824347 77258.0845  132   17 77283.4046 77240.2300  0.06%   7.9  535s
 5775390 3895840 77256.8357  103   16 77283.4046 77240.2362  0.06%   7.9  540s
H5848341 3944339                    77283.062058 77240.2409  0.06%   8.1  543s
 5873568 3965604 77259.4969  170   11 77283.0621 77240.2435  0.06%   7.9  545s
 5977677 4040188 77256.0300  109   13 77283.0621 77240.2503  0.06%   7.9  550s
 6083505 4118065 77263.7662  188    8 77283.0621 77240.2572  0.06%   7.9  555s
 6182010 4184133 77261.8911  146    7 77283.0621 77240.2634  0.06%   7.9  560s
 6289976 4260467 infeasible  108      77283.0621 77240.2704  0.06%   7.9  565s
 6393174 4332998 77259.0903  156    8 77283.0621 77240.2764  0.06%   7.9  570s
 6497757 4410563 77259.2943  149    8 77283.0621 77240.2825  0.06%   7.9  575s
 6603599 4486257 77258.3098  119   11 77283.0621 77240.2891  0.06%   7.9  580s
 6706839 4559758     cutoff  148      77283.0621 77240.2952  0.06%   7.9  585s
 6803089 4628076 77257.9466  104    8 77283.0621 77240.3011  0.06%   7.9  590s
 6907202 4702258 77256.4785  111   14 77283.0621 77240.3069  0.06%   7.9  595s
 7010195 4775825 77258.4787  143    8 77283.0621 77240.3127  0.06%   7.9  600s

Cutting planes:
  Gomory: 55
  Lift-and-project: 53
  Cover: 5
  MIR: 159
  Flow cover: 21
  Relax-and-lift: 1

Explored 7012959 nodes (56449330 simplex iterations) in 603.93 seconds (622.26 work units)
Thread count was 24 (of 24 available processors)

Solution count 10: 77283.1 77283.1 77287.9 ... 77403.4

Time limit reached
Warning: max constraint violation (4.6290e-06) exceeds tolerance
Best objective 7.728306193101e+04, best bound 7.724031279898e+04, gap 0.0553%
