
Gurobi 13.0.2 (linux64, Python) logging started Sat Aug 22 14:39:10 2026

Set parameter LogToConsole to value 0
Set parameter Username
Set parameter LicenseID to value 2748191
Set parameter TimeLimit to value 120
Set parameter LogFile to value "output/bf_sae1006_050/weighted_loss/retail_y_2__retail_v_4__retail_v_4__rolled_leftover_4/period_4/gurobi.log"
Academic license - for non-commercial use only - expires 2026-12-01
Gurobi Optimizer version 13.0.2 build v13.0.2rc1 (linux64 - "Debian GNU/Linux 13 (trixie)")

CPU model: 13th Gen Intel(R) Core(TM) i7-13700HX, instruction set [SSE2|AVX|AVX2]
Thread count: 24 physical cores, 24 logical processors, using up to 24 threads

Non-default parameters:
TimeLimit  120
LogToConsole  0

Optimize a model with 2812 rows, 2054 columns and 6852 nonzeros (Min)
Model fingerprint: 0xc4088a3c
Model has 714 linear objective coefficients and an objective constant of 5.4116175343999988e+04
Variable types: 1624 continuous, 430 integer (430 binary)
Coefficient statistics:
  Matrix range     [1e-02, 1e+04]
  Objective range  [1e+01, 2e+05]
  Bounds range     [1e+00, 1e+00]
  RHS range        [1e-01, 2e+04]

Presolve removed 2049 rows and 1477 columns
Presolve time: 0.02s
Presolved: 763 rows, 577 columns, 2508 nonzeros
Variable types: 375 continuous, 202 integer (202 binary)
Found heuristic solution: objective 831986.36442
Found heuristic solution: objective 771242.03116

Root relaxation: objective 1.304788e+05, 270 iterations, 0.00 seconds (0.00 work units)

    Nodes    |    Current Node    |     Objective Bounds      |     Work
 Expl Unexpl |  Obj  Depth IntInf | Incumbent    BestBd   Gap | It/Node Time

     0     0 130478.800    0   25 771242.031 130478.800  83.1%     -    0s
H    0     0                    764346.27769 130478.800  82.9%     -    0s
H    0     0                    392968.90503 130478.800  66.8%     -    0s
     0     0 130673.089    0   24 392968.905 130673.089  66.7%     -    0s
     0     0 130920.584    0   25 392968.905 130920.584  66.7%     -    0s
H    0     0                    233586.30689 130940.741  43.9%     -    0s
H    0     0                    198785.05726 130940.741  34.1%     -    0s
     0     0 132556.196    0   23 198785.057 132556.196  33.3%     -    0s
     0     0 132598.823    0   28 198785.057 132598.823  33.3%     -    0s
     0     0 132601.150    0   23 198785.057 132601.150  33.3%     -    0s
     0     0 133778.379    0   25 198785.057 133778.379  32.7%     -    0s
H    0     0                    181855.54372 133790.351  26.4%     -    0s
     0     0 133790.351    0   25 181855.544 133790.351  26.4%     -    0s
     0     0 162311.931    0   43 181855.544 162311.931  10.7%     -    0s
     0     0 162311.931    0   44 181855.544 162311.931  10.7%     -    0s
H    0     0                    181255.03226 162311.931  10.5%     -    0s
H    0     0                    172425.91572 162645.108  5.67%     -    0s
     0     0 162645.108    0   40 172425.916 162645.108  5.67%     -    0s
     0     0 162645.108    0   43 172425.916 162645.108  5.67%     -    0s
H    0     0                    171582.64947 162645.108  5.21%     -    0s
     0     0 162645.108    0   43 171582.649 162645.108  5.21%     -    0s
     0     0 162645.108    0   43 171582.649 162645.108  5.21%     -    0s
     0     0 162645.108    0   40 171582.649 162645.108  5.21%     -    0s
     0     2 162645.108    0   39 171582.649 162645.108  5.21%     -    0s
H  151    64                    166563.60358 162645.108  2.35%  12.5    0s

Cutting planes:
  Learned: 10
  Gomory: 2
  Lift-and-project: 1
  Cover: 12
  Implied bound: 29
  Clique: 5
  MIR: 38
  StrongCG: 1
  Flow cover: 24
  GUB cover: 10
  Zero half: 2
  Mod-K: 1
  RLT: 13
  Relax-and-lift: 13
  PSD: 1

Explored 446 nodes (5026 simplex iterations) in 0.19 seconds (0.17 work units)
Thread count was 24 (of 24 available processors)

Solution count 10: 166564 171583 172426 ... 771242

Optimal solution found (tolerance 1.00e-04)
Best objective 1.665636035818e+05, best bound 1.665636035818e+05, gap 0.0000%
