
Gurobi 13.0.2 (linux64, Python) logging started Thu Aug 13 23:36:06 2026

Set parameter LogToConsole to value 0
Set parameter Username
Set parameter LicenseID to value 2748191
Set parameter TimeLimit to value 120
Set parameter LogFile to value "output/bf_qcv_045/weighted_loss/retail_y_4__retail_v_4__rolled_leftover_4/period_4/gurobi.log"
Academic license - for non-commercial use only - expires 2026-12-01
Gurobi Optimizer version 13.0.2 build v13.0.2rc1 (linux64 - "Debian GNU/Linux 13 (trixie)")

CPU model: 13th Gen Intel(R) Core(TM) i7-13700HX, instruction set [SSE2|AVX|AVX2]
Thread count: 24 physical cores, 24 logical processors, using up to 24 threads

Non-default parameters:
TimeLimit  120
LogToConsole  0

Optimize a model with 62893 rows, 50311 columns and 167300 nonzeros (Min)
Model fingerprint: 0xb75922cc
Model has 20425 linear objective coefficients and an objective constant of 491.61246
Variable types: 40556 continuous, 9755 integer (9755 binary)
Coefficient statistics:
  Matrix range     [1e-02, 1e+04]
  Objective range  [2e+01, 2e+05]
  Bounds range     [1e+00, 1e+00]
  RHS range        [2e-01, 7e+04]

Presolve removed 45110 rows and 36084 columns
Presolve time: 0.27s
Presolved: 17783 rows, 14227 columns, 75112 nonzeros
Variable types: 9400 continuous, 4827 integer (4827 binary)
Found heuristic solution: objective 3.451353e+07

Root relaxation: objective 1.362086e+06, 12409 iterations, 0.38 seconds (1.01 work units)

    Nodes    |    Current Node    |     Objective Bounds      |     Work
 Expl Unexpl |  Obj  Depth IntInf | Incumbent    BestBd   Gap | It/Node Time

     0     0 1362085.65    0  120 3.4514e+07 1362085.65  96.1%     -    0s
H    0     0                    1949457.1766 1362085.65  30.1%     -    0s
H    0     0                    1928791.5727 1362085.65  29.4%     -    0s
H    0     0                    1921660.8047 1362085.65  29.1%     -    0s
H    0     0                    1919707.1741 1362085.65  29.0%     -    0s
H    0     0                    1858897.7534 1362085.65  26.7%     -    0s
H    0     0                    1856591.5799 1362085.65  26.6%     -    0s
H    0     0                    1649794.7397 1362085.65  17.4%     -    0s
H    0     0                    1642613.3811 1362085.65  17.1%     -    0s
H    0     0                    1642239.1323 1362085.65  17.1%     -    1s
H    0     0                    1600594.9747 1362085.65  14.9%     -    1s
H    0     0                    1600220.1417 1362085.65  14.9%     -    1s
H    0     0                    1600215.4167 1362085.65  14.9%     -    1s
H    0     0                    1478728.6467 1362085.65  7.89%     -    1s
     0     0 1362374.40    0  129 1478728.65 1362374.40  7.87%     -    1s
H    0     0                    1478132.8359 1362374.55  7.83%     -    1s
H    0     0                    1458409.2902 1362374.55  6.58%     -    1s
H    0     0                    1453709.7277 1362374.55  6.28%     -    1s
H    0     0                    1451899.3044 1362374.55  6.17%     -    1s
H    0     0                    1451045.5509 1362374.55  6.11%     -    1s
     0     0 1362410.18    0  129 1451045.55 1362410.18  6.11%     -    1s
     0     0 1362447.94    0  131 1451045.55 1362447.94  6.11%     -    1s
     0     0 1362465.78    0  131 1451045.55 1362465.78  6.10%     -    2s
     0     0 1362496.67    0  131 1451045.55 1362496.67  6.10%     -    2s
     0     0 1362526.82    0  131 1451045.55 1362526.82  6.10%     -    2s
     0     0 1362552.41    0  131 1451045.55 1362552.41  6.10%     -    2s
     0     0 1362572.09    0  131 1451045.55 1362572.09  6.10%     -    2s
     0     0 1362626.31    0  133 1451045.55 1362626.31  6.09%     -    2s
     0     0 1362726.15    0  133 1451045.55 1362726.15  6.09%     -    2s
     0     0 1362852.67    0  146 1451045.55 1362852.67  6.08%     -    2s
     0     0 1362860.66    0  149 1451045.55 1362860.66  6.08%     -    2s
     0     0 1362996.44    0  149 1451045.55 1362996.44  6.07%     -    2s
     0     0 1363006.03    0  151 1451045.55 1363006.03  6.07%     -    2s
     0     0 1363231.71    0  162 1451045.55 1363231.71  6.05%     -    2s
H    0     0                    1447604.3515 1363231.80  5.83%     -    3s
     0     0 1363277.01    0  162 1447604.35 1363277.01  5.83%     -    3s
     0     0 1364247.48    0  139 1447604.35 1364247.48  5.76%     -    4s
     0     0 1364250.29    0  130 1447604.35 1364250.29  5.76%     -    4s
     0     0 1364250.70    0  128 1447604.35 1364250.70  5.76%     -    4s
     0     0 1364351.27    0  123 1447604.35 1364351.27  5.75%     -    4s
     0     0 1364363.18    0  126 1447604.35 1364363.18  5.75%     -    4s
     0     0 1364364.05    0  127 1447604.35 1364364.05  5.75%     -    4s
     0     0 1364365.02    0  124 1447604.35 1364365.02  5.75%     -    4s
     0     0 1364365.45    0  124 1447604.35 1364365.45  5.75%     -    4s
     0     0 1364434.48    0  142 1447604.35 1364434.48  5.75%     -    4s
     0     0 1364441.65    0  137 1447604.35 1364441.65  5.74%     -    4s
     0     0 1364442.67    0  136 1447604.35 1364442.67  5.74%     -    4s
     0     0 1364443.89    0  135 1447604.35 1364443.89  5.74%     -    4s
     0     0 1364443.97    0  136 1447604.35 1364443.97  5.74%     -    4s
     0     0 1364535.53    0  151 1447604.35 1364535.53  5.74%     -    4s
     0     0 1364573.49    0  150 1447604.35 1364573.49  5.74%     -    4s
     0     0 1364576.17    0  147 1447604.35 1364576.17  5.74%     -    4s
     0     0 1364576.17    0  147 1447604.35 1364576.17  5.74%     -    4s
     0     0 1365105.58    0  150 1447604.35 1365105.58  5.70%     -    4s
     0     0 1365232.93    0  148 1447604.35 1365232.93  5.69%     -    5s
     0     0 1365235.10    0  147 1447604.35 1365235.10  5.69%     -    5s
     0     0 1365236.61    0  144 1447604.35 1365236.61  5.69%     -    5s
     0     0 1368691.48    0  140 1447604.35 1368691.48  5.45%     -    5s
H    0     0                    1442851.6580 1368695.20  5.14%     -    5s
H    0     0                    1442511.8767 1368695.20  5.12%     -    5s
     0     0 1368712.24    0  148 1442511.88 1368712.24  5.12%     -    5s
     0     0 1368712.49    0  149 1442511.88 1368712.49  5.12%     -    5s
     0     0 1368948.13    0  154 1442511.88 1368948.13  5.10%     -    5s
     0     0 1368974.45    0  153 1442511.88 1368974.45  5.10%     -    6s
     0     0 1368976.71    0  154 1442511.88 1368976.71  5.10%     -    6s
     0     0 1369369.22    0  143 1442511.88 1369369.22  5.07%     -    6s
     0     0 1369491.66    0  146 1442511.88 1369491.66  5.06%     -    6s
     0     0 1369709.26    0  141 1442511.88 1369709.26  5.05%     -    6s
     0     0 1369854.27    0  130 1442511.88 1369854.27  5.04%     -    6s
     0     0 1370137.27    0  142 1442511.88 1370137.27  5.02%     -    6s
     0     0 1370324.54    0  148 1442511.88 1370324.54  5.00%     -    6s
     0     0 1370333.15    0  145 1442511.88 1370333.15  5.00%     -    6s
     0     0 1370333.59    0  147 1442511.88 1370333.59  5.00%     -    6s
     0     0 1370500.63    0  144 1442511.88 1370500.63  4.99%     -    6s
     0     0 1370621.18    0  151 1442511.88 1370621.18  4.98%     -    7s
     0     0 1370678.46    0  146 1442511.88 1370678.46  4.98%     -    7s
     0     0 1370694.40    0  145 1442511.88 1370694.40  4.98%     -    7s
     0     0 1370812.30    0  148 1442511.88 1370812.30  4.97%     -    7s
     0     0 1370842.85    0  147 1442511.88 1370842.85  4.97%     -    7s
     0     0 1370843.68    0  150 1442511.88 1370843.68  4.97%     -    7s
     0     0 1371359.26    0  144 1442511.88 1371359.26  4.93%     -    7s
     0     0 1371562.14    0  142 1442511.88 1371562.14  4.92%     -    7s
     0     0 1371575.10    0  135 1442511.88 1371575.10  4.92%     -    7s
     0     0 1371575.13    0  136 1442511.88 1371575.13  4.92%     -    7s
     0     0 1371877.17    0  143 1442511.88 1371877.17  4.90%     -    7s
     0     0 1371898.17    0  146 1442511.88 1371898.17  4.90%     -    7s
     0     0 1371899.85    0  147 1442511.88 1371899.85  4.90%     -    7s
     0     0 1371933.14    0  159 1442511.88 1371933.14  4.89%     -    7s
     0     0 1371946.83    0  152 1442511.88 1371946.83  4.89%     -    7s
     0     0 1371949.95    0  150 1442511.88 1371949.95  4.89%     -    7s
     0     0 1372010.77    0  166 1442511.88 1372010.77  4.89%     -    7s
     0     0 1372034.22    0  172 1442511.88 1372034.22  4.89%     -    8s
     0     0 1372041.36    0  174 1442511.88 1372041.36  4.89%     -    8s
     0     0 1372047.04    0  182 1442511.88 1372047.04  4.88%     -    8s
     0     0 1372050.95    0  189 1442511.88 1372050.95  4.88%     -    8s
     0     0 1372213.68    0  183 1442511.88 1372213.68  4.87%     -    8s
     0     0 1372247.68    0  199 1442511.88 1372247.68  4.87%     -    8s
     0     0 1372247.68    0  196 1442511.88 1372247.68  4.87%     -    8s
     0     0 1372259.43    0  201 1442511.88 1372259.43  4.87%     -    8s
     0     0 1372261.21    0  201 1442511.88 1372261.21  4.87%     -    8s
     0     0 1372982.39    0  181 1442511.88 1372982.39  4.82%     -    8s
     0     0 1373236.49    0  189 1442511.88 1373236.49  4.80%     -    8s
     0     0 1373250.01    0  187 1442511.88 1373250.01  4.80%     -    8s
     0     0 1373262.39    0  186 1442511.88 1373262.39  4.80%     -    8s
     0     0 1373263.02    0  187 1442511.88 1373263.02  4.80%     -    9s
     0     0 1373574.02    0  182 1442511.88 1373574.02  4.78%     -    9s
     0     0 1373617.21    0  184 1442511.88 1373617.21  4.78%     -    9s
     0     0 1373640.53    0  186 1442511.88 1373640.53  4.77%     -    9s
     0     0 1373649.25    0  185 1442511.88 1373649.25  4.77%     -    9s
     0     0 1373649.91    0  185 1442511.88 1373649.91  4.77%     -    9s
     0     0 1373953.65    0  180 1442511.88 1373953.65  4.75%     -    9s
     0     0 1373983.53    0  180 1442511.88 1373983.53  4.75%     -    9s
     0     0 1374051.48    0  177 1442511.88 1374051.48  4.75%     -   10s
     0     0 1374068.16    0  180 1442511.88 1374068.16  4.74%     -   10s
     0     0 1374480.43    0  183 1442511.88 1374480.43  4.72%     -   10s
     0     0 1374565.69    0  186 1442511.88 1374565.69  4.71%     -   10s
     0     0 1374592.92    0  186 1442511.88 1374592.92  4.71%     -   10s
     0     0 1374601.05    0  187 1442511.88 1374601.05  4.71%     -   10s
     0     0 1374607.66    0  186 1442511.88 1374607.66  4.71%     -   10s
     0     0 1374608.79    0  186 1442511.88 1374608.79  4.71%     -   10s
     0     0 1375292.95    0  184 1442511.88 1375292.95  4.66%     -   10s
     0     0 1375375.31    0  183 1442511.88 1375375.31  4.65%     -   11s
     0     0 1375390.64    0  177 1442511.88 1375390.64  4.65%     -   11s
     0     0 1375391.13    0  186 1442511.88 1375391.13  4.65%     -   11s
     0     0 1375752.46    0  187 1442511.88 1375752.46  4.63%     -   11s
     0     0 1375816.62    0  184 1442511.88 1375816.62  4.62%     -   11s
     0     0 1375833.54    0  190 1442511.88 1375833.54  4.62%     -   11s
     0     0 1375841.42    0  172 1442511.88 1375841.42  4.62%     -   11s
     0     0 1375842.00    0  171 1442511.88 1375842.00  4.62%     -   11s
     0     0 1376027.20    0  184 1442511.88 1376027.20  4.61%     -   11s
     0     0 1376081.67    0  182 1442511.88 1376081.67  4.61%     -   11s
     0     0 1376092.99    0  174 1442511.88 1376092.99  4.60%     -   11s
     0     0 1376093.21    0  184 1442511.88 1376093.21  4.60%     -   11s
     0     0 1376180.66    0  180 1442511.88 1376180.66  4.60%     -   11s
     0     0 1376231.20    0  178 1442511.88 1376231.20  4.59%     -   12s
     0     0 1376236.60    0  181 1442511.88 1376236.60  4.59%     -   12s
     0     0 1376359.64    0  181 1442511.88 1376359.64  4.59%     -   12s
H    0     0                    1442138.1535 1376369.53  4.56%     -   12s
     0     0 1376400.97    0  181 1442138.15 1376400.97  4.56%     -   12s
     0     0 1376401.03    0  185 1442138.15 1376401.03  4.56%     -   12s
     0     0 1376538.90    0  178 1442138.15 1376538.90  4.55%     -   12s
     0     0 1376602.12    0  190 1442138.15 1376602.12  4.54%     -   13s
     0     0 1376637.66    0  190 1442138.15 1376637.66  4.54%     -   13s
     0     0 1376654.63    0  182 1442138.15 1376654.63  4.54%     -   13s
     0     0 1376671.35    0  175 1442138.15 1376671.35  4.54%     -   13s
     0     0 1376671.42    0  176 1442138.15 1376671.42  4.54%     -   13s
     0     0 1377043.37    0  195 1442138.15 1377043.37  4.51%     -   13s
     0     0 1377167.47    0  195 1442138.15 1377167.47  4.51%     -   13s
     0     0 1377251.81    0  185 1442138.15 1377251.81  4.50%     -   13s
     0     0 1377260.51    0  191 1442138.15 1377260.51  4.50%     -   13s
     0     0 1377262.30    0  186 1442138.15 1377262.30  4.50%     -   13s
     0     0 1377750.93    0  195 1442138.15 1377750.93  4.46%     -   13s
     0     0 1378213.19    0  200 1442138.15 1378213.19  4.43%     -   14s
     0     0 1378347.11    0  197 1442138.15 1378347.11  4.42%     -   14s
     0     0 1378388.02    0  199 1442138.15 1378388.02  4.42%     -   14s
     0     0 1378408.18    0  201 1442138.15 1378408.18  4.42%     -   14s
     0     0 1378413.07    0  204 1442138.15 1378413.07  4.42%     -   14s
     0     0 1378984.98    0  190 1442138.15 1378984.98  4.38%     -   14s
H    0     0                    1441915.3188 1379073.44  4.36%     -   14s
     0     0 1379268.58    0  198 1441915.32 1379268.58  4.34%     -   14s
     0     0 1379408.93    0  194 1441915.32 1379408.93  4.33%     -   15s
     0     0 1379418.46    0  209 1441915.32 1379418.46  4.33%     -   15s
     0     0 1380252.84    0  189 1441915.32 1380252.84  4.28%     -   15s
     0     0 1380845.87    0  192 1441915.32 1380845.87  4.24%     -   15s
     0     0 1380992.94    0  198 1441915.32 1380992.94  4.23%     -   15s
     0     0 1381013.56    0  203 1441915.32 1381013.56  4.22%     -   15s
     0     0 1382170.37    0  185 1441915.32 1382170.37  4.14%     -   16s
     0     0 1382764.38    0  206 1441915.32 1382764.38  4.10%     -   16s
     0     0 1382966.10    0  200 1441915.32 1382966.10  4.09%     -   16s
     0     0 1382971.82    0  202 1441915.32 1382971.82  4.09%     -   16s
     0     0 1383592.94    0  204 1441915.32 1383592.94  4.04%     -   16s
     0     0 1383973.22    0  211 1441915.32 1383973.22  4.02%     -   16s
     0     0 1384049.56    0  217 1441915.32 1384049.56  4.01%     -   16s
     0     0 1384052.04    0  206 1441915.32 1384052.04  4.01%     -   16s
     0     0 1384664.18    0  204 1441915.32 1384664.18  3.97%     -   16s
     0     0 1384919.20    0  211 1441915.32 1384919.20  3.95%     -   16s
     0     0 1384987.16    0  218 1441915.32 1384987.16  3.95%     -   16s
     0     0 1384990.45    0  209 1441915.32 1384990.45  3.95%     -   16s
     0     0 1386606.60    0  194 1441915.32 1386606.60  3.84%     -   16s
     0     0 1387170.07    0  192 1441915.32 1387170.07  3.80%     -   16s
     0     0 1387231.97    0  197 1441915.32 1387231.97  3.79%     -   17s
     0     0 1387233.79    0  205 1441915.32 1387233.79  3.79%     -   17s
     0     0 1387864.77    0  195 1441915.32 1387864.77  3.75%     -   17s
H    0     0                    1441684.6789 1387864.83  3.73%     -   17s
     0     0 1387891.96    0  195 1441684.68 1387891.96  3.73%     -   17s
     0     0 1387925.99    0  195 1441684.68 1387925.99  3.73%     -   17s
     0     0 1387929.27    0  196 1441684.68 1387929.27  3.73%     -   17s
     0     0 1388564.67    0  201 1441684.68 1388564.67  3.68%     -   17s
     0     0 1388685.43    0  206 1441684.68 1388685.43  3.68%     -   17s
     0     0 1388744.96    0  213 1441684.68 1388744.96  3.67%     -   17s
     0     0 1388788.32    0  212 1441684.68 1388788.32  3.67%     -   17s
     0     0 1388806.78    0  214 1441684.68 1388806.78  3.67%     -   18s
     0     0 1388807.40    0  214 1441684.68 1388807.40  3.67%     -   18s
     0     0 1389573.23    0  218 1441684.68 1389573.23  3.61%     -   18s
     0     0 1389763.70    0  207 1441684.68 1389763.70  3.60%     -   18s
     0     0 1389879.86    0  221 1441684.68 1389879.86  3.59%     -   18s
     0     0 1389909.59    0  222 1441684.68 1389909.59  3.59%     -   18s
     0     0 1389909.73    0  225 1441684.68 1389909.73  3.59%     -   18s
     0     0 1390507.94    0  210 1441684.68 1390507.94  3.55%     -   18s
     0     0 1390601.25    0  198 1441684.68 1390601.25  3.54%     -   18s
     0     0 1390605.85    0  200 1441684.68 1390605.85  3.54%     -   18s
     0     0 1390884.40    0  208 1441684.68 1390884.40  3.52%     -   18s
H    0     0                    1441684.4712 1390885.46  3.52%     -   18s
H    0     0                    1441616.2710 1390885.46  3.52%     -   18s
     0     0 1390915.58    0  230 1441616.27 1390915.58  3.52%     -   19s
     0     0 1390960.68    0  228 1441616.27 1390960.68  3.51%     -   19s
     0     0 1390960.69    0  228 1441616.27 1390960.69  3.51%     -   19s
     0     0 1391176.79    0  219 1441616.27 1391176.79  3.50%     -   19s
     0     0 1391205.62    0  205 1441616.27 1391205.62  3.50%     -   19s
     0     0 1391232.16    0  208 1441616.27 1391232.16  3.49%     -   19s
     0     0 1391254.19    0  214 1441616.27 1391254.19  3.49%     -   19s
     0     0 1391268.83    0  209 1441616.27 1391268.83  3.49%     -   19s
     0     0 1391288.29    0  216 1441616.27 1391288.29  3.49%     -   19s
     0     0 1391292.34    0  214 1441616.27 1391292.34  3.49%     -   19s
     0     0 1391369.04    0  211 1441616.27 1391369.04  3.49%     -   19s
     0     0 1391374.80    0  220 1441616.27 1391374.80  3.49%     -   19s
     0     0 1391436.50    0  213 1441616.27 1391436.50  3.48%     -   19s
     0     0 1391436.69    0  213 1441616.27 1391436.69  3.48%     -   20s
     0     0 1391526.79    0  211 1441616.27 1391526.79  3.47%     -   20s
     0     0 1391526.79    0  211 1441616.27 1391526.79  3.47%     -   20s
     0     0 1391526.79    0  211 1441616.27 1391526.79  3.47%     -   20s
H    0     0                    1441508.9274 1391527.85  3.47%     -   21s
     0     2 1391527.85    0  211 1441508.93 1391527.85  3.47%     -   21s
H  238   232                    1441490.8632 1392490.33  3.40%  31.0   23s
H  396   362                    1441097.1824 1392490.33  3.37%  21.9   23s
  1180  1214 1396424.58   46  157 1441097.18 1392490.33  3.37%  16.2   25s
H 2098  2023                    1440435.9228 1392964.80  3.30%  20.7   27s
H 2983  2919                    1440205.2828 1392964.80  3.28%  21.8   29s
  3172  3165 1412161.83  116  123 1440205.28 1392964.80  3.28%  22.7   30s
H 3502  3322                    1438750.4687 1392986.52  3.18%  23.3   30s
  4844  4594 1419946.88  163  113 1438750.47 1393456.72  3.15%  29.5   35s
  6533  6254 1430386.99  274   25 1438750.47 1394748.11  3.06%  34.1   40s
H 7281  6226                    1438397.1633 1394748.11  3.03%  33.9   44s
  7283  6227 1430755.76  187  156 1438397.16 1394748.11  3.03%  33.8   45s
H 7290  5920                    1438277.0225 1394748.11  3.03%  33.8   46s
H 7291  5624                    1438272.5351 1394748.11  3.03%  33.8   46s
H 7301  5349                    1436772.0857 1394748.11  2.92%  33.8   46s
H 7306  5084                    1436542.6315 1396301.53  2.80%  33.7   47s
H 7317  4837                    1435996.6162 1399667.25  2.53%  33.7   49s
  7323  4841 1416465.45  148  151 1435996.62 1400565.19  2.47%  33.7   50s
H 7331  4602                    1435245.5063 1405232.10  2.09%  33.6   51s
H 7334  4373                    1435044.5759 1407298.80  1.93%  33.6   51s
H 7349  4163                    1434785.6191 1414709.26  1.40%  33.5   53s
H 7349  3954                    1434461.0931 1414709.26  1.38%  33.5   53s
  7357  3959 1416769.21   88  157 1434461.09 1416769.21  1.23%  33.5   55s
H 7378  3776                    1434002.4088 1418410.38  1.09%  36.4   59s
  7381  3778 1418410.39   45  106 1434002.41 1418410.39  1.09%  36.3   60s
  7401  3794 1418557.16   27  143 1434002.41 1418556.23  1.08%  38.2   66s
  8033  4086 1418809.26   47  146 1434002.41 1418564.82  1.08%  36.1   70s
H 8248  3867                    1433834.4295 1418564.82  1.06%  35.4   71s
H 8262  3681                    1433437.4500 1418564.82  1.04%  35.3   71s
H 9659  3865                    1433362.7336 1418564.82  1.03%  32.1   74s
 10115  4221 1419881.73  112   89 1433362.73 1418564.82  1.03%  31.6   75s
H11379  4403                    1433043.5232 1418564.82  1.01%  34.9   79s
 11391  4413 1421185.31  127   99 1433043.52 1418564.82  1.01%  35.0   80s
 11664  4508 1419886.47  132   94 1433043.52 1418564.82  1.01%  37.0   85s
 12383  4839 1419896.99  136   55 1433043.52 1418564.82  1.01%  37.6   90s
 13344  5315 1419887.90  139   82 1433043.52 1418564.82  1.01%  38.5   95s
 14961  5988 1419888.70  157   82 1433043.52 1418565.67  1.01%  38.4  100s
 17824  7020 1419893.99  183   84 1433043.52 1418567.60  1.01%  39.6  105s
H18212  7020                    1433029.5622 1418567.85  1.01%  39.8  105s
 19649  8381 1420873.92  203   71 1433029.56 1418568.59  1.01%  38.9  110s
 24072 12867 1420884.89  248   89 1433029.56 1418568.59  1.01%  35.8  115s
H25683 12225                    1433029.5618 1418568.59  1.01%  34.7  118s

Cutting planes:
  Gomory: 172
  Lift-and-project: 95
  Implied bound: 3
  MIR: 382
  Mixing: 1
  Flow cover: 246
  RLT: 2
  Relax-and-lift: 25

Explored 25693 nodes (927451 simplex iterations) in 120.01 seconds (123.77 work units)
Thread count was 24 (of 24 available processors)

Solution count 10: 1.43303e+06 1.43303e+06 1.43304e+06 ... 1.43504e+06

Time limit reached
Best objective 1.433029561816e+06, best bound 1.418568592237e+06, gap 1.0091%
