
Gurobi 13.0.2 (linux64, Python) logging started Thu Jun  4 00:01:17 2026

Set parameter LogToConsole to value 0
Set parameter Username
Set parameter LicenseID to value 2748191
Set parameter TimeLimit to value 600
Set parameter LogFile to value "output/bf_sae1006_050/period_3/gurobi.log"
Academic license - for non-commercial use only - expires 2026-12-01
Gurobi Optimizer version 13.0.2 build v13.0.2rc1 (linux64 - "Debian GNU/Linux 13 (trixie)")

CPU model: 13th Gen Intel(R) Core(TM) i7-13700HX, instruction set [SSE2|AVX|AVX2]
Thread count: 24 physical cores, 24 logical processors, using up to 24 threads

Non-default parameters:
TimeLimit  600
LogToConsole  0

Optimize a model with 2829 rows, 2092 columns and 6917 nonzeros (Min)
Model fingerprint: 0x20ee5cc5
Model has 6 linear objective coefficients
Variable types: 1652 continuous, 440 integer (440 binary)
Coefficient statistics:
  Matrix range     [1e-02, 1e+04]
  Objective range  [4e+04, 6e+04]
  Bounds range     [1e+00, 1e+00]
  RHS range        [1e-01, 2e+04]

Presolve removed 2100 rows and 1545 columns
Presolve time: 0.02s
Presolved: 729 rows, 547 columns, 2389 nonzeros
Variable types: 360 continuous, 187 integer (187 binary)
Found heuristic solution: objective 281037.40105

Root relaxation: objective 1.279143e+05, 245 iterations, 0.00 seconds (0.00 work units)

    Nodes    |    Current Node    |     Objective Bounds      |     Work
 Expl Unexpl |  Obj  Depth IntInf | Incumbent    BestBd   Gap | It/Node Time

     0     0 127914.300    0   18 281037.401 127914.300  54.5%     -    0s
H    0     0                    235802.59828 127914.300  45.8%     -    0s
     0     0 127923.487    0   26 235802.598 127923.487  45.7%     -    0s
H    0     0                    234961.95265 127923.725  45.6%     -    0s
H    0     0                    188200.80681 127923.725  32.0%     -    0s
H    0     0                    179189.84589 129265.962  27.9%     -    0s
     0     0 129284.424    0   31 179189.846 129284.424  27.9%     -    0s
     0     0 129356.276    0   31 179189.846 129356.276  27.8%     -    0s
H    0     0                    143741.93298 129356.276  10.0%     -    0s
     0     0 129397.219    0   21 143741.933 129397.219  10.0%     -    0s
     0     0 129397.246    0   21 143741.933 129397.246  10.0%     -    0s
     0     0 129398.660    0   39 143741.933 129398.660  10.0%     -    0s
     0     0 129398.824    0   38 143741.933 129398.824  10.0%     -    0s
H    0     0                    137981.16550 131588.054  4.63%     -    0s
     0     0 131588.054    0   27 137981.166 131588.054  4.63%     -    0s
     0     0 131588.054    0   27 137981.166 131588.054  4.63%     -    0s
     0     0 131588.054    0   26 137981.166 131588.054  4.63%     -    0s
     0     2 131588.054    0   26 137981.166 131588.054  4.63%     -    0s

Cutting planes:
  Learned: 4
  Lift-and-project: 2
  Cover: 3
  Implied bound: 16
  Clique: 2
  MIR: 37
  StrongCG: 1
  Flow cover: 9
  GUB cover: 4
  RLT: 7
  Relax-and-lift: 4

Explored 34 nodes (1851 simplex iterations) in 0.15 seconds (0.13 work units)
Thread count was 24 (of 24 available processors)

Solution count 7: 137981 143742 179190 ... 281037

Optimal solution found (tolerance 1.00e-04)
Best objective 1.379811655024e+05, best bound 1.379811655024e+05, gap 0.0000%
