
Gurobi 13.0.2 (linux64, Python) logging started Thu Aug 13 19:36:06 2026

Set parameter LogToConsole to value 0
Set parameter Username
Set parameter LicenseID to value 2748191
Set parameter TimeLimit to value 120
Set parameter LogFile to value "output/bz_nbr7008_095/weighted_loss/retail_y_2__retail_v_2__rolled_leftover_2/period_3/gurobi.log"
Academic license - for non-commercial use only - expires 2026-12-01
Gurobi Optimizer version 13.0.2 build v13.0.2rc1 (linux64 - "Debian GNU/Linux 13 (trixie)")

CPU model: 13th Gen Intel(R) Core(TM) i7-13700HX, instruction set [SSE2|AVX|AVX2]
Thread count: 24 physical cores, 24 logical processors, using up to 24 threads

Non-default parameters:
TimeLimit  120
LogToConsole  0

Optimize a model with 9399 rows, 6591 columns and 24987 nonzeros (Min)
Model fingerprint: 0x5b8a3bf1
Model has 2335 linear objective coefficients and an objective constant of 274124.138652
Variable types: 5336 continuous, 1255 integer (1255 binary)
Coefficient statistics:
  Matrix range     [6e-03, 1e+04]
  Objective range  [1e+01, 1e+05]
  Bounds range     [1e+00, 1e+00]
  RHS range        [1e-01, 3e+04]

Presolve removed 7170 rows and 4982 columns
Presolve time: 0.07s
Presolved: 2229 rows, 1609 columns, 9031 nonzeros
Variable types: 1014 continuous, 595 integer (571 binary)

Root relaxation: objective 4.241655e+05, 804 iterations, 0.01 seconds (0.02 work units)

    Nodes    |    Current Node    |     Objective Bounds      |     Work
 Expl Unexpl |  Obj  Depth IntInf | Incumbent    BestBd   Gap | It/Node Time

     0     0 424165.513    0   36          - 424165.513      -     -    0s
     0     0 424165.513    0   50          - 424165.513      -     -    0s
     0     0 424165.727    0   35          - 424165.727      -     -    0s
     0     0 424178.325    0   43          - 424178.325      -     -    0s
     0     0 424178.325    0   41          - 424178.325      -     -    0s
     0     0 424183.216    0   57          - 424183.216      -     -    0s
     0     0 424183.216    0   58          - 424183.216      -     -    0s
     0     0 424221.123    0   31          - 424221.123      -     -    0s
     0     0 424231.282    0   41          - 424231.282      -     -    0s
     0     0 424231.282    0   48          - 424231.282      -     -    0s
     0     0 424680.131    0   51          - 424680.131      -     -    0s
H    0     0                    659650.47708 424683.306  35.6%     -    0s
     0     0 425808.851    0   64 659650.477 425808.851  35.4%     -    0s
     0     0 426726.421    0   59 659650.477 426726.421  35.3%     -    0s
     0     0 426809.475    0   70 659650.477 426809.475  35.3%     -    0s
     0     0 426814.786    0   72 659650.477 426814.786  35.3%     -    0s
     0     0 426814.812    0   72 659650.477 426814.812  35.3%     -    0s
     0     0 427705.315    0   79 659650.477 427705.315  35.2%     -    0s
H    0     0                    659601.91766 427709.854  35.2%     -    0s
H    0     0                    652126.62292 427709.854  34.4%     -    0s
H    0     0                    644455.35125 427709.854  33.6%     -    0s
H    0     0                    642068.99652 427709.854  33.4%     -    0s
H    0     0                    635093.68053 427709.854  32.7%     -    0s
H    0     0                    539547.53516 427709.854  20.7%     -    0s
     0     0 428662.754    0   75 539547.535 428662.754  20.6%     -    0s
     0     0 428664.675    0   74 539547.535 428664.675  20.6%     -    0s
     0     0 428664.675    0   75 539547.535 428664.675  20.6%     -    0s
     0     0 441177.082    0   61 539547.535 441177.082  18.2%     -    0s
     0     0 441189.735    0   70 539547.535 441189.735  18.2%     -    0s
H    0     0                    537804.32788 441189.735  18.0%     -    0s
     0     0 441189.735    0   67 537804.328 441189.735  18.0%     -    0s
     0     0 441189.735    0   65 537804.328 441189.735  18.0%     -    0s
     0     0 441189.735    0   69 537804.328 441189.735  18.0%     -    0s
     0     0 441202.746    0   69 537804.328 441202.746  18.0%     -    0s
     0     0 441202.746    0   66 537804.328 441202.746  18.0%     -    0s
H    0     0                    537035.75109 441218.151  17.8%     -    0s
H    0     0                    530768.53907 441218.151  16.9%     -    0s
     0     2 441218.151    0   61 530768.539 441218.151  16.9%     -    0s
H   16    32                    521562.38704 441698.370  15.3%  68.9    0s
H   22    32                    520245.94129 441711.070  15.1%  65.0    0s
H   28    32                    511816.80815 441826.029  13.7%  67.5    0s
H   95   108                    511039.78925 441843.622  13.5%  47.8    0s
H 4071  2118                    509276.92506 442822.918  13.0%  37.2    3s
H 4102  2029                    507169.30729 442822.918  12.7%  37.3    3s
H 4332  1992                    504701.55592 442822.918  12.3%  38.8    4s
H 4499  1911                    504364.25030 442822.918  12.2%  39.7    4s
H 4564  1805                    503690.05999 442822.918  12.1%  40.0    4s
H 5197  1686                    502555.58341 442938.208  11.9%  41.8    4s
  5223  1716 infeasible   25      502555.583 442938.208  11.9%  42.1    5s
H 5633  1647                    500699.05456 443215.852  11.5%  43.5    6s
H 5639  1577                    500027.60117 443215.852  11.4%  43.5    6s
H 5678  1495                    499849.89966 443232.508  11.3%  43.5    6s
 11789  1976     cutoff   37      499849.900 450678.059  9.84%  55.0   10s
H12578  2124                    499833.61652 451024.950  9.76%  55.6   10s
*18779  2778              68    496450.60254 480019.986  3.31%  55.8   13s
 22123  3941 492330.346   29   22 496450.603 480039.490  3.31%  54.8   15s
H33120  5027                    495651.11618 480155.292  3.13%  54.1   19s
 33251  5159 483386.789   52   24 495651.116 480225.675  3.11%  54.1   20s
 45200  6797 488478.449   44   29 495651.116 480609.948  3.03%  54.1   25s
 55065  7312 483860.360   42   32 495651.116 481040.995  2.95%  53.1   33s
 60156  6806 482317.944   40   60 495651.116 481860.382  2.78%  52.8   35s
 75204  6936     cutoff   37      495651.116 485104.770  2.13%  52.1   40s
 84349  6856 492121.970   47   33 495651.116 486734.259  1.80%  51.3   45s
 96914  6934     cutoff   40      495651.116 488663.468  1.41%  51.7   51s
 107308  6161     cutoff   43      495651.116 489208.853  1.30%  52.2   55s
 118964  4836 infeasible   32      495651.116 490868.100  0.96%  51.5   60s
 125632  4229 infeasible   50      495651.116 491175.732  0.90%  51.8   65s
 137338  2480 493111.288   33   59 495651.116 492431.059  0.65%  52.1   71s
 143645  1480     cutoff   26      495651.116 493110.276  0.51%  52.3   76s

Cutting planes:
  Gomory: 9
  Lift-and-project: 2
  Cover: 306
  Implied bound: 90
  Projected implied bound: 21
  Clique: 5
  MIR: 1914
  Mixing: 1
  StrongCG: 58
  Flow cover: 341
  GUB cover: 14
  Inf proof: 57
  Zero half: 41
  Network: 7
  RLT: 57
  Relax-and-lift: 39
  BQP: 2

Explored 151331 nodes (7870040 simplex iterations) in 79.38 seconds (90.06 work units)
Thread count was 24 (of 24 available processors)

Solution count 10: 495651 496451 499834 ... 504702

Optimal solution found (tolerance 1.00e-04)
Best objective 4.956511161782e+05, best bound 4.956511161782e+05, gap 0.0000%
