
Gurobi 13.0.2 (linux64, Python) logging started Fri May  8 06:10:29 2026

Set parameter LogToConsole to value 0
Set parameter Username
Set parameter LicenseID to value 2748191
Set parameter TimeLimit to value 600
Set parameter LogFile to value "output/bf_qcv_045/period_4/gurobi.log"
Academic license - for non-commercial use only - expires 2026-12-01
Gurobi Optimizer version 13.0.2 build v13.0.2rc1 (linux64 - "Debian GNU/Linux 13 (trixie)")

CPU model: 13th Gen Intel(R) Core(TM) i7-13700HX, instruction set [SSE2|AVX|AVX2]
Thread count: 24 physical cores, 24 logical processors, using up to 24 threads

Non-default parameters:
TimeLimit  600
LogToConsole  0

Optimize a model with 62480 rows, 49980 columns and 166260 nonzeros (Min)
Model fingerprint: 0xc085b69c
Model has 20400 linear objective coefficients
Variable types: 40290 continuous, 9690 integer (9690 binary)
Coefficient statistics:
  Matrix range     [1e-02, 1e+04]
  Objective range  [5e+00, 1e+05]
  Bounds range     [1e+00, 1e+00]
  RHS range        [4e-01, 7e+04]

Presolve removed 44697 rows and 35754 columns
Presolve time: 0.27s
Presolved: 17783 rows, 14226 columns, 75111 nonzeros
Variable types: 9399 continuous, 4827 integer (4827 binary)
Found heuristic solution: objective 8254936.3336

Root relaxation: objective 4.239867e+04, 11606 iterations, 0.40 seconds (0.97 work units)

    Nodes    |    Current Node    |     Objective Bounds      |     Work
 Expl Unexpl |  Obj  Depth IntInf | Incumbent    BestBd   Gap | It/Node Time

     0     0 42398.6663    0  129 8254936.33 42398.6663  99.5%     -    0s
H    0     0                    140075.28065 42398.6663  69.7%     -    0s
H    0     0                    135022.22752 42398.6663  68.6%     -    0s
H    0     0                    114729.44372 42398.6663  63.0%     -    0s
H    0     0                    114452.35522 42398.6663  63.0%     -    0s
H    0     0                    110385.59914 42398.6663  61.6%     -    0s
H    0     0                    110364.94322 42398.6663  61.6%     -    0s
H    0     0                    107932.68786 42398.6663  60.7%     -    0s
H    0     0                    107292.78617 42398.6663  60.5%     -    0s
H    0     0                    95620.472974 42398.6663  55.7%     -    1s
H    0     0                    93923.830517 42398.6663  54.9%     -    1s
H    0     0                    91093.961261 42398.6663  53.5%     -    1s
H    0     0                    88585.928000 42398.6663  52.1%     -    1s
H    0     0                    88570.224946 42398.6663  52.1%     -    1s
H    0     0                    88561.539443 42398.6663  52.1%     -    1s
H    0     0                    88558.419367 42398.6663  52.1%     -    1s
H    0     0                    88557.605316 42398.6663  52.1%     -    1s
H    0     0                    88551.226325 42398.6663  52.1%     -    1s
     0     0 42432.2918    0  138 88551.2263 42432.2918  52.1%     -    1s
H    0     0                    88525.849927 42432.2961  52.1%     -    1s
H    0     0                    84026.596234 42432.2961  49.5%     -    2s
     0     0 42432.3131    0  138 84026.5962 42432.3131  49.5%     -    2s
     0     0 42449.4442    0  143 84026.5962 42449.4442  49.5%     -    2s
     0     0 42449.4534    0  143 84026.5962 42449.4534  49.5%     -    2s
     0     0 42471.7913    0  143 84026.5962 42471.7913  49.5%     -    3s
     0     0 42472.7223    0  143 84026.5962 42472.7223  49.5%     -    3s
     0     0 42500.5378    0  153 84026.5962 42500.5378  49.4%     -    3s
     0     0 42500.9464    0  153 84026.5962 42500.9464  49.4%     -    3s
     0     0 42517.2734    0  130 84026.5962 42517.2734  49.4%     -    3s
     0     0 42529.1584    0  167 84026.5962 42529.1584  49.4%     -    3s
     0     0 42534.3352    0  168 84026.5962 42534.3352  49.4%     -    3s
     0     0 42534.3522    0  168 84026.5962 42534.3522  49.4%     -    3s
H    0     0                    79700.223230 42644.7764  46.5%     -    3s
H    0     0                    74753.820829 42644.7764  43.0%     -    3s
     0     0 42644.7764    0  171 74753.8208 42644.7764  43.0%     -    3s
     0     0 42709.8130    0  177 74753.8208 42709.8130  42.9%     -    3s
     0     0 42831.1447    0  172 74753.8208 42831.1447  42.7%     -    3s
     0     0 42888.2960    0  169 74753.8208 42888.2960  42.6%     -    3s
     0     0 42888.3713    0  169 74753.8208 42888.3713  42.6%     -    3s
     0     0 42888.3773    0  169 74753.8208 42888.3773  42.6%     -    3s
     0     0 43284.4779    0  163 74753.8208 43284.4779  42.1%     -    3s
     0     0 43303.4557    0  161 74753.8208 43303.4557  42.1%     -    4s
     0     0 43303.5169    0  162 74753.8208 43303.5169  42.1%     -    4s
     0     0 43960.6974    0  160 74753.8208 43960.6974  41.2%     -    4s
     0     0 43961.7115    0  160 74753.8208 43961.7115  41.2%     -    4s
     0     0 43961.7136    0  160 74753.8208 43961.7136  41.2%     -    4s
     0     0 44099.3320    0  174 74753.8208 44099.3320  41.0%     -    4s
     0     0 44102.0941    0  179 74753.8208 44102.0941  41.0%     -    4s
     0     0 44102.0941    0  180 74753.8208 44102.0941  41.0%     -    4s
     0     0 44164.9167    0  196 74753.8208 44164.9167  40.9%     -    4s
     0     0 44196.3892    0  190 74753.8208 44196.3892  40.9%     -    4s
     0     0 44200.9557    0  190 74753.8208 44200.9557  40.9%     -    4s
     0     0 44217.2475    0  191 74753.8208 44217.2475  40.8%     -    4s
     0     0 44217.7478    0  191 74753.8208 44217.7478  40.8%     -    4s
     0     0 44367.1534    0  198 74753.8208 44367.1534  40.6%     -    4s
     0     0 44367.4665    0  200 74753.8208 44367.4665  40.6%     -    4s
     0     0 44383.3204    0  203 74753.8208 44383.3204  40.6%     -    4s
     0     0 44383.8283    0  205 74753.8208 44383.8283  40.6%     -    4s
     0     0 44393.7784    0  217 74753.8208 44393.7784  40.6%     -    5s
     0     0 44393.9323    0  218 74753.8208 44393.9323  40.6%     -    5s
     0     0 44405.7536    0  224 74753.8208 44405.7536  40.6%     -    5s
     0     0 44407.1536    0  208 74753.8208 44407.1536  40.6%     -    5s
     0     0 44408.6421    0  210 74753.8208 44408.6421  40.6%     -    5s
     0     0 44409.8761    0  204 74753.8208 44409.8761  40.6%     -    5s
     0     0 44410.4223    0  204 74753.8208 44410.4223  40.6%     -    5s
     0     0 44425.9071    0  205 74753.8208 44425.9071  40.6%     -    5s
H    0     0                    72855.145339 44425.9317  39.0%     -    5s
     0     0 44426.1072    0  212 72855.1453 44426.1072  39.0%     -    5s
     0     0 44444.5806    0  215 72855.1453 44444.5806  39.0%     -    5s
     0     0 44445.6214    0  217 72855.1453 44445.6214  39.0%     -    5s
     0     0 44446.0530    0  217 72855.1453 44446.0530  39.0%     -    5s
     0     0 44464.6958    0  217 72855.1453 44464.6958  39.0%     -    6s
     0     0 44470.0589    0  222 72855.1453 44470.0589  39.0%     -    6s
     0     0 44470.9996    0  223 72855.1453 44470.9996  39.0%     -    6s
     0     0 44471.7671    0  222 72855.1453 44471.7671  39.0%     -    6s
     0     0 44497.3258    0  226 72855.1453 44497.3258  38.9%     -    6s
     0     0 44505.4129    0  226 72855.1453 44505.4129  38.9%     -    6s
     0     0 44507.8577    0  219 72855.1453 44507.8577  38.9%     -    6s
     0     0 44641.5554    0  232 72855.1453 44641.5554  38.7%     -    6s
     0     0 44751.1761    0  224 72855.1453 44751.1761  38.6%     -    6s
     0     0 44776.8704    0  216 72855.1453 44776.8704  38.5%     -    6s
     0     0 44781.7257    0  233 72855.1453 44781.7257  38.5%     -    6s
     0     0 44823.6673    0  224 72855.1453 44823.6673  38.5%     -    6s
     0     0 44826.1892    0  231 72855.1453 44826.1892  38.5%     -    6s
     0     0 44877.1869    0  232 72855.1453 44877.1869  38.4%     -    6s
     0     0 44905.9760    0  228 72855.1453 44905.9760  38.4%     -    6s
     0     0 44907.7301    0  222 72855.1453 44907.7301  38.4%     -    6s
     0     0 44908.4183    0  229 72855.1453 44908.4183  38.4%     -    6s
     0     0 45074.3956    0  209 72855.1453 45074.3956  38.1%     -    7s
     0     0 45244.1735    0  226 72855.1453 45244.1735  37.9%     -    7s
     0     0 45303.2557    0  216 72855.1453 45303.2557  37.8%     -    7s
     0     0 45319.1651    0  215 72855.1453 45319.1651  37.8%     -    7s
     0     0 45322.9115    0  215 72855.1453 45322.9115  37.8%     -    7s
     0     0 45323.1198    0  213 72855.1453 45323.1198  37.8%     -    7s
     0     0 45434.3967    0  246 72855.1453 45434.3967  37.6%     -    7s
H    0     0                    72809.331134 45437.1677  37.6%     -    7s
     0     0 45462.3860    0  232 72809.3311 45462.3860  37.6%     -    7s
     0     0 45468.5351    0  233 72809.3311 45468.5351  37.6%     -    7s
     0     0 45469.1509    0  235 72809.3311 45469.1509  37.6%     -    7s
     0     0 45628.1428    0  244 72809.3311 45628.1428  37.3%     -    8s
H    0     0                    72620.206259 45634.5639  37.2%     -    8s
H    0     0                    72545.081524 45634.5639  37.1%     -    8s
     0     0 45675.0848    0  248 72545.0815 45675.0848  37.0%     -    8s
     0     0 45698.1659    0  224 72545.0815 45698.1659  37.0%     -    8s
     0     0 45700.2138    0  234 72545.0815 45700.2138  37.0%     -    8s
     0     0 45706.5701    0  239 72545.0815 45706.5701  37.0%     -    8s
     0     0 45712.1760    0  234 72545.0815 45712.1760  37.0%     -    8s
     0     0 45715.7831    0  241 72545.0815 45715.7831  37.0%     -    8s
     0     0 45716.4488    0  233 72545.0815 45716.4488  37.0%     -    8s
     0     0 46067.4836    0  223 72545.0815 46067.4836  36.5%     -    8s
     0     0 46191.4342    0  217 72545.0815 46191.4342  36.3%     -    9s
     0     0 46232.6363    0  232 72545.0815 46232.6363  36.3%     -    9s
     0     0 46275.9436    0  242 72545.0815 46275.9436  36.2%     -    9s
     0     0 46313.6069    0  241 72545.0815 46313.6069  36.2%     -    9s
     0     0 46320.4115    0  252 72545.0815 46320.4115  36.1%     -    9s
     0     0 46321.4236    0  253 72545.0815 46321.4236  36.1%     -    9s
     0     0 46683.5757    0  236 72545.0815 46683.5757  35.6%     -    9s
     0     0 46902.4679    0  233 72545.0815 46902.4679  35.3%     -    9s
     0     0 46912.5885    0  238 72545.0815 46912.5885  35.3%     -    9s
     0     0 46919.4955    0  238 72545.0815 46919.4955  35.3%     -    9s
     0     0 46921.3077    0  240 72545.0815 46921.3077  35.3%     -    9s
     0     0 48313.0223    0  214 72545.0815 48313.0223  33.4%     -    9s
     0     0 48515.3764    0  193 72545.0815 48515.3764  33.1%     -   10s
     0     0 48555.0152    0  200 72545.0815 48555.0152  33.1%     -   10s
     0     0 48570.8854    0  210 72545.0815 48570.8854  33.0%     -   10s
     0     0 48573.3449    0  203 72545.0815 48573.3449  33.0%     -   10s
     0     0 48934.4236    0  196 72545.0815 48934.4236  32.5%     -   10s
     0     0 49002.4198    0  194 72545.0815 49002.4198  32.5%     -   10s
     0     0 49017.8351    0  193 72545.0815 49017.8351  32.4%     -   10s
     0     0 49018.8033    0  194 72545.0815 49018.8033  32.4%     -   10s
     0     0 49140.5640    0  196 72545.0815 49140.5640  32.3%     -   10s
     0     0 49228.0764    0  191 72545.0815 49228.0764  32.1%     -   11s
     0     0 49274.0059    0  193 72545.0815 49274.0059  32.1%     -   11s
     0     0 49278.7017    0  203 72545.0815 49278.7017  32.1%     -   11s
     0     0 49287.5951    0  197 72545.0815 49287.5951  32.1%     -   11s
     0     0 49288.6932    0  198 72545.0815 49288.6932  32.1%     -   11s
     0     0 49577.1003    0  193 72545.0815 49577.1003  31.7%     -   11s
     0     0 49709.8906    0  193 72545.0815 49709.8906  31.5%     -   11s
     0     0 49733.8037    0  200 72545.0815 49733.8037  31.4%     -   11s
     0     0 49735.2495    0  193 72545.0815 49735.2495  31.4%     -   11s
     0     0 49906.5656    0  186 72545.0815 49906.5656  31.2%     -   12s
     0     0 49964.3244    0  184 72545.0815 49964.3244  31.1%     -   12s
     0     0 49978.6959    0  191 72545.0815 49978.6959  31.1%     -   12s
     0     0 49985.9734    0  196 72545.0815 49985.9734  31.1%     -   12s
     0     0 49986.9204    0  199 72545.0815 49986.9204  31.1%     -   12s
     0     0 50137.6192    0  193 72545.0815 50137.6192  30.9%     -   13s
     0     0 50161.4269    0  206 72545.0815 50161.4269  30.9%     -   13s
     0     0 50188.0677    0  194 72545.0815 50188.0677  30.8%     -   13s
     0     0 50201.3155    0  207 72545.0815 50201.3155  30.8%     -   13s
     0     0 50210.8320    0  210 72545.0815 50210.8320  30.8%     -   13s
     0     0 50215.7939    0  203 72545.0815 50215.7939  30.8%     -   13s
     0     0 50219.5979    0  202 72545.0815 50219.5979  30.8%     -   13s
     0     0 50279.6876    0  201 72545.0815 50279.6876  30.7%     -   13s
     0     0 50302.7948    0  205 72545.0815 50302.7948  30.7%     -   13s
     0     0 50305.0936    0  211 72545.0815 50305.0936  30.7%     -   14s
     0     0 50380.6750    0  195 72545.0815 50380.6750  30.6%     -   14s
     0     0 50429.0037    0  198 72545.0815 50429.0037  30.5%     -   14s
     0     0 50447.3023    0  198 72545.0815 50447.3023  30.5%     -   14s
     0     0 50453.5883    0  199 72545.0815 50453.5883  30.5%     -   14s
     0     0 50455.3135    0  193 72545.0815 50455.3135  30.4%     -   14s
     0     0 50607.0024    0  181 72545.0815 50607.0024  30.2%     -   14s
     0     0 50626.8683    0  175 72545.0815 50626.8683  30.2%     -   15s
     0     0 50640.8074    0  178 72545.0815 50640.8074  30.2%     -   15s
     0     0 50645.7958    0  172 72545.0815 50645.7958  30.2%     -   15s
     0     0 50647.5297    0  181 72545.0815 50647.5297  30.2%     -   15s
     0     0 50718.1635    0  189 72545.0815 50718.1635  30.1%     -   15s
     0     0 50791.7464    0  191 72545.0815 50791.7464  30.0%     -   15s
     0     0 50812.3454    0  190 72545.0815 50812.3454  30.0%     -   15s
     0     0 50854.3320    0  199 72545.0815 50854.3320  29.9%     -   15s
     0     0 50878.7449    0  200 72545.0815 50878.7449  29.9%     -   15s
     0     0 50889.1102    0  199 72545.0815 50889.1102  29.9%     -   15s
     0     0 51066.3895    0  202 72545.0815 51066.3895  29.6%     -   16s
     0     0 51161.2938    0  199 72545.0815 51161.2938  29.5%     -   16s
     0     0 51170.9141    0  196 72545.0815 51170.9141  29.5%     -   16s
     0     0 51203.3465    0  208 72545.0815 51203.3465  29.4%     -   16s
     0     0 51206.1903    0  197 72545.0815 51206.1903  29.4%     -   16s
     0     0 51403.8234    0  193 72545.0815 51403.8234  29.1%     -   16s
     0     0 51485.6081    0  191 72545.0815 51485.6081  29.0%     -   16s
     0     0 51502.2073    0  191 72545.0815 51502.2073  29.0%     -   16s
     0     0 51523.4411    0  193 72545.0815 51523.4411  29.0%     -   16s
     0     0 51559.5487    0  184 72545.0815 51559.5487  28.9%     -   16s
     0     0 51560.5198    0  193 72545.0815 51560.5198  28.9%     -   16s
     0     0 51867.7307    0  206 72545.0815 51867.7307  28.5%     -   16s
     0     0 51929.9614    0  196 72545.0815 51929.9614  28.4%     -   16s
     0     0 51938.7589    0  199 72545.0815 51938.7589  28.4%     -   16s
     0     0 51939.1007    0  199 72545.0815 51939.1007  28.4%     -   16s
     0     0 52101.7457    0  210 72545.0815 52101.7457  28.2%     -   16s
     0     0 52231.4928    0  205 72545.0815 52231.4928  28.0%     -   17s
     0     0 52269.0498    0  205 72545.0815 52269.0498  27.9%     -   17s
     0     0 52278.0862    0  208 72545.0815 52278.0862  27.9%     -   17s
     0     0 52280.4170    0  205 72545.0815 52280.4170  27.9%     -   17s
     0     0 52419.7071    0  193 72545.0815 52419.7071  27.7%     -   17s
     0     0 52681.0168    0  194 72545.0815 52681.0168  27.4%     -   17s
     0     0 52781.3225    0  190 72545.0815 52781.3225  27.2%     -   17s
     0     0 52796.2983    0  197 72545.0815 52796.2983  27.2%     -   17s
     0     0 52809.0002    0  206 72545.0815 52809.0002  27.2%     -   17s
     0     0 52813.0222    0  207 72545.0815 52813.0222  27.2%     -   17s
     0     0 53069.8030    0  204 72545.0815 53069.8030  26.8%     -   17s
H    0     0                    72398.268313 53078.6550  26.7%     -   17s
     0     0 53200.5967    0  192 72398.2683 53200.5967  26.5%     -   18s
     0     0 53258.4226    0  213 72398.2683 53258.4226  26.4%     -   18s
     0     0 53264.2100    0  209 72398.2683 53264.2100  26.4%     -   18s
     0     0 53264.3776    0  204 72398.2683 53264.3776  26.4%     -   18s
     0     0 53564.7270    0  180 72398.2683 53564.7270  26.0%     -   18s
     0     0 53656.1576    0  190 72398.2683 53656.1576  25.9%     -   18s
     0     0 53672.6195    0  181 72398.2683 53672.6195  25.9%     -   18s
     0     0 53684.1424    0  180 72398.2683 53684.1424  25.8%     -   18s
     0     0 53698.6927    0  181 72398.2683 53698.6927  25.8%     -   18s
     0     0 53700.7114    0  181 72398.2683 53700.7114  25.8%     -   18s
     0     0 54227.5786    0  185 72398.2683 54227.5786  25.1%     -   18s
     0     0 54352.4792    0  182 72398.2683 54352.4792  24.9%     -   19s
     0     0 54426.9867    0  187 72398.2683 54426.9867  24.8%     -   19s
     0     0 54485.6516    0  192 72398.2683 54485.6516  24.7%     -   19s
     0     0 54494.6567    0  190 72398.2683 54494.6567  24.7%     -   19s
     0     0 54928.1202    0  175 72398.2683 54928.1202  24.1%     -   19s
     0     0 55083.1135    0  187 72398.2683 55083.1135  23.9%     -   19s
     0     0 55128.7757    0  184 72398.2683 55128.7757  23.9%     -   19s
     0     0 55134.4807    0  179 72398.2683 55134.4807  23.8%     -   19s
     0     0 55612.3084    0  171 72398.2683 55612.3084  23.2%     -   19s
     0     0 55938.5873    0  181 72398.2683 55938.5873  22.7%     -   20s
     0     0 56058.7047    0  186 72398.2683 56058.7047  22.6%     -   20s
     0     0 56166.4896    0  184 72398.2683 56166.4896  22.4%     -   20s
     0     0 56188.5542    0  193 72398.2683 56188.5542  22.4%     -   20s
     0     0 56215.9249    0  183 72398.2683 56215.9249  22.4%     -   20s
     0     0 56216.9796    0  185 72398.2683 56216.9796  22.4%     -   20s
     0     0 56545.0649    0  170 72398.2683 56545.0649  21.9%     -   20s
     0     0 56635.4219    0  172 72398.2683 56635.4219  21.8%     -   20s
     0     0 56661.0471    0  169 72398.2683 56661.0471  21.7%     -   20s
     0     0 56676.6375    0  175 72398.2683 56676.6375  21.7%     -   20s
     0     0 56682.9092    0  170 72398.2683 56682.9092  21.7%     -   20s
     0     0 56880.3731    0  186 72398.2683 56880.3731  21.4%     -   20s
     0     0 56966.5739    0  170 72398.2683 56966.5739  21.3%     -   21s
     0     0 56972.3500    0  182 72398.2683 56972.3500  21.3%     -   21s
     0     0 57150.9594    0  183 72398.2683 57150.9594  21.1%     -   21s
     0     0 57177.0538    0  191 72398.2683 57177.0538  21.0%     -   21s
     0     0 57199.7540    0  196 72398.2683 57199.7540  21.0%     -   21s
     0     0 57202.4487    0  195 72398.2683 57202.4487  21.0%     -   21s
     0     0 57573.9167    0  189 72398.2683 57573.9167  20.5%     -   21s
     0     0 57674.0118    0  180 72398.2683 57674.0118  20.3%     -   21s
     0     0 57730.6399    0  181 72398.2683 57730.6399  20.3%     -   21s
     0     0 57735.4123    0  184 72398.2683 57735.4123  20.3%     -   21s
     0     0 57866.3488    0  187 72398.2683 57866.3488  20.1%     -   21s
     0     0 57886.1503    0  197 72398.2683 57886.1503  20.0%     -   22s
     0     0 57891.7346    0  189 72398.2683 57891.7346  20.0%     -   22s
     0     0 58208.6055    0  192 72398.2683 58208.6055  19.6%     -   22s
     0     0 58260.5890    0  192 72398.2683 58260.5890  19.5%     -   22s
     0     0 58277.1419    0  197 72398.2683 58277.1419  19.5%     -   22s
     0     0 58287.9663    0  196 72398.2683 58287.9663  19.5%     -   22s
     0     0 58293.5633    0  198 72398.2683 58293.5633  19.5%     -   22s
     0     0 58381.4253    0  195 72398.2683 58381.4253  19.4%     -   22s
     0     0 58432.3013    0  190 72398.2683 58432.3013  19.3%     -   22s
     0     0 58435.0845    0  198 72398.2683 58435.0845  19.3%     -   22s
     0     0 58511.3008    0  183 72398.2683 58511.3008  19.2%     -   23s
     0     0 58532.8817    0  181 72398.2683 58532.8817  19.2%     -   23s
     0     0 58539.8718    0  193 72398.2683 58539.8718  19.1%     -   23s
     0     0 58685.9686    0  177 72398.2683 58685.9686  18.9%     -   23s
     0     0 58730.9660    0  178 72398.2683 58730.9660  18.9%     -   23s
     0     0 58752.5871    0  191 72398.2683 58752.5871  18.8%     -   23s
     0     0 58753.4824    0  188 72398.2683 58753.4824  18.8%     -   23s
     0     0 58969.1156    0  169 72398.2683 58969.1156  18.5%     -   23s
     0     0 59024.0382    0  163 72398.2683 59024.0382  18.5%     -   23s
     0     0 59047.7271    0  169 72398.2683 59047.7271  18.4%     -   23s
     0     0 59074.4677    0  168 72398.2683 59074.4677  18.4%     -   23s
     0     0 59076.1460    0  172 72398.2683 59076.1460  18.4%     -   24s
     0     0 59101.2005    0  175 72398.2683 59101.2005  18.4%     -   24s
     0     0 59120.1120    0  180 72398.2683 59120.1120  18.3%     -   24s
     0     0 59124.4916    0  183 72398.2683 59124.4916  18.3%     -   24s
     0     0 59149.0762    0  180 72398.2683 59149.0762  18.3%     -   24s
     0     0 59185.5220    0  179 72398.2683 59185.5220  18.3%     -   24s
     0     0 59662.5229    0  146 72398.2683 59662.5229  17.6%     -   24s
     0     0 59662.5229    0  146 72398.2683 59662.5229  17.6%     -   24s
     0     0 59662.5229    0  146 72398.2683 59662.5229  17.6%     -   24s
H    0     0                    72393.219164 59662.5632  17.6%     -   25s
     0     2 59662.5632    0  146 72393.2192 59662.5632  17.6%     -   26s
   756   689 60443.9303   30  134 72393.2192 59962.6101  17.2%  13.4   30s
  1662  1589 60818.3775   49  142 72393.2192 60008.3594  17.1%  17.1   35s
  4419  4147 70749.5562  148   74 72393.2192 60232.2952  16.8%  23.7   40s
H 5916  4779                    72393.162851 60254.9099  16.8%  23.2   44s
  5920  4782 63306.9803   14  167 72393.1629 60254.9099  16.8%  23.1   45s
H 5922  4544                    72370.085394 60254.9099  16.7%  23.1   45s
  5968  4575 65378.3368   25  117 72370.0854 65378.3368  9.66%  23.0   50s
  6017  4609 69130.4195   62  128 72370.0854 69130.4195  4.48%  25.6   55s
  6090  4659 71895.2920   75  101 72370.0854 71895.2920  0.66%  26.8   60s
H 6095  4430                    72370.085325 71895.2920  0.66%  28.4   61s
H 6204  4292                    72369.769822 72099.1500  0.37%  29.2   64s
  6383  4817 72099.2674   55   69 72369.7698 72099.1500  0.37%  28.7   65s
H 6876  4876                    72366.894462 72099.1500  0.37%  27.4   66s
 12122  9202     cutoff  211      72366.8945 72099.1500  0.37%  19.7   70s
H26747 17423                    72353.155568 72099.5681  0.35%  15.1   74s
 26748 17424 72109.0298  157  146 72353.1556 72099.5681  0.35%  15.1   75s
H27813 17176                    72350.841375 72106.8752  0.34%  15.0   79s
 29786 20214 72112.0115  121   16 72350.8414 72106.8994  0.34%  14.4   80s
H32668 18461                    72350.315422 72106.9932  0.34%  13.8   81s
H37572 19570                    72347.436184 72107.1873  0.33%  13.0   82s
 45803 22361 72117.4541  151   45 72347.4362 72107.1958  0.33%  12.4   85s
H50060 23472                    72324.868275 72107.3339  0.30%  11.9   89s
 52766 25827 72119.4692  143   51 72324.8683 72107.3545  0.30%  11.7   90s
 74679 34250 72117.2756   92   56 72324.8683 72107.4484  0.30%  11.4   95s
 79352 36624 72107.7610   70  146 72324.8683 72107.4484  0.30%  11.6  100s
H79380 34810                    72324.866767 72107.8554  0.30%  11.6  103s
H79383 33071                    72324.866073 72107.8774  0.30%  11.6  104s
 79386 33073 72108.6997  118   82 72324.8661 72107.8893  0.30%  11.5  105s
H79398 31426                    72323.500817 72108.0057  0.30%  11.5  107s
H79400 29855                    72323.500797 72108.0235  0.30%  11.5  107s
H79405 28364                    72322.184896 72108.0819  0.30%  11.5  108s
 79421 28375 72117.4505  138  114 72322.1849 72108.1655  0.30%  11.5  110s
 79452 28396 72108.3092   70  129 72322.1849 72108.3092  0.30%  11.5  115s
H79465 26982                    72322.182781 72108.3359  0.30%  11.5  116s
H79483 25642                    72310.199386 72108.3500  0.28%  11.5  120s
 79515 25664 72108.4046   89  131 72310.1994 72108.4046  0.28%  11.5  125s
 79552 25688 72108.4567   70  142 72310.1994 72108.4567  0.28%  11.5  130s
 89603 32801 72162.4654   82   23 72310.1994 72119.8097  0.26%  10.7  135s
 131396 55080 72261.7222  148    3 72310.1994 72119.8097  0.26%   8.9  140s
H176908 85492                    72279.153288 72119.9496  0.22%  12.3  144s
 181391 88519 72252.5103   95    3 72279.1533 72119.9496  0.22%   7.8  145s
 193715 94200 72153.5163   94   12 72279.1533 72123.4467  0.22%   7.7  150s
 226980 98473 72161.2025  187   10 72279.1533 72123.4467  0.22%   7.2  155s
H265708 107205                    72276.485990 72123.4858  0.21%   9.8  158s
 294759 118955 72154.9468  130    8 72276.4860 72123.4858  0.21%   6.5  160s
 349071 129740 72134.8300  105   13 72276.4860 72123.4858  0.21%   6.1  165s
H408938 141101                    72258.524443 72123.5479  0.19%   7.9  169s
 409369 143033     cutoff  195      72258.5244 72123.5479  0.19%   6.0  170s
 486573 162220 72249.7651  156    3 72258.5244 72123.5546  0.19%   6.0  175s
 548818 183420 72249.7674  167    3 72258.5244 72123.6320  0.19%   6.2  180s
 639705 207583 72145.6235  133   11 72258.5244 72123.6947  0.19%   6.2  185s
 726659 256667     cutoff  186      72258.5244 72123.6947  0.19%   6.2  190s
 809042 303664 72239.9982  211    3 72258.5244 72123.6986  0.19%   6.2  195s
 854059 352511 72138.0110  110   10 72258.5244 72123.7015  0.19%   6.2  201s
H878059 352511                    72258.490541 72123.7087  0.19%   7.1  201s
 942513 403501 72136.2607  108    8 72258.4905 72123.7087  0.19%   6.2  206s
 1036814 438859 72142.5313  141   10 72258.4905 72123.7107  0.19%   6.2  210s
H1083192 469552                    72241.640172 72123.7107  0.16%   7.0  213s
 1123106 489669 infeasible  159      72241.6402 72123.7107  0.16%   6.2  215s
 1193238 531163 72199.5013  126    3 72241.6402 72123.7107  0.16%   6.2  220s
 1289637 591726 72139.4601  125    8 72241.6402 72123.7131  0.16%   6.2  225s
H1293218 591726                    72208.259025 72123.7131  0.12%   6.8  225s
 1381520 644659 72135.1570  100    9 72208.2590 72123.7131  0.12%   6.2  230s
 1457334 682152 72141.0581  150    8 72208.2590 72123.7131  0.12%   6.2  235s
 1496247 710040 72140.4284  119   11 72208.2590 72123.7131  0.12%   6.2  240s
H1517234 723455                    72207.627881 72123.7131  0.12%   6.8  241s
 1596359 766741 72135.2176  111   12 72207.6279 72123.7131  0.12%   6.2  245s
 1693823 828504 72135.5531  107    9 72207.6279 72123.7131  0.12%   6.2  250s
 1790239 884150 72141.0104  141    9 72207.6279 72123.7266  0.12%   6.2  255s
 1877413 933865 72198.8671  134    4 72207.6279 72123.7267  0.12%   6.2  260s
 1960858 987025 infeasible   94      72207.6279 72123.7267  0.12%   6.2  265s
 2038893 1037500 72139.6984  141   12 72207.6279 72123.7267  0.12%   6.2  270s
 2133517 1090468 72143.9932  154   12 72207.6279 72123.7267  0.12%   6.2  275s
 2208979 1147851 72142.9946  118   12 72207.6279 72123.7267  0.12%   6.2  282s
 2252331 1162174 infeasible  128      72207.6279 72123.7320  0.12%   6.2  285s
 2332475 1204445 72132.5523  105   11 72207.6279 72123.7464  0.12%   6.2  290s
 2417526 1255107 72139.0278  131   10 72207.6279 72123.7706  0.12%   6.2  295s
 2499013 1302938 72198.8686  123    3 72207.6279 72123.7706  0.12%   6.2  300s
 2567087 1344352 72198.8665  103    3 72207.6279 72123.7706  0.12%   6.3  305s
 2656556 1393746     cutoff  152      72207.6279 72123.7706  0.12%   6.3  310s
 2746741 1444432 72142.9703  126   11 72207.6279 72123.7706  0.12%   6.3  315s
 2838809 1496947 72137.4064  122   11 72207.6279 72123.7817  0.12%   6.3  320s
 2927016 1552024 72148.4707  150    9 72207.6279 72123.8032  0.12%   6.3  325s
 3004641 1592454 infeasible  148      72207.6279 72123.8133  0.12%   6.3  330s
 3069248 1648056 72139.3548  121   11 72207.6279 72123.8339  0.12%   6.3  336s
 3146228 1688495 72141.5487  145   10 72207.6279 72123.8339  0.12%   6.3  340s
 3166212 1703095 72135.6504  110   10 72207.6279 72123.8339  0.12%   6.3  345s
H3198139 1679742                    72159.848139 72123.8339  0.05%   6.5  347s
 3248226 1701084 72145.8684  122   11 72159.8481 72123.8339  0.05%   6.3  350s
 3248353 1701169 72133.7895  122   48 72159.8481 72125.0281  0.05%   6.3  355s
 3266481 1657187 72142.1751  110    9 72159.8481 72125.6601  0.05%   6.3  360s
H3299492 1666674                    72151.035263 72125.8053  0.03%   6.6  362s
 3353943 1688787 72137.5164   98    7 72151.0353 72125.8053  0.03%   6.3  365s
 3453128 1729717 72140.6604  118   12 72151.0353 72125.9187  0.03%   6.3  370s
 3556122 1772660 72135.0957   95   25 72151.0353 72125.9900  0.03%   6.4  375s
 3633867 1798946 infeasible  123      72151.0353 72125.9925  0.03%   6.6  380s
 3717001 1831391 72142.2742  109    4 72151.0353 72125.9961  0.03%   6.7  385s
 3803075 1862360 72136.8816  114   11 72151.0353 72126.0022  0.03%   6.8  390s
 3891726 1894951 72141.6343  136    7 72151.0353 72126.0023  0.03%   6.9  395s
 3977554 1924886 infeasible  146      72151.0353 72126.0023  0.03%   7.0  400s
 4062592 1952576 infeasible  108      72151.0353 72126.0151  0.03%   7.1  405s
 4126398 1969942 72142.2745  104    4 72151.0353 72126.0263  0.03%   7.2  410s
 4201172 2000619 infeasible  121      72151.0353 72126.0340  0.03%   7.2  415s
 4292107 2035080 72134.9935  129   14 72151.0353 72126.0551  0.03%   7.3  420s
 4384979 2070672 infeasible  190      72151.0353 72126.0773  0.03%   7.3  425s
 4459200 2094236 72142.2785  156    4 72151.0353 72126.1026  0.03%   7.3  430s
 4537407 2118778 72136.1325   95   11 72151.0353 72126.1237  0.03%   7.4  435s
 4633287 2152833 72135.2412  142   14 72151.0353 72126.1498  0.03%   7.4  440s
 4730526 2189291 72136.7965  115   11 72151.0353 72126.1767  0.03%   7.5  445s
 4821348 2223091 72136.2001  103    9 72151.0353 72126.1869  0.03%   7.5  450s
 4909915 2254125 72143.0771  131    6 72151.0353 72126.2002  0.03%   7.5  455s
 5003002 2289921 72142.2742  103    4 72151.0353 72126.2202  0.03%   7.6  460s
 5071026 2309269 72142.2789  142    3 72151.0353 72126.2306  0.03%   7.6  465s
 5143652 2332543 72138.3182  167    8 72151.0353 72126.2321  0.03%   7.6  470s
 5234645 2367079 72139.8572  103    8 72151.0353 72126.2350  0.03%   7.6  475s
 5321204 2399014 infeasible   98      72151.0353 72126.2444  0.03%   7.7  480s
 5412110 2432160 72135.3943   92   20 72151.0353 72126.2573  0.03%   7.7  485s
 5508087 2468043 infeasible  129      72151.0353 72126.2681  0.03%   7.7  490s
 5581547 2469326 72142.2805  105    4 72151.0353 72126.2819  0.03%   7.7  495s
 5655868 2495878     cutoff  118      72151.0353 72126.2886  0.03%   7.8  500s
 5724372 2525494 infeasible  138      72151.0353 72126.2886  0.03%   7.8  505s
 5755517 2529994 infeasible   99      72151.0353 72126.2886  0.03%   7.9  510s
 5842251 2567038 72139.6091  115    8 72151.0353 72126.2967  0.03%   7.9  515s
 5928248 2602265     cutoff  124      72151.0353 72126.3034  0.03%   7.9  520s
 6024405 2640066 72138.5983  147    8 72151.0353 72126.3110  0.03%   7.9  525s
 6095917 2664006 72142.2742  143    3 72151.0353 72126.3228  0.03%   7.9  530s
 6172352 2690678 72142.4790  141    8 72151.0353 72126.3270  0.03%   7.9  535s
 6258617 2727570 72139.6113  166    8 72151.0353 72126.3296  0.03%   8.0  540s
 6369388 2773645 72137.3690  126   11 72151.0353 72126.3322  0.03%   7.9  545s
 6447053 2820314 72138.3320  115   11 72151.0353 72126.3325  0.03%   7.9  550s
 6562596 2847889 72138.8589  175    8 72151.0353 72126.3374  0.03%   7.9  555s
 6660044 2880521 72142.1569  144    8 72151.0353 72126.3434  0.03%   7.9  560s
 6754850 2917674 72143.6139  154    7 72151.0353 72126.3523  0.03%   7.9  565s
 6840749 2955317 72143.1866  103   11 72151.0353 72126.3582  0.03%   7.9  570s
 6937626 2989258 72142.2742  106    3 72151.0353 72126.3638  0.03%   7.9  575s
 7002131 3008813 72142.2785  126    3 72151.0353 72126.3728  0.03%   8.0  580s
 7088065 3044494 72144.2364  199    8 72151.0353 72126.3777  0.03%   7.9  585s
 7174910 3076882 72138.5437  133    6 72151.0353 72126.3808  0.03%   7.9  590s
 7254782 3114049 72137.5871  119    6 72151.0353 72126.3818  0.03%   7.9  595s
 7338880 3145212 infeasible  103      72151.0353 72126.3855  0.03%   8.0  600s

Cutting planes:
  Gomory: 43
  Lift-and-project: 39
  MIR: 118
  StrongCG: 2
  Flow cover: 18
  Zero half: 23

Explored 7341239 nodes (59180724 simplex iterations) in 602.32 seconds (675.67 work units)
Thread count was 24 (of 24 available processors)

Solution count 10: 72151 72159.8 72207.6 ... 72322.2

Time limit reached
Best objective 7.215103526273e+04, best bound 7.212638546776e+04, gap 0.0342%
