
Gurobi 13.0.2 (linux64, Python) logging started Thu Jun  4 00:02:53 2026

Set parameter LogToConsole to value 0
Set parameter Username
Set parameter LicenseID to value 2748191
Set parameter TimeLimit to value 600
Set parameter LogFile to value "output/bf_qcv_045/period_1/gurobi.log"
Academic license - for non-commercial use only - expires 2026-12-01
Gurobi Optimizer version 13.0.2 build v13.0.2rc1 (linux64 - "Debian GNU/Linux 13 (trixie)")

CPU model: 13th Gen Intel(R) Core(TM) i7-13700HX, instruction set [SSE2|AVX|AVX2]
Thread count: 24 physical cores, 24 logical processors, using up to 24 threads

Non-default parameters:
TimeLimit  600
LogToConsole  0

Optimize a model with 62480 rows, 49980 columns and 166260 nonzeros (Min)
Model fingerprint: 0x8ed11c6d
Model has 255 linear objective coefficients
Variable types: 40290 continuous, 9690 integer (9690 binary)
Coefficient statistics:
  Matrix range     [1e-02, 1e+04]
  Objective range  [2e+04, 5e+04]
  Bounds range     [1e+00, 1e+00]
  RHS range        [4e-01, 1e+05]

Presolve removed 44697 rows and 35754 columns
Presolve time: 0.26s
Presolved: 17783 rows, 14226 columns, 75111 nonzeros
Variable types: 9399 continuous, 4827 integer (4827 binary)
Found heuristic solution: objective 9424647.7538
Found heuristic solution: objective 9381180.7117
Found heuristic solution: objective 9358894.7642

Root relaxation: objective 1.612275e+06, 11012 iterations, 0.37 seconds (0.96 work units)

    Nodes    |    Current Node    |     Objective Bounds      |     Work
 Expl Unexpl |  Obj  Depth IntInf | Incumbent    BestBd   Gap | It/Node Time

     0     0 1612274.88    0   14 9358894.76 1612274.88  82.8%     -    0s
H    0     0                    1696158.4788 1612274.88  4.95%     -    0s
H    0     0                    1686943.9868 1612274.88  4.43%     -    0s
H    0     0                    1679096.4200 1612274.88  3.98%     -    0s
H    0     0                    1673363.0138 1612274.88  3.65%     -    0s
H    0     0                    1673051.4655 1612274.88  3.63%     -    0s
H    0     0                    1669724.1649 1612274.88  3.44%     -    0s
H    0     0                    1644504.4858 1612274.88  1.96%     -    0s
H    0     0                    1636370.9162 1612274.88  1.47%     -    0s
H    0     0                    1632064.8248 1612274.88  1.21%     -    1s
     0     0 1612274.99    0   17 1632064.82 1612274.99  1.21%     -    1s
H    0     0                    1630995.0857 1612274.99  1.15%     -    1s
H    0     0                    1630337.4336 1612274.99  1.11%     -    1s
H    0     0                    1630004.9686 1612274.99  1.09%     -    1s
     0     0 1612275.06    0   17 1630004.97 1612275.06  1.09%     -    1s
     0     0 1612275.06    0   23 1630004.97 1612275.06  1.09%     -    1s
H    0     0                    1629990.7986 1612275.06  1.09%     -    1s
     0     0 1612275.06    0   21 1629990.80 1612275.06  1.09%     -    1s
H    0     0                    1627730.1042 1612275.06  0.95%     -    1s
     0     0 1612275.06    0   27 1627730.10 1612275.06  0.95%     -    1s
     0     0 1612275.06    0   20 1627730.10 1612275.06  0.95%     -    2s
     0     0 1612275.06    0   25 1627730.10 1612275.06  0.95%     -    2s
     0     0 1612275.09    0   25 1627730.10 1612275.09  0.95%     -    2s
     0     0 1612275.11    0   30 1627730.10 1612275.11  0.95%     -    2s
     0     0 1612275.13    0   19 1627730.10 1612275.13  0.95%     -    2s
     0     0 1612275.14    0   21 1627730.10 1612275.14  0.95%     -    2s
     0     0 1612275.14    0   21 1627730.10 1612275.14  0.95%     -    2s
     0     0 1612275.14    0   21 1627730.10 1612275.14  0.95%     -    2s
     0     0 1612275.14    0   13 1627730.10 1612275.14  0.95%     -    2s
     0     0 1612275.40    0   13 1627730.10 1612275.40  0.95%     -    4s
     0     0 1612275.40    0   18 1627730.10 1612275.40  0.95%     -    4s
H    0     0                    1627618.9613 1612275.40  0.94%     -    4s
     0     0 1612275.40    0   18 1627618.96 1612275.40  0.94%     -    4s
     0     0 1612275.40    0   27 1627618.96 1612275.40  0.94%     -    4s
     0     0 1612275.40    0   22 1627618.96 1612275.40  0.94%     -    4s
     0     0 1612275.40    0   30 1627618.96 1612275.40  0.94%     -    4s
     0     0 1612275.40    0   28 1627618.96 1612275.40  0.94%     -    4s
     0     0 1612275.40    0   43 1627618.96 1612275.40  0.94%     -    5s
     0     0 1612275.40    0   38 1627618.96 1612275.40  0.94%     -    5s
     0     0 1612275.40    0   23 1627618.96 1612275.40  0.94%     -    5s
     0     0 1612275.40    0   23 1627618.96 1612275.40  0.94%     -    5s
     0     0 1612275.40    0   25 1627618.96 1612275.40  0.94%     -    5s
     0     0 1612275.40    0   25 1627618.96 1612275.40  0.94%     -    5s
     0     0 1612275.40    0   25 1627618.96 1612275.40  0.94%     -    5s
     0     0 1612275.40    0   16 1627618.96 1612275.40  0.94%     -    5s
     0     2 1612275.61    0   15 1627618.96 1612275.61  0.94%     -    5s
H  202   408                    1627381.9896 1612275.61  0.93%  31.3    7s
H  298   408                    1626714.3222 1612275.61  0.89%  22.7    7s
H 3096  3808                    1620933.9287 1612275.61  0.53%   7.7    9s
  3809  5132 1612308.62  141   17 1620933.93 1612275.61  0.53%   8.3   10s
H 5297  6001                    1620491.8385 1612275.61  0.51%   8.7   10s
H 5374  5903                    1616291.1469 1612275.61  0.25%   8.7   10s
H 5480  5892                    1616144.9874 1612275.61  0.24%   8.7   10s
H 5509  5713                    1615366.3867 1612275.61  0.19%   8.8   10s
H 6074  5615                    1615223.5320 1612275.61  0.18%   9.1   10s
H 8451  8149                    1614535.7977 1612275.64  0.14%   8.5   12s
H 9910  7704                    1614245.7838 1612275.64  0.12%   8.4   13s
H10056  7678                    1614244.5641 1612275.70  0.12%   8.4   13s
 11943  9125 1612283.74   58   13 1614244.56 1612275.70  0.12%   8.3   15s
H12049  8758                    1614015.7983 1612282.52  0.11%   8.6   17s
 17815 11181 1612289.17  105   13 1614015.80 1612282.52  0.11%   8.3   20s
H17827 10371                    1613897.5526 1612282.52  0.10%   8.3   20s
 26941 15401 1612283.56   46   20 1613897.55 1612282.75  0.10%   7.7   25s
H34982 17790                    1613874.3899 1612282.99  0.10%   8.8   28s
 39126 21160 1613568.12  132   10 1613874.39 1612283.03  0.10%   8.9   30s
 77621 39525 1613263.44   68   13 1613874.39 1612283.39  0.10%   7.9   37s
 77642 39539 1612288.05   89   28 1613874.39 1612283.39  0.10%   7.9   40s
 77668 39556 1612286.66   84   37 1613874.39 1612283.53  0.10%   7.9   45s
 77694 39574 1612286.81   76   34 1613874.39 1612283.73  0.10%   7.9   50s
 77714 39587 1612286.01   46   35 1613874.39 1612283.83  0.10%   7.9   55s
 77732 39599 1612290.85   81   32 1613874.39 1612283.90  0.10%   7.9   60s
 77756 39615 1612287.63   56   42 1613874.39 1612283.97  0.10%   7.9   65s
 77783 39633 1613455.51  128   45 1613874.39 1612284.01  0.10%   7.9   70s
 77804 39647 1612430.55  150   45 1613874.39 1612284.04  0.10%   7.9   75s
 78867 41267 1612285.30   67   14 1613874.39 1612284.06  0.10%   8.1   80s
H89115 42864                    1613874.1487 1612284.06  0.10%   8.2   82s
H90891 41775                    1613873.3294 1612284.06  0.10%   8.2   84s
 94970 45273 1612290.10  104   26 1613873.33 1612284.06  0.10%   8.2   85s
 114396 53772 1613863.35  149   12 1613873.33 1612284.06  0.10%   8.3   90s
H120840 53544                    1613873.0881 1612284.06  0.10%   8.1   90s
 144804 67394 1612290.74   80   19 1613873.09 1612284.06  0.10%   7.6   95s
 184218 99621 1612284.43  118   18 1613873.09 1612284.06  0.10%   6.9  101s
H202218 98646                    1613864.5508 1612284.06  0.10%   6.6  102s
 226892 114200 1613603.60  191   11 1613864.55 1612284.06  0.10%   6.3  105s
 262995 157152 1612584.65   89   20 1613864.55 1612284.06  0.10%   6.1  112s
H291692 161369                    1613864.4317 1612284.06  0.10%   5.9  114s
 292586 167147 1612431.84  105   15 1613864.43 1612284.06  0.10%   5.9  115s
 331056 191144 1612446.53  110   20 1613864.43 1612284.06  0.10%   5.8  120s
H344734 199760                    1613864.3096 1612284.06  0.10%   5.7  121s
 369630 217973 1613820.05  254    9 1613864.31 1612284.06  0.10%   5.6  125s
 410418 247264 1612284.06   52   18 1613864.31 1612284.06  0.10%   5.5  130s
H410477 247205                    1613862.2176 1612284.06  0.10%   5.5  130s
H436580 267819                    1613861.9763 1612284.06  0.10%   5.4  133s
 446448 275222 1612284.06   86   11 1613861.98 1612284.06  0.10%   5.4  135s
 486908 303564     cutoff   87      1613861.98 1612284.06  0.10%   5.3  140s
 524810 332480 1612284.06  122   20 1613861.98 1612284.06  0.10%   5.2  145s
 561814 362359 1613553.08  132   16 1613861.98 1612284.06  0.10%   5.1  150s
 617103 403386 1612284.06   81   18 1613861.98 1612284.06  0.10%   5.0  155s
 635876 415691 1613761.64  174   11 1613861.98 1612284.06  0.10%   5.0  160s
 652332 430229 1613761.67  183   10 1613861.98 1612284.06  0.10%   5.0  165s
 702045 469526 1612284.06   68   19 1613861.98 1612284.06  0.10%   4.9  170s
 740530 497870 1612284.06   83   19 1613861.98 1612284.06  0.10%   4.9  175s
 780289 527264 1612284.06   97   19 1613861.98 1612284.06  0.10%   4.8  180s
 833653 565091 1612289.66  116   21 1613861.98 1612284.06  0.10%   4.8  185s
 884154 599480 1612294.83  134   20 1613861.98 1612284.06  0.10%   4.8  190s
 918732 627073 1612384.27  147   20 1613861.98 1612284.06  0.10%   4.8  195s
 973803 666721 1612284.06   47   19 1613861.98 1612284.06  0.10%   4.7  200s
 1008970 690039 1612284.31  105   19 1613861.98 1612284.06  0.10%   4.7  205s
H1009616 690352                    1613861.5282 1612284.06  0.10%   4.7  205s
H1026389 702431                    1613861.1043 1612284.06  0.10%   4.7  209s
 1028869 705464 1612284.31   69   16 1613861.10 1612284.06  0.10%   4.7  210s
 1068104 734064 1613426.51  133   21 1613861.10 1612284.06  0.10%   4.7  215s
H1084334 737387                    1613838.5138 1612284.06  0.10%   4.7  216s
 1124382 770097 1612285.09  116   19 1613838.51 1612284.06  0.10%   4.7  220s
H1148408 783935                    1613838.5134 1612284.06  0.10%   4.7  224s
 1150335 786776 1612497.75  107   17 1613838.51 1612284.06  0.10%   4.7  225s
 1195502 820864 1612290.65  146   18 1613838.51 1612284.06  0.10%   4.7  230s
H1201512 823388                    1613838.2725 1612284.06  0.10%   4.6  230s
 1244289 873054 1612608.71  165   15 1613838.27 1612284.06  0.10%   4.6  241s
H1260289 854618                    1613816.7261 1612284.06  0.09%   4.6  241s
H1269551 857257                    1613816.4848 1612284.06  0.09%   4.6  242s
H1269551 857247                    1613816.3527 1612284.06  0.09%   4.6  242s
 1284360 868222 1612295.65  119   34 1613816.35 1612284.06  0.09%   4.6  245s
 1294692 875002 1612284.06   91   18 1613816.35 1612284.06  0.09%   4.6  250s
 1321611 893873 1612284.06   99   23 1613816.35 1612284.06  0.09%   4.6  255s
 1375659 932555 1612289.30  154   16 1613816.35 1612284.06  0.09%   4.6  260s
 1428433 971241 1612284.06   57   31 1613816.35 1612284.06  0.09%   4.5  265s
 1467576 999671 1612284.06   78   20 1613816.35 1612284.06  0.09%   4.5  270s
 1515269 1036868 1612284.06  109   19 1613816.35 1612284.06  0.09%   4.5  275s
 1560680 1086075 1612284.06  115   18 1613816.35 1612284.06  0.09%   4.5  281s
 1605338 1102854 1612285.12  107   25 1613816.35 1612284.06  0.09%   4.5  285s
H1606440 1102847                    1613816.2205 1612284.06  0.09%   4.5  285s
 1646842 1134485 1612284.06   63   21 1613816.22 1612284.06  0.09%   4.5  290s
 1704085 1177326     cutoff  137      1613816.22 1612284.06  0.09%   4.5  295s
 1742968 1204781 1613382.37  148   18 1613816.22 1612284.06  0.09%   4.5  300s
 1793349 1242925 1613502.41  132   16 1613816.22 1612284.06  0.09%   4.5  305s
 1842146 1280405 1612285.93  123   14 1613816.22 1612284.06  0.09%   4.4  310s
 1852320 1301975 1612284.06   74   25 1613816.22 1612284.06  0.09%   4.4  316s
 1908778 1329741 1612284.06   67   23 1613816.22 1612284.06  0.09%   4.4  320s
 1963249 1369653 1612284.06   53   15 1613816.22 1612284.06  0.09%   4.4  325s
 1996624 1395673 1612284.06  151   14 1613816.22 1612284.06  0.09%   4.4  330s
 2052950 1437931 1612284.06   84   21 1613816.22 1612284.06  0.09%   4.4  335s
 2085348 1477807 1612701.52  151   17 1613816.22 1612284.06  0.09%   4.4  341s
 2133353 1496451 1612284.06   96   25 1613816.22 1612284.06  0.09%   4.4  345s
 2177587 1528045 1612287.73   58   21 1613816.22 1612284.06  0.09%   4.4  350s
 2215469 1552462     cutoff  122      1613816.22 1612284.06  0.09%   4.4  355s
 2239439 1568245 1612284.06  137   19 1613816.22 1612284.06  0.09%   4.4  360s
 2283875 1598880 1612284.06   96   19 1613816.22 1612284.06  0.09%   4.4  366s
 2286274 1601119 1612284.06  102   21 1613816.22 1612284.06  0.09%   4.4  370s
 2290210 1604295 1612284.06  107   17 1613816.22 1612284.06  0.09%   4.4  375s
 2293969 1607733 1612284.06  111   17 1613816.22 1612284.06  0.09%   4.4  381s
 2302939 1614483 1612284.06  115   17 1613816.22 1612284.06  0.09%   4.4  385s
H2304017 1605897                    1613780.0255 1612284.06  0.09%   4.4  385s
H2311301 1613007                    1613779.7842 1612284.06  0.09%   4.4  388s
 2319756 1620929 1612284.80  114   18 1613779.78 1612284.06  0.09%   4.4  390s
H2366635 1652384                    1613779.5199 1612284.06  0.09%   4.4  394s
 2373438 1658497 1612284.06  104   25 1613779.52 1612284.06  0.09%   4.4  395s
 2420237 1692705 1612287.06  152   21 1613779.52 1612284.06  0.09%   4.4  400s
 2450697 1715522 1612293.12  160   17 1613779.52 1612284.06  0.09%   4.4  405s
 2497898 1747919 1612585.91  115   18 1613779.52 1612284.06  0.09%   4.4  410s
 2547284 1784520 1612287.30  153   14 1613779.52 1612284.06  0.09%   4.4  415s
 2580802 1809486     cutoff  101      1613779.52 1612284.06  0.09%   4.4  420s
 2617694 1833500 1612289.51   90   23 1613779.52 1612284.06  0.09%   4.4  425s
 2625334 1842467 1612284.06   69   16 1613779.52 1612284.06  0.09%   4.4  430s
 2661268 1867592 1612285.63  112   17 1613779.52 1612284.06  0.09%   4.4  435s
 2713556 1906314 1613129.18  129   14 1613779.52 1612284.06  0.09%   4.4  440s
 2767229 1945046     cutoff  127      1613779.52 1612284.06  0.09%   4.4  445s
 2809729 1975720 infeasible  126      1613779.52 1612284.06  0.09%   4.4  450s
 2860217 2009433 1612288.38  150   14 1613779.52 1612284.06  0.09%   4.4  455s
 2916998 2052397 1612284.06  110   20 1613779.52 1612284.06  0.09%   4.4  460s
 2962170 2087135 1612816.56  125   17 1613779.52 1612284.06  0.09%   4.4  465s
 3018035 2129923 1613442.96  140   11 1613779.52 1612284.06  0.09%   4.4  470s
 3073201 2169542 1612285.08  109   20 1613779.52 1612284.06  0.09%   4.4  475s
 3118238 2201532 1612284.81   97   20 1613779.52 1612284.06  0.09%   4.4  480s
 3169917 2241066 1612295.24  122   15 1613779.52 1612284.06  0.09%   4.4  485s
 3216362 2279266 1612284.43  128   14 1613779.52 1612284.06  0.09%   4.4  490s
 3256624 2310119 1612285.62  121   19 1613779.52 1612284.06  0.09%   4.3  495s
 3303670 2343925 1612285.48  123   18 1613779.52 1612284.06  0.09%   4.3  500s
 3354479 2381123 1612284.06   90   18 1613779.52 1612284.06  0.09%   4.3  505s
 3372289 2393275 1612490.70  157   16 1613779.52 1612284.06  0.09%   4.3  510s
 3393943 2410625 1612285.60   83   12 1613779.52 1612284.06  0.09%   4.3  515s
 3443292 2446092 1612300.80  155   27 1613779.52 1612284.06  0.09%   4.3  520s
 3476173 2469869 1612284.06   77   22 1613779.52 1612284.06  0.09%   4.3  525s
 3534195 2512049 1613775.65  124   11 1613779.52 1612284.06  0.09%   4.3  530s
 3588207 2551235 1613763.48  181   15 1613779.52 1612284.06  0.09%   4.3  535s
 3629277 2579774 1612292.16  148   17 1613779.52 1612284.06  0.09%   4.3  540s
 3680311 2616226 1612284.06  127   26 1613779.52 1612284.06  0.09%   4.3  545s
 3726666 2649543 1612284.06  102   18 1613779.52 1612284.06  0.09%   4.3  550s
 3767929 2679042 1612291.73  159   15 1613779.52 1612284.06  0.09%   4.3  555s
 3819359 2715388 1612288.63   68   13 1613779.52 1612284.06  0.09%   4.3  560s
 3874875 2754774 1612284.22   82   19 1613779.52 1612284.06  0.09%   4.3  565s
H3892357 2758365                    1613775.5180 1612284.06  0.09%   4.3  567s
H3902309 2765723                    1613775.2768 1612284.06  0.09%   4.3  568s
 3909958 2771573 1612285.60   67   17 1613775.28 1612284.06  0.09%   4.3  570s
 3940284 2790763 1612284.06   57   18 1613775.28 1612284.06  0.09%   4.3  575s
 3949141 2799486     cutoff  124      1613775.28 1612284.06  0.09%   4.3  580s
 3984943 2821418 1612294.68   86   20 1613775.28 1612284.06  0.09%   4.3  585s
 4032804 2860404 1612284.06   72   16 1613775.28 1612284.06  0.09%   4.3  590s
 4085489 2898522 1612285.38   59   22 1613775.28 1612284.06  0.09%   4.3  595s
 4124627 2925270 1612286.18   66   17 1613775.28 1612284.06  0.09%   4.3  600s

Cutting planes:
  Cover: 1056
  Projected implied bound: 3
  MIR: 172
  Flow cover: 18
  Zero half: 1

Explored 4126675 nodes (17940599 simplex iterations) in 600.05 seconds (576.12 work units)
Thread count was 24 (of 24 available processors)

Solution count 10: 1.61378e+06 1.61378e+06 1.61378e+06 ... 1.61387e+06

Time limit reached
Warning: max constraint violation (6.5843e-06) exceeds tolerance
Best objective 1.613775276784e+06, best bound 1.612284058845e+06, gap 0.0924%
