
Gurobi 13.0.2 (linux64, Python) logging started Thu Aug 13 23:56:38 2026

Set parameter LogToConsole to value 0
Set parameter Username
Set parameter LicenseID to value 2748191
Set parameter TimeLimit to value 120
Set parameter LogFile to value "output/bz_nbr7008_043/weighted_loss/retail_y_4__retail_v_4__rolled_leftover_4/period_4/gurobi.log"
Academic license - for non-commercial use only - expires 2026-12-01
Gurobi Optimizer version 13.0.2 build v13.0.2rc1 (linux64 - "Debian GNU/Linux 13 (trixie)")

CPU model: 13th Gen Intel(R) Core(TM) i7-13700HX, instruction set [SSE2|AVX|AVX2]
Thread count: 24 physical cores, 24 logical processors, using up to 24 threads

Non-default parameters:
TimeLimit  120
LogToConsole  0

Optimize a model with 204902 rows, 137041 columns and 718108 nonzeros (Min)
Model fingerprint: 0x47affe10
Model has 54500 linear objective coefficients and an objective constant of 200450.1015792
Variable types: 112936 continuous, 24105 integer (24105 binary)
Coefficient statistics:
  Matrix range     [3e-03, 1e+04]
  Objective range  [2e+01, 3e+05]
  Bounds range     [1e+00, 1e+00]
  RHS range        [1e-01, 3e+04]

Presolve removed 122827 rows and 85112 columns
Presolve time: 3.38s
Presolved: 82075 rows, 51929 columns, 825987 nonzeros
Variable types: 33922 continuous, 18007 integer (17960 binary)
Deterministic concurrent LP optimizer: primal simplex, dual simplex, and barrier
Showing barrier log only...

Root barrier log...

Ordering time: 0.41s

Barrier statistics:
 Dense cols : 43
 AA' NZ     : 7.173e+06
 Factor NZ  : 1.220e+07 (roughly 140 MB of memory)
 Factor Ops : 3.440e+09 (less than 1 second per iteration)
 Threads    : 21

                  Objective                Residual
Iter       Primal          Dual         Primal    Dual     Compl     Time
   0  -2.78793825e+09 -1.29430269e+10  2.44e+06 1.77e+02  3.11e+06     5s
   1  -1.47735362e+09 -1.15132616e+10  1.53e+06 3.23e+02  1.71e+06     5s
   2  -6.79327832e+08 -9.43920727e+09  6.69e+05 7.95e+01  7.69e+05     5s
   3  -1.54560203e+08 -5.00310308e+09  1.58e+05 5.42e+00  1.89e+05     5s
   4  -3.14393528e+06 -1.20683985e+09  1.81e+04 1.63e-10  2.38e+04     5s
   5   5.06982819e+06 -7.53923373e+08  1.11e+04 2.17e-10  1.39e+04     5s
   6   8.51507185e+06 -5.59756781e+08  8.17e+03 2.66e-10  9.83e+03     5s
   7   1.36959770e+07 -1.94970570e+08  3.75e+03 2.21e-10  3.56e+03     5s
   8   1.67876875e+07 -7.51066382e+07  1.04e+03 8.00e-11  1.08e+03     5s
   9   1.67600254e+07 -5.62794586e+07  8.78e+02 4.73e-11  8.51e+02     5s
  10   1.52754600e+07 -4.42415697e+07  4.96e+02 4.09e-11  5.92e+02     5s
  11   1.48319242e+07 -2.97238669e+07  3.63e+02 3.37e-11  4.24e+02     5s
  12   1.27100796e+07 -2.03766085e+07  1.32e+02 2.09e-11  2.68e+02     6s
  13   1.02693327e+07 -1.39190862e+07  8.64e+01 1.50e-11  1.92e+02     6s
  14   7.32022731e+06 -1.14029438e+07  5.84e+01 1.84e-11  1.46e+02     6s
  15   5.97590940e+06 -5.53782877e+06  4.57e+01 2.60e-11  9.18e+01     6s
  16   4.39958317e+06 -3.79804225e+06  3.12e+01 3.37e-11  6.51e+01     6s
  17   2.42874686e+06 -2.05980413e+06  1.44e+01 2.02e-11  3.52e+01     6s
  18   2.09308245e+06 -1.57009043e+06  1.17e+01 1.96e-11  2.88e+01     6s
  19   1.90901731e+06 -1.00758965e+06  1.03e+01 2.89e-11  2.33e+01     6s
  20   1.37231079e+06 -5.08372615e+05  5.58e+00 2.24e-11  1.48e+01     6s
  21   1.17425652e+06 -2.32092061e+05  3.94e+00 2.46e-11  1.10e+01     6s
  22   9.97540565e+05  7.02827056e+04  2.55e+00 3.18e-11  7.26e+00     6s
  23   8.35284000e+05  4.63721841e+05  1.19e+00 2.51e-11  2.96e+00     6s
  24   7.68237455e+05  5.85499369e+05  6.17e-01 2.37e-11  1.45e+00     6s
  25   7.67454569e+05  6.28777492e+05  6.09e-01 1.73e-11  1.13e+00     6s
  26   7.17310653e+05  6.50557517e+05  1.71e-01 1.69e-11  5.09e-01     6s
  27   7.10907826e+05  6.65686188e+05  1.32e-01 2.10e-11  3.48e-01     6s
  28   7.03964200e+05  6.73289268e+05  7.72e-02 2.64e-11  2.32e-01     6s
  29   6.97347679e+05  6.81067117e+05  3.68e-02 2.50e-11  1.22e-01     7s
  30   6.95091763e+05  6.85447012e+05  2.52e-02 1.69e-11  7.29e-02     7s
  31   6.93855919e+05  6.86827470e+05  1.95e-02 1.93e-11  5.34e-02     7s
  32   6.92255059e+05  6.87655706e+05  1.26e-02 2.66e-11  3.49e-02     7s
  33   6.91311371e+05  6.88265319e+05  8.79e-03 1.68e-11  2.32e-02     7s
  34   6.90663172e+05  6.88561849e+05  6.20e-03 2.40e-11  1.60e-02     7s
  35   6.90231291e+05  6.88699492e+05  4.50e-03 2.07e-11  1.17e-02     7s
  36   6.89757963e+05  6.88830466e+05  2.62e-03 1.84e-11  7.05e-03     7s
  37   6.89578946e+05  6.88934347e+05  1.79e-03 2.01e-11  4.89e-03     7s
  38   6.89436203e+05  6.88989618e+05  1.19e-03 2.78e-11  3.38e-03     7s
  39   6.89216241e+05  6.89048150e+05  3.71e-04 1.75e-11  1.25e-03     7s
  40   6.89109170e+05  6.89083803e+05  2.59e-05 1.96e-11  1.83e-04     7s
  41   6.89102824e+05  6.89094583e+05  1.14e-05 2.19e-11  6.01e-05     7s
  42   6.89100601e+05  6.89096337e+05  6.32e-06 1.27e-11  3.12e-05     7s
  43   6.89097986e+05  6.89097376e+05  9.09e-07 2.81e-11  4.47e-06     7s
  44   6.89097808e+05  6.89097466e+05  5.65e-07 1.98e-11  2.52e-06     7s
  45   6.89097517e+05  6.89097491e+05  7.27e-07 3.18e-11  1.91e-07     7s
  46   6.89097500e+05  6.89097499e+05  4.89e-07 1.94e-11  2.83e-09     8s

Barrier solved model in 46 iterations and 7.54 seconds (14.25 work units)
Optimal objective 6.89097500e+05


Root crossover log...

   46827 DPushes remaining with DInf 1.3065492e-01                 8s
       0 DPushes remaining with DInf 7.6311993e-02                 8s

      53 PPushes remaining with PInf 1.9282212e-02                 8s
       0 PPushes remaining with PInf 0.0000000e+00                 8s

  Push phase complete: Pinf 0.0000000e+00, Dinf 8.0690147e-01      8s


Root simplex log...

Iteration    Objective       Primal Inf.    Dual Inf.      Time
   31515    6.8909750e+05   0.000000e+00   8.069015e-01      8s
   31528    6.8909750e+05   0.000000e+00   0.000000e+00      8s
Crossover time: 0.38 seconds (0.57 work units)
Concurrent spin time: 0.09s

Solved with barrier
   31529    6.8909750e+05   0.000000e+00   0.000000e+00      8s

Extra simplex iterations after uncrush: 1

Root relaxation: objective 6.890975e+05, 31529 iterations, 4.45 seconds (7.11 work units)

    Nodes    |    Current Node    |     Objective Bounds      |     Work
 Expl Unexpl |  Obj  Depth IntInf | Incumbent    BestBd   Gap | It/Node Time

     0     0 689097.499    0  212          - 689097.499      -     -    8s
     0     0 689113.273    0  233          - 689113.273      -     -    8s
     0     0 689113.532    0  233          - 689113.532      -     -    8s
H    0     0                    1848939.4872 689113.532  62.7%     -    9s
H    0     0                    1839940.5898 689113.532  62.5%     -    9s
H    0     0                    1839203.5606 689113.532  62.5%     -    9s
H    0     0                    1739619.1436 689113.532  60.4%     -    9s
H    0     0                    1690194.9145 689113.532  59.2%     -    9s
H    0     0                    1688479.9850 689113.532  59.2%     -    9s
H    0     0                    1662251.3413 689113.532  58.5%     -    9s
H    0     0                    1626950.1828 689113.532  57.6%     -   10s
H    0     0                    1608833.5855 689113.532  57.2%     -   10s
H    0     0                    1608673.7899 689113.532  57.2%     -   10s
H    0     0                    1608665.8741 689113.532  57.2%     -   10s
H    0     0                    1608450.3228 689113.532  57.2%     -   10s
H    0     0                    1606693.6017 689113.532  57.1%     -   10s
H    0     0                    1589997.1608 689113.532  56.7%     -   10s
H    0     0                    1589989.2450 689113.532  56.7%     -   10s
H    0     0                    1589285.2715 689113.532  56.6%     -   10s
     0     0 689963.416    0  209 1589285.27 689963.416  56.6%     -   12s
     0     0 689964.151    0  210 1589285.27 689964.151  56.6%     -   12s
     0     0 689964.671    0  210 1589285.27 689964.671  56.6%     -   12s
H    0     0                    1585688.7146 689967.234  56.5%     -   13s
H    0     0                    1562566.8991 689967.234  55.8%     -   13s
H    0     0                    1561567.6383 689967.234  55.8%     -   13s
H    0     0                    1526243.1300 689967.234  54.8%     -   13s
H    0     0                    1520271.9718 689967.234  54.6%     -   13s
H    0     0                    1514921.0306 689967.234  54.5%     -   14s
     0     0 689988.863    0  218 1514921.03 689988.863  54.5%     -   14s
     0     0 692033.822    0  258 1514921.03 692033.822  54.3%     -   16s
H    0     0                    1476540.4517 692039.052  53.1%     -   16s
H    0     0                    1472363.3125 692039.052  53.0%     -   17s
H    0     0                    1468445.1870 692039.052  52.9%     -   17s
     0     0 693822.174    0  200 1468445.19 693822.174  52.8%     -   22s
     0     0 693832.932    0  190 1468445.19 693832.932  52.8%     -   22s
     0     0 694916.083    0  233 1468445.19 694916.083  52.7%     -   24s
     0     0 694931.973    0  258 1468445.19 694931.973  52.7%     -   25s
H    0     0                    1461881.9138 694932.059  52.5%     -   26s
H    0     0                    1351356.4813 694932.059  48.6%     -   26s
H    0     0                    1264170.5300 694932.059  45.0%     -   27s
H    0     0                    1262905.1436 694932.059  45.0%     -   27s
H    0     0                    1219057.4569 694932.059  43.0%     -   27s
H    0     0                    1218431.6239 694932.059  43.0%     -   27s
H    0     0                    1213549.3926 694932.059  42.7%     -   27s
H    0     0                    1213088.5128 694932.059  42.7%     -   27s
H    0     0                    1212582.6732 694932.059  42.7%     -   28s
H    0     0                    1212551.2047 694932.059  42.7%     -   28s
     0     0 694976.860    0  257 1212551.20 694976.860  42.7%     -   28s
     0     0 694978.007    0  256 1212551.20 694978.007  42.7%     -   29s
     0     0 700573.332    0  234 1212551.20 700573.332  42.2%     -   34s
     0     0 701110.926    0  280 1212551.20 701110.926  42.2%     -   35s
     0     0 701242.182    0  270 1212551.20 701242.182  42.2%     -   35s
     0     0 701244.427    0  273 1212551.20 701244.427  42.2%     -   35s
     0     0 707798.503    0  283 1212551.20 707798.503  41.6%     -   38s
     0     0 707854.736    0  297 1212551.20 707854.736  41.6%     -   38s
H    0     0                    1171891.5887 707854.918  39.6%     -   39s
H    0     0                    1169141.9272 707854.918  39.5%     -   39s
     0     0 708458.408    0  280 1169141.93 708458.408  39.4%     -   40s
     0     0 708546.211    0  263 1169141.93 708546.211  39.4%     -   40s
     0     0 708578.632    0  263 1169141.93 708578.632  39.4%     -   41s
     0     0 708616.186    0  267 1169141.93 708616.186  39.4%     -   41s
     0     0 708619.067    0  268 1169141.93 708619.067  39.4%     -   41s
     0     0 711237.365    0  310 1169141.93 711237.365  39.2%     -   43s
     0     0 712216.051    0  328 1169141.93 712216.051  39.1%     -   44s
     0     0 712216.726    0  356 1169141.93 712216.726  39.1%     -   44s
     0     0 712216.839    0  322 1169141.93 712216.839  39.1%     -   45s
     0     0 712217.546    0  349 1169141.93 712217.546  39.1%     -   45s
     0     0 712217.567    0  343 1169141.93 712217.567  39.1%     -   45s
H    0     0                    1165852.8749 712842.766  38.9%     -   45s
H    0     0                    1160870.9984 712842.766  38.6%     -   45s
     0     0 712842.766    0  342 1160871.00 712842.766  38.6%     -   45s
H    0     0                    1138794.1359 712892.601  37.4%     -   45s
     0     0 712892.601    0  327 1138794.14 712892.601  37.4%     -   45s
     0     0 712894.442    0  320 1138794.14 712894.442  37.4%     -   45s
     0     0 716517.666    0  336 1138794.14 716517.666  37.1%     -   47s
     0     0 716518.693    0  319 1138794.14 716518.693  37.1%     -   48s
     0     0 716521.611    0  319 1138794.14 716521.611  37.1%     -   48s
     0     0 716525.397    0  321 1138794.14 716525.397  37.1%     -   48s
H    0     0                    1137492.9661 716534.216  37.0%     -   48s
H    0     0                    1135018.4276 716534.216  36.9%     -   48s
H    0     0                    1132592.1634 716534.216  36.7%     -   48s
H    0     0                    1127158.2044 716534.216  36.4%     -   49s
H    0     0                    1123027.9815 716534.216  36.2%     -   49s
H    0     0                    1121169.9196 716534.216  36.1%     -   49s
H    0     0                    1117594.0225 716534.216  35.9%     -   49s
     0     0 716802.645    0  327 1117594.02 716802.645  35.9%     -   49s
H    0     0                    1114502.7436 716869.375  35.7%     -   50s
     0     0 716869.375    0  332 1114502.74 716869.375  35.7%     -   50s
     0     0 716869.814    0  333 1114502.74 716869.814  35.7%     -   50s
     0     0 717862.123    0  344 1114502.74 717862.123  35.6%     -   52s
H    0     0                    1111504.0226 718091.684  35.4%     -   53s
     0     0 718091.684    0  324 1111504.02 718091.684  35.4%     -   53s
     0     0 718122.185    0  309 1111504.02 718122.185  35.4%     -   53s
H    0     0                    1107319.0793 718124.060  35.1%     -   53s
     0     0 718124.060    0  305 1107319.08 718124.060  35.1%     -   53s
     0     0 719961.542    0  360 1107319.08 719961.542  35.0%     -   55s
H    0     0                    1106012.7812 719965.454  34.9%     -   56s
H    0     0                    1095495.3122 719965.454  34.3%     -   57s
H    0     0                    1090288.8104 719965.454  34.0%     -   59s
H    0     0                    1090098.8022 719965.454  34.0%     -   59s
H    0     0                    1082024.9667 719965.454  33.5%     -   59s
H    0     0                    1078410.4631 719965.454  33.2%     -   59s
H    0     0                    1075853.5825 719965.454  33.1%     -   60s
     0     0 720633.707    0  402 1075853.58 720633.707  33.0%     -   60s
     0     0 720813.184    0  401 1075853.58 720813.184  33.0%     -   60s
     0     0 720820.412    0  408 1075853.58 720820.412  33.0%     -   61s
     0     0 722031.436    0  399 1075853.58 722031.436  32.9%     -   62s
     0     0 722134.279    0  333 1075853.58 722134.279  32.9%     -   63s
     0     0 722143.303    0  368 1075853.58 722143.303  32.9%     -   63s
     0     0 722155.347    0  365 1075853.58 722155.347  32.9%     -   63s
     0     0 722155.353    0  364 1075853.58 722155.353  32.9%     -   63s
     0     0 723626.235    0  306 1075853.58 723626.235  32.7%     -   65s
     0     0 723934.875    0  347 1075853.58 723934.875  32.7%     -   66s
     0     0 723937.989    0  359 1075853.58 723937.989  32.7%     -   66s
     0     0 725811.363    0  418 1075853.58 725811.363  32.5%     -   68s
     0     0 726003.224    0  455 1075853.58 726003.224  32.5%     -   69s
     0     0 726075.736    0  426 1075853.58 726075.736  32.5%     -   69s
     0     0 726080.474    0  416 1075853.58 726080.474  32.5%     -   69s
     0     0 727027.210    0  370 1075853.58 727027.210  32.4%     -   71s
H    0     0                    1074735.9129 727052.854  32.4%     -   72s
H    0     0                    1043163.3013 727052.854  30.3%     -   72s
H    0     0                    1037914.4815 727052.854  30.0%     -   73s
     0     0 727161.205    0  370 1037914.48 727161.205  29.9%     -   74s
     0     0 727162.262    0  370 1037914.48 727162.262  29.9%     -   74s
     0     0 727265.541    0  328 1037914.48 727265.541  29.9%     -   74s
     0     0 727287.341    0  337 1037914.48 727287.341  29.9%     -   74s
     0     0 727304.547    0  336 1037914.48 727304.547  29.9%     -   74s
     0     0 727307.033    0  339 1037914.48 727307.033  29.9%     -   74s
     0     0 728023.405    0  358 1037914.48 728023.405  29.9%     -   76s
     0     0 728028.613    0  353 1037914.48 728028.613  29.9%     -   76s
     0     0 728067.274    0  327 1037914.48 728067.274  29.9%     -   77s
     0     0 728081.802    0  337 1037914.48 728081.802  29.9%     -   77s
     0     0 728094.837    0  348 1037914.48 728094.837  29.9%     -   77s
     0     0 728102.914    0  336 1037914.48 728102.914  29.8%     -   77s
     0     0 728103.304    0  345 1037914.48 728103.304  29.8%     -   77s
     0     0 728851.973    0  292 1037914.48 728851.973  29.8%     -   79s
H    0     0                    1036524.6143 728925.311  29.7%     -   80s
H    0     0                    1035639.1659 728925.311  29.6%     -   80s
     0     0 728977.876    0  303 1035639.17 728977.876  29.6%     -   80s
     0     0 728977.887    0  300 1035639.17 728977.887  29.6%     -   80s
     0     0 729001.796    0  351 1035639.17 729001.796  29.6%     -   81s
     0     0 729001.796    0  341 1035639.17 729001.796  29.6%     -   81s
     0     0 730624.831    0  332 1035639.17 730624.831  29.5%     -   83s
     0     0 731350.774    0  404 1035639.17 731350.774  29.4%     -   84s
     0     0 731367.617    0  409 1035639.17 731367.617  29.4%     -   84s
     0     0 731444.914    0  464 1035639.17 731444.914  29.4%     -   84s
     0     0 731500.656    0  484 1035639.17 731500.656  29.4%     -   85s
     0     0 731586.934    0  449 1035639.17 731586.934  29.4%     -   85s
     0     0 731606.597    0  498 1035639.17 731606.597  29.4%     -   85s
     0     0 731609.953    0  496 1035639.17 731609.953  29.4%     -   85s
     0     0 734120.216    0  443 1035639.17 734120.216  29.1%     -   88s
H    0     0                    1031856.6478 734243.609  28.8%     -   89s
H    0     0                    1026605.6092 734243.609  28.5%     -   89s
H    0     0                    1021040.6870 734243.609  28.1%     -   89s
     0     0 734727.825    0  443 1021040.69 734727.825  28.0%     -   91s
     0     0 734838.156    0  460 1021040.69 734838.156  28.0%     -   92s
     0     0 734838.156    0  458 1021040.69 734838.156  28.0%     -   92s
     0     0 734838.156    0  456 1021040.69 734838.156  28.0%     -   92s
     0     0 734838.156    0  452 1021040.69 734838.156  28.0%     -   92s
     0     0 734901.306    0  432 1021040.69 734901.306  28.0%     -   92s
     0     0 734917.258    0  433 1021040.69 734917.258  28.0%     -   93s
     0     0 734924.513    0  471 1021040.69 734924.513  28.0%     -   93s
     0     0 734924.513    0  471 1021040.69 734924.513  28.0%     -   93s
     0     0 737306.579    0  454 1021040.69 737306.579  27.8%     -   95s
     0     0 737306.672    0  443 1021040.69 737306.672  27.8%     -   95s
     0     0 737672.983    0  387 1021040.69 737672.983  27.8%     -   95s
     0     0 737797.321    0  448 1021040.69 737797.321  27.7%     -   96s
     0     0 737852.794    0  426 1021040.69 737852.794  27.7%     -   96s
     0     0 737906.741    0  439 1021040.69 737906.741  27.7%     -   96s
     0     0 737946.531    0  401 1021040.69 737946.531  27.7%     -   97s
     0     0 737952.734    0  471 1021040.69 737952.734  27.7%     -   97s
     0     0 744001.341    0  389 1021040.69 744001.341  27.1%     -   99s
     0     0 744006.357    0  397 1021040.69 744006.357  27.1%     -   99s
     0     0 744562.162    0  402 1021040.69 744562.162  27.1%     -  108s
     0     0 744663.979    0  440 1021040.69 744663.979  27.1%     -  109s
     0     0 744896.036    0  482 1021040.69 744896.036  27.0%     -  109s
     0     0 744926.922    0  519 1021040.69 744926.922  27.0%     -  110s
     0     0 744927.008    0  518 1021040.69 744927.008  27.0%     -  110s
     0     0 744927.906    0  502 1021040.69 744927.906  27.0%     -  110s
     0     0 748112.392    0  445 1021040.69 748112.392  26.7%     -  111s
     0     0 749495.851    0  458 1021040.69 749495.851  26.6%     -  113s
     0     0 749905.752    0  445 1021040.69 749905.752  26.6%     -  113s
     0     0 750115.882    0  464 1021040.69 750115.882  26.5%     -  114s
     0     0 750164.144    0  462 1021040.69 750164.144  26.5%     -  114s
     0     0 750167.456    0  470 1021040.69 750167.456  26.5%     -  114s
     0     0 753183.202    0  401 1021040.69 753183.202  26.2%     -  116s
     0     0 755253.351    0  434 1021040.69 755253.351  26.0%     -  119s
     0     0 755845.282    0  435 1021040.69 755845.282  26.0%     -  119s

Cutting planes:
  Learned: 5
  Gomory: 40
  Cover: 125
  Implied bound: 247
  Clique: 138
  MIR: 491
  Knapsack: 2
  StrongCG: 149
  Flow cover: 157
  GUB cover: 38
  Zero half: 3
  Network: 2
  RLT: 341
  Relax-and-lift: 74
  BQP: 6
  PSD: 1

Explored 1 nodes (82038 simplex iterations) in 120.02 seconds (173.98 work units)
Thread count was 24 (of 24 available processors)

Solution count 10: 1.02104e+06 1.02661e+06 1.03186e+06 ... 1.07841e+06

Time limit reached
Best objective 1.021040686977e+06, best bound 7.558452824351e+05, gap 25.9730%
