
Gurobi 13.0.2 (linux64, Python) logging started Wed Jun  3 13:51:10 2026

Set parameter LogToConsole to value 0
Set parameter Username
Set parameter LicenseID to value 2748191
Set parameter TimeLimit to value 600
Set parameter LogFile to value "output/bz_nbr7008_043/period_4/gurobi.log"
Academic license - for non-commercial use only - expires 2026-12-01
Gurobi Optimizer version 13.0.2 build v13.0.2rc1 (linux64 - "Debian GNU/Linux 13 (trixie)")

CPU model: 13th Gen Intel(R) Core(TM) i7-13700HX, instruction set [SSE2|AVX|AVX2]
Thread count: 24 physical cores, 24 logical processors, using up to 24 threads

Non-default parameters:
TimeLimit  600
LogToConsole  0

Optimize a model with 204088 rows, 136838 columns and 713906 nonzeros (Min)
Model fingerprint: 0xf6f1d3ea
Model has 54480 linear objective coefficients and an objective constant of 355612.13394
Variable types: 112760 continuous, 24078 integer (24078 binary)
Coefficient statistics:
  Matrix range     [1e-02, 1e+04]
  Objective range  [1e+01, 3e+05]
  Bounds range     [1e+00, 1e+00]
  RHS range        [1e-01, 3e+04]

Presolve removed 122622 rows and 85247 columns
Presolve time: 3.47s
Presolved: 81466 rows, 51591 columns, 817826 nonzeros
Variable types: 33765 continuous, 17826 integer (17780 binary)
Deterministic concurrent LP optimizer: primal simplex, dual simplex, and barrier
Showing barrier log only...

Root barrier log...

Ordering time: 0.40s

Barrier statistics:
 Dense cols : 106
 AA' NZ     : 6.872e+06
 Factor NZ  : 1.198e+07 (roughly 140 MB of memory)
 Factor Ops : 3.334e+09 (less than 1 second per iteration)
 Threads    : 21

                  Objective                Residual
Iter       Primal          Dual         Primal    Dual     Compl     Time
   0  -2.97053459e+09 -1.30035506e+10  2.37e+06 1.75e+02  3.08e+06     5s
   1  -1.60145354e+09 -1.15458743e+10  1.49e+06 3.24e+02  1.69e+06     5s
   2  -7.10665879e+08 -9.33909045e+09  6.28e+05 7.00e+01  7.33e+05     5s
   3  -1.58863560e+08 -4.75130379e+09  1.50e+05 1.79e+00  1.80e+05     5s
   4  -3.81585068e+06 -1.22466825e+09  1.79e+04 4.24e-10  2.39e+04     5s
   5   1.20711244e+07 -6.98539243e+08  5.02e+03 5.02e-10  8.81e+03     5s
   6   1.64927703e+07 -2.07918199e+08  1.41e+03 5.37e-10  2.35e+03     5s
   7   1.68796496e+07 -7.65631840e+07  1.03e+03 1.77e-10  1.07e+03     5s
   8   1.64939810e+07 -4.66742623e+07  5.43e+02 1.09e-10  6.36e+02     5s
   9   1.50455495e+07 -3.18664243e+07  2.52e+02 8.14e-11  4.10e+02     5s
  10   1.28373069e+07 -1.92058452e+07  1.59e+02 5.37e-11  2.67e+02     6s
  11   1.12236461e+07 -1.59097890e+07  9.56e+01 4.37e-11  2.15e+02     6s
  12   1.01704987e+07 -1.38876576e+07  7.23e+01 4.18e-11  1.87e+02     6s
  13   5.36857533e+06 -9.35603117e+06  2.83e+01 2.73e-11  1.10e+02     6s
  14   3.41714490e+06 -2.93587424e+06  1.41e+01 2.27e-11  4.83e+01     6s
  15   2.61772146e+06 -1.76269049e+06  9.65e+00 1.92e-11  3.33e+01     6s
  16   2.21963289e+06 -1.59412200e+06  7.52e+00 2.23e-11  2.88e+01     6s
  17   1.85947832e+06 -1.00707418e+06  5.32e+00 2.93e-11  2.16e+01     6s
  18   1.47851409e+06 -2.03721515e+05  2.83e+00 3.46e-11  1.27e+01     6s
  19   1.29040773e+06  1.23686523e+05  1.78e+00 3.14e-11  8.79e+00     6s
  20   1.23958452e+06  2.28295749e+05  1.53e+00 2.99e-11  7.62e+00     6s
  21   1.16203691e+06  3.93550711e+05  1.15e+00 2.46e-11  5.79e+00     6s
  22   1.06449840e+06  7.34940247e+05  5.74e-01 2.53e-11  2.51e+00     6s
  23   9.81102974e+05  8.87899429e+05  1.36e-01 2.31e-11  6.98e-01     6s
  24   9.60418911e+05  9.08821038e+05  5.04e-02 2.27e-11  3.78e-01     6s
  25   9.55640503e+05  9.10966926e+05  3.79e-02 3.06e-11  3.26e-01     6s
  26   9.54379070e+05  9.21764208e+05  3.41e-02 3.14e-11  2.40e-01     6s
  27   9.53380501e+05  9.29159839e+05  3.14e-02 2.99e-11  1.80e-01     6s
  28   9.48228729e+05  9.37946519e+05  1.28e-02 2.76e-11  7.59e-02     7s
  29   9.46316012e+05  9.40007881e+05  7.66e-03 2.47e-11  4.65e-02     7s
  30   9.45638752e+05  9.40970431e+05  6.05e-03 2.40e-11  3.45e-02     7s
  31   9.44843737e+05  9.41491732e+05  4.25e-03 2.03e-11  2.48e-02     7s
  32   9.44601167e+05  9.41705948e+05  3.74e-03 2.19e-11  2.14e-02     7s
  33   9.44085765e+05  9.42111225e+05  2.72e-03 3.72e-11  1.47e-02     7s
  34   9.43719271e+05  9.42341369e+05  2.02e-03 1.87e-11  1.03e-02     7s
  35   9.43348602e+05  9.42425775e+05  1.31e-03 1.67e-11  6.87e-03     7s
  36   9.43212927e+05  9.42549019e+05  1.06e-03 2.07e-11  4.98e-03     7s
  37   9.43191155e+05  9.42553461e+05  1.02e-03 1.97e-11  4.78e-03     7s
  38   9.43121628e+05  9.42559685e+05  8.93e-04 2.44e-11  4.21e-03     7s
  39   9.43028762e+05  9.42565353e+05  7.37e-04 2.55e-11  3.47e-03     7s
  40   9.42871823e+05  9.42588090e+05  4.47e-04 2.48e-11  2.13e-03     7s
  41   9.42748184e+05  9.42601351e+05  2.27e-04 2.37e-11  1.10e-03     7s
  42   9.42712575e+05  9.42612479e+05  1.66e-04 2.69e-11  7.53e-04     7s
  43   9.42669365e+05  9.42615241e+05  8.68e-05 2.07e-11  4.06e-04     7s
  44   9.42644836e+05  9.42617362e+05  4.37e-05 2.01e-11  2.06e-04     7s
  45   9.42619805e+05  9.42618230e+05  2.79e-07 2.41e-11  1.12e-05     7s
  46   9.42619266e+05  9.42619063e+05  2.30e-07 2.35e-11  1.46e-06     8s
  47   9.42619102e+05  9.42619085e+05  4.24e-07 2.44e-11  1.22e-07     8s
  48   9.42619087e+05  9.42619087e+05  2.38e-10 3.34e-11  4.19e-11     8s

Barrier solved model in 48 iterations and 7.66 seconds (14.14 work units)
Optimal objective 9.42619087e+05


Root crossover log...

   48937 DPushes remaining with DInf 2.9285888e-01                 8s
       0 DPushes remaining with DInf 3.5758968e+00                 8s

      44 PPushes remaining with PInf 0.0000000e+00                 8s
       0 PPushes remaining with PInf 0.0000000e+00                 8s

  Push phase complete: Pinf 0.0000000e+00, Dinf 3.6349361e+00      8s


Root simplex log...

Iteration    Objective       Primal Inf.    Dual Inf.      Time
   28531    9.4261909e+05   0.000000e+00   3.634936e+00      8s
   28536    9.4261909e+05   0.000000e+00   0.000000e+00      8s
Crossover time: 0.31 seconds (0.43 work units)
Concurrent spin time: 0.37s

Solved with barrier
   28537    9.4261909e+05   0.000000e+00   0.000000e+00      8s

Extra simplex iterations after uncrush: 1

Root relaxation: objective 9.426191e+05, 28537 iterations, 4.68 seconds (6.92 work units)

    Nodes    |    Current Node    |     Objective Bounds      |     Work
 Expl Unexpl |  Obj  Depth IntInf | Incumbent    BestBd   Gap | It/Node Time

     0     0 942619.087    0  174          - 942619.087      -     -    8s
     0     0 942620.059    0  169          - 942620.059      -     -    8s
H    0     0                    1848916.9760 942620.059  49.0%     -    9s
H    0     0                    1842920.7509 942620.059  48.9%     -    9s
H    0     0                    1783151.5447 942620.059  47.1%     -   10s
H    0     0                    1781930.0824 942620.059  47.1%     -   10s
H    0     0                    1781154.1651 942620.059  47.1%     -   10s
H    0     0                    1760572.0992 942620.059  46.5%     -   11s
     0     0 943894.465    0  142 1760572.10 943894.465  46.4%     -   13s
H    0     0                    1752956.8475 943901.386  46.2%     -   13s
H    0     0                    1734842.9535 943901.386  45.6%     -   13s
H    0     0                    1721836.5178 943901.386  45.2%     -   14s
H    0     0                    1714383.8139 943901.386  44.9%     -   14s
H    0     0                    1673347.7017 943901.386  43.6%     -   14s
H    0     0                    1600863.7252 943901.386  41.0%     -   14s
H    0     0                    1585690.8769 943901.386  40.5%     -   14s
H    0     0                    1555688.6806 943901.386  39.3%     -   14s
H    0     0                    1549585.9299 943901.386  39.1%     -   14s
     0     0 943904.595    0  142 1549585.93 943904.595  39.1%     -   14s
     0     0 949298.013    0  159 1549585.93 949298.013  38.7%     -   15s
     0     0 949361.652    0  179 1549585.93 949361.652  38.7%     -   16s
     0     0 949606.138    0  162 1549585.93 949606.138  38.7%     -   17s
     0     0 949625.679    0  170 1549585.93 949625.679  38.7%     -   17s
H    0     0                    1549231.2883 949626.100  38.7%     -   18s
H    0     0                    1505670.6000 949626.100  36.9%     -   18s
H    0     0                    1502277.3519 949626.100  36.8%     -   19s
H    0     0                    1494929.0108 949626.100  36.5%     -   19s
H    0     0                    1471166.4798 949626.100  35.5%     -   19s
H    0     0                    1471137.3662 949626.100  35.4%     -   19s
H    0     0                    1461824.3850 949626.100  35.0%     -   19s
H    0     0                    1461524.8590 949626.100  35.0%     -   19s
H    0     0                    1457956.3479 949626.100  34.9%     -   19s
H    0     0                    1452845.3225 949626.100  34.6%     -   19s
H    0     0                    1452236.9061 949626.100  34.6%     -   19s
     0     0 949633.924    0  171 1452236.91 949633.924  34.6%     -   20s
     0     0 949634.112    0  171 1452236.91 949634.112  34.6%     -   20s
     0     0 958229.825    0  298 1452236.91 958229.825  34.0%     -   24s
     0     0 958229.825    0  277 1452236.91 958229.825  34.0%     -   24s
H    0     0                    1451438.9304 958230.778  34.0%     -   25s
H    0     0                    1424803.8118 958230.778  32.7%     -   34s
H    0     0                    1419860.5864 958230.778  32.5%     -   35s
H    0     0                    1419728.2611 958230.778  32.5%     -   35s
     0     0 958964.215    0  296 1419728.26 958964.215  32.5%     -   36s
     0     0 958964.215    0  294 1419728.26 958964.215  32.5%     -   36s
     0     0 959078.367    0  285 1419728.26 959078.367  32.4%     -   36s
     0     0 959078.367    0  284 1419728.26 959078.367  32.4%     -   37s
     0     0 960224.132    0  273 1419728.26 960224.132  32.4%     -   38s
H    0     0                    1417939.2089 960224.380  32.3%     -   39s
H    0     0                    1417793.4467 960224.380  32.3%     -   39s
H    0     0                    1411727.2152 960224.380  32.0%     -   39s
H    0     0                    1380804.2141 960224.380  30.5%     -   39s
H    0     0                    1380559.5130 960224.380  30.4%     -   39s
     0     0 960686.624    0  277 1380559.51 960686.624  30.4%     -   40s
     0     0 960689.039    0  281 1380559.51 960689.039  30.4%     -   40s
     0     0 960796.122    0  327 1380559.51 960796.122  30.4%     -   41s
     0     0 960845.365    0  312 1380559.51 960845.365  30.4%     -   41s
H    0     0                    1369964.5918 960877.025  29.9%     -   41s
     0     0 960877.025    0  303 1369964.59 960877.025  29.9%     -   41s
H    0     0                    1364981.9396 960909.137  29.6%     -   42s
H    0     0                    1357254.5488 960909.137  29.2%     -   42s
     0     0 960909.137    0  318 1357254.55 960909.137  29.2%     -   42s
     0     0 960909.137    0  319 1357254.55 960909.137  29.2%     -   42s
     0     0 964865.435    0  329 1357254.55 964865.435  28.9%     -   44s
     0     0 965009.979    0  337 1357254.55 965009.979  28.9%     -   44s
     0     0 965020.098    0  308 1357254.55 965020.098  28.9%     -   44s
     0     0 965024.441    0  312 1357254.55 965024.441  28.9%     -   45s
     0     0 967646.845    0  346 1357254.55 967646.845  28.7%     -   47s
H    0     0                    1317629.3875 967707.848  26.6%     -   48s
H    0     0                    1317451.8927 967707.848  26.5%     -   48s
     0     0 968195.885    0  344 1317451.89 968195.885  26.5%     -   49s
     0     0 968446.705    0  340 1317451.89 968446.705  26.5%     -   49s
     0     0 968575.310    0  359 1317451.89 968575.310  26.5%     -   49s
     0     0 968579.822    0  382 1317451.89 968579.822  26.5%     -   49s
     0     0 968614.497    0  355 1317451.89 968614.497  26.5%     -   50s
     0     0 968614.509    0  355 1317451.89 968614.509  26.5%     -   50s
     0     0 972823.584    0  320 1317451.89 972823.584  26.2%     -   51s
     0     0 973441.223    0  342 1317451.89 973441.223  26.1%     -   52s
     0     0 973523.256    0  389 1317451.89 973523.256  26.1%     -   52s
     0     0 973553.344    0  380 1317451.89 973553.344  26.1%     -   53s
     0     0 976612.714    0  298 1317451.89 976612.714  25.9%     -   54s
     0     0 976695.591    0  294 1317451.89 976695.591  25.9%     -   54s
H    0     0                    1314020.8495 976804.974  25.7%     -   56s
     0     0 977862.980    0  321 1314020.85 977862.980  25.6%     -   57s
     0     0 978056.810    0  399 1314020.85 978056.810  25.6%     -   57s
     0     0 978124.655    0  347 1314020.85 978124.655  25.6%     -   58s
     0     0 978131.835    0  361 1314020.85 978131.835  25.6%     -   58s
     0     0 978135.665    0  409 1314020.85 978135.665  25.6%     -   58s
     0     0 981640.565    0  307 1314020.85 981640.565  25.3%     -   60s
     0     0 982008.074    0  328 1314020.85 982008.074  25.3%     -   61s
     0     0 982067.469    0  331 1314020.85 982067.469  25.3%     -   61s
     0     0 982068.476    0  331 1314020.85 982068.476  25.3%     -   61s
     0     0 983534.072    0  300 1314020.85 983534.072  25.2%     -   62s
H    0     0                    1311371.8969 983535.779  25.0%     -   63s
H    0     0                    1309645.2530 983535.779  24.9%     -   64s
     0     0 983663.622    0  292 1309645.25 983663.622  24.9%     -   64s
     0     0 983785.250    0  313 1309645.25 983785.250  24.9%     -   64s
     0     0 983910.348    0  286 1309645.25 983910.348  24.9%     -   64s
     0     0 984009.844    0  341 1309645.25 984009.844  24.9%     -   65s
     0     0 984031.083    0  307 1309645.25 984031.083  24.9%     -   65s
     0     0 984035.049    0  308 1309645.25 984035.049  24.9%     -   65s
     0     0 985573.049    0  319 1309645.25 985573.049  24.7%     -   66s
     0     0 985804.129    0  302 1309645.25 985804.129  24.7%     -   67s
     0     0 985944.949    0  304 1309645.25 985944.949  24.7%     -   67s
     0     0 986027.812    0  309 1309645.25 986027.812  24.7%     -   68s
     0     0 986038.870    0  284 1309645.25 986038.870  24.7%     -   68s
     0     0 986046.181    0  287 1309645.25 986046.181  24.7%     -   68s
     0     0 987902.474    0  291 1309645.25 987902.474  24.6%     -   69s
H    0     0                    1309345.1421 987960.989  24.5%     -   69s
H    0     0                    1309335.5519 987960.989  24.5%     -   70s
H    0     0                    1303005.8185 987960.989  24.2%     -   70s
     0     0 988071.529    0  297 1303005.82 988071.529  24.2%     -   70s
     0     0 988077.654    0  285 1303005.82 988077.654  24.2%     -   70s
     0     0 988676.412    0  268 1303005.82 988676.412  24.1%     -   71s
     0     0 988809.470    0  213 1303005.82 988809.470  24.1%     -   72s
     0     0 988819.124    0  217 1303005.82 988819.124  24.1%     -   72s
     0     0 990042.459    0  304 1303005.82 990042.459  24.0%     -   73s
H    0     0                    1298155.4600 990042.598  23.7%     -   74s
     0     0 990096.578    0  314 1298155.46 990096.578  23.7%     -   75s
     0     0 990097.017    0  292 1298155.46 990097.017  23.7%     -   76s
     0     0 990724.303    0  286 1298155.46 990724.303  23.7%     -   77s
     0     0 990822.839    0  319 1298155.46 990822.839  23.7%     -   77s
     0     0 990847.997    0  319 1298155.46 990847.997  23.7%     -   78s
     0     0 990850.600    0  311 1298155.46 990850.600  23.7%     -   78s
     0     0 991478.071    0  289 1298155.46 991478.071  23.6%     -   79s
H    0     0                    1291677.7900 991538.582  23.2%     -   80s
     0     0 991787.835    0  308 1291677.79 991787.835  23.2%     -   80s
     0     0 991831.566    0  338 1291677.79 991831.566  23.2%     -   81s
     0     0 991901.564    0  331 1291677.79 991901.564  23.2%     -   81s
     0     0 991935.198    0  348 1291677.79 991935.198  23.2%     -   81s
     0     0 991935.768    0  323 1291677.79 991935.768  23.2%     -   81s
     0     0 992846.588    0  319 1291677.79 992846.588  23.1%     -   83s
     0     0 992984.023    0  319 1291677.79 992984.023  23.1%     -   83s
     0     0 992993.010    0  332 1291677.79 992993.010  23.1%     -   84s
     0     0 993002.737    0  320 1291677.79 993002.737  23.1%     -   84s
     0     0 993003.923    0  333 1291677.79 993003.923  23.1%     -   84s
     0     0 993352.042    0  286 1291677.79 993352.042  23.1%     -   85s
H    0     0                    1291277.0157 993352.552  23.1%     -   86s
     0     0 993423.380    0  280 1291277.02 993423.380  23.1%     -   89s
     0     0 993431.219    0  274 1291277.02 993431.219  23.1%     -   89s
     0     0 993979.793    0  328 1291277.02 993979.793  23.0%     -   91s
     0     0 994175.179    0  321 1291277.02 994175.179  23.0%     -   91s
     0     0 994197.886    0  362 1291277.02 994197.886  23.0%     -   92s
     0     0 994212.276    0  331 1291277.02 994212.276  23.0%     -   92s
     0     0 994213.064    0  362 1291277.02 994213.064  23.0%     -   92s
     0     0 994785.639    0  376 1291277.02 994785.639  23.0%     -   93s
H    0     0                    1283114.2445 994803.925  22.5%     -   95s
     0     0 994958.876    0  380 1283114.24 994958.876  22.5%     -   95s
     0     0 995051.372    0  370 1283114.24 995051.372  22.5%     -   95s
     0     0 995056.015    0  366 1283114.24 995056.015  22.4%     -   95s
     0     0 995877.719    0  258 1283114.24 995877.719  22.4%     -   97s
     0     0 995984.001    0  323 1283114.24 995984.001  22.4%     -   97s
     0     0 996008.572    0  363 1283114.24 996008.572  22.4%     -   98s
     0     0 996021.016    0  348 1283114.24 996021.016  22.4%     -   98s
     0     0 996034.941    0  329 1283114.24 996034.941  22.4%     -   98s
     0     0 996037.521    0  351 1283114.24 996037.521  22.4%     -   98s
     0     0 998934.440    0  273 1283114.24 998934.440  22.1%     -  100s
H    0     0                    1282830.1212 998938.802  22.1%     -  101s
H    0     0                    1282822.4200 998938.802  22.1%     -  101s
H    0     0                    1278848.3563 998938.802  21.9%     -  101s
H    0     0                    1266050.0664 998938.802  21.1%     -  101s
H    0     0                    1263331.1907 998938.802  20.9%     -  101s
H    0     0                    1262588.7410 998938.802  20.9%     -  101s
H    0     0                    1256476.6041 998938.802  20.5%     -  101s
     0     0 999197.223    0  303 1256476.60 999197.223  20.5%     -  102s
     0     0 999216.833    0  353 1256476.60 999216.833  20.5%     -  102s
     0     0 999224.650    0  323 1256476.60 999224.650  20.5%     -  102s
     0     0 999720.015    0  312 1256476.60 999720.015  20.4%     -  104s
     0     0 999851.024    0  291 1256476.60 999851.024  20.4%     -  104s
     0     0 999874.464    0  341 1256476.60 999874.464  20.4%     -  105s
     0     0 999883.682    0  373 1256476.60 999883.682  20.4%     -  105s
     0     0 1001138.80    0  373 1256476.60 1001138.80  20.3%     -  107s
H    0     0                    1253371.0671 1001140.72  20.1%     -  108s
     0     0 1001580.87    0  353 1253371.07 1001580.87  20.1%     -  109s
     0     0 1001664.08    0  433 1253371.07 1001664.08  20.1%     -  109s
     0     0 1001823.54    0  371 1253371.07 1001823.54  20.1%     -  110s
     0     0 1002113.34    0  388 1253371.07 1002113.34  20.0%     -  110s
     0     0 1002185.45    0  394 1253371.07 1002185.45  20.0%     -  111s
     0     0 1002211.65    0  429 1253371.07 1002211.65  20.0%     -  111s
     0     0 1002212.85    0  422 1253371.07 1002212.85  20.0%     -  111s
H    0     0                    1243066.2287 1004032.03  19.2%     -  113s
     0     0 1004032.03    0  319 1243066.23 1004032.03  19.2%     -  113s
     0     0 1004210.38    0  367 1243066.23 1004210.38  19.2%     -  114s
     0     0 1004268.81    0  375 1243066.23 1004268.81  19.2%     -  114s
     0     0 1004288.85    0  439 1243066.23 1004288.85  19.2%     -  115s
     0     0 1004298.64    0  360 1243066.23 1004298.64  19.2%     -  115s
     0     0 1004701.32    0  320 1243066.23 1004701.32  19.2%     -  116s
H    0     0                    1242842.6881 1004742.18  19.2%     -  117s
H    0     0                    1242366.0733 1004742.18  19.1%     -  117s
     0     0 1004992.29    0  386 1242366.07 1004992.29  19.1%     -  118s
     0     0 1005082.85    0  384 1242366.07 1005082.85  19.1%     -  119s
     0     0 1005088.11    0  415 1242366.07 1005088.11  19.1%     -  119s
     0     0 1006279.45    0  350 1242366.07 1006279.45  19.0%     -  121s
     0     0 1007048.28    0  297 1242366.07 1007048.28  18.9%     -  122s
     0     0 1007295.03    0  310 1242366.07 1007295.03  18.9%     -  123s
     0     0 1007322.48    0  300 1242366.07 1007322.48  18.9%     -  123s
     0     0 1007338.58    0  340 1242366.07 1007338.58  18.9%     -  123s
     0     0 1007347.63    0  368 1242366.07 1007347.63  18.9%     -  124s
     0     0 1008330.16    0  331 1242366.07 1008330.16  18.8%     -  126s
H    0     0                    1242004.0980 1008333.02  18.8%     -  126s
H    0     0                    1237617.8726 1008333.02  18.5%     -  127s
     0     0 1008704.12    0  378 1237617.87 1008704.12  18.5%     -  131s
     0     0 1008784.55    0  433 1237617.87 1008784.55  18.5%     -  131s
     0     0 1008790.60    0  422 1237617.87 1008790.60  18.5%     -  132s
     0     0 1009641.54    0  385 1237617.87 1009641.54  18.4%     -  133s
     0     0 1009929.45    0  389 1237617.87 1009929.45  18.4%     -  134s
     0     0 1010000.14    0  361 1237617.87 1010000.14  18.4%     -  135s
     0     0 1010041.87    0  425 1237617.87 1010041.87  18.4%     -  135s
     0     0 1010049.34    0  397 1237617.87 1010049.34  18.4%     -  135s
     0     0 1010452.76    0  402 1237617.87 1010452.76  18.4%     -  137s
     0     0 1010573.57    0  333 1237617.87 1010573.57  18.3%     -  138s
     0     0 1010604.21    0  326 1237617.87 1010604.21  18.3%     -  139s
     0     0 1010632.61    0  376 1237617.87 1010632.61  18.3%     -  139s
     0     0 1010641.02    0  361 1237617.87 1010641.02  18.3%     -  139s
     0     0 1010947.48    0  423 1237617.87 1010947.48  18.3%     -  141s
     0     0 1010989.74    0  396 1237617.87 1010989.74  18.3%     -  142s
     0     0 1011004.42    0  398 1237617.87 1011004.42  18.3%     -  142s
     0     0 1011034.20    0  401 1237617.87 1011034.20  18.3%     -  142s
     0     0 1011034.96    0  379 1237617.87 1011034.96  18.3%     -  142s
     0     0 1011178.73    0  367 1237617.87 1011178.73  18.3%     -  144s
H    0     0                    1223099.6514 1011182.86  17.3%     -  144s
     0     0 1011340.94    0  413 1223099.65 1011340.94  17.3%     -  145s
     0     0 1011378.16    0  401 1223099.65 1011378.16  17.3%     -  146s
     0     0 1011387.41    0  414 1223099.65 1011387.41  17.3%     -  146s
     0     0 1011988.17    0  316 1223099.65 1011988.17  17.3%     -  148s
     0     0 1012111.14    0  441 1223099.65 1012111.14  17.3%     -  149s
     0     0 1012134.79    0  384 1223099.65 1012134.79  17.2%     -  149s
     0     0 1012137.52    0  387 1223099.65 1012137.52  17.2%     -  149s
     0     0 1012852.09    0  302 1223099.65 1012852.09  17.2%     -  150s
H    0     0                    1223051.3971 1012859.59  17.2%     -  151s
H    0     0                    1215142.9043 1012859.59  16.6%     -  151s
H    0     0                    1212954.3846 1012859.59  16.5%     -  152s
     0     0 1012938.05    0  353 1212954.38 1012938.05  16.5%     -  152s
     0     0 1013045.10    0  316 1212954.38 1013045.10  16.5%     -  153s
     0     0 1013071.03    0  353 1212954.38 1013071.03  16.5%     -  153s
     0     0 1013074.21    0  323 1212954.38 1013074.21  16.5%     -  153s
     0     0 1013421.58    0  353 1212954.38 1013421.58  16.5%     -  154s
     0     0 1013531.77    0  295 1212954.38 1013531.77  16.4%     -  155s
     0     0 1013550.12    0  343 1212954.38 1013550.12  16.4%     -  155s
     0     0 1013574.42    0  293 1212954.38 1013574.42  16.4%     -  156s
     0     0 1013577.86    0  311 1212954.38 1013577.86  16.4%     -  156s
     0     0 1014000.16    0  353 1212954.38 1014000.16  16.4%     -  157s
H    0     0                    1212905.9026 1014009.04  16.4%     -  158s
H    0     0                    1212896.3124 1014009.04  16.4%     -  158s
H    0     0                    1212470.5495 1014009.04  16.4%     -  158s
     0     0 1014119.79    0  314 1212470.55 1014119.79  16.4%     -  159s
     0     0 1014161.48    0  310 1212470.55 1014161.48  16.4%     -  159s
     0     0 1014212.52    0  307 1212470.55 1014212.52  16.4%     -  159s
     0     0 1014226.61    0  306 1212470.55 1014226.61  16.4%     -  160s
     0     0 1014639.25    0  343 1212470.55 1014639.25  16.3%     -  161s
     0     0 1014962.69    0  358 1212470.55 1014962.69  16.3%     -  162s
     0     0 1015045.79    0  352 1212470.55 1015045.79  16.3%     -  163s
     0     0 1015053.44    0  375 1212470.55 1015053.44  16.3%     -  163s
     0     0 1015673.54    0  383 1212470.55 1015673.54  16.2%     -  164s
H    0     0                    1207319.8129 1015705.54  15.9%     -  168s
H    0     0                    1203875.0375 1015705.54  15.6%     -  168s
H    0     0                    1203857.1846 1015705.54  15.6%     -  168s
H    0     0                    1203610.3202 1015705.54  15.6%     -  168s
H    0     0                    1202572.7430 1015705.54  15.5%     -  169s
     0     0 1015895.05    0  301 1202572.74 1015895.05  15.5%     -  169s
     0     0 1015995.53    0  337 1202572.74 1015995.53  15.5%     -  170s
     0     0 1016030.22    0  339 1202572.74 1016030.22  15.5%     -  170s
     0     0 1016057.84    0  424 1202572.74 1016057.84  15.5%     -  171s
     0     0 1016063.13    0  408 1202572.74 1016063.13  15.5%     -  171s
     0     0 1016544.80    0  363 1202572.74 1016544.80  15.5%     -  173s
     0     0 1016752.64    0  399 1202572.74 1016752.64  15.5%     -  173s
     0     0 1016824.52    0  408 1202572.74 1016824.52  15.4%     -  174s
     0     0 1016847.71    0  383 1202572.74 1016847.71  15.4%     -  174s
     0     0 1016866.71    0  415 1202572.74 1016866.71  15.4%     -  175s
     0     0 1016870.38    0  412 1202572.74 1016870.38  15.4%     -  175s
     0     0 1017282.10    0  359 1202572.74 1017282.10  15.4%     -  176s
H    0     0                    1202110.3394 1017373.00  15.4%     -  177s
     0     0 1017489.37    0  361 1202110.34 1017489.37  15.4%     -  178s
     0     0 1017612.14    0  319 1202110.34 1017612.14  15.3%     -  179s
     0     0 1017696.21    0  321 1202110.34 1017696.21  15.3%     -  179s
     0     0 1017728.78    0  346 1202110.34 1017728.78  15.3%     -  179s
     0     0 1017736.61    0  392 1202110.34 1017736.61  15.3%     -  180s
     0     0 1018164.45    0  278 1202110.34 1018164.45  15.3%     -  181s
     0     0 1018490.12    0  261 1202110.34 1018490.12  15.3%     -  182s
     0     0 1018513.10    0  266 1202110.34 1018513.10  15.3%     -  182s
     0     0 1018522.68    0  292 1202110.34 1018522.68  15.3%     -  182s
     0     0 1019075.07    0  290 1202110.34 1019075.07  15.2%     -  183s
H    0     0                    1201908.3449 1019081.98  15.2%     -  184s
H    0     0                    1200331.4828 1019081.98  15.1%     -  184s
     0     0 1019313.55    0  340 1200331.48 1019313.55  15.1%     -  185s
     0     0 1019467.09    0  337 1200331.48 1019467.09  15.1%     -  186s
     0     0 1019537.31    0  351 1200331.48 1019537.31  15.1%     -  186s
     0     0 1019578.20    0  381 1200331.48 1019578.20  15.1%     -  187s
     0     0 1019591.09    0  389 1200331.48 1019591.09  15.1%     -  187s
     0     0 1021149.65    0  310 1200331.48 1021149.65  14.9%     -  189s
     0     0 1021451.89    0  344 1200331.48 1021451.89  14.9%     -  190s
     0     0 1021509.85    0  324 1200331.48 1021509.85  14.9%     -  190s
     0     0 1021525.06    0  318 1200331.48 1021525.06  14.9%     -  190s
     0     0 1022457.40    0  360 1200331.48 1022457.40  14.8%     -  192s
H    0     0                    1200261.9636 1022506.29  14.8%     -  193s
H    0     0                    1200236.8499 1022506.29  14.8%     -  193s
     0     0 1022784.34    0  345 1200236.85 1022784.34  14.8%     -  193s
     0     0 1022914.04    0  354 1200236.85 1022914.04  14.8%     -  194s
     0     0 1023103.99    0  380 1200236.85 1023103.99  14.8%     -  194s
     0     0 1023112.01    0  412 1200236.85 1023112.01  14.8%     -  195s
     0     0 1024422.98    0  386 1200236.85 1024422.98  14.6%     -  196s
     0     0 1024756.84    0  375 1200236.85 1024756.84  14.6%     -  197s
     0     0 1024822.93    0  433 1200236.85 1024822.93  14.6%     -  197s
     0     0 1024863.92    0  420 1200236.85 1024863.92  14.6%     -  198s
     0     0 1024878.12    0  450 1200236.85 1024878.12  14.6%     -  198s
     0     0 1025865.01    0  382 1200236.85 1025865.01  14.5%     -  199s
H    0     0                    1200231.1474 1025877.86  14.5%     -  200s
     0     0 1026129.97    0  350 1200231.15 1026129.97  14.5%     -  201s
     0     0 1026228.89    0  329 1200231.15 1026228.89  14.5%     -  201s
     0     0 1026245.92    0  368 1200231.15 1026245.92  14.5%     -  201s
     0     0 1026252.08    0  445 1200231.15 1026252.08  14.5%     -  202s
     0     0 1027137.26    0  434 1200231.15 1027137.26  14.4%     -  203s
     0     0 1027348.25    0  448 1200231.15 1027348.25  14.4%     -  204s
     0     0 1027505.22    0  481 1200231.15 1027505.22  14.4%     -  205s
     0     0 1027542.42    0  449 1200231.15 1027542.42  14.4%     -  205s
     0     0 1027544.70    0  438 1200231.15 1027544.70  14.4%     -  205s
     0     0 1028593.45    0  430 1200231.15 1028593.45  14.3%     -  207s
H    0     0                    1199636.3716 1028607.53  14.3%     -  209s
H    0     0                    1198518.4888 1028607.53  14.2%     -  212s
H    0     0                    1197877.0993 1028607.53  14.1%     -  212s
H    0     0                    1196580.0096 1028607.53  14.0%     -  215s
     0     0 1028722.55    0  539 1196580.01 1028722.55  14.0%     -  215s
     0     0 1028752.78    0  476 1196580.01 1028752.78  14.0%     -  216s
     0     0 1028777.79    0  477 1196580.01 1028777.79  14.0%     -  216s
     0     0 1028811.45    0  534 1196580.01 1028811.45  14.0%     -  216s
     0     0 1028818.22    0  546 1196580.01 1028818.22  14.0%     -  217s
     0     0 1029139.95    0  482 1196580.01 1029139.95  14.0%     -  218s
     0     0 1029217.67    0  492 1196580.01 1029217.67  14.0%     -  221s
     0     0 1029221.92    0  507 1196580.01 1029221.92  14.0%     -  221s
     0     0 1029404.58    0  445 1196580.01 1029404.58  14.0%     -  222s
     0     0 1029523.97    0  481 1196580.01 1029523.97  14.0%     -  223s
     0     0 1029565.46    0  505 1196580.01 1029565.46  14.0%     -  223s
     0     0 1029642.88    0  513 1196580.01 1029642.88  14.0%     -  224s
     0     0 1029704.02    0  536 1196580.01 1029704.02  13.9%     -  224s
     0     0 1029706.78    0  541 1196580.01 1029706.78  13.9%     -  224s
     0     0 1029852.82    0  511 1196580.01 1029852.82  13.9%     -  226s
     0     0 1029918.75    0  518 1196580.01 1029918.75  13.9%     -  227s
     0     0 1029941.74    0  515 1196580.01 1029941.74  13.9%     -  227s
     0     0 1029951.99    0  519 1196580.01 1029951.99  13.9%     -  227s
     0     0 1030122.05    0  532 1196580.01 1030122.05  13.9%     -  228s
     0     0 1030166.92    0  510 1196580.01 1030166.92  13.9%     -  229s
     0     0 1030178.29    0  528 1196580.01 1030178.29  13.9%     -  230s
     0     0 1031131.33    0  490 1196580.01 1031131.33  13.8%     -  231s
     0     0 1031216.33    0  548 1196580.01 1031216.33  13.8%     -  232s
     0     0 1031242.05    0  523 1196580.01 1031242.05  13.8%     -  232s
     0     0 1031248.76    0  532 1196580.01 1031248.76  13.8%     -  232s
     0     0 1031781.24    0  510 1196580.01 1031781.24  13.8%     -  234s
     0     0 1031984.93    0  448 1196580.01 1031984.93  13.8%     -  236s
     0     0 1032134.23    0  428 1196580.01 1032134.23  13.7%     -  236s
     0     0 1032201.27    0  462 1196580.01 1032201.27  13.7%     -  237s
     0     0 1032217.90    0  495 1196580.01 1032217.90  13.7%     -  237s
     0     0 1033920.46    0  509 1196580.01 1033920.46  13.6%     -  239s
     0     0 1034170.75    0  531 1196580.01 1034170.75  13.6%     -  240s
     0     0 1034278.89    0  570 1196580.01 1034278.89  13.6%     -  241s
     0     0 1034342.05    0  615 1196580.01 1034342.05  13.6%     -  241s
     0     0 1034352.44    0  640 1196580.01 1034352.44  13.6%     -  242s
     0     0 1034525.17    0  597 1196580.01 1034525.17  13.5%     -  243s
     0     0 1034554.15    0  656 1196580.01 1034554.15  13.5%     -  245s
     0     0 1034563.40    0  636 1196580.01 1034563.40  13.5%     -  245s
     0     0 1035148.01    0  582 1196580.01 1035148.01  13.5%     -  246s
     0     0 1035306.77    0  594 1196580.01 1035306.77  13.5%     -  251s
     0     0 1035333.50    0  626 1196580.01 1035333.50  13.5%     -  252s
     0     0 1035338.15    0  656 1196580.01 1035338.15  13.5%     -  252s
     0     0 1035913.10    0  716 1196580.01 1035913.10  13.4%     -  253s
H    0     0                    1196580.0095 1035935.69  13.4%     -  254s
H    0     0                    1196580.0093 1035935.69  13.4%     -  258s
     0     0 1036021.70    0  681 1196580.01 1036021.70  13.4%     -  259s
     0     0 1036144.59    0  666 1196580.01 1036144.59  13.4%     -  260s
     0     0 1036146.04    0  695 1196580.01 1036146.04  13.4%     -  260s
     0     0 1036486.16    0  670 1196580.01 1036486.16  13.4%     -  261s
     0     0 1036541.25    0  710 1196580.01 1036541.25  13.4%     -  262s
     0     0 1036560.71    0  675 1196580.01 1036560.71  13.4%     -  262s
     0     0 1036565.59    0  659 1196580.01 1036565.59  13.4%     -  262s
     0     0 1036972.40    0  564 1196580.01 1036972.40  13.3%     -  264s
     0     0 1037011.17    0  616 1196580.01 1037011.17  13.3%     -  265s
     0     0 1037019.39    0  580 1196580.01 1037019.39  13.3%     -  265s
     0     0 1037106.70    0  732 1196580.01 1037106.70  13.3%     -  267s
     0     0 1037113.21    0  732 1196580.01 1037113.21  13.3%     -  267s
     0     0 1037113.21    0  732 1196580.01 1037113.21  13.3%     -  267s
     0     0 1037113.21    0  730 1196580.01 1037113.21  13.3%     -  267s
     0     2 1037158.38    0  730 1196580.01 1037158.38  13.3%     -  281s
    15    32 1038726.42    4  659 1196580.01 1037484.03  13.3%   530  289s
    31    56 1039366.74    5  632 1196580.01 1038018.81  13.3%   781  296s
    55    80 1039944.13    6  675 1196580.01 1038503.61  13.2%   845  303s
    79   104 1040443.69    7  671 1196580.01 1038545.35  13.2%   939  308s
   103   128 1040547.04    8  642 1196580.01 1038545.35  13.2%   862  315s
   151   179 1040620.02    9  707 1196580.01 1038545.35  13.2%   766  327s
   178   207 1040637.51   10  589 1196580.01 1038545.35  13.2%   738  335s
   206   237 1040621.20   10  619 1196580.01 1038545.35  13.2%   777  341s
   236   264 1040681.91   11  622 1196580.01 1038545.35  13.2%   723  350s
   265   289 1044134.19   11  605 1196580.01 1038545.35  13.2%   742  356s
   290   329 1043060.93   12  419 1196580.01 1038545.35  13.2%   735  361s
   330   365 1041452.05   12  506 1196580.01 1038545.35  13.2%   702  368s
   366   414 1043525.19   13  504 1196580.01 1038545.35  13.2%   685  374s
   415   464 1043975.41   15  555 1196580.01 1038545.35  13.2%   649  383s
   466   506 1044607.05   17  483 1196580.01 1038545.35  13.2%   643  390s
   510   560 1044954.65   18  466 1196580.01 1038545.35  13.2%   628  395s
   566   599 1045106.59   21  445 1196580.01 1038545.35  13.2%   597  405s
   605   660 1045210.75   23  439 1196580.01 1038545.35  13.2%   593  410s
   666   740 1045342.93   28  483 1196580.01 1038545.35  13.2%   559  417s
   748   841 1045690.92   34  410 1196580.01 1038545.35  13.2%   536  426s
   849   936 1045900.07   40  364 1196580.01 1038545.35  13.2%   497  435s
   948  1007 1051533.33   46  378 1196580.01 1038545.35  13.2%   484  444s
  1022  1040 1056230.33   48  341 1196580.01 1038545.35  13.2%   485  450s
  1055  1091 1051260.78   48  403 1196580.01 1038545.35  13.2%   487  458s
  1106  1159 1051445.24   55  333 1196580.01 1038545.35  13.2%   476  465s
  1176  1207 1052223.32   57  379 1196580.01 1038545.35  13.2%   464  472s
  1224  1256 1055655.25   60  296 1196580.01 1038545.35  13.2%   464  483s
  1273  1312 1055782.04   61  386 1196580.01 1038545.35  13.2%   467  491s
  1329  1390 1055961.59   64  392 1196580.01 1038545.35  13.2%   474  499s
  1407  1456 1056482.41   69  315 1196580.01 1038545.35  13.2%   472  508s
  1485  1525 1056655.75   72  393 1196580.01 1038545.35  13.2%   472  517s
  1561  1625 1056887.19   74  316 1196580.01 1038585.66  13.2%   476  531s
  1663  1734 1057102.64   84  264 1196580.01 1038585.66  13.2%   475  541s
  1784  1821 1058979.28   92  320 1196580.01 1038585.66  13.2%   464  550s
  1877  1929 1058370.19   98  285 1196580.01 1038585.66  13.2%   461  562s
  1985  2032 1058747.07  101  235 1196580.01 1038585.66  13.2%   460  578s
  2090  2176 1059514.46  103  244 1196580.01 1038585.66  13.2%   462  589s
  2234  2200 1061153.81  106  235 1196580.01 1038585.66  13.2%   457  600s

Cutting planes:
  Learned: 9
  Gomory: 5
  Cover: 140
  Implied bound: 554
  Clique: 94
  MIR: 731
  Knapsack: 32
  StrongCG: 144
  Flow cover: 396
  GUB cover: 29
  Zero half: 5
  RLT: 299
  Relax-and-lift: 110
  BQP: 6

Explored 2258 nodes (1165994 simplex iterations) in 600.06 seconds (819.31 work units)
Thread count was 24 (of 24 available processors)

Solution count 10: 1.19658e+06 1.19658e+06 1.19788e+06 ... 1.20191e+06

Time limit reached
Best objective 1.196580009349e+06, best bound 1.038585655513e+06, gap 13.2038%
