
Gurobi 13.0.2 (linux64, Python) logging started Sat Aug 22 15:30:04 2026

Set parameter LogToConsole to value 0
Set parameter Username
Set parameter LicenseID to value 2748191
Set parameter TimeLimit to value 120
Set parameter LogFile to value "output/bz_nbr7008_075/weighted_loss/retail_y_4__retail_v_2__retail_v_2__rolled_leftover_2/period_1/gurobi.log"
Academic license - for non-commercial use only - expires 2026-12-01
Gurobi Optimizer version 13.0.2 build v13.0.2rc1 (linux64 - "Debian GNU/Linux 13 (trixie)")

CPU model: 13th Gen Intel(R) Core(TM) i7-13700HX, instruction set [SSE2|AVX|AVX2]
Thread count: 24 physical cores, 24 logical processors, using up to 24 threads

Non-default parameters:
TimeLimit  120
LogToConsole  0

Optimize a model with 11236 rows, 7524 columns and 31636 nonzeros (Min)
Model fingerprint: 0x393ed5be
Model has 3080 linear objective coefficients
Variable types: 6138 continuous, 1386 integer (1386 binary)
Coefficient statistics:
  Matrix range     [1e-02, 8e+03]
  Objective range  [1e+01, 8e+04]
  Bounds range     [1e+00, 1e+00]
  RHS range        [4e-02, 2e+04]

Presolve removed 8481 rows and 5610 columns
Presolve time: 0.11s
Presolved: 2755 rows, 1914 columns, 13739 nonzeros
Variable types: 1254 continuous, 660 integer (660 binary)

Root relaxation: objective 2.039120e+05, 1805 iterations, 0.05 seconds (0.09 work units)

    Nodes    |    Current Node    |     Objective Bounds      |     Work
 Expl Unexpl |  Obj  Depth IntInf | Incumbent    BestBd   Gap | It/Node Time

     0     0 203912.043    0   64          - 203912.043      -     -    0s
     0     0 204062.581    0   85          - 204062.581      -     -    0s
     0     0 209274.470    0   59          - 209274.470      -     -    0s
     0     0 209274.898    0   59          - 209274.898      -     -    0s
H    0     0                    527424.80921 209274.898  60.3%     -    0s
     0     0 209336.024    0   81 527424.809 209336.024  60.3%     -    0s
H    0     0                    522029.89656 209337.369  59.9%     -    0s
H    0     0                    503179.35758 209337.369  58.4%     -    0s
     0     0 209370.870    0   83 503179.358 209370.870  58.4%     -    0s
     0     0 219676.317    0   96 503179.358 219676.317  56.3%     -    0s
H    0     0                    500124.35939 219676.391  56.1%     -    0s
H    0     0                    469688.27184 219676.391  53.2%     -    0s
     0     0 219708.345    0  102 469688.272 219708.345  53.2%     -    0s
     0     0 219708.692    0  105 469688.272 219708.692  53.2%     -    0s
     0     0 224436.594    0  114 469688.272 224436.594  52.2%     -    0s
H    0     0                    469129.04963 224443.722  52.2%     -    0s
H    0     0                    469124.68753 224443.722  52.2%     -    0s
H    0     0                    469074.23889 224443.722  52.2%     -    0s
     0     0 224564.049    0  105 469074.239 224564.049  52.1%     -    0s
     0     0 224887.097    0   95 469074.239 224887.097  52.1%     -    0s
     0     0 224904.353    0  122 469074.239 224904.353  52.1%     -    0s
     0     0 224904.591    0  122 469074.239 224904.591  52.1%     -    0s
     0     0 226717.531    0  110 469074.239 226717.531  51.7%     -    0s
H    0     0                    466130.04231 226728.257  51.4%     -    0s
     0     0 227110.170    0  110 466130.042 227110.170  51.3%     -    0s
     0     0 227378.669    0  113 466130.042 227378.669  51.2%     -    0s
H    0     0                    301870.16319 227395.421  24.7%     -    0s
     0     0 227395.421    0   95 301870.163 227395.421  24.7%     -    0s
     0     0 227395.421    0   96 301870.163 227395.421  24.7%     -    0s
     0     0 228414.732    0  106 301870.163 228414.732  24.3%     -    0s
     0     0 228432.752    0   93 301870.163 228432.752  24.3%     -    0s
     0     0 229415.339    0  103 301870.163 229415.339  24.0%     -    0s
     0     0 229419.763    0  115 301870.163 229419.763  24.0%     -    0s
     0     0 229463.835    0  105 301870.163 229463.835  24.0%     -    1s
H    0     0                    299673.64917 229469.307  23.4%     -    1s
     0     0 229469.307    0  105 299673.649 229469.307  23.4%     -    1s
     0     0 229474.040    0  116 299673.649 229474.040  23.4%     -    1s
H    0     0                    295901.67301 229476.586  22.4%     -    1s
     0     0 229476.586    0  114 295901.673 229476.586  22.4%     -    1s
     0     0 229485.365    0  104 295901.673 229485.365  22.4%     -    1s
     0     0 229502.645    0  105 295901.673 229502.645  22.4%     -    1s
     0     0 229502.645    0  105 295901.673 229502.645  22.4%     -    1s
     0     0 229502.645    0  104 295901.673 229502.645  22.4%     -    1s
H    0     0                    292923.40144 229506.925  21.6%     -    1s
     0     2 229506.925    0  104 292923.401 229506.925  21.6%     -    1s
H    7    12                    287306.65510 229523.437  20.1%  72.3    1s
H   13    24                    287174.44671 229525.891  20.1%   161    1s
H   74    83                    283833.08197 229684.353  19.1%   249    1s
H  109   116                    280933.50266 229684.353  18.2%   200    2s
H  404   384                    279326.93049 229684.353  17.8%   153    2s
H  612   530                    279062.40502 230102.371  17.5%   144    2s
H 1692  1078                    278967.93620 231200.009  17.1%   121    3s
H 2025  1216                    278748.99800 231201.749  17.1%   116    3s
* 2275  1400              40    272912.77848 231302.681  15.2%   113    3s
* 3805  1895              46    272771.29187 231801.256  15.0%   106    4s
* 3808  1893              45    272616.55490 231801.256  15.0%   106    4s
  4352  2098 236482.554   10  104 272616.555 232251.896  14.8%   107    5s
H 4355  1994                    269114.40423 232251.896  13.7%   107    6s
  4646  2157 235713.692   19  114 269114.404 232251.896  13.7%   112   10s
H 5100  2128                    268694.23095 232723.690  13.4%   114   12s
  6957  2259 265191.868   36   84 268694.231 234208.266  12.8%   114   15s
  9104  2284 252521.648   17   88 268694.231 237144.919  11.7%   116   20s
H 9120  2145                    266533.84110 237144.919  11.0%   116   20s
 15375  4012 255067.273   30   44 266533.841 241110.934  9.54%   115   25s
H16129  4061                    265169.08736 241241.138  9.02%   116   26s
 20202  5184 252002.888   34   62 265169.087 242986.449  8.37%   115   30s
*24300  5947              32    265127.45514 244211.356  7.89%   114   32s
 27792  6784     cutoff   32      265127.455 245237.506  7.50%   113   35s
 35954  7840 255428.496   31   42 265127.455 246941.096  6.86%   112   40s
H38567  7989                    265057.54715 247632.568  6.57%   112   43s
H38720  7988                    265043.62326 247659.601  6.56%   112   43s
 40143  8173     cutoff   25      265043.623 247830.643  6.49%   112   45s
 48342  8710     cutoff   29      265043.623 249652.629  5.81%   112   51s
 52112  8724     cutoff   35      265043.623 250511.899  5.48%   112   61s
 57995  7944 258899.854   24   63 265043.623 251891.537  4.96%   113   66s
 62320  7281 261400.319   30   80 265043.623 253502.912  4.35%   114   70s
 67440  5942 257659.638   28  114 265043.623 254808.742  3.86%   114   75s
 75677  3360 264682.484   28   23 265043.623 257931.251  2.68%   113   81s
 81300   634     cutoff   28      265043.623 260495.931  1.72%   112   85s
H84241     0                    265043.62323 262282.710  1.04%   111   86s

Cutting planes:
  Learned: 16
  Gomory: 5
  Cover: 142
  Implied bound: 82
  Projected implied bound: 43
  Clique: 4
  MIR: 1018
  StrongCG: 39
  Flow cover: 502
  GUB cover: 40
  Inf proof: 9
  Zero half: 19
  RLT: 22
  Relax-and-lift: 47
  BQP: 1

Explored 85124 nodes (9368793 simplex iterations) in 86.69 seconds (83.23 work units)
Thread count was 24 (of 24 available processors)

Solution count 10: 265044 265044 265044 ... 272617

Optimal solution found (tolerance 1.00e-04)
Best objective 2.650436232581e+05, best bound 2.650436232581e+05, gap 0.0000%
