
Gurobi 13.0.2 (linux64, Python) logging started Sat Aug 22 14:39:10 2026

Set parameter LogToConsole to value 0
Set parameter Username
Set parameter LicenseID to value 2748191
Set parameter TimeLimit to value 120
Set parameter LogFile to value "output/bf_sae1006_050/weighted_loss/retail_y_2__retail_v_4__retail_v_4__rolled_leftover_4/period_2/gurobi.log"
Academic license - for non-commercial use only - expires 2026-12-01
Gurobi Optimizer version 13.0.2 build v13.0.2rc1 (linux64 - "Debian GNU/Linux 13 (trixie)")

CPU model: 13th Gen Intel(R) Core(TM) i7-13700HX, instruction set [SSE2|AVX|AVX2]
Thread count: 24 physical cores, 24 logical processors, using up to 24 threads

Non-default parameters:
TimeLimit  120
LogToConsole  0

Optimize a model with 3078 rows, 2281 columns and 7521 nonzeros (Min)
Model fingerprint: 0xfcde34f8
Model has 728 linear objective coefficients and an objective constant of 2.9322851882719994e+05
Variable types: 1796 continuous, 485 integer (485 binary)
Coefficient statistics:
  Matrix range     [4e-03, 1e+04]
  Objective range  [1e+01, 2e+05]
  Bounds range     [1e+00, 1e+00]
  RHS range        [1e-01, 2e+04]

Presolve removed 2327 rows and 1716 columns
Presolve time: 0.02s
Presolved: 751 rows, 565 columns, 2438 nonzeros
Variable types: 371 continuous, 194 integer (194 binary)
Found heuristic solution: objective 1039766.8902
Found heuristic solution: objective 951237.55983

Root relaxation: objective 1.753553e+05, 293 iterations, 0.00 seconds (0.00 work units)

    Nodes    |    Current Node    |     Objective Bounds      |     Work
 Expl Unexpl |  Obj  Depth IntInf | Incumbent    BestBd   Gap | It/Node Time

     0     0 175355.310    0    9 951237.560 175355.310  81.6%     -    0s
H    0     0                    299955.23234 175355.310  41.5%     -    0s
     0     0 175357.355    0   20 299955.232 175357.355  41.5%     -    0s
     0     0 175357.355    0   15 299955.232 175357.355  41.5%     -    0s
H    0     0                    280337.36086 175357.355  37.4%     -    0s
     0     0 175357.654    0   21 280337.361 175357.654  37.4%     -    0s
     0     0 175358.597    0   28 280337.361 175358.597  37.4%     -    0s
H    0     0                    268201.80246 175358.597  34.6%     -    0s
H    0     0                    266980.62201 175358.597  34.3%     -    0s
H    0     0                    263360.40626 175358.606  33.4%     -    0s
     0     0 175376.272    0   28 263360.406 175376.272  33.4%     -    0s
     0     0 175399.241    0   18 263360.406 175399.241  33.4%     -    0s
H    0     0                    262998.70087 175399.241  33.3%     -    0s
     0     0 175404.760    0   19 262998.701 175404.760  33.3%     -    0s
     0     0 175407.859    0   22 262998.701 175407.859  33.3%     -    0s
H    0     0                    260875.70442 223750.435  14.2%     -    0s
     0     0 223751.385    0   29 260875.704 223751.385  14.2%     -    0s
H    0     0                    242014.03838 223751.385  7.55%     -    0s
     0     0 223756.867    0   29 242014.038 223756.867  7.54%     -    0s
     0     0 223935.095    0   30 242014.038 223935.095  7.47%     -    0s
     0     0 223935.095    0   10 242014.038 223935.095  7.47%     -    0s
     0     0 223935.095    0   19 242014.038 223935.095  7.47%     -    0s
     0     0 223935.095    0   22 242014.038 223935.095  7.47%     -    0s
     0     0 223935.095    0   29 242014.038 223935.095  7.47%     -    0s
H    0     0                    236098.31494 223935.095  5.15%     -    0s
     0     0 223935.095    0   29 236098.315 223935.095  5.15%     -    0s
     0     0 223935.095    0   32 236098.315 223935.095  5.15%     -    0s
H    0     0                    236055.42032 223935.095  5.13%     -    0s
     0     0 223935.095    0   30 236055.420 223935.095  5.13%     -    0s
H    0     0                    235051.08784 223935.095  4.73%     -    0s
H    0     0                    234047.53427 223935.095  4.32%     -    0s
     0     0 223935.095    0   35 234047.534 223935.095  4.32%     -    0s
H    0     0                    233926.96580 223935.095  4.27%     -    0s
     0     0 223935.095    0   35 233926.966 223935.095  4.27%     -    0s
     0     0 223935.095    0   35 233926.966 223935.095  4.27%     -    0s
     0     0 223935.095    0   35 233926.966 223935.095  4.27%     -    0s
H    0     2                    233806.39734 223935.095  4.22%     -    0s
     0     2 223935.095    0   35 233806.397 223935.095  4.22%     -    0s
*   18    14               5    232113.69624 223935.095  3.52%  20.7    0s
*   27    24               6    229148.35449 224595.734  1.99%  17.8    0s
H   61    48                    228028.71881 224595.828  1.51%  13.0    0s
H   71    48                    227896.77100 224595.828  1.45%  13.8    0s
H   83    48                    227172.97877 224595.828  1.13%  13.5    0s
H  134    48                    226909.08313 224595.945  1.02%  13.8    0s

Cutting planes:
  Learned: 13
  Cover: 13
  Implied bound: 15
  Clique: 4
  MIR: 12
  StrongCG: 2
  Flow cover: 14
  GUB cover: 3
  RLT: 2
  Relax-and-lift: 6

Explored 275 nodes (4107 simplex iterations) in 0.22 seconds (0.16 work units)
Thread count was 24 (of 24 available processors)

Solution count 10: 226909 227173 227897 ... 235051

Optimal solution found (tolerance 1.00e-04)
Best objective 2.269090831347e+05, best bound 2.269090831347e+05, gap 0.0000%
