
Gurobi 13.0.2 (linux64, Python) logging started Thu Aug 13 18:57:48 2026

Set parameter LogToConsole to value 0
Set parameter Username
Set parameter LicenseID to value 2748191
Set parameter TimeLimit to value 120
Set parameter LogFile to value "output/bz_nbr7008_043/new_coils_value/default/period_5/gurobi.log"
Academic license - for non-commercial use only - expires 2026-12-01
Gurobi Optimizer version 13.0.2 build v13.0.2rc1 (linux64 - "Debian GNU/Linux 13 (trixie)")

CPU model: 13th Gen Intel(R) Core(TM) i7-13700HX, instruction set [SSE2|AVX|AVX2]
Thread count: 24 physical cores, 24 logical processors, using up to 24 threads

Non-default parameters:
TimeLimit  120
LogToConsole  0

Optimize a model with 204415 rows, 136946 columns and 715495 nonzeros (Min)
Model fingerprint: 0xc4656d39
Model has 108 linear objective coefficients
Variable types: 112852 continuous, 24094 integer (24094 binary)
Coefficient statistics:
  Matrix range     [3e-03, 1e+04]
  Objective range  [3e+04, 7e+04]
  Bounds range     [1e+00, 1e+00]
  RHS range        [1e-01, 5e+04]

Presolve removed 122921 rows and 85297 columns
Presolve time: 3.40s
Presolved: 81494 rows, 51649 columns, 818869 nonzeros
Variable types: 33793 continuous, 17856 integer (17809 binary)
Deterministic concurrent LP optimizer: primal simplex, dual simplex, and barrier
Showing barrier log only...

Root barrier log...

Ordering time: 0.41s

Barrier statistics:
 Dense cols : 42
 AA' NZ     : 7.108e+06
 Factor NZ  : 1.208e+07 (roughly 140 MB of memory)
 Factor Ops : 3.411e+09 (less than 1 second per iteration)
 Threads    : 21

                  Objective                Residual
Iter       Primal          Dual         Primal    Dual     Compl     Time
   0   1.89086409e+08 -3.16623022e+09  3.30e+06 1.41e+01  1.02e+06     5s
   1   2.22990382e+08 -2.93461514e+09  2.07e+06 7.76e+01  5.63e+05     5s
   2   5.60967554e+07 -2.51213190e+09  7.03e+05 1.76e+01  1.99e+05     5s
   3   1.97457462e+07 -1.31688645e+09  1.97e+05 4.03e-01  5.64e+04     5s
   4   6.55809688e+06 -3.81266538e+08  2.09e+04 4.46e-11  7.11e+03     5s
   5   5.37559343e+06 -1.57798835e+08  6.68e+03 3.27e-11  2.36e+03     5s
   6   5.03755438e+06 -8.28957063e+07  3.05e+03 1.46e-11  1.08e+03     5s
   7   4.84283380e+06 -1.83803281e+07  1.08e+03 9.89e-12  2.67e+02     5s
   8   4.59915795e+06 -9.38355289e+06  5.65e+02 5.46e-12  1.44e+02     5s
   9   4.16090872e+06 -4.87017296e+06  2.74e+02 4.01e-12  8.22e+01     5s
  10   4.05329336e+06 -4.04006787e+06  2.44e+02 3.38e-12  7.28e+01     5s
  11   3.88994001e+06 -3.48408788e+06  2.08e+02 4.06e-12  6.50e+01     6s
  12   2.79068564e+06 -2.04699147e+06  1.08e+02 4.75e-12  4.04e+01     6s
  13   1.99005974e+06 -4.91074419e+05  5.75e+01 4.50e-12  2.06e+01     6s
  14   1.51180433e+06  1.76372442e+05  2.97e+01 3.97e-12  1.10e+01     6s
  15   1.33999505e+06  4.61496441e+05  1.97e+01 3.94e-12  7.32e+00     6s
  16   1.25467003e+06  6.44765121e+05  1.37e+01 5.60e-12  5.12e+00     6s
  17   1.19532336e+06  7.29377549e+05  1.00e+01 6.04e-12  3.91e+00     6s
  18   1.14996040e+06  8.03783658e+05  7.36e+00 4.92e-12  2.90e+00     6s
  19   1.08996067e+06  8.45001546e+05  4.00e+00 7.32e-12  1.98e+00     6s
  20   1.07436778e+06  9.30580994e+05  3.09e+00 4.18e-12  1.22e+00     6s
  21   1.05917947e+06  9.58431758e+05  2.26e+00 4.00e-12  8.62e-01     6s
  22   1.05284992e+06  9.81620076e+05  1.95e+00 5.02e-12  6.35e-01     6s
  23   1.04342546e+06  9.91176436e+05  1.49e+00 4.50e-12  4.71e-01     6s
  24   1.02910767e+06  9.97902922e+05  7.55e-01 4.68e-12  2.72e-01     6s
  25   1.02015705e+06  1.00551278e+06  3.44e-01 5.26e-12  1.26e-01     6s
  26   1.01604498e+06  1.00810793e+06  1.67e-01 4.23e-12  6.70e-02     6s
  27   1.01356494e+06  1.01028090e+06  6.02e-02 5.44e-12  2.71e-02     6s
  28   1.01246804e+06  1.01127908e+06  1.80e-02 6.92e-12  9.57e-03     7s
  29   1.01217451e+06  1.01175310e+06  7.46e-03 8.21e-12  3.47e-03     7s
  30   1.01204229e+06  1.01176600e+06  3.93e-03 8.83e-12  2.21e-03     7s
  31   1.01204036e+06  1.01179098e+06  3.85e-03 9.49e-12  2.02e-03     7s
  32   1.01203435e+06  1.01179660e+06  3.68e-03 8.61e-12  1.93e-03     7s
  33   1.01200897e+06  1.01180330e+06  3.04e-03 8.09e-12  1.66e-03     7s
  34   1.01200488e+06  1.01180495e+06  2.94e-03 1.13e-11  1.61e-03     7s
  35   1.01197840e+06  1.01183113e+06  2.27e-03 6.09e-12  1.19e-03     7s
  36   1.01197329e+06  1.01183784e+06  2.13e-03 6.81e-12  1.10e-03     7s
  37   1.01195246e+06  1.01185564e+06  1.60e-03 7.58e-12  7.92e-04     7s
  38   1.01194766e+06  1.01186353e+06  1.47e-03 7.52e-12  6.94e-04     7s
  39   1.01194273e+06  1.01187064e+06  1.36e-03 6.53e-12  6.02e-04     7s
  40   1.01193474e+06  1.01187292e+06  1.15e-03 5.02e-12  5.15e-04     7s
  41   1.01192877e+06  1.01187480e+06  1.01e-03 6.06e-12  4.50e-04     7s
  42   1.01191521e+06  1.01187877e+06  6.66e-04 7.11e-12  3.03e-04     7s
  43   1.01190798e+06  1.01188050e+06  4.98e-04 6.79e-12  2.28e-04     7s
  44   1.01190479e+06  1.01188163e+06  4.19e-04 5.39e-12  1.92e-04     7s
  45   1.01190226e+06  1.01188373e+06  3.61e-04 6.37e-12  1.56e-04     7s
  46   1.01189986e+06  1.01188390e+06  3.02e-04 7.23e-12  1.34e-04     8s
  47   1.01189918e+06  1.01188397e+06  2.86e-04 7.90e-12  1.27e-04     8s
  48   1.01189645e+06  1.01188404e+06  2.23e-04 8.81e-12  1.03e-04     8s
  49   1.01189179e+06  1.01188575e+06  1.15e-04 8.04e-12  5.06e-05     8s
  50   1.01189006e+06  1.01188604e+06  7.54e-05 6.68e-12  3.37e-05     8s
  51   1.01188915e+06  1.01188640e+06  5.58e-05 7.24e-12  2.34e-05     8s
  52   1.01188906e+06  1.01188645e+06  5.39e-05 7.91e-12  2.23e-05     8s
  53   1.01188745e+06  1.01188652e+06  1.90e-05 6.46e-12  7.89e-06     8s
  54   1.01188693e+06  1.01188655e+06  7.67e-06 6.17e-12  3.25e-06     8s
  55   1.01188667e+06  1.01188656e+06  2.14e-05 7.16e-12  9.90e-07     8s
  56   1.01188656e+06  1.01188656e+06  2.33e-06 7.84e-12  6.64e-09     8s

Barrier solved model in 56 iterations and 8.11 seconds (15.00 work units)
Optimal objective 1.01188656e+06


Root crossover log...

   43242 DPushes remaining with DInf 1.2474051e-04                 8s
       0 DPushes remaining with DInf 0.0000000e+00                 8s

     197 PPushes remaining with PInf 8.0201157e-02                 8s
       0 PPushes remaining with PInf 0.0000000e+00                 9s

  Push phase complete: Pinf 0.0000000e+00, Dinf 3.0733975e-03      9s


Root simplex log...

Iteration    Objective       Primal Inf.    Dual Inf.      Time
   30858    1.0118866e+06   0.000000e+00   3.073397e-03      9s
   30859    1.0118866e+06   0.000000e+00   0.000000e+00      9s
Crossover time: 0.43 seconds (0.62 work units)
Concurrent spin time: 0.15s

Solved with barrier
   30865    1.0118866e+06   0.000000e+00   0.000000e+00      9s

Extra simplex iterations after uncrush: 6

Root relaxation: objective 1.011887e+06, 30865 iterations, 5.09 seconds (7.99 work units)

    Nodes    |    Current Node    |     Objective Bounds      |     Work
 Expl Unexpl |  Obj  Depth IntInf | Incumbent    BestBd   Gap | It/Node Time

     0     0 1011886.56    0  173          - 1011886.56      -     -    9s
H    0     0                    1544608.2133 1011887.13  34.5%     -   10s
     0     0 1013336.11    0  167 1544608.21 1013336.11  34.4%     -   11s
H    0     0                    1416231.5776 1013337.71  28.4%     -   12s
H    0     0                    1307776.0318 1013337.71  22.5%     -   12s
H    0     0                    1306809.6702 1013337.71  22.5%     -   12s
H    0     0                    1265048.5749 1013337.71  19.9%     -   12s
H    0     0                    1220279.8300 1013337.71  17.0%     -   12s
H    0     0                    1189070.9976 1013337.71  14.8%     -   12s
H    0     0                    1188368.9857 1013337.71  14.7%     -   12s
H    0     0                    1187354.6837 1013337.71  14.7%     -   12s
H    0     0                    1187116.9222 1013337.71  14.6%     -   12s
H    0     0                    1186843.3874 1013337.71  14.6%     -   12s
H    0     0                    1186769.4018 1013337.71  14.6%     -   12s
H    0     0                    1185406.6789 1013337.71  14.5%     -   12s
H    0     0                    1185391.3864 1013337.71  14.5%     -   12s
     0     0 1013359.30    0  181 1185391.39 1013359.30  14.5%     -   13s
     0     0 1013359.32    0  181 1185391.39 1013359.32  14.5%     -   13s
     0     0 1013386.98    0  192 1185391.39 1013386.98  14.5%     -   15s
H    0     0                    1155628.0169 1013386.99  12.3%     -   16s
H    0     0                    1146745.2635 1013386.99  11.6%     -   16s
H    0     0                    1145813.3856 1013387.97  11.6%     -   34s
H    0     0                    1140394.9275 1013387.97  11.1%     -   34s
H    0     0                    1130002.3146 1013387.97  10.3%     -   34s
H    0     0                    1126775.8126 1013387.97  10.1%     -   34s
     0     0 1024961.63    0  192 1126775.81 1024961.63  9.04%     -   36s
H    0     0                    1123059.1762 1025330.79  8.70%     -   39s
     0     0 1025330.79    0  283 1123059.18 1025330.79  8.70%     -   40s
     0     0 1025335.13    0  279 1123059.18 1025335.13  8.70%     -   40s
H    0     0                    1118397.4262 1025338.64  8.32%     -   40s
H    0     0                    1116812.7973 1025338.64  8.19%     -   40s
H    0     0                    1115508.3229 1025338.64  8.08%     -   40s
     0     0 1027134.07    0  298 1115508.32 1027134.07  7.92%     -   42s
     0     0 1027743.58    0  287 1115508.32 1027743.58  7.87%     -   42s
     0     0 1027751.78    0  272 1115508.32 1027751.78  7.87%     -   42s
     0     0 1031776.28    0  416 1115508.32 1031776.28  7.51%     -   46s
H    0     0                    1113158.8478 1031967.03  7.29%     -   47s
H    0     0                    1111685.8447 1031967.03  7.17%     -   48s
     0     0 1031967.03    0  444 1111685.84 1031967.03  7.17%     -   48s
     0     0 1031971.46    0  418 1111685.84 1031971.46  7.17%     -   48s
     0     0 1036133.24    0  313 1111685.84 1036133.24  6.80%     -   52s
H    0     0                    1110871.0350 1036133.31  6.73%     -   53s
H    0     0                    1108370.6591 1036133.31  6.52%     -   53s
H    0     0                    1107520.6850 1036133.31  6.45%     -   53s
     0     0 1036357.41    0  329 1107520.69 1036357.41  6.43%     -   54s
     0     0 1036357.56    0  326 1107520.69 1036357.56  6.43%     -   54s
     0     0 1036447.83    0  337 1107520.69 1036447.83  6.42%     -   54s
     0     0 1036447.83    0  151 1107520.69 1036447.83  6.42%     -   66s
H    0     0                    1107329.0198 1036447.83  6.40%     -   67s
H    0     0                    1107284.1503 1036447.83  6.40%     -   68s
H    0     0                    1107002.5165 1036447.83  6.37%     -   69s
H    0     0                    1103564.8385 1036447.83  6.08%     -   69s
H    0     0                    1098914.9746 1036447.83  5.68%     -   69s
H    0     0                    1098901.2386 1036447.83  5.68%     -   70s
     0     0 1036447.83    0  196 1098901.24 1036447.83  5.68%     -   72s
H    0     0                    1096229.4318 1036447.83  5.45%     -   72s
H    0     0                    1093443.7592 1036447.83  5.21%     -   72s
     0     0 1036447.83    0  196 1093443.76 1036447.83  5.21%     -   73s
H    0     0                    1090551.9781 1036447.83  4.96%     -   73s
H    0     0                    1090142.5785 1036447.83  4.93%     -   73s
H    0     0                    1083363.0277 1036447.83  4.33%     -   73s
     0     0 1036447.83    0  204 1083363.03 1036447.83  4.33%     -   74s
     0     0 1036447.83    0  255 1083363.03 1036447.83  4.33%     -   77s
     0     0 1036447.83    0  417 1083363.03 1036447.83  4.33%     -   79s
H    0     0                    1082687.5551 1036447.83  4.27%     -   80s
H    0     0                    1082058.5533 1036447.83  4.22%     -   80s
     0     0 1036447.83    0  435 1082058.55 1036447.83  4.22%     -   80s
     0     0 1036447.83    0  497 1082058.55 1036447.83  4.22%     -   81s
     0     0 1036695.72    0  424 1082058.55 1036695.72  4.19%     -   82s
     0     0 1037538.11    0  364 1082058.55 1037538.11  4.11%     -   83s
H    0     0                    1081971.0004 1037610.62  4.10%     -   83s
     0     0 1037610.62    0  368 1081971.00 1037610.62  4.10%     -   83s
     0     0 1037667.05    0  330 1081971.00 1037667.05  4.09%     -   83s
     0     0 1037668.46    0  338 1081971.00 1037668.46  4.09%     -   83s
     0     0 1042402.08    0  373 1081971.00 1042402.08  3.66%     -   86s
     0     0 1043360.33    0  393 1081971.00 1043360.33  3.57%     -   87s
     0     0 1043593.69    0  377 1081971.00 1043593.69  3.55%     -   88s
     0     0 1043645.64    0  385 1081971.00 1043645.64  3.54%     -   89s
     0     0 1043646.94    0  383 1081971.00 1043646.94  3.54%     -   89s
     0     0 1049797.92    0  484 1081971.00 1049797.92  2.97%     -   94s
     0     0 1049798.63    0  477 1081971.00 1049798.63  2.97%     -   94s
H    0     0                    1081764.0872 1049863.39  2.95%     -   95s
     0     0 1050696.36    0  454 1081764.09 1050696.36  2.87%     -   97s
H    0     0                    1081372.4836 1050721.08  2.83%     -   97s
     0     0 1050721.08    0  447 1081372.48 1050721.08  2.83%     -   97s
     0     0 1054864.20    0  236 1081372.48 1054864.20  2.45%     -  101s
     0     0 1055382.89    0  297 1081372.48 1055382.89  2.40%     -  102s
     0     0 1055383.94    0  295 1081372.48 1055383.94  2.40%     -  102s
     0     0 1055423.97    0  333 1081372.48 1055423.97  2.40%     -  103s
     0     0 1055465.27    0  328 1081372.48 1055465.27  2.40%     -  103s
     0     0 1055511.10    0  365 1081372.48 1055511.10  2.39%     -  103s
     0     0 1055512.02    0  336 1081372.48 1055512.02  2.39%     -  104s
     0     0 1056925.81    0  362 1081372.48 1056925.81  2.26%     -  105s
H    0     0                    1081285.6413 1056927.64  2.25%     -  106s
     0     0 1057007.24    0  359 1081285.64 1057007.24  2.25%     -  107s
     0     0 1057016.65    0  371 1081285.64 1057016.65  2.24%     -  107s
     0     0 1057018.35    0  362 1081285.64 1057018.35  2.24%     -  107s
     0     0 1057504.31    0  340 1081285.64 1057504.31  2.20%     -  109s
     0     0 1057572.83    0  404 1081285.64 1057572.83  2.19%     -  112s
     0     0 1057576.09    0  412 1081285.64 1057576.09  2.19%     -  112s
     0     0 1058278.76    0  312 1081285.64 1058278.76  2.13%     -  114s
     0     0 1058278.87    0  312 1081285.64 1058278.87  2.13%     -  114s
     0     0 1058291.59    0  345 1081285.64 1058291.59  2.13%     -  114s
     0     0 1058296.22    0  367 1081285.64 1058296.22  2.13%     -  114s
H    0     0                    1081165.5704 1058303.60  2.11%     -  115s
H    0     0                    1080803.0628 1058303.60  2.08%     -  115s
     0     0 1058428.42    0  349 1080803.06 1058428.42  2.07%     -  116s
     0     0 1058459.00    0  381 1080803.06 1058459.00  2.07%     -  116s
     0     0 1058462.27    0  365 1080803.06 1058462.27  2.07%     -  116s
     0     0 1058463.69    0  348 1080803.06 1058463.69  2.07%     -  116s
     0     0 1058490.19    0  412 1080803.06 1058490.19  2.06%     -  117s
     0     0 1058492.94    0  421 1080803.06 1058492.94  2.06%     -  117s
     0     0 1059164.97    0  435 1080803.06 1059164.97  2.00%     -  119s
     0     0          -    0      1080803.06 1059229.32  2.00%     -  120s

Cutting planes:
  Learned: 21
  Gomory: 21
  Cover: 128
  Implied bound: 227
  Clique: 58
  MIR: 564
  Knapsack: 9
  StrongCG: 161
  Flow cover: 124
  GUB cover: 38
  Zero half: 4
  RLT: 513
  Relax-and-lift: 56
  BQP: 72

Explored 1 nodes (118360 simplex iterations) in 120.02 seconds (201.32 work units)
Thread count was 24 (of 24 available processors)

Solution count 10: 1.0808e+06 1.08117e+06 1.08129e+06 ... 1.09014e+06

Time limit reached
Best objective 1.080803062778e+06, best bound 1.059229318377e+06, gap 1.9961%
