
Gurobi 13.0.2 (linux64, Python) logging started Thu May 28 09:04:24 2026

Set parameter LogToConsole to value 0
Set parameter Username
Set parameter LicenseID to value 2748191
Set parameter TimeLimit to value 600
Set parameter LogFile to value "output/bf_qcv_045/period_2/gurobi.log"
Academic license - for non-commercial use only - expires 2026-12-01
Gurobi Optimizer version 13.0.2 build v13.0.2rc1 (linux64 - "Debian GNU/Linux 13 (trixie)")

CPU model: 13th Gen Intel(R) Core(TM) i7-13700HX, instruction set [SSE2|AVX|AVX2]
Thread count: 24 physical cores, 24 logical processors, using up to 24 threads

Non-default parameters:
TimeLimit  600
LogToConsole  0

Optimize a model with 62647 rows, 50115 columns and 166698 nonzeros (Min)
Model fingerprint: 0x315857c3
Model has 20410 linear objective coefficients and an objective constant of 475.0325888
Variable types: 40398 continuous, 9717 integer (9717 binary)
Coefficient statistics:
  Matrix range     [1e-02, 1e+04]
  Objective range  [2e+01, 2e+05]
  Bounds range     [1e+00, 1e+00]
  RHS range        [3e-01, 8e+04]

Presolve removed 44861 rows and 35886 columns
Presolve time: 0.27s
Presolved: 17786 rows, 14229 columns, 75120 nonzeros
Variable types: 9401 continuous, 4828 integer (4828 binary)
Found heuristic solution: objective 3.396309e+07
Found heuristic solution: objective 5097499.7470

Root relaxation: objective 1.599707e+06, 12362 iterations, 0.37 seconds (1.01 work units)

    Nodes    |    Current Node    |     Objective Bounds      |     Work
 Expl Unexpl |  Obj  Depth IntInf | Incumbent    BestBd   Gap | It/Node Time

     0     0 1599707.14    0  134 5097499.75 1599707.14  68.6%     -    0s
H    0     0                    1839804.4233 1599707.14  13.1%     -    0s
H    0     0                    1827129.3045 1599707.14  12.4%     -    0s
H    0     0                    1822356.9248 1599707.14  12.2%     -    0s
H    0     0                    1812061.9901 1599707.14  11.7%     -    0s
H    0     0                    1812060.4877 1599707.14  11.7%     -    1s
H    0     0                    1809769.6091 1599707.14  11.6%     -    1s
H    0     0                    1808914.8132 1599707.14  11.6%     -    1s
H    0     0                    1793868.9588 1599707.14  10.8%     -    1s
H    0     0                    1793168.3243 1599707.14  10.8%     -    1s
H    0     0                    1778998.8436 1599707.14  10.1%     -    1s
H    0     0                    1772333.1883 1599707.14  9.74%     -    1s
     0     0 1600040.61    0  145 1772333.19 1600040.61  9.72%     -    1s
H    0     0                    1772303.2168 1600040.95  9.72%     -    1s
H    0     0                    1771822.2878 1600040.95  9.70%     -    1s
H    0     0                    1771741.7125 1600040.95  9.69%     -    1s
H    0     0                    1761696.8407 1600040.95  9.18%     -    1s
H    0     0                    1755198.2593 1600040.95  8.84%     -    1s
H    0     0                    1742513.6962 1600040.95  8.18%     -    1s
H    0     0                    1741688.0702 1600040.95  8.13%     -    1s
H    0     0                    1715960.3237 1600040.95  6.76%     -    2s
     0     0 1600122.55    0  147 1715960.32 1600122.55  6.75%     -    2s
     0     0 1600171.67    0  149 1715960.32 1600171.67  6.75%     -    2s
     0     0 1600238.44    0  149 1715960.32 1600238.44  6.74%     -    2s
     0     0 1600290.87    0  149 1715960.32 1600290.87  6.74%     -    2s
     0     0 1600394.92    0  151 1715960.32 1600394.92  6.73%     -    2s
     0     0 1600666.28    0  163 1715960.32 1600666.28  6.72%     -    2s
     0     0 1600778.03    0  179 1715960.32 1600778.03  6.71%     -    2s
     0     0 1600989.96    0  185 1715960.32 1600989.96  6.70%     -    2s
     0     0 1601002.30    0  183 1715960.32 1601002.30  6.70%     -    2s
     0     0 1601368.53    0  195 1715960.32 1601368.53  6.68%     -    3s
     0     0 1601406.65    0  198 1715960.32 1601406.65  6.68%     -    3s
     0     0 1604391.55    0  163 1715960.32 1604391.55  6.50%     -    3s
     0     0 1604569.99    0  161 1715960.32 1604569.99  6.49%     -    3s
     0     0 1604695.22    0  161 1715960.32 1604695.22  6.48%     -    3s
     0     0 1608251.07    0  131 1715960.32 1608251.07  6.28%     -    3s
H    0     0                    1715104.6742 1608251.42  6.23%     -    3s
H    0     0                    1700021.7321 1608251.42  5.40%     -    3s
H    0     0                    1690849.1151 1608251.42  4.88%     -    3s
H    0     0                    1689839.2099 1608251.42  4.83%     -    3s
     0     0 1608289.97    0  146 1689839.21 1608289.97  4.83%     -    4s
     0     0 1608294.27    0  142 1689839.21 1608294.27  4.83%     -    4s
     0     0 1608296.01    0  141 1689839.21 1608296.01  4.83%     -    4s
     0     0 1608785.83    0  165 1689839.21 1608785.83  4.80%     -    4s
     0     0 1608861.04    0  154 1689839.21 1608861.04  4.79%     -    4s
     0     0 1608866.06    0  151 1689839.21 1608866.06  4.79%     -    4s
     0     0 1608866.18    0  151 1689839.21 1608866.18  4.79%     -    4s
     0     0 1609049.99    0  151 1689839.21 1609049.99  4.78%     -    4s
     0     0 1609076.12    0  152 1689839.21 1609076.12  4.78%     -    4s
     0     0 1609138.76    0  167 1689839.21 1609138.76  4.78%     -    4s
     0     0 1609149.61    0  165 1689839.21 1609149.61  4.77%     -    4s
     0     0 1609149.80    0  165 1689839.21 1609149.80  4.77%     -    4s
     0     0 1609190.72    0  163 1689839.21 1609190.72  4.77%     -    4s
     0     0 1609208.94    0  153 1689839.21 1609208.94  4.77%     -    4s
     0     0 1609209.83    0  152 1689839.21 1609209.83  4.77%     -    4s
     0     0 1609341.67    0  172 1689839.21 1609341.67  4.76%     -    5s
     0     0 1609415.44    0  169 1689839.21 1609415.44  4.76%     -    5s
     0     0 1609433.64    0  169 1689839.21 1609433.64  4.76%     -    5s
     0     0 1609438.87    0  169 1689839.21 1609438.87  4.76%     -    5s
     0     0 1609439.24    0  169 1689839.21 1609439.24  4.76%     -    5s
     0     0 1609791.76    0  162 1689839.21 1609791.76  4.74%     -    5s
     0     0 1610184.79    0  181 1689839.21 1610184.79  4.71%     -    5s
     0     0 1610328.48    0  177 1689839.21 1610328.48  4.71%     -    5s
     0     0 1610329.63    0  177 1689839.21 1610329.63  4.71%     -    5s
     0     0 1610654.68    0  193 1689839.21 1610654.68  4.69%     -    5s
     0     0 1610745.57    0  191 1689839.21 1610745.57  4.68%     -    5s
     0     0 1610746.24    0  191 1689839.21 1610746.24  4.68%     -    5s
     0     0 1611845.63    0  188 1689839.21 1611845.63  4.62%     -    5s
     0     0 1612056.81    0  175 1689839.21 1612056.81  4.60%     -    5s
     0     0 1612085.34    0  175 1689839.21 1612085.34  4.60%     -    5s
     0     0 1612093.21    0  174 1689839.21 1612093.21  4.60%     -    5s
     0     0 1612099.10    0  174 1689839.21 1612099.10  4.60%     -    6s
     0     0 1612101.08    0  174 1689839.21 1612101.08  4.60%     -    6s
     0     0 1612875.10    0  178 1689839.21 1612875.10  4.55%     -    6s
     0     0 1613054.00    0  174 1689839.21 1613054.00  4.54%     -    6s
     0     0 1613067.18    0  176 1689839.21 1613067.18  4.54%     -    6s
     0     0 1613070.72    0  176 1689839.21 1613070.72  4.54%     -    6s
     0     0 1613323.08    0  171 1689839.21 1613323.08  4.53%     -    6s
     0     0 1613339.20    0  175 1689839.21 1613339.20  4.53%     -    6s
     0     0 1613350.59    0  178 1689839.21 1613350.59  4.53%     -    6s
     0     0 1613350.60    0  179 1689839.21 1613350.60  4.53%     -    6s
H    0     0                    1684783.8512 1613350.60  4.24%     -    6s
     0     0 1613398.96    0  180 1684783.85 1613398.96  4.24%     -    6s
     0     0 1613415.25    0  180 1684783.85 1613415.25  4.24%     -    6s
     0     0 1613415.94    0  189 1684783.85 1613415.94  4.24%     -    7s
     0     0 1613488.90    0  182 1684783.85 1613488.90  4.23%     -    7s
H    0     0                    1673213.9180 1613504.15  3.57%     -    7s
H    0     0                    1671697.8060 1613504.15  3.48%     -    7s
H    0     0                    1671371.5735 1613504.15  3.46%     -    7s
H    0     0                    1671054.8199 1613504.15  3.44%     -    7s
     0     0 1613504.15    0  181 1671054.82 1613504.15  3.44%     -    7s
     0     0 1613504.15    0  180 1671054.82 1613504.15  3.44%     -    7s
     0     0 1613533.01    0  187 1671054.82 1613533.01  3.44%     -    7s
     0     0 1613547.83    0  193 1671054.82 1613547.83  3.44%     -    7s
     0     0 1613548.83    0  192 1671054.82 1613548.83  3.44%     -    7s
     0     0 1613629.13    0  185 1671054.82 1613629.13  3.44%     -    8s
     0     0 1613634.02    0  193 1671054.82 1613634.02  3.44%     -    8s
     0     0 1613768.05    0  186 1671054.82 1613768.05  3.43%     -    8s
     0     0 1613807.39    0  179 1671054.82 1613807.39  3.43%     -    8s
     0     0 1613809.34    0  190 1671054.82 1613809.34  3.43%     -    8s
     0     0 1614153.92    0  192 1671054.82 1614153.92  3.41%     -    8s
     0     0 1614209.93    0  194 1671054.82 1614209.93  3.40%     -    8s
     0     0 1614210.34    0  192 1671054.82 1614210.34  3.40%     -    8s
     0     0 1614348.35    0  189 1671054.82 1614348.35  3.39%     -    9s
     0     0 1614367.33    0  188 1671054.82 1614367.33  3.39%     -    9s
     0     0 1614367.44    0  195 1671054.82 1614367.44  3.39%     -    9s
     0     0 1614551.05    0  204 1671054.82 1614551.05  3.38%     -    9s
     0     0 1614630.63    0  198 1671054.82 1614630.63  3.38%     -    9s
     0     0 1614694.32    0  199 1671054.82 1614694.32  3.37%     -    9s
     0     0 1614751.35    0  195 1671054.82 1614751.35  3.37%     -    9s
     0     0 1614759.36    0  194 1671054.82 1614759.36  3.37%     -    9s
     0     0 1615175.51    0  197 1671054.82 1615175.51  3.34%     -    9s
     0     0 1615327.24    0  208 1671054.82 1615327.24  3.33%     -    9s
     0     0 1615494.56    0  195 1671054.82 1615494.56  3.32%     -    9s
     0     0 1615510.56    0  196 1671054.82 1615510.56  3.32%     -    9s
     0     0 1615553.72    0  198 1671054.82 1615553.72  3.32%     -    9s
     0     0 1615555.57    0  199 1671054.82 1615555.57  3.32%     -    9s
     0     0 1616160.24    0  191 1671054.82 1616160.24  3.29%     -    9s
     0     0 1616267.83    0  199 1671054.82 1616267.83  3.28%     -    9s
     0     0 1616299.75    0  201 1671054.82 1616299.75  3.28%     -   10s
     0     0 1616301.56    0  192 1671054.82 1616301.56  3.28%     -   10s
     0     0 1616601.88    0  191 1671054.82 1616601.88  3.26%     -   10s
     0     0 1616636.91    0  211 1671054.82 1616636.91  3.26%     -   10s
     0     0 1616669.21    0  202 1671054.82 1616669.21  3.25%     -   10s
     0     0 1616687.11    0  203 1671054.82 1616687.11  3.25%     -   10s
     0     0 1616689.51    0  201 1671054.82 1616689.51  3.25%     -   10s
     0     0 1616934.36    0  200 1671054.82 1616934.36  3.24%     -   10s
H    0     0                    1670927.6407 1616940.76  3.23%     -   10s
H    0     0                    1667475.7603 1616940.76  3.03%     -   10s
H    0     0                    1662345.6604 1616940.76  2.73%     -   10s
     0     0 1617047.43    0  206 1662345.66 1617047.43  2.72%     -   10s
     0     0 1617109.58    0  207 1662345.66 1617109.58  2.72%     -   10s
     0     0 1617112.07    0  208 1662345.66 1617112.07  2.72%     -   10s
     0     0 1617409.65    0  206 1662345.66 1617409.65  2.70%     -   10s
     0     0 1617490.30    0  200 1662345.66 1617490.30  2.70%     -   10s
     0     0 1617594.68    0  209 1662345.66 1617594.68  2.69%     -   10s
     0     0 1617608.49    0  201 1662345.66 1617608.49  2.69%     -   10s
     0     0 1617647.15    0  204 1662345.66 1617647.15  2.69%     -   10s
     0     0 1617652.19    0  201 1662345.66 1617652.19  2.69%     -   10s
     0     0 1618073.33    0  202 1662345.66 1618073.33  2.66%     -   11s
     0     0 1618166.97    0  202 1662345.66 1618166.97  2.66%     -   11s
     0     0 1618166.97    0  206 1662345.66 1618166.97  2.66%     -   11s
     0     0 1618166.97    0  207 1662345.66 1618166.97  2.66%     -   11s
     0     0 1618758.19    0  217 1662345.66 1618758.19  2.62%     -   11s
     0     0 1619206.00    0  201 1662345.66 1619206.00  2.60%     -   11s
     0     0 1619427.51    0  210 1662345.66 1619427.51  2.58%     -   11s
     0     0 1619527.48    0  211 1662345.66 1619527.48  2.58%     -   11s
     0     0 1619557.89    0  212 1662345.66 1619557.89  2.57%     -   11s
     0     0 1619560.61    0  212 1662345.66 1619560.61  2.57%     -   11s
     0     0 1620561.07    0  201 1662345.66 1620561.07  2.51%     -   11s
     0     0 1620990.14    0  213 1662345.66 1620990.14  2.49%     -   11s
     0     0 1621023.49    0  221 1662345.66 1621023.49  2.49%     -   11s
     0     0 1622402.12    0  201 1662345.66 1622402.12  2.40%     -   12s
     0     0 1622719.03    0  194 1662345.66 1622719.03  2.38%     -   12s
     0     0 1622778.21    0  197 1662345.66 1622778.21  2.38%     -   12s
     0     0 1622790.07    0  203 1662345.66 1622790.07  2.38%     -   12s
     0     0 1622790.07    0  204 1662345.66 1622790.07  2.38%     -   12s
     0     0 1623684.38    0  193 1662345.66 1623684.38  2.33%     -   12s
H    0     0                    1662261.2997 1623689.14  2.32%     -   12s
H    0     0                    1662104.2050 1623689.14  2.31%     -   12s
H    0     0                    1662092.3079 1623689.14  2.31%     -   12s
     0     0 1623898.60    0  206 1662092.31 1623898.60  2.30%     -   12s
     0     0 1624081.14    0  215 1662092.31 1624081.14  2.29%     -   12s
     0     0 1624113.84    0  214 1662092.31 1624113.84  2.28%     -   12s
     0     0 1624117.16    0  208 1662092.31 1624117.16  2.28%     -   12s
     0     0 1624972.53    0  202 1662092.31 1624972.53  2.23%     -   12s
H    0     0                    1661995.4377 1624999.45  2.23%     -   12s
     0     0 1625604.41    0  217 1661995.44 1625604.41  2.19%     -   13s
     0     0 1626199.35    0  213 1661995.44 1626199.35  2.15%     -   13s
     0     0 1626242.93    0  209 1661995.44 1626242.93  2.15%     -   13s
     0     0 1626251.84    0  210 1661995.44 1626251.84  2.15%     -   13s
     0     0 1626869.22    0  210 1661995.44 1626869.22  2.11%     -   13s
     0     0 1627403.91    0  216 1661995.44 1627403.91  2.08%     -   13s
     0     0 1627454.95    0  210 1661995.44 1627454.95  2.08%     -   13s
     0     0 1627541.14    0  211 1661995.44 1627541.14  2.07%     -   13s
     0     0 1627551.72    0  213 1661995.44 1627551.72  2.07%     -   13s
     0     0 1628703.12    0  200 1661995.44 1628703.12  2.00%     -   13s
     0     0 1628908.79    0  203 1661995.44 1628908.79  1.99%     -   13s
     0     0 1628928.09    0  209 1661995.44 1628928.09  1.99%     -   14s
     0     0 1628933.94    0  209 1661995.44 1628933.94  1.99%     -   14s
     0     0 1629588.57    0  214 1661995.44 1629588.57  1.95%     -   14s
     0     0 1629893.32    0  207 1661995.44 1629893.32  1.93%     -   14s
     0     0 1630081.89    0  206 1661995.44 1630081.89  1.92%     -   14s
     0     0 1630094.93    0  210 1661995.44 1630094.93  1.92%     -   14s
     0     0 1630097.91    0  204 1661995.44 1630097.91  1.92%     -   14s
     0     0 1630661.81    0  188 1661995.44 1630661.81  1.89%     -   14s
     0     0 1630777.30    0  188 1661995.44 1630777.30  1.88%     -   14s
     0     0 1630805.26    0  200 1661995.44 1630805.26  1.88%     -   14s
     0     0 1630814.78    0  205 1661995.44 1630814.78  1.88%     -   14s
     0     0 1631197.60    0  205 1661995.44 1631197.60  1.85%     -   14s
     0     0 1631225.54    0  194 1661995.44 1631225.54  1.85%     -   15s
     0     0 1631233.34    0  211 1661995.44 1631233.34  1.85%     -   15s
     0     0 1631233.39    0  206 1661995.44 1631233.39  1.85%     -   15s
     0     0 1631471.05    0  209 1661995.44 1631471.05  1.84%     -   15s
     0     0 1631561.78    0  199 1661995.44 1631561.78  1.83%     -   15s
     0     0 1631566.10    0  204 1661995.44 1631566.10  1.83%     -   15s
     0     0 1631674.50    0  210 1661995.44 1631674.50  1.82%     -   15s
     0     0 1631700.06    0  208 1661995.44 1631700.06  1.82%     -   15s
     0     0 1631707.46    0  214 1661995.44 1631707.46  1.82%     -   15s
     0     0 1631771.08    0  210 1661995.44 1631771.08  1.82%     -   15s
     0     0 1631804.70    0  206 1661995.44 1631804.70  1.82%     -   15s
     0     0 1631951.23    0  201 1661995.44 1631951.23  1.81%     -   16s
     0     0 1631951.23    0  201 1661995.44 1631951.23  1.81%     -   16s
     0     0 1631951.23    0  201 1661995.44 1631951.23  1.81%     -   16s
     0     0 1631956.93    0  136 1661995.44 1631956.93  1.81%     -   18s
     0     0 1631956.93    0  163 1661995.44 1631956.93  1.81%     -   18s
     0     0 1631956.93    0  182 1661995.44 1631956.93  1.81%     -   19s
     0     0 1631956.93    0  192 1661995.44 1631956.93  1.81%     -   19s
     0     0 1631956.93    0  194 1661995.44 1631956.93  1.81%     -   19s
     0     0 1631956.93    0  171 1661995.44 1631956.93  1.81%     -   20s
     0     0 1631956.93    0  172 1661995.44 1631956.93  1.81%     -   20s
     0     0 1631956.93    0  167 1661995.44 1631956.93  1.81%     -   20s
     0     0 1631956.93    0  137 1661995.44 1631956.93  1.81%     -   20s
     0     0 1631956.93    0  158 1661995.44 1631956.93  1.81%     -   20s
     0     0 1631956.93    0  160 1661995.44 1631956.93  1.81%     -   20s
     0     0 1631956.93    0  172 1661995.44 1631956.93  1.81%     -   20s
     0     0 1631956.93    0  178 1661995.44 1631956.93  1.81%     -   20s
     0     0 1631956.93    0  168 1661995.44 1631956.93  1.81%     -   20s
     0     0 1631956.93    0  180 1661995.44 1631956.93  1.81%     -   20s
     0     0 1631956.93    0  172 1661995.44 1631956.93  1.81%     -   20s
     0     0 1631956.93    0  175 1661995.44 1631956.93  1.81%     -   20s
     0     0 1631956.93    0  171 1661995.44 1631956.93  1.81%     -   20s
     0     0 1631956.93    0  181 1661995.44 1631956.93  1.81%     -   20s
     0     0 1632004.13    0  182 1661995.44 1632004.13  1.80%     -   20s
     0     0 1632023.19    0  181 1661995.44 1632023.19  1.80%     -   21s
     0     0 1632023.55    0  181 1661995.44 1632023.55  1.80%     -   21s
     0     0 1633409.08    0  187 1661995.44 1633409.08  1.72%     -   21s
     0     0 1633432.66    0  184 1661995.44 1633432.66  1.72%     -   21s
     0     0 1633449.86    0  187 1661995.44 1633449.86  1.72%     -   21s
     0     0 1633450.03    0  187 1661995.44 1633450.03  1.72%     -   21s
     0     0 1635335.47    0  124 1661995.44 1635335.47  1.60%     -   21s
     0     0 1635415.28    0  121 1661995.44 1635415.28  1.60%     -   21s
     0     0 1635422.81    0  127 1661995.44 1635422.81  1.60%     -   21s
     0     0 1635707.21    0  134 1661995.44 1635707.21  1.58%     -   22s
     0     0 1635738.36    0  137 1661995.44 1635738.36  1.58%     -   22s
     0     0 1635738.53    0  137 1661995.44 1635738.53  1.58%     -   22s
     0     0 1635857.02    0  143 1661995.44 1635857.02  1.57%     -   22s
     0     0 1635867.11    0  145 1661995.44 1635867.11  1.57%     -   22s
     0     0 1635987.96    0  142 1661995.44 1635987.96  1.56%     -   22s
     0     0 1636001.94    0  144 1661995.44 1636001.94  1.56%     -   23s
     0     0 1636005.84    0  147 1661995.44 1636005.84  1.56%     -   23s
     0     0 1636101.10    0  137 1661995.44 1636101.10  1.56%     -   23s
     0     0 1636169.14    0  127 1661995.44 1636169.14  1.55%     -   23s
     0     0 1636169.14    0  127 1661995.44 1636169.14  1.55%     -   23s
     0     0 1636169.14    0  127 1661995.44 1636169.14  1.55%     -   23s
     0     2 1636169.23    0  127 1661995.44 1636169.23  1.55%     -   25s
H    1     4                    1661933.9244 1636175.11  1.55%   0.0   25s
H  839   847                    1661818.1097 1636802.91  1.51%  10.9   27s
H 1081  1081                    1661806.2127 1636802.91  1.50%  11.3   28s
  2512  2487 1646667.77   86   92 1661806.21 1636996.27  1.49%  15.2   30s
  6135  5457 1655061.49   95  109 1661806.21 1637031.52  1.49%  19.2   35s
H 6502  5194                    1661266.7809 1637042.54  1.46%  19.1   39s
H 6510  4938                    1660719.4168 1637523.82  1.40%  19.0   39s
  6515  4942 1639379.70   50  132 1660719.42 1637793.18  1.38%  19.0   40s
  6582  4986 1654716.32   98  129 1660719.42 1654716.32  0.36%  18.8   45s
  6662  5043 1658380.48   37   99 1660719.42 1658380.48  0.14%  22.9   50s
  6712  5077 1659100.98   90  112 1660719.42 1659100.98  0.10%  24.4   55s
  9594  7168 1660317.58  126   26 1660719.42 1659873.44  0.05%  19.2   60s
 26071 16190 1659910.42  149  201 1660719.42 1659878.40  0.05%  13.4   65s
H26099 15398                    1660705.6270 1659886.63  0.05%  13.3   68s
H26157 14688                    1660638.1745 1659891.94  0.04%  13.5   68s
 29151 16479 1659923.77  143   16 1660638.17 1659894.43  0.04%  12.7   70s
H29655 16003                    1660584.2974 1659895.79  0.04%  12.7   70s
H38067 17715                    1660535.7076 1659897.24  0.04%  14.2   74s
 43522 21957 1659981.13  169   14 1660535.71 1659897.31  0.04%  13.5   75s
H64453 28364                    1660529.3971 1659900.10  0.04%  13.2   79s
 64774 29851 1659972.15  133   17 1660529.40 1659900.42  0.04%  13.2   80s
H67166 29126                    1660269.1317 1659900.47  0.02%  13.2   80s
H67604 29067                    1660256.4076 1659900.63  0.02%  13.2   80s
 76609 36354 1659919.97  139  201 1660256.41 1659900.91  0.02%  12.7   86s
 76633 36370 1659900.91   79   17 1660256.41 1659900.91  0.02%  12.7   90s
 86386 44069 1660051.82   95   44 1660256.41 1659886.63  0.02%  12.2   95s
 111546 54617 1660106.90   93   10 1660256.41 1659886.63  0.02%  11.4  100s
H126614 66225                    1660226.6022 1659900.91  0.02%  18.7  101s
 168171 89063 1660065.55  207   11 1660226.60 1659886.63  0.02%   9.9  105s
 178467 95968 1660059.37  105   13 1660226.60 1659886.70  0.02%   9.9  110s
H179947 96711                    1660165.9374 1659900.91  0.02%  15.5  111s
 202359 104265 1660029.58  131    8 1660165.94 1659887.77  0.02%   9.9  115s
 236591 120664 1659971.97   94   11 1660165.94 1659889.82  0.02%   9.4  120s
H266431 130330                    1660133.9344 1659952.94  0.01%  12.8  123s
 284349 134034 1660001.39  118   11 1660133.93 1659954.67  0.01%   9.2  125s
 365091 160403 1660118.47  113    5 1660133.93 1659956.32  0.01%   8.9  130s
 423412 175150     cutoff  172      1660133.93 1659957.00  0.01%   8.9  135s
 504919 209026 1660013.36  104   10 1660133.93 1659957.72  0.01%   8.7  140s
 588954 260030 1659990.34  110   12 1660133.93 1659957.96  0.01%   8.7  145s
 664217 311719     cutoff  129      1660133.93 1659958.18  0.01%   8.6  150s
 729510 354760 1660021.64  163    8 1660133.93 1659958.45  0.01%   8.7  155s
H735372 357336                    1660131.2353 1659958.47  0.01%  10.0  155s
 809379 408893 1660005.98  120   11 1660131.24 1659958.57  0.01%   8.6  160s
 884257 456753     cutoff  130      1660131.24 1659958.71  0.01%   8.5  165s
 946203 492946 1660115.74  106    7 1660131.24 1659958.73  0.01%   8.8  170s
 1020494 541934 1659993.72  116    9 1660131.24 1659958.77  0.01%   8.7  175s
 1109350 601927 1660025.20  142   11 1660131.24 1659958.85  0.01%   8.6  180s
 1188895 654291 1660115.75  141    5 1660131.24 1659958.98  0.01%   8.6  185s
 1251775 695789 infeasible  177      1660131.24 1659959.09  0.01%   8.6  190s
 1337211 753103 1659993.86  114   11 1660131.24 1659959.16  0.01%   8.5  195s
 1403314 795335 1660115.74  105    6 1660131.24 1659959.17  0.01%   8.5  200s
 1465027 835318     cutoff  132      1660131.24 1659959.27  0.01%   8.6  205s
 1546718 890054 1660018.20  108   10 1660131.24 1659959.37  0.01%   8.5  210s
 1626387 942516 1660017.70  173   13 1660131.24 1659959.37  0.01%   8.4  215s
 1699826 995895 1660115.84  129    6 1660131.24 1659959.41  0.01%   8.4  220s
 1770082 1042223 1659995.73  106   15 1660131.24 1659959.47  0.01%   8.4  225s
 1847818 1092280 1660047.89  180   12 1660131.24 1659959.48  0.01%   8.4  230s
 1915196 1135977 1660115.76  129    6 1660131.24 1659959.50  0.01%   8.4  235s
 1973296 1170810     cutoff  168      1660131.24 1659959.54  0.01%   8.4  240s
 2052475 1220800     cutoff  169      1660131.24 1659959.56  0.01%   8.4  245s
 2126940 1267526 1660115.78  155    6 1660131.24 1659959.60  0.01%   8.4  250s
 2194507 1314942 1659997.56  121   14 1660131.24 1659959.64  0.01%   8.4  255s
 2282490 1372534     cutoff  126      1660131.24 1659959.70  0.01%   8.4  260s
 2360335 1419875 1660004.17  149    6 1660131.24 1659959.71  0.01%   8.4  265s
 2386708 1455948 1659983.49   99   14 1660131.24 1659959.71  0.01%   8.4  270s
 2475841 1496833 1659982.29  145   10 1660131.24 1659959.78  0.01%   8.3  275s
 2559945 1548227     cutoff  170      1660131.24 1659959.82  0.01%   8.3  280s
 2622908 1590702 1660115.76  125    6 1660131.24 1659959.85  0.01%   8.4  285s
 2690751 1630943 1659997.35  131   15 1660131.24 1659959.88  0.01%   8.4  290s
 2726737 1654272 1660118.72  134    3 1660131.24 1659959.89  0.01%   8.4  295s
 2804098 1700765 1660067.48  184   11 1660131.24 1659959.90  0.01%   8.4  300s
 2885059 1750960 1659994.55  120   11 1660131.24 1659959.90  0.01%   8.4  305s
 2965580 1802265 1660129.37  127    3 1660131.24 1659959.92  0.01%   8.4  310s
 3031458 1842199 1660115.86  184    5 1660131.24 1659959.92  0.01%   8.4  315s
 3112516 1893751     cutoff  145      1660131.24 1659959.94  0.01%   8.4  320s
 3197480 1945429 1660049.00  200    9 1660131.24 1659959.97  0.01%   8.4  325s
 3272893 2003060 1660115.85  149    4 1660131.24 1659959.99  0.01%   8.4  330s
 3361220 2048149 1660115.79  129    5 1660131.24 1659960.02  0.01%   8.4  335s
 3437943 2094879     cutoff  109      1660131.24 1659960.05  0.01%   8.4  340s
 3519842 2145583 1659976.23  109   11 1660131.24 1659960.07  0.01%   8.4  345s
 3606236 2200413 1660004.39  142   10 1660131.24 1659960.07  0.01%   8.4  350s
 3684648 2252419 1660120.80  121    4 1660131.24 1659960.10  0.01%   8.4  355s
 3749883 2294275 1660010.67  145   12 1660131.24 1659960.10  0.01%   8.5  360s
 3805203 2330552 1660115.82  148    5 1660131.24 1659960.10  0.01%   8.5  365s
 3871792 2376578 1660008.30  182   11 1660131.24 1659960.14  0.01%   8.5  370s
 3943069 2416992     cutoff  182      1660131.24 1659960.15  0.01%   8.5  375s
 4006985 2471146 1660115.76  110    4 1660131.24 1659960.19  0.01%   8.5  380s
 4083330 2525997 1660115.80  154    5 1660131.24 1659960.20  0.01%   8.5  385s
 4169966 2566027 1660032.30  184   11 1660131.24 1659960.22  0.01%   8.5  390s
 4237108 2621829     cutoff  125      1660131.24 1659960.22  0.01%   8.5  396s
 4307682 2655525 1660115.87  175    4 1660131.24 1659960.24  0.01%   8.5  400s
 4379729 2697910 1660041.50  202    9 1660131.24 1659960.27  0.01%   8.5  405s
 4458269 2740479 1659975.83  103   17 1660131.24 1659960.27  0.01%   8.5  410s
 4535245 2790204 1660115.77  131    5 1660131.24 1659960.27  0.01%   8.5  415s
 4599589 2830838 1660115.78  133    5 1660131.24 1659960.27  0.01%   8.6  420s
 4684937 2885120     cutoff  138      1660131.24 1659960.27  0.01%   8.5  425s
 4761410 2929341 1660020.00  200   10 1660131.24 1659960.27  0.01%   8.5  430s
 4842958 2983448 1660115.75  112    6 1660131.24 1659960.30  0.01%   8.5  435s
 4880380 3005758 1660013.89  148   10 1660131.24 1659960.30  0.01%   8.5  440s
 4961143 3054980 1660035.03  133   11 1660131.24 1659960.31  0.01%   8.5  445s
 5032297 3101663 1660115.83  125    5 1660131.24 1659960.31  0.01%   8.5  450s
 5109030 3155984     cutoff  159      1660131.24 1659960.32  0.01%   8.5  455s
 5186105 3198922     cutoff  110      1660131.24 1659960.33  0.01%   8.5  460s
 5232294 3223106 1660115.75  146    5 1660131.24 1659960.33  0.01%   8.6  465s
 5305048 3267122     cutoff  102      1660131.24 1659960.34  0.01%   8.6  470s
 5388528 3318214 1659976.86  103    9 1660131.24 1659960.34  0.01%   8.6  475s
 5475837 3375530 1659987.36  111   13 1660131.24 1659960.34  0.01%   8.6  480s
 5560889 3430339 1660121.42  136    3 1660131.24 1659960.35  0.01%   8.6  485s
 5631169 3482620 1660117.11  127    3 1660131.24 1659960.37  0.01%   8.6  490s
 5715197 3534027 1660012.37  172    9 1660131.24 1659960.37  0.01%   8.6  495s
 5797765 3584045 1660004.57  127   20 1660131.24 1659960.37  0.01%   8.6  500s
 5872267 3629568 1660115.78  119    5 1660131.24 1659960.37  0.01%   8.6  505s
 5956548 3686974 1660115.75  114    5 1660131.24 1659960.37  0.01%   8.5  510s
 6031638 3735729 1659991.58  111   11 1660131.24 1659960.40  0.01%   8.5  515s
H6109810 3771337                    1660129.0589 1659960.40  0.01%   8.7  518s
 6128293 3785589 1659997.76  141   11 1660129.06 1659960.40  0.01%   8.5  520s
 6209811 3833351 1660115.88  179    4 1660129.06 1659960.41  0.01%   8.5  525s
 6267033 3886541     cutoff  172      1660129.06 1659960.42  0.01%   8.5  530s
 6356036 3929239 1660006.24  168   11 1660129.06 1659960.42  0.01%   8.5  535s
 6444817 3985919 1660101.74  185   12 1660129.06 1659960.42  0.01%   8.5  540s
 6527081 4035894     cutoff  133      1660129.06 1659960.42  0.01%   8.5  545s
 6598279 4085135 1660115.76  114    5 1660129.06 1659960.44  0.01%   8.5  550s
 6670653 4133994     cutoff  115      1660129.06 1659960.45  0.01%   8.5  555s
H6733293 4163039                    1660128.2657 1659960.45  0.01%   8.7  558s
 6750366 4179464 1660008.96  120   14 1660128.27 1659960.45  0.01%   8.5  560s
 6833847 4229032 1660015.19  124   11 1660128.27 1659960.45  0.01%   8.5  565s
 6911247 4277351 1660117.08  151    4 1660128.27 1659960.45  0.01%   8.5  570s
 6978049 4320163 1660013.96  127   11 1660128.27 1659960.46  0.01%   8.5  575s
 7056877 4367642 1660010.99  192   11 1660128.27 1659960.46  0.01%   8.5  580s
 7142023 4415931 1660119.44  179   10 1660128.27 1659960.47  0.01%   8.5  585s
 7204511 4454255 1660125.82  144    4 1660128.27 1659960.47  0.01%   8.5  590s
 7279779 4503071 1660018.09  112   12 1660128.27 1659960.48  0.01%   8.5  595s
 7365481 4555743     cutoff  178      1660128.27 1659960.48  0.01%   8.5  600s

Cutting planes:
  Learned: 1
  Gomory: 88
  Lift-and-project: 90
  Cover: 2
  MIR: 189
  Flow cover: 33
  GUB cover: 1
  Relax-and-lift: 7

Explored 7365995 nodes (63874966 simplex iterations) in 603.76 seconds (679.33 work units)
Thread count was 24 (of 24 available processors)

Solution count 10: 1.66013e+06 1.66013e+06 1.66013e+06 ... 1.66058e+06

Time limit reached
Best objective 1.660128265730e+06, best bound 1.659960477116e+06, gap 0.0101%
