
Gurobi 13.0.2 (linux64, Python) logging started Thu Aug 13 23:58:41 2026

Set parameter LogToConsole to value 0
Set parameter Username
Set parameter LicenseID to value 2748191
Set parameter TimeLimit to value 120
Set parameter LogFile to value "output/bz_nbr7008_043/weighted_loss/retail_y_4__retail_v_4__rolled_leftover_4/period_5/gurobi.log"
Academic license - for non-commercial use only - expires 2026-12-01
Gurobi Optimizer version 13.0.2 build v13.0.2rc1 (linux64 - "Debian GNU/Linux 13 (trixie)")

CPU model: 13th Gen Intel(R) Core(TM) i7-13700HX, instruction set [SSE2|AVX|AVX2]
Thread count: 24 physical cores, 24 logical processors, using up to 24 threads

Non-default parameters:
TimeLimit  120
LogToConsole  0

Optimize a model with 204707 rows, 136920 columns and 717387 nonzeros (Min)
Model fingerprint: 0xb7c5beb5
Model has 54490 linear objective coefficients and an objective constant of 169814.7367344
Variable types: 112836 continuous, 24084 integer (24084 binary)
Coefficient statistics:
  Matrix range     [3e-03, 1e+04]
  Objective range  [2e+01, 3e+05]
  Bounds range     [1e+00, 1e+00]
  RHS range        [1e-01, 5e+04]

Presolve removed 122609 rows and 84971 columns
Presolve time: 3.43s
Presolved: 82098 rows, 51949 columns, 825666 nonzeros
Variable types: 33933 continuous, 18016 integer (17969 binary)
Deterministic concurrent LP optimizer: primal simplex, dual simplex, and barrier
Showing barrier log only...

Root barrier log...

Ordering time: 0.40s

Barrier statistics:
 Dense cols : 43
 AA' NZ     : 7.175e+06
 Factor NZ  : 1.220e+07 (roughly 140 MB of memory)
 Factor Ops : 3.439e+09 (less than 1 second per iteration)
 Threads    : 21

                  Objective                Residual
Iter       Primal          Dual         Primal    Dual     Compl     Time
   0  -4.41716740e+09 -1.31197760e+10  3.56e+06 1.71e+02  4.46e+06     5s
   1  -2.41041320e+09 -1.22790751e+10  2.26e+06 3.17e+02  2.49e+06     5s
   2  -9.41112819e+08 -1.06845740e+10  8.24e+05 7.28e+01  9.38e+05     5s
   3  -2.56207006e+08 -6.16764482e+09  2.26e+05 4.76e+00  2.62e+05     5s
   4  -1.42732205e+07 -1.85862820e+09  2.35e+04 1.85e-10  3.29e+04     5s
   5   8.42219014e+06 -7.85122205e+08  6.32e+03 1.85e-10  1.02e+04     5s
   6   1.21429685e+07 -3.60375176e+08  3.50e+03 5.69e-10  4.71e+03     5s
   7   1.49797084e+07 -1.12881553e+08  1.34e+03 6.82e-11  1.47e+03     5s
   8   1.53658945e+07 -5.34606734e+07  7.89e+02 3.55e-11  7.47e+02     5s
   9   1.32409278e+07 -3.51323319e+07  3.47e+02 3.14e-11  4.41e+02     5s
  10   1.17245256e+07 -2.52828303e+07  1.58e+02 2.14e-11  3.01e+02     6s
  11   1.08456437e+07 -1.80515378e+07  1.12e+02 1.27e-11  2.30e+02     6s
  12   7.08170813e+06 -1.23578195e+07  6.61e+01 1.16e-11  1.52e+02     6s
  13   5.20761410e+06 -8.94583433e+06  4.53e+01 1.55e-11  1.10e+02     6s
  14   3.64984900e+06 -3.83754692e+06  2.72e+01 2.07e-11  5.88e+01     6s
  15   2.54530915e+06 -2.41841598e+06  1.52e+01 1.99e-11  3.87e+01     6s
  16   2.21963845e+06 -1.93345785e+06  1.16e+01 1.98e-11  3.22e+01     6s
  17   1.85542687e+06 -9.58563862e+05  7.39e+00 2.22e-11  2.18e+01     6s
  18   1.57851061e+06 -6.08848752e+05  4.60e+00 1.97e-11  1.66e+01     6s
  19   1.41669067e+06  4.13184073e+05  3.09e+00 3.22e-11  7.92e+00     6s
  20   1.26059965e+06  8.04335099e+05  1.53e+00 2.57e-11  3.62e+00     6s
  21   1.18776167e+06  9.64164167e+05  8.55e-01 2.65e-11  1.77e+00     6s
  22   1.16059200e+06  1.01503078e+06  5.95e-01 1.54e-11  1.16e+00     6s
  23   1.15768113e+06  1.01648757e+06  5.69e-01 3.03e-11  1.12e+00     6s
  24   1.14432552e+06  1.05917526e+06  4.55e-01 1.72e-11  6.96e-01     6s
  25   1.12276481e+06  1.07923140e+06  2.44e-01 1.56e-11  3.56e-01     6s
  26   1.10555202e+06  1.08508044e+06  1.01e-01 1.85e-11  1.64e-01     6s
  27   1.09974945e+06  1.08667472e+06  5.75e-02 1.86e-11  1.03e-01     6s
  28   1.09732448e+06  1.08897538e+06  3.93e-02 1.21e-11  6.64e-02     7s
  29   1.09525666e+06  1.09039277e+06  2.30e-02 1.54e-11  3.86e-02     7s
  30   1.09476367e+06  1.09098791e+06  1.94e-02 1.90e-11  3.03e-02     7s
  31   1.09378538e+06  1.09122003e+06  1.26e-02 1.73e-11  2.04e-02     7s
  32   1.09309551e+06  1.09162416e+06  7.88e-03 1.91e-11  1.18e-02     7s
  33   1.09286554e+06  1.09167413e+06  6.45e-03 1.80e-11  9.61e-03     7s
  34   1.09250307e+06  1.09174085e+06  4.12e-03 1.54e-11  6.14e-03     7s
  35   1.09244805e+06  1.09176171e+06  3.77e-03 1.16e-11  5.54e-03     7s
  36   1.09210958e+06  1.09177180e+06  1.59e-03 1.71e-11  2.68e-03     7s
  37   1.09206405e+06  1.09178686e+06  1.26e-03 1.16e-11  2.19e-03     7s
  38   1.09190257e+06  1.09180909e+06  2.78e-04 1.33e-11  7.08e-04     7s
  39   1.09185657e+06  1.09183891e+06  2.67e-05 1.64e-11  1.29e-04     7s
  40   1.09184937e+06  1.09184670e+06  4.08e-07 1.25e-11  1.87e-05     7s
  41   1.09184908e+06  1.09184902e+06  8.52e-08 1.88e-11  4.46e-07     7s
  42   1.09184906e+06  1.09184906e+06  3.82e-07 1.58e-11  2.79e-08     7s
  43   1.09184906e+06  1.09184906e+06  5.04e-06 1.98e-11  1.38e-08     8s
  44   1.09184906e+06  1.09184906e+06  6.71e-08 2.23e-11  1.41e-10     8s

Barrier solved model in 44 iterations and 7.59 seconds (14.17 work units)
Optimal objective 1.09184906e+06


Root crossover log...

   43187 DPushes remaining with DInf 2.7162689e-02                 8s
       0 DPushes remaining with DInf 0.0000000e+00                 8s

     115 PPushes remaining with PInf 2.5916489e-02                 8s
       0 PPushes remaining with PInf 0.0000000e+00                 8s

  Push phase complete: Pinf 0.0000000e+00, Dinf 8.5446162e+03      8s


Root simplex log...

Iteration    Objective       Primal Inf.    Dual Inf.      Time
   31010    1.0918491e+06   0.000000e+00   8.544616e+03      8s
   31017    1.0918491e+06   0.000000e+00   0.000000e+00      8s
Crossover time: 0.46 seconds (0.67 work units)
Concurrent spin time: 0.49s (can be avoided by choosing Method=3)

Solved with barrier
   31017    1.0918491e+06   0.000000e+00   0.000000e+00      9s

Root relaxation: objective 1.091849e+06, 31017 iterations, 4.89 seconds (7.09 work units)

    Nodes    |    Current Node    |     Objective Bounds      |     Work
 Expl Unexpl |  Obj  Depth IntInf | Incumbent    BestBd   Gap | It/Node Time

     0     0 1091849.06    0  319          - 1091849.06      -     -    9s
H    0     0                    2987912.3199 1091849.06  63.5%     -   11s
H    0     0                    2828350.7713 1091849.06  61.4%     -   11s
H    0     0                    2820158.8075 1091849.06  61.3%     -   12s
H    0     0                    2820115.7591 1091849.06  61.3%     -   12s
H    0     0                    2811600.9255 1091849.06  61.2%     -   12s
H    0     0                    2803153.8331 1091849.06  61.0%     -   12s
     0     0 1092488.64    0  379 2803153.83 1092488.64  61.0%     -   15s
H    0     0                    2726684.4001 1092489.34  59.9%     -   16s
H    0     0                    2713976.6003 1092489.34  59.7%     -   16s
H    0     0                    2711745.9923 1092489.34  59.7%     -   16s
H    0     0                    2573000.1582 1092489.34  57.5%     -   16s
H    0     0                    2525667.8339 1092489.34  56.7%     -   16s
H    0     0                    2515231.9934 1092489.34  56.6%     -   16s
H    0     0                    2513971.5967 1092489.34  56.5%     -   17s
H    0     0                    2509422.2574 1092489.34  56.5%     -   17s
H    0     0                    2485695.0847 1092489.34  56.0%     -   17s
H    0     0                    2482145.3925 1092489.34  56.0%     -   17s
H    0     0                    2480883.4662 1092489.34  56.0%     -   17s
H    0     0                    2465875.3977 1092489.34  55.7%     -   17s
H    0     0                    2446266.9146 1092489.34  55.3%     -   17s
H    0     0                    2407620.6387 1092489.34  54.6%     -   17s
     0     0 1092489.34    0  378 2407620.64 1092489.34  54.6%     -   17s
     0     0 1095394.08    0  358 2407620.64 1095394.08  54.5%     -   21s
     0     0 1095399.62    0  358 2407620.64 1095399.62  54.5%     -   21s
     0     0 1106294.57    0  238 2407620.64 1106294.57  54.1%     -   26s
     0     0 1106297.32    0  237 2407620.64 1106297.32  54.1%     -   26s
     0     0 1106299.91    0  237 2407620.64 1106299.91  54.1%     -   26s
     0     0 1106306.03    0  243 2407620.64 1106306.03  54.0%     -   26s
     0     0 1106307.97    0  243 2407620.64 1106307.97  54.0%     -   26s
     0     0 1106308.89    0  244 2407620.64 1106308.89  54.0%     -   26s
     0     0 1106312.17    0  243 2407620.64 1106312.17  54.0%     -   26s
     0     0 1106312.38    0  243 2407620.64 1106312.38  54.0%     -   26s
     0     0 1106312.41    0  243 2407620.64 1106312.41  54.0%     -   26s
H    0     0                    2183027.4451 1106320.38  49.3%     -   27s
H    0     0                    2182642.7522 1106320.38  49.3%     -   27s
H    0     0                    2179764.4822 1106320.38  49.2%     -   27s
H    0     0                    2178979.7013 1106320.38  49.2%     -   27s
H    0     0                    2041698.9858 1106320.38  45.8%     -   27s
H    0     0                    2032211.6487 1106320.38  45.6%     -   27s
H    0     0                    1993954.8406 1106320.38  44.5%     -   28s
H    0     0                    1963249.8086 1106320.38  43.6%     -   28s
H    0     0                    1939055.8828 1106320.38  42.9%     -   28s
H    0     0                    1938964.5896 1106320.38  42.9%     -   28s
H    0     0                    1938776.2505 1106320.38  42.9%     -   28s
H    0     0                    1938710.7301 1106320.38  42.9%     -   28s
H    0     0                    1936152.9482 1106320.38  42.9%     -   28s
H    0     0                    1934968.2104 1106320.38  42.8%     -   28s
H    0     0                    1921206.3492 1106320.38  42.4%     -   28s
H    0     0                    1917215.6336 1106320.38  42.3%     -   28s
     0     0 1106913.42    0  269 1917215.63 1106913.42  42.3%     -   29s
     0     0 1107027.59    0  307 1917215.63 1107027.59  42.3%     -   29s
     0     0 1107038.79    0  311 1917215.63 1107038.79  42.3%     -   30s
     0     0 1124150.38    0  355 1917215.63 1124150.38  41.4%     -   35s
     0     0 1124253.19    0  342 1917215.63 1124253.19  41.4%     -   35s
     0     0 1124253.19    0  342 1917215.63 1124253.19  41.4%     -   36s
     0     0 1127157.52    0  368 1917215.63 1127157.52  41.2%     -   37s
     0     0 1127157.77    0  368 1917215.63 1127157.77  41.2%     -   37s
     0     0 1127161.49    0  366 1917215.63 1127161.49  41.2%     -   37s
     0     0 1127665.16    0  342 1917215.63 1127665.16  41.2%     -   37s
     0     0 1127670.93    0  331 1917215.63 1127670.93  41.2%     -   38s
H    0     0                    1898202.1624 1137752.89  40.1%     -   40s
     0     0 1137752.89    0  414 1898202.16 1137752.89  40.1%     -   41s
     0     0 1137755.09    0  412 1898202.16 1137755.09  40.1%     -   41s
     0     0 1137762.27    0  412 1898202.16 1137762.27  40.1%     -   41s
     0     0 1137765.33    0  412 1898202.16 1137765.33  40.1%     -   41s
     0     0 1137766.93    0  412 1898202.16 1137766.93  40.1%     -   41s
     0     0 1137773.87    0  409 1898202.16 1137773.87  40.1%     -   41s
     0     0 1137783.87    0  409 1898202.16 1137783.87  40.1%     -   41s
H    0     0                    1897713.8454 1137784.87  40.0%     -   42s
H    0     0                    1851547.6377 1137784.87  38.5%     -   42s
H    0     0                    1836633.2881 1137784.87  38.1%     -   42s
H    0     0                    1835881.0761 1137784.87  38.0%     -   42s
H    0     0                    1825249.2130 1137784.87  37.7%     -   42s
H    0     0                    1822414.4578 1138952.96  37.5%     -   44s
H    0     0                    1815663.3808 1138952.96  37.3%     -   44s
H    0     0                    1791417.9499 1138952.96  36.4%     -   44s
H    0     0                    1773806.5926 1138952.96  35.8%     -   44s
H    0     0                    1666758.1741 1138952.96  31.7%     -   44s
     0     0 1138952.96    0  417 1666758.17 1138952.96  31.7%     -   44s
     0     0 1139449.95    0  361 1666758.17 1139449.95  31.6%     -   44s
     0     0 1139538.85    0  416 1666758.17 1139538.85  31.6%     -   45s
     0     0 1139567.11    0  369 1666758.17 1139567.11  31.6%     -   45s
     0     0 1139626.60    0  374 1666758.17 1139626.60  31.6%     -   45s
     0     0 1139644.29    0  380 1666758.17 1139644.29  31.6%     -   45s
     0     0 1139644.82    0  377 1666758.17 1139644.82  31.6%     -   46s
H    0     0                    1659495.0576 1139644.82  31.3%     -   46s
H    0     0                    1631581.2948 1142833.60  30.0%     -   48s
H    0     0                    1620544.4871 1142833.60  29.5%     -   48s
H    0     0                    1619673.9292 1142833.60  29.4%     -   48s
     0     0 1142833.60    0  347 1619673.93 1142833.60  29.4%     -   48s
     0     0 1142994.27    0  377 1619673.93 1142994.27  29.4%     -   48s
     0     0 1143293.09    0  426 1619673.93 1143293.09  29.4%     -   49s
     0     0 1143329.42    0  402 1619673.93 1143329.42  29.4%     -   49s
     0     0 1143352.61    0  407 1619673.93 1143352.61  29.4%     -   50s
     0     0 1143352.76    0  408 1619673.93 1143352.76  29.4%     -   50s
H    0     0                    1617609.3207 1151545.77  28.8%     -   53s
H    0     0                    1617093.7857 1151545.77  28.8%     -   53s
H    0     0                    1617075.4104 1151545.77  28.8%     -   53s
H    0     0                    1616846.3748 1151545.77  28.8%     -   53s
H    0     0                    1616685.4243 1151545.77  28.8%     -   53s
H    0     0                    1616289.8929 1151545.77  28.8%     -   53s
H    0     0                    1616167.7039 1151545.77  28.7%     -   53s
H    0     0                    1607583.7446 1151545.77  28.4%     -   53s
H    0     0                    1607045.8077 1151545.77  28.3%     -   53s
     0     0 1151545.77    0  478 1607045.81 1151545.77  28.3%     -   53s
     0     0 1151548.42    0  478 1607045.81 1151548.42  28.3%     -   53s
H    0     0                    1606868.9610 1151590.48  28.3%     -   54s
H    0     0                    1601176.6927 1151590.48  28.1%     -   54s
H    0     0                    1596326.8695 1151590.48  27.9%     -   54s
H    0     0                    1593067.6545 1151590.48  27.7%     -   54s
H    0     0                    1591988.9073 1153847.19  27.5%     -   56s
     0     0 1153847.19    0  580 1591988.91 1153847.19  27.5%     -   56s
     0     0 1154131.56    0  537 1591988.91 1154131.56  27.5%     -   56s
     0     0 1154177.42    0  506 1591988.91 1154177.42  27.5%     -   56s
     0     0 1154181.98    0  526 1591988.91 1154181.98  27.5%     -   57s
     0     0 1166472.27    0  453 1591988.91 1166472.27  26.7%     -   60s
     0     0 1169159.50    0  527 1591988.91 1169159.50  26.6%     -   62s
     0     0 1170422.47    0  525 1591988.91 1170422.47  26.5%     -   63s
     0     0 1170566.32    0  513 1591988.91 1170566.32  26.5%     -   63s
     0     0 1170578.88    0  509 1591988.91 1170578.88  26.5%     -   63s
     0     0 1181790.67    0  462 1591988.91 1181790.67  25.8%     -   68s
H    0     0                    1585783.9124 1181808.55  25.5%     -   72s
H    0     0                    1582791.0171 1181808.55  25.3%     -   72s
     0     0 1183294.03    0  435 1582791.02 1183294.03  25.2%     -   73s
     0     0 1183452.12    0  469 1582791.02 1183452.12  25.2%     -   74s
     0     0 1183564.58    0  473 1582791.02 1183564.58  25.2%     -   74s
     0     0 1183577.94    0  474 1582791.02 1183577.94  25.2%     -   74s
     0     0 1186717.67    0  597 1582791.02 1186717.67  25.0%     -   76s
     0     0 1187431.46    0  636 1582791.02 1187431.46  25.0%     -   77s
     0     0 1187521.76    0  633 1582791.02 1187521.76  25.0%     -   77s
     0     0 1187650.91    0  611 1582791.02 1187650.91  25.0%     -   78s
     0     0 1187691.87    0  600 1582791.02 1187691.87  25.0%     -   78s
     0     0 1187704.84    0  621 1582791.02 1187704.84  25.0%     -   78s
     0     0 1190777.44    0  537 1582791.02 1190777.44  24.8%     -   80s
H    0     0                    1582000.1158 1190824.08  24.7%     -   81s
H    0     0                    1575338.2839 1190824.08  24.4%     -   81s
     0     0 1191063.09    0  555 1575338.28 1191063.09  24.4%     -   83s
     0     0 1191113.15    0  517 1575338.28 1191113.15  24.4%     -   83s
     0     0 1191120.91    0  549 1575338.28 1191120.91  24.4%     -   83s
     0     0 1193708.44    0  568 1575338.28 1193708.44  24.2%     -   86s
H    0     0                    1575136.2807 1193708.73  24.2%     -   87s
H    0     0                    1573852.3214 1193708.73  24.2%     -   87s
H    0     0                    1573759.5228 1193708.73  24.1%     -   87s
     0     0 1194118.09    0  555 1573759.52 1194118.09  24.1%     -   89s
     0     0 1194143.47    0  621 1573759.52 1194143.47  24.1%     -   89s
     0     0 1194143.47    0  620 1573759.52 1194143.47  24.1%     -   89s
     0     0 1194151.78    0  608 1573759.52 1194151.78  24.1%     -   90s
     0     0 1194151.85    0  606 1573759.52 1194151.85  24.1%     -   90s
     0     0 1196750.88    0  600 1573759.52 1196750.88  24.0%     -   92s
H    0     0                    1573501.4276 1196750.88  23.9%     -   93s
H    0     0                    1573497.7287 1196750.88  23.9%     -   93s
H    0     0                    1572679.8164 1196750.88  23.9%     -   93s
H    0     0                    1563389.3408 1196750.88  23.5%     -   94s
     0     0 1197289.20    0  620 1563389.34 1197289.20  23.4%     -   95s
     0     0 1197289.20    0  614 1563389.34 1197289.20  23.4%     -   95s
     0     0 1197393.04    0  574 1563389.34 1197393.04  23.4%     -   96s
     0     0 1197430.48    0  615 1563389.34 1197430.48  23.4%     -   96s
     0     0 1197447.76    0  637 1563389.34 1197447.76  23.4%     -   97s
     0     0 1200980.71    0  562 1563389.34 1200980.71  23.2%     -  101s
     0     0 1204048.17    0  656 1563389.34 1204048.17  23.0%     -  105s
     0     0 1204052.76    0  656 1563389.34 1204052.76  23.0%     -  105s
     0     0 1204820.25    0  677 1563389.34 1204820.25  22.9%     -  106s
     0     0 1204820.25    0  676 1563389.34 1204820.25  22.9%     -  106s
     0     0 1205356.33    0  613 1563389.34 1205356.33  22.9%     -  107s
     0     0 1205485.97    0  688 1563389.34 1205485.97  22.9%     -  108s
     0     0 1205519.81    0  636 1563389.34 1205519.81  22.9%     -  108s
     0     0 1205565.57    0  639 1563389.34 1205565.57  22.9%     -  109s
     0     0 1205588.96    0  661 1563389.34 1205588.96  22.9%     -  109s
     0     0 1205596.92    0  647 1563389.34 1205596.92  22.9%     -  109s
     0     0 1214663.58    0  593 1563389.34 1214663.58  22.3%     -  112s
     0     0 1216433.68    0  501 1563389.34 1216433.68  22.2%     -  116s
     0     0 1217283.61    0  548 1563389.34 1217283.61  22.1%     -  118s
     0     0 1217473.27    0  547 1563389.34 1217473.27  22.1%     -  118s
     0     0 1217551.48    0  556 1563389.34 1217551.48  22.1%     -  118s
     0     0 1217570.64    0  545 1563389.34 1217570.64  22.1%     -  118s
     0     0          -    0      1563389.34 1217570.64  22.1%     -  120s

Cutting planes:
  Learned: 6
  Gomory: 12
  Lift-and-project: 17
  Cover: 144
  Implied bound: 368
  Clique: 101
  MIR: 584
  Knapsack: 11
  StrongCG: 205
  Flow cover: 162
  GUB cover: 44
  Zero half: 7
  RLT: 419
  Relax-and-lift: 58
  BQP: 21

Explored 1 nodes (98141 simplex iterations) in 120.02 seconds (180.80 work units)
Thread count was 24 (of 24 available processors)

Solution count 10: 1.56339e+06 1.57268e+06 1.5735e+06 ... 1.58279e+06

Time limit reached
Best objective 1.563389340771e+06, best bound 1.217570637767e+06, gap 22.1198%
