
Gurobi 13.0.2 (linux64, Python) logging started Thu Aug 13 20:04:15 2026

Set parameter LogToConsole to value 0
Set parameter Username
Set parameter LicenseID to value 2748191
Set parameter TimeLimit to value 120
Set parameter LogFile to value "output/bz_nbr7008_043/weighted_loss/retail_y_2__retail_v_2__rolled_leftover_4/period_3/gurobi.log"
Academic license - for non-commercial use only - expires 2026-12-01
Gurobi Optimizer version 13.0.2 build v13.0.2rc1 (linux64 - "Debian GNU/Linux 13 (trixie)")

CPU model: 13th Gen Intel(R) Core(TM) i7-13700HX, instruction set [SSE2|AVX|AVX2]
Thread count: 24 physical cores, 24 logical processors, using up to 24 threads

Non-default parameters:
TimeLimit  120
LogToConsole  0

Optimize a model with 202363 rows, 135628 columns and 708046 nonzeros (Min)
Model fingerprint: 0xa9d0b9ac
Model has 54380 linear objective coefficients and an objective constant of 6.0782895291360014e+05
Variable types: 111760 continuous, 23868 integer (23868 binary)
Coefficient statistics:
  Matrix range     [1e-02, 1e+04]
  Objective range  [1e+01, 3e+05]
  Bounds range     [1e+00, 1e+00]
  RHS range        [1e-01, 4e+04]

Presolve removed 120779 rows and 83948 columns
Presolve time: 3.42s
Presolved: 81584 rows, 51680 columns, 814726 nonzeros
Variable types: 33808 continuous, 17872 integer (17827 binary)
Deterministic concurrent LP optimizer: primal simplex, dual simplex, and barrier
Showing barrier log only...

Root barrier log...

Ordering time: 0.40s

Barrier statistics:
 Dense cols : 24
 AA' NZ     : 7.108e+06
 Factor NZ  : 1.214e+07 (roughly 140 MB of memory)
 Factor Ops : 3.438e+09 (less than 1 second per iteration)
 Threads    : 21

                  Objective                Residual
Iter       Primal          Dual         Primal    Dual     Compl     Time
   0  -6.77841229e+09 -1.51631288e+10  2.78e+06 1.84e+02  4.13e+06     5s
   1  -4.14311903e+09 -1.37766572e+10  1.81e+06 3.75e+02  2.34e+06     5s
   2  -1.31898194e+09 -1.14913966e+10  5.46e+05 9.13e+01  7.56e+05     5s
   3  -3.78119099e+08 -5.44013238e+09  1.58e+05 3.59e+00  2.16e+05     5s
   4  -4.20928700e+07 -1.43827439e+09  2.09e+04 2.20e-10  3.07e+04     5s
   5   5.32158192e+06 -6.89575302e+08  2.78e+03 1.24e-10  7.32e+03     5s
   6   9.67790284e+06 -1.35834653e+08  1.10e+03 8.32e-11  1.59e+03     5s
   7   1.04305171e+07 -5.18059355e+07  7.19e+02 1.91e-11  7.13e+02     5s
   8   1.04775239e+07 -2.89451691e+07  2.69e+02 1.17e-11  3.64e+02     5s
   9   9.58366138e+06 -1.37493548e+07  1.73e+02 1.10e-11  2.10e+02     5s
  10   8.30545775e+06 -1.12139166e+07  8.36e+01 1.15e-11  1.59e+02     6s
  11   6.13516611e+06 -8.97893215e+06  4.20e+01 1.27e-11  1.17e+02     6s
  12   3.99006590e+06 -4.07820275e+06  2.12e+01 1.37e-11  6.17e+01     6s
  13   3.16361033e+06 -1.94858285e+06  1.46e+01 1.03e-11  3.94e+01     6s
  14   2.43233194e+06 -6.86269603e+05  8.49e+00 1.96e-11  2.42e+01     6s
  15   1.86201198e+06  3.63151993e+05  3.67e+00 1.86e-11  1.16e+01     6s
  16   1.64392428e+06  6.87717428e+05  2.21e+00 2.62e-11  7.38e+00     6s
  17   1.54604636e+06  8.15751237e+05  1.54e+00 2.04e-11  5.59e+00     6s
  18   1.49132110e+06  9.49172588e+05  1.21e+00 2.40e-11  4.19e+00     6s
  19   1.42101219e+06  1.01683857e+06  7.90e-01 2.43e-11  3.09e+00     6s
  20   1.36046888e+06  1.16224806e+06  3.66e-01 2.09e-11  1.51e+00     6s
  21   1.32439381e+06  1.24639721e+06  1.21e-01 2.85e-11  5.83e-01     6s
  22   1.31194452e+06  1.25744271e+06  5.23e-02 2.20e-11  3.98e-01     6s
  23   1.30945640e+06  1.27159985e+06  4.27e-02 2.38e-11  2.78e-01     6s
  24   1.30815930e+06  1.28491880e+06  3.04e-02 2.41e-11  1.72e-01     6s
  25   1.30318075e+06  1.29528886e+06  1.14e-02 2.13e-11  5.86e-02     6s
  26   1.30072170e+06  1.29696406e+06  4.53e-03 2.21e-11  2.77e-02     6s
  27   1.30027164e+06  1.29753756e+06  3.50e-03 2.57e-11  2.02e-02     7s
  28   1.29971558e+06  1.29794534e+06  2.28e-03 2.50e-11  1.31e-02     7s
  29   1.29950086e+06  1.29816020e+06  1.82e-03 1.86e-11  9.93e-03     7s
  30   1.29923144e+06  1.29827444e+06  1.27e-03 2.27e-11  7.08e-03     7s
  31   1.29912181e+06  1.29834914e+06  1.05e-03 2.51e-11  5.72e-03     7s
  32   1.29889507e+06  1.29849413e+06  5.85e-04 2.19e-11  2.98e-03     7s
  33   1.29878739e+06  1.29854175e+06  3.77e-04 2.35e-11  1.83e-03     7s
  34   1.29867019e+06  1.29856595e+06  1.58e-04 3.25e-11  7.78e-04     7s
  35   1.29863270e+06  1.29857746e+06  8.54e-05 2.22e-11  4.13e-04     7s
  36   1.29859384e+06  1.29858203e+06  1.81e-05 3.17e-11  8.83e-05     7s
  37   1.29858552e+06  1.29858266e+06  3.89e-06 2.13e-11  2.13e-05     7s
  38   1.29858436e+06  1.29858287e+06  4.42e-06 3.55e-11  1.11e-05     7s
  39   1.29858303e+06  1.29858295e+06  4.01e-07 2.11e-11  5.47e-07     7s
  40   1.29858299e+06  1.29858298e+06  4.11e-08 2.45e-11  4.37e-08     7s
  41   1.29858299e+06  1.29858299e+06  5.87e-08 2.56e-11  1.17e-09     7s

Barrier solved model in 41 iterations and 7.41 seconds (13.67 work units)
Optimal objective 1.29858299e+06


Root crossover log...

   47483 DPushes remaining with DInf 1.2716026e-03                 7s
       0 DPushes remaining with DInf 0.0000000e+00                 8s

      65 PPushes remaining with PInf 7.1948392e-05                 8s
       0 PPushes remaining with PInf 0.0000000e+00                 8s

  Push phase complete: Pinf 0.0000000e+00, Dinf 8.2720714e+01      8s


Root simplex log...

Iteration    Objective       Primal Inf.    Dual Inf.      Time
   29222    1.2985830e+06   0.000000e+00   8.272071e+01      8s
   29267    1.2985830e+06   0.000000e+00   0.000000e+00      8s
Crossover time: 0.35 seconds (0.47 work units)
Concurrent spin time: 0.16s

Solved with barrier
   29267    1.2985830e+06   0.000000e+00   0.000000e+00      8s

Root relaxation: objective 1.298583e+06, 29267 iterations, 4.28 seconds (6.50 work units)

    Nodes    |    Current Node    |     Objective Bounds      |     Work
 Expl Unexpl |  Obj  Depth IntInf | Incumbent    BestBd   Gap | It/Node Time

     0     0 1298582.99    0  204          - 1298582.99      -     -    8s
     0     0 1298584.63    0  221          - 1298584.63      -     -    8s
     0     0 1298584.69    0  221          - 1298584.69      -     -    8s
     0     0 1298584.85    0  219          - 1298584.85      -     -    8s
H    0     0                    2595086.2420 1298584.85  50.0%     -    9s
H    0     0                    2358796.1115 1298584.85  44.9%     -    9s
H    0     0                    2336511.6993 1298584.85  44.4%     -    9s
H    0     0                    2236492.1650 1298584.85  41.9%     -    9s
H    0     0                    2236431.2598 1298584.85  41.9%     -    9s
H    0     0                    2073076.0853 1298584.85  37.4%     -    9s
H    0     0                    2072971.9235 1298584.85  37.4%     -    9s
H    0     0                    2029038.8581 1298584.85  36.0%     -   10s
H    0     0                    2028783.1924 1298584.85  36.0%     -   10s
H    0     0                    2016359.6669 1298584.85  35.6%     -   10s
H    0     0                    2015672.3960 1298584.85  35.6%     -   11s
H    0     0                    2015435.6483 1298584.85  35.6%     -   11s
H    0     0                    1993758.0165 1298584.85  34.9%     -   11s
H    0     0                    1993754.9712 1298584.85  34.9%     -   11s
H    0     0                    1970579.4983 1298584.85  34.1%     -   13s
H    0     0                    1962645.0702 1298584.85  33.8%     -   15s
H    0     0                    1904002.7354 1298584.85  31.8%     -   15s
H    0     0                    1872848.6421 1298584.85  30.7%     -   15s
H    0     0                    1872845.5969 1298584.85  30.7%     -   15s
H    0     0                    1872608.8492 1298584.85  30.7%     -   15s
H    0     0                    1859693.0415 1298584.85  30.2%     -   16s
H    0     0                    1841005.3344 1298584.85  29.5%     -   19s
H    0     0                    1835461.3958 1298584.85  29.3%     -   19s
H    0     0                    1829487.0291 1298584.85  29.0%     -   19s
H    0     0                    1821418.9049 1298584.85  28.7%     -   19s
H    0     0                    1821138.7910 1298584.85  28.7%     -   19s
H    0     0                    1811161.9785 1299760.24  28.2%     -   20s
H    0     0                    1811158.9333 1299760.24  28.2%     -   20s
     0     0 1299760.24    0  206 1811158.93 1299760.24  28.2%     -   20s
H    0     0                    1800144.3803 1299760.30  27.8%     -   21s
H    0     0                    1798301.9146 1299760.30  27.7%     -   21s
H    0     0                    1797194.7125 1299760.30  27.7%     -   21s
H    0     0                    1796223.9538 1299760.30  27.6%     -   21s
H    0     0                    1795691.9329 1299760.30  27.6%     -   21s
H    0     0                    1795654.5083 1299760.30  27.6%     -   21s
     0     0 1300703.38    0  174 1795654.51 1300703.38  27.6%     -   23s
     0     0 1300704.26    0  174 1795654.51 1300704.26  27.6%     -   23s
H    0     0                    1783733.1551 1300704.26  27.1%     -   24s
H    0     0                    1781993.4680 1300704.26  27.0%     -   24s
     0     0 1305589.45    0  201 1781993.47 1305589.45  26.7%     -   25s
     0     0 1305611.08    0  220 1781993.47 1305611.08  26.7%     -   25s
     0     0 1305613.74    0  243 1781993.47 1305613.74  26.7%     -   25s
     0     0 1305613.83    0  224 1781993.47 1305613.83  26.7%     -   25s
     0     0 1309675.65    0  311 1781993.47 1309675.65  26.5%     -   28s
H    0     0                    1770306.9768 1309676.16  26.0%     -   29s
H    0     0                    1761899.3625 1309676.16  25.7%     -   29s
H    0     0                    1753846.9362 1309676.16  25.3%     -   29s
H    0     0                    1739868.7192 1309676.16  24.7%     -   29s
     0     0 1309920.70    0  270 1739868.72 1309920.70  24.7%     -   30s
     0     0 1309924.64    0  278 1739868.72 1309924.64  24.7%     -   30s
     0     0 1309968.79    0  306 1739868.72 1309968.79  24.7%     -   30s
H    0     0                    1715939.8664 1321083.85  23.0%     -   35s
H    0     0                    1715939.8660 1321083.85  23.0%     -   35s
     0     0 1321083.85    0  328 1715939.87 1321083.85  23.0%     -   35s
     0     0 1321083.89    0  328 1715939.87 1321083.89  23.0%     -   35s
     0     0 1321083.89    0  330 1715939.87 1321083.89  23.0%     -   35s
     0     0 1321083.90    0  328 1715939.87 1321083.90  23.0%     -   35s
     0     0 1322175.59    0  329 1715939.87 1322175.59  22.9%     -   37s
     0     0 1322177.73    0  325 1715939.87 1322177.73  22.9%     -   37s
     0     0 1322459.95    0  331 1715939.87 1322459.95  22.9%     -   37s
     0     0 1322460.04    0  314 1715939.87 1322460.04  22.9%     -   37s
     0     0 1323188.72    0  328 1715939.87 1323188.72  22.9%     -   37s
     0     0 1323430.60    0  320 1715939.87 1323430.60  22.9%     -   38s
     0     0 1323430.60    0  307 1715939.87 1323430.60  22.9%     -   38s
H    0     0                    1715532.2622 1328589.71  22.6%     -   41s
H    0     0                    1709970.4513 1328589.71  22.3%     -   41s
     0     0 1328589.71    0  320 1709970.45 1328589.71  22.3%     -   41s
     0     0 1329524.89    0  336 1709970.45 1329524.89  22.2%     -   42s
     0     0 1329739.06    0  332 1709970.45 1329739.06  22.2%     -   43s
     0     0 1329774.46    0  307 1709970.45 1329774.46  22.2%     -   43s
     0     0 1329897.14    0  299 1709970.45 1329897.14  22.2%     -   43s
     0     0 1329918.19    0  336 1709970.45 1329918.19  22.2%     -   43s
     0     0 1329921.20    0  337 1709970.45 1329921.20  22.2%     -   43s
H    0     0                    1709332.6164 1329921.20  22.2%     -   44s
     0     0 1334516.58    0  394 1709332.62 1334516.58  21.9%     -   45s
     0     0 1334521.63    0  393 1709332.62 1334521.63  21.9%     -   45s
     0     0 1335013.20    0  358 1709332.62 1335013.20  21.9%     -   46s
     0     0 1335083.10    0  376 1709332.62 1335083.10  21.9%     -   46s
     0     0 1335099.75    0  361 1709332.62 1335099.75  21.9%     -   46s
     0     0 1335107.26    0  363 1709332.62 1335107.26  21.9%     -   46s
     0     0 1338227.97    0  378 1709332.62 1338227.97  21.7%     -   47s
     0     0 1338277.28    0  376 1709332.62 1338277.28  21.7%     -   48s
H    0     0                    1699768.0457 1338288.38  21.3%     -   48s
H    0     0                    1696911.7349 1338288.38  21.1%     -   48s
     0     0 1338998.48    0  381 1696911.73 1338998.48  21.1%     -   49s
     0     0 1339088.65    0  379 1696911.73 1339088.65  21.1%     -   49s
     0     0 1339109.41    0  383 1696911.73 1339109.41  21.1%     -   49s
     0     0 1342938.58    0  402 1696911.73 1342938.58  20.9%     -   51s
     0     0 1344175.44    0  438 1696911.73 1344175.44  20.8%     -   52s
     0     0 1344454.03    0  367 1696911.73 1344454.03  20.8%     -   52s
     0     0 1344498.63    0  409 1696911.73 1344498.63  20.8%     -   52s
     0     0 1344499.90    0  409 1696911.73 1344499.90  20.8%     -   52s
     0     0 1346915.25    0  377 1696911.73 1346915.25  20.6%     -   54s
H    0     0                    1694972.0421 1346946.93  20.5%     -   54s
H    0     0                    1693583.8132 1346946.93  20.5%     -   55s
H    0     0                    1692810.1565 1346946.93  20.4%     -   55s
H    0     0                    1686978.4233 1346946.93  20.2%     -   55s
H    0     0                    1681928.7127 1346946.93  19.9%     -   56s
H    0     0                    1681550.3080 1346946.93  19.9%     -   56s
H    0     0                    1681550.2242 1346946.93  19.9%     -   56s
H    0     0                    1675511.9951 1346946.93  19.6%     -   56s
H    0     0                    1675267.1967 1346946.93  19.6%     -   56s
H    0     0                    1667065.0085 1346946.93  19.2%     -   56s
H    0     0                    1665343.7064 1346946.93  19.1%     -   57s
     0     0 1347188.72    0  404 1665343.71 1347188.72  19.1%     -   57s
     0     0 1347244.13    0  404 1665343.71 1347244.13  19.1%     -   57s
     0     0 1347253.90    0  401 1665343.71 1347253.90  19.1%     -   57s
     0     0 1347259.63    0  418 1665343.71 1347259.63  19.1%     -   58s
     0     0 1348816.73    0  370 1665343.71 1348816.73  19.0%     -   59s
     0     0 1349138.73    0  414 1665343.71 1349138.73  19.0%     -   60s
     0     0 1349215.34    0  389 1665343.71 1349215.34  19.0%     -   60s
     0     0 1349217.20    0  415 1665343.71 1349217.20  19.0%     -   60s
     0     0 1351005.76    0  403 1665343.71 1351005.76  18.9%     -   61s
H    0     0                    1665244.8191 1351014.01  18.9%     -   62s
H    0     0                    1665241.3173 1351014.01  18.9%     -   62s
H    0     0                    1660829.2464 1351014.01  18.7%     -   62s
H    0     0                    1660825.7446 1351014.01  18.7%     -   62s
     0     0 1351154.44    0  412 1660825.74 1351154.44  18.6%     -   63s
     0     0 1351221.44    0  423 1660825.74 1351221.44  18.6%     -   63s
     0     0 1351224.45    0  421 1660825.74 1351224.45  18.6%     -   63s
     0     0 1352286.00    0  389 1660825.74 1352286.00  18.6%     -   64s
     0     0 1352369.05    0  353 1660825.74 1352369.05  18.6%     -   65s
     0     0 1352400.17    0  371 1660825.74 1352400.17  18.6%     -   65s
     0     0 1352407.56    0  388 1660825.74 1352407.56  18.6%     -   65s
     0     0 1353194.54    0  333 1660825.74 1353194.54  18.5%     -   66s
H    0     0                    1660797.3505 1353198.26  18.5%     -   67s
H    0     0                    1659084.7185 1353198.26  18.4%     -   67s
     0     0 1353303.89    0  336 1659084.72 1353303.89  18.4%     -   68s
     0     0 1353344.86    0  344 1659084.72 1353344.86  18.4%     -   68s
     0     0 1353345.18    0  348 1659084.72 1353345.18  18.4%     -   68s
     0     0 1354158.57    0  274 1659084.72 1354158.57  18.4%     -   69s
     0     0 1354228.99    0  369 1659084.72 1354228.99  18.4%     -   70s
     0     0 1354241.84    0  353 1659084.72 1354241.84  18.4%     -   70s
     0     0 1354251.99    0  340 1659084.72 1354251.99  18.4%     -   70s
     0     0 1356267.92    0  372 1659084.72 1356267.92  18.3%     -   72s
H    0     0                    1659056.3244 1356271.98  18.3%     -   72s
H    0     0                    1655254.2284 1356271.98  18.1%     -   72s
H    0     0                    1651622.5638 1356271.98  17.9%     -   73s
     0     0 1356684.18    0  453 1651622.56 1356684.18  17.9%     -   73s
     0     0 1356779.29    0  426 1651622.56 1356779.29  17.9%     -   74s
     0     0 1356802.48    0  452 1651622.56 1356802.48  17.9%     -   74s
     0     0 1356808.07    0  458 1651622.56 1356808.07  17.8%     -   74s
H    0     0                    1650700.5071 1356808.07  17.8%     -   75s
H    0     0                    1639656.0944 1357764.35  17.2%     -   76s
H    0     0                    1636669.3085 1357764.35  17.0%     -   76s
     0     0 1357764.35    0  407 1636669.31 1357764.35  17.0%     -   76s
     0     0 1357977.85    0  421 1636669.31 1357977.85  17.0%     -   76s
     0     0 1358038.85    0  394 1636669.31 1358038.85  17.0%     -   77s
     0     0 1358055.07    0  404 1636669.31 1358055.07  17.0%     -   77s
     0     0 1358066.45    0  401 1636669.31 1358066.45  17.0%     -   77s
     0     0 1358070.12    0  404 1636669.31 1358070.12  17.0%     -   77s
     0     0 1361403.32    0  399 1636669.31 1361403.32  16.8%     -   79s
     0     0 1361963.69    0  376 1636669.31 1361963.69  16.8%     -   82s
     0     0 1362105.42    0  394 1636669.31 1362105.42  16.8%     -   82s
     0     0 1362177.56    0  365 1636669.31 1362177.56  16.8%     -   82s
     0     0 1362188.58    0  448 1636669.31 1362188.58  16.8%     -   83s
     0     0 1363967.45    0  385 1636669.31 1363967.45  16.7%     -   84s
     0     0 1364340.73    0  476 1636669.31 1364340.73  16.6%     -   85s
     0     0 1364401.14    0  456 1636669.31 1364401.14  16.6%     -   85s
     0     0 1364414.74    0  505 1636669.31 1364414.74  16.6%     -   85s
     0     0 1364415.24    0  505 1636669.31 1364415.24  16.6%     -   86s
     0     0 1365532.86    0  501 1636669.31 1365532.86  16.6%     -   87s
H    0     0                    1636584.6329 1365652.79  16.6%     -   94s
     0     0 1365652.79    0  486 1636584.63 1365652.79  16.6%     -   94s
     0     0 1365684.22    0  518 1636584.63 1365684.22  16.6%     -   94s
     0     0 1365702.13    0  508 1636584.63 1365702.13  16.6%     -   94s
     0     0 1365710.45    0  526 1636584.63 1365710.45  16.6%     -   94s
     0     0 1366513.33    0  487 1636584.63 1366513.33  16.5%     -   96s
H    0     0                    1632719.4321 1366584.90  16.3%     -   97s
H    0     0                    1622846.3292 1366817.64  15.8%     -   98s
H    0     0                    1622655.4226 1366817.64  15.8%     -   98s
     0     0 1366817.64    0  482 1622655.42 1366817.64  15.8%     -   98s
     0     0 1366817.64    0  483 1622655.42 1366817.64  15.8%     -   98s
     0     0 1366934.37    0  500 1622655.42 1366934.37  15.8%     -   99s
     0     0 1367001.04    0  467 1622655.42 1367001.04  15.8%     -   99s
     0     0 1367071.08    0  506 1622655.42 1367071.08  15.8%     -   99s
     0     0 1367107.11    0  479 1622655.42 1367107.11  15.7%     -  100s
     0     0 1367126.44    0  498 1622655.42 1367126.44  15.7%     -  100s
     0     0 1367127.97    0  503 1622655.42 1367127.97  15.7%     -  100s
     0     0 1368779.13    0  462 1622655.42 1368779.13  15.6%     -  102s
H    0     0                    1622131.8396 1368800.67  15.6%     -  102s
H    0     0                    1617668.2789 1368800.67  15.4%     -  102s
H    0     0                    1617338.4129 1368800.67  15.4%     -  102s
H    0     0                    1616143.2271 1368800.67  15.3%     -  103s
     0     0 1369762.14    0  351 1616143.23 1369762.14  15.2%     -  104s
     0     0 1369955.94    0  405 1616143.23 1369955.94  15.2%     -  104s
     0     0 1370086.05    0  381 1616143.23 1370086.05  15.2%     -  105s
     0     0 1370157.24    0  406 1616143.23 1370157.24  15.2%     -  105s
     0     0 1370220.49    0  401 1616143.23 1370220.49  15.2%     -  105s
     0     0 1370228.89    0  468 1616143.23 1370228.89  15.2%     -  106s
     0     0 1372105.01    0  338 1616143.23 1372105.01  15.1%     -  107s
     0     0 1372691.46    0  413 1616143.23 1372691.46  15.1%     -  108s
     0     0 1372793.30    0  428 1616143.23 1372793.30  15.1%     -  109s
     0     0 1372806.85    0  475 1616143.23 1372806.85  15.1%     -  109s
     0     0 1374257.86    0  471 1616143.23 1374257.86  15.0%     -  111s
H    0     0                    1615109.2020 1374406.88  14.9%     -  112s
     0     0 1374552.75    0  561 1615109.20 1374552.75  14.9%     -  112s
     0     0 1374679.88    0  481 1615109.20 1374679.88  14.9%     -  113s
     0     0 1374729.18    0  482 1615109.20 1374729.18  14.9%     -  113s
     0     0 1374729.86    0  499 1615109.20 1374729.86  14.9%     -  113s
     0     0 1376010.40    0  436 1615109.20 1376010.40  14.8%     -  115s
H    0     0                    1615065.7656 1376030.04  14.8%     -  116s
H    0     0                    1615016.9262 1376030.04  14.8%     -  117s

Cutting planes:
  Learned: 6
  Gomory: 35
  Lift-and-project: 24
  Cover: 113
  Implied bound: 212
  Clique: 85
  MIR: 482
  Knapsack: 19
  StrongCG: 140
  Flow cover: 191
  GUB cover: 38
  Zero half: 7
  Network: 2
  RLT: 347
  Relax-and-lift: 101
  BQP: 15

Explored 1 nodes (83617 simplex iterations) in 120.04 seconds (171.34 work units)
Thread count was 24 (of 24 available processors)

Solution count 10: 1.61502e+06 1.61502e+06 1.61507e+06 ... 1.62285e+06

Time limit reached
Best objective 1.615016926174e+06, best bound 1.376030036599e+06, gap 14.7978%
