
Gurobi 13.0.2 (linux64, Python) logging started Thu May 28 01:36:35 2026

Set parameter LogToConsole to value 0
Set parameter Username
Set parameter LicenseID to value 2748191
Set parameter TimeLimit to value 600
Set parameter LogFile to value "output/bf_qcv_045/period_1/gurobi.log"
Academic license - for non-commercial use only - expires 2026-12-01
Gurobi Optimizer version 13.0.2 build v13.0.2rc1 (linux64 - "Debian GNU/Linux 13 (trixie)")

CPU model: 13th Gen Intel(R) Core(TM) i7-13700HX, instruction set [SSE2|AVX|AVX2]
Thread count: 24 physical cores, 24 logical processors, using up to 24 threads

Non-default parameters:
TimeLimit  600
LogToConsole  0

Optimize a model with 62480 rows, 49980 columns and 166260 nonzeros (Min)
Model fingerprint: 0x8ed11c6d
Model has 255 linear objective coefficients
Variable types: 40290 continuous, 9690 integer (9690 binary)
Coefficient statistics:
  Matrix range     [1e-02, 1e+04]
  Objective range  [2e+04, 5e+04]
  Bounds range     [1e+00, 1e+00]
  RHS range        [4e-01, 1e+05]

Presolve removed 44697 rows and 35754 columns
Presolve time: 0.26s
Presolved: 17783 rows, 14226 columns, 75111 nonzeros
Variable types: 9399 continuous, 4827 integer (4827 binary)
Found heuristic solution: objective 9424647.7538
Found heuristic solution: objective 9381180.7117
Found heuristic solution: objective 9358894.7642

Root relaxation: objective 1.612275e+06, 11012 iterations, 0.37 seconds (0.96 work units)

    Nodes    |    Current Node    |     Objective Bounds      |     Work
 Expl Unexpl |  Obj  Depth IntInf | Incumbent    BestBd   Gap | It/Node Time

     0     0 1612274.88    0   14 9358894.76 1612274.88  82.8%     -    0s
H    0     0                    1696158.4788 1612274.88  4.95%     -    0s
H    0     0                    1686943.9868 1612274.88  4.43%     -    0s
H    0     0                    1679096.4200 1612274.88  3.98%     -    0s
H    0     0                    1673363.0138 1612274.88  3.65%     -    0s
H    0     0                    1673051.4655 1612274.88  3.63%     -    0s
H    0     0                    1669724.1649 1612274.88  3.44%     -    0s
H    0     0                    1644504.4858 1612274.88  1.96%     -    0s
H    0     0                    1636370.9162 1612274.88  1.47%     -    1s
H    0     0                    1632064.8248 1612274.88  1.21%     -    1s
     0     0 1612274.99    0   17 1632064.82 1612274.99  1.21%     -    1s
H    0     0                    1630995.0857 1612274.99  1.15%     -    1s
H    0     0                    1630337.4336 1612274.99  1.11%     -    1s
H    0     0                    1630004.9686 1612274.99  1.09%     -    1s
     0     0 1612275.06    0   17 1630004.97 1612275.06  1.09%     -    1s
     0     0 1612275.06    0   23 1630004.97 1612275.06  1.09%     -    1s
H    0     0                    1629990.7986 1612275.06  1.09%     -    1s
     0     0 1612275.06    0   21 1629990.80 1612275.06  1.09%     -    1s
H    0     0                    1627730.1042 1612275.06  0.95%     -    1s
     0     0 1612275.06    0   27 1627730.10 1612275.06  0.95%     -    1s
     0     0 1612275.06    0   20 1627730.10 1612275.06  0.95%     -    2s
     0     0 1612275.06    0   25 1627730.10 1612275.06  0.95%     -    2s
     0     0 1612275.09    0   25 1627730.10 1612275.09  0.95%     -    2s
     0     0 1612275.11    0   30 1627730.10 1612275.11  0.95%     -    2s
     0     0 1612275.13    0   19 1627730.10 1612275.13  0.95%     -    2s
     0     0 1612275.14    0   21 1627730.10 1612275.14  0.95%     -    2s
     0     0 1612275.14    0   21 1627730.10 1612275.14  0.95%     -    2s
     0     0 1612275.14    0   21 1627730.10 1612275.14  0.95%     -    2s
     0     0 1612275.14    0   13 1627730.10 1612275.14  0.95%     -    2s
     0     0 1612275.40    0   13 1627730.10 1612275.40  0.95%     -    3s
     0     0 1612275.40    0   18 1627730.10 1612275.40  0.95%     -    3s
H    0     0                    1627618.9613 1612275.40  0.94%     -    4s
     0     0 1612275.40    0   18 1627618.96 1612275.40  0.94%     -    4s
     0     0 1612275.40    0   27 1627618.96 1612275.40  0.94%     -    4s
     0     0 1612275.40    0   22 1627618.96 1612275.40  0.94%     -    4s
     0     0 1612275.40    0   30 1627618.96 1612275.40  0.94%     -    4s
     0     0 1612275.40    0   28 1627618.96 1612275.40  0.94%     -    4s
     0     0 1612275.40    0   43 1627618.96 1612275.40  0.94%     -    4s
     0     0 1612275.40    0   38 1627618.96 1612275.40  0.94%     -    4s
     0     0 1612275.40    0   23 1627618.96 1612275.40  0.94%     -    4s
     0     0 1612275.40    0   23 1627618.96 1612275.40  0.94%     -    5s
     0     0 1612275.40    0   25 1627618.96 1612275.40  0.94%     -    5s
     0     0 1612275.40    0   25 1627618.96 1612275.40  0.94%     -    5s
     0     0 1612275.40    0   25 1627618.96 1612275.40  0.94%     -    5s
     0     0 1612275.40    0   16 1627618.96 1612275.40  0.94%     -    5s
     0     2 1612275.61    0   15 1627618.96 1612275.61  0.94%     -    5s
H  202   408                    1627381.9896 1612275.61  0.93%  31.3    7s
H  298   408                    1626714.3222 1612275.61  0.89%  22.7    7s
H 3096  3808                    1620933.9287 1612275.61  0.53%   7.7    9s
H 5297  6001                    1620491.8385 1612275.61  0.51%   8.7   10s
H 5374  5903                    1616291.1469 1612275.61  0.25%   8.7   10s
H 5480  5892                    1616144.9874 1612275.61  0.24%   8.7   10s
H 5509  5713                    1615366.3867 1612275.61  0.19%   8.8   10s
H 6074  5615                    1615223.5320 1612275.61  0.18%   9.1   10s
H 8451  8149                    1614535.7977 1612275.64  0.14%   8.5   11s
H 9910  7704                    1614245.7838 1612275.64  0.12%   8.4   11s
H10056  7678                    1614244.5641 1612275.70  0.12%   8.4   11s
 11965  9140 1612378.13  184   11 1614244.56 1612282.42  0.12%   8.3   15s
H12049  8758                    1614015.7983 1612282.52  0.11%   8.6   15s
H17827 10371                    1613897.5526 1612282.52  0.10%   8.3   18s
 25957 14229 1613008.38   74   28 1613897.55 1612282.52  0.10%   7.7   20s
H34982 17790                    1613874.3899 1612282.99  0.10%   8.8   24s
 38339 19910 1613568.08  124   12 1613874.39 1612283.03  0.10%   9.0   25s
 75431 39524 1612287.85   90   23 1613874.39 1612283.39  0.10%   8.0   30s
 77642 39539 1612288.05   89   28 1613874.39 1612283.39  0.10%   7.9   35s
 77678 39563 1612286.05   75   36 1613874.39 1612283.60  0.10%   7.9   40s
 77705 39581 1612287.56   62   32 1613874.39 1612283.78  0.10%   7.9   45s
 77732 39599 1612290.85   81   32 1613874.39 1612283.90  0.10%   7.9   50s
 77759 39617 1613846.63   68   45 1613874.39 1612283.97  0.10%   7.9   55s
 77787 39636 1612285.04   36   47 1613874.39 1612284.01  0.10%   7.9   60s
 77808 39650 1612948.18   97   45 1613874.39 1612284.06  0.10%   7.9   65s
 79984 43306 1612286.53   86   17 1613874.39 1612284.06  0.10%   8.1   70s
H89115 42864                    1613874.1487 1612284.06  0.10%   8.2   71s
H90891 41775                    1613873.3294 1612284.06  0.10%   8.2   73s
 100531 46347 1612300.97  130   13 1613873.33 1612284.06  0.10%   8.2   75s
H120840 53544                    1613873.0881 1612284.06  0.10%   8.1   77s
 136967 61345 1612295.93  211   15 1613873.09 1612284.06  0.10%   7.7   80s
 184218 99621 1612284.43  118   18 1613873.09 1612284.06  0.10%   6.9   86s
H202218 98646                    1613864.5508 1612284.06  0.10%   6.6   86s
 242443 125159 1613314.52  169   13 1613864.55 1612284.06  0.10%   6.2   90s
 262995 157152 1612584.65   89   20 1613864.55 1612284.06  0.10%   6.1   95s
H291692 161369                    1613864.4317 1612284.06  0.10%   5.9   97s
 308208 173710 1612290.20   68   15 1613864.43 1612284.06  0.10%   5.9  100s
H344734 199760                    1613864.3096 1612284.06  0.10%   5.7  103s
 362457 214956 1612285.91   91   20 1613864.31 1612284.06  0.10%   5.6  105s
 404732 244012     cutoff  142      1613864.31 1612284.06  0.10%   5.5  110s
H410477 247205                    1613862.2176 1612284.06  0.10%   5.5  110s
H436580 267819                    1613861.9763 1612284.06  0.10%   5.4  112s
 457010 282845 infeasible  106      1613861.98 1612284.06  0.10%   5.3  115s
 498950 313325 infeasible  158      1613861.98 1612284.06  0.10%   5.2  120s
 553993 353479 1612286.11  126   12 1613861.98 1612284.06  0.10%   5.1  125s
 612654 398593 1612284.06   69   18 1613861.98 1612284.06  0.10%   5.0  130s
 635876 415691 1613761.64  174   11 1613861.98 1612284.06  0.10%   5.0  135s
 665355 441132     cutoff  187      1613861.98 1612284.06  0.10%   5.0  140s
 720645 482980 1612284.06   76   19 1613861.98 1612284.06  0.10%   4.9  145s
 780289 527264 1612284.06   97   19 1613861.98 1612284.06  0.10%   4.8  150s
 836046 567795 1612289.68  117   21 1613861.98 1612284.06  0.10%   4.8  155s
 893353 607029 1612299.95  137   19 1613861.98 1612284.06  0.10%   4.8  160s
 942227 643376 1612284.72   83   22 1613861.98 1612284.06  0.10%   4.7  165s
 984522 689657     cutoff  124      1613861.98 1612284.06  0.10%   4.7  170s
H1009616 690352                    1613861.5282 1612284.06  0.10%   4.7  172s
H1026389 702431                    1613861.1043 1612284.06  0.10%   4.7  174s
 1032376 708578     cutoff  141      1613861.10 1612284.06  0.10%   4.7  175s
 1079745 741833 1612287.62  154   18 1613861.10 1612284.06  0.10%   4.7  180s
H1084334 737387                    1613838.5138 1612284.06  0.10%   4.7  180s
 1137191 778042 1612284.06   71   15 1613838.51 1612284.06  0.10%   4.7  185s
H1148408 783935                    1613838.5134 1612284.06  0.10%   4.7  186s
 1180004 808684 1612290.58  142   25 1613838.51 1612284.06  0.10%   4.7  190s
H1201512 823388                    1613838.2725 1612284.06  0.10%   4.6  192s
 1243229 855364 1612284.06  113   20 1613838.27 1612284.06  0.10%   4.6  195s
 1244289 873054 1612608.71  165   15 1613838.27 1612284.06  0.10%   4.6  202s
H1260289 854618                    1613816.7261 1612284.06  0.09%   4.6  202s
H1269551 857257                    1613816.4848 1612284.06  0.09%   4.6  202s
H1269551 857247                    1613816.3527 1612284.06  0.09%   4.6  202s
 1284360 868222 1612295.65  119   34 1613816.35 1612284.06  0.09%   4.6  205s
 1299431 878921 1612284.69   66   11 1613816.35 1612284.06  0.09%   4.6  210s
 1352831 917225 1612285.43  119   20 1613816.35 1612284.06  0.09%   4.6  215s
 1422015 964063 1612453.92  158   14 1613816.35 1612284.06  0.09%   4.5  220s
 1480522 1011263 1612286.25  120   14 1613816.35 1612284.06  0.09%   4.5  225s
 1542157 1056918 1612285.09  115   18 1613816.35 1612284.06  0.09%   4.5  230s
 1588493 1092078 1612284.06   82   22 1613816.35 1612284.06  0.09%   4.5  235s
H1606440 1102847                    1613816.2205 1612284.06  0.09%   4.5  236s
 1639458 1129291 1612284.06   77   15 1613816.22 1612284.06  0.09%   4.5  240s
 1701449 1175661 1612284.06   63   25 1613816.22 1612284.06  0.09%   4.5  245s
 1757618 1215049 1612287.35  127   17 1613816.22 1612284.06  0.09%   4.5  250s
 1827198 1268853 1612298.71  111   14 1613816.22 1612284.06  0.09%   4.5  255s
 1852320 1301975 1612284.06   74   25 1613816.22 1612284.06  0.09%   4.4  261s
 1908778 1329741 1612284.06   67   23 1613816.22 1612284.06  0.09%   4.4  265s
 1966294 1370774 1613316.85  164   18 1613816.22 1612284.06  0.09%   4.4  270s
 2024484 1417118 1612284.78   69   21 1613816.22 1612284.06  0.09%   4.4  275s
 2085348 1477807 1612701.52  151   17 1613816.22 1612284.06  0.09%   4.4  282s
 2133353 1496451 1612284.06   96   25 1613816.22 1612284.06  0.09%   4.4  285s
 2185230 1532326 1612284.52   63   15 1613816.22 1612284.06  0.09%   4.4  290s
 2227096 1559730 1613530.97  256   18 1613816.22 1612284.06  0.09%   4.4  295s
 2274683 1593430 1612295.39   81   18 1613816.22 1612284.06  0.09%   4.4  300s
 2286274 1601119 1612284.06  102   21 1613816.22 1612284.06  0.09%   4.4  305s
 2290210 1604295 1612284.06  107   17 1613816.22 1612284.06  0.09%   4.4  310s
 2293969 1607733 1612284.06  111   17 1613816.22 1612284.06  0.09%   4.4  316s
 2302939 1614483 1612284.06  115   17 1613816.22 1612284.06  0.09%   4.4  320s
H2304017 1605897                    1613780.0255 1612284.06  0.09%   4.4  320s
H2311301 1613007                    1613779.7842 1612284.06  0.09%   4.4  322s
 2337483 1632427 1612284.06   60   16 1613779.78 1612284.06  0.09%   4.4  325s
H2366635 1652384                    1613779.5199 1612284.06  0.09%   4.4  327s
 2387467 1668965     cutoff  171      1613779.52 1612284.06  0.09%   4.4  330s
 2435619 1702903 1612292.05  143   15 1613779.52 1612284.06  0.09%   4.4  335s
 2495075 1746538     cutoff  126      1613779.52 1612284.06  0.09%   4.4  340s
 2550898 1788858 1612284.61   79   17 1613779.52 1612284.06  0.09%   4.4  345s
 2606830 1827851 1612293.53  128   20 1613779.52 1612284.06  0.09%   4.4  350s
 2619811 1836933 1612289.58   96   24 1613779.52 1612284.06  0.09%   4.4  355s
 2655257 1862321 1612284.09   54   26 1613779.52 1612284.06  0.09%   4.4  360s
 2715926 1908870 1613129.18  132   14 1613779.52 1612284.06  0.09%   4.4  365s
 2776347 1952644 1612292.25  152   21 1613779.52 1612284.06  0.09%   4.4  370s
 2830608 1988715 1612357.30  154   17 1613779.52 1612284.06  0.09%   4.4  375s
 2885044 2029703 1612367.35  112   24 1613779.52 1612284.06  0.09%   4.4  380s
 2954128 2081309 1612284.06   84   16 1613779.52 1612284.06  0.09%   4.4  385s
 3018035 2129923 1613442.96  140   11 1613779.52 1612284.06  0.09%   4.4  390s
 3083261 2175766 1612291.87  173   22 1613779.52 1612284.06  0.09%   4.4  395s
 3149512 2226205 1612454.60  155   18 1613779.52 1612284.06  0.09%   4.4  400s
 3201677 2268665 1612289.61  148   20 1613779.52 1612284.06  0.09%   4.4  405s
 3259159 2310137 1612284.44   53   15 1613779.52 1612284.06  0.09%   4.3  410s
 3317423 2355797 1612286.40  112   20 1613779.52 1612284.06  0.09%   4.3  415s
 3369121 2393157 1612284.06  141   19 1613779.52 1612284.06  0.09%   4.3  420s
 3382811 2401726 1612285.23   79   13 1613779.52 1612284.06  0.09%   4.3  425s
 3426285 2433557 1612284.12   97   21 1613779.52 1612284.06  0.09%   4.3  430s
 3486889 2476967 1612287.87  123   16 1613779.52 1612284.06  0.09%   4.3  435s
 3547312 2521758 1612758.15  162   14 1613779.52 1612284.06  0.09%   4.3  440s
 3605971 2564018 1612284.06  120   20 1613779.52 1612284.06  0.09%   4.3  445s
 3664595 2605184 1612287.15   76   17 1613779.52 1612284.06  0.09%   4.3  450s
 3715741 2642319 1612284.45   87   14 1613779.52 1612284.06  0.09%   4.3  455s
 3775269 2685103 1612284.06   70   30 1613779.52 1612284.06  0.09%   4.3  460s
 3833269 2726072 1612297.72  151   13 1613779.52 1612284.06  0.09%   4.3  465s
 3889264 2765215 1612284.06  100   17 1613779.52 1612284.06  0.09%   4.3  470s
H3892357 2758365                    1613775.5180 1612284.06  0.09%   4.3  470s
H3902309 2765723                    1613775.2768 1612284.06  0.09%   4.3  471s
 3940205 2790701 1612284.06   55   19 1613775.28 1612284.06  0.09%   4.3  475s
 3944197 2795757 1612284.06   89   17 1613775.28 1612284.06  0.09%   4.3  480s
 3990456 2826799 1612284.06   61   23 1613775.28 1612284.06  0.09%   4.3  485s
 4036721 2869193 1612284.06   55   21 1613775.28 1612284.06  0.09%   4.3  490s
 4104668 2910859 1612328.81   91   17 1613775.28 1612284.06  0.09%   4.3  495s
 4161058 2953851 1612584.76  109   17 1613775.28 1612284.06  0.09%   4.3  500s
H4200773 2980188                    1613775.2035 1612284.06  0.09%   4.3  503s
 4206483 2983435 1612285.88  173   17 1613775.20 1612284.06  0.09%   4.3  505s
H4212994 2971130                    1613772.6253 1612284.06  0.09%   4.3  506s
 4251591 2998744 1612284.06  130   19 1613772.63 1612284.06  0.09%   4.3  510s
 4304161 3034710 1613286.81  225    9 1613772.63 1612284.06  0.09%   4.3  515s
H4331456 3053519                    1613772.2442 1612284.06  0.09%   4.3  518s
 4345114 3062417 1612285.05   97   17 1613772.24 1612284.06  0.09%   4.3  520s
 4400181 3104506 1613617.03  134   12 1613772.24 1612284.06  0.09%   4.3  525s
 4430901 3125136 1612284.06   94   18 1613772.24 1612284.06  0.09%   4.3  530s
 4488744 3169449 1612284.06  140   21 1613772.24 1612284.06  0.09%   4.3  535s
 4543061 3206308     cutoff  157      1613772.24 1612284.06  0.09%   4.3  540s
 4604035 3250381 1612286.29  118   16 1613772.24 1612284.06  0.09%   4.3  545s
 4654670 3288969 1612284.60   80   19 1613772.24 1612284.06  0.09%   4.3  550s
 4688361 3313399 1612289.00   81   16 1613772.24 1612284.06  0.09%   4.3  555s
 4746982 3359675 1612679.29  280    8 1613772.24 1612284.06  0.09%   4.3  560s
 4806172 3402304 infeasible  140      1613772.24 1612284.06  0.09%   4.3  565s
 4855286 3437193 1612286.55  143   16 1613772.24 1612284.06  0.09%   4.3  570s
 4911348 3478549 1612983.96  156   12 1613772.24 1612284.06  0.09%   4.3  575s
 4949077 3504019 1612284.65   92   14 1613772.24 1612284.06  0.09%   4.3  580s
H4985245 3274612                    1613156.9283 1612284.06  0.05%   4.3  585s
H4986935 3228741                    1612833.0424 1612284.06  0.03%   4.3  586s

Cutting planes:
  Cover: 1056
  Projected implied bound: 3
  MIR: 172
  Flow cover: 18
  Zero half: 1

Explored 4992823 nodes (21606758 simplex iterations) in 600.16 seconds (686.37 work units)
Thread count was 24 (of 24 available processors)

Solution count 10: 1.61283e+06 1.61316e+06 1.61377e+06 ... 1.61386e+06

Time limit reached
Best objective 1.612833042399e+06, best bound 1.612284058845e+06, gap 0.0340%
