
Gurobi 13.0.2 (linux64, Python) logging started Thu May 28 04:17:00 2026

Set parameter LogToConsole to value 0
Set parameter Username
Set parameter LicenseID to value 2748191
Set parameter TimeLimit to value 600
Set parameter LogFile to value "output/bf_qcv_045/period_2/gurobi.log"
Academic license - for non-commercial use only - expires 2026-12-01
Gurobi Optimizer version 13.0.2 build v13.0.2rc1 (linux64 - "Debian GNU/Linux 13 (trixie)")

CPU model: 13th Gen Intel(R) Core(TM) i7-13700HX, instruction set [SSE2|AVX|AVX2]
Thread count: 24 physical cores, 24 logical processors, using up to 24 threads

Non-default parameters:
TimeLimit  600
LogToConsole  0

Optimize a model with 63060 rows, 50446 columns and 167738 nonzeros (Min)
Model fingerprint: 0x35aa6594
Model has 20435 linear objective coefficients and an objective constant of 1889.373528
Variable types: 40664 continuous, 9782 integer (9782 binary)
Coefficient statistics:
  Matrix range     [1e-02, 1e+04]
  Objective range  [1e+01, 1e+05]
  Bounds range     [1e+00, 1e+00]
  RHS range        [2e-01, 8e+04]

Presolve removed 45274 rows and 36216 columns
Presolve time: 0.27s
Presolved: 17786 rows, 14230 columns, 75121 nonzeros
Variable types: 9402 continuous, 4828 integer (4828 binary)
Found heuristic solution: objective 2.401004e+07
Found heuristic solution: objective 4988746.9282

Root relaxation: objective 1.567418e+06, 12880 iterations, 0.38 seconds (0.93 work units)

    Nodes    |    Current Node    |     Objective Bounds      |     Work
 Expl Unexpl |  Obj  Depth IntInf | Incumbent    BestBd   Gap | It/Node Time

     0     0 1567418.05    0  134 4988746.93 1567418.05  68.6%     -    0s
H    0     0                    2048749.4203 1567418.05  23.5%     -    0s
H    0     0                    1749846.5838 1567418.05  10.4%     -    0s
H    0     0                    1738036.7787 1567418.05  9.82%     -    0s
H    0     0                    1726497.9421 1567418.05  9.21%     -    1s
H    0     0                    1726467.7164 1567418.05  9.21%     -    1s
H    0     0                    1722753.5938 1567418.05  9.02%     -    1s
     0     0 1567751.75    0  145 1722753.59 1567751.75  9.00%     -    1s
H    0     0                    1720002.5218 1567752.05  8.85%     -    1s
H    0     0                    1719857.3744 1567752.05  8.84%     -    1s
H    0     0                    1719809.4543 1567752.05  8.84%     -    1s
H    0     0                    1711922.7024 1567752.05  8.42%     -    1s
H    0     0                    1708683.6034 1567752.05  8.25%     -    1s
H    0     0                    1704009.0494 1567752.05  8.00%     -    1s
     0     0 1567838.98    0  146 1704009.05 1567838.98  7.99%     -    2s
     0     0 1567888.03    0  148 1704009.05 1567888.03  7.99%     -    2s
     0     0 1567949.62    0  148 1704009.05 1567949.62  7.98%     -    2s
     0     0 1568004.14    0  148 1704009.05 1568004.14  7.98%     -    2s
     0     0 1568083.85    0  160 1704009.05 1568083.85  7.98%     -    2s
     0     0 1568124.07    0  173 1704009.05 1568124.07  7.97%     -    2s
     0     0 1568125.36    0  176 1704009.05 1568125.36  7.97%     -    2s
     0     0 1568125.52    0  176 1704009.05 1568125.52  7.97%     -    2s
     0     0 1568333.76    0  180 1704009.05 1568333.76  7.96%     -    2s
     0     0 1568343.76    0  184 1704009.05 1568343.76  7.96%     -    2s
H    0     0                    1694826.4681 1568343.76  7.46%     -    2s
     0     0 1568680.37    0  195 1694826.47 1568680.37  7.44%     -    2s
H    0     0                    1690374.2050 1568723.21  7.20%     -    2s
     0     0 1568723.21    0  193 1690374.20 1568723.21  7.20%     -    2s
     0     0 1570129.39    0  204 1690374.20 1570129.39  7.11%     -    3s
     0     0 1570205.02    0  215 1690374.20 1570205.02  7.11%     -    3s
     0     0 1570313.97    0  217 1690374.20 1570313.97  7.10%     -    3s
     0     0 1572946.05    0  222 1690374.20 1572946.05  6.95%     -    3s
H    0     0                    1684349.0122 1572946.15  6.61%     -    3s
H    0     0                    1684156.4683 1572946.15  6.60%     -    3s
H    0     0                    1682007.8247 1572946.15  6.48%     -    3s
H    0     0                    1678731.8109 1572946.15  6.30%     -    3s
H    0     0                    1676969.8344 1572946.15  6.20%     -    3s
H    0     0                    1676427.7018 1572946.15  6.17%     -    3s
H    0     0                    1671395.5956 1572946.15  5.89%     -    3s
     0     0 1572980.29    0  231 1671395.60 1572980.29  5.89%     -    3s
     0     0 1572984.39    0  229 1671395.60 1572984.39  5.89%     -    4s
     0     0 1572985.38    0  236 1671395.60 1572985.38  5.89%     -    4s
     0     0 1574750.86    0  246 1671395.60 1574750.86  5.78%     -    4s
     0     0 1574871.11    0  244 1671395.60 1574871.11  5.78%     -    4s
     0     0 1574898.38    0  247 1671395.60 1574898.38  5.77%     -    4s
     0     0 1574915.10    0  245 1671395.60 1574915.10  5.77%     -    4s
     0     0 1574922.19    0  244 1671395.60 1574922.19  5.77%     -    4s
     0     0 1574924.67    0  244 1671395.60 1574924.67  5.77%     -    4s
     0     0 1576069.50    0  252 1671395.60 1576069.50  5.70%     -    4s
     0     0 1576189.13    0  245 1671395.60 1576189.13  5.70%     -    4s
     0     0 1576190.02    0  246 1671395.60 1576190.02  5.70%     -    4s
     0     0 1576768.40    0  250 1671395.60 1576768.40  5.66%     -    4s
     0     0 1576785.18    0  249 1671395.60 1576785.18  5.66%     -    4s
     0     0 1576787.09    0  254 1671395.60 1576787.09  5.66%     -    4s
     0     0 1580789.88    0  194 1671395.60 1580789.88  5.42%     -    5s
     0     0 1581298.37    0  187 1671395.60 1581298.37  5.39%     -    5s
     0     0 1581302.95    0  186 1671395.60 1581302.95  5.39%     -    5s
     0     0 1582577.81    0  165 1671395.60 1582577.81  5.31%     -    5s
     0     0 1582582.70    0  172 1671395.60 1582582.70  5.31%     -    5s
     0     0 1582645.81    0  191 1671395.60 1582645.81  5.31%     -    5s
H    0     0                    1666904.5763 1582647.14  5.05%     -    5s
H    0     0                    1666170.6375 1582647.14  5.01%     -    5s
H    0     0                    1666063.9421 1582647.14  5.01%     -    5s
H    0     0                    1665819.9884 1582647.14  4.99%     -    5s
H    0     0                    1665576.0348 1582647.14  4.98%     -    5s
     0     0 1582687.47    0  190 1665576.03 1582687.47  4.98%     -    5s
     0     0 1582692.79    0  190 1665576.03 1582692.79  4.98%     -    5s
     0     0 1582879.55    0  191 1665576.03 1582879.55  4.97%     -    6s
     0     0 1583036.66    0  181 1665576.03 1583036.66  4.96%     -    6s
     0     0 1583070.44    0  183 1665576.03 1583070.44  4.95%     -    6s
     0     0 1583102.68    0  187 1665576.03 1583102.68  4.95%     -    6s
     0     0 1583104.75    0  191 1665576.03 1583104.75  4.95%     -    6s
     0     0 1583388.78    0  197 1665576.03 1583388.78  4.93%     -    6s
     0     0 1583510.14    0  183 1665576.03 1583510.14  4.93%     -    6s
     0     0 1583577.73    0  183 1665576.03 1583577.73  4.92%     -    6s
     0     0 1583582.17    0  184 1665576.03 1583582.17  4.92%     -    6s
     0     0 1583858.54    0  192 1665576.03 1583858.54  4.91%     -    7s
     0     0 1583892.76    0  195 1665576.03 1583892.76  4.90%     -    7s
     0     0 1583896.15    0  196 1665576.03 1583896.15  4.90%     -    7s
     0     0 1583921.51    0  189 1665576.03 1583921.51  4.90%     -    7s
     0     0 1583926.03    0  189 1665576.03 1583926.03  4.90%     -    7s
     0     0 1583926.03    0  189 1665576.03 1583926.03  4.90%     -    7s
     0     0 1583926.03    0  187 1665576.03 1583926.03  4.90%     -    7s
     0     2 1583926.23    0  187 1665576.03 1583926.23  4.90%     -    7s
H   60    80                    1663004.0104 1583938.76  4.75%  15.1    8s
H   69    80                    1662531.9639 1583938.76  4.73%  13.4    8s
H   74    80                    1662528.0894 1583938.76  4.73%  12.7    8s
H  113   147                    1661512.0099 1583938.76  4.67%  11.1    9s
   146   860 1583945.50    8  175 1661512.01 1583938.76  4.67%   9.8   10s
H  871   884                    1661441.3380 1583938.76  4.66%   6.4   10s
H 3767  3671                    1661258.5164 1583939.37  4.65%   7.3   13s
H 3774  3670                    1661108.3511 1583939.37  4.65%   7.3   13s
  4734  4972 1585040.88  159  127 1661108.35 1583939.37  4.65%   8.0   15s
H 5955  5760                    1661105.8799 1583940.65  4.65%   9.7   16s
  8342  8231 1592111.80  279  112 1661105.88 1583943.34  4.65%  13.0   20s
  9928  9480 1594232.69  330   85 1661105.88 1583943.34  4.65%  16.9   25s
H 9967  9532                    1660968.9463 1583943.34  4.64%  17.0   25s
H 9969  9521                    1660849.6241 1583943.34  4.63%  17.0   25s
H 9974  9516                    1660822.8678 1583943.34  4.63%  17.0   25s
H 9995  9516                    1660820.1015 1583943.34  4.63%  17.0   25s
H10221  9709                    1660662.4233 1583943.34  4.62%  18.0   27s
 11418 10963 1638718.35  354   67 1660662.42 1583943.34  4.62%  21.0   30s
H11434 10961                    1660661.8075 1583943.34  4.62%  21.1   30s
 12672 11979 1585160.88   97  187 1660661.81 1583943.34  4.62%  24.0   36s
H12673 11381                    1660647.7554 1583943.34  4.62%  24.0   36s
H12673 10811                    1660643.7872 1583943.34  4.62%  24.0   36s
H12674 10271                    1660643.6592 1583943.34  4.62%  24.0   37s
H12676  9759                    1660629.8663 1583943.34  4.62%  24.0   38s
 12697  9773 1612705.01  282  155 1660629.87 1584329.63  4.59%  23.9   40s
 12741  9802 1597341.58  291  179 1660629.87 1596335.53  3.87%  23.8   45s
 12791  9835 1612028.81   55  106 1660629.87 1612028.81  2.93%  23.7   50s
H12807  9352                    1660629.7383 1616293.81  2.67%  23.7   54s
 12817  9359 1616771.24  112  156 1660629.74 1616771.24  2.64%  23.7   55s
 12836  9371 1623925.42  276  133 1660629.74 1623925.42  2.21%  23.7   60s
 12866  9391 1625877.44   40  125 1660629.74 1625877.44  2.09%  23.6   65s
 12895  9411 1626423.01  132  163 1660629.74 1626423.01  2.06%  23.6   70s
 12947  9445 1627827.75  312  170 1660629.74 1627827.75  1.98%  23.5   75s
 12997  9479 1629050.21  282  182 1660629.74 1629050.21  1.90%  23.4   80s
H13015  9010                    1660579.4741 1629821.70  1.85%  23.3   81s
 13048  9032 1630790.89  166  182 1660579.47 1630790.89  1.79%  23.3   85s
 13088  9058 1631936.16  233  190 1660579.47 1631936.16  1.72%  23.2   90s
 13122  9081 1654375.87  307  183 1660579.47 1633410.30  1.64%  23.1   95s
 13175  9116 1634661.19  214  162 1660579.47 1634661.19  1.56%  23.1  100s
 13201  9135 1634889.42  129  138 1660579.47 1634889.42  1.55%  26.0  105s
H13203  8679                    1660579.3679 1634889.42  1.55%  26.0  105s
H13207  8247                    1660579.3461 1634889.42  1.55%  26.0  105s
 13235  8265 1636876.69  151  177 1660579.35 1636876.69  1.43%  25.9  110s
 13270  8289 1638738.11  219  107 1660579.35 1638738.11  1.32%  25.8  116s
 13291  8303 1640110.60   55  218 1660579.35 1640110.60  1.23%  25.8  120s
 13323  8324 1642542.71  144  201 1660579.35 1642542.71  1.09%  25.7  125s
 13373  8357 1643495.31  161  200 1660579.35 1643495.31  1.03%  25.6  130s
 13412  8384 1643702.30   26  170 1660579.35 1643702.30  1.02%  27.8  135s
 13445  8406 1643909.48  261  199 1660579.35 1643909.48  1.00%  27.8  140s
H13451  7988                    1660578.9205 1643985.20  1.00%  27.7  142s
 13459  7994 1644126.43  220  215 1660578.92 1644126.43  0.99%  27.7  145s
H13459  7594                    1660578.6769 1644126.43  0.99%  27.7  145s
 13542  7660 1644777.73   50  202 1660578.68 1644642.06  0.96%  29.0  150s
 14110  7755 1645048.90   60  195 1660578.68 1645013.12  0.94%  28.3  155s
H14589  7486                    1660578.4327 1645201.64  0.93%  28.1  157s
H14851  7205                    1660578.1973 1645251.94  0.92%  27.9  158s
 15319  7424 1653991.48   87  209 1660578.20 1645442.45  0.91%  27.7  160s
H15978  7224                    1660577.5816 1645656.55  0.90%  27.8  161s
 17312  7604 1646917.07  143  100 1660577.58 1645749.96  0.89%  27.1  165s
 20876  8363 1648523.69  247  101 1660577.58 1645749.96  0.89%  25.7  170s
 26632  9430 1652642.91  381   89 1660577.58 1645749.96  0.89%  23.3  175s
 29926 10088 1657463.73  445   67 1660577.58 1645814.14  0.89%  22.5  180s
 34131 12545     cutoff  521      1660577.58 1646650.57  0.84%  21.9  185s
 39993 16298 1658819.45  209  118 1660577.58 1646716.10  0.83%  21.0  190s
 45059 20427     cutoff  349      1660577.58 1646955.01  0.82%  20.4  195s
 51632 24532 1659944.18  335  187 1660577.58 1647116.23  0.81%  19.7  211s
 51660 24551 1654627.81  160  198 1660577.58 1647116.23  0.81%  19.7  215s
 51668 24556 1658476.75  112  206 1660577.58 1647116.23  0.81%  19.7  220s
 51681 24565 1655630.15  116  230 1660577.58 1647116.23  0.81%  19.7  225s
 51693 24573 1655830.56   88  234 1660577.58 1647116.23  0.81%  19.7  231s
 51700 24577 1650112.10  164  234 1660577.58 1647116.23  0.81%  19.7  235s
 51714 24587 1648326.47   86  231 1660577.58 1647116.23  0.81%  19.7  240s
 51727 24595 1655128.69  384  274 1660577.58 1647116.23  0.81%  19.7  245s
 51734 24600 1658340.96  419  279 1660577.58 1647116.23  0.81%  19.7  250s
 51745 24607 1658492.27  335  261 1660577.58 1647116.23  0.81%  19.7  255s
 51755 24614 1658642.59  136  284 1660577.58 1647116.23  0.81%  19.7  260s
H51764 23386                    1660549.4705 1647116.23  0.81%  19.7  264s
 51766 23387 1656099.34  208  270 1660549.47 1647116.23  0.81%  19.7  265s
 51775 23393 1660104.50  285  291 1660549.47 1647116.23  0.81%  19.7  270s
 51785 23400 1660071.90  359  271 1660549.47 1647116.23  0.81%  19.7  275s
 51798 23409 1649959.14   71  260 1660549.47 1647116.23  0.81%  19.7  280s
 51809 23416 1654805.20  214  256 1660549.47 1647116.23  0.81%  19.7  285s
 51818 23422 1651886.96  243  260 1660549.47 1647116.23  0.81%  19.7  290s
 51830 23430 1653027.22  210  285 1660549.47 1647116.23  0.81%  19.7  295s
 51841 23437 1656288.15  413  251 1660549.47 1647116.23  0.81%  19.7  300s
 51849 23443 1651627.78  200  274 1660549.47 1647116.23  0.81%  19.7  305s
 51861 23451 1654122.34   98  262 1660549.47 1647116.23  0.81%  19.7  310s
 51874 23459 1656661.02   81  252 1660549.47 1647116.23  0.81%  19.7  315s
 51884 23466 1657461.52  178  117 1660549.47 1647116.23  0.81%  19.6  320s
 52224 23385 1647116.23   75   92 1660549.47 1647116.23  0.81%  20.2  325s
H52312 22189                    1660549.3426 1647116.23  0.81%  20.2  325s
 53934 22322 1657385.05   98  106 1660549.34 1647116.23  0.81%  20.0  330s
H54327 21229                    1660525.6379 1647116.23  0.81%  19.9  330s
 57442 22304 1658981.39  195  101 1660525.64 1647232.91  0.80%  19.8  335s
 63260 24796 1658724.59  340   72 1660525.64 1647286.50  0.80%  19.2  340s
 68564 26552 1659236.48  196   85 1660525.64 1647858.80  0.76%  18.9  345s
 75353 29475     cutoff  443      1660525.64 1648262.94  0.74%  18.6  350s
 80114 31726 1657108.31  249   77 1660525.64 1648364.10  0.73%  18.4  355s
 85743 34409 1658702.82  143   76 1660525.64 1648560.50  0.72%  18.1  360s
H87407 32810                    1660525.5100 1648560.50  0.72%  18.0  361s
 87450 32899 1650938.18  159   80 1660525.51 1648560.50  0.72%  18.0  365s
 88579 34088 1656944.65  270   71 1660525.51 1648674.60  0.71%  18.0  370s
 91847 35624 1656495.66  178   68 1660525.51 1648674.60  0.71%  17.9  375s
 98232 38334 1657986.65  145   77 1660525.51 1648792.00  0.71%  17.7  381s
 100691 38712 1652297.27  164   72 1660525.51 1648808.19  0.71%  17.7  386s
 104240 41208     cutoff  367      1660525.51 1648928.71  0.70%  17.6  391s
 109147 42784 1657063.19  240   63 1660525.51 1648999.64  0.69%  17.6  395s
 116361 46159 1650950.70  161   82 1660525.51 1649045.60  0.69%  17.5  401s
 121926 49209 1659886.52  264   26 1660525.51 1649127.69  0.69%  17.5  405s
 127031 52403     cutoff  363      1660525.51 1649127.69  0.69%  17.6  410s
 132140 55881 1655253.40  212   88 1660525.51 1649241.44  0.68%  17.6  415s
 139842 61150 1655281.47  196   65 1660525.51 1649389.89  0.67%  17.7  421s
 144610 63547 1658775.67  153   73 1660525.51 1649475.53  0.67%  17.6  425s
 153203 69355 1660315.53  329   20 1660525.51 1649527.71  0.66%  17.5  431s
 159004 73060     cutoff  330      1660525.51 1649590.60  0.66%  17.4  435s
 166941 78194 1660225.23  408   25 1660525.51 1649594.40  0.66%  17.4  441s
 172124 81201 1660449.80  339   18 1660525.51 1649635.54  0.66%  17.4  445s
 178819 86109 1660186.86  337   22 1660525.51 1649760.10  0.65%  17.3  451s
 185093 90568 1655541.16  210   69 1660525.51 1649776.33  0.65%  17.2  455s
 192066 95832 1657455.68  226   57 1660525.51 1649807.85  0.65%  17.1  460s
 199242 100764 1658325.64  242   47 1660525.51 1649836.38  0.64%  17.0  465s
 206647 105547 1659382.71  186   90 1660525.51 1649864.52  0.64%  17.0  471s
 211825 109063 1658939.19  294   38 1660525.51 1649864.52  0.64%  17.0  475s
 219957 114249 1660256.66  163   80 1660525.51 1649940.94  0.64%  16.9  481s
 224601 116960     cutoff  230      1660525.51 1649982.96  0.63%  16.9  485s
 232265 123146     cutoff  405      1660525.51 1649982.96  0.63%  16.9  492s
 237720 126469 1658274.90  297   52 1660525.51 1649982.96  0.63%  16.9  495s
 244411 130796 1659562.89  177   82 1660525.51 1650066.55  0.63%  16.9  501s
 249294 133734 1656551.31  274   63 1660525.51 1650066.55  0.63%  16.9  505s
 256043 136957 1660208.53  385   20 1660525.51 1650066.55  0.63%  16.9  510s
 260581 139386 1660243.49  420   20 1660525.51 1650099.53  0.63%  17.0  515s
 268794 144519 1650719.02  144   95 1660525.51 1650123.38  0.63%  17.0  521s
 273724 148296 1658918.11  326   48 1660525.51 1650141.88  0.63%  17.1  526s
 279555 152417 1658240.11  274   62 1660525.51 1650172.32  0.62%  17.0  530s
 286368 158260 1655671.84  211   68 1660525.51 1650204.27  0.62%  17.0  536s
 291102 160757 1660456.69  482   21 1660525.51 1650209.54  0.62%  17.0  540s
 298175 165558 1657502.93  144   84 1660525.51 1650218.40  0.62%  17.0  546s
 303310 168900 1660342.05  236   26 1660525.51 1650240.91  0.62%  17.0  550s
 311348 173971     cutoff  422      1660525.51 1650250.89  0.62%  17.0  556s
 316632 176929 1660297.90  407   20 1660525.51 1650262.34  0.62%  16.9  560s
 323075 181358     cutoff  417      1660525.51 1650265.56  0.62%  17.0  566s
H324426 181284                    1660522.2333 1650273.33  0.62%  17.0  566s
 327843 184341 1654519.40  175   61 1660522.23 1650287.31  0.62%  17.0  570s
 335379 188435 1651355.67  147   69 1660522.23 1650304.99  0.62%  17.1  576s
 340535 191639 1656844.47  248   67 1660522.23 1650319.88  0.61%  17.1  580s
 347044 196083 1654721.55  202   83 1660522.23 1650347.10  0.61%  17.1  587s
H348233 196011                    1660519.6021 1650360.47  0.61%  17.1  587s
H348804 196001                    1660518.9625 1650360.47  0.61%  17.1  587s
 351609 199492     cutoff  194      1660518.96 1650364.36  0.61%  17.1  591s
 356695 203344 1660314.09  221   81 1660518.96 1650364.36  0.61%  17.1  595s
 364532 207306 1658426.96  156   71 1660518.96 1650409.40  0.61%  17.2  600s

Cutting planes:
  Gomory: 359
  Lift-and-project: 161
  Cover: 15
  Implied bound: 8
  MIR: 924
  Mixing: 1
  Flow cover: 835
  Relax-and-lift: 42

Explored 365077 nodes (6279107 simplex iterations) in 600.02 seconds (605.93 work units)
Thread count was 24 (of 24 available processors)

Solution count 10: 1.66052e+06 1.66052e+06 1.66053e+06 ... 1.66058e+06

Time limit reached
Warning: max constraint violation (1.6294e-06) exceeds tolerance
Best objective 1.660518962499e+06, best bound 1.650409404630e+06, gap 0.6088%
