
Gurobi 13.0.2 (linux64, Python) logging started Sat Aug 22 12:53:47 2026

Set parameter LogToConsole to value 0
Set parameter Username
Set parameter LicenseID to value 2748191
Set parameter TimeLimit to value 120
Set parameter LogFile to value "output/bz_nbr7008_095/weighted_loss/retail_y_2__retail_v_2__retail_v_2__rolled_leftover_2/period_1/gurobi.log"
Academic license - for non-commercial use only - expires 2026-12-01
Gurobi Optimizer version 13.0.2 build v13.0.2rc1 (linux64 - "Debian GNU/Linux 13 (trixie)")

CPU model: 13th Gen Intel(R) Core(TM) i7-13700HX, instruction set [SSE2|AVX|AVX2]
Thread count: 24 physical cores, 24 logical processors, using up to 24 threads

Non-default parameters:
TimeLimit  120
LogToConsole  0

Optimize a model with 7979 rows, 5533 columns and 21274 nonzeros (Min)
Model fingerprint: 0xf29938b2
Model has 2255 linear objective coefficients
Variable types: 4488 continuous, 1045 integer (1045 binary)
Coefficient statistics:
  Matrix range     [1e-02, 1e+04]
  Objective range  [1e+01, 1e+05]
  Bounds range     [1e+00, 1e+00]
  RHS range        [1e-01, 3e+04]

Presolve removed 5874 rows and 4037 columns
Presolve time: 0.07s
Presolved: 2105 rows, 1496 columns, 8525 nonzeros
Variable types: 957 continuous, 539 integer (517 binary)
Found heuristic solution: objective 963635.02869

Root relaxation: objective 3.182353e+05, 796 iterations, 0.01 seconds (0.02 work units)

    Nodes    |    Current Node    |     Objective Bounds      |     Work
 Expl Unexpl |  Obj  Depth IntInf | Incumbent    BestBd   Gap | It/Node Time

     0     0 318235.311    0   30 963635.029 318235.311  67.0%     -    0s
H    0     0                    858267.18515 318235.311  62.9%     -    0s
     0     0 318235.311    0   39 858267.185 318235.311  62.9%     -    0s
     0     0 318236.033    0   43 858267.185 318236.033  62.9%     -    0s
     0     0 318236.033    0   25 858267.185 318236.033  62.9%     -    0s
H    0     0                    852205.01867 318236.033  62.7%     -    0s
H    0     0                    845546.99374 318236.033  62.4%     -    0s
H    0     0                    842542.08844 318236.033  62.2%     -    0s
     0     0 318236.033    0   42 842542.088 318236.033  62.2%     -    0s
     0     0 318236.033    0   44 842542.088 318236.033  62.2%     -    0s
H    0     0                    736388.44539 318236.033  56.8%     -    0s
     0     0 318246.570    0   56 736388.445 318246.570  56.8%     -    0s
     0     0 318246.570    0   56 736388.445 318246.570  56.8%     -    0s
     0     0 318246.648    0   55 736388.445 318246.648  56.8%     -    0s
H    0     0                    731601.18711 318246.648  56.5%     -    0s
H    0     0                    518922.00865 318274.350  38.7%     -    0s
     0     0 318274.350    0   37 518922.009 318274.350  38.7%     -    0s
H    0     0                    515619.74643 318275.443  38.3%     -    0s
     0     0 318278.428    0   44 515619.746 318278.428  38.3%     -    0s
     0     0 318278.428    0   44 515619.746 318278.428  38.3%     -    0s
     0     0 318293.588    0   52 515619.746 318293.588  38.3%     -    0s
H    0     0                    515453.19289 318293.845  38.2%     -    0s
H    0     0                    505973.18006 318293.845  37.1%     -    0s
H    0     0                    505381.03037 318326.488  37.0%     -    0s
     0     0 318326.488    0   36 505381.030 318326.488  37.0%     -    0s
H    0     0                    493211.01747 318327.041  35.5%     -    0s
H    0     0                    488763.40784 318327.041  34.9%     -    0s
H    0     0                    488715.68927 318327.041  34.9%     -    0s
H    0     0                    481995.10128 318327.041  34.0%     -    0s
     0     0 318327.041    0   39 481995.101 318327.041  34.0%     -    0s
     0     0 318357.214    0   44 481995.101 318357.214  34.0%     -    0s
     0     0 318357.214    0   47 481995.101 318357.214  34.0%     -    0s
H    0     0                    409727.36707 318357.214  22.3%     -    0s
     0     0 320187.268    0   53 409727.367 320187.268  21.9%     -    0s
     0     0 321238.600    0   69 409727.367 321238.600  21.6%     -    0s
     0     0 321238.776    0   67 409727.367 321238.776  21.6%     -    0s
     0     0 328920.339    0   61 409727.367 328920.339  19.7%     -    0s
     0     0 328920.714    0   67 409727.367 328920.714  19.7%     -    0s
     0     0 328920.714    0   59 409727.367 328920.714  19.7%     -    0s
     0     0 328920.714    0   68 409727.367 328920.714  19.7%     -    0s
     0     0 328920.714    0   68 409727.367 328920.714  19.7%     -    0s
     0     0 328920.714    0   68 409727.367 328920.714  19.7%     -    0s
     0     0 328920.714    0   64 409727.367 328920.714  19.7%     -    0s
     0     2 328920.744    0   60 409727.367 328920.744  19.7%     -    0s
H   44    56                    409237.80819 328920.744  19.6%  33.5    0s
H   45    56                    409097.75980 328920.744  19.6%  35.2    0s
H   47    56                    408950.34817 328920.744  19.6%  36.9    0s
H  147   182                    404724.52046 328920.744  18.7%  40.9    0s
H  176   182                    382278.30382 328920.744  14.0%  43.0    0s
H  272   269                    377878.41275 328920.744  13.0%  46.2    0s
H  877   616                    371929.17420 328920.744  11.6%  36.6    1s
H  883   616                    371360.77510 328920.744  11.4%  36.6    1s
H  906   616                    370435.68889 328920.744  11.2%  36.2    1s
H 1970   992                    370153.71432 328920.844  11.1%  35.0    1s
  4301  1877     cutoff   19      370153.714 328927.188  11.1%  35.3    5s
H 4419  1796                    367685.96295 328927.188  10.5%  35.6    5s
  8263  1893     cutoff   23      367685.963 328997.067  10.5%  38.1   10s
 17054  3841 362670.646   31   46 367685.963 336910.402  8.37%  38.3   15s
 29612  5730 342572.708   42   51 367685.963 340637.690  7.36%  38.8   20s
 44758  7472 344875.137   29   44 367685.963 343792.897  6.50%  38.2   25s
 50939  8540 364397.408   25   64 367685.963 345004.237  6.17%  38.1   31s
 50977  8565 358607.320   49  174 367685.963 345004.237  6.17%  38.1   35s
 51039  8607 364397.408   25  200 367685.963 345004.237  6.17%  38.0   40s
 51102  8649 351227.997   48  181 367685.963 345004.237  6.17%  38.0   45s
 51140  8674 345031.225   31  161 367685.963 345004.237  6.17%  37.9   50s
 51181  8701 356044.756   50  221 367685.963 345004.237  6.17%  37.9   55s
 51204  8717 358343.002   22  214 367685.963 345004.237  6.17%  37.9   60s
 51344  8838     cutoff   35      367685.963 345004.237  6.17%  38.6   65s
 55600  9249 361241.342   49   57 367685.963 345004.237  6.17%  40.5   70s
 63134  9135 361685.609   48   22 367685.963 345004.237  6.17%  42.7   75s
 74909  8301     cutoff   46      367685.963 345004.237  6.17%  44.7   80s
 84837  9269 365007.996   51   74 367685.963 345804.072  5.95%  45.7   86s
 90007 10630 360462.863   57   39 367685.963 346131.398  5.86%  46.4   90s
 100895 12994 infeasible   56      367685.963 347049.978  5.61%  47.8   95s
*102094 12834              74    367103.53326 347174.044  5.43%  47.9   95s
 110517 14462 354119.420   56   54 367103.533 348122.851  5.17%  48.5  100s
 118177 15276     cutoff   58      367103.533 348510.207  5.06%  49.2  105s
H120216 15853                    367050.25635 348682.225  5.00%  49.3  108s
 122837 16693 354681.254   53   43 367050.256 348843.558  4.96%  49.6  111s
 130729 18290 355700.005   55   42 367050.256 349122.476  4.88%  50.4  116s
 137958 19207 353955.339   47   57 367050.256 349587.614  4.76%  51.0  120s

Cutting planes:
  Gomory: 19
  Lift-and-project: 11
  Cover: 480
  Implied bound: 62
  Projected implied bound: 9
  Clique: 8
  MIR: 601
  Mixing: 1
  StrongCG: 22
  Flow cover: 172
  GUB cover: 44
  Inf proof: 17
  Zero half: 92
  Network: 2
  RLT: 32
  Relax-and-lift: 95
  BQP: 1

Explored 139095 nodes (7096614 simplex iterations) in 120.02 seconds (101.52 work units)
Thread count was 24 (of 24 available processors)

Solution count 10: 367050 367104 367686 ... 404725

Time limit reached
Best objective 3.670502563511e+05, best bound 3.496411458030e+05, gap 4.7430%
