
Gurobi 13.0.2 (linux64, Python) logging started Wed Jun  3 19:13:49 2026

Set parameter LogToConsole to value 0
Set parameter Username
Set parameter LicenseID to value 2748191
Set parameter TimeLimit to value 600
Set parameter LogFile to value "output/bz_nbr7008_095/period_1/gurobi.log"
Academic license - for non-commercial use only - expires 2026-12-01
Gurobi Optimizer version 13.0.2 build v13.0.2rc1 (linux64 - "Debian GNU/Linux 13 (trixie)")

CPU model: 13th Gen Intel(R) Core(TM) i7-13700HX, instruction set [SSE2|AVX|AVX2]
Thread count: 24 physical cores, 24 logical processors, using up to 24 threads

Non-default parameters:
TimeLimit  600
LogToConsole  0

Optimize a model with 7979 rows, 5533 columns and 21274 nonzeros (Min)
Model fingerprint: 0x830edb1e
Model has 11 linear objective coefficients
Variable types: 4488 continuous, 1045 integer (1045 binary)
Coefficient statistics:
  Matrix range     [1e-02, 1e+04]
  Objective range  [5e+04, 6e+04]
  Bounds range     [1e+00, 1e+00]
  RHS range        [1e-01, 3e+04]

Presolve removed 5874 rows and 4037 columns
Presolve time: 0.06s
Presolved: 2105 rows, 1496 columns, 8525 nonzeros
Variable types: 957 continuous, 539 integer (517 binary)
Found heuristic solution: objective 593524.12517
Found heuristic solution: objective 547970.13150

Root relaxation: objective 2.960771e+05, 694 iterations, 0.01 seconds (0.02 work units)

    Nodes    |    Current Node    |     Objective Bounds      |     Work
 Expl Unexpl |  Obj  Depth IntInf | Incumbent    BestBd   Gap | It/Node Time

     0     0 296077.080    0   36 547970.131 296077.080  46.0%     -    0s
     0     0 296077.170    0   48 547970.131 296077.170  46.0%     -    0s
H    0     0                    493416.47834 296077.170  40.0%     -    0s
H    0     0                    393760.06746 296077.170  24.8%     -    0s
     0     0 296077.170    0   40 393760.067 296077.170  24.8%     -    0s
     0     0 296077.328    0   32 393760.067 296077.328  24.8%     -    0s
     0     0 296077.328    0   25 393760.067 296077.328  24.8%     -    0s
H    0     0                    381232.08594 296078.780  22.3%     -    0s
     0     0 296078.780    0   26 381232.086 296078.780  22.3%     -    0s
H    0     0                    381095.20508 296078.840  22.3%     -    0s
     0     0 296078.840    0   49 381095.205 296078.840  22.3%     -    0s
     0     0 296078.840    0   48 381095.205 296078.840  22.3%     -    0s
     0     0 296078.840    0   35 381095.205 296078.840  22.3%     -    0s
     0     0 296078.941    0   50 381095.205 296078.941  22.3%     -    0s
H    0     0                    380121.72183 296079.691  22.1%     -    0s
H    0     0                    377693.15551 296079.691  21.6%     -    0s
     0     0 296079.691    0   56 377693.156 296079.691  21.6%     -    0s
H    0     0                    323002.62149 296079.691  8.34%     -    0s
     0     0 296079.691    0   58 323002.621 296079.691  8.34%     -    0s
     0     0 296079.691    0   60 323002.621 296079.691  8.34%     -    0s
     0     0 296082.470    0   38 323002.621 296082.470  8.33%     -    0s
     0     0 296082.586    0   38 323002.621 296082.586  8.33%     -    0s
     0     0 296084.364    0   45 323002.621 296084.364  8.33%     -    0s
     0     0 296084.372    0   50 323002.621 296084.372  8.33%     -    0s
     0     0 296093.443    0   41 323002.621 296093.443  8.33%     -    0s
     0     0 297355.821    0   59 323002.621 297355.821  7.94%     -    0s
     0     0 297946.340    0   58 323002.621 297946.340  7.76%     -    0s
     0     0 297949.661    0   62 323002.621 297949.661  7.76%     -    0s
     0     0 297949.661    0   64 323002.621 297949.661  7.76%     -    0s
     0     0 301390.822    0   47 323002.621 301390.822  6.69%     -    0s
     0     0 301390.822    0   47 323002.621 301390.822  6.69%     -    0s
     0     0 301390.822    0   55 323002.621 301390.822  6.69%     -    0s
H    0     0                    322793.86329 301390.822  6.63%     -    0s
     0     0 301390.822    0   62 322793.863 301390.822  6.63%     -    0s
     0     0 301390.822    0   35 322793.863 301390.822  6.63%     -    0s
     0     0 301390.822    0   52 322793.863 301390.822  6.63%     -    0s
     0     0 301390.822    0   69 322793.863 301390.822  6.63%     -    0s
     0     0 301390.822    0   48 322793.863 301390.822  6.63%     -    0s
     0     0 301390.822    0   48 322793.863 301390.822  6.63%     -    0s
     0     0 301390.822    0   36 322793.863 301390.822  6.63%     -    0s
     0     2 301390.822    0   36 322793.863 301390.822  6.63%     -    0s
H   39    56                    319389.64874 301390.822  5.64%  77.1    0s
H   40    56                    317504.11353 301390.822  5.07%  75.5    0s
H   80    98                    314099.89898 301390.822  4.05%  68.8    0s
H   83    98                    313717.56351 301390.822  3.93%  68.5    0s
H 1445   594                    311666.19084 301392.737  3.30%  50.7    1s
H14580  1086                    311288.99720 303415.777  2.53%  56.7    3s
 15963   801 307197.185   22   41 311288.997 303415.777  2.53%  56.9    5s
H16221   881                    309936.15532 303415.777  2.10%  57.0    6s
H21841   845                    307884.78265 303415.777  1.45%  54.1    8s
 28406  1298 303552.658   37   23 307884.783 303415.777  1.45%  59.7   10s
*33459  1285              45    305981.22398 303415.777  0.84%  61.7   11s
*35260  1207              44    305604.03034 303552.658  0.67%  62.2   11s

Cutting planes:
  Learned: 1
  Gomory: 4
  Lift-and-project: 9
  Cover: 144
  Implied bound: 29
  Projected implied bound: 7
  Clique: 3
  MIR: 97
  StrongCG: 21
  Flow cover: 23
  GUB cover: 15
  Inf proof: 408
  Zero half: 12
  Network: 1
  RLT: 23
  Relax-and-lift: 7

Explored 41605 nodes (2639679 simplex iterations) in 13.84 seconds (15.88 work units)
Thread count was 24 (of 24 available processors)

Solution count 10: 305604 305604 305981 ... 317504

Optimal solution found (tolerance 1.00e-04)
Best objective 3.056040303420e+05, best bound 3.056040303420e+05, gap 0.0000%
