
Gurobi 13.0.2 (linux64, Python) logging started Wed Jun  3 19:15:06 2026

Set parameter LogToConsole to value 0
Set parameter Username
Set parameter LicenseID to value 2748191
Set parameter TimeLimit to value 600
Set parameter LogFile to value "output/bf_qcv_045/period_1/gurobi.log"
Academic license - for non-commercial use only - expires 2026-12-01
Gurobi Optimizer version 13.0.2 build v13.0.2rc1 (linux64 - "Debian GNU/Linux 13 (trixie)")

CPU model: 13th Gen Intel(R) Core(TM) i7-13700HX, instruction set [SSE2|AVX|AVX2]
Thread count: 24 physical cores, 24 logical processors, using up to 24 threads

Non-default parameters:
TimeLimit  600
LogToConsole  0

Optimize a model with 62480 rows, 49980 columns and 166260 nonzeros (Min)
Model fingerprint: 0x8ed11c6d
Model has 255 linear objective coefficients
Variable types: 40290 continuous, 9690 integer (9690 binary)
Coefficient statistics:
  Matrix range     [1e-02, 1e+04]
  Objective range  [2e+04, 5e+04]
  Bounds range     [1e+00, 1e+00]
  RHS range        [4e-01, 1e+05]

Presolve removed 44697 rows and 35754 columns
Presolve time: 0.26s
Presolved: 17783 rows, 14226 columns, 75111 nonzeros
Variable types: 9399 continuous, 4827 integer (4827 binary)
Found heuristic solution: objective 9424647.7538
Found heuristic solution: objective 9381180.7117
Found heuristic solution: objective 9358894.7642

Root relaxation: objective 1.612275e+06, 11012 iterations, 0.37 seconds (0.96 work units)

    Nodes    |    Current Node    |     Objective Bounds      |     Work
 Expl Unexpl |  Obj  Depth IntInf | Incumbent    BestBd   Gap | It/Node Time

     0     0 1612274.88    0   14 9358894.76 1612274.88  82.8%     -    0s
H    0     0                    1696158.4788 1612274.88  4.95%     -    0s
H    0     0                    1686943.9868 1612274.88  4.43%     -    0s
H    0     0                    1679096.4200 1612274.88  3.98%     -    0s
H    0     0                    1673363.0138 1612274.88  3.65%     -    0s
H    0     0                    1673051.4655 1612274.88  3.63%     -    0s
H    0     0                    1669724.1649 1612274.88  3.44%     -    0s
H    0     0                    1644504.4858 1612274.88  1.96%     -    0s
H    0     0                    1636370.9162 1612274.88  1.47%     -    1s
H    0     0                    1632064.8248 1612274.88  1.21%     -    1s
     0     0 1612274.99    0   17 1632064.82 1612274.99  1.21%     -    1s
H    0     0                    1630995.0857 1612274.99  1.15%     -    1s
H    0     0                    1630337.4336 1612274.99  1.11%     -    1s
H    0     0                    1630004.9686 1612274.99  1.09%     -    1s
     0     0 1612275.06    0   17 1630004.97 1612275.06  1.09%     -    1s
     0     0 1612275.06    0   23 1630004.97 1612275.06  1.09%     -    1s
H    0     0                    1629990.7986 1612275.06  1.09%     -    1s
     0     0 1612275.06    0   21 1629990.80 1612275.06  1.09%     -    1s
H    0     0                    1627730.1042 1612275.06  0.95%     -    1s
     0     0 1612275.06    0   27 1627730.10 1612275.06  0.95%     -    1s
     0     0 1612275.06    0   20 1627730.10 1612275.06  0.95%     -    2s
     0     0 1612275.06    0   25 1627730.10 1612275.06  0.95%     -    2s
     0     0 1612275.09    0   25 1627730.10 1612275.09  0.95%     -    2s
     0     0 1612275.11    0   30 1627730.10 1612275.11  0.95%     -    2s
     0     0 1612275.13    0   19 1627730.10 1612275.13  0.95%     -    2s
     0     0 1612275.14    0   21 1627730.10 1612275.14  0.95%     -    2s
     0     0 1612275.14    0   21 1627730.10 1612275.14  0.95%     -    2s
     0     0 1612275.14    0   21 1627730.10 1612275.14  0.95%     -    2s
     0     0 1612275.14    0   13 1627730.10 1612275.14  0.95%     -    2s
     0     0 1612275.40    0   13 1627730.10 1612275.40  0.95%     -    3s
     0     0 1612275.40    0   18 1627730.10 1612275.40  0.95%     -    3s
H    0     0                    1627618.9613 1612275.40  0.94%     -    4s
     0     0 1612275.40    0   18 1627618.96 1612275.40  0.94%     -    4s
     0     0 1612275.40    0   27 1627618.96 1612275.40  0.94%     -    4s
     0     0 1612275.40    0   22 1627618.96 1612275.40  0.94%     -    4s
     0     0 1612275.40    0   30 1627618.96 1612275.40  0.94%     -    4s
     0     0 1612275.40    0   28 1627618.96 1612275.40  0.94%     -    4s
     0     0 1612275.40    0   43 1627618.96 1612275.40  0.94%     -    4s
     0     0 1612275.40    0   38 1627618.96 1612275.40  0.94%     -    4s
     0     0 1612275.40    0   23 1627618.96 1612275.40  0.94%     -    5s
     0     0 1612275.40    0   23 1627618.96 1612275.40  0.94%     -    5s
     0     0 1612275.40    0   25 1627618.96 1612275.40  0.94%     -    5s
     0     0 1612275.40    0   25 1627618.96 1612275.40  0.94%     -    5s
     0     0 1612275.40    0   25 1627618.96 1612275.40  0.94%     -    5s
     0     0 1612275.40    0   16 1627618.96 1612275.40  0.94%     -    5s
     0     2 1612275.61    0   15 1627618.96 1612275.61  0.94%     -    5s
H  202   408                    1627381.9896 1612275.61  0.93%  31.3    7s
H  298   408                    1626714.3222 1612275.61  0.89%  22.7    7s
H 3096  3808                    1620933.9287 1612275.61  0.53%   7.7    8s
H 5297  6001                    1620491.8385 1612275.61  0.51%   8.7   10s
H 5374  5903                    1616291.1469 1612275.61  0.25%   8.7   10s
H 5480  5892                    1616144.9874 1612275.61  0.24%   8.7   10s
H 5509  5713                    1615366.3867 1612275.61  0.19%   8.8   10s
H 6074  5615                    1615223.5320 1612275.61  0.18%   9.1   10s
H 8451  8149                    1614535.7977 1612275.64  0.14%   8.5   11s
H 9910  7704                    1614245.7838 1612275.64  0.12%   8.4   12s
H10056  7678                    1614244.5641 1612275.70  0.12%   8.4   12s
 11964  9139 1612282.42   38   11 1614244.56 1612282.42  0.12%   8.3   15s
H12049  8758                    1614015.7983 1612282.52  0.11%   8.6   15s
H17827 10371                    1613897.5526 1612282.52  0.10%   8.3   18s
 25947 14222 1612283.68   57   13 1613897.55 1612282.52  0.10%   7.7   20s
H34982 17790                    1613874.3899 1612282.99  0.10%   8.8   24s
 35600 20163 1612285.72   91   31 1613874.39 1612282.99  0.10%   8.9   25s
 73176 37686 1612288.91   45   22 1613874.39 1612283.37  0.10%   8.1   30s
 77642 39539 1612288.05   89   28 1613874.39 1612283.39  0.10%   7.9   35s
 77673 39560 1612288.54   55   36 1613874.39 1612283.57  0.10%   7.9   40s
 77699 39577 1612286.91   82   35 1613874.39 1612283.75  0.10%   7.9   45s
 77719 39590 1612284.51   39   42 1613874.39 1612283.86  0.10%   7.9   50s
 77738 39603 1612285.80   88   39 1613874.39 1612283.91  0.10%   7.9   55s
 77765 39621 1612291.30   94   47 1613874.39 1612283.98  0.10%   7.9   60s
 77790 39638 1612285.82   93   47 1613874.39 1612284.01  0.10%   7.9   65s
 77810 39651 1612288.20  100   49 1613874.39 1612284.06  0.10%   7.9   70s
 83354 44235 1612284.88   62   17 1613874.39 1612284.06  0.10%   8.1   75s
H89115 42864                    1613874.1487 1612284.06  0.10%   8.2   76s
H90891 41775                    1613873.3294 1612284.06  0.10%   8.2   77s
 104693 51292 1612284.06   48   16 1613873.33 1612284.06  0.10%   8.5   80s
H120840 53544                    1613873.0881 1612284.06  0.10%   8.1   81s
 138476 64067 1613202.88  233   10 1613873.09 1612284.06  0.10%   7.7   85s
 184218 99621 1612284.43  118   18 1613873.09 1612284.06  0.10%   6.9   91s
H202218 98646                    1613864.5508 1612284.06  0.10%   6.6   91s
 243881 125508 1612287.74   79   17 1613864.55 1612284.06  0.10%   6.2   95s
 262995 157152 1612584.65   89   20 1613864.55 1612284.06  0.10%   6.1  100s
H291692 161369                    1613864.4317 1612284.06  0.10%   5.9  102s
 314817 179186 1612286.79   89   15 1613864.43 1612284.06  0.10%   5.9  105s
H344734 199760                    1613864.3096 1612284.06  0.10%   5.7  107s
 369143 217623 1613820.62  256   12 1613864.31 1612284.06  0.10%   5.6  110s
 410419 247327 1612315.98  135   18 1613864.31 1612284.06  0.10%   5.5  115s
H410477 247205                    1613862.2176 1612284.06  0.10%   5.5  115s
H436580 267819                    1613861.9763 1612284.06  0.10%   5.4  117s
 469942 293163 1612284.06   49   22 1613861.98 1612284.06  0.10%   5.3  120s
 508711 322131 1612284.06  114   20 1613861.98 1612284.06  0.10%   5.2  125s
 565635 363234 1612284.06   52   18 1613861.98 1612284.06  0.10%   5.1  130s
 626378 410566 1612290.67  175   20 1613861.98 1612284.06  0.10%   5.0  135s
 638150 418121 1613761.65  177   10 1613861.98 1612284.06  0.10%   5.0  140s
 678636 451138 1612284.06   60   19 1613861.98 1612284.06  0.10%   4.9  145s
 734289 492489 1612284.06   81   19 1613861.98 1612284.06  0.10%   4.9  150s
 793979 537571 1612284.06  102   19 1613861.98 1612284.06  0.10%   4.8  155s
 855204 579648 1612289.84  123   21 1613861.98 1612284.06  0.10%   4.8  160s
 904056 616036 1612384.27  141   20 1613861.98 1612284.06  0.10%   4.8  165s
 958592 656359     cutoff  159      1613861.98 1612284.06  0.10%   4.7  170s
 1008799 689849 1612284.30  103   19 1613861.98 1612284.06  0.10%   4.7  175s
H1009616 690352                    1613861.5282 1612284.06  0.10%   4.7  176s
H1026389 702431                    1613861.1043 1612284.06  0.10%   4.7  178s
 1038532 710628 1612287.97   71   20 1613861.10 1612284.06  0.10%   4.7  180s
H1084334 737387                    1613838.5138 1612284.06  0.10%   4.7  185s
 1144899 783828 1612284.06   71   23 1613838.51 1612284.06  0.10%   4.7  190s
H1148408 783935                    1613838.5134 1612284.06  0.10%   4.7  191s
 1186800 812955 1612287.71  129   18 1613838.51 1612284.06  0.10%   4.7  195s
H1201512 823388                    1613838.2725 1612284.06  0.10%   4.6  196s
 1244289 873054 1612608.71  165   15 1613838.27 1612284.06  0.10%   4.6  206s
H1260289 854618                    1613816.7261 1612284.06  0.09%   4.6  206s
H1269551 857257                    1613816.4848 1612284.06  0.09%   4.6  207s
H1269551 857247                    1613816.3527 1612284.06  0.09%   4.6  207s
 1286329 871431 1612285.14   91   21 1613816.35 1612284.06  0.09%   4.6  210s
 1303943 882297 1612284.06   95   23 1613816.35 1612284.06  0.09%   4.6  215s
 1356488 918453 1612284.76   60   15 1613816.35 1612284.06  0.09%   4.6  220s
 1421335 962849 1612445.64  156   14 1613816.35 1612284.06  0.09%   4.5  225s
 1474647 1006825 1613268.26  142   15 1613816.35 1612284.06  0.09%   4.5  230s
 1526719 1045623 1612285.00   85   22 1613816.35 1612284.06  0.09%   4.5  235s
 1584680 1086118 1612284.06   57   23 1613816.35 1612284.06  0.09%   4.5  240s
H1606440 1102847                    1613816.2205 1612284.06  0.09%   4.5  242s
 1632730 1122959 1613341.28  169   12 1613816.22 1612284.06  0.09%   4.5  245s
 1684683 1162612 1612284.61   81   17 1613816.22 1612284.06  0.09%   4.5  250s
 1742968 1204781 1613382.37  148   18 1613816.22 1612284.06  0.09%   4.5  255s
 1810749 1255929 1612284.06   53   15 1613816.22 1612284.06  0.09%   4.5  260s
 1851672 1285412 1612284.06   73   22 1613816.22 1612284.06  0.09%   4.4  265s
 1876470 1319740 1612284.06   89   23 1613816.22 1612284.06  0.09%   4.4  270s
 1949788 1359890 1612286.36   90   17 1613816.22 1612284.06  0.09%   4.4  275s
 2005103 1400802 1612584.63   78   18 1613816.22 1612284.06  0.09%   4.4  280s
 2067810 1449339 1612284.76   99   13 1613816.22 1612284.06  0.09%   4.4  285s
 2109348 1481279 1612596.46  161   18 1613816.22 1612284.06  0.09%   4.4  290s
 2161137 1515074 1613614.33  122   11 1613816.22 1612284.06  0.09%   4.4  295s
 2204798 1545595     cutoff  141      1613816.22 1612284.06  0.09%   4.4  300s
 2248169 1574166 1612295.29  124   18 1613816.22 1612284.06  0.09%   4.4  305s
 2283875 1598880 1612284.06   96   19 1613816.22 1612284.06  0.09%   4.4  310s
 2287645 1602108 1612284.06  104   21 1613816.22 1612284.06  0.09%   4.4  315s
 2292817 1606350 1612284.06  110   17 1613816.22 1612284.06  0.09%   4.4  321s
 2295819 1609871 1612284.06  112   17 1613816.22 1612284.06  0.09%   4.4  325s
H2304017 1605897                    1613780.0255 1612284.06  0.09%   4.4  327s
H2311301 1613007                    1613779.7842 1612284.06  0.09%   4.4  329s
 2314215 1617266 1612289.55  103   21 1613779.78 1612284.06  0.09%   4.4  330s
H2366635 1652384                    1613779.5199 1612284.06  0.09%   4.4  334s
 2369928 1655649 1612291.20  117   17 1613779.52 1612284.06  0.09%   4.4  335s
 2423924 1693536 1612489.21  116   15 1613779.52 1612284.06  0.09%   4.4  340s
 2477533 1734723 1612284.23  104   16 1613779.52 1612284.06  0.09%   4.4  345s
 2534881 1776972 1612293.35  136   19 1613779.52 1612284.06  0.09%   4.4  350s
 2592804 1818308 1612284.06  114   20 1613779.52 1612284.06  0.09%   4.4  355s
 2617742 1833554 1612289.51   92   24 1613779.52 1612284.06  0.09%   4.4  360s
 2637696 1851759 1612284.48  131   18 1613779.52 1612284.06  0.09%   4.4  365s
 2698643 1895951 1612291.56   96   19 1613779.52 1612284.06  0.09%   4.4  370s
 2755284 1936584 1612285.70   93   21 1613779.52 1612284.06  0.09%   4.4  375s
 2819233 1981555 1612299.57  161   14 1613779.52 1612284.06  0.09%   4.4  380s
 2871136 2017865 1612285.53   80   22 1613779.52 1612284.06  0.09%   4.4  385s
 2938211 2069119 1612292.52   93   14 1613779.52 1612284.06  0.09%   4.4  390s
 2998237 2114118 1612285.16  121   19 1613779.52 1612284.06  0.09%   4.4  395s
 3065971 2162723 1612286.47  127   19 1613779.52 1612284.06  0.09%   4.4  400s
 3123945 2209032 1612385.07   72   18 1613779.52 1612284.06  0.09%   4.4  405s
 3187161 2257411 1612284.06  124   15 1613779.52 1612284.06  0.09%   4.4  410s
 3238629 2296630 1612284.50  101   28 1613779.52 1612284.06  0.09%   4.4  415s
 3296027 2338719 1612298.19  124   20 1613779.52 1612284.06  0.09%   4.3  420s
 3350247 2379986 1612284.83   87   15 1613779.52 1612284.06  0.09%   4.3  425s
 3372366 2393390 1612490.70  160   13 1613779.52 1612284.06  0.09%   4.3  430s
 3403027 2416490 1612285.60   86   12 1613779.52 1612284.06  0.09%   4.3  435s
 3456195 2454231     cutoff   89      1613779.52 1612284.06  0.09%   4.3  440s
 3515507 2499232 1612284.06  119   16 1613779.52 1612284.06  0.09%   4.3  445s
 3579345 2543221 1612284.06   87   17 1613779.52 1612284.06  0.09%   4.3  450s
 3635271 2583992 1612286.25  145   16 1613779.52 1612284.06  0.09%   4.3  455s
 3689808 2622571 1612377.90  136   17 1613779.52 1612284.06  0.09%   4.3  460s
 3745879 2662767 1613144.90  132   16 1613779.52 1612284.06  0.09%   4.3  465s
 3804694 2704466 1612286.51  131   20 1613779.52 1612284.06  0.09%   4.3  470s
 3864452 2745004 1612299.00  127   19 1613779.52 1612284.06  0.09%   4.3  475s
H3892357 2758365                    1613775.5180 1612284.06  0.09%   4.3  477s
H3902309 2765723                    1613775.2768 1612284.06  0.09%   4.3  478s
 3913029 2771988 1612284.25  114   17 1613775.28 1612284.06  0.09%   4.3  480s
 3941103 2791580 1612284.06   59   18 1613775.28 1612284.06  0.09%   4.3  485s
 3965108 2809788 1612285.12  107   15 1613775.28 1612284.06  0.09%   4.3  490s
 4024096 2851320 1612284.06   89   14 1613775.28 1612284.06  0.09%   4.3  495s
 4079301 2895016 1612284.10   68   16 1613775.28 1612284.06  0.09%   4.3  500s
 4132670 2930213 1612284.45  101   23 1613775.28 1612284.06  0.09%   4.3  505s
 4191996 2975706     cutoff  137      1613775.28 1612284.06  0.09%   4.3  510s
H4200773 2980188                    1613775.2035 1612284.06  0.09%   4.3  511s
H4212994 2971130                    1613772.6253 1612284.06  0.09%   4.3  514s
 4219900 2977269 1612289.22  127   18 1613772.63 1612284.06  0.09%   4.3  515s
 4277700 3014898 1612285.09  113   17 1613772.63 1612284.06  0.09%   4.3  520s
 4320023 3046634 1613530.81   96   15 1613772.63 1612284.06  0.09%   4.3  525s
H4331456 3053519                    1613772.2442 1612284.06  0.09%   4.3  526s
 4366464 3079218 1612294.93  130   23 1613772.24 1612284.06  0.09%   4.3  530s
 4409229 3123731 1612288.22  139   28 1613772.24 1612284.06  0.09%   4.3  535s
 4455541 3142935 1613135.62  158   10 1613772.24 1612284.06  0.09%   4.3  540s
 4513334 3187943 1612453.86  168   21 1613772.24 1612284.06  0.09%   4.3  545s
 4569641 3226503 1612284.06   61   17 1613772.24 1612284.06  0.09%   4.3  550s
 4620781 3263596 1612284.08   54   17 1613772.24 1612284.06  0.09%   4.3  555s
 4680986 3308848 1612403.10  154   19 1613772.24 1612284.06  0.09%   4.3  560s
 4707926 3329457 1612284.06  101   21 1613772.24 1612284.06  0.09%   4.3  565s
 4771171 3377402 1612290.79  125   18 1613772.24 1612284.06  0.09%   4.3  570s
 4821872 3412005 1612284.06  129   16 1613772.24 1612284.06  0.09%   4.3  575s
 4875398 3452227 1612284.26  128   18 1613772.24 1612284.06  0.09%   4.3  580s
 4927965 3490398 1612284.06   67   21 1613772.24 1612284.06  0.09%   4.3  585s
 4963349 3517498 1612285.92  164   20 1613772.24 1612284.06  0.09%   4.3  590s
H4985245 3274612                    1613156.9283 1612284.06  0.05%   4.3  593s
H4986935 3228741                    1612833.0424 1612284.06  0.03%   4.3  594s
 4990866 3231285 1612284.93  104   14 1612833.04 1612284.06  0.03%   4.3  595s

Cutting planes:
  Cover: 1056
  Projected implied bound: 3
  MIR: 172
  Flow cover: 18
  Zero half: 1

Explored 4992823 nodes (21606758 simplex iterations) in 600.06 seconds (678.40 work units)
Thread count was 24 (of 24 available processors)

Solution count 10: 1.61283e+06 1.61316e+06 1.61377e+06 ... 1.61386e+06

Time limit reached
Best objective 1.612833042399e+06, best bound 1.612284058845e+06, gap 0.0340%
