
Gurobi 13.0.2 (linux64, Python) logging started Sat Aug 22 14:10:44 2026

Set parameter LogToConsole to value 0
Set parameter Username
Set parameter LicenseID to value 2748191
Set parameter TimeLimit to value 120
Set parameter LogFile to value "output/bz_nbr7008_075/weighted_loss/retail_y_2__retail_v_4__retail_v_4__rolled_leftover_2/period_3/gurobi.log"
Academic license - for non-commercial use only - expires 2026-12-01
Gurobi Optimizer version 13.0.2 build v13.0.2rc1 (linux64 - "Debian GNU/Linux 13 (trixie)")

CPU model: 13th Gen Intel(R) Core(TM) i7-13700HX, instruction set [SSE2|AVX|AVX2]
Thread count: 24 physical cores, 24 logical processors, using up to 24 threads

Non-default parameters:
TimeLimit  120
LogToConsole  0

Optimize a model with 14882 rows, 10042 columns and 41796 nonzeros (Min)
Model fingerprint: 0x7c581418
Model has 3280 linear objective coefficients and an objective constant of 194321.8212016
Variable types: 8186 continuous, 1856 integer (1856 binary)
Coefficient statistics:
  Matrix range     [1e-02, 8e+03]
  Objective range  [1e+01, 8e+04]
  Bounds range     [1e+00, 1e+00]
  RHS range        [4e-02, 2e+04]

Presolve removed 11834 rows and 7875 columns
Presolve time: 0.18s
Presolved: 3048 rows, 2167 columns, 15514 nonzeros
Variable types: 1380 continuous, 787 integer (786 binary)

Root relaxation: objective 2.286511e+05, 1593 iterations, 0.05 seconds (0.07 work units)

    Nodes    |    Current Node    |     Objective Bounds      |     Work
 Expl Unexpl |  Obj  Depth IntInf | Incumbent    BestBd   Gap | It/Node Time

     0     0 228651.131    0  106          - 228651.131      -     -    0s
     0     0 228879.513    0  100          - 228879.513      -     -    0s
H    0     0                    553832.81170 228880.474  58.7%     -    0s
H    0     0                    551058.43181 228880.474  58.5%     -    0s
H    0     0                    548524.16731 228880.474  58.3%     -    0s
H    0     0                    548175.33709 228880.474  58.2%     -    0s
H    0     0                    548116.81753 228880.474  58.2%     -    0s
     0     0 232373.209    0   71 548116.818 232373.209  57.6%     -    0s
H    0     0                    486139.75846 232373.668  52.2%     -    0s
H    0     0                    434513.39219 232373.668  46.5%     -    0s
H    0     0                    427141.15906 232373.668  45.6%     -    0s
H    0     0                    425971.45192 232373.668  45.4%     -    0s
     0     0 232374.351    0   76 425971.452 232374.351  45.4%     -    0s
     0     0 232374.351    0   77 425971.452 232374.351  45.4%     -    0s
     0     0 240036.155    0   65 425971.452 240036.155  43.6%     -    0s
H    0     0                    416192.41888 240036.155  42.3%     -    0s
H    0     0                    416078.67316 240036.155  42.3%     -    0s
     0     0 240200.485    0   75 416078.673 240200.485  42.3%     -    0s
     0     0 240783.027    0   87 416078.673 240783.027  42.1%     -    0s
     0     0 240794.793    0   89 416078.673 240794.793  42.1%     -    0s
     0     0 240806.604    0   75 416078.673 240806.604  42.1%     -    0s
     0     0 241588.467    0   98 416078.673 241588.467  41.9%     -    1s
     0     0 241588.468    0   96 416078.673 241588.468  41.9%     -    1s
     0     0 241605.277    0   94 416078.673 241605.277  41.9%     -    1s
H    0     0                    410949.72474 241605.277  41.2%     -    1s
H    0     0                    396088.86944 241735.628  39.0%     -    1s
H    0     0                    383996.88907 241735.628  37.0%     -    1s
H    0     0                    383973.37511 241735.628  37.0%     -    1s
H    0     0                    382411.49482 241735.628  36.8%     -    1s
H    0     0                    382272.27386 241735.628  36.8%     -    1s
     0     0 241735.628    0  114 382272.274 241735.628  36.8%     -    1s
     0     0 241764.928    0  119 382272.274 241764.928  36.8%     -    1s
     0     0 241772.509    0  122 382272.274 241772.509  36.8%     -    1s
     0     0 241774.643    0  133 382272.274 241774.643  36.8%     -    1s
     0     0 241787.678    0  133 382272.274 241787.678  36.7%     -    1s
H    0     0                    369240.76997 241788.193  34.5%     -    1s
H    0     0                    368468.93036 241788.193  34.4%     -    1s
H    0     0                    366707.98150 241788.193  34.1%     -    1s
H    0     0                    364376.37669 241788.193  33.6%     -    1s
H    0     0                    357713.43050 241790.687  32.4%     -    1s
     0     0 241790.687    0  130 357713.431 241790.687  32.4%     -    1s
H    0     0                    352497.39481 241822.406  31.4%     -    1s
     0     0 241822.406    0   97 352497.395 241822.406  31.4%     -    1s
     0     0 241822.626    0  111 352497.395 241822.626  31.4%     -    1s
H    0     0                    349785.85343 242066.953  30.8%     -    2s
H    0     0                    346870.02147 242066.953  30.2%     -    2s
H    0     0                    344945.98365 242066.953  29.8%     -    2s
     0     0 243210.381    0   98 344945.984 243210.381  29.5%     -    2s
     0     0 243895.722    0  108 344945.984 243895.722  29.3%     -    2s
     0     0 243909.170    0  119 344945.984 243909.170  29.3%     -    2s
     0     0 243923.484    0  127 344945.984 243923.484  29.3%     -    2s
     0     0 243933.310    0  124 344945.984 243933.310  29.3%     -    2s
H    0     0                    337003.32636 244852.063  27.3%     -    2s
     0     0 244852.063    0   96 337003.326 244852.063  27.3%     -    2s
H    0     0                    333948.41939 244858.947  26.7%     -    2s
     0     0 245015.415    0   96 333948.419 245015.415  26.6%     -    2s
     0     0 245288.478    0  125 333948.419 245288.478  26.5%     -    2s
     0     0 245291.700    0  139 333948.419 245291.700  26.5%     -    2s
H    0     0                    330970.13880 245291.700  25.9%     -    2s
     0     0 245292.755    0  164 330970.139 245292.755  25.9%     -    2s
     0     0 245902.571    0  182 330970.139 245902.571  25.7%     -    2s
     0     0 245911.770    0  207 330970.139 245911.770  25.7%     -    2s
     0     0 245912.862    0  205 330970.139 245912.862  25.7%     -    2s
H    0     0                    330244.01095 245912.862  25.5%     -    2s
     0     0 246227.457    0  155 330244.011 246227.457  25.4%     -    2s
     0     0 246354.542    0  173 330244.011 246354.542  25.4%     -    2s
     0     0 246371.835    0  180 330244.011 246371.835  25.4%     -    2s
H    0     0                    328648.17656 246380.082  25.0%     -    2s
H    0     0                    328408.87046 246380.082  25.0%     -    2s
     0     0 246380.082    0  176 328408.870 246380.082  25.0%     -    2s
     0     0 246390.954    0  206 328408.870 246390.954  25.0%     -    3s
     0     0 246391.065    0  206 328408.870 246391.065  25.0%     -    3s
     0     0 246830.876    0  176 328408.870 246830.876  24.8%     -    3s
     0     0 247037.262    0  182 328408.870 247037.262  24.8%     -    3s
     0     0 247037.262    0  212 328408.870 247037.262  24.8%     -    3s
     0     0 247037.262    0  220 328408.870 247037.262  24.8%     -    3s
     0     0 247810.952    0  145 328408.870 247810.952  24.5%     -    3s
     0     0 248134.882    0  163 328408.870 248134.882  24.4%     -    3s
     0     0 248143.865    0  166 328408.870 248143.865  24.4%     -    3s
     0     0 248146.713    0  178 328408.870 248146.713  24.4%     -    3s
     0     0 248205.626    0  191 328408.870 248205.626  24.4%     -    3s
     0     0 248218.872    0  196 328408.870 248218.872  24.4%     -    3s
     0     0 248221.270    0  189 328408.870 248221.270  24.4%     -    3s
H    0     0                    324365.91032 248451.788  23.4%     -    3s
     0     0 248451.788    0  207 324365.910 248451.788  23.4%     -    3s
H    0     0                    324253.81410 248452.039  23.4%     -    3s
     0     0 248455.235    0  231 324253.814 248455.235  23.4%     -    3s
     0     0 248571.653    0  176 324253.814 248571.653  23.3%     -    3s
     0     0 248572.087    0  196 324253.814 248572.087  23.3%     -    3s
     0     0 248662.986    0  188 324253.814 248662.986  23.3%     -    4s
     0     0 248680.949    0  219 324253.814 248680.949  23.3%     -    4s
     0     0 248680.949    0  204 324253.814 248680.949  23.3%     -    4s
     0     0 248680.949    0  204 324253.814 248680.949  23.3%     -    4s
     0     0 248680.949    0  204 324253.814 248680.949  23.3%     -    4s
     0     0 248680.949    0  204 324253.814 248680.949  23.3%     -    4s
H    0     0                    323224.68231 248680.949  23.1%     -    4s
H    0     0                    320198.40172 248680.949  22.3%     -    4s
     0     2 248680.949    0  204 320198.402 248680.949  22.3%     -    4s
     7    16 248738.032    3  164 320198.402 248710.534  22.3%   474    5s
H   16    26                    319526.30802 248761.083  22.1%   720    5s
H   44    44                    312866.81592 248912.971  20.4%   655    5s
H   58    73                    312695.49970 249046.982  20.4%   672    6s
H   65    73                    312692.72919 249046.982  20.4%   684    6s
   709   604 264721.705   19  111 312692.729 249419.640  20.2%   331   10s
  2205  1408     cutoff   21      312692.729 251099.183  19.7%   232   15s
* 3711  1747              31    296979.52187 252191.983  15.1%   201   19s
* 3714  1674              31    291224.67208 252191.983  13.4%   201   19s
  4176  1832 254649.073   12  161 291224.672 252193.114  13.4%   193   20s
* 4332  1721              34    286787.96329 252201.378  12.1%   191   20s
H 5320  1887                    282581.09200 252536.449  10.6%   185   24s
H 5325  1796                    279907.53286 252536.449  9.78%   184   24s
  5327  1797 270739.400   24  179 279907.533 252536.449  9.78%   184   25s
H 5335  1712                    279149.01940 252536.449  9.53%   184   26s
  5363  1731 257755.464   18  231 279149.019 252678.172  9.48%   183   30s
H 5598  1690                    275621.35455 256506.315  6.94%   191   33s
H 5741  1567                    274926.57169 256968.612  6.53%   191   34s
  5954  1548 264727.262   28   94 274926.572 257658.124  6.28%   195   35s
H 6479  1442                    274750.08010 259141.138  5.68%   195   37s
  7472  1424 272315.663   23  108 274750.080 259183.215  5.67%   199   40s
  9341  1123 264399.008   31   96 274750.080 260403.680  5.22%   201   45s
 10743  1134 272705.579   42   67 274750.080 263979.124  3.92%   194   50s
 14861  1053 270723.357   46   17 274750.080 267468.702  2.65%   177   55s
 18199   461 271771.024   39   61 274750.080 270011.394  1.72%   167   61s
 20851    31 273342.819   26  160 274750.080 272714.549  0.74%   160   65s

Cutting planes:
  Learned: 13
  Gomory: 12
  Cover: 96
  Implied bound: 70
  Projected implied bound: 33
  Clique: 1
  MIR: 555
  StrongCG: 24
  Flow cover: 313
  GUB cover: 56
  Inf proof: 5
  Zero half: 8
  RLT: 18
  Relax-and-lift: 57

Explored 21253 nodes (3390182 simplex iterations) in 65.68 seconds (72.49 work units)
Thread count was 24 (of 24 available processors)

Solution count 10: 274750 274927 275621 ... 312693

Optimal solution found (tolerance 1.00e-04)
Best objective 2.747500800981e+05, best bound 2.747500800981e+05, gap 0.0000%
