
Gurobi 13.0.2 (linux64, Python) logging started Thu Aug 13 22:40:37 2026

Set parameter LogToConsole to value 0
Set parameter Username
Set parameter LicenseID to value 2748191
Set parameter TimeLimit to value 120
Set parameter LogFile to value "output/bz_nbr7008_043/weighted_loss/retail_y_4__retail_v_2__rolled_leftover_4/period_4/gurobi.log"
Academic license - for non-commercial use only - expires 2026-12-01
Gurobi Optimizer version 13.0.2 build v13.0.2rc1 (linux64 - "Debian GNU/Linux 13 (trixie)")

CPU model: 13th Gen Intel(R) Core(TM) i7-13700HX, instruction set [SSE2|AVX|AVX2]
Thread count: 24 physical cores, 24 logical processors, using up to 24 threads

Non-default parameters:
TimeLimit  120
LogToConsole  0

Optimize a model with 202789 rows, 135697 columns and 710457 nonzeros (Min)
Model fingerprint: 0xbf79feda
Model has 54390 linear objective coefficients and an objective constant of 1.9789333685040002e+05
Variable types: 111828 continuous, 23869 integer (23869 binary)
Coefficient statistics:
  Matrix range     [3e-03, 1e+04]
  Objective range  [1e+01, 3e+05]
  Bounds range     [1e+00, 1e+00]
  RHS range        [1e-01, 3e+04]

Presolve removed 121190 rows and 84016 columns
Presolve time: 3.44s
Presolved: 81599 rows, 51681 columns, 816260 nonzeros
Variable types: 33807 continuous, 17874 integer (17827 binary)
Deterministic concurrent LP optimizer: primal simplex, dual simplex, and barrier
Showing barrier log only...

Root barrier log...

Ordering time: 0.40s

Barrier statistics:
 Dense cols : 24
 AA' NZ     : 7.132e+06
 Factor NZ  : 1.217e+07 (roughly 140 MB of memory)
 Factor Ops : 3.452e+09 (less than 1 second per iteration)
 Threads    : 21

                  Objective                Residual
Iter       Primal          Dual         Primal    Dual     Compl     Time
   0  -5.74380852e+09 -1.61259803e+10  2.37e+06 2.76e+02  3.81e+06     5s
   1  -3.51867042e+09 -1.43165828e+10  1.55e+06 4.06e+02  2.16e+06     5s
   2  -1.27686370e+09 -1.15674856e+10  5.19e+05 9.82e+01  7.56e+05     5s
   3  -3.50807481e+08 -5.35249690e+09  1.44e+05 3.70e+00  2.09e+05     5s
   4  -3.24155438e+07 -1.26050261e+09  1.69e+04 1.18e-10  2.63e+04     5s
   5   7.58980305e+06 -5.73385410e+08  1.82e+03 1.38e-10  5.69e+03     5s
   6   9.23491061e+06 -1.22937738e+08  1.18e+03 4.37e-11  1.53e+03     5s
   7   1.01455388e+07 -5.78438901e+07  7.30e+02 2.46e-11  7.86e+02     5s
   8   1.01908582e+07 -2.85703320e+07  2.88e+02 1.75e-11  3.72e+02     5s
   9   9.07799518e+06 -1.52552188e+07  9.31e+01 1.21e-11  1.99e+02     5s
  10   7.80614710e+06 -1.13796687e+07  6.07e+01 1.09e-11  1.52e+02     6s
  11   5.46214298e+06 -8.55497362e+06  3.33e+01 1.59e-11  1.08e+02     6s
  12   2.86299227e+06 -2.30747243e+06  1.68e+01 1.21e-11  4.07e+01     6s
  13   2.40980283e+06 -2.08281728e+06  1.33e+01 1.71e-11  3.51e+01     6s
  14   2.16198119e+06 -1.25767619e+06  1.15e+01 1.95e-11  2.71e+01     6s
  15   1.56240168e+06 -8.52101576e+05  6.52e+00 2.66e-11  1.88e+01     6s
  16   1.53877623e+06 -7.93222118e+05  6.32e+00 2.06e-11  1.81e+01     6s
  17   1.24551527e+06 -1.02541427e+05  3.86e+00 2.22e-11  1.06e+01     6s
  18   1.04578446e+06  6.12708860e+04  2.33e+00 2.37e-11  7.63e+00     6s
  19   1.01052093e+06  3.57733754e+05  2.06e+00 2.00e-11  5.24e+00     6s
  20   9.15374348e+05  4.17955348e+05  1.42e+00 2.54e-11  3.95e+00     6s
  21   8.39970522e+05  5.51145304e+05  8.73e-01 2.47e-11  2.31e+00     6s
  22   7.73851314e+05  6.12694397e+05  3.21e-01 2.46e-11  1.23e+00     6s
  23   7.49954753e+05  6.76567776e+05  1.56e-01 1.72e-11  5.60e-01     6s
  24   7.43572637e+05  6.77566123e+05  1.20e-01 2.60e-11  4.98e-01     6s
  25   7.39475440e+05  6.99526412e+05  9.79e-02 2.85e-11  3.07e-01     6s
  26   7.38761636e+05  7.01720627e+05  9.32e-02 3.19e-11  2.85e-01     6s
  27   7.37432130e+05  7.07737748e+05  8.25e-02 3.06e-11  2.30e-01     6s
  28   7.33938277e+05  7.08782749e+05  6.03e-02 2.56e-11  1.92e-01     7s
  29   7.27391225e+05  7.20250114e+05  1.71e-02 2.49e-11  5.43e-02     7s
  30   7.24763096e+05  7.21364823e+05  6.95e-03 3.10e-11  2.56e-02     7s
  31   7.24245740e+05  7.21800095e+05  5.25e-03 1.61e-11  1.85e-02     7s
  32   7.23793587e+05  7.22009125e+05  3.78e-03 2.06e-11  1.35e-02     7s
  33   7.23574893e+05  7.22288211e+05  3.07e-03 2.55e-11  9.79e-03     7s
  34   7.23429824e+05  7.22344046e+05  2.63e-03 2.34e-11  8.27e-03     7s
  35   7.23289379e+05  7.22410785e+05  2.23e-03 2.73e-11  6.72e-03     7s
  36   7.23058042e+05  7.22470435e+05  1.54e-03 2.83e-11  4.51e-03     7s
  37   7.22741840e+05  7.22507300e+05  5.92e-04 2.34e-11  1.79e-03     7s
  38   7.22670433e+05  7.22525220e+05  3.84e-04 1.38e-11  1.12e-03     7s
  39   7.22574150e+05  7.22531064e+05  1.04e-04 2.25e-11  3.29e-04     7s
  40   7.22538671e+05  7.22535646e+05  2.23e-06 2.23e-11  2.19e-05     7s
  41   7.22536993e+05  7.22536452e+05  2.59e-07 2.87e-11  3.87e-06     7s
  42   7.22536838e+05  7.22536728e+05  7.69e-08 2.69e-11  7.91e-07     7s
  43   7.22536771e+05  7.22536756e+05  3.49e-07 2.73e-11  1.11e-07     7s
  44   7.22536766e+05  7.22536766e+05  1.65e-07 3.14e-11  3.45e-09     7s

Barrier solved model in 44 iterations and 7.50 seconds (13.86 work units)
Optimal objective 7.22536766e+05


Root crossover log...

   48590 DPushes remaining with DInf 1.1924362e-02                 8s
       0 DPushes remaining with DInf 0.0000000e+00                 8s

      65 PPushes remaining with PInf 5.3355942e-04                 8s
       0 PPushes remaining with PInf 0.0000000e+00                 8s

  Push phase complete: Pinf 0.0000000e+00, Dinf 8.0735485e+02      8s


Root simplex log...

Iteration    Objective       Primal Inf.    Dual Inf.      Time
   30895    7.2253677e+05   0.000000e+00   8.073548e+02      8s
   31065    7.2253677e+05   0.000000e+00   0.000000e+00      8s
Crossover time: 0.37 seconds (0.55 work units)
Concurrent spin time: 0.01s

Solved with barrier
   31072    7.2253677e+05   0.000000e+00   0.000000e+00      8s

Extra simplex iterations after uncrush: 7

Root relaxation: objective 7.225368e+05, 31072 iterations, 4.24 seconds (6.80 work units)

    Nodes    |    Current Node    |     Objective Bounds      |     Work
 Expl Unexpl |  Obj  Depth IntInf | Incumbent    BestBd   Gap | It/Node Time

     0     0 722536.766    0  173          - 722536.766      -     -    8s
     0     0 722537.651    0  168          - 722537.651      -     -    8s
H    0     0                    1770394.8194 722537.651  59.2%     -   14s
H    0     0                    1756886.8136 722537.651  58.9%     -   15s
H    0     0                    1651331.0974 722537.651  56.2%     -   15s
H    0     0                    1578712.7664 722537.651  54.2%     -   15s
H    0     0                    1575620.5265 722537.651  54.1%     -   15s
H    0     0                    1574118.6561 722537.651  54.1%     -   15s
H    0     0                    1568126.5754 722537.651  53.9%     -   15s
H    0     0                    1520546.3866 722537.651  52.5%     -   15s
H    0     0                    1506669.6845 722537.651  52.0%     -   15s
H    0     0                    1506576.9934 722537.651  52.0%     -   15s
H    0     0                    1502277.2919 722537.651  51.9%     -   15s
H    0     0                    1498246.2976 722537.651  51.8%     -   15s
H    0     0                    1494039.2872 722537.651  51.6%     -   15s
H    0     0                    1490695.5268 722537.651  51.5%     -   15s
H    0     0                    1361228.8113 722537.651  46.9%     -   19s
H    0     0                    1356054.6221 722537.651  46.7%     -   19s
H    0     0                    1349492.4967 722537.651  46.5%     -   19s
H    0     0                    1326345.1594 722537.651  45.5%     -   19s
H    0     0                    1313123.1968 722537.651  45.0%     -   19s
     0     0 723185.163    0  152 1313123.20 723185.163  44.9%     -   20s
     0     0 723185.403    0  151 1313123.20 723185.403  44.9%     -   20s
     0     0 723185.648    0  152 1313123.20 723185.648  44.9%     -   20s
     0     0 723186.083    0  151 1313123.20 723186.083  44.9%     -   20s
H    0     0                    1299166.0127 723186.732  44.3%     -   21s
H    0     0                    1266763.7901 723186.732  42.9%     -   21s
H    0     0                    1263782.1147 723186.732  42.8%     -   21s
H    0     0                    1260556.2971 723186.732  42.6%     -   21s
H    0     0                    1257372.2861 723186.732  42.5%     -   21s
H    0     0                    1250342.2718 723186.732  42.2%     -   21s
H    0     0                    1249548.5708 723186.732  42.1%     -   21s
H    0     0                    1249412.9310 723186.732  42.1%     -   22s
H    0     0                    1233480.2830 723186.732  41.4%     -   22s
     0     0 723190.428    0  151 1233480.28 723190.428  41.4%     -   23s
     0     0 728033.553    0  179 1233480.28 728033.553  41.0%     -   25s
     0     0 728957.774    0  178 1233480.28 728957.774  40.9%     -   25s
     0     0 728957.775    0  177 1233480.28 728957.775  40.9%     -   25s
H    0     0                    1227794.1288 728957.775  40.6%     -   27s
     0     0 729269.755    0  172 1227794.13 729269.755  40.6%     -   28s
     0     0 729281.664    0  194 1227794.13 729281.664  40.6%     -   28s
H    0     0                    1227310.0368 729282.060  40.6%     -   28s
H    0     0                    1220012.0084 729282.060  40.2%     -   29s
H    0     0                    1182948.7791 729282.060  38.4%     -   29s
H    0     0                    1178934.7980 729282.060  38.1%     -   30s
H    0     0                    1171456.4427 729282.060  37.7%     -   30s
H    0     0                    1171264.9691 729282.060  37.7%     -   31s
H    0     0                    1171231.2159 729282.060  37.7%     -   32s
H    0     0                    1158017.2384 729282.060  37.0%     -   32s
H    0     0                    1154607.8767 729282.060  36.8%     -   32s
H    0     0                    1153547.8404 729282.060  36.8%     -   32s
H    0     0                    1146352.2030 729282.060  36.4%     -   32s
H    0     0                    1146309.0152 729282.060  36.4%     -   32s
H    0     0                    1138320.0481 729282.060  35.9%     -   32s
     0     0 729295.625    0  194 1138320.05 729295.625  35.9%     -   33s
     0     0 729296.950    0  194 1138320.05 729296.950  35.9%     -   33s
     0     0 738273.205    0  286 1138320.05 738273.205  35.1%     -   37s
     0     0 738277.069    0  248 1138320.05 738277.069  35.1%     -   37s
     0     0 738395.922    0  341 1138320.05 738395.922  35.1%     -   38s
     0     0 738400.323    0  312 1138320.05 738400.323  35.1%     -   39s
     0     0 738790.331    0  276 1138320.05 738790.331  35.1%     -   40s
     0     0 738865.125    0  289 1138320.05 738865.125  35.1%     -   41s
     0     0 738865.290    0  269 1138320.05 738865.290  35.1%     -   41s
     0     0 741920.961    0  351 1138320.05 741920.961  34.8%     -   43s
     0     0 742246.205    0  346 1138320.05 742246.205  34.8%     -   44s
     0     0 742246.305    0  316 1138320.05 742246.305  34.8%     -   44s
     0     0 742304.354    0  316 1138320.05 742304.354  34.8%     -   45s
     0     0 742308.854    0  346 1138320.05 742308.854  34.8%     -   45s
     0     0 742308.854    0  345 1138320.05 742308.854  34.8%     -   45s
     0     0 742309.263    0  315 1138320.05 742309.263  34.8%     -   45s
     0     0 745654.060    0  343 1138320.05 745654.060  34.5%     -   48s
     0     0 745654.792    0  343 1138320.05 745654.792  34.5%     -   48s
     0     0 745655.535    0  343 1138320.05 745655.535  34.5%     -   49s
H    0     0                    1138314.0010 745655.737  34.5%     -   49s
H    0     0                    1125477.1983 745655.737  33.7%     -   49s
H    0     0                    1107983.7842 745655.737  32.7%     -   49s
     0     0 746783.126    0  399 1107983.78 746783.126  32.6%     -   51s
     0     0 746783.239    0  401 1107983.78 746783.239  32.6%     -   51s
     0     0 746784.315    0  398 1107983.78 746784.315  32.6%     -   51s
     0     0 747039.208    0  441 1107983.78 747039.208  32.6%     -   52s
     0     0 747044.304    0  436 1107983.78 747044.304  32.6%     -   52s
     0     0 747047.896    0  436 1107983.78 747047.896  32.6%     -   52s
     0     0 747049.535    0  436 1107983.78 747049.535  32.6%     -   52s
     0     0 747049.537    0  436 1107983.78 747049.537  32.6%     -   52s
     0     0 747049.766    0  436 1107983.78 747049.766  32.6%     -   52s
     0     0 747052.360    0  436 1107983.78 747052.360  32.6%     -   52s
     0     0 747266.904    0  392 1107983.78 747266.904  32.6%     -   53s
     0     0 747335.150    0  406 1107983.78 747335.150  32.5%     -   53s
     0     0 747338.677    0  459 1107983.78 747338.677  32.5%     -   53s
     0     0 753723.419    0  330 1107983.78 753723.419  32.0%     -   55s
     0     0 754323.572    0  316 1107983.78 754323.572  31.9%     -   56s
     0     0 754490.435    0  357 1107983.78 754490.435  31.9%     -   57s
     0     0 754490.442    0  355 1107983.78 754490.442  31.9%     -   57s
     0     0 759020.823    0  306 1107983.78 759020.823  31.5%     -   58s
H    0     0                    1107843.5382 759020.823  31.5%     -   59s
H    0     0                    1104587.1634 759020.823  31.3%     -   61s
H    0     0                    1102539.6078 759020.823  31.2%     -   61s
     0     0 759635.037    0  386 1102539.61 759635.037  31.1%     -   64s
     0     0 759717.823    0  402 1102539.61 759717.823  31.1%     -   64s
     0     0 759741.711    0  343 1102539.61 759741.711  31.1%     -   65s
     0     0 759751.759    0  354 1102539.61 759751.759  31.1%     -   65s
     0     0 764184.671    0  406 1102539.61 764184.671  30.7%     -   67s
     0     0 764792.803    0  371 1102539.61 764792.803  30.6%     -   68s
     0     0 764995.887    0  410 1102539.61 764995.887  30.6%     -   68s
     0     0 765020.095    0  360 1102539.61 765020.095  30.6%     -   68s
     0     0 765025.020    0  384 1102539.61 765025.020  30.6%     -   68s
     0     0 767761.034    0  367 1102539.61 767761.034  30.4%     -   70s
     0     0 767914.206    0  408 1102539.61 767914.206  30.4%     -   70s
     0     0 767952.503    0  427 1102539.61 767952.503  30.3%     -   71s
     0     0 767954.312    0  414 1102539.61 767954.312  30.3%     -   71s
     0     0 769830.346    0  331 1102539.61 769830.346  30.2%     -   73s
     0     0 770062.370    0  358 1102539.61 770062.370  30.2%     -   74s
     0     0 770084.971    0  387 1102539.61 770084.971  30.2%     -   74s
     0     0 770088.469    0  366 1102539.61 770088.469  30.2%     -   74s
     0     0 770805.323    0  333 1102539.61 770805.323  30.1%     -   76s
     0     0 770953.957    0  381 1102539.61 770953.957  30.1%     -   76s
     0     0 771036.981    0  359 1102539.61 771036.981  30.1%     -   77s
     0     0 771040.262    0  367 1102539.61 771040.262  30.1%     -   77s
     0     0 771900.422    0  335 1102539.61 771900.422  30.0%     -   78s
     0     0 772118.644    0  331 1102539.61 772118.644  30.0%     -   79s
     0     0 772205.276    0  358 1102539.61 772205.276  30.0%     -   79s
     0     0 772220.582    0  355 1102539.61 772220.582  30.0%     -   80s
     0     0 772247.286    0  385 1102539.61 772247.286  30.0%     -   80s
     0     0 772250.663    0  300 1102539.61 772250.663  30.0%     -   80s
     0     0 773850.351    0  416 1102539.61 773850.351  29.8%     -   82s
H    0     0                    1102474.1251 773856.476  29.8%     -   83s
H    0     0                    1102430.9372 773856.476  29.8%     -   83s
H    0     0                    1101208.4724 773856.476  29.7%     -   83s
H    0     0                    1100580.6215 773856.476  29.7%     -   83s
H    0     0                    1100120.0090 773856.476  29.7%     -   84s
H    0     0                    1100116.1381 773856.476  29.7%     -   84s
     0     0 774372.125    0  397 1100116.14 774372.125  29.6%     -   85s
     0     0 774398.728    0  419 1100116.14 774398.728  29.6%     -   85s
     0     0 774491.605    0  422 1100116.14 774491.605  29.6%     -   85s
     0     0 774531.463    0  417 1100116.14 774531.463  29.6%     -   85s
     0     0 774532.120    0  423 1100116.14 774532.120  29.6%     -   86s
     0     0 775574.449    0  437 1100116.14 775574.449  29.5%     -   88s
H    0     0                    1100110.8309 775575.379  29.5%     -   88s
H    0     0                    1096785.1082 775575.379  29.3%     -   89s
     0     0 775735.969    0  473 1096785.11 775735.969  29.3%     -   90s
     0     0 775774.190    0  482 1096785.11 775774.190  29.3%     -   90s
     0     0 775786.746    0  498 1096785.11 775786.746  29.3%     -   91s
     0     0 777669.785    0  431 1096785.11 777669.785  29.1%     -   94s
H    0     0                    1096754.3853 777755.396  29.1%     -   95s
H    0     0                    1096748.8569 777755.396  29.1%     -   95s
H    0     0                    1096286.5749 777755.396  29.1%     -   95s
     0     0 778911.846    0  502 1096286.57 778911.846  28.9%     -   97s
H    0     0                    1088842.9722 779449.559  28.4%     -   99s
     0     0 779449.559    0  532 1088842.97 779449.559  28.4%     -   99s
     0     0 779587.909    0  548 1088842.97 779587.909  28.4%     -  100s
     0     0 779647.687    0  579 1088842.97 779647.687  28.4%     -  101s
     0     0 779653.514    0  571 1088842.97 779653.514  28.4%     -  101s
     0     0 782838.482    0  466 1088842.97 782838.482  28.1%     -  104s
H    0     0                    1088819.1377 782840.114  28.1%     -  105s
H    0     0                    1087231.2327 782840.114  28.0%     -  105s
H    0     0                    1085769.3096 782840.114  27.9%     -  105s
H    0     0                    1080394.2258 782840.114  27.5%     -  105s
H    0     0                    1080392.7473 782840.114  27.5%     -  106s
     0     0 783360.293    0  474 1080392.75 783360.293  27.5%     -  107s
     0     0 783807.810    0  435 1080392.75 783807.810  27.5%     -  108s
     0     0 783894.242    0  462 1080392.75 783894.242  27.4%     -  109s
     0     0 783932.277    0  442 1080392.75 783932.277  27.4%     -  109s
     0     0 783939.990    0  501 1080392.75 783939.990  27.4%     -  109s
     0     0 787574.245    0  452 1080392.75 787574.245  27.1%     -  112s
H    0     0                    1077901.1996 787698.075  26.9%     -  113s
H    0     0                    1075031.7157 787698.075  26.7%     -  113s
H    0     0                    1058711.5705 787698.075  25.6%     -  117s

Cutting planes:
  Learned: 7
  Gomory: 79
  Cover: 164
  Implied bound: 311
  Clique: 110
  MIR: 460
  Knapsack: 1
  StrongCG: 135
  Flow cover: 194
  GUB cover: 25
  Zero half: 2
  RLT: 343
  Relax-and-lift: 63
  BQP: 14

Explored 1 nodes (85073 simplex iterations) in 120.03 seconds (172.36 work units)
Thread count was 24 (of 24 available processors)

Solution count 10: 1.05871e+06 1.07503e+06 1.0779e+06 ... 1.09629e+06

Time limit reached
Best objective 1.058711570499e+06, best bound 7.876980753057e+05, gap 25.5984%
