
Gurobi 13.0.2 (linux64, Python) logging started Fri May  8 05:38:37 2026

Set parameter LogToConsole to value 0
Set parameter Username
Set parameter LicenseID to value 2748191
Set parameter TimeLimit to value 600
Set parameter LogFile to value "output/bz_nbr7008_095/period_4/gurobi.log"
Academic license - for non-commercial use only - expires 2026-12-01
Gurobi Optimizer version 13.0.2 build v13.0.2rc1 (linux64 - "Debian GNU/Linux 13 (trixie)")

CPU model: 13th Gen Intel(R) Core(TM) i7-13700HX, instruction set [SSE2|AVX|AVX2]
Thread count: 24 physical cores, 24 logical processors, using up to 24 threads

Non-default parameters:
TimeLimit  600
LogToConsole  0

Optimize a model with 9081 rows, 6395 columns and 24125 nonzeros (Min)
Model fingerprint: 0xf1155756
Model has 2319 linear objective coefficients and an objective constant of 92105.82663
Variable types: 5176 continuous, 1219 integer (1219 binary)
Coefficient statistics:
  Matrix range     [6e-03, 1e+04]
  Objective range  [5e+00, 1e+05]
  Bounds range     [1e+00, 1e+00]
  RHS range        [1e-01, 3e+04]

Presolve removed 6909 rows and 4836 columns
Presolve time: 0.06s
Presolved: 2172 rows, 1559 columns, 8747 nonzeros
Variable types: 989 continuous, 570 integer (546 binary)
Found heuristic solution: objective 412340.51282

Root relaxation: objective 1.048502e+04, 883 iterations, 0.01 seconds (0.03 work units)

    Nodes    |    Current Node    |     Objective Bounds      |     Work
 Expl Unexpl |  Obj  Depth IntInf | Incumbent    BestBd   Gap | It/Node Time

     0     0 10485.0213    0   21 412340.513 10485.0213  97.5%     -    0s
H    0     0                    398582.94384 10485.0213  97.4%     -    0s
H    0     0                    242811.27973 10485.0213  95.7%     -    0s
     0     0 10485.1933    0   26 242811.280 10485.1933  95.7%     -    0s
H    0     0                    121257.30121 10485.1933  91.4%     -    0s
     0     0 10485.1933    0   33 121257.301 10485.1933  91.4%     -    0s
     0     0 10485.4810    0   42 121257.301 10485.4810  91.4%     -    0s
     0     0 10485.4810    0   42 121257.301 10485.4810  91.4%     -    0s
     0     0 10485.4810    0   39 121257.301 10485.4810  91.4%     -    0s
H    0     0                    120756.07113 10485.4810  91.3%     -    0s
H    0     0                    109121.47510 10485.4810  90.4%     -    0s
H    0     0                    106065.70975 10485.4810  90.1%     -    0s
H    0     0                    105580.11556 10485.4810  90.1%     -    0s
     0     0 10487.9061    0   30 105580.116 10487.9061  90.1%     -    0s
     0     0 10487.9061    0   31 105580.116 10487.9061  90.1%     -    0s
     0     0 10488.2827    0   38 105580.116 10488.2827  90.1%     -    0s
     0     0 10488.2827    0   35 105580.116 10488.2827  90.1%     -    0s
     0     0 10488.2827    0   37 105580.116 10488.2827  90.1%     -    0s
     0     0 10488.2827    0   69 105580.116 10488.2827  90.1%     -    0s
     0     0 10488.2827    0   69 105580.116 10488.2827  90.1%     -    0s
     0     0 10488.2827    0   69 105580.116 10488.2827  90.1%     -    0s
     0     0 10488.2827    0   65 105580.116 10488.2827  90.1%     -    0s
H    0     0                    105339.80278 10488.4122  90.0%     -    0s
H    0     0                    105202.92192 10488.4122  90.0%     -    0s
     0     2 10488.4122    0   65 105202.922 10488.4122  90.0%     -    0s
H  150   177                    99364.999226 10490.5651  89.4%  34.0    0s
H  151   177                    68714.427156 10490.5651  84.7%  33.7    0s
H  214   222                    64596.443812 10490.5651  83.8%  38.2    0s
H  215   222                    57685.394439 10490.5651  81.8%  38.0    0s
H  221   222                    53161.247857 10490.5651  80.3%  39.6    0s
H  222   222                    52682.476386 10490.5651  80.1%  39.4    0s
H  770   613                    50674.898829 10490.6629  79.3%  38.2    0s
H  794   613                    48589.544316 10490.6629  78.4%  37.7    0s
* 1259   902              37    44355.550543 10491.2055  76.3%  35.8    0s
H 1935  1206                    40365.384154 10493.5536  74.0%  35.8    0s
H 2126  1303                    39969.789483 10494.2514  73.7%  35.6    0s
H 2162  1303                    39002.175487 10494.2514  73.1%  35.7    0s
H 2219  1298                    38624.981846 10494.2514  72.8%  35.9    0s
H 3308  1312                    37445.717240 10497.0031  72.0%  35.3    1s
H 4072  1294                    37085.350665 10497.2847  71.7%  34.5    1s
* 5236  1351              32    35521.491651 10504.9591  70.4%  33.5    1s
H 5398  1348                    35384.610790 10504.9591  70.3%  33.6    1s
H 5493  1348                    34888.073277 10520.9945  69.8%  33.5    1s
H 6034  1295                    34497.872220 10520.9945  69.5%  34.5    2s
H 6152  1267                    34364.375223 10520.9945  69.4%  34.5    2s
H 9466   875                    34224.988182 17456.8957  49.0%  37.3    4s
*10115   938              42    31992.921730 18190.0339  43.1%  37.7    4s
*10256   938              45    31980.396238 18190.0339  43.1%  37.8    4s
 13907  1094 24749.5589   32   23 31980.3962 24369.1058  23.8%  38.6    5s

Cutting planes:
  Learned: 1
  Cover: 9
  Implied bound: 2
  MIR: 18
  StrongCG: 3
  GUB cover: 1
  Inf proof: 6
  RLT: 3
  Relax-and-lift: 1

Explored 44956 nodes (1920709 simplex iterations) in 10.00 seconds (11.04 work units)
Thread count was 24 (of 24 available processors)

Solution count 10: 31980.4 31992.9 34225 ... 37445.7

Optimal solution found (tolerance 1.00e-04)
Best objective 3.198039623829e+04, best bound 3.198039623829e+04, gap 0.0000%
