
Gurobi 13.0.2 (linux64, Python) logging started Thu Jun  4 01:44:01 2026

Set parameter LogToConsole to value 0
Set parameter Username
Set parameter LicenseID to value 2748191
Set parameter TimeLimit to value 600
Set parameter LogFile to value "output/bz_nbr7008_043/period_3/gurobi.log"
Academic license - for non-commercial use only - expires 2026-12-01
Gurobi Optimizer version 13.0.2 build v13.0.2rc1 (linux64 - "Debian GNU/Linux 13 (trixie)")

CPU model: 13th Gen Intel(R) Core(TM) i7-13700HX, instruction set [SSE2|AVX|AVX2]
Thread count: 24 physical cores, 24 logical processors, using up to 24 threads

Non-default parameters:
TimeLimit  600
LogToConsole  0

Optimize a model with 197009 rows, 131518 columns and 691411 nonzeros (Min)
Model fingerprint: 0x0417cb90
Model has 108 linear objective coefficients
Variable types: 108388 continuous, 23130 integer (23130 binary)
Coefficient statistics:
  Matrix range     [3e-03, 1e+04]
  Objective range  [3e+04, 7e+04]
  Bounds range     [1e+00, 1e+00]
  RHS range        [1e-01, 4e+04]

Presolve removed 115468 rows and 80016 columns
Presolve time: 4.29s
Presolved: 81541 rows, 51502 columns, 812246 nonzeros
Variable types: 33712 continuous, 17790 integer (17746 binary)
Deterministic concurrent LP optimizer: primal simplex, dual simplex, and barrier
Showing barrier log only...

Root barrier log...

Ordering time: 0.50s

Barrier statistics:
 Dense cols : 40
 AA' NZ     : 7.089e+06
 Factor NZ  : 1.216e+07 (roughly 140 MB of memory)
 Factor Ops : 3.447e+09 (less than 1 second per iteration)
 Threads    : 21

                  Objective                Residual
Iter       Primal          Dual         Primal    Dual     Compl     Time
   0   1.73602877e+08 -3.14940191e+09  3.03e+06 1.49e+01  9.38e+05     6s
   1   2.04673681e+08 -2.88779400e+09  1.90e+06 7.77e+01  5.17e+05     6s
   2   5.16678026e+07 -2.42884637e+09  6.45e+05 1.73e+01  1.82e+05     6s
   3   1.92326159e+07 -1.27307109e+09  1.90e+05 2.06e-11  5.48e+04     6s
   4   6.50746645e+06 -3.55323887e+08  2.06e+04 2.43e-11  6.87e+03     6s
   5   5.21964102e+06 -1.52823195e+08  4.97e+03 4.48e-11  2.02e+03     7s
   6   4.92499346e+06 -7.20256513e+07  1.86e+03 3.82e-11  8.12e+02     7s
   7   4.83384549e+06 -1.65967326e+07  1.05e+03 9.21e-12  2.42e+02     7s
   8   4.44169616e+06 -9.93999946e+06  5.17e+02 6.03e-12  1.41e+02     7s
   9   3.81700500e+06 -5.59825474e+06  2.45e+02 3.52e-12  8.26e+01     7s
  10   3.31604584e+06 -3.99200434e+06  1.55e+02 3.75e-12  6.10e+01     7s
  11   2.78489974e+06 -2.76860047e+06  9.46e+01 3.69e-12  4.46e+01     7s
  12   2.10910921e+06 -1.96740499e+06  5.09e+01 3.58e-12  3.16e+01     7s
  13   1.54034455e+06 -1.48216094e+06  3.05e+01 3.92e-12  2.30e+01     7s
  14   1.25980906e+06 -3.40007844e+04  1.86e+01 4.81e-12  1.02e+01     7s
  15   1.13559830e+06  2.21438447e+05  1.32e+01 4.56e-12  7.28e+00     7s
  16   1.06412270e+06  4.69891921e+05  9.87e+00 7.43e-12  4.86e+00     7s
  17   9.99405010e+05  5.34670275e+05  7.16e+00 5.17e-12  3.77e+00     7s
  18   9.57168716e+05  6.11070979e+05  5.39e+00 5.91e-12  2.82e+00     7s
  19   8.99536284e+05  6.44762368e+05  3.05e+00 7.92e-12  2.01e+00     7s
  20   8.85013548e+05  7.35309668e+05  2.36e+00 3.57e-12  1.23e+00     7s
  21   8.51344454e+05  7.47835936e+05  8.69e-01 4.44e-12  7.93e-01     7s
  22   8.38134064e+05  7.91584682e+05  4.25e-01 3.50e-12  3.58e-01     7s
  23   8.30803079e+05  8.00726674e+05  2.31e-01 3.79e-12  2.28e-01     8s
  24   8.29662098e+05  8.03689089e+05  2.03e-01 4.76e-12  1.97e-01     8s
  25   8.26111132e+05  8.10486682e+05  1.14e-01 5.07e-12  1.18e-01     8s
  26   8.23162278e+05  8.15433555e+05  4.36e-02 4.67e-12  5.73e-02     8s
  27   8.21800674e+05  8.19010504e+05  1.35e-02 4.83e-12  2.05e-02     8s
  28   8.21196629e+05  8.20224836e+05  3.73e-03 6.91e-12  7.07e-03     8s
  29   8.20971079e+05  8.20600326e+05  7.51e-04 5.87e-12  2.66e-03     8s
  30   8.20923110e+05  8.20748285e+05  4.22e-04 6.03e-12  1.26e-03     8s
  31   8.20902147e+05  8.20784970e+05  3.06e-04 6.53e-12  8.45e-04     8s
  32   8.20897887e+05  8.20786819e+05  2.84e-04 5.53e-12  8.01e-04     8s
  33   8.20896486e+05  8.20792301e+05  2.77e-04 5.27e-12  7.52e-04     8s
  34   8.20884249e+05  8.20804451e+05  2.16e-04 8.74e-12  5.76e-04     8s
  35   8.20870659e+05  8.20809491e+05  1.46e-04 6.73e-12  4.41e-04     8s
  36   8.20868144e+05  8.20825534e+05  1.34e-04 8.93e-12  3.09e-04     8s
  37   8.20863990e+05  8.20829430e+05  1.16e-04 7.29e-12  2.51e-04     8s
  38   8.20859723e+05  8.20833961e+05  9.62e-05 6.93e-12  1.88e-04     8s
  39   8.20857100e+05  8.20835603e+05  8.25e-05 4.48e-12  1.57e-04     8s
  40   8.20855656e+05  8.20836460e+05  7.55e-05 4.83e-12  1.40e-04     8s
  41   8.20854854e+05  8.20836680e+05  7.16e-05 7.21e-12  1.33e-04     9s
  42   8.20850129e+05  8.20837895e+05  4.92e-05 4.66e-12  8.96e-05     9s
  43   8.20848445e+05  8.20838523e+05  4.17e-05 6.99e-12  7.28e-05     9s
  44   8.20844627e+05  8.20838751e+05  2.32e-05 5.57e-12  4.30e-05     9s
  45   8.20842305e+05  8.20839116e+05  1.27e-05 5.23e-12  2.34e-05     9s
  46   8.20840910e+05  8.20839297e+05  6.28e-06 8.07e-12  1.18e-05     9s
  47   8.20840644e+05  8.20839386e+05  5.10e-06 6.77e-12  9.23e-06     9s
  48   8.20839466e+05  8.20839435e+05  7.58e-08 5.63e-12  2.24e-07     9s
  49   8.20839450e+05  8.20839444e+05  2.86e-08 5.07e-12  4.50e-08     9s
  50   8.20839448e+05  8.20839448e+05  1.37e-08 7.60e-12  2.26e-10     9s

Barrier solved model in 50 iterations and 9.12 seconds (14.42 work units)
Optimal objective 8.20839448e+05


Root crossover log...

   43498 DPushes remaining with DInf 1.3423961e-01                 9s
       0 DPushes remaining with DInf 0.0000000e+00                 9s

      57 PPushes remaining with PInf 1.0486031e-04                 9s
       0 PPushes remaining with PInf 0.0000000e+00                 9s

  Push phase complete: Pinf 0.0000000e+00, Dinf 7.1011652e+01      9s


Root simplex log...

Iteration    Objective       Primal Inf.    Dual Inf.      Time
   30097    8.2083945e+05   0.000000e+00   7.101165e+01     10s
   30103    8.2083945e+05   0.000000e+00   0.000000e+00     10s
Crossover time: 0.39 seconds (0.57 work units)
Concurrent spin time: 0.22s

Solved with barrier
   30104    8.2083945e+05   0.000000e+00   0.000000e+00     10s

Extra simplex iterations after uncrush: 1

Root relaxation: objective 8.208394e+05, 30104 iterations, 5.17 seconds (7.48 work units)

    Nodes    |    Current Node    |     Objective Bounds      |     Work
 Expl Unexpl |  Obj  Depth IntInf | Incumbent    BestBd   Gap | It/Node Time

     0     0 820839.448    0  127          - 820839.448      -     -   10s
H    0     0                    1379754.9631 820839.448  40.5%     -   10s
H    0     0                    1365656.8795 820839.448  39.9%     -   10s
H    0     0                    1302168.4346 820839.448  37.0%     -   10s
H    0     0                    1300057.0129 820839.448  36.9%     -   10s
H    0     0                    1238677.9225 820839.448  33.7%     -   10s
H    0     0                    1237840.0148 820839.448  33.7%     -   10s
H    0     0                    1234795.7088 820839.448  33.5%     -   11s
H    0     0                    1234201.8464 820839.448  33.5%     -   11s
H    0     0                    1233607.9839 820839.448  33.5%     -   11s
H    0     0                    1171203.7888 820839.448  29.9%     -   13s
H    0     0                    1034754.4107 820839.448  20.7%     -   13s
H    0     0                    1028165.6269 820839.448  20.2%     -   13s
H    0     0                    1003769.5530 820839.448  18.2%     -   13s
H    0     0                    1003454.4830 820839.448  18.2%     -   13s
H    0     0                    969313.41766 820839.448  15.3%     -   14s
H    0     0                    953231.10063 820839.448  13.9%     -   18s
H    0     0                    951936.85716 820839.448  13.8%     -   18s
     0     0 820882.784    0  154 951936.857 820882.784  13.8%     -   19s
H    0     0                    947300.05578 820882.815  13.3%     -   20s
H    0     0                    942090.30170 820882.815  12.9%     -   20s
H    0     0                    929930.73372 820882.815  11.7%     -   20s
H    0     0                    928517.81039 820882.815  11.6%     -   20s
H    0     0                    924297.29425 820882.815  11.2%     -   21s
     0     0 820884.725    0  157 924297.294 820884.725  11.2%     -   21s
     0     0 820884.920    0  157 924297.294 820884.920  11.2%     -   21s
H    0     0                    921178.28132 820884.920  10.9%     -   22s
H    0     0                    918874.36318 820884.920  10.7%     -   22s
H    0     0                    918712.64732 820884.920  10.6%     -   22s
H    0     0                    918192.35837 820884.920  10.6%     -   22s
     0     0 821578.641    0  144 918192.358 821578.641  10.5%     -   23s
     0     0 821580.108    0  116 918192.358 821580.108  10.5%     -   23s
     0     0 821580.148    0  115 918192.358 821580.148  10.5%     -   24s
     0     0 825634.023    0  175 918192.358 825634.023  10.1%     -   26s
H    0     0                    912163.18391 825750.845  9.47%     -   27s
H    0     0                    908901.70644 825750.845  9.15%     -   27s
     0     0 826477.756    0  178 908901.706 826477.756  9.07%     -   28s
     0     0 826525.817    0  179 908901.706 826525.817  9.06%     -   28s
     0     0 835570.199    0  235 908901.706 835570.199  8.07%     -   31s
     0     0 835570.199    0  234 908901.706 835570.199  8.07%     -   31s
     0     0 835799.876    0  281 908901.706 835799.876  8.04%     -   32s
H    0     0                    907162.54218 835952.245  7.85%     -   33s
     0     0 835952.245    0  299 907162.542 835952.245  7.85%     -   33s
     0     0 835955.350    0  293 907162.542 835955.350  7.85%     -   33s
     0     0 835959.628    0  288 907162.542 835959.628  7.85%     -   33s
     0     0 835977.209    0  301 907162.542 835977.209  7.85%     -   34s
H    0     0                    906703.95557 835977.209  7.80%     -   34s
     0     0 836814.804    0  321 906703.956 836814.804  7.71%     -   36s
H    0     0                    899077.37205 836815.190  6.93%     -   37s
H    0     0                    894971.35372 836815.190  6.50%     -   37s
H    0     0                    894920.17338 836815.190  6.49%     -   37s
H    0     0                    886629.45534 836815.190  5.62%     -   37s
     0     0 836851.060    0  314 886629.455 836851.060  5.61%     -   37s
     0     0 836851.409    0  329 886629.455 836851.409  5.61%     -   37s
     0     0 837319.149    0  313 886629.455 837319.149  5.56%     -   39s
     0     0 837397.568    0  302 886629.455 837397.568  5.55%     -   40s
     0     0 837447.713    0  354 886629.455 837447.713  5.55%     -   40s
     0     0 837478.334    0  336 886629.455 837478.334  5.54%     -   40s
     0     0 838035.054    0  318 886629.455 838035.054  5.48%     -   42s
     0     0 838035.056    0  317 886629.455 838035.056  5.48%     -   42s
     0     0 838286.433    0  294 886629.455 838286.433  5.45%     -   44s
     0     0 838314.800    0  336 886629.455 838314.800  5.45%     -   44s
     0     0 838314.800    0  336 886629.455 838314.800  5.45%     -   44s
     0     0 838314.817    0  336 886629.455 838314.817  5.45%     -   44s
     0     0 838314.948    0  332 886629.455 838314.948  5.45%     -   45s
     0     0 840936.857    0  338 886629.455 840936.857  5.15%     -   47s
     0     0 841479.145    0  354 886629.455 841479.145  5.09%     -   48s
     0     0 841586.902    0  359 886629.455 841586.902  5.08%     -   49s
     0     0 841606.402    0  402 886629.455 841606.402  5.08%     -   49s
     0     0 841648.169    0  387 886629.455 841648.169  5.07%     -   49s
     0     0 841652.637    0  436 886629.455 841652.637  5.07%     -   50s
     0     0 841655.296    0  393 886629.455 841655.296  5.07%     -   50s
     0     0 842492.193    0  377 886629.455 842492.193  4.98%     -   51s
     0     0 842492.193    0  375 886629.455 842492.193  4.98%     -   51s
H    0     0                    885658.44971 842492.309  4.87%     -   52s
H    0     0                    885567.56151 842492.309  4.86%     -   54s
H    0     0                    885525.17873 842492.309  4.86%     -   54s
     0     0 842597.570    0  379 885525.179 842597.570  4.85%     -   55s
     0     0 842610.796    0  356 885525.179 842610.796  4.85%     -   55s
     0     0 842612.809    0  357 885525.179 842612.809  4.85%     -   55s
     0     0 843751.417    0  384 885525.179 843751.417  4.72%     -   57s
     0     0 843751.942    0  384 885525.179 843751.942  4.72%     -   57s
     0     0 843756.847    0  382 885525.179 843756.847  4.72%     -   57s
     0     0 843757.506    0  382 885525.179 843757.506  4.72%     -   57s
     0     0 843765.707    0  380 885525.179 843765.707  4.72%     -   57s
     0     0 843882.764    0  338 885525.179 843882.764  4.70%     -   58s
     0     0 843885.840    0  355 885525.179 843885.840  4.70%     -   58s
     0     0 845124.359    0  376 885525.179 845124.359  4.56%     -   60s
     0     0 845473.209    0  370 885525.179 845473.209  4.52%     -   62s
     0     0 845555.386    0  392 885525.179 845555.386  4.51%     -   63s
     0     0 845561.715    0  426 885525.179 845561.715  4.51%     -   63s
     0     0 845567.148    0  427 885525.179 845567.148  4.51%     -   63s
     0     0 845574.088    0  394 885525.179 845574.088  4.51%     -   63s
     0     0 845576.815    0  356 885525.179 845576.815  4.51%     -   64s
     0     0 846334.617    0  407 885525.179 846334.617  4.43%     -   66s
     0     0 846525.323    0  409 885525.179 846525.323  4.40%     -   67s
     0     0 846583.996    0  460 885525.179 846583.996  4.40%     -   68s
     0     0 846584.001    0  461 885525.179 846584.001  4.40%     -   68s
     0     0 847543.082    0  396 885525.179 847543.082  4.29%     -   69s
H    0     0                    885347.14724 847558.063  4.27%     -   70s
     0     0 847671.568    0  439 885347.147 847671.568  4.26%     -   71s
     0     0 847709.875    0  446 885347.147 847709.875  4.25%     -   72s
     0     0 847709.878    0  445 885347.147 847709.878  4.25%     -   72s
     0     0 847726.493    0  480 885347.147 847726.493  4.25%     -   72s
     0     0 847727.731    0  482 885347.147 847727.731  4.25%     -   72s
     0     0 848416.878    0  475 885347.147 848416.878  4.17%     -   74s
     0     0 848481.092    0  386 885347.147 848481.092  4.16%     -   75s
     0     0 848506.741    0  386 885347.147 848506.741  4.16%     -   75s
     0     0 848541.016    0  356 885347.147 848541.016  4.16%     -   75s
     0     0 848550.875    0  376 885347.147 848550.875  4.16%     -   76s
     0     0 848556.640    0  433 885347.147 848556.640  4.16%     -   76s
     0     0 848558.009    0  419 885347.147 848558.009  4.16%     -   76s
     0     0 850250.876    0  390 885347.147 850250.876  3.96%     -   81s
H    0     0                    883457.04409 850283.521  3.75%     -   82s
     0     0 850459.623    0  406 883457.044 850459.623  3.74%     -   83s
     0     0 850530.005    0  404 883457.044 850530.005  3.73%     -   84s
     0     0 850547.560    0  425 883457.044 850547.560  3.73%     -   84s
     0     0 850551.257    0  402 883457.044 850551.257  3.72%     -   85s
     0     0 851846.322    0  395 883457.044 851846.322  3.58%     -   88s
H    0     0                    882686.06967 851846.435  3.49%     -   89s
H    0     0                    882156.59916 851846.435  3.44%     -   90s
H    0     0                    880782.06250 851846.435  3.29%     -   90s
H    0     0                    880095.35761 851846.435  3.21%     -   90s
H    0     0                    879792.97158 851846.435  3.18%     -   90s
     0     0 852227.999    0  442 879792.972 852227.999  3.13%     -   92s
     0     0 852382.322    0  399 879792.972 852382.322  3.12%     -   93s
     0     0 852421.712    0  399 879792.972 852421.712  3.11%     -   93s
     0     0 852465.216    0  382 879792.972 852465.216  3.11%     -   94s
     0     0 852468.596    0  383 879792.972 852468.596  3.11%     -   94s
     0     0 853892.096    0  415 879792.972 853892.096  2.94%     -   97s
     0     0 853892.776    0  409 879792.972 853892.776  2.94%     -   97s
H    0     0                    878861.23572 854156.574  2.81%     -   98s
H    0     0                    878474.13239 854156.574  2.77%     -   98s
     0     0 854738.522    0  358 878474.132 854738.522  2.70%     -   99s
     0     0 855024.569    0  406 878474.132 855024.569  2.67%     -  101s
     0     0 855211.792    0  368 878474.132 855211.792  2.65%     -  101s
     0     0 855285.537    0  354 878474.132 855285.537  2.64%     -  101s
     0     0 855349.811    0  338 878474.132 855349.811  2.63%     -  102s
     0     0 855407.174    0  431 878474.132 855407.174  2.63%     -  102s
     0     0 855416.260    0  409 878474.132 855416.260  2.62%     -  103s
     0     0 855417.350    0  339 878474.132 855417.350  2.62%     -  103s
     0     0 856854.776    0  399 878474.132 856854.776  2.46%     -  105s
     0     0 857122.574    0  461 878474.132 857122.574  2.43%     -  106s
     0     0 857219.405    0  353 878474.132 857219.405  2.42%     -  107s
     0     0 857239.800    0  407 878474.132 857239.800  2.42%     -  108s
     0     0 857241.829    0  408 878474.132 857241.829  2.42%     -  108s
     0     0 858008.464    0  400 878474.132 858008.464  2.33%     -  110s
     0     0 858012.338    0  374 878474.132 858012.338  2.33%     -  110s
H    0     0                    878363.24308 858012.338  2.32%     -  111s
H    0     0                    878335.89934 858012.338  2.31%     -  112s
H    0     0                    878246.61611 858012.338  2.30%     -  112s
     0     0 858330.543    0  425 878246.616 858330.543  2.27%     -  113s
     0     0 858330.543    0  123 878246.616 858330.543  2.27%     -  127s
     0     0 858330.543    0  142 878246.616 858330.543  2.27%     -  132s
H    0     0                    876451.83965 858330.543  2.07%     -  133s
H    0     0                    875759.04675 858330.543  1.99%     -  133s
     0     0 858330.543    0  144 875759.047 858330.543  1.99%     -  134s
     0     0 858330.543    0  143 875759.047 858330.543  1.99%     -  135s
     0     0 858330.543    0  205 875759.047 858330.543  1.99%     -  139s
     0     0 858330.543    0  281 875759.047 858330.543  1.99%     -  142s
     0     0 858330.543    0  285 875759.047 858330.543  1.99%     -  145s
H    0     0                    875725.21745 858330.543  1.99%     -  149s
     0     0 858330.543    0  304 875725.217 858330.543  1.99%     -  149s
     0     0 858330.543    0  426 875725.217 858330.543  1.99%     -  151s
     0     0 858330.543    0  367 875725.217 858330.543  1.99%     -  154s
     0     0 858330.543    0  385 875725.217 858330.543  1.99%     -  155s
     0     0 858330.543    0  307 875725.217 858330.543  1.99%     -  156s
     0     0 858392.947    0  388 875725.217 858392.947  1.98%     -  156s
     0     0 858575.026    0  363 875725.217 858575.026  1.96%     -  157s
     0     0 858582.076    0  372 875725.217 858582.076  1.96%     -  157s
     0     0 858584.873    0  399 875725.217 858584.873  1.96%     -  157s
     0     0 858587.584    0  369 875725.217 858587.584  1.96%     -  157s
     0     0 858587.626    0  370 875725.217 858587.626  1.96%     -  157s
     0     0 858992.914    0  337 875725.217 858992.914  1.91%     -  158s
     0     0 859018.388    0  316 875725.217 859018.388  1.91%     -  161s
     0     0 859018.388    0  341 875725.217 859018.388  1.91%     -  161s
     0     0 859574.539    0  236 875725.217 859574.539  1.84%     -  164s
H    0     0                    875688.35227 859574.876  1.84%     -  165s
H    0     0                    875600.79945 859670.024  1.82%     -  166s
     0     0 859670.024    0  225 875600.799 859670.024  1.82%     -  166s
     0     0 859709.710    0  239 875600.799 859709.710  1.81%     -  167s
     0     0 859718.273    0  251 875600.799 859718.273  1.81%     -  167s
     0     0 859718.298    0  260 875600.799 859718.298  1.81%     -  168s
     0     0 860114.894    0  240 875600.799 860114.894  1.77%     -  171s
     0     0 860120.452    0  266 875600.799 860120.452  1.77%     -  171s
     0     0 860144.885    0  224 875600.799 860144.885  1.77%     -  172s
H    0     0                    875439.25390 860173.754  1.74%     -  172s
     0     0 860173.754    0  252 875439.254 860173.754  1.74%     -  173s
     0     0 860177.723    0  261 875439.254 860177.723  1.74%     -  173s
     0     0 860443.852    0  219 875439.254 860443.852  1.71%     -  174s
     0     0 860450.961    0  214 875439.254 860450.961  1.71%     -  174s
H    0     0                    875351.70107 860455.708  1.70%     -  175s
     0     0 860497.868    0  190 875351.701 860497.868  1.70%     -  175s
     0     0 860509.896    0  211 875351.701 860509.896  1.70%     -  176s
     0     0 860518.253    0  230 875351.701 860518.253  1.69%     -  176s
     0     0 860524.645    0  216 875351.701 860524.645  1.69%     -  176s
     0     0 860690.919    0  255 875351.701 860690.919  1.67%     -  178s
     0     0 860704.893    0  271 875351.701 860704.893  1.67%     -  178s
     0     0 860713.998    0  270 875351.701 860713.998  1.67%     -  179s
     0     0 860713.998    0  271 875351.701 860713.998  1.67%     -  179s
     0     0 860935.429    0  302 875351.701 860935.429  1.65%     -  180s
     0     0 860937.892    0  285 875351.701 860937.892  1.65%     -  181s
     0     0 860954.493    0  276 875351.701 860954.493  1.64%     -  184s
     0     0 860956.397    0  251 875351.701 860956.397  1.64%     -  184s
     0     0 860980.002    0  239 875351.701 860980.002  1.64%     -  185s
     0     0 861011.889    0  294 875351.701 861011.889  1.64%     -  185s
     0     0 861025.478    0  273 875351.701 861025.478  1.64%     -  185s
     0     0 861025.478    0  276 875351.701 861025.478  1.64%     -  185s
     0     0 861291.529    0  295 875351.701 861291.529  1.61%     -  188s
     0     0 861348.594    0  257 875351.701 861348.594  1.60%     -  190s
     0     0 861350.834    0  247 875351.701 861350.834  1.60%     -  191s
     0     0 861476.788    0  320 875351.701 861476.788  1.59%     -  192s
     0     0 861511.655    0  321 875351.701 861511.655  1.58%     -  194s
     0     0 861511.655    0  291 875351.701 861511.655  1.58%     -  194s
     0     0 861511.655    0  296 875351.701 861511.655  1.58%     -  194s
     0     0 861603.453    0  289 875351.701 861603.453  1.57%     -  195s
     0     0 861653.535    0  328 875351.701 861653.535  1.56%     -  196s
     0     0 861677.629    0  328 875351.701 861677.629  1.56%     -  196s
     0     0 861685.705    0  344 875351.701 861685.705  1.56%     -  196s
     0     0 861832.554    0  278 875351.701 861832.554  1.54%     -  198s
     0     0 861845.452    0  274 875351.701 861845.452  1.54%     -  199s
     0     0 861848.952    0  313 875351.701 861848.952  1.54%     -  200s
     0     0 861974.935    0  259 875351.701 861974.935  1.53%     -  201s
     0     0 861998.644    0  243 875351.701 861998.644  1.53%     -  202s
     0     0 862038.042    0  266 875351.701 862038.042  1.52%     -  202s
     0     0 862051.284    0  236 875351.701 862051.284  1.52%     -  202s
     0     0 862051.564    0  240 875351.701 862051.564  1.52%     -  203s
     0     0 862255.284    0  217 875351.701 862255.284  1.50%     -  203s
     0     0 862282.802    0  260 875351.701 862282.802  1.49%     -  204s
     0     0 862304.823    0  269 875351.701 862304.823  1.49%     -  205s
     0     0 862306.958    0  260 875351.701 862306.958  1.49%     -  205s
     0     0 862411.673    0  245 875351.701 862411.673  1.48%     -  206s
     0     0 862421.290    0  219 875351.701 862421.290  1.48%     -  206s
     0     0 862426.258    0  262 875351.701 862426.258  1.48%     -  206s
     0     0 862518.270    0  279 875351.701 862518.270  1.47%     -  207s
     0     0 862525.094    0  282 875351.701 862525.094  1.47%     -  208s
     0     0 862658.869    0  243 875351.701 862658.869  1.45%     -  209s
     0     0 862681.078    0  210 875351.701 862681.078  1.45%     -  212s
     0     0 862696.794    0  183 875351.701 862696.794  1.45%     -  213s
     0     0 862697.174    0  188 875351.701 862697.174  1.45%     -  213s
     0     0 862751.194    0  236 875351.701 862751.194  1.44%     -  215s
     0     0 862757.060    0  234 875351.701 862757.060  1.44%     -  216s
     0     0 862838.129    0  226 875351.701 862838.129  1.43%     -  217s
     0     0 862915.419    0  272 875351.701 862915.419  1.42%     -  218s
     0     0 862926.287    0  292 875351.701 862926.287  1.42%     -  219s
     0     0 862927.907    0  293 875351.701 862927.907  1.42%     -  219s
     0     0 863030.731    0  287 875351.701 863030.731  1.41%     -  220s
     0     0 863045.917    0  272 875351.701 863045.917  1.41%     -  222s
     0     0 863047.926    0  303 875351.701 863047.926  1.41%     -  223s
     0     0 863104.771    0  238 875351.701 863104.771  1.40%     -  223s
     0     0 863120.096    0  307 875351.701 863120.096  1.40%     -  224s
     0     0 863121.654    0  315 875351.701 863121.654  1.40%     -  224s
     0     0 863136.076    0  253 875351.701 863136.076  1.40%     -  225s
H    0     0                    875245.66004 863138.532  1.38%     -  226s
     0     0 863138.532    0  293 875245.660 863138.532  1.38%     -  226s
     0     0 863151.999    0  226 875245.660 863151.999  1.38%     -  228s
     0     0 863174.535    0  215 875245.660 863174.535  1.38%     -  228s
     0     0 863174.535    0  215 875245.660 863174.535  1.38%     -  228s
     0     0 863174.535    0  207 875245.660 863174.535  1.38%     -  228s
H    0     0                    875209.97215 863181.062  1.37%     -  233s
H    0     0                    874731.38284 863181.062  1.32%     -  233s
     0     2 863181.062    0  202 874731.383 863181.062  1.32%     -  240s
    15    32 863348.168    4  260 874731.383 863312.079  1.31%   596  248s
    31    56 863352.675    5  249 874731.383 863348.410  1.30%   987  250s
   100   176 863381.361    7  298 874731.383 863353.971  1.30%   595  259s
   175   200 863442.831   10  265 874731.383 863353.971  1.30%   441  262s
   199   226 863437.028   11  256 874731.383 863353.971  1.30%   418  267s
   227   251 863437.029   12  253 874731.383 863353.971  1.30%   459  273s
   254   270 863438.417   12  255 874731.383 863353.971  1.30%   494  279s
   278   290 863442.235   13  239 874731.383 863353.971  1.30%   557  284s
   305   315 863470.787   14  280 874731.383 863353.971  1.30%   575  290s
H  354   337                    874721.45588 863353.971  1.30%   580  294s
   357   411 863478.172   16  230 874721.456 863353.971  1.30%   578  299s
   431   434 863514.927   21  230 874721.456 863353.971  1.30%   522  302s
   456   464 863545.535   22  203 874721.456 863353.971  1.30%   518  307s
H  467   464                    874557.27459 863353.971  1.28%   516  307s
H  469   464                    873834.03282 863353.971  1.20%   516  307s
   488   516 863551.188   23  176 873834.033 863353.971  1.20%   509  314s
   542   540 863586.127   25  244 873834.033 863353.971  1.20%   501  316s
   566   566 866090.040   25  190 873834.033 863353.971  1.20%   492  322s
H  571   566                    871860.40966 863353.971  0.98%   493  322s
   592   642 863598.946   26  235 871860.410 863353.971  0.98%   494  328s
   674   710 863637.226   31  186 871860.410 863353.971  0.98%   470  333s
   745   785 863710.912   35  228 871860.410 863353.971  0.98%   451  340s
   822   855 863726.860   39  194 871860.410 863353.971  0.98%   443  346s
   898   879 863751.332   41  204 871860.410 863353.971  0.98%   437  350s
H  922   910                    871439.31615 863353.971  0.93%   437  354s
   955   994 863758.274   43  182 871439.316 863353.971  0.93%   436  360s
  1045  1074 863773.975   47  197 871439.316 863353.971  0.93%   423  368s
  1126  1165 863783.681   51  201 871439.316 863353.971  0.93%   413  376s
  1231  1239 863784.879   53  198 871439.316 863353.971  0.93%   406  385s
  1307  1310 863834.026   54  189 871439.316 863378.580  0.92%   412  392s
  1380  1389 863833.707   55  190 871439.316 863378.580  0.92%   413  401s
  1459  1407 863847.371   59  200 871439.316 863378.580  0.92%   414  406s
H 1470  1377                    870984.51852 863378.580  0.87%   415  406s
  1485  1473 863851.473   60  188 870984.519 863378.580  0.87%   417  416s
  1587  1572 863991.530   67  183 870984.519 863378.580  0.87%   418  427s
  1690  1666 864033.178   69  160 870984.519 863378.580  0.87%   420  436s
  1788  1759 864097.172   73  148 870984.519 863378.580  0.87%   423  449s
  1899  1788 864149.662   75  135 870984.519 863378.580  0.87%   426  455s
  1928  1851 864149.662   76  134 870984.519 863378.580  0.87%   425  463s
  1995  1908 864188.255   78  170 870984.519 863378.580  0.87%   430  474s
  2058  2014 864221.665   81  140 870984.519 863378.580  0.87%   439  487s
  2170  2137 864278.312   82  203 870984.519 863378.580  0.87%   445  500s
  2305  2248     cutoff   82      870984.519 863378.580  0.87%   443  513s
  2429  2378 864308.879   83  208 870984.519 863378.580  0.87%   445  526s
  2576  2537 864429.335   86  195 870984.519 863378.580  0.87%   443  541s
  2742  2580 864508.471   96  168 870984.519 863378.580  0.87%   443  552s
  2787  2683 864549.302  102  159 870984.519 863378.580  0.87%   444  563s
  2890  2827 864965.874  111  148 870984.519 863378.580  0.87%   443  579s
  3042  2961 864663.016  112  148 870984.519 863378.580  0.87%   442  593s
  3193  3062 865723.483  133  135 870984.519 863378.580  0.87%   441  600s

Cutting planes:
  Learned: 1
  Gomory: 19
  Cover: 97
  Implied bound: 254
  Clique: 56
  MIR: 606
  Knapsack: 13
  StrongCG: 229
  Flow cover: 68
  GUB cover: 25
  Zero half: 3
  Network: 1
  RLT: 301
  Relax-and-lift: 43
  BQP: 32

Explored 3297 nodes (1621349 simplex iterations) in 600.04 seconds (800.45 work units)
Thread count was 24 (of 24 available processors)

Solution count 10: 870985 871439 871860 ... 875352

Time limit reached
Best objective 8.709845185236e+05, best bound 8.633785796940e+05, gap 0.8733%
