
Gurobi 13.0.2 (linux64, Python) logging started Thu May 28 03:47:46 2026

Set parameter LogToConsole to value 0
Set parameter Username
Set parameter LicenseID to value 2748191
Set parameter TimeLimit to value 600
Set parameter LogFile to value "output/bf_sae1006_050/period_2/gurobi.log"
Academic license - for non-commercial use only - expires 2026-12-01
Gurobi Optimizer version 13.0.2 build v13.0.2rc1 (linux64 - "Debian GNU/Linux 13 (trixie)")

CPU model: 13th Gen Intel(R) Core(TM) i7-13700HX, instruction set [SSE2|AVX|AVX2]
Thread count: 24 physical cores, 24 logical processors, using up to 24 threads

Non-default parameters:
TimeLimit  600
LogToConsole  0

Optimize a model with 3156 rows, 2304 columns and 7698 nonzeros (Min)
Model fingerprint: 0x38e8e732
Model has 734 linear objective coefficients and an objective constant of 2.8165864003199997e+05
Variable types: 1824 continuous, 480 integer (480 binary)
Coefficient statistics:
  Matrix range     [1e-02, 1e+04]
  Objective range  [1e+01, 1e+05]
  Bounds range     [1e+00, 1e+00]
  RHS range        [1e-01, 2e+04]

Presolve removed 2334 rows and 1672 columns
Presolve time: 0.02s
Presolved: 822 rows, 632 columns, 2742 nonzeros
Variable types: 404 continuous, 228 integer (228 binary)
Found heuristic solution: objective 733789.70994

Root relaxation: objective 1.434038e+05, 266 iterations, 0.00 seconds (0.00 work units)

    Nodes    |    Current Node    |     Objective Bounds      |     Work
 Expl Unexpl |  Obj  Depth IntInf | Incumbent    BestBd   Gap | It/Node Time

     0     0 143403.786    0   25 733789.710 143403.786  80.5%     -    0s
H    0     0                    529614.25980 143403.786  72.9%     -    0s
H    0     0                    529485.57594 143403.786  72.9%     -    0s
H    0     0                    342824.74979 143403.786  58.2%     -    0s
H    0     0                    336259.48952 143403.786  57.4%     -    0s
     0     0 143816.555    0   25 336259.490 143816.555  57.2%     -    0s
     0     0 144487.783    0   28 336259.490 144487.783  57.0%     -    0s
H    0     0                    242878.61218 146220.356  39.8%     -    0s
     0     0 146220.356    0   32 242878.612 146220.356  39.8%     -    0s
     0     0 146220.356    0   31 242878.612 146220.356  39.8%     -    0s
H    0     0                    240808.42193 146236.786  39.3%     -    0s
H    0     0                    230271.81766 146777.883  36.3%     -    0s
     0     0 146777.883    0   24 230271.818 146777.883  36.3%     -    0s
     0     0 146975.569    0   36 230271.818 146975.569  36.2%     -    0s
     0     0 146993.759    0   24 230271.818 146993.759  36.2%     -    0s
     0     0 147002.023    0   39 230271.818 147002.023  36.2%     -    0s
     0     0 147007.210    0   27 230271.818 147007.210  36.2%     -    0s
     0     0 147755.907    0   23 230271.818 147755.907  35.8%     -    0s
H    0     0                    226881.13110 147755.907  34.9%     -    0s
H    0     0                    226383.29146 147755.907  34.7%     -    0s
     0     0 148242.784    0   52 226383.291 148242.784  34.5%     -    0s
H    0     0                    225334.35429 148316.509  34.2%     -    0s
     0     0 148853.265    0   33 225334.354 148853.265  33.9%     -    0s
     0     0 148853.265    0   33 225334.354 148853.265  33.9%     -    0s
     0     0 149452.258    0   70 225334.354 149452.258  33.7%     -    0s
H    0     0                    218673.86713 149452.258  31.7%     -    0s
H    0     0                    218305.28202 149452.258  31.5%     -    0s
     0     0 150167.946    0   57 218305.282 150167.946  31.2%     -    0s
     0     0 150167.946    0   26 218305.282 150167.946  31.2%     -    0s
     0     0 150167.946    0   44 218305.282 150167.946  31.2%     -    0s
     0     0 150182.223    0   44 218305.282 150182.223  31.2%     -    0s
     0     0 150182.223    0   45 218305.282 150182.223  31.2%     -    0s
     0     0 150187.974    0   45 218305.282 150187.974  31.2%     -    0s
     0     0 150670.240    0   44 218305.282 150670.240  31.0%     -    0s
     0     0 150672.933    0   43 218305.282 150672.933  31.0%     -    0s
     0     0 150673.242    0   45 218305.282 150673.242  31.0%     -    0s
     0     0 150689.138    0   44 218305.282 150689.138  31.0%     -    0s
     0     0 150689.138    0   44 218305.282 150689.138  31.0%     -    0s
     0     0 150698.272    0   44 218305.282 150698.272  31.0%     -    0s
     0     0 151580.995    0   46 218305.282 151580.995  30.6%     -    0s
H    0     0                    218240.94009 151606.598  30.5%     -    0s
H    0     0                    217479.66886 151641.183  30.3%     -    0s
     0     0 151641.183    0   63 217479.669 151641.183  30.3%     -    0s
     0     0 152332.048    0   58 217479.669 152332.048  30.0%     -    0s
     0     0 152332.048    0   63 217479.669 152332.048  30.0%     -    0s
     0     0 153928.587    0   56 217479.669 153928.587  29.2%     -    0s
     0     0 154353.874    0   48 217479.669 154353.874  29.0%     -    0s
     0     0 154353.874    0   48 217479.669 154353.874  29.0%     -    0s
     0     0 155307.292    0   50 217479.669 155307.292  28.6%     -    0s
     0     0 155400.116    0   58 217479.669 155400.116  28.5%     -    0s
H    0     0                    217439.26037 155404.929  28.5%     -    0s
     0     0 155404.929    0   58 217439.260 155404.929  28.5%     -    0s
     0     0 155405.009    0   58 217439.260 155405.009  28.5%     -    0s
     0     0 155599.202    0   53 217439.260 155599.202  28.4%     -    0s
     0     0 155614.294    0   54 217439.260 155614.294  28.4%     -    0s
     0     0 155620.990    0   54 217439.260 155620.990  28.4%     -    0s
     0     0 155769.488    0   59 217439.260 155769.488  28.4%     -    0s
     0     0 155792.534    0   71 217439.260 155792.534  28.4%     -    0s
     0     0 155792.534    0   82 217439.260 155792.534  28.4%     -    0s
     0     0 155834.232    0   85 217439.260 155834.232  28.3%     -    0s
     0     0 155834.232    0   85 217439.260 155834.232  28.3%     -    0s
     0     0 156143.580    0   65 217439.260 156143.580  28.2%     -    0s
H    0     0                    217299.20585 156219.199  28.1%     -    0s
     0     0 156219.199    0   61 217299.206 156219.199  28.1%     -    0s
     0     0 156219.615    0   61 217299.206 156219.615  28.1%     -    0s
     0     0 156243.888    0   59 217299.206 156243.888  28.1%     -    0s
     0     0 156266.347    0   59 217299.206 156266.347  28.1%     -    0s
     0     0 156286.453    0   62 217299.206 156286.453  28.1%     -    0s
     0     0 156354.835    0   62 217299.206 156354.835  28.0%     -    0s
     0     0 156422.330    0   66 217299.206 156422.330  28.0%     -    0s
     0     0 156459.319    0   67 217299.206 156459.319  28.0%     -    0s
     0     0 156464.542    0   67 217299.206 156464.542  28.0%     -    0s
     0     0 156464.542    0   67 217299.206 156464.542  28.0%     -    0s
     0     0 157154.625    0   67 217299.206 157154.625  27.7%     -    0s
     0     0 159442.284    0   72 217299.206 159442.284  26.6%     -    0s
     0     0 160742.296    0   72 217299.206 160742.296  26.0%     -    0s
     0     0 160742.296    0   72 217299.206 160742.296  26.0%     -    0s
     0     2 160742.296    0   72 217299.206 160742.296  26.0%     -    0s

Cutting planes:
  Learned: 6
  Gomory: 3
  Lift-and-project: 2
  Cover: 19
  Implied bound: 43
  Clique: 1
  MIR: 49
  StrongCG: 1
  Flow cover: 32
  GUB cover: 12
  Zero half: 2
  Mod-K: 1
  RLT: 15
  Relax-and-lift: 10

Explored 760 nodes (15573 simplex iterations) in 0.54 seconds (0.46 work units)
Thread count was 24 (of 24 available processors)

Solution count 10: 217299 217439 217480 ... 240808

Optimal solution found (tolerance 1.00e-04)
Best objective 2.172992058515e+05, best bound 2.172992058515e+05, gap 0.0000%
