
Gurobi 13.0.2 (linux64, Python) logging started Thu Aug 13 21:54:54 2026

Set parameter LogToConsole to value 0
Set parameter Username
Set parameter LicenseID to value 2748191
Set parameter TimeLimit to value 120
Set parameter LogFile to value "output/bz_nbr7008_043/weighted_loss/retail_y_4__retail_v_2__rolled_leftover_2/period_2/gurobi.log"
Academic license - for non-commercial use only - expires 2026-12-01
Gurobi Optimizer version 13.0.2 build v13.0.2rc1 (linux64 - "Debian GNU/Linux 13 (trixie)")

CPU model: 13th Gen Intel(R) Core(TM) i7-13700HX, instruction set [SSE2|AVX|AVX2]
Thread count: 24 physical cores, 24 logical processors, using up to 24 threads

Non-default parameters:
TimeLimit  120
LogToConsole  0

Optimize a model with 204644 rows, 137054 columns and 716484 nonzeros (Min)
Model fingerprint: 0xa8b4c4ed
Model has 54500 linear objective coefficients and an objective constant of 87769.393692
Variable types: 112944 continuous, 24110 integer (24110 binary)
Coefficient statistics:
  Matrix range     [3e-03, 1e+04]
  Objective range  [1e+01, 1e+05]
  Bounds range     [1e+00, 1e+00]
  RHS range        [1e-01, 3e+04]

Presolve removed 123290 rows and 85512 columns
Presolve time: 3.43s
Presolved: 81354 rows, 51542 columns, 818010 nonzeros
Variable types: 33734 continuous, 17808 integer (17762 binary)
Deterministic concurrent LP optimizer: primal simplex, dual simplex, and barrier
Showing barrier log only...

Root barrier log...

Ordering time: 0.40s

Barrier statistics:
 Dense cols : 42
 AA' NZ     : 7.094e+06
 Factor NZ  : 1.207e+07 (roughly 140 MB of memory)
 Factor Ops : 3.406e+09 (less than 1 second per iteration)
 Threads    : 21

                  Objective                Residual
Iter       Primal          Dual         Primal    Dual     Compl     Time
   0  -7.03380662e+09 -1.13722501e+10  2.80e+06 2.73e+02  3.14e+06     5s
   1  -4.29374238e+09 -1.03435693e+10  1.76e+06 2.88e+02  1.73e+06     5s
   2  -1.57437672e+09 -8.58777773e+09  6.20e+05 6.37e+01  6.32e+05     5s
   3  -4.42078941e+08 -4.24618870e+09  1.74e+05 1.13e-10  1.76e+05     5s
   4  -4.28286261e+07 -1.08330367e+09  1.93e+04 2.03e-10  2.17e+04     5s
   5  -7.41036419e+06 -5.03583429e+08  6.33e+03 8.33e-11  7.63e+03     5s
   6   3.40352478e+06 -2.66049908e+08  2.35e+03 7.78e-11  3.18e+03     5s
   7   6.58427326e+06 -6.81735238e+07  1.17e+03 2.91e-11  9.34e+02     5s
   8   7.98750795e+06 -3.91848456e+07  6.01e+02 1.82e-11  5.15e+02     5s
   9   8.13554263e+06 -2.53490130e+07  2.30e+02 1.21e-11  2.97e+02     5s
  10   7.52439539e+06 -1.42999191e+07  1.32e+02 1.01e-11  1.83e+02     6s
  11   7.23184713e+06 -1.08449931e+07  1.02e+02 1.00e-11  1.48e+02     6s
  12   5.97101467e+06 -7.06418666e+06  6.93e+01 1.27e-11  1.05e+02     6s
  13   4.71075360e+06 -5.52927401e+06  4.26e+01 1.47e-11  8.02e+01     6s
  14   3.32900014e+06 -3.40855388e+06  2.34e+01 1.12e-11  5.18e+01     6s
  15   2.20388594e+06 -2.18285031e+06  1.22e+01 9.61e-12  3.32e+01     6s
  16   1.98473769e+06 -1.63621471e+06  1.04e+01 1.17e-11  2.76e+01     6s
  17   1.60938216e+06 -5.60626822e+05  6.74e+00 1.09e-11  1.68e+01     6s
  18   1.22780521e+06 -2.38843599e+05  3.11e+00 1.23e-11  1.10e+01     6s
  19   1.10040785e+06  2.22281972e+05  2.14e+00 1.14e-11  6.68e+00     6s
  20   1.01448958e+06  3.21320165e+05  1.49e+00 1.09e-11  5.23e+00     6s
  21   9.41943295e+05  5.98357645e+05  1.01e+00 1.19e-11  2.66e+00     6s
  22   8.57433918e+05  7.41732200e+05  3.74e-01 1.38e-11  8.95e-01     6s
  23   8.22242685e+05  7.51708101e+05  1.40e-01 1.23e-11  5.26e-01     6s
  24   8.21731912e+05  7.59551532e+05  1.30e-01 1.35e-11  4.65e-01     6s
  25   8.20706562e+05  7.60899048e+05  1.24e-01 1.53e-11  4.47e-01     6s
  26   8.19285711e+05  7.62866497e+05  1.14e-01 1.40e-11  4.21e-01     6s
  27   8.13653556e+05  7.80880221e+05  7.64e-02 1.09e-11  2.45e-01     6s
  28   8.06473258e+05  7.85393196e+05  3.64e-02 1.30e-11  1.55e-01     7s
  29   8.01739552e+05  7.89121787e+05  1.31e-02 1.31e-11  9.13e-02     7s
  30   8.00278723e+05  7.94585656e+05  7.36e-03 1.12e-11  4.14e-02     7s
  31   7.99371186e+05  7.95626986e+05  4.68e-03 1.32e-11  2.72e-02     7s
  32   7.98833594e+05  7.96455583e+05  3.06e-03 1.22e-11  1.73e-02     7s
  33   7.98471702e+05  7.96799475e+05  1.98e-03 1.42e-11  1.21e-02     7s
  34   7.98221959e+05  7.97103404e+05  1.31e-03 1.16e-11  8.11e-03     7s
  35   7.98118409e+05  7.97264639e+05  1.07e-03 1.52e-11  6.20e-03     7s
  36   7.98004901e+05  7.97450914e+05  8.13e-04 1.29e-11  4.04e-03     7s
  37   7.97907933e+05  7.97501342e+05  5.98e-04 9.95e-12  2.97e-03     7s
  38   7.97831923e+05  7.97564644e+05  4.20e-04 1.19e-11  1.96e-03     7s
  39   7.97672629e+05  7.97585062e+05  4.00e-05 1.14e-11  6.24e-04     7s
  40   7.97645817e+05  7.97632020e+05  8.68e-06 1.69e-11  9.88e-05     7s
  41   7.97641576e+05  7.97633388e+05  3.64e-06 1.52e-11  5.84e-05     7s
  42   7.97637767e+05  7.97636212e+05  3.30e-07 1.27e-11  1.10e-05     7s
  43   7.97637455e+05  7.97637236e+05  8.92e-08 1.64e-11  1.56e-06     7s
  44   7.97637449e+05  7.97637317e+05  2.23e-07 1.47e-11  9.30e-07     8s
  45   7.97637350e+05  7.97637336e+05  1.57e-07 1.32e-11  9.71e-08     8s
  46   7.97637344e+05  7.97637339e+05  1.87e-06 1.16e-11  2.68e-08     8s
  47   7.97637342e+05  7.97637339e+05  7.99e-06 1.21e-11  1.71e-08     8s

Barrier solved model in 47 iterations and 7.83 seconds (14.77 work units)
Optimal objective 7.97637342e+05


Root crossover log...

   45360 DPushes remaining with DInf 7.5223527e-04                 8s
       0 DPushes remaining with DInf 0.0000000e+00                 8s

      92 PPushes remaining with PInf 1.2789218e-02                 8s
       0 PPushes remaining with PInf 0.0000000e+00                 8s

  Push phase complete: Pinf 0.0000000e+00, Dinf 7.6235558e-02      8s


Root simplex log...

Iteration    Objective       Primal Inf.    Dual Inf.      Time
   30556    7.9763734e+05   0.000000e+00   7.623556e-02      8s
   30576    7.9763734e+05   0.000000e+00   0.000000e+00      8s
Crossover time: 0.47 seconds (0.68 work units)
Concurrent spin time: 0.29s

Solved with barrier
   30577    7.9763734e+05   0.000000e+00   0.000000e+00      9s

Extra simplex iterations after uncrush: 1

Root relaxation: objective 7.976373e+05, 30577 iterations, 4.95 seconds (7.80 work units)

    Nodes    |    Current Node    |     Objective Bounds      |     Work
 Expl Unexpl |  Obj  Depth IntInf | Incumbent    BestBd   Gap | It/Node Time

     0     0 797637.339    0  276          - 797637.339      -     -    9s
H    0     0                    2911087.9496 797637.339  72.6%     -    9s
H    0     0                    2888448.3890 797637.339  72.4%     -    9s
H    0     0                    2798534.6947 797637.339  71.5%     -    9s
H    0     0                    2793799.6969 797637.339  71.4%     -    9s
H    0     0                    2721750.2348 797637.339  70.7%     -    9s
H    0     0                    2657089.1480 797637.339  70.0%     -    9s
H    0     0                    2655560.6857 797637.339  70.0%     -    9s
H    0     0                    2646126.9391 797637.339  69.9%     -   10s
H    0     0                    2644727.9388 797637.339  69.8%     -   10s
H    0     0                    2644287.1236 797637.339  69.8%     -   10s
H    0     0                    2644058.6475 797637.339  69.8%     -   10s
H    0     0                    2642141.4711 797637.339  69.8%     -   10s
H    0     0                    2641771.2897 797637.339  69.8%     -   10s
H    0     0                    2639815.0299 797637.339  69.8%     -   10s
H    0     0                    2638846.8562 797637.339  69.8%     -   10s
H    0     0                    2637265.3308 797637.339  69.8%     -   10s
H    0     0                    2637152.6285 797637.339  69.8%     -   10s
H    0     0                    2636184.6814 797637.339  69.7%     -   10s
H    0     0                    2585473.6064 797637.339  69.1%     -   11s
H    0     0                    2568512.1878 797637.339  68.9%     -   11s
H    0     0                    1627604.0062 797637.339  51.0%     -   11s
H    0     0                    1601075.1267 797637.339  50.2%     -   11s
H    0     0                    1576284.0150 797637.339  49.4%     -   11s
H    0     0                    1502190.4691 797637.339  46.9%     -   11s
H    0     0                    1501712.1882 797637.339  46.9%     -   12s
H    0     0                    1499153.0944 797637.339  46.8%     -   12s
H    0     0                    1444232.8922 797637.339  44.8%     -   13s
H    0     0                    1425400.1813 797637.339  44.0%     -   13s
H    0     0                    1424229.2334 797637.339  44.0%     -   13s
H    0     0                    1421746.5724 797637.339  43.9%     -   13s
H    0     0                    1420575.6246 797637.339  43.9%     -   13s
     0     0 798877.329    0  245 1420575.62 798877.329  43.8%     -   18s
H    0     0                    1415919.5850 798923.481  43.6%     -   18s
H    0     0                    1410531.9048 798923.481  43.4%     -   19s
H    0     0                    1356131.9760 798923.481  41.1%     -   19s
H    0     0                    1355910.1974 798923.481  41.1%     -   19s
H    0     0                    1349771.3343 798923.481  40.8%     -   19s
H    0     0                    1340833.8415 798923.481  40.4%     -   19s
H    0     0                    1337738.0232 798923.481  40.3%     -   19s
H    0     0                    1336173.8273 798923.481  40.2%     -   19s
H    0     0                    1335823.2792 798923.481  40.2%     -   19s
H    0     0                    1291881.0290 798923.481  38.2%     -   19s
H    0     0                    1288874.2803 798923.481  38.0%     -   19s
H    0     0                    1288469.1875 798923.481  38.0%     -   19s
H    0     0                    1278775.3506 798923.481  37.5%     -   19s
H    0     0                    1278535.8297 798923.481  37.5%     -   19s
H    0     0                    1278068.2506 798923.481  37.5%     -   20s
H    0     0                    1272691.6448 798923.481  37.2%     -   20s
     0     0 799737.464    0  222 1272691.64 799737.464  37.2%     -   21s
     0     0 799739.998    0  200 1272691.64 799739.998  37.2%     -   21s
     0     0 802111.506    0  204 1272691.64 802111.506  37.0%     -   22s
     0     0 802111.912    0  204 1272691.64 802111.912  37.0%     -   23s
     0     0 803164.959    0  286 1272691.64 803164.959  36.9%     -   26s
     0     0 803194.419    0  258 1272691.64 803194.419  36.9%     -   27s
H    0     0                    1268002.5164 803194.718  36.7%     -   28s
H    0     0                    1259350.4343 803194.718  36.2%     -   28s
H    0     0                    1257229.3355 803194.718  36.1%     -   28s
     0     0 803206.447    0  259 1257229.34 803206.447  36.1%     -   28s
     0     0 803207.127    0  259 1257229.34 803207.127  36.1%     -   28s
     0     0 818971.471    0  225 1257229.34 818971.471  34.9%     -   33s
     0     0 819866.363    0  238 1257229.34 819866.363  34.8%     -   34s
     0     0 819870.872    0  236 1257229.34 819870.872  34.8%     -   34s
     0     0 819871.511    0  235 1257229.34 819871.511  34.8%     -   35s
     0     0 824359.663    0  315 1257229.34 824359.663  34.4%     -   38s
H    0     0                    1256582.7142 824360.969  34.4%     -   39s
H    0     0                    1255187.7321 824360.969  34.3%     -   39s
H    0     0                    1214060.0432 824360.969  32.1%     -   40s
H    0     0                    1213792.1850 824360.969  32.1%     -   40s
H    0     0                    1212545.6484 824360.969  32.0%     -   42s
H    0     0                    1211343.6377 824360.969  31.9%     -   43s
H    0     0                    1163274.0708 824360.969  29.1%     -   44s
H    0     0                    1158761.6782 824360.969  28.9%     -   44s
H    0     0                    1156152.4099 824360.969  28.7%     -   44s
H    0     0                    1149027.0757 824360.969  28.3%     -   44s
H    0     0                    1146719.6402 824360.969  28.1%     -   44s
H    0     0                    1146719.5132 824360.969  28.1%     -   45s
H    0     0                    1145780.8270 824360.969  28.1%     -   45s
     0     0 825366.107    0  339 1145780.83 825366.107  28.0%     -   46s
     0     0 825398.679    0  328 1145780.83 825398.679  28.0%     -   46s
     0     0 825398.981    0  325 1145780.83 825398.981  28.0%     -   46s
     0     0 825439.807    0  327 1145780.83 825439.807  28.0%     -   47s
     0     0 825509.307    0  384 1145780.83 825509.307  28.0%     -   47s
     0     0 825509.343    0  383 1145780.83 825509.343  28.0%     -   47s
     0     0 825518.811    0  357 1145780.83 825518.811  28.0%     -   47s
     0     0 830725.449    0  403 1145780.83 830725.449  27.5%     -   49s
     0     0 830725.455    0  401 1145780.83 830725.455  27.5%     -   49s
H    0     0                    1143273.9297 830725.752  27.3%     -   50s
H    0     0                    1141823.1736 830725.752  27.2%     -   50s
     0     0 831575.577    0  409 1141823.17 831575.577  27.2%     -   52s
     0     0 831735.065    0  391 1141823.17 831735.065  27.2%     -   53s
     0     0 831740.568    0  365 1141823.17 831740.568  27.2%     -   53s
     0     0 834101.568    0  414 1141823.17 834101.568  27.0%     -   55s
     0     0 834689.971    0  437 1141823.17 834689.971  26.9%     -   56s
     0     0 835128.105    0  430 1141823.17 835128.105  26.9%     -   58s
     0     0 835148.059    0  410 1141823.17 835148.059  26.9%     -   58s
     0     0 835153.553    0  414 1141823.17 835153.553  26.9%     -   58s
     0     0 836317.881    0  349 1141823.17 836317.881  26.8%     -   60s
     0     0 836485.966    0  433 1141823.17 836485.966  26.7%     -   60s
     0     0 836546.813    0  381 1141823.17 836546.813  26.7%     -   61s
     0     0 836561.330    0  422 1141823.17 836561.330  26.7%     -   61s
     0     0 836564.406    0  425 1141823.17 836564.406  26.7%     -   61s
     0     0 837334.542    0  450 1141823.17 837334.542  26.7%     -   63s
H    0     0                    1125636.5625 837338.180  25.6%     -   64s
H    0     0                    1125505.2922 837338.180  25.6%     -   65s
H    0     0                    1123678.5801 837338.180  25.5%     -   65s
H    0     0                    1123645.9347 837338.180  25.5%     -   69s
H    0     0                    1123185.5235 837338.180  25.4%     -   71s
     0     0 837470.083    0  467 1123185.52 837470.083  25.4%     -   71s
     0     0 837496.967    0  475 1123185.52 837496.967  25.4%     -   72s
     0     0 837505.123    0  476 1123185.52 837505.123  25.4%     -   72s
     0     0 837506.523    0  470 1123185.52 837506.523  25.4%     -   72s
     0     0 840777.816    0  407 1123185.52 840777.816  25.1%     -   74s
H    0     0                    1123154.7203 840778.059  25.1%     -   76s
H    0     0                    1123127.1736 840778.059  25.1%     -   76s
     0     0 841456.370    0  388 1123127.17 841456.370  25.1%     -   78s
     0     0 841519.174    0  413 1123127.17 841519.174  25.1%     -   79s
     0     0 841533.002    0  423 1123127.17 841533.002  25.1%     -   79s
     0     0 841533.443    0  419 1123127.17 841533.443  25.1%     -   79s
     0     0 842265.210    0  373 1123127.17 842265.210  25.0%     -   80s
     0     0 842392.803    0  371 1123127.17 842392.803  25.0%     -   81s
     0     0 842437.111    0  395 1123127.17 842437.111  25.0%     -   81s
     0     0 842481.681    0  416 1123127.17 842481.681  25.0%     -   81s
     0     0 842482.174    0  416 1123127.17 842482.174  25.0%     -   81s
     0     0 843239.619    0  362 1123127.17 843239.619  24.9%     -   83s
     0     0 843334.681    0  436 1123127.17 843334.681  24.9%     -   84s
     0     0 843335.190    0  434 1123127.17 843335.190  24.9%     -   84s
     0     0 843357.699    0  400 1123127.17 843357.699  24.9%     -   84s
     0     0 843361.110    0  416 1123127.17 843361.110  24.9%     -   84s
     0     0 843735.835    0  442 1123127.17 843735.835  24.9%     -   86s
     0     0 843879.972    0  431 1123127.17 843879.972  24.9%     -   87s
     0     0 843913.552    0  444 1123127.17 843913.552  24.9%     -   87s
     0     0 843934.871    0  445 1123127.17 843934.871  24.9%     -   87s
     0     0 843936.298    0  427 1123127.17 843936.298  24.9%     -   87s
     0     0 845986.860    0  497 1123127.17 845986.860  24.7%     -   90s
     0     0 845986.899    0  498 1123127.17 845986.899  24.7%     -   90s
     0     0 846943.200    0  485 1123127.17 846943.200  24.6%     -   91s
     0     0 847342.164    0  443 1123127.17 847342.164  24.6%     -   92s
     0     0 847582.159    0  469 1123127.17 847582.159  24.5%     -   93s
     0     0 847611.829    0  449 1123127.17 847611.829  24.5%     -   94s
     0     0 847615.693    0  490 1123127.17 847615.693  24.5%     -   94s
     0     0 850033.139    0  482 1123127.17 850033.139  24.3%     -   96s
     0     0 850452.434    0  598 1123127.17 850452.434  24.3%     -   97s
     0     0 850511.359    0  599 1123127.17 850511.359  24.3%     -   98s
     0     0 850522.668    0  545 1123127.17 850522.668  24.3%     -   98s
     0     0 850523.714    0  597 1123127.17 850523.714  24.3%     -   98s
     0     0 852069.425    0  492 1123127.17 852069.425  24.1%     -  101s
     0     0 852316.746    0  427 1123127.17 852316.746  24.1%     -  102s
     0     0 852373.421    0  493 1123127.17 852373.421  24.1%     -  103s
     0     0 852378.252    0  484 1123127.17 852378.252  24.1%     -  103s
     0     0 852998.059    0  597 1123127.17 852998.059  24.1%     -  105s
     0     0 853114.704    0  531 1123127.17 853114.704  24.0%     -  106s
     0     0 853137.660    0  528 1123127.17 853137.660  24.0%     -  107s
     0     0 853168.324    0  596 1123127.17 853168.324  24.0%     -  107s
     0     0 853192.493    0  508 1123127.17 853192.493  24.0%     -  107s
     0     0 853203.508    0  576 1123127.17 853203.508  24.0%     -  108s
     0     0 853239.938    0  599 1123127.17 853239.938  24.0%     -  108s
     0     0 853258.905    0  534 1123127.17 853258.905  24.0%     -  109s
     0     0 853261.587    0  576 1123127.17 853261.587  24.0%     -  109s
     0     0 855897.847    0  558 1123127.17 855897.847  23.8%     -  113s
H    0     0                    1122832.1959 856077.631  23.8%     -  115s
H    0     0                    1121998.2344 856077.631  23.7%     -  115s
H    0     0                    1121741.4770 856077.631  23.7%     -  116s
     0     0 856501.190    0  534 1121741.48 856501.190  23.6%     -  118s
     0     0 856648.560    0  552 1121741.48 856648.560  23.6%     -  119s
     0     0          -    0      1121741.48 856648.560  23.6%     -  120s

Cutting planes:
  Learned: 6
  Gomory: 19
  Cover: 118
  Implied bound: 222
  Clique: 120
  MIR: 459
  Knapsack: 7
  StrongCG: 138
  Flow cover: 178
  GUB cover: 46
  Zero half: 2
  Network: 6
  RLT: 410
  Relax-and-lift: 69
  BQP: 23

Explored 1 nodes (81117 simplex iterations) in 120.03 seconds (179.78 work units)
Thread count was 24 (of 24 available processors)

Solution count 10: 1.12174e+06 1.122e+06 1.12283e+06 ... 1.12564e+06

Time limit reached
Best objective 1.121741476999e+06, best bound 8.566485598243e+05, gap 23.6323%
