
Gurobi 13.0.2 (linux64, Python) logging started Thu Aug 13 22:47:48 2026

Set parameter LogToConsole to value 0
Set parameter Username
Set parameter LicenseID to value 2748191
Set parameter TimeLimit to value 120
Set parameter LogFile to value "output/bz_nbr7008_095/weighted_loss/retail_y_4__retail_v_2__rolled_leftover_4/period_1/gurobi.log"
Academic license - for non-commercial use only - expires 2026-12-01
Gurobi Optimizer version 13.0.2 build v13.0.2rc1 (linux64 - "Debian GNU/Linux 13 (trixie)")

CPU model: 13th Gen Intel(R) Core(TM) i7-13700HX, instruction set [SSE2|AVX|AVX2]
Thread count: 24 physical cores, 24 logical processors, using up to 24 threads

Non-default parameters:
TimeLimit  120
LogToConsole  0

Optimize a model with 7979 rows, 5533 columns and 21274 nonzeros (Min)
Model fingerprint: 0xb4cc3be5
Model has 2255 linear objective coefficients
Variable types: 4488 continuous, 1045 integer (1045 binary)
Coefficient statistics:
  Matrix range     [1e-02, 1e+04]
  Objective range  [1e+01, 2e+05]
  Bounds range     [1e+00, 1e+00]
  RHS range        [1e-01, 3e+04]

Presolve removed 5874 rows and 4037 columns
Presolve time: 0.06s
Presolved: 2105 rows, 1496 columns, 8525 nonzeros
Variable types: 957 continuous, 539 integer (517 binary)
Found heuristic solution: objective 1311746.6912
Found heuristic solution: objective 1071414.1752

Root relaxation: objective 3.182353e+05, 858 iterations, 0.01 seconds (0.02 work units)

    Nodes    |    Current Node    |     Objective Bounds      |     Work
 Expl Unexpl |  Obj  Depth IntInf | Incumbent    BestBd   Gap | It/Node Time

     0     0 318235.311    0   38 1071414.18 318235.311  70.3%     -    0s
H    0     0                    959197.54966 318235.311  66.8%     -    0s
     0     0 318236.033    0   53 959197.550 318236.033  66.8%     -    0s
H    0     0                    499580.17441 318236.033  36.3%     -    0s
     0     0 318236.033    0   35 499580.174 318236.033  36.3%     -    0s
H    0     0                    493628.13080 318236.696  35.5%     -    0s
     0     0 318236.696    0   35 493628.131 318236.696  35.5%     -    0s
     0     0 318236.696    0   35 493628.131 318236.696  35.5%     -    0s
     0     0 318236.696    0   23 493628.131 318236.696  35.5%     -    0s
H    0     0                    469677.93877 318248.892  32.2%     -    0s
     0     0 318248.892    0   41 469677.939 318248.892  32.2%     -    0s
     0     0 318269.674    0   27 469677.939 318269.674  32.2%     -    0s
H    0     0                    457325.44431 318269.674  30.4%     -    0s
H    0     0                    456789.16361 318269.674  30.3%     -    0s
     0     0 318269.674    0   44 456789.164 318269.674  30.3%     -    0s
H    0     0                    450247.58117 318279.623  29.3%     -    0s
     0     0 318279.623    0   44 450247.581 318279.623  29.3%     -    0s
     0     0 318295.534    0   29 450247.581 318295.534  29.3%     -    0s
     0     0 318315.449    0   30 450247.581 318315.449  29.3%     -    0s
     0     0 318315.449    0   49 450247.581 318315.449  29.3%     -    0s
     0     0 318353.975    0   45 450247.581 318353.975  29.3%     -    0s
H    0     0                    448746.05615 318355.240  29.1%     -    0s
     0     0 318355.240    0   55 448746.056 318355.240  29.1%     -    0s
     0     0 320675.074    0   71 448746.056 320675.074  28.5%     -    0s
H    0     0                    436166.92503 322278.622  26.1%     -    0s
H    0     0                    434517.12779 322278.622  25.8%     -    0s
     0     0 322278.622    0   69 434517.128 322278.622  25.8%     -    0s
     0     0 322278.622    0   72 434517.128 322278.622  25.8%     -    0s
     0     0 322278.622    0   75 434517.128 322278.622  25.8%     -    0s
     0     0 322278.622    0   82 434517.128 322278.622  25.8%     -    0s
     0     0 322278.622    0   84 434517.128 322278.622  25.8%     -    0s
     0     0 324878.865    0   59 434517.128 324878.865  25.2%     -    0s
     0     0 324881.396    0   69 434517.128 324881.396  25.2%     -    0s
     0     0 324881.835    0   71 434517.128 324881.835  25.2%     -    0s
     0     0 325269.241    0   55 434517.128 325269.241  25.1%     -    0s
     0     0 325785.631    0   55 434517.128 325785.631  25.0%     -    0s
     0     0 329383.636    0   74 434517.128 329383.636  24.2%     -    0s
     0     0 335770.534    0   48 434517.128 335770.534  22.7%     -    0s
     0     0 335792.290    0   65 434517.128 335792.290  22.7%     -    0s
     0     0 335792.706    0   69 434517.128 335792.706  22.7%     -    0s
     0     0 335872.109    0   74 434517.128 335872.109  22.7%     -    0s
     0     0 335872.109    0   74 434517.128 335872.109  22.7%     -    0s
H    0     0                    414015.11802 335872.109  18.9%     -    0s
     0     0 339528.640    0   57 414015.118 339528.640  18.0%     -    0s
     0     0 339529.551    0   66 414015.118 339529.551  18.0%     -    0s
     0     0 339529.551    0   60 414015.118 339529.551  18.0%     -    0s
     0     0 339529.551    0   60 414015.118 339529.551  18.0%     -    0s
     0     0 339529.551    0   58 414015.118 339529.551  18.0%     -    0s
     0     0 339529.551    0   58 414015.118 339529.551  18.0%     -    0s
     0     0 339529.551    0   57 414015.118 339529.551  18.0%     -    0s
H    0     0                    411547.36665 339529.551  17.5%     -    0s
H    0     0                    406675.70473 339529.551  16.5%     -    0s
     0     2 339529.551    0   54 406675.705 339529.551  16.5%     -    0s
H   22    32                    397751.52727 339529.551  14.6%  40.5    0s
H   27    32                    385443.43195 339529.551  11.9%  41.8    0s
H  164   199                    384640.62489 339529.551  11.7%  46.4    0s
H  841   585                    384232.11914 339529.551  11.6%  37.3    0s
H  988   626                    371232.12420 339529.551  8.54%  35.4    1s
H 1407   711                    370701.93591 339529.551  8.41%  36.1    1s
H 2262   982                    370206.89158 339537.464  8.28%  34.4    1s
  5064  1710 369932.059   22   60 370206.892 339572.579  8.27%  30.8    5s
 11378  1604 343945.596   27   52 370206.892 342588.425  7.46%  38.9   10s
 28349  5229     cutoff   54      370206.892 353172.359  4.60%  35.1   15s
 46673  7221 368351.540   37   51 370206.892 358915.897  3.05%  34.0   20s
 64323  5672 366098.601   36   37 370206.892 362669.666  2.04%  34.5   25s
 81735   411 368780.917   45   31 370206.892 367623.942  0.70%  34.7   30s

Cutting planes:
  Gomory: 5
  Lift-and-project: 25
  Cover: 334
  Implied bound: 51
  Projected implied bound: 16
  Clique: 10
  MIR: 967
  Mixing: 2
  StrongCG: 24
  Flow cover: 145
  GUB cover: 33
  Inf proof: 12
  Zero half: 28
  Mod-K: 1
  Network: 4
  RLT: 52
  Relax-and-lift: 13
  BQP: 1

Explored 84976 nodes (2944150 simplex iterations) in 30.92 seconds (33.46 work units)
Thread count was 24 (of 24 available processors)

Solution count 10: 370207 370702 371232 ... 414015

Optimal solution found (tolerance 1.00e-04)
Best objective 3.702068915843e+05, best bound 3.702068915843e+05, gap 0.0000%
