
Gurobi 13.0.2 (linux64, Python) logging started Sat Aug 22 21:15:40 2026

Set parameter LogToConsole to value 0
Set parameter Username
Set parameter LicenseID to value 2748191
Set parameter TimeLimit to value 120
Set parameter LogFile to value "output/bz_nbr7008_043/new_coils_value/default/period_1/gurobi.log"
Academic license - for non-commercial use only - expires 2026-12-01
Gurobi Optimizer version 13.0.2 build v13.0.2rc1 (linux64 - "Debian GNU/Linux 13 (trixie)")

CPU model: 13th Gen Intel(R) Core(TM) i7-13700HX, instruction set [SSE2|AVX|AVX2]
Thread count: 24 physical cores, 24 logical processors, using up to 24 threads

Non-default parameters:
TimeLimit  120
LogToConsole  0

Optimize a model with 196063 rows, 130753 columns and 688669 nonzeros (Min)
Model fingerprint: 0xb33e57e6
Model has 108 linear objective coefficients
Variable types: 107764 continuous, 22989 integer (22989 binary)
Coefficient statistics:
  Matrix range     [1e-02, 1e+04]
  Objective range  [3e+04, 7e+04]
  Bounds range     [1e+00, 1e+00]
  RHS range        [1e-01, 3e+04]

Presolve removed 114420 rows and 79225 columns
Presolve time: 3.58s
Presolved: 81643 rows, 51528 columns, 810072 nonzeros
Variable types: 33723 continuous, 17805 integer (17761 binary)
Deterministic concurrent LP optimizer: primal simplex, dual simplex, and barrier
Showing barrier log only...

Root barrier log...

Ordering time: 0.42s

Barrier statistics:
 Dense cols : 23
 AA' NZ     : 7.190e+06
 Factor NZ  : 1.225e+07 (roughly 140 MB of memory)
 Factor Ops : 3.498e+09 (less than 1 second per iteration)
 Threads    : 21

                  Objective                Residual
Iter       Primal          Dual         Primal    Dual     Compl     Time
   0   1.58063821e+08 -3.15210561e+09  2.75e+06 1.77e+01  8.55e+05     5s
   1   1.85835385e+08 -2.85478738e+09  1.79e+06 7.78e+01  4.88e+05     5s
   2   5.80807728e+07 -2.36347583e+09  7.11e+05 1.77e+01  1.97e+05     5s
   3   1.89451926e+07 -1.28588724e+09  1.82e+05 1.22e+00  5.18e+04     5s
   4   6.40123061e+06 -3.44813748e+08  1.87e+04 3.33e-11  6.30e+03     5s
   5   5.02202227e+06 -1.41948173e+08  2.59e+03 3.43e-11  1.49e+03     5s
   6   4.88967593e+06 -2.97166828e+07  1.30e+03 2.55e-11  3.79e+02     6s
   7   4.75197690e+06 -1.33866009e+07  7.37e+02 1.27e-11  1.89e+02     6s
   8   4.20407638e+06 -6.65304996e+06  3.18e+02 6.14e-12  9.86e+01     6s
   9   3.45083353e+06 -4.02514236e+06  1.50e+02 4.77e-12  6.20e+01     6s
  10   2.75644877e+06 -2.68260908e+06  8.13e+01 2.96e-12  4.31e+01     6s
  11   1.81136965e+06 -1.21169733e+06  4.35e+01 3.27e-12  2.37e+01     6s
  12   1.34892149e+06 -6.84497240e+04  2.30e+01 3.85e-12  1.13e+01     6s
  13   1.15836336e+06  2.47817251e+05  1.44e+01 3.68e-12  7.25e+00     6s
  14   1.05869618e+06  4.36969171e+05  1.03e+01 4.41e-12  5.02e+00     6s
  15   9.31908810e+05  5.92833359e+05  4.78e+00 5.15e-12  2.71e+00     6s
  16   8.76032603e+05  7.21547883e+05  2.45e+00 5.98e-12  1.26e+00     6s
  17   8.52568243e+05  7.60303266e+05  1.52e+00 5.13e-12  7.50e-01     6s
  18   8.45459238e+05  7.71352160e+05  1.26e+00 5.84e-12  6.04e-01     6s
  19   8.40118437e+05  7.86313369e+05  1.07e+00 4.77e-12  4.46e-01     6s
  20   8.28434490e+05  7.93276938e+05  6.67e-01 3.90e-12  2.88e-01     6s
  21   8.20112237e+05  8.00857304e+05  3.75e-01 4.36e-12  1.57e-01     6s
  22   8.13093397e+05  8.04976149e+05  1.27e-01 3.67e-12  6.40e-02     6s
  23   8.09527247e+05  8.07137696e+05  2.24e-02 3.79e-12  1.80e-02     7s
  24   8.09243218e+05  8.07905480e+05  1.61e-02 5.13e-12  1.03e-02     7s
  25   8.08927386e+05  8.08154479e+05  9.48e-03 3.95e-12  5.94e-03     7s
  26   8.08789811e+05  8.08275568e+05  6.77e-03 3.47e-12  3.98e-03     7s
  27   8.08752846e+05  8.08306528e+05  6.00e-03 5.13e-12  3.46e-03     7s
  28   8.08641814e+05  8.08368162e+05  3.64e-03 5.68e-12  2.12e-03     7s
  29   8.08573284e+05  8.08399227e+05  2.16e-03 4.70e-12  1.34e-03     7s
  30   8.08527704e+05  8.08402788e+05  1.32e-03 5.51e-12  9.48e-04     7s
  31   8.08510336e+05  8.08423032e+05  9.72e-04 4.86e-12  6.65e-04     7s
  32   8.08484054e+05  8.08432589e+05  4.60e-04 4.31e-12  3.86e-04     7s
  33   8.08465796e+05  8.08440585e+05  1.41e-04 5.12e-12  1.85e-04     7s
  34   8.08460735e+05  8.08452236e+05  6.22e-05 4.51e-12  6.33e-05     7s
  35   8.08458399e+05  8.08454809e+05  3.08e-05 3.50e-12  2.70e-05     7s
  36   8.08456029e+05  8.08455660e+05  2.80e-06 4.80e-12  2.75e-06     7s
  37   8.08455787e+05  8.08455741e+05  3.19e-07 5.61e-12  3.42e-07     7s
  38   8.08455759e+05  8.08455756e+05  1.34e-07 6.18e-12  2.24e-08     7s
  39   8.08455756e+05  8.08455756e+05  3.37e-09 6.43e-12  2.71e-11     7s

Barrier solved model in 39 iterations and 7.42 seconds (13.16 work units)
Optimal objective 8.08455756e+05


Root crossover log...

   43113 DPushes remaining with DInf 6.7165204e-02                 7s
       0 DPushes remaining with DInf 4.0561265e-03                 8s

     137 PPushes remaining with PInf 4.5144751e-04                 8s
       0 PPushes remaining with PInf 0.0000000e+00                 8s

  Push phase complete: Pinf 0.0000000e+00, Dinf 1.5766418e+01      8s


Root simplex log...

Iteration    Objective       Primal Inf.    Dual Inf.      Time
   30699    8.0845576e+05   0.000000e+00   1.576642e+01      8s
   30715    8.0845576e+05   0.000000e+00   0.000000e+00      8s
Crossover time: 0.48 seconds (0.68 work units)
Concurrent spin time: 0.00s

Solved with barrier
   30715    8.0845576e+05   0.000000e+00   0.000000e+00      8s

Root relaxation: objective 8.084558e+05, 30715 iterations, 4.11 seconds (6.31 work units)

    Nodes    |    Current Node    |     Objective Bounds      |     Work
 Expl Unexpl |  Obj  Depth IntInf | Incumbent    BestBd   Gap | It/Node Time

     0     0 808455.756    0  121          - 808455.756      -     -    8s
H    0     0                    1186251.1393 808455.756  31.8%     -    9s
H    0     0                    1181826.3988 808455.756  31.6%     -    9s
H    0     0                    1110920.5302 808455.756  27.2%     -    9s
H    0     0                    1102922.0493 808455.756  26.7%     -    9s
H    0     0                    1102215.5241 808455.756  26.7%     -    9s
H    0     0                    1096806.0469 808455.756  26.3%     -    9s
H    0     0                    1095725.2999 808455.756  26.2%     -   10s
H    0     0                    1091180.8337 808455.756  25.9%     -   10s
H    0     0                    1053026.5776 808455.756  23.2%     -   11s
H    0     0                    988382.35760 808455.756  18.2%     -   11s
H    0     0                    964009.33095 808455.756  16.1%     -   11s
H    0     0                    955375.24147 808455.756  15.4%     -   11s
H    0     0                    954614.10028 808455.756  15.3%     -   12s
H    0     0                    920311.27017 808455.756  12.2%     -   13s
H    0     0                    916608.31036 808455.756  11.8%     -   13s
H    0     0                    915899.90855 808455.756  11.7%     -   13s
H    0     0                    908202.92612 808455.756  11.0%     -   15s
H    0     0                    907844.95488 808455.756  10.9%     -   15s
H    0     0                    896255.97189 808455.756  9.80%     -   15s
H    0     0                    895867.17614 808476.615  9.75%     -   16s
     0     0 808476.615    0  117 895867.176 808476.615  9.75%     -   16s
H    0     0                    891080.08064 808476.940  9.27%     -   17s
H    0     0                    889553.33387 808476.940  9.11%     -   17s
H    0     0                    888469.08411 808476.940  9.00%     -   17s
H    0     0                    881593.55563 808476.940  8.29%     -   17s
     0     0 808478.725    0  133 881593.556 808478.725  8.29%     -   17s
     0     0 808479.003    0  118 881593.556 808479.003  8.29%     -   18s
     0     0 808493.774    0  128 881593.556 808493.774  8.29%     -   19s
     0     0 809941.754    0  182 881593.556 809941.754  8.13%     -   23s
H    0     0                    881011.83761 809958.122  8.07%     -   24s
H    0     0                    880411.48319 809958.122  8.00%     -   24s
H    0     0                    880398.36666 809958.122  8.00%     -   24s
     0     0 809958.122    0  183 880398.367 809958.122  8.00%     -   25s
     0     0 810033.228    0  184 880398.367 810033.228  7.99%     -   25s
     0     0 810094.173    0  178 880398.367 810094.173  7.99%     -   25s
     0     0 810257.490    0  197 880398.367 810257.490  7.97%     -   27s
     0     0 810259.195    0  190 880398.367 810259.195  7.97%     -   27s
     0     0 813505.980    0  219 880398.367 813505.980  7.60%     -   29s
     0     0 813594.291    0  218 880398.367 813594.291  7.59%     -   30s
     0     0 814139.393    0  270 880398.367 814139.393  7.53%     -   38s
     0     0 814139.393    0  268 880398.367 814139.393  7.53%     -   38s
     0     0 814169.943    0  302 880398.367 814169.943  7.52%     -   38s
     0     0 814169.943    0   80 880398.367 814169.943  7.52%     -   52s
H    0     0                    880079.45550 814169.943  7.49%     -   53s
     0     0 814169.943    0  103 880079.456 814169.943  7.49%     -   57s
H    0     0                    880079.08002 814169.943  7.49%     -   59s
H    0     0                    879657.41321 814169.943  7.44%     -   59s
H    0     0                    878630.58163 814169.943  7.34%     -   60s
     0     0 814169.943    0  154 878630.582 814169.943  7.34%     -   61s
H    0     0                    878621.40006 814169.943  7.34%     -   62s
     0     0 814169.943    0  217 878621.400 814169.943  7.34%     -   62s
     0     0 814470.937    0  241 878621.400 814470.937  7.30%     -   63s
     0     0 814516.347    0  251 878621.400 814516.347  7.30%     -   64s
H    0     0                    877985.50495 814695.490  7.21%     -   65s
H    0     0                    877832.24456 814695.490  7.19%     -   65s
H    0     0                    877689.11045 814695.490  7.18%     -   65s
H    0     0                    877679.92888 814695.490  7.18%     -   65s
     0     0 814695.490    0  278 877679.929 814695.490  7.18%     -   65s
H    0     0                    877620.55412 814695.711  7.17%     -   65s
H    0     0                    877570.98457 814695.711  7.16%     -   65s
     0     0 814695.711    0  281 877570.985 814695.711  7.16%     -   65s
     0     0 818754.412    0  331 877570.985 818754.412  6.70%     -   69s
     0     0 820108.919    0  325 877570.985 820108.919  6.55%     -   71s
     0     0 820174.151    0  331 877570.985 820174.151  6.54%     -   71s
     0     0 820174.151    0  329 877570.985 820174.151  6.54%     -   71s
     0     0 820174.151    0  327 877570.985 820174.151  6.54%     -   71s
     0     0 820461.209    0  321 877570.985 820461.209  6.51%     -   72s
     0     0 820510.464    0  321 877570.985 820510.464  6.50%     -   72s
     0     0 820510.492    0  332 877570.985 820510.492  6.50%     -   72s
     0     0 823461.433    0  353 877570.985 823461.433  6.17%     -   75s
     0     0 823639.352    0  314 877570.985 823639.352  6.15%     -   76s
     0     0 823714.771    0  308 877570.985 823714.771  6.14%     -   76s
     0     0 823719.021    0  311 877570.985 823719.021  6.14%     -   77s
     0     0 823727.248    0  327 877570.985 823727.248  6.14%     -   77s
     0     0 823727.883    0  324 877570.985 823727.883  6.14%     -   77s
H    0     0                    873835.76132 823727.883  5.73%     -   79s
H    0     0                    873586.11007 823727.883  5.71%     -   79s
H    0     0                    873372.20136 823727.883  5.68%     -   79s
     0     0 828279.822    0  311 873372.201 828279.822  5.16%     -   81s
     0     0 828280.318    0  296 873372.201 828280.318  5.16%     -   81s
     0     0 829452.915    0  340 873372.201 829452.915  5.03%     -   83s
     0     0 829675.689    0  337 873372.201 829675.689  5.00%     -   83s
     0     0 829715.043    0  324 873372.201 829715.043  5.00%     -   84s
     0     0 829856.448    0  336 873372.201 829856.448  4.98%     -   85s
     0     0 829961.320    0  307 873372.201 829961.320  4.97%     -   85s
     0     0 830034.232    0  317 873372.201 830034.232  4.96%     -   86s
     0     0 830055.147    0  346 873372.201 830055.147  4.96%     -   86s
     0     0 830064.929    0  340 873372.201 830064.929  4.96%     -   86s
     0     0 832534.068    0  355 873372.201 832534.068  4.68%     -   89s
H    0     0                    868934.30712 832588.521  4.18%     -   90s
H    0     0                    867485.58660 832588.521  4.02%     -   90s
     0     0 832625.643    0  424 867485.587 832625.643  4.02%     -   91s
     0     0 832645.688    0  424 867485.587 832645.688  4.02%     -   91s
     0     0 832663.893    0  382 867485.587 832663.893  4.01%     -   91s
     0     0 832697.388    0  410 867485.587 832697.388  4.01%     -   91s
     0     0 832698.216    0  411 867485.587 832698.216  4.01%     -   91s
     0     0 834323.892    0  363 867485.587 834323.892  3.82%     -   94s
     0     0 834820.440    0  354 867485.587 834820.440  3.77%     -   96s
     0     0 834912.541    0  365 867485.587 834912.541  3.75%     -   96s
     0     0 834912.541    0  370 867485.587 834912.541  3.75%     -   96s
     0     0 836172.060    0  350 867485.587 836172.060  3.61%     -   97s
H    0     0                    865811.67454 836183.369  3.42%     -   98s
H    0     0                    864507.20010 836183.369  3.28%     -   98s
     0     0 836496.895    0  404 864507.200 836496.895  3.24%     -  101s
     0     0 836707.604    0  359 864507.200 836707.604  3.22%     -  103s
     0     0 836713.498    0  361 864507.200 836713.498  3.21%     -  103s
     0     0 836715.173    0  363 864507.200 836715.173  3.21%     -  103s
     0     0 837771.932    0  326 864507.200 837771.932  3.09%     -  105s
     0     0 837933.663    0  397 864507.200 837933.663  3.07%     -  106s
     0     0 837996.431    0  375 864507.200 837996.431  3.07%     -  106s
     0     0 837996.431    0  375 864507.200 837996.431  3.07%     -  106s
     0     0 837997.283    0  388 864507.200 837997.283  3.07%     -  106s
     0     0 838671.422    0  371 864507.200 838671.422  2.99%     -  108s
     0     0 838920.494    0  347 864507.200 838920.494  2.96%     -  111s
     0     0 838944.748    0  287 864507.200 838944.748  2.96%     -  112s
     0     0 838949.375    0  309 864507.200 838949.375  2.96%     -  112s
     0     0 839271.182    0  359 864507.200 839271.182  2.92%     -  114s
     0     0 839341.568    0  347 864507.200 839341.568  2.91%     -  117s
     0     0 839389.836    0  344 864507.200 839389.836  2.91%     -  118s
     0     0 839404.028    0  365 864507.200 839404.028  2.90%     -  118s
     0     0 839404.257    0  347 864507.200 839404.257  2.90%     -  119s
     0     0          -    0      864507.200 839404.257  2.90%     -  120s

Cutting planes:
  Learned: 4
  Gomory: 14
  Cover: 126
  Implied bound: 400
  Clique: 64
  MIR: 545
  Knapsack: 6
  StrongCG: 184
  Flow cover: 148
  GUB cover: 33
  Zero half: 21
  RLT: 429
  Relax-and-lift: 60
  BQP: 27

Explored 1 nodes (102958 simplex iterations) in 120.02 seconds (163.53 work units)
Thread count was 24 (of 24 available processors)

Solution count 10: 864507 865812 867486 ... 877680

Time limit reached
Best objective 8.645072000982e+05, best bound 8.394042572244e+05, gap 2.9037%
