
Gurobi 13.0.2 (linux64, Python) logging started Wed Jun  3 16:26:05 2026

Set parameter LogToConsole to value 0
Set parameter Username
Set parameter LicenseID to value 2748191
Set parameter TimeLimit to value 600
Set parameter LogFile to value "output/bz_nbr7008_095/period_2/gurobi.log"
Academic license - for non-commercial use only - expires 2026-12-01
Gurobi Optimizer version 13.0.2 build v13.0.2rc1 (linux64 - "Debian GNU/Linux 13 (trixie)")

CPU model: 13th Gen Intel(R) Core(TM) i7-13700HX, instruction set [SSE2|AVX|AVX2]
Thread count: 24 physical cores, 24 logical processors, using up to 24 threads

Non-default parameters:
TimeLimit  600
LogToConsole  0

Optimize a model with 8943 rows, 6284 columns and 23770 nonzeros (Min)
Model fingerprint: 0xc72945ca
Model has 2311 linear objective coefficients and an objective constant of 32325.31638
Variable types: 5088 continuous, 1196 integer (1196 binary)
Coefficient statistics:
  Matrix range     [1e-02, 1e+04]
  Objective range  [1e+01, 1e+05]
  Bounds range     [1e+00, 1e+00]
  RHS range        [1e-01, 3e+04]

Presolve removed 6826 rows and 4775 columns
Presolve time: 0.06s
Presolved: 2117 rows, 1509 columns, 8507 nonzeros
Variable types: 966 continuous, 543 integer (521 binary)
Found heuristic solution: objective 1458228.9661
Found heuristic solution: objective 1301397.9566

Root relaxation: objective 3.043811e+05, 859 iterations, 0.01 seconds (0.02 work units)

    Nodes    |    Current Node    |     Objective Bounds      |     Work
 Expl Unexpl |  Obj  Depth IntInf | Incumbent    BestBd   Gap | It/Node Time

     0     0 304381.111    0   26 1301397.96 304381.111  76.6%     -    0s
     0     0 304381.760    0   29 1301397.96 304381.760  76.6%     -    0s
H    0     0                    816407.52870 304381.760  62.7%     -    0s
     0     0 304381.760    0   31 816407.529 304381.760  62.7%     -    0s
     0     0 304381.760    0   30 816407.529 304381.760  62.7%     -    0s
H    0     0                    746927.62189 304381.760  59.2%     -    0s
     0     0 304381.760    0   31 746927.622 304381.760  59.2%     -    0s
H    0     0                    659992.81159 304391.098  53.9%     -    0s
     0     0 304391.098    0   49 659992.812 304391.098  53.9%     -    0s
     0     0 304391.098    0   49 659992.812 304391.098  53.9%     -    0s
     0     0 304391.098    0   46 659992.812 304391.098  53.9%     -    0s
H    0     0                    630782.95182 304392.091  51.7%     -    0s
H    0     0                    630480.54200 304392.091  51.7%     -    0s
     0     0 304392.091    0   50 630480.542 304392.091  51.7%     -    0s
     0     0 307190.604    0   41 630480.542 307190.604  51.3%     -    0s
H    0     0                    562779.36653 307191.785  45.4%     -    0s
H    0     0                    557712.26099 307191.785  44.9%     -    0s
H    0     0                    557420.83303 307191.785  44.9%     -    0s
     0     0 307191.785    0   41 557420.833 307191.785  44.9%     -    0s
     0     0 310236.000    0   40 557420.833 310236.000  44.3%     -    0s
H    0     0                    437953.07408 310236.000  29.2%     -    0s
     0     0 310277.437    0   51 437953.074 310277.437  29.2%     -    0s
     0     0 310277.437    0   51 437953.074 310277.437  29.2%     -    0s
     0     0 310319.809    0   57 437953.074 310319.809  29.1%     -    0s
     0     0 310319.828    0   58 437953.074 310319.828  29.1%     -    0s
     0     0 310321.795    0   57 437953.074 310321.795  29.1%     -    0s
     0     0 310322.146    0   57 437953.074 310322.146  29.1%     -    0s
     0     0 310519.407    0   77 437953.074 310519.407  29.1%     -    0s
     0     0 310527.157    0   57 437953.074 310527.157  29.1%     -    0s
     0     0 314895.051    0   47 437953.074 314895.051  28.1%     -    0s
     0     0 317568.993    0   63 437953.074 317568.993  27.5%     -    0s
     0     0 317658.653    0   65 437953.074 317658.653  27.5%     -    0s
     0     0 317666.243    0   73 437953.074 317666.243  27.5%     -    0s
     0     0 317666.243    0   73 437953.074 317666.243  27.5%     -    0s
     0     0 317666.434    0   74 437953.074 317666.434  27.5%     -    0s
H    0     0                    402799.86326 317666.434  21.1%     -    0s
     0     0 317666.434    0   74 402799.863 317666.434  21.1%     -    0s
     0     0 317666.434    0   81 402799.863 317666.434  21.1%     -    0s
     0     0 317666.434    0   86 402799.863 317666.434  21.1%     -    0s
     0     0 317772.475    0   64 402799.863 317772.475  21.1%     -    0s
     0     0 317772.475    0   64 402799.863 317772.475  21.1%     -    0s
     0     0 317772.475    0   63 402799.863 317772.475  21.1%     -    0s
     0     0 317773.864    0   74 402799.863 317773.864  21.1%     -    0s
     0     0 317773.864    0   79 402799.863 317773.864  21.1%     -    0s
     0     0 317773.864    0   80 402799.863 317773.864  21.1%     -    0s
     0     0 317774.993    0   83 402799.863 317774.993  21.1%     -    0s
     0     0 317774.993    0   83 402799.863 317774.993  21.1%     -    0s
     0     0 317774.993    0   76 402799.863 317774.993  21.1%     -    0s
     0     2 317778.217    0   76 402799.863 317778.217  21.1%     -    0s
H   15    32                    402781.20130 318082.957  21.0%  43.5    0s
H   18    32                    384657.54735 318082.957  17.3%  46.5    0s
H 2032  1143                    384656.87302 320055.178  16.8%  28.6    1s
H 4532  2045                    384640.42340 320147.085  16.8%  33.0    4s
  5173  2098 376160.690   34   36 384640.423 320147.085  16.8%  35.3    5s
H 7102  2132                    384640.42333 320296.942  16.7%  39.2    6s
 18173  5915 379348.155   33   30 384640.423 353285.163  8.15%  41.0   10s
 44228 12119     cutoff   47      384640.423 354030.585  7.96%  37.2   15s
 52584 14691 368112.802   39   29 384640.423 354047.147  7.95%  37.7   20s
 75555 18523 357139.938   35   27 384640.423 355107.832  7.68%  38.7   25s
 98342 21521 infeasible   40      384640.423 357663.276  7.01%  38.6   30s
 119026 24338 378012.433   44   32 384640.423 358398.655  6.82%  38.5   35s
 139514 25617     cutoff   42      384640.423 359992.304  6.41%  38.4   40s
 161641 28257 374065.051   37   27 384640.423 360836.076  6.19%  38.2   45s
 178494 30524 372228.350   36   39 384640.423 361253.051  6.08%  38.3   50s
 198932 32408 372800.675   47   38 384640.423 361948.640  5.90%  38.5   55s
 214994 33479 375322.684   50   31 384640.423 362578.066  5.74%  38.4   60s
 232750 34279 381824.578   43   19 384640.423 363493.268  5.50%  38.4   65s
 252677 35508 376237.997   37   38 384640.423 364592.601  5.21%  38.3   70s
 273046 37677 375670.994   43   27 384640.423 365210.667  5.05%  38.1   75s
 290358 38572 374465.363   45   41 384640.423 365627.911  4.94%  38.1   80s
 307375 40342 infeasible   45      384640.423 365961.207  4.86%  38.3   85s
 325733 41475 374306.420   44   30 384640.423 366207.334  4.79%  38.3   90s
 343734 42782 366606.602   47   43 384640.423 366555.282  4.70%  38.3   95s
 362710 43564 infeasible   53      384640.423 367030.135  4.58%  38.2  100s
 381633 43951 infeasible   43      384640.423 367551.614  4.44%  38.1  105s
 401874 43462     cutoff   50      384640.423 368293.217  4.25%  38.0  110s
 418109 43541 371139.180   51   30 384640.423 368705.061  4.14%  38.0  115s
 435203 44298     cutoff   34      384640.423 369120.827  4.03%  38.0  120s
 452641 45852 381027.921   39   34 384640.423 369423.576  3.96%  38.0  125s
 470719 46531 377500.096   32   41 384640.423 369670.793  3.89%  38.0  130s
 487802 47009 371616.949   37   17 384640.423 369905.091  3.83%  38.1  135s
 502327 47673 373043.905   44   25 384640.423 370144.643  3.77%  38.1  140s
 520848 46618     cutoff   40      384640.423 370701.203  3.62%  38.1  145s
 534754 46253 infeasible   37      384640.423 370983.228  3.55%  38.1  150s
 549943 46114     cutoff   44      384640.423 371383.565  3.45%  38.0  155s
 567928 46641 381651.190   41   29 384640.423 371654.537  3.38%  38.1  160s
 583377 46876 384173.186   47   20 384640.423 371843.325  3.33%  38.1  165s
 598555 46956 infeasible   36      384640.423 372119.216  3.26%  38.2  170s
 613676 46343 380892.684   50   31 384640.423 372434.011  3.17%  38.2  175s
 629011 46147 384037.481   45   48 384640.423 372752.897  3.09%  38.2  180s
 643554 45712 382687.062   40   44 384640.423 373178.819  2.98%  38.2  185s
 659499 45374 377442.774   29   20 384640.423 373387.541  2.93%  38.3  190s
 677049 45085     cutoff   44      384640.423 373709.936  2.84%  38.3  195s
 689524 45981     cutoff   44      384640.423 373842.546  2.81%  38.3  200s
 705371 45454 376765.039   29   56 384640.423 374090.988  2.74%  38.4  205s
 720025 46354 376744.504   41   32 384640.423 374156.612  2.73%  38.4  210s
 732900 45952     cutoff   40      384640.423 374222.673  2.71%  38.5  215s
 749143 45217 374624.999   36   46 384640.423 374528.733  2.63%  38.5  220s
 761369 46510     cutoff   51      384640.423 374631.401  2.60%  38.6  225s
 773363 45109 377491.926   39   34 384640.423 374760.967  2.57%  38.7  230s
 788363 42739 376780.309   45   46 384640.423 375179.064  2.46%  38.6  235s
 804119 40351     cutoff   43      384640.423 375675.906  2.33%  38.6  240s
 819524 38441     cutoff   45      384640.423 376105.030  2.22%  38.5  245s
 834108 37480 376369.742   33   43 384640.423 376368.449  2.15%  38.6  250s
 845753 37658 376545.066   34   40 384640.423 376529.086  2.11%  38.7  255s
 856555 35859     cutoff   29      384640.423 376649.198  2.08%  38.7  260s
 870120 33933     cutoff   40      384640.423 377019.604  1.98%  38.7  265s
 882370 31594 383560.269   43   31 384640.423 377243.615  1.92%  38.7  270s
 896305 29449 382474.145   48   11 384640.423 377803.386  1.78%  38.7  275s
 908625 27965 378486.952   36   15 384640.423 378225.587  1.67%  38.7  280s
 921130 26172     cutoff   45      384640.423 378524.528  1.59%  38.8  285s
 930795 25025 381775.455   53   34 384640.423 378697.788  1.54%  38.8  290s
 944233 22416     cutoff   34      384640.423 378997.219  1.47%  38.9  295s
 954865 20064 381965.350   49   59 384640.423 379491.048  1.34%  38.9  300s
 969621 15545 380733.989   40   39 384640.423 380260.983  1.14%  38.8  305s
 983757 12004 383656.488   46   19 384640.423 380754.200  1.01%  38.8  310s
 993588 10443 381408.351   32   48 384640.423 381384.747  0.85%  38.9  315s
 1006684  6303     cutoff   41      384640.423 382030.176  0.68%  38.9  320s
 1019206  2228 383736.948   27   46 384640.423 382793.048  0.48%  38.9  325s

Cutting planes:
  Learned: 3
  Gomory: 10
  Lift-and-project: 24
  Cover: 2460
  Implied bound: 213
  Projected implied bound: 29
  Clique: 11
  MIR: 407
  StrongCG: 28
  Flow cover: 126
  GUB cover: 47
  Inf proof: 137
  Zero half: 69
  Network: 9
  RLT: 58
  Relax-and-lift: 70
  BQP: 3

Explored 1028229 nodes (39942260 simplex iterations) in 329.59 seconds (365.03 work units)
Thread count was 24 (of 24 available processors)

Solution count 10: 384640 384640 384640 ... 557712

Optimal solution found (tolerance 1.00e-04)
Best objective 3.846404233953e+05, best bound 3.846404233276e+05, gap 0.0000%
