
Gurobi 13.0.2 (linux64, Python) logging started Fri May  8 00:29:43 2026

Set parameter LogToConsole to value 0
Set parameter Username
Set parameter LicenseID to value 2748191
Set parameter TimeLimit to value 600
Set parameter LogFile to value "output/bz_nbr7008_075/period_1/gurobi.log"
Academic license - for non-commercial use only - expires 2026-12-01
Gurobi Optimizer version 13.0.2 build v13.0.2rc1 (linux64 - "Debian GNU/Linux 13 (trixie)")

CPU model: 13th Gen Intel(R) Core(TM) i7-13700HX, instruction set [SSE2|AVX|AVX2]
Thread count: 24 physical cores, 24 logical processors, using up to 24 threads

Non-default parameters:
TimeLimit  600
LogToConsole  0

Optimize a model with 11236 rows, 7524 columns and 31636 nonzeros (Min)
Model fingerprint: 0xb3c0988b
Model has 3080 linear objective coefficients
Variable types: 6138 continuous, 1386 integer (1386 binary)
Coefficient statistics:
  Matrix range     [1e-02, 8e+03]
  Objective range  [5e+00, 8e+04]
  Bounds range     [1e+00, 1e+00]
  RHS range        [4e-02, 2e+04]

Presolve removed 8481 rows and 5610 columns
Presolve time: 0.10s
Presolved: 2755 rows, 1914 columns, 13739 nonzeros
Variable types: 1254 continuous, 660 integer (660 binary)

Root relaxation: objective 1.803362e+03, 1765 iterations, 0.05 seconds (0.10 work units)

    Nodes    |    Current Node    |     Objective Bounds      |     Work
 Expl Unexpl |  Obj  Depth IntInf | Incumbent    BestBd   Gap | It/Node Time

     0     0 1803.36248    0   42          - 1803.36248      -     -    0s
     0     0 1805.19166    0   76          - 1805.19166      -     -    0s
     0     0 1805.19166    0   76          - 1805.19166      -     -    0s
H    0     0                    116604.21742 1805.26959  98.5%     -    0s
H    0     0                    87094.673256 1805.26959  97.9%     -    0s
H    0     0                    83543.144939 1816.48208  97.8%     -    0s
     0     0 1816.48208    0   93 83543.1449 1816.48208  97.8%     -    0s
     0     0 1816.48208    0   93 83543.1449 1816.48208  97.8%     -    0s
     0     0 7063.73262    0   56 83543.1449 7063.73262  91.5%     -    0s
H    0     0                    49905.001103 7063.81141  85.8%     -    0s
     0     0 7344.77504    0   83 49905.0011 7344.77504  85.3%     -    0s
     0     0 7356.49422    0   61 49905.0011 7356.49422  85.3%     -    0s
     0     0 7356.49422    0   68 49905.0011 7356.49422  85.3%     -    0s
H    0     0                    44673.251285 8196.06548  81.7%     -    0s
H    0     0                    44166.599241 8196.06548  81.4%     -    0s
H    0     0                    43995.098806 8196.06548  81.4%     -    0s
H    0     0                    41563.514246 8196.06548  80.3%     -    0s
H    0     0                    41443.219147 8196.06548  80.2%     -    0s
     0     0 8196.06548    0   85 41443.2191 8196.06548  80.2%     -    0s
H    0     0                    41442.056306 8196.78740  80.2%     -    0s
H    0     0                    41346.724699 8196.78740  80.2%     -    0s
H    0     0                    41321.761208 8196.78740  80.2%     -    0s
H    0     0                    41321.179787 8196.78740  80.2%     -    0s
     0     0 8196.78740    0   84 41321.1798 8196.78740  80.2%     -    0s
H    0     0                    34071.074782 8196.78740  75.9%     -    0s
H    0     0                    34068.386013 8196.78740  75.9%     -    0s
     0     0 8279.09959    0   91 34068.3860 8279.09959  75.7%     -    0s
H    0     0                    33153.504534 8281.04449  75.0%     -    0s
H    0     0                    33150.815765 8281.04449  75.0%     -    0s
     0     0 8281.04449    0   90 33150.8158 8281.04449  75.0%     -    0s
     0     0 8281.80114    0  100 33150.8158 8281.80114  75.0%     -    0s
     0     0 8474.26129    0   73 33150.8158 8474.26129  74.4%     -    0s
     0     0 8493.73065    0   81 33150.8158 8493.73065  74.4%     -    0s
     0     0 8511.30035    0   66 33150.8158 8511.30035  74.3%     -    0s
     0     0 8511.43574    0   89 33150.8158 8511.43574  74.3%     -    0s
     0     0 8634.03740    0   54 33150.8158 8634.03740  74.0%     -    0s
     0     0 8634.03841    0   61 33150.8158 8634.03841  74.0%     -    0s
     0     0 8707.05170    0   76 33150.8158 8707.05170  73.7%     -    0s
     0     0 8707.05170    0   71 33150.8158 8707.05170  73.7%     -    0s
     0     0 8707.05170    0   65 33150.8158 8707.05170  73.7%     -    0s
     0     0 8707.05170    0   67 33150.8158 8707.05170  73.7%     -    0s
     0     0 8805.54208    0  107 33150.8158 8805.54208  73.4%     -    0s
     0     0 8805.54208    0  107 33150.8158 8805.54208  73.4%     -    0s
     0     0 8805.54208    0  103 33150.8158 8805.54208  73.4%     -    0s
     0     0 8810.03422    0   94 33150.8158 8810.03422  73.4%     -    0s
     0     0 8810.21571    0   87 33150.8158 8810.21571  73.4%     -    0s
     0     0 8840.14642    0   97 33150.8158 8840.14642  73.3%     -    0s
     0     0 8890.21483    0   85 33150.8158 8890.21483  73.2%     -    0s
     0     0 8890.56550    0   98 33150.8158 8890.56550  73.2%     -    0s
     0     0 8961.47684    0   61 33150.8158 8961.47684  73.0%     -    0s
     0     0 8961.68919    0   84 33150.8158 8961.68919  73.0%     -    0s
     0     0 8981.10005    0   64 33150.8158 8981.10005  72.9%     -    1s
     0     0 8985.01555    0   79 33150.8158 8985.01555  72.9%     -    1s
     0     0 8985.01555    0  111 33150.8158 8985.01555  72.9%     -    1s
     0     0 8985.01555    0  108 33150.8158 8985.01555  72.9%     -    1s
     0     0 8985.01555    0  108 33150.8158 8985.01555  72.9%     -    1s
     0     0 8985.01555    0  108 33150.8158 8985.01555  72.9%     -    1s
H    0     0                    32957.008905 8985.01555  72.7%     -    1s
H    0     0                    31690.354186 8985.01555  71.6%     -    1s
     0     2 8985.01555    0  108 31690.3542 8985.01555  71.6%     -    1s
H   43    54                    31501.781692 8987.13014  71.5%   208    1s
H  112   134                    29047.198271 9454.65086  67.5%   229    1s
H 1271   546                    28853.391411 12293.8008  57.4%  83.8    4s
  1727   768 12295.9863    9   45 28853.3914 12295.0515  57.4%  78.0    5s
* 3146  1252              30    26874.034191 12296.0190  54.2%  70.8    5s
* 4345  1317              41    26461.050035 12664.8717  52.1%  67.5    6s
* 4346  1317              39    25110.127756 12664.8717  49.6%  67.5    6s
H 4363  1296                    24870.854632 12664.8717  49.1%  67.4    6s
* 4675  1281              42    24734.537078 12667.6362  48.8%  65.9    6s
H 6024  1286                    24638.042630 13761.4493  44.1%  63.9    8s
  8539  1223 18634.6753   13   35 24638.0426 14715.0380  40.3%  60.6   10s
*12583  1198              31    23107.696595 21913.4026  5.17%  64.0   12s

Cutting planes:
  Learned: 9
  Gomory: 4
  Cover: 334
  Implied bound: 159
  MIR: 323
  StrongCG: 48
  Flow cover: 99
  GUB cover: 29
  Inf proof: 77
  Mod-K: 1
  RLT: 60
  Relax-and-lift: 17

Explored 15570 nodes (969342 simplex iterations) in 13.64 seconds (10.74 work units)
Thread count was 24 (of 24 available processors)

Solution count 10: 23107.7 24638 24734.5 ... 31501.8

Optimal solution found (tolerance 1.00e-04)
Best objective 2.310769659515e+04, best bound 2.310769659515e+04, gap 0.0000%
