
Gurobi 13.0.2 (linux64, Python) logging started Thu May 28 04:02:38 2026

Set parameter LogToConsole to value 0
Set parameter Username
Set parameter LicenseID to value 2748191
Set parameter TimeLimit to value 600
Set parameter LogFile to value "output/bz_nbr7008_075/period_3/gurobi.log"
Academic license - for non-commercial use only - expires 2026-12-01
Gurobi Optimizer version 13.0.2 build v13.0.2rc1 (linux64 - "Debian GNU/Linux 13 (trixie)")

CPU model: 13th Gen Intel(R) Core(TM) i7-13700HX, instruction set [SSE2|AVX|AVX2]
Thread count: 24 physical cores, 24 logical processors, using up to 24 threads

Non-default parameters:
TimeLimit  600
LogToConsole  0

Optimize a model with 13967 rows, 9445 columns and 39166 nonzeros (Min)
Model fingerprint: 0x96fbdcd1
Model has 3230 linear objective coefficients and an objective constant of 194422.9285104
Variable types: 7694 continuous, 1751 integer (1751 binary)
Coefficient statistics:
  Matrix range     [1e-02, 8e+03]
  Objective range  [1e+01, 8e+04]
  Bounds range     [1e+00, 1e+00]
  RHS range        [4e-02, 2e+04]

Presolve removed 11017 rows and 7362 columns
Presolve time: 0.12s
Presolved: 2950 rows, 2083 columns, 14618 nonzeros
Variable types: 1343 continuous, 740 integer (740 binary)

Root relaxation: objective 2.606134e+05, 1658 iterations, 0.04 seconds (0.07 work units)

    Nodes    |    Current Node    |     Objective Bounds      |     Work
 Expl Unexpl |  Obj  Depth IntInf | Incumbent    BestBd   Gap | It/Node Time

     0     0 260613.352    0   97          - 260613.352      -     -    0s
     0     0 260748.370    0  120          - 260748.370      -     -    0s
     0     0 265146.305    0   61          - 265146.305      -     -    0s
     0     0 265146.973    0   61          - 265146.973      -     -    0s
     0     0 265152.853    0   84          - 265152.853      -     -    0s
     0     0 265153.170    0   88          - 265153.170      -     -    0s
     0     0 265171.839    0  108          - 265171.839      -     -    0s
     0     0 265188.658    0  114          - 265188.658      -     -    0s
     0     0 266511.879    0  114          - 266511.879      -     -    0s
     0     0 271662.904    0   76          - 271662.904      -     -    0s
H    0     0                    453275.37703 271662.904  40.1%     -    0s
H    0     0                    450469.31734 271662.904  39.7%     -    0s
     0     0 271662.904    0   96 450469.317 271662.904  39.7%     -    0s
     0     0 271662.904    0  132 450469.317 271662.904  39.7%     -    0s
     0     0 271662.904    0  138 450469.317 271662.904  39.7%     -    0s
H    0     0                    415802.64249 271662.904  34.7%     -    0s
H    0     0                    412998.05681 271662.904  34.2%     -    0s
H    0     0                    412899.83063 271662.904  34.2%     -    0s
H    0     0                    404151.89730 277046.278  31.4%     -    0s
H    0     0                    401350.22415 277046.278  31.0%     -    0s
     0     0 277046.278    0   86 401350.224 277046.278  31.0%     -    0s
H    0     0                    383229.39382 277046.278  27.7%     -    0s
H    0     0                    382062.19648 277046.278  27.5%     -    0s
H    0     0                    373994.86519 277046.278  25.9%     -    0s
H    0     0                    372821.97815 277046.278  25.7%     -    0s
H    0     0                    360212.25138 277046.278  23.1%     -    0s
     0     0 278838.913    0   97 360212.251 278838.913  22.6%     -    0s
     0     0 278866.168    0  134 360212.251 278866.168  22.6%     -    0s
     0     0 278866.168    0  124 360212.251 278866.168  22.6%     -    0s
     0     0 280265.567    0  142 360212.251 280265.567  22.2%     -    1s
H    0     0                    346622.60979 280289.772  19.1%     -    1s
     0     0 280489.073    0  155 346622.610 280489.073  19.1%     -    1s
     0     0 280531.727    0  159 346622.610 280531.727  19.1%     -    1s
     0     0 280535.785    0  166 346622.610 280535.785  19.1%     -    1s
H    0     0                    345297.73545 281450.915  18.5%     -    1s
     0     0 281450.915    0  140 345297.735 281450.915  18.5%     -    1s
     0     0 281572.700    0  165 345297.735 281572.700  18.5%     -    1s
     0     0 281575.565    0  166 345297.735 281575.565  18.5%     -    1s
     0     0 282633.552    0  198 345297.735 282633.552  18.1%     -    1s
     0     0 282751.652    0  181 345297.735 282751.652  18.1%     -    1s
     0     0 282786.982    0  190 345297.735 282786.982  18.1%     -    1s
     0     0 282823.205    0  167 345297.735 282823.205  18.1%     -    1s
     0     0 282825.771    0  186 345297.735 282825.771  18.1%     -    1s
     0     0 283508.431    0  152 345297.735 283508.431  17.9%     -    1s
     0     0 284674.528    0  140 345297.735 284674.528  17.6%     -    1s
     0     0 284674.528    0  164 345297.735 284674.528  17.6%     -    1s
     0     0 284674.528    0  164 345297.735 284674.528  17.6%     -    1s
     0     0 284674.528    0  143 345297.735 284674.528  17.6%     -    1s
     0     0 284691.661    0  176 345297.735 284691.661  17.6%     -    1s
     0     0 284691.661    0  169 345297.735 284691.661  17.6%     -    1s
     0     0 284817.958    0  166 345297.735 284817.958  17.5%     -    1s
     0     0 286641.809    0  171 345297.735 286641.809  17.0%     -    1s
     0     0 286641.809    0  178 345297.735 286641.809  17.0%     -    1s
     0     0 286641.809    0  127 345297.735 286641.809  17.0%     -    1s
H    0     0                    344744.30515 286641.809  16.9%     -    1s
     0     0 286641.809    0  165 344744.305 286641.809  16.9%     -    1s
     0     0 286641.809    0  175 344744.305 286641.809  16.9%     -    1s
     0     0 286641.809    0  186 344744.305 286641.809  16.9%     -    1s
     0     0 286641.809    0  234 344744.305 286641.809  16.9%     -    1s
     0     0 286641.809    0  194 344744.305 286641.809  16.9%     -    1s
     0     0 286641.809    0  194 344744.305 286641.809  16.9%     -    1s
     0     0 286641.809    0  186 344744.305 286641.809  16.9%     -    1s
H    0     0                    344667.29651 286641.809  16.8%     -    1s
     0     2 286641.809    0  186 344667.297 286641.809  16.8%     -    2s
H   61    83                    344310.76431 287859.350  16.4%   206    2s
H   80    83                    343296.68899 288249.066  16.0%   202    2s
H  293   311                    342940.15679 288249.066  15.9%   121    2s
H  308   311                    339993.24331 288249.066  15.2%   118    2s
  2576  1249 305169.543   16   78 339993.243 292608.990  13.9%   104    5s
  5148  1830 325490.519   20  148 339993.243 297205.908  12.6%   100   10s
H 5421  1907                    339649.23988 297559.225  12.4%   103   11s
H 8360  2494                    339591.51874 299212.146  11.9%  96.5   14s
  9646  2848 317045.783   37   79 339591.519 300182.350  11.6%  93.8   15s
 21305  8348 327435.623   43  115 339591.519 304207.517  10.4%  81.3   20s
H22894  8694                    339551.89089 304380.362  10.4%  80.5   20s
 32950 13297     cutoff   39      339551.891 305423.757  10.1%  75.6   25s
 47352 18446 320275.199   36  101 339551.891 306498.322  9.73%  72.6   30s
 51036 19086 328535.698   43  186 339551.891 306747.755  9.66%  72.1   37s
 51060 19102 311152.681   41  301 339551.891 306747.755  9.66%  72.1   40s
 51079 19115 320689.635   36  299 339551.891 306747.755  9.66%  72.0   45s
 51106 19133 320170.143   46  286 339551.891 306747.755  9.66%  72.0   50s
 51127 19147 332799.980   46  248 339551.891 306747.755  9.66%  72.0   55s
 51145 19159 312655.057   44  282 339551.891 306747.755  9.66%  71.9   60s
 51162 19170 306827.598   41  301 339551.891 306747.755  9.66%  71.9   65s
 51179 19181 320689.635   36  301 339551.891 306747.755  9.66%  71.9   70s
 51196 19193 321536.955   54  304 339551.891 306747.755  9.66%  71.9   75s
 51213 19204 309369.451   30  299 339551.891 306747.755  9.66%  71.8   80s
 51226 19213 314907.957   28  313 339551.891 306747.755  9.66%  71.8   85s
 51243 19224 318839.687   32  303 339551.891 306747.755  9.66%  71.8   90s
 51858 19453 309054.693   40  189 339551.891 306747.755  9.66%  73.5   95s
 56050 19549 309084.661   42  137 339551.891 306747.755  9.66%  75.9  100s
 61630 19069     cutoff   48      339551.891 308775.435  9.06%  78.8  105s
 67838 18005     cutoff   50      339551.891 310089.860  8.68%  81.6  110s
 74387 16688 312225.973   48  104 339551.891 310966.713  8.42%  83.5  115s
 79916 15509     cutoff   41      339551.891 311840.542  8.16%  85.1  120s
 86751 13705 314986.345   42  100 339551.891 312738.750  7.90%  86.4  125s
 92899 11994 317318.168   42  109 339551.891 313496.020  7.67%  87.7  130s
 98333 10478     cutoff   43      339551.891 314249.153  7.45%  88.5  135s
 104753  8564 334010.268   48   64 339551.891 315006.936  7.23%  89.3  140s
 112225  7397 335183.608   58   48 339551.891 316136.375  6.90%  90.0  146s
 117406  7328     cutoff   44      339551.891 317262.171  6.56%  90.3  150s
 124914  7234     cutoff   48      339551.891 318914.296  6.08%  90.5  157s
 129131  7119 328789.038   50   58 339551.891 319550.792  5.89%  90.6  162s
 134908  7019 327848.526   43  116 339551.891 321172.515  5.41%  90.7  166s
 142374  6850     cutoff   49      339551.891 322938.545  4.89%  90.6  170s
 148730  6511 334840.605   46   91 339551.891 326039.667  3.98%  90.3  175s
 157054  7066 330413.709   45   84 339551.891 328501.564  3.25%  89.4  180s
 164557  7343 333248.126   51  133 339551.891 330517.943  2.66%  88.5  185s
 174089  7374     cutoff   58      339551.891 332121.788  2.19%  87.4  190s
 184106  7442 337404.272   55   77 339551.891 333376.479  1.82%  86.3  195s
 194100  7124 336718.465   49   55 339551.891 334286.283  1.55%  85.2  201s
 201232  6212     cutoff   50      339551.891 334975.525  1.35%  84.6  205s
 210781  4595 336731.313   48   72 339551.891 336019.576  1.04%  83.9  211s
 218356  2709 338027.970   49  127 339551.891 336925.510  0.77%  83.4  215s

Cutting planes:
  Learned: 13
  Gomory: 20
  Lift-and-project: 2
  Cover: 809
  Implied bound: 197
  Projected implied bound: 4
  Clique: 1
  MIR: 495
  StrongCG: 17
  Flow cover: 490
  GUB cover: 59
  Inf proof: 18
  Zero half: 81
  Network: 1
  RLT: 37
  Relax-and-lift: 102
  BQP: 1

Explored 228374 nodes (18804315 simplex iterations) in 219.62 seconds (249.53 work units)
Thread count was 24 (of 24 available processors)

Solution count 10: 339552 339552 339592 ... 344744

Optimal solution found (tolerance 1.00e-04)
Best objective 3.395518908894e+05, best bound 3.395518908894e+05, gap 0.0000%
