
Gurobi 13.0.2 (linux64, Python) logging started Thu Aug 13 22:04:38 2026

Set parameter LogToConsole to value 0
Set parameter Username
Set parameter LicenseID to value 2748191
Set parameter TimeLimit to value 120
Set parameter LogFile to value "output/bz_nbr7008_075/weighted_loss/retail_y_4__retail_v_2__rolled_leftover_2/period_3/gurobi.log"
Academic license - for non-commercial use only - expires 2026-12-01
Gurobi Optimizer version 13.0.2 build v13.0.2rc1 (linux64 - "Debian GNU/Linux 13 (trixie)")

CPU model: 13th Gen Intel(R) Core(TM) i7-13700HX, instruction set [SSE2|AVX|AVX2]
Thread count: 24 physical cores, 24 logical processors, using up to 24 threads

Non-default parameters:
TimeLimit  120
LogToConsole  0

Optimize a model with 13967 rows, 9445 columns and 39166 nonzeros (Min)
Model fingerprint: 0x96fbdcd1
Model has 3230 linear objective coefficients and an objective constant of 194422.9285104
Variable types: 7694 continuous, 1751 integer (1751 binary)
Coefficient statistics:
  Matrix range     [1e-02, 8e+03]
  Objective range  [1e+01, 8e+04]
  Bounds range     [1e+00, 1e+00]
  RHS range        [4e-02, 2e+04]

Presolve removed 11017 rows and 7362 columns
Presolve time: 0.12s
Presolved: 2950 rows, 2083 columns, 14618 nonzeros
Variable types: 1343 continuous, 740 integer (740 binary)

Root relaxation: objective 2.606134e+05, 1658 iterations, 0.04 seconds (0.07 work units)

    Nodes    |    Current Node    |     Objective Bounds      |     Work
 Expl Unexpl |  Obj  Depth IntInf | Incumbent    BestBd   Gap | It/Node Time

     0     0 260613.352    0   97          - 260613.352      -     -    0s
     0     0 260748.370    0  120          - 260748.370      -     -    0s
     0     0 265146.305    0   61          - 265146.305      -     -    0s
     0     0 265146.973    0   61          - 265146.973      -     -    0s
     0     0 265152.853    0   84          - 265152.853      -     -    0s
     0     0 265153.170    0   88          - 265153.170      -     -    0s
     0     0 265171.839    0  108          - 265171.839      -     -    0s
     0     0 265188.658    0  114          - 265188.658      -     -    0s
     0     0 266511.879    0  114          - 266511.879      -     -    0s
     0     0 271662.904    0   76          - 271662.904      -     -    0s
H    0     0                    453275.37703 271662.904  40.1%     -    0s
H    0     0                    450469.31734 271662.904  39.7%     -    0s
     0     0 271662.904    0   96 450469.317 271662.904  39.7%     -    0s
     0     0 271662.904    0  132 450469.317 271662.904  39.7%     -    0s
     0     0 271662.904    0  138 450469.317 271662.904  39.7%     -    0s
H    0     0                    415802.64249 271662.904  34.7%     -    0s
H    0     0                    412998.05681 271662.904  34.2%     -    0s
H    0     0                    412899.83063 271662.904  34.2%     -    0s
H    0     0                    404151.89730 277046.278  31.4%     -    0s
H    0     0                    401350.22415 277046.278  31.0%     -    0s
     0     0 277046.278    0   86 401350.224 277046.278  31.0%     -    0s
H    0     0                    383229.39382 277046.278  27.7%     -    0s
H    0     0                    382062.19648 277046.278  27.5%     -    0s
H    0     0                    373994.86519 277046.278  25.9%     -    0s
H    0     0                    372821.97815 277046.278  25.7%     -    0s
H    0     0                    360212.25138 277046.278  23.1%     -    0s
     0     0 278838.913    0   97 360212.251 278838.913  22.6%     -    0s
     0     0 278866.168    0  134 360212.251 278866.168  22.6%     -    0s
     0     0 278866.168    0  124 360212.251 278866.168  22.6%     -    0s
     0     0 280265.567    0  142 360212.251 280265.567  22.2%     -    0s
H    0     0                    346622.60979 280289.772  19.1%     -    1s
     0     0 280489.073    0  155 346622.610 280489.073  19.1%     -    1s
     0     0 280531.727    0  159 346622.610 280531.727  19.1%     -    1s
     0     0 280535.785    0  166 346622.610 280535.785  19.1%     -    1s
H    0     0                    345297.73545 281450.915  18.5%     -    1s
     0     0 281450.915    0  140 345297.735 281450.915  18.5%     -    1s
     0     0 281572.700    0  165 345297.735 281572.700  18.5%     -    1s
     0     0 281575.565    0  166 345297.735 281575.565  18.5%     -    1s
     0     0 282633.552    0  198 345297.735 282633.552  18.1%     -    1s
     0     0 282751.652    0  181 345297.735 282751.652  18.1%     -    1s
     0     0 282786.982    0  190 345297.735 282786.982  18.1%     -    1s
     0     0 282823.205    0  167 345297.735 282823.205  18.1%     -    1s
     0     0 282825.771    0  186 345297.735 282825.771  18.1%     -    1s
     0     0 283508.431    0  152 345297.735 283508.431  17.9%     -    1s
     0     0 284674.528    0  140 345297.735 284674.528  17.6%     -    1s
     0     0 284674.528    0  164 345297.735 284674.528  17.6%     -    1s
     0     0 284674.528    0  164 345297.735 284674.528  17.6%     -    1s
     0     0 284674.528    0  143 345297.735 284674.528  17.6%     -    1s
     0     0 284691.661    0  176 345297.735 284691.661  17.6%     -    1s
     0     0 284691.661    0  169 345297.735 284691.661  17.6%     -    1s
     0     0 284817.958    0  166 345297.735 284817.958  17.5%     -    1s
     0     0 286641.809    0  171 345297.735 286641.809  17.0%     -    1s
     0     0 286641.809    0  178 345297.735 286641.809  17.0%     -    1s
     0     0 286641.809    0  127 345297.735 286641.809  17.0%     -    1s
H    0     0                    344744.30515 286641.809  16.9%     -    1s
     0     0 286641.809    0  165 344744.305 286641.809  16.9%     -    1s
     0     0 286641.809    0  175 344744.305 286641.809  16.9%     -    1s
     0     0 286641.809    0  186 344744.305 286641.809  16.9%     -    1s
     0     0 286641.809    0  234 344744.305 286641.809  16.9%     -    1s
     0     0 286641.809    0  194 344744.305 286641.809  16.9%     -    1s
     0     0 286641.809    0  194 344744.305 286641.809  16.9%     -    1s
     0     0 286641.809    0  186 344744.305 286641.809  16.9%     -    1s
H    0     0                    344667.29651 286641.809  16.8%     -    2s
     0     2 286641.809    0  186 344667.297 286641.809  16.8%     -    2s
H   61    83                    344310.76431 287859.350  16.4%   206    2s
H   80    83                    343296.68899 288249.066  16.0%   202    2s
H  293   311                    342940.15679 288249.066  15.9%   121    2s
H  308   311                    339993.24331 288249.066  15.2%   118    2s
  2449  1237     cutoff   16      339993.243 292608.990  13.9%   103    5s
  5148  1830 325490.519   20  148 339993.243 297205.908  12.6%   100   10s
H 5421  1907                    339649.23988 297559.225  12.4%   103   11s
H 8360  2494                    339591.51874 299212.146  11.9%  96.5   14s
  9032  2736     cutoff   40      339591.519 299922.063  11.7%  95.0   15s
 20474  8002 318196.602   39   95 339591.519 304189.656  10.4%  81.9   20s
H22894  8694                    339551.89089 304380.362  10.4%  80.5   21s
 32950 13297     cutoff   39      339551.891 305423.757  10.1%  75.6   25s
 47352 18446 320275.199   36  101 339551.891 306498.322  9.73%  72.6   30s
 51036 19086 328535.698   43  186 339551.891 306747.755  9.66%  72.1   37s
 51058 19101 310948.868   33  301 339551.891 306747.755  9.66%  72.1   40s
 51082 19117 316482.114   44  300 339551.891 306747.755  9.66%  72.0   45s
 51110 19135 332672.519   45  297 339551.891 306747.755  9.66%  72.0   50s
 51132 19150 339269.861   45  279 339551.891 306747.755  9.66%  72.0   55s
 51153 19164 306932.116   34  312 339551.891 306747.755  9.66%  71.9   60s
 51174 19178 317587.891   45  296 339551.891 306747.755  9.66%  71.9   65s
 51192 19190 309454.997   36  310 339551.891 306747.755  9.66%  71.9   70s
 51211 19203 329374.275   31  295 339551.891 306747.755  9.66%  71.8   75s
 51222 19210 326906.117   53  291 339551.891 306747.755  9.66%  71.8   80s
 51238 19221 317946.166   42  299 339551.891 306747.755  9.66%  71.8   85s
 51382 19337 306747.755   36  153 339551.891 306747.755  9.66%  72.9   90s
 54230 19635 318035.331   46  100 339551.891 306747.755  9.66%  74.6   95s
 59605 19296 310028.210   38  125 339551.891 308450.497  9.16%  77.9  100s
 65022 18402     cutoff   50      339551.891 309506.040  8.85%  80.3  105s
 71409 17373 324137.558   42   92 339551.891 310615.358  8.52%  82.7  110s
 77645 16037     cutoff   47      339551.891 311508.114  8.26%  84.5  115s
 83834 14431 337700.186   49   79 339551.891 312371.699  8.00%  85.9  120s

Cutting planes:
  Learned: 11
  Gomory: 18
  Lift-and-project: 2
  Cover: 288
  Implied bound: 115
  Projected implied bound: 2
  MIR: 380
  StrongCG: 11
  Flow cover: 397
  GUB cover: 52
  Inf proof: 4
  Zero half: 72
  Network: 1
  RLT: 29
  Relax-and-lift: 85
  BQP: 1

Explored 84794 nodes (7303879 simplex iterations) in 120.02 seconds (134.48 work units)
Thread count was 24 (of 24 available processors)

Solution count 10: 339552 339592 339649 ... 345298

Time limit reached
Best objective 3.395518908894e+05, best bound 3.125075432523e+05, gap 7.9647%
