
Gurobi 13.0.2 (linux64, Python) logging started Thu Aug 13 18:59:51 2026

Set parameter LogToConsole to value 0
Set parameter Username
Set parameter LicenseID to value 2748191
Set parameter TimeLimit to value 120
Set parameter LogFile to value "output/bz_nbr7008_075/new_coils_value/default/period_1/gurobi.log"
Academic license - for non-commercial use only - expires 2026-12-01
Gurobi Optimizer version 13.0.2 build v13.0.2rc1 (linux64 - "Debian GNU/Linux 13 (trixie)")

CPU model: 13th Gen Intel(R) Core(TM) i7-13700HX, instruction set [SSE2|AVX|AVX2]
Thread count: 24 physical cores, 24 logical processors, using up to 24 threads

Non-default parameters:
TimeLimit  120
LogToConsole  0

Optimize a model with 11236 rows, 7524 columns and 31636 nonzeros (Min)
Model fingerprint: 0x45f51ccc
Model has 11 linear objective coefficients
Variable types: 6138 continuous, 1386 integer (1386 binary)
Coefficient statistics:
  Matrix range     [1e-02, 8e+03]
  Objective range  [3e+04, 4e+04]
  Bounds range     [1e+00, 1e+00]
  RHS range        [4e-02, 2e+04]

Presolve removed 8481 rows and 5610 columns
Presolve time: 0.10s
Presolved: 2755 rows, 1914 columns, 13739 nonzeros
Variable types: 1254 continuous, 660 integer (660 binary)

Root relaxation: objective 1.944158e+05, 1642 iterations, 0.05 seconds (0.09 work units)

    Nodes    |    Current Node    |     Objective Bounds      |     Work
 Expl Unexpl |  Obj  Depth IntInf | Incumbent    BestBd   Gap | It/Node Time

     0     0 194415.838    0   63          - 194415.838      -     -    0s
     0     0 194417.556    0   71          - 194417.556      -     -    0s
     0     0 194421.340    0   66          - 194421.340      -     -    0s
     0     0 194421.373    0   63          - 194421.373      -     -    0s
     0     0 194421.377    0   66          - 194421.377      -     -    0s
H    0     0                    308748.25070 194421.377  37.0%     -    0s
     0     0 199938.587    0  106 308748.251 199938.587  35.2%     -    0s
H    0     0                    265102.82815 199938.587  24.6%     -    0s
     0     0 199938.587    0   98 265102.828 199938.587  24.6%     -    0s
     0     0 199938.587    0   97 265102.828 199938.587  24.6%     -    0s
     0     0 199938.587    0   93 265102.828 199938.587  24.6%     -    0s
     0     0 200437.554    0   77 265102.828 200437.554  24.4%     -    0s
     0     0 200516.134    0   53 265102.828 200516.134  24.4%     -    0s
     0     0 200516.134    0   57 265102.828 200516.134  24.4%     -    0s
     0     0 202745.953    0   75 265102.828 202745.953  23.5%     -    0s
H    0     0                    224616.84834 202748.478  9.74%     -    0s
     0     0 202794.259    0   78 224616.848 202794.259  9.72%     -    0s
     0     0 203014.283    0   74 224616.848 203014.283  9.62%     -    0s
     0     0 203014.283    0   79 224616.848 203014.283  9.62%     -    0s
     0     0 203475.067    0   76 224616.848 203475.067  9.41%     -    0s
     0     0 203497.551    0   86 224616.848 203497.551  9.40%     -    0s
     0     0 203497.551    0   83 224616.848 203497.551  9.40%     -    0s
H    0     0                    224400.76360 203497.551  9.32%     -    0s
     0     0 203540.733    0  101 224400.764 203540.733  9.30%     -    0s
     0     0 203540.733    0  100 224400.764 203540.733  9.30%     -    0s
H    0     0                    222749.04075 203540.733  8.62%     -    0s
H    0     0                    220258.52354 203540.733  7.59%     -    0s
H    0     0                    219296.50463 203540.733  7.18%     -    0s
     0     0 203742.112    0   90 219296.505 203742.112  7.09%     -    0s
     0     0 203763.532    0   89 219296.505 203763.532  7.08%     -    0s
     0     0 203765.049    0   88 219296.505 203765.049  7.08%     -    0s
     0     0 203939.386    0   84 219296.505 203939.386  7.00%     -    0s
     0     0 204079.390    0  110 219296.505 204079.390  6.94%     -    0s
     0     0 204143.464    0   96 219296.505 204143.464  6.91%     -    0s
     0     0 204150.164    0  109 219296.505 204150.164  6.91%     -    0s
     0     0 204169.420    0  107 219296.505 204169.420  6.90%     -    0s
     0     0 204169.420    0  107 219296.505 204169.420  6.90%     -    0s
     0     0 204308.112    0   91 219296.505 204308.112  6.83%     -    0s
H    0     0                    217606.27747 204313.308  6.11%     -    0s
     0     0 204364.671    0   77 217606.277 204364.671  6.09%     -    1s
     0     0 204364.671    0   83 217606.277 204364.671  6.09%     -    1s
     0     0 204915.090    0   76 217606.277 204915.090  5.83%     -    1s
     0     0 204915.090    0   69 217606.277 204915.090  5.83%     -    1s
     0     0 204915.090    0   58 217606.277 204915.090  5.83%     -    1s
     0     0 204915.090    0   57 217606.277 204915.090  5.83%     -    1s
     0     0 204915.090    0   50 217606.277 204915.090  5.83%     -    1s
     0     0 204915.090    0   25 217606.277 204915.090  5.83%     -    1s
     0     0 204915.090    0   40 217606.277 204915.090  5.83%     -    1s
     0     0 204915.090    0   53 217606.277 204915.090  5.83%     -    1s
     0     0 204915.090    0   53 217606.277 204915.090  5.83%     -    1s
H    0     0                    216945.81326 204915.090  5.55%     -    1s
H    0     0                    216260.55419 204915.090  5.25%     -    1s
     0     0 204915.090    0   41 216260.554 204915.090  5.25%     -    1s
     0     0 204915.090    0   35 216260.554 204915.090  5.25%     -    1s
     0     0 204915.090    0   35 216260.554 204915.090  5.25%     -    1s
     0     0 204915.090    0   35 216260.554 204915.090  5.25%     -    1s
     0     2 204915.865    0   28 216260.554 204915.865  5.25%     -    1s
H   20    28                    215298.53528 204915.865  4.82%   240    1s
  2652   986 207063.052   13   19 215298.535 205363.218  4.61%  98.1    5s
 13873  1012 213256.472   12   48 215298.535 210892.958  2.05%  83.5   10s

Cutting planes:
  Learned: 2
  Gomory: 9
  Cover: 267
  Implied bound: 199
  MIR: 206
  StrongCG: 37
  Flow cover: 66
  GUB cover: 52
  Inf proof: 6
  RLT: 61
  Relax-and-lift: 14
  BQP: 1

Explored 17311 nodes (1371340 simplex iterations) in 12.28 seconds (13.79 work units)
Thread count was 24 (of 24 available processors)

Solution count 10: 215299 216261 216946 ... 265103

Optimal solution found (tolerance 1.00e-04)
Best objective 2.152985352794e+05, best bound 2.152985352794e+05, gap 0.0000%
