
Gurobi 13.0.2 (linux64, Python) logging started Wed Jun  3 06:44:51 2026

Set parameter LogToConsole to value 0
Set parameter Username
Set parameter LicenseID to value 2748191
Set parameter TimeLimit to value 600
Set parameter LogFile to value "output/bz_nbr7008_095/period_2/gurobi.log"
Academic license - for non-commercial use only - expires 2026-12-01
Gurobi Optimizer version 13.0.2 build v13.0.2rc1 (linux64 - "Debian GNU/Linux 13 (trixie)")

CPU model: 13th Gen Intel(R) Core(TM) i7-13700HX, instruction set [SSE2|AVX|AVX2]
Thread count: 24 physical cores, 24 logical processors, using up to 24 threads

Non-default parameters:
TimeLimit  600
LogToConsole  0

Optimize a model with 9081 rows, 6395 columns and 24125 nonzeros (Min)
Model fingerprint: 0x92d6bd78
Model has 2319 linear objective coefficients and an objective constant of 1.4443360972799998e+05
Variable types: 5176 continuous, 1219 integer (1219 binary)
Coefficient statistics:
  Matrix range     [6e-03, 1e+04]
  Objective range  [1e+01, 1e+05]
  Bounds range     [1e+00, 1e+00]
  RHS range        [1e-01, 3e+04]

Presolve removed 6958 rows and 4881 columns
Presolve time: 0.07s
Presolved: 2123 rows, 1514 columns, 8524 nonzeros
Variable types: 969 continuous, 545 integer (523 binary)
Found heuristic solution: objective 1089497.1368
Found heuristic solution: objective 1069817.5399

Root relaxation: objective 3.394495e+05, 798 iterations, 0.01 seconds (0.02 work units)

    Nodes    |    Current Node    |     Objective Bounds      |     Work
 Expl Unexpl |  Obj  Depth IntInf | Incumbent    BestBd   Gap | It/Node Time

     0     0 339449.463    0   33 1069817.54 339449.463  68.3%     -    0s
H    0     0                    1058451.7576 339449.463  67.9%     -    0s
     0     0 339449.463    0   29 1058451.76 339449.463  67.9%     -    0s
H    0     0                    518220.82431 339449.969  34.5%     -    0s
     0     0 339449.969    0   33 518220.824 339449.969  34.5%     -    0s
H    0     0                    517300.59653 339449.969  34.4%     -    0s
H    0     0                    515404.63386 339449.969  34.1%     -    0s
H    0     0                    488810.15391 339449.969  30.6%     -    0s
     0     0 339449.969    0   27 488810.154 339449.969  30.6%     -    0s
     0     0 339449.969    0   25 488810.154 339449.969  30.6%     -    0s
     0     0 339449.969    0   23 488810.154 339449.969  30.6%     -    0s
     0     0 339451.396    0   41 488810.154 339451.396  30.6%     -    0s
     0     0 339451.396    0   41 488810.154 339451.396  30.6%     -    0s
     0     0 339451.396    0   37 488810.154 339451.396  30.6%     -    0s
     0     0 339451.396    0   37 488810.154 339451.396  30.6%     -    0s
     0     0 339451.396    0   40 488810.154 339451.396  30.6%     -    0s
     0     0 339497.459    0   33 488810.154 339497.459  30.5%     -    0s
H    0     0                    487346.06526 339499.894  30.3%     -    0s
     0     0 339499.894    0   42 487346.065 339499.894  30.3%     -    0s
     0     0 339499.894    0   43 487346.065 339499.894  30.3%     -    0s
H    0     0                    486769.03068 339499.894  30.3%     -    0s
     0     0 339504.267    0   44 486769.031 339504.267  30.3%     -    0s
H    0     0                    484190.01065 339553.196  29.9%     -    0s
H    0     0                    483038.37171 339553.196  29.7%     -    0s
     0     0 339553.196    0   46 483038.372 339553.196  29.7%     -    0s
     0     0 339553.209    0   50 483038.372 339553.209  29.7%     -    0s
H    0     0                    474913.58028 339553.209  28.5%     -    0s
     0     0 339557.039    0   52 474913.580 339557.039  28.5%     -    0s
     0     0 339557.083    0   53 474913.580 339557.083  28.5%     -    0s
     0     0 339568.354    0   54 474913.580 339568.354  28.5%     -    0s
     0     0 339576.459    0   52 474913.580 339576.459  28.5%     -    0s
     0     0 339577.257    0   59 474913.580 339577.257  28.5%     -    0s
     0     0 339577.257    0   60 474913.580 339577.257  28.5%     -    0s
H    0     0                    474247.41377 339577.257  28.4%     -    0s
     0     0 339601.665    0   62 474247.414 339601.665  28.4%     -    0s
     0     0 339607.478    0   49 474247.414 339607.478  28.4%     -    0s
     0     0 339607.891    0   72 474247.414 339607.891  28.4%     -    0s
     0     0 339607.891    0   77 474247.414 339607.891  28.4%     -    0s
     0     0 344315.277    0   65 474247.414 344315.277  27.4%     -    0s
H    0     0                    437942.16602 344315.277  21.4%     -    0s
H    0     0                    437512.12413 344315.277  21.3%     -    0s
     0     0 345380.402    0   64 437512.124 345380.402  21.1%     -    0s
     0     0 345380.402    0   65 437512.124 345380.402  21.1%     -    0s
     0     0 345785.284    0   56 437512.124 345785.284  21.0%     -    0s
     0     0 347041.121    0   79 437512.124 347041.121  20.7%     -    0s
     0     0 347044.628    0   89 437512.124 347044.628  20.7%     -    0s
     0     0 350557.449    0   78 437512.124 350557.449  19.9%     -    0s
H    0     0                    432759.27854 350557.449  19.0%     -    0s
     0     0 351504.445    0   69 432759.279 351504.445  18.8%     -    0s
     0     0 351504.445    0   69 432759.279 351504.445  18.8%     -    0s
     0     0 351505.395    0   81 432759.279 351505.395  18.8%     -    0s
     0     0 351680.183    0   79 432759.279 351680.183  18.7%     -    0s
     0     0 352916.158    0   64 432759.279 352916.158  18.4%     -    0s
     0     0 352916.158    0   64 432759.279 352916.158  18.4%     -    0s
     0     0 352916.158    0   71 432759.279 352916.158  18.4%     -    0s
     0     0 352916.158    0   70 432759.279 352916.158  18.4%     -    0s
     0     0 352916.472    0   71 432759.279 352916.472  18.4%     -    0s
     0     0 352916.472    0   71 432759.279 352916.472  18.4%     -    0s
     0     0 352916.472    0   71 432759.279 352916.472  18.4%     -    0s
     0     0 352916.472    0   71 432759.279 352916.472  18.4%     -    0s
     0     0 352916.472    0   62 432759.279 352916.472  18.4%     -    0s
H    0     0                    431717.48435 352938.087  18.2%     -    0s
H    0     0                    420653.31265 352938.087  16.1%     -    0s
     0     2 352938.087    0   62 420653.313 352938.087  16.1%     -    0s
H   19    32                    413571.12183 352938.087  14.7%  28.6    0s
H 1661   589                    413477.42582 352993.906  14.6%  30.1    1s
H 3782   975                    412785.38710 353471.281  14.4%  31.7    3s
 10767  1446     cutoff   16      412785.387 357099.604  13.5%  36.2    5s
H13032  1455                    412595.68289 360542.251  12.6%  36.3    7s
H13232  1504                    412449.66040 360542.251  12.6%  36.8    8s
 15208  1085 367821.784   21   46 412449.660 360542.251  12.6%  39.5   10s
 27072   757 infeasible   37      412449.660 408117.592  1.05%  42.4   15s

Cutting planes:
  Learned: 2
  Gomory: 4
  Lift-and-project: 27
  Cover: 233
  Implied bound: 81
  Projected implied bound: 15
  Clique: 3
  MIR: 172
  StrongCG: 13
  Flow cover: 63
  GUB cover: 20
  Inf proof: 8
  Zero half: 12
  Mod-K: 4
  Network: 1
  RLT: 27
  Relax-and-lift: 13

Explored 36244 nodes (1456821 simplex iterations) in 19.33 seconds (19.94 work units)
Thread count was 24 (of 24 available processors)

Solution count 10: 412450 412596 412785 ... 437942

Optimal solution found (tolerance 1.00e-04)
Best objective 4.124496604016e+05, best bound 4.124496604016e+05, gap 0.0000%
