
Gurobi 13.0.2 (linux64, Python) logging started Sat Aug 22 12:51:27 2026

Set parameter LogToConsole to value 0
Set parameter Username
Set parameter LicenseID to value 2748191
Set parameter TimeLimit to value 120
Set parameter LogFile to value "output/bz_nbr7008_075/weighted_loss/retail_y_2__retail_v_2__retail_v_2__rolled_leftover_2/period_1/gurobi.log"
Academic license - for non-commercial use only - expires 2026-12-01
Gurobi Optimizer version 13.0.2 build v13.0.2rc1 (linux64 - "Debian GNU/Linux 13 (trixie)")

CPU model: 13th Gen Intel(R) Core(TM) i7-13700HX, instruction set [SSE2|AVX|AVX2]
Thread count: 24 physical cores, 24 logical processors, using up to 24 threads

Non-default parameters:
TimeLimit  120
LogToConsole  0

Optimize a model with 11236 rows, 7524 columns and 31636 nonzeros (Min)
Model fingerprint: 0xbc7752c6
Model has 3080 linear objective coefficients
Variable types: 6138 continuous, 1386 integer (1386 binary)
Coefficient statistics:
  Matrix range     [1e-02, 8e+03]
  Objective range  [1e+01, 8e+04]
  Bounds range     [1e+00, 1e+00]
  RHS range        [4e-02, 2e+04]

Presolve removed 8481 rows and 5610 columns
Presolve time: 0.13s
Presolved: 2755 rows, 1914 columns, 13739 nonzeros
Variable types: 1254 continuous, 660 integer (660 binary)

Root relaxation: objective 2.039120e+05, 1805 iterations, 0.06 seconds (0.09 work units)

    Nodes    |    Current Node    |     Objective Bounds      |     Work
 Expl Unexpl |  Obj  Depth IntInf | Incumbent    BestBd   Gap | It/Node Time

     0     0 203912.043    0   64          - 203912.043      -     -    0s
     0     0 204062.581    0   85          - 204062.581      -     -    0s
     0     0 209274.470    0   59          - 209274.470      -     -    0s
     0     0 209274.898    0   59          - 209274.898      -     -    0s
H    0     0                    445616.04131 209274.898  53.0%     -    0s
     0     0 209336.024    0   81 445616.041 209336.024  53.0%     -    0s
H    0     0                    444641.05710 209337.369  52.9%     -    0s
H    0     0                    443524.82930 209337.369  52.8%     -    0s
     0     0 209370.870    0   83 443524.829 209370.870  52.8%     -    0s
H    0     0                    440033.91815 219676.317  50.1%     -    0s
H    0     0                    439965.64179 219676.317  50.1%     -    0s
     0     0 219676.317    0  110 439965.642 219676.317  50.1%     -    0s
     0     0 219676.317    0  110 439965.642 219676.317  50.1%     -    0s
H    0     0                    439882.86126 219685.180  50.1%     -    0s
     0     0 219708.345    0  105 439882.861 219708.345  50.1%     -    0s
     0     0 219708.690    0  104 439882.861 219708.690  50.1%     -    0s
     0     0 224395.341    0  124 439882.861 224395.341  49.0%     -    0s
     0     0 225171.182    0  116 439882.861 225171.182  48.8%     -    0s
H    0     0                    431567.48154 225171.182  47.8%     -    0s
     0     0 225171.182    0  114 431567.482 225171.182  47.8%     -    0s
     0     0 225171.182    0   96 431567.482 225171.182  47.8%     -    0s
     0     0 225171.182    0  120 431567.482 225171.182  47.8%     -    0s
     0     0 225171.182    0  120 431567.482 225171.182  47.8%     -    0s
H    0     0                    349208.77169 226662.185  35.1%     -    0s
H    0     0                    349201.56474 226662.185  35.1%     -    0s
     0     0 226662.185    0   88 349201.565 226662.185  35.1%     -    0s
H    0     0                    349027.32009 226662.185  35.1%     -    0s
H    0     0                    348965.51510 226662.185  35.0%     -    0s
H    0     0                    348667.35698 226662.185  35.0%     -    0s
H    0     0                    348426.15494 226662.185  34.9%     -    0s
     0     0 226711.536    0  125 348426.155 226711.536  34.9%     -    0s
H    0     0                    306094.94789 226972.620  25.8%     -    1s
H    0     0                    298931.77665 226972.620  24.1%     -    1s
     0     0 226972.620    0   87 298931.777 226972.620  24.1%     -    1s
     0     0 227320.411    0  104 298931.777 227320.411  24.0%     -    1s
     0     0 227330.625    0   97 298931.777 227330.625  24.0%     -    1s
     0     0 227341.755    0  100 298931.777 227341.755  23.9%     -    1s
H    0     0                    298433.02857 227341.755  23.8%     -    1s
H    0     0                    298248.16020 228020.523  23.5%     -    1s
     0     0 228020.523    0  117 298248.160 228020.523  23.5%     -    1s
H    0     0                    287805.34875 228021.041  20.8%     -    1s
H    0     0                    286475.94615 228021.041  20.4%     -    1s
     0     0 228451.181    0   95 286475.946 228451.181  20.3%     -    1s
     0     0 228503.473    0  116 286475.946 228503.473  20.2%     -    1s
     0     0 228509.063    0  100 286475.946 228509.063  20.2%     -    1s
     0     0 229179.982    0  113 286475.946 229179.982  20.0%     -    1s
     0     0 229252.595    0   98 286475.946 229252.595  20.0%     -    1s
     0     0 229304.447    0  121 286475.946 229304.447  20.0%     -    1s
     0     0 229306.502    0  131 286475.946 229306.502  20.0%     -    1s
H    0     0                    276704.29776 229669.303  17.0%     -    1s
     0     0 229669.303    0  114 276704.298 229669.303  17.0%     -    1s
     0     0 229669.303    0  111 276704.298 229669.303  17.0%     -    1s
     0     0 229697.690    0  118 276704.298 229697.690  17.0%     -    1s
     0     0 229703.434    0  129 276704.298 229703.434  17.0%     -    1s
     0     0 229726.477    0  105 276704.298 229726.477  17.0%     -    1s
     0     0 229735.824    0  105 276704.298 229735.824  17.0%     -    1s
     0     0 229736.483    0  108 276704.298 229736.483  17.0%     -    1s
     0     0 229752.771    0  110 276704.298 229752.771  17.0%     -    1s
     0     0 229760.223    0  110 276704.298 229760.223  17.0%     -    1s
     0     0 229760.223    0  110 276704.298 229760.223  17.0%     -    1s
     0     0 229760.223    0  110 276704.298 229760.223  17.0%     -    1s
H    0     0                    271114.38901 229760.223  15.3%     -    1s
     0     2 229760.223    0  110 271114.389 229760.223  15.3%     -    1s
H    7    16                    270365.51786 229855.590  15.0%   157    1s
H   45    54                    269839.73602 230500.878  14.6%   234    1s
H   63    83                    256427.79816 230570.518  10.1%   258    1s
H  916   557                    256398.05381 230812.952  10.0%   131    2s
H  924   557                    255509.10932 230812.952  9.67%   131    2s
* 3663  1125              30    255019.36714 231535.677  9.21%   112    4s
  4073  1166 252823.011   19   66 255019.367 232088.192  8.99%   110    5s
H 4330  1177                    253037.60819 232324.955  8.19%   110    5s
  7679  1383 246909.816   25  144 253037.608 234527.415  7.32%   111   10s
 11579  1067 242856.926   41   39 253037.608 234527.415  7.32%   108   15s
*12613  1102              41    252345.44733 234754.249  6.97%   106   16s
 17619  1825 240123.579   38   51 252345.447 236353.499  6.34%   102   20s
 26156  2518     cutoff   36      252345.447 239030.041  5.28%  97.0   25s
 33860  2716     cutoff   48      252345.447 240955.951  4.51%  93.6   30s
 43857  2029     cutoff   35      252345.447 243699.150  3.43%  90.3   35s

Cutting planes:
  Learned: 25
  Gomory: 5
  Lift-and-project: 2
  Cover: 159
  Implied bound: 108
  Projected implied bound: 18
  Clique: 2
  MIR: 215
  StrongCG: 14
  Flow cover: 102
  GUB cover: 21
  Inf proof: 9
  Zero half: 13
  Network: 2
  RLT: 21
  Relax-and-lift: 20
  BQP: 2

Explored 54358 nodes (4690567 simplex iterations) in 38.32 seconds (36.16 work units)
Thread count was 24 (of 24 available processors)

Solution count 10: 252345 253038 255019 ... 276704

Optimal solution found (tolerance 1.00e-04)
Best objective 2.523454473307e+05, best bound 2.523454473307e+05, gap 0.0000%
