
Gurobi 13.0.2 (linux64, Python) logging started Fri May  8 03:01:44 2026

Set parameter LogToConsole to value 0
Set parameter Username
Set parameter LicenseID to value 2748191
Set parameter TimeLimit to value 600
Set parameter LogFile to value "output/bf_sae1006_050/period_2/gurobi.log"
Academic license - for non-commercial use only - expires 2026-12-01
Gurobi Optimizer version 13.0.2 build v13.0.2rc1 (linux64 - "Debian GNU/Linux 13 (trixie)")

CPU model: 13th Gen Intel(R) Core(TM) i7-13700HX, instruction set [SSE2|AVX|AVX2]
Thread count: 24 physical cores, 24 logical processors, using up to 24 threads

Non-default parameters:
TimeLimit  600
LogToConsole  0

Optimize a model with 3040 rows, 2256 columns and 7430 nonzeros (Min)
Model fingerprint: 0x19cb6df5
Model has 726 linear objective coefficients and an objective constant of 1.4660558231439997e+05
Variable types: 1776 continuous, 480 integer (480 binary)
Coefficient statistics:
  Matrix range     [4e-03, 1e+04]
  Objective range  [5e+00, 1e+05]
  Bounds range     [1e+00, 1e+00]
  RHS range        [1e-01, 2e+04]

Presolve removed 2296 rows and 1696 columns
Presolve time: 0.02s
Presolved: 744 rows, 560 columns, 2435 nonzeros
Variable types: 369 continuous, 191 integer (191 binary)
Found heuristic solution: objective 304047.93197
Found heuristic solution: objective 277481.94976

Root relaxation: objective 1.800195e+04, 335 iterations, 0.00 seconds (0.00 work units)

    Nodes    |    Current Node    |     Objective Bounds      |     Work
 Expl Unexpl |  Obj  Depth IntInf | Incumbent    BestBd   Gap | It/Node Time

     0     0 18001.9505    0    7 277481.950 18001.9505  93.5%     -    0s
H    0     0                    99540.321685 18001.9505  81.9%     -    0s
     0     0 18002.2725    0   19 99540.3217 18002.2725  81.9%     -    0s
     0     0 18002.2725    0   16 99540.3217 18002.2725  81.9%     -    0s
H    0     0                    55320.277172 18002.2725  67.5%     -    0s
     0     0 18002.3196    0   25 55320.2772 18002.3196  67.5%     -    0s
H    0     0                    53806.430431 18002.3196  66.5%     -    0s
H    0     0                    53742.088500 18002.3196  66.5%     -    0s
     0     0 18002.3196    0   28 53742.0885 18002.3196  66.5%     -    0s
     0     0 18002.3196    0   28 53742.0885 18002.3196  66.5%     -    0s
     0     0 18002.3196    0   28 53742.0885 18002.3196  66.5%     -    0s
     0     0 18002.7113    0   18 53742.0885 18002.7113  66.5%     -    0s
     0     0 18002.7113    0   33 53742.0885 18002.7113  66.5%     -    0s
H    0     0                    51086.184287 18006.0368  64.8%     -    0s
     0     0 18006.0368    0   32 51086.1843 18006.0368  64.8%     -    0s
     0     0 18006.0368    0    5 51086.1843 18006.0368  64.8%     -    0s
     0     0 18006.0368    0   28 51086.1843 18006.0368  64.8%     -    0s
     0     0 18006.0368    0   28 51086.1843 18006.0368  64.8%     -    0s
     0     0 18006.0368    0   25 51086.1843 18006.0368  64.8%     -    0s
     0     0 18006.0368    0   29 51086.1843 18006.0368  64.8%     -    0s
     0     0 18006.0757    0   29 51086.1843 18006.0757  64.8%     -    0s
H    0     0                    46338.019566 18006.0757  61.1%     -    0s
H    0     0                    46244.742751 18006.0757  61.1%     -    0s
     0     0 18007.6129    0   23 46244.7428 18007.6129  61.1%     -    0s
H    0     0                    43890.813469 18007.6129  59.0%     -    0s
     0     0 18008.8318    0   22 43890.8135 18008.8318  59.0%     -    0s
     0     0 18009.1553    0   27 43890.8135 18009.1553  59.0%     -    0s
H    0     0                    43114.884533 18009.1553  58.2%     -    0s
H    0     0                    41588.209939 18009.1553  56.7%     -    0s

Cutting planes:
  Learned: 13
  Cover: 10
  Implied bound: 18
  Clique: 4
  MIR: 9
  StrongCG: 1
  Flow cover: 8
  GUB cover: 1
  Relax-and-lift: 3
  BQP: 1

Explored 1 nodes (1543 simplex iterations) in 0.15 seconds (0.12 work units)
Thread count was 24 (of 24 available processors)

Solution count 10: 41588.2 43114.9 43890.8 ... 99540.3

Optimal solution found (tolerance 1.00e-04)
Best objective 4.158820993940e+04, best bound 4.158820993940e+04, gap 0.0000%
