
Gurobi 13.0.2 (linux64, Python) logging started Thu Aug 13 22:36:29 2026

Set parameter LogToConsole to value 0
Set parameter Username
Set parameter LicenseID to value 2748191
Set parameter TimeLimit to value 120
Set parameter LogFile to value "output/bz_nbr7008_043/weighted_loss/retail_y_4__retail_v_2__rolled_leftover_4/period_2/gurobi.log"
Academic license - for non-commercial use only - expires 2026-12-01
Gurobi Optimizer version 13.0.2 build v13.0.2rc1 (linux64 - "Debian GNU/Linux 13 (trixie)")

CPU model: 13th Gen Intel(R) Core(TM) i7-13700HX, instruction set [SSE2|AVX|AVX2]
Thread count: 24 physical cores, 24 logical processors, using up to 24 threads

Non-default parameters:
TimeLimit  120
LogToConsole  0

Optimize a model with 203225 rows, 136073 columns and 711638 nonzeros (Min)
Model fingerprint: 0x183bdd46
Model has 54420 linear objective coefficients and an objective constant of 175656.622104
Variable types: 112136 continuous, 23937 integer (23937 binary)
Coefficient statistics:
  Matrix range     [3e-03, 1e+04]
  Objective range  [1e+01, 3e+05]
  Bounds range     [1e+00, 1e+00]
  RHS range        [1e-01, 3e+04]

Presolve removed 121597 rows and 84367 columns
Presolve time: 3.35s
Presolved: 81628 rows, 51706 columns, 817175 nonzeros
Variable types: 33819 continuous, 17887 integer (17840 binary)
Deterministic concurrent LP optimizer: primal simplex, dual simplex, and barrier
Showing barrier log only...

Root barrier log...

Ordering time: 0.40s

Barrier statistics:
 Dense cols : 24
 AA' NZ     : 7.147e+06
 Factor NZ  : 1.217e+07 (roughly 140 MB of memory)
 Factor Ops : 3.453e+09 (less than 1 second per iteration)
 Threads    : 21

                  Objective                Residual
Iter       Primal          Dual         Primal    Dual     Compl     Time
   0  -6.66998214e+09 -1.48270415e+10  2.76e+06 1.84e+02  4.04e+06     5s
   1  -4.08438880e+09 -1.34468374e+10  1.80e+06 3.70e+02  2.30e+06     5s
   2  -1.55145933e+09 -1.15953411e+10  6.37e+05 9.42e+01  8.37e+05     5s
   3  -4.32036173e+08 -5.90845625e+09  1.76e+05 5.07e+00  2.32e+05     5s
   4  -3.62213582e+07 -1.48656534e+09  1.79e+04 1.10e-10  2.73e+04     5s
   5   2.63150169e+06 -6.62242397e+08  3.51e+03 1.06e-10  7.60e+03     5s
   6   8.77055053e+06 -1.41908981e+08  1.21e+03 8.14e-11  1.69e+03     5s
   7   9.61208532e+06 -4.44019302e+07  8.09e+02 3.73e-11  6.80e+02     5s
   8   9.41011617e+06 -2.33333329e+07  2.87e+02 1.82e-11  3.18e+02     5s
   9   8.10043064e+06 -1.18992890e+07  1.22e+02 1.65e-11  1.72e+02     5s
  10   6.73714734e+06 -1.01524569e+07  8.24e+01 1.40e-11  1.39e+02     5s
  11   5.42155347e+06 -6.40996868e+06  5.75e+01 2.02e-11  9.69e+01     6s
  12   2.43387737e+06 -2.70090886e+06  1.92e+01 1.44e-11  4.05e+01     6s
  13   2.05451830e+06 -1.63251674e+06  1.47e+01 1.32e-11  2.94e+01     6s
  14   1.78361834e+06 -1.02708745e+06  1.17e+01 1.13e-11  2.26e+01     6s
  15   1.67092987e+06 -3.06496162e+05  1.03e+01 1.36e-11  1.65e+01     6s
  16   1.17162632e+06 -2.49774048e+04  3.60e+00 1.15e-11  9.34e+00     6s
  17   1.04964921e+06  3.16493313e+05  2.42e+00 1.88e-11  5.79e+00     6s
  18   9.79711555e+05  4.39320882e+05  1.76e+00 1.38e-11  4.26e+00     6s
  19   9.66980639e+05  4.92101765e+05  1.65e+00 1.86e-11  3.78e+00     6s
  20   9.03449345e+05  5.95599710e+05  1.06e+00 1.44e-11  2.45e+00     6s
  21   8.51910065e+05  7.07527216e+05  4.89e-01 1.51e-11  1.14e+00     6s
  22   8.18251512e+05  7.49530099e+05  1.27e-01 1.64e-11  5.13e-01     6s
  23   8.13697937e+05  7.51531809e+05  9.83e-02 1.56e-11  4.60e-01     6s
  24   8.12194684e+05  7.63617990e+05  8.81e-02 1.21e-11  3.62e-01     6s
  25   8.12131342e+05  7.67443938e+05  8.59e-02 1.95e-11  3.34e-01     6s
  26   8.04657786e+05  7.88831319e+05  2.26e-02 1.49e-11  1.16e-01     6s
  27   8.01448014e+05  7.92691080e+05  1.00e-02 1.25e-11  6.37e-02     6s
  28   7.99880925e+05  7.95658030e+05  5.39e-03 1.79e-11  3.09e-02     7s
  29   7.99295716e+05  7.96364240e+05  3.99e-03 1.94e-11  2.15e-02     7s
  30   7.98862100e+05  7.96782790e+05  2.96e-03 2.28e-11  1.53e-02     7s
  31   7.98320297e+05  7.97127288e+05  1.71e-03 2.57e-11  8.78e-03     7s
  32   7.98074878e+05  7.97388531e+05  1.17e-03 2.33e-11  5.09e-03     7s
  33   7.97898514e+05  7.97433553e+05  7.56e-04 2.76e-11  3.44e-03     7s
  34   7.97772203e+05  7.97473206e+05  4.66e-04 3.30e-11  2.21e-03     7s
  35   7.97708746e+05  7.97488358e+05  3.29e-04 3.10e-11  1.63e-03     7s
  36   7.97649367e+05  7.97515019e+05  2.05e-04 3.28e-11  9.92e-04     7s
  37   7.97592425e+05  7.97523512e+05  9.40e-05 2.99e-11  5.06e-04     7s
  38   7.97590969e+05  7.97536015e+05  9.10e-05 1.89e-11  4.07e-04     7s
  39   7.97572603e+05  7.97539960e+05  5.73e-05 2.30e-11  2.43e-04     7s
  40   7.97548390e+05  7.97540662e+05  1.25e-05 3.14e-11  5.73e-05     7s
  41   7.97543669e+05  7.97541221e+05  4.20e-06 2.49e-11  1.82e-05     7s
  42   7.97541325e+05  7.97541252e+05  1.73e-06 2.30e-11  5.33e-07     7s
  43   7.97541278e+05  7.97541277e+05  2.64e-07 1.96e-11  5.13e-09     7s

Barrier solved model in 43 iterations and 7.41 seconds (13.71 work units)
Optimal objective 7.97541278e+05


Root crossover log...

   45386 DPushes remaining with DInf 9.4804257e-03                 7s
       0 DPushes remaining with DInf 0.0000000e+00                 8s

      69 PPushes remaining with PInf 4.3613672e-03                 8s
       0 PPushes remaining with PInf 0.0000000e+00                 8s

  Push phase complete: Pinf 0.0000000e+00, Dinf 9.7857834e-03      8s


Root simplex log...

Iteration    Objective       Primal Inf.    Dual Inf.      Time
   32435    7.9754128e+05   0.000000e+00   9.785783e-03      8s
   32450    7.9754128e+05   0.000000e+00   0.000000e+00      8s
Crossover time: 0.45 seconds (0.68 work units)
Concurrent spin time: 0.00s

Solved with barrier
   32451    7.9754128e+05   0.000000e+00   0.000000e+00      8s

Extra simplex iterations after uncrush: 1

Root relaxation: objective 7.975413e+05, 32451 iterations, 4.31 seconds (6.76 work units)

    Nodes    |    Current Node    |     Objective Bounds      |     Work
 Expl Unexpl |  Obj  Depth IntInf | Incumbent    BestBd   Gap | It/Node Time

     0     0 797541.277    0  260          - 797541.277      -     -    8s
H    0     0                    1680092.1763 797549.361  52.5%     -   10s
H    0     0                    1511417.0902 797549.361  47.2%     -   10s
H    0     0                    1500070.9337 797549.361  46.8%     -   10s
H    0     0                    1442759.1683 797549.361  44.7%     -   10s
H    0     0                    1432923.8599 797549.361  44.3%     -   10s
H    0     0                    1409233.5699 797549.361  43.4%     -   10s
H    0     0                    1403847.1977 797549.361  43.2%     -   10s
H    0     0                    1388916.3822 797549.361  42.6%     -   10s
H    0     0                    1385936.8110 797549.361  42.5%     -   10s
     0     0 798461.558    0  227 1385936.81 798461.558  42.4%     -   11s
H    0     0                    1375904.9100 798461.818  42.0%     -   12s
H    0     0                    1367112.8897 798461.818  41.6%     -   12s
H    0     0                    1365019.2951 798461.818  41.5%     -   13s
H    0     0                    1364771.9064 798461.818  41.5%     -   13s
H    0     0                    1344971.2603 798461.818  40.6%     -   13s
H    0     0                    1309584.3253 798461.818  39.0%     -   13s
     0     0 798470.770    0  208 1309584.33 798470.770  39.0%     -   13s
     0     0 800612.458    0  218 1309584.33 800612.458  38.9%     -   15s
H    0     0                    1307886.9595 800658.840  38.8%     -   16s
H    0     0                    1307664.1629 800658.840  38.8%     -   16s
H    0     0                    1301382.3977 800658.840  38.5%     -   17s
H    0     0                    1301322.3117 800658.840  38.5%     -   22s
H    0     0                    1299836.8200 800658.840  38.4%     -   22s
H    0     0                    1299614.0234 800658.840  38.4%     -   23s
     0     0 802762.559    0  214 1299614.02 802762.559  38.2%     -   24s
     0     0 802762.559    0  214 1299614.02 802762.559  38.2%     -   24s
     0     0 802791.459    0  245 1299614.02 802791.459  38.2%     -   27s
H    0     0                    1294395.6765 802792.685  38.0%     -   28s
H    0     0                    1294100.5999 802792.685  38.0%     -   28s
H    0     0                    1293688.5072 802792.685  37.9%     -   28s
H    0     0                    1268436.6746 802792.685  36.7%     -   28s
H    0     0                    1266973.3690 802792.685  36.6%     -   28s
     0     0 803729.067    0  253 1266973.37 803729.067  36.6%     -   29s
     0     0 803746.753    0  279 1266973.37 803746.753  36.6%     -   30s
     0     0 803746.879    0  280 1266973.37 803746.879  36.6%     -   30s
     0     0 816711.940    0  271 1266973.37 816711.940  35.5%     -   34s
     0     0 817173.654    0  218 1266973.37 817173.654  35.5%     -   35s
     0     0 817214.818    0  237 1266973.37 817214.818  35.5%     -   35s
     0     0 817273.583    0  230 1266973.37 817273.583  35.5%     -   36s
     0     0 817301.286    0  240 1266973.37 817301.286  35.5%     -   36s
     0     0 817335.835    0  251 1266973.37 817335.835  35.5%     -   36s
     0     0 817335.835    0  248 1266973.37 817335.835  35.5%     -   36s
     0     0 820920.800    0  287 1266973.37 820920.800  35.2%     -   40s
     0     0 820921.517    0  273 1266973.37 820921.517  35.2%     -   40s
     0     0 820934.417    0  273 1266973.37 820934.417  35.2%     -   40s
H    0     0                    1228405.9915 821035.973  33.2%     -   41s
H    0     0                    1228066.3652 821035.973  33.1%     -   42s
H    0     0                    1225840.0182 821035.973  33.0%     -   43s
H    0     0                    1221946.5799 821035.973  32.8%     -   43s
H    0     0                    1221139.8260 821035.973  32.8%     -   43s
H    0     0                    1220796.1992 821035.973  32.7%     -   43s
     0     0 822176.299    0  300 1220796.20 822176.299  32.7%     -   45s
     0     0 822177.929    0  298 1220796.20 822177.929  32.7%     -   45s
     0     0 822507.940    0  310 1220796.20 822507.940  32.6%     -   45s
     0     0 822839.908    0  291 1220796.20 822839.908  32.6%     -   46s
     0     0 822845.838    0  294 1220796.20 822845.838  32.6%     -   46s
     0     0 832509.077    0  427 1220796.20 832509.077  31.8%     -   50s
     0     0 833871.169    0  390 1220796.20 833871.169  31.7%     -   50s
     0     0 833897.554    0  368 1220796.20 833897.554  31.7%     -   51s
     0     0 837988.307    0  356 1220796.20 837988.307  31.4%     -   53s
H    0     0                    1218244.2352 837988.307  31.2%     -   54s
H    0     0                    1217156.4186 837988.307  31.2%     -   54s
H    0     0                    1209716.3516 837988.307  30.7%     -   55s
H    0     0                    1207846.8903 837988.307  30.6%     -   55s
     0     0 839041.015    0  324 1207846.89 839041.015  30.5%     -   56s
     0     0 839048.363    0  325 1207846.89 839048.363  30.5%     -   56s
     0     0 839048.363    0  326 1207846.89 839048.363  30.5%     -   56s
     0     0 843718.983    0  323 1207846.89 843718.983  30.1%     -   59s
     0     0 843718.983    0  320 1207846.89 843718.983  30.1%     -   59s
     0     0 843718.983    0  318 1207846.89 843718.983  30.1%     -   59s
     0     0 844660.379    0  385 1207846.89 844660.379  30.1%     -   61s
     0     0 844870.421    0  339 1207846.89 844870.421  30.1%     -   62s
     0     0 844890.914    0  360 1207846.89 844890.914  30.0%     -   62s
     0     0 844893.594    0  361 1207846.89 844893.594  30.0%     -   62s
     0     0 846680.812    0  303 1207846.89 846680.812  29.9%     -   65s
     0     0 846680.934    0  303 1207846.89 846680.934  29.9%     -   65s
     0     0 846681.436    0  292 1207846.89 846681.436  29.9%     -   65s
H    0     0                    1207522.9752 846682.201  29.9%     -   66s
H    0     0                    1207509.9319 846682.201  29.9%     -   66s
H    0     0                    1202616.3414 846682.201  29.6%     -   66s
H    0     0                    1200470.5198 846682.201  29.5%     -   66s
     0     0 846870.285    0  276 1200470.52 846870.285  29.5%     -   67s
     0     0 846912.042    0  278 1200470.52 846912.042  29.5%     -   67s
     0     0 846920.058    0  265 1200470.52 846920.058  29.5%     -   67s
     0     0 848628.603    0  314 1200470.52 848628.603  29.3%     -   69s
     0     0 848860.598    0  309 1200470.52 848860.598  29.3%     -   70s
     0     0 848860.598    0  301 1200470.52 848860.598  29.3%     -   70s
     0     0 848888.405    0  283 1200470.52 848888.405  29.3%     -   70s
     0     0 848963.099    0  323 1200470.52 848963.099  29.3%     -   70s
     0     0 848966.711    0  315 1200470.52 848966.711  29.3%     -   70s
     0     0 852033.381    0  448 1200470.52 852033.381  29.0%     -   73s
     0     0 852033.667    0  447 1200470.52 852033.667  29.0%     -   73s
     0     0 852033.744    0  448 1200470.52 852033.744  29.0%     -   73s
H    0     0                    1199789.6812 852410.751  29.0%     -   75s
H    0     0                    1196881.4461 852410.751  28.8%     -   75s
H    0     0                    1173853.2705 852410.751  27.4%     -   75s
     0     0 853832.841    0  498 1173853.27 853832.841  27.3%     -   77s
     0     0 854219.501    0  558 1173853.27 854219.501  27.2%     -   78s
     0     0 854219.610    0  557 1173853.27 854219.610  27.2%     -   78s
     0     0 854219.621    0  557 1173853.27 854219.621  27.2%     -   78s
     0     0 854219.745    0  558 1173853.27 854219.745  27.2%     -   78s
     0     0 854219.753    0  526 1173853.27 854219.753  27.2%     -   78s
     0     0 854306.896    0  583 1173853.27 854306.896  27.2%     -   79s
     0     0 854312.444    0  595 1173853.27 854312.444  27.2%     -   79s
     0     0 857437.800    0  515 1173853.27 857437.800  27.0%     -   81s
     0     0 858174.523    0  504 1173853.27 858174.523  26.9%     -   83s
     0     0 858289.527    0  492 1173853.27 858289.527  26.9%     -   83s
     0     0 858289.527    0  488 1173853.27 858289.527  26.9%     -   83s
     0     0 858307.053    0  467 1173853.27 858307.053  26.9%     -   84s
     0     0 858313.431    0  466 1173853.27 858313.431  26.9%     -   84s
     0     0 860828.330    0  536 1173853.27 860828.330  26.7%     -   87s
H    0     0                    1168556.0051 861052.552  26.3%     -   88s
H    0     0                    1167080.9207 861052.552  26.2%     -   88s
     0     0 861679.579    0  443 1167080.92 861679.579  26.2%     -   90s
     0     0 861857.678    0  467 1167080.92 861857.678  26.2%     -   91s
     0     0 861991.459    0  466 1167080.92 861991.459  26.1%     -   91s
     0     0 861991.486    0  468 1167080.92 861991.486  26.1%     -   91s
     0     0 861991.643    0  464 1167080.92 861991.643  26.1%     -   91s
     0     0 861991.751    0  468 1167080.92 861991.751  26.1%     -   91s
     0     0 861991.957    0  466 1167080.92 861991.957  26.1%     -   91s
     0     0 861992.068    0  472 1167080.92 861992.068  26.1%     -   91s
     0     0 861992.120    0  462 1167080.92 861992.120  26.1%     -   91s
     0     0 861998.414    0  494 1167080.92 861998.414  26.1%     -   91s
     0     0 866169.187    0  570 1167080.92 866169.187  25.8%     -   96s
     0     0 866169.189    0  570 1167080.92 866169.189  25.8%     -   96s
     0     0 866169.237    0  561 1167080.92 866169.237  25.8%     -   96s
     0     0 868242.422    0  512 1167080.92 868242.422  25.6%     -   98s
     0     0 868242.425    0  512 1167080.92 868242.425  25.6%     -   98s
     0     0 868242.817    0  509 1167080.92 868242.817  25.6%     -   98s
     0     0 868678.470    0  559 1167080.92 868678.470  25.6%     -   99s
     0     0 869079.492    0  604 1167080.92 869079.492  25.5%     -  100s
     0     0 869087.991    0  618 1167080.92 869087.991  25.5%     -  100s
     0     0 874217.109    0  493 1167080.92 874217.109  25.1%     -  103s
H    0     0                    1167050.7190 874600.492  25.1%     -  103s
H    0     0                    1166991.1208 874600.492  25.1%     -  104s
     0     0 875169.894    0  476 1166991.12 875169.894  25.0%     -  105s
     0     0 876230.738    0  533 1166991.12 876230.738  24.9%     -  106s
     0     0 876323.606    0  582 1166991.12 876323.606  24.9%     -  107s
     0     0 876387.650    0  544 1166991.12 876387.650  24.9%     -  107s
     0     0 876407.292    0  589 1166991.12 876407.292  24.9%     -  107s
     0     0 876455.834    0  630 1166991.12 876455.834  24.9%     -  108s
     0     0 876459.542    0  586 1166991.12 876459.542  24.9%     -  108s
     0     0 881146.210    0  490 1166991.12 881146.210  24.5%     -  112s
     0     0 881703.606    0  528 1166991.12 881703.606  24.4%     -  112s
     0     0 883290.508    0  474 1166991.12 883290.508  24.3%     -  114s
     0     0 883788.051    0  431 1166991.12 883788.051  24.3%     -  115s
     0     0 883990.617    0  511 1166991.12 883990.617  24.3%     -  116s
     0     0 884210.783    0  513 1166991.12 884210.783  24.2%     -  116s
     0     0 884244.369    0  476 1166991.12 884244.369  24.2%     -  117s
     0     0 884338.103    0  529 1166991.12 884338.103  24.2%     -  117s
     0     0 884338.103    0  526 1166991.12 884338.103  24.2%     -  117s
     0     0 884338.103    0  523 1166991.12 884338.103  24.2%     -  117s
     0     0 884356.367    0  502 1166991.12 884356.367  24.2%     -  117s
     0     0 884408.980    0  577 1166991.12 884408.980  24.2%     -  118s
     0     0 884421.282    0  524 1166991.12 884421.282  24.2%     -  118s
     0     0          -    0      1166991.12 884421.282  24.2%     -  120s

Cutting planes:
  Learned: 11
  Gomory: 56
  Cover: 176
  Implied bound: 248
  Clique: 109
  MIR: 518
  Knapsack: 1
  StrongCG: 143
  Flow cover: 226
  GUB cover: 47
  Zero half: 3
  RLT: 428
  Relax-and-lift: 89
  BQP: 24

Explored 1 nodes (99000 simplex iterations) in 120.02 seconds (181.55 work units)
Thread count was 24 (of 24 available processors)

Solution count 10: 1.16699e+06 1.16705e+06 1.16708e+06 ... 1.20751e+06

Time limit reached
Best objective 1.166991120821e+06, best bound 8.844212823495e+05, gap 24.2135%
