
Gurobi 13.0.2 (linux64, Python) logging started Fri May  8 05:36:30 2026

Set parameter LogToConsole to value 0
Set parameter Username
Set parameter LicenseID to value 2748191
Set parameter TimeLimit to value 600
Set parameter LogFile to value "output/bf_sae1006_050/period_5/gurobi.log"
Academic license - for non-commercial use only - expires 2026-12-01
Gurobi Optimizer version 13.0.2 build v13.0.2rc1 (linux64 - "Debian GNU/Linux 13 (trixie)")

CPU model: 13th Gen Intel(R) Core(TM) i7-13700HX, instruction set [SSE2|AVX|AVX2]
Thread count: 24 physical cores, 24 logical processors, using up to 24 threads

Non-default parameters:
TimeLimit  600
LogToConsole  0

Optimize a model with 3332 rows, 2482 columns and 8142 nonzeros (Min)
Model fingerprint: 0x19d4b422
Model has 742 linear objective coefficients and an objective constant of 5.7977071292799992e+04
Variable types: 1952 continuous, 530 integer (530 binary)
Coefficient statistics:
  Matrix range     [4e-03, 1e+04]
  Objective range  [5e+00, 1e+05]
  Bounds range     [1e+00, 1e+00]
  RHS range        [1e-01, 3e+04]

Presolve removed 2619 rows and 1950 columns
Presolve time: 0.02s
Presolved: 713 rows, 532 columns, 2302 nonzeros
Variable types: 353 continuous, 179 integer (179 binary)

Root relaxation: objective 6.723936e+03, 336 iterations, 0.00 seconds (0.00 work units)

    Nodes    |    Current Node    |     Objective Bounds      |     Work
 Expl Unexpl |  Obj  Depth IntInf | Incumbent    BestBd   Gap | It/Node Time

     0     0 6723.93571    0   19          - 6723.93571      -     -    0s
H    0     0                    28385.192065 6723.93571  76.3%     -    0s
     0     0 6724.26256    0   44 28385.1921 6724.26256  76.3%     -    0s
     0     0 6733.04574    0   23 28385.1921 6733.04574  76.3%     -    0s
H    0     0                    25746.482572 6733.04574  73.8%     -    0s
     0     0 6733.04574    0   25 25746.4826 6733.04574  73.8%     -    0s
     0     0 10235.6608    0   12 25746.4826 10235.6608  60.2%     -    0s
H    0     0                    20907.296058 13552.2300  35.2%     -    0s
     0     0 13552.2300    0   16 20907.2961 13552.2300  35.2%     -    0s
     0     0 15318.1239    0   12 20907.2961 15318.1239  26.7%     -    0s
H    0     0                    16623.236640 16434.4407  1.14%     -    0s
     0     0 16434.4407    0   16 16623.2366 16434.4407  1.14%     -    0s

Cutting planes:
  Learned: 8
  Gomory: 4
  Cover: 4
  Implied bound: 11
  MIR: 13
  Flow cover: 4
  GUB cover: 1
  RLT: 3
  BQP: 2

Explored 1 nodes (730 simplex iterations) in 0.08 seconds (0.07 work units)
Thread count was 24 (of 24 available processors)

Solution count 4: 16623.2 20907.3 25746.5 28385.2 

Optimal solution found (tolerance 1.00e-04)
Best objective 1.662323664006e+04, best bound 1.662323664006e+04, gap 0.0000%
