
Gurobi 13.0.2 (linux64, Python) logging started Thu Aug 13 18:55:44 2026

Set parameter LogToConsole to value 0
Set parameter Username
Set parameter LicenseID to value 2748191
Set parameter TimeLimit to value 120
Set parameter LogFile to value "output/bz_nbr7008_043/new_coils_value/default/period_4/gurobi.log"
Academic license - for non-commercial use only - expires 2026-12-01
Gurobi Optimizer version 13.0.2 build v13.0.2rc1 (linux64 - "Debian GNU/Linux 13 (trixie)")

CPU model: 13th Gen Intel(R) Core(TM) i7-13700HX, instruction set [SSE2|AVX|AVX2]
Thread count: 24 physical cores, 24 logical processors, using up to 24 threads

Non-default parameters:
TimeLimit  120
LogToConsole  0

Optimize a model with 200737 rows, 134206 columns and 703761 nonzeros (Min)
Model fingerprint: 0xd63c79c8
Model has 108 linear objective coefficients
Variable types: 110604 continuous, 23602 integer (23602 binary)
Coefficient statistics:
  Matrix range     [1e-02, 1e+04]
  Objective range  [3e+04, 7e+04]
  Bounds range     [1e+00, 1e+00]
  RHS range        [1e-01, 3e+04]

Presolve removed 119170 rows and 82592 columns
Presolve time: 3.57s
Presolved: 81567 rows, 51614 columns, 814429 nonzeros
Variable types: 33770 continuous, 17844 integer (17795 binary)
Deterministic concurrent LP optimizer: primal simplex, dual simplex, and barrier
Showing barrier log only...

Root barrier log...

Ordering time: 0.41s

Barrier statistics:
 Dense cols : 27
 AA' NZ     : 7.097e+06
 Factor NZ  : 1.214e+07 (roughly 140 MB of memory)
 Factor Ops : 3.441e+09 (less than 1 second per iteration)
 Threads    : 21

                  Objective                Residual
Iter       Primal          Dual         Primal    Dual     Compl     Time
   0   1.36341049e+08 -3.11197562e+09  2.37e+06 1.20e+01  7.40e+05     5s
   1   1.61395177e+08 -2.75699230e+09  1.49e+06 7.81e+01  4.07e+05     5s
   2   4.13031347e+07 -2.19940551e+09  5.09e+05 1.70e+01  1.44e+05     5s
   3   1.54957508e+07 -1.16482473e+09  1.43e+05 2.37e-01  4.14e+04     5s
   4   6.26437480e+06 -2.78872093e+08  1.78e+04 2.00e-11  5.56e+03     5s
   5   4.99788110e+06 -1.29091393e+08  2.75e+03 2.46e-11  1.41e+03     5s
   6   4.87362041e+06 -3.39628087e+07  1.48e+03 1.80e-11  4.37e+02     5s
   7   4.78474210e+06 -1.38159168e+07  9.83e+02 5.85e-12  2.13e+02     5s
   8   4.16426181e+06 -9.30491010e+06  3.86e+02 4.77e-12  1.24e+02     6s
   9   3.54953987e+06 -5.45463729e+06  1.36e+02 3.64e-12  7.23e+01     6s
  10   3.32929873e+06 -4.68403206e+06  1.05e+02 3.18e-12  6.31e+01     6s
  11   2.40439408e+06 -3.30070166e+06  5.65e+01 2.80e-12  4.36e+01     6s
  12   1.57415912e+06 -6.14083559e+05  2.77e+01 6.54e-12  1.71e+01     6s
  13   1.09868767e+06 -2.39939754e+05  1.40e+01 5.78e-12  1.03e+01     6s
  14   9.90709844e+05 -6.57808919e+03  1.07e+01 5.31e-12  7.70e+00     6s
  15   8.67798251e+05  3.48134577e+05  6.65e+00 5.94e-12  4.13e+00     6s
  16   7.62734038e+05  4.49727875e+05  3.45e+00 5.64e-12  2.46e+00     6s
  17   7.32273385e+05  5.05065816e+05  2.53e+00 6.98e-12  1.80e+00     6s
  18   6.93844785e+05  5.84389320e+05  1.35e+00 4.98e-12  8.78e-01     6s
  19   6.62482321e+05  6.16358791e+05  3.21e-01 5.96e-12  3.48e-01     6s
  20   6.56224703e+05  6.23014421e+05  2.00e-01 5.26e-12  2.48e-01     6s
  21   6.51452090e+05  6.34633453e+05  1.02e-01 7.46e-12  1.25e-01     6s
  22   6.47454777e+05  6.37543102e+05  2.85e-02 5.77e-12  7.16e-02     6s
  23   6.46025714e+05  6.42858880e+05  6.56e-03 5.49e-12  2.27e-02     6s
  24   6.45803813e+05  6.44291606e+05  4.55e-03 6.04e-12  1.09e-02     6s
  25   6.45354938e+05  6.44606448e+05  1.32e-03 8.09e-12  5.34e-03     7s
  26   6.45289406e+05  6.44870674e+05  9.16e-04 6.52e-12  3.00e-03     7s
  27   6.45200336e+05  6.44912644e+05  4.60e-04 6.32e-12  2.05e-03     7s
  28   6.45139077e+05  6.44985485e+05  1.53e-04 5.60e-12  1.09e-03     7s
  29   6.45117619e+05  6.45030672e+05  8.02e-05 7.39e-12  6.17e-04     7s
  30   6.45111842e+05  6.45058242e+05  6.36e-05 6.11e-12  3.81e-04     7s
  31   6.45100328e+05  6.45076174e+05  3.31e-05 5.64e-12  1.72e-04     7s
  32   6.45093357e+05  6.45075941e+05  1.65e-05 5.32e-12  1.24e-04     7s
  33   6.45091978e+05  6.45083408e+05  1.30e-05 5.46e-12  6.12e-05     7s
  34   6.45087165e+05  6.45085609e+05  1.66e-06 6.30e-12  1.11e-05     7s
  35   6.45086319e+05  6.45085973e+05  3.63e-07 6.04e-12  2.48e-06     7s
  36   6.45086153e+05  6.45086006e+05  1.25e-07 6.30e-12  1.05e-06     7s
  37   6.45086068e+05  6.45086066e+05  1.70e-08 7.51e-12  1.67e-08     7s
  38   6.45086067e+05  6.45086067e+05  3.40e-09 9.68e-12  1.67e-11     7s

Barrier solved model in 38 iterations and 7.34 seconds (13.36 work units)
Optimal objective 6.45086067e+05


Root crossover log...

   48150 DPushes remaining with DInf 7.2516748e-02                 7s
       0 DPushes remaining with DInf 0.0000000e+00                 8s

      92 PPushes remaining with PInf 6.0112146e-03                 8s
       0 PPushes remaining with PInf 0.0000000e+00                 8s

  Push phase complete: Pinf 0.0000000e+00, Dinf 1.9887255e+03      8s


Root simplex log...

Iteration    Objective       Primal Inf.    Dual Inf.      Time
   31318    6.4508607e+05   0.000000e+00   1.988726e+03      8s
   31490    6.4508607e+05   0.000000e+00   0.000000e+00      8s
Crossover time: 0.48 seconds (0.69 work units)
Concurrent spin time: 0.01s

Solved with barrier
   31490    6.4508607e+05   0.000000e+00   0.000000e+00      8s

Root relaxation: objective 6.450861e+05, 31490 iterations, 4.05 seconds (6.43 work units)

    Nodes    |    Current Node    |     Objective Bounds      |     Work
 Expl Unexpl |  Obj  Depth IntInf | Incumbent    BestBd   Gap | It/Node Time

     0     0 645086.067    0  110          - 645086.067      -     -    8s
H    0     0                    930844.77079 645086.067  30.7%     -    8s
H    0     0                    868287.31524 645086.067  25.7%     -    8s
H    0     0                    864874.93170 645086.067  25.4%     -    8s
H    0     0                    851052.72837 645086.067  24.2%     -    9s
H    0     0                    839637.67206 645086.067  23.2%     -    9s
H    0     0                    839480.43768 645086.067  23.2%     -    9s
H    0     0                    836197.20676 645086.067  22.9%     -   10s
H    0     0                    766833.59679 645086.067  15.9%     -   15s
H    0     0                    752588.93615 645086.067  14.3%     -   17s
     0     0 645103.549    0  117 752588.936 645103.549  14.3%     -   20s
H    0     0                    746934.18232 645103.734  13.6%     -   21s
H    0     0                    743601.98303 645103.734  13.2%     -   21s
H    0     0                    737533.41153 645103.734  12.5%     -   21s
H    0     0                    725747.57878 645103.734  11.1%     -   21s
H    0     0                    725501.23668 645103.734  11.1%     -   22s
H    0     0                    725143.26544 645103.734  11.0%     -   22s
H    0     0                    724285.28055 645103.734  10.9%     -   23s
H    0     0                    723850.41300 645103.734  10.9%     -   24s
H    0     0                    719362.82074 645103.734  10.3%     -   24s
H    0     0                    718522.61618 645103.734  10.2%     -   25s
H    0     0                    713446.79311 645103.734  9.58%     -   25s
H    0     0                    711114.72908 645103.734  9.28%     -   26s
H    0     0                    709623.43450 645103.734  9.09%     -   26s
H    0     0                    706554.00299 645103.734  8.70%     -   26s
     0     0 645104.858    0  118 706554.003 645104.858  8.70%     -   27s
     0     0 645117.143    0  117 706554.003 645117.143  8.70%     -   28s
     0     0 645117.326    0  117 706554.003 645117.326  8.70%     -   28s
     0     0 645728.336    0  206 706554.003 645728.336  8.61%     -   32s
     0     0 645728.348    0  207 706554.003 645728.348  8.61%     -   32s
     0     0 645728.370    0  204 706554.003 645728.370  8.61%     -   32s
     0     0 645732.271    0  196 706554.003 645732.271  8.61%     -   32s
     0     0 645732.706    0  189 706554.003 645732.706  8.61%     -   32s
     0     0 645732.940    0  201 706554.003 645732.940  8.61%     -   33s
     0     0 649535.265    0  142 706554.003 649535.265  8.07%     -   37s
     0     0 649672.936    0  151 706554.003 649672.936  8.05%     -   37s
     0     0 650076.709    0  167 706554.003 650076.709  7.99%     -   38s
     0     0 650127.825    0  156 706554.003 650127.825  7.99%     -   38s
     0     0 650127.919    0  138 706554.003 650127.919  7.99%     -   38s
     0     0 650927.494    0  275 706554.003 650927.494  7.87%     -   41s
     0     0 650967.602    0  284 706554.003 650967.602  7.87%     -   42s
     0     0 654085.215    0  274 706554.003 654085.215  7.43%     -   46s
     0     0 654653.823    0  299 706554.003 654653.823  7.35%     -   47s
     0     0 654698.367    0  279 706554.003 654698.367  7.34%     -   47s
     0     0 654698.375    0  285 706554.003 654698.375  7.34%     -   47s
     0     0 657298.902    0  282 706554.003 657298.902  6.97%     -   49s
     0     0 657355.154    0  286 706554.003 657355.154  6.96%     -   50s
     0     0 657496.388    0  278 706554.003 657496.388  6.94%     -   52s
     0     0 657506.960    0  272 706554.003 657506.960  6.94%     -   52s
     0     0 657509.009    0  306 706554.003 657509.009  6.94%     -   53s
     0     0 657767.717    0  293 706554.003 657767.717  6.90%     -   54s
     0     0 657782.253    0  279 706554.003 657782.253  6.90%     -   56s
     0     0 657782.943    0  280 706554.003 657782.943  6.90%     -   57s
     0     0 658675.155    0  278 706554.003 658675.155  6.78%     -   58s
H    0     0                    705372.42227 658676.862  6.62%     -   59s
     0     0 658887.280    0  238 705372.422 658887.280  6.59%     -   60s
     0     0 658948.735    0  315 705372.422 658948.735  6.58%     -   60s
     0     0 658952.429    0  310 705372.422 658952.429  6.58%     -   60s
     0     0 658962.250    0  309 705372.422 658962.250  6.58%     -   61s
     0     0 658963.552    0  275 705372.422 658963.552  6.58%     -   61s
     0     0 660751.179    0  289 705372.422 660751.179  6.33%     -   62s
     0     0 660876.348    0  261 705372.422 660876.348  6.31%     -   63s
     0     0 660911.385    0  316 705372.422 660911.385  6.30%     -   63s
     0     0 660925.296    0  364 705372.422 660925.296  6.30%     -   64s
     0     0 660973.328    0  276 705372.422 660973.328  6.29%     -   64s
     0     0 660977.560    0  351 705372.422 660977.560  6.29%     -   64s
     0     0 660987.967    0  316 705372.422 660987.967  6.29%     -   64s
     0     0 661839.517    0  270 705372.422 661839.517  6.17%     -   66s
     0     0 661988.814    0  244 705372.422 661988.814  6.15%     -   66s
     0     0 661995.882    0  239 705372.422 661995.882  6.15%     -   67s
     0     0 662017.018    0  225 705372.422 662017.018  6.15%     -   67s
     0     0 662018.074    0  223 705372.422 662018.074  6.15%     -   67s
     0     0 662284.505    0  271 705372.422 662284.505  6.11%     -   69s
     0     0 662284.505    0  269 705372.422 662284.505  6.11%     -   69s
     0     0 662284.505    0  272 705372.422 662284.505  6.11%     -   69s
     0     0 662322.855    0  278 705372.422 662322.855  6.10%     -   70s
     0     0 662335.618    0  251 705372.422 662335.618  6.10%     -   70s
     0     0 662335.933    0  260 705372.422 662335.933  6.10%     -   71s
     0     0 662777.322    0  252 705372.422 662777.322  6.04%     -   72s
     0     0 662952.767    0  277 705372.422 662952.767  6.01%     -   73s
     0     0 663003.827    0  316 705372.422 663003.827  6.01%     -   73s
     0     0 663044.873    0  271 705372.422 663044.873  6.00%     -   74s
     0     0 663046.712    0  273 705372.422 663046.712  6.00%     -   74s
     0     0 665158.848    0  323 705372.422 665158.848  5.70%     -   76s
     0     0 665161.049    0  336 705372.422 665161.049  5.70%     -   76s
H    0     0                    702219.24344 665169.397  5.28%     -   76s
H    0     0                    702093.08643 665169.397  5.26%     -   76s
     0     0 665303.090    0  357 702093.086 665303.090  5.24%     -   77s
     0     0 665359.788    0  359 702093.086 665359.788  5.23%     -   78s
     0     0 665377.020    0  334 702093.086 665377.020  5.23%     -   78s
     0     0 665377.020    0  329 702093.086 665377.020  5.23%     -   78s
     0     0 666267.765    0  295 702093.086 666267.765  5.10%     -   80s
H    0     0                    701012.33944 666300.774  4.95%     -   81s
     0     0 666704.978    0  344 701012.339 666704.978  4.89%     -   82s
     0     0 666743.239    0  319 701012.339 666743.239  4.89%     -   83s
     0     0 666745.325    0  314 701012.339 666745.325  4.89%     -   83s
     0     0 666775.011    0  275 701012.339 666775.011  4.88%     -   83s
     0     0 666779.206    0  315 701012.339 666779.206  4.88%     -   84s
     0     0 667556.389    0  312 701012.339 667556.389  4.77%     -   86s
     0     0 667791.561    0  338 701012.339 667791.561  4.74%     -   87s
     0     0 667870.550    0  355 701012.339 667870.550  4.73%     -   87s
     0     0 667888.005    0  329 701012.339 667888.005  4.73%     -   88s
     0     0 667888.121    0  327 701012.339 667888.121  4.73%     -   88s
     0     0 667902.180    0  295 701012.339 667902.180  4.72%     -   88s
     0     0 667905.827    0  312 701012.339 667905.827  4.72%     -   89s
     0     0 668826.707    0  318 701012.339 668826.707  4.59%     -   91s
     0     0 669021.366    0  284 701012.339 669021.366  4.56%     -   92s
     0     0 669064.556    0  297 701012.339 669064.556  4.56%     -   94s
     0     0 669079.155    0  295 701012.339 669079.155  4.56%     -   94s
     0     0 669079.486    0  269 701012.339 669079.486  4.56%     -   95s
     0     0 669842.797    0  303 701012.339 669842.797  4.45%     -   98s
H    0     0                    700980.64227 669856.640  4.44%     -   99s
H    0     0                    697555.79807 669856.640  3.97%     -   99s
     0     0 670272.404    0  283 697555.798 670272.404  3.91%     -  101s
     0     0 670384.420    0  305 697555.798 670384.420  3.90%     -  102s
     0     0 670408.038    0  325 697555.798 670408.038  3.89%     -  103s
     0     0 670408.460    0  335 697555.798 670408.460  3.89%     -  103s
     0     0 671136.630    0  334 697555.798 671136.630  3.79%     -  106s
     0     0 671136.630    0  333 697555.798 671136.630  3.79%     -  106s
     0     0 671386.899    0  297 697555.798 671386.899  3.75%     -  110s
     0     0 671429.467    0  272 697555.798 671429.467  3.75%     -  111s
     0     0 671430.958    0  278 697555.798 671430.958  3.75%     -  111s
     0     0 672141.374    0  309 697555.798 672141.374  3.64%     -  113s
     0     0 672244.570    0  320 697555.798 672244.570  3.63%     -  115s
     0     0 672248.907    0  318 697555.798 672248.907  3.63%     -  115s
     0     0 672264.077    0  326 697555.798 672264.077  3.63%     -  116s
     0     0 672268.821    0  306 697555.798 672268.821  3.63%     -  116s
     0     0 672931.263    0  363 697555.798 672931.263  3.53%     -  117s
     0     0 673005.476    0  363 697555.798 673005.476  3.52%     -  119s
     0     0 673019.257    0  332 697555.798 673019.257  3.52%     -  119s
     0     0 673039.517    0  310 697555.798 673039.517  3.51%     -  119s

Cutting planes:
  Learned: 12
  Gomory: 19
  Cover: 135
  Implied bound: 544
  Clique: 108
  MIR: 489
  Knapsack: 11
  StrongCG: 165
  Flow cover: 173
  GUB cover: 28
  Zero half: 4
  Mod-K: 2
  RLT: 307
  Relax-and-lift: 62
  BQP: 16

Explored 1 nodes (92025 simplex iterations) in 120.04 seconds (175.95 work units)
Thread count was 24 (of 24 available processors)

Solution count 10: 697556 700981 701012 ... 713447

Time limit reached
Best objective 6.975557980680e+05, best bound 6.730395167261e+05, gap 3.5146%
