
Gurobi 13.0.2 (linux64, Python) logging started Thu May 28 03:55:29 2026

Set parameter LogToConsole to value 0
Set parameter Username
Set parameter LicenseID to value 2748191
Set parameter TimeLimit to value 600
Set parameter LogFile to value "output/bz_nbr7008_095/period_3/gurobi.log"
Academic license - for non-commercial use only - expires 2026-12-01
Gurobi Optimizer version 13.0.2 build v13.0.2rc1 (linux64 - "Debian GNU/Linux 13 (trixie)")

CPU model: 13th Gen Intel(R) Core(TM) i7-13700HX, instruction set [SSE2|AVX|AVX2]
Thread count: 24 physical cores, 24 logical processors, using up to 24 threads

Non-default parameters:
TimeLimit  600
LogToConsole  0

Optimize a model with 10326 rows, 7215 columns and 27482 nonzeros (Min)
Model fingerprint: 0xbfb81a75
Model has 2387 linear objective coefficients and an objective constant of 152724.18414
Variable types: 5848 continuous, 1367 integer (1367 binary)
Coefficient statistics:
  Matrix range     [1e-02, 1e+04]
  Objective range  [1e+01, 1e+05]
  Bounds range     [1e+00, 1e+00]
  RHS range        [1e-01, 3e+04]

Presolve removed 8008 rows and 5530 columns
Presolve time: 0.07s
Presolved: 2318 rows, 1685 columns, 9481 nonzeros
Variable types: 1049 continuous, 636 integer (610 binary)
Found heuristic solution: objective 1182720.6500

Root relaxation: objective 3.876487e+05, 1036 iterations, 0.01 seconds (0.03 work units)

    Nodes    |    Current Node    |     Objective Bounds      |     Work
 Expl Unexpl |  Obj  Depth IntInf | Incumbent    BestBd   Gap | It/Node Time

     0     0 387648.660    0   39 1182720.65 387648.660  67.2%     -    0s
     0     0 387648.660    0   45 1182720.65 387648.660  67.2%     -    0s
H    0     0                    787450.42965 387648.716  50.8%     -    0s
     0     0 387648.716    0   39 787450.430 387648.716  50.8%     -    0s
     0     0 387648.716    0   39 787450.430 387648.716  50.8%     -    0s
     0     0 387648.716    0   29 787450.430 387648.716  50.8%     -    0s
H    0     0                    756539.39946 387648.716  48.8%     -    0s
H    0     0                    756371.82115 387648.716  48.7%     -    0s
     0     0 387648.716    0   33 756371.821 387648.716  48.7%     -    0s
H    0     0                    745987.15114 387662.821  48.0%     -    0s
H    0     0                    740275.58264 387662.821  47.6%     -    0s
     0     0 387662.821    0   37 740275.583 387662.821  47.6%     -    0s
     0     0 387662.821    0   37 740275.583 387662.821  47.6%     -    0s
     0     0 387662.821    0   37 740275.583 387662.821  47.6%     -    0s
     0     0 387677.584    0   35 740275.583 387677.584  47.6%     -    0s
     0     0 387677.976    0   32 740275.583 387677.976  47.6%     -    0s
     0     0 387696.122    0   70 740275.583 387696.122  47.6%     -    0s
H    0     0                    739155.06428 387696.639  47.5%     -    0s
     0     0 387696.639    0   69 739155.064 387696.639  47.5%     -    0s
H    0     0                    732995.62311 387696.639  47.1%     -    0s
H    0     0                    731733.07822 387696.639  47.0%     -    0s
     0     0 387696.639    0   68 731733.078 387696.639  47.0%     -    0s
     0     0 387717.167    0   53 731733.078 387717.167  47.0%     -    0s
     0     0 387717.581    0   54 731733.078 387717.581  47.0%     -    0s
H    0     0                    730612.55986 387756.165  46.9%     -    0s
     0     0 387756.165    0   49 730612.560 387756.165  46.9%     -    0s
H    0     0                    726876.70866 387756.879  46.7%     -    0s
H    0     0                    726503.07778 387756.879  46.6%     -    0s
     0     0 387770.658    0   43 726503.078 387770.658  46.6%     -    0s
H    0     0                    652923.80543 388849.081  40.4%     -    0s
H    0     0                    642149.28813 388849.081  39.4%     -    0s
H    0     0                    637926.14093 388849.081  39.0%     -    0s
     0     0 388849.081    0   74 637926.141 388849.081  39.0%     -    0s
     0     0 389780.784    0   74 637926.141 389780.784  38.9%     -    0s
     0     0 389927.364    0   77 637926.141 389927.364  38.9%     -    0s
     0     0 391568.272    0   87 637926.141 391568.272  38.6%     -    0s
     0     0 392362.523    0   76 637926.141 392362.523  38.5%     -    0s
     0     0 392362.523    0   77 637926.141 392362.523  38.5%     -    0s
H    0     0                    637720.18049 392941.916  38.4%     -    0s
H    0     0                    628871.50190 392941.916  37.5%     -    0s
H    0     0                    627544.95009 392941.916  37.4%     -    0s
     0     0 392941.916    0   64 627544.950 392941.916  37.4%     -    0s
H    0     0                    610626.95678 393124.592  35.6%     -    0s
     0     0 393124.592    0   88 610626.957 393124.592  35.6%     -    0s
     0     0 397375.939    0   81 610626.957 397375.939  34.9%     -    0s
     0     0 397443.064    0  102 610626.957 397443.064  34.9%     -    0s
     0     0 397443.064    0  102 610626.957 397443.064  34.9%     -    0s
     0     0 399326.211    0  112 610626.957 399326.211  34.6%     -    0s
     0     0 399359.555    0  113 610626.957 399359.555  34.6%     -    0s
     0     0 399359.556    0  130 610626.957 399359.556  34.6%     -    0s
     0     0 399362.941    0  129 610626.957 399362.941  34.6%     -    0s
H    0     0                    605202.19664 399365.100  34.0%     -    0s
     0     0 399365.100    0  134 605202.197 399365.100  34.0%     -    0s
     0     0 399414.696    0  142 605202.197 399414.696  34.0%     -    0s
H    0     0                    605142.19455 399414.706  34.0%     -    0s
     0     0 399465.378    0  177 605142.195 399465.378  34.0%     -    0s
     0     0 399465.399    0  177 605142.195 399465.399  34.0%     -    0s
     0     0 399468.395    0  192 605142.195 399468.395  34.0%     -    0s
     0     0 399538.240    0  124 605142.195 399538.240  34.0%     -    0s
     0     0 399538.240    0  128 605142.195 399538.240  34.0%     -    0s
     0     0 399538.240    0  161 605142.195 399538.240  34.0%     -    0s
     0     0 399538.240    0  144 605142.195 399538.240  34.0%     -    0s
     0     0 399538.240    0  159 605142.195 399538.240  34.0%     -    0s
     0     0 399538.240    0  171 605142.195 399538.240  34.0%     -    0s
     0     0 399538.240    0  170 605142.195 399538.240  34.0%     -    0s
     0     0 399538.240    0  174 605142.195 399538.240  34.0%     -    0s
     0     0 399538.240    0  168 605142.195 399538.240  34.0%     -    0s
     0     0 399538.240    0  168 605142.195 399538.240  34.0%     -    0s
     0     0 399538.240    0  143 605142.195 399538.240  34.0%     -    0s
H    0     0                    605032.46087 399538.240  34.0%     -    0s
H    0     0                    507606.12163 399538.240  21.3%     -    0s
H    0     0                    507587.98627 399538.240  21.3%     -    0s
     0     2 399538.240    0  143 507587.986 399538.240  21.3%     -    0s
H   20    32                    507435.82424 400130.151  21.1%  48.9    0s
H   21    32                    498923.73631 400130.151  19.8%  50.5    0s
H   36    54                    498793.54883 400148.425  19.8%  68.0    0s
H   79   106                    489362.24069 400175.607  18.2%  70.0    1s
H   80   106                    487316.07050 400175.607  17.9%  69.2    1s
H   97   106                    475825.54127 400311.268  15.9%  63.5    1s
H  532   491                    475216.65471 400313.042  15.8%  51.4    1s
* 1554  1092              55    467043.97804 400332.830  14.3%  40.2    1s
H 2875  1576                    466762.00347 400744.222  14.1%  37.1    1s
H 3270  1714                    466608.86918 400763.812  14.1%  37.4    2s
H 3790  1932                    466603.87051 402075.954  13.8%  38.0    3s
  4299  2132 455058.106   35  155 466603.871 402149.037  13.8%  39.1    5s
H 4487  2136                    466573.51404 402149.037  13.8%  40.5    5s
H 5319  2179                    464982.46274 402149.037  13.5%  41.1    6s
H 6049  2206                    464817.65364 402149.037  13.5%  41.5    6s
H 6528  2210                    464268.47832 402149.037  13.4%  42.0    7s
H 7464  2208                    463567.92759 402149.037  13.2%  42.5    7s
H 7518  2001                    461481.62405 402149.037  12.9%  42.5    7s
H 7526  1791                    456645.31529 402149.037  11.9%  42.4    7s
H 8572  1481                    455553.60676 402149.037  11.7%  42.9    8s
  9299  1739 449680.955   34   70 455553.607 402149.037  11.7%  43.8   10s
 22198  6051 infeasible   37      455553.607 422790.818  7.19%  39.6   15s
H22317  6048                    455541.08128 422852.097  7.18%  39.6   15s
*27824  7339              53    455521.22881 423776.457  6.97%  38.5   16s
*27977  7292              41    455446.83317 423776.457  6.95%  38.4   16s
*33530  8381              46    455446.62537 426125.753  6.44%  37.1   18s
 40745 10391 437710.223   33   49 455446.625 427148.789  6.21%  37.0   20s
*44083 10754              48    455446.31723 427172.103  6.21%  37.0   20s
 52736 12292 447666.697   45   33 455446.317 428921.156  5.82%  36.7   26s
 63895 14607 447545.525   37   47 455446.317 430061.363  5.57%  36.9   30s
*79854 17736              52    455434.10764 431225.203  5.32%  37.2   34s
 81721 18192 444671.291   42   47 455434.108 431227.066  5.32%  37.2   35s
 100394 21203 440750.491   35   31 455434.108 432763.560  4.98%  37.0   40s
 118250 23862 444124.862   40   29 455434.108 433618.076  4.79%  36.8   45s
 133342 25671 438480.585   34   67 455434.108 434448.564  4.61%  36.9   50s
 151120 28474     cutoff   42      455434.108 435376.624  4.40%  37.1   55s
 166016 30901     cutoff   40      455434.108 435806.714  4.31%  37.3   60s
 181345 32262     cutoff   39      455434.108 436572.287  4.14%  37.6   65s
 201185 34032 438725.233   47   33 455434.108 437703.204  3.89%  37.2   70s
 215452 35705 454942.518   38   53 455434.108 438029.369  3.82%  37.2   75s
 230291 37661 438447.737   27   58 455434.108 438420.622  3.74%  37.5   80s
 244601 39246 450470.550   41   34 455434.108 438673.618  3.68%  37.6   85s
 259040 41188 446397.899   36   52 455434.108 438922.282  3.63%  37.9   90s
 274412 41932 440321.431   34   50 455434.108 439397.509  3.52%  37.9   95s
 290139 43230     cutoff   45      455434.108 439954.961  3.40%  37.8  100s
 304879 44284 451104.106   36   57 455434.108 440252.055  3.33%  37.8  105s
 318754 45218 444692.089   42   27 455434.108 440574.217  3.26%  37.9  110s
 334003 46462 452971.426   41   46 455434.108 441024.778  3.16%  37.9  115s
 349049 47851     cutoff   35      455434.108 441299.816  3.10%  38.0  120s
 361894 48663 442804.382   37   86 455434.108 441564.731  3.05%  38.0  125s
 374868 48792 445395.148   34   31 455434.108 441883.965  2.98%  38.0  130s
 389844 49350 443483.513   31   44 455434.108 442257.988  2.89%  37.9  135s
 404067 50043     cutoff   39      455434.108 442459.066  2.85%  37.9  140s
 419674 51055     cutoff   38      455434.108 442871.810  2.76%  37.9  145s
 432864 50916 infeasible   55      455434.108 443110.714  2.71%  37.9  150s
 445319 51840 443226.793   41   52 455434.108 443224.769  2.68%  38.0  155s
 460185 52095 454142.046   37   13 455434.108 443566.002  2.61%  38.0  160s
 472671 52305 454296.161   39   46 455434.108 443772.081  2.56%  38.0  165s
 488197 52067 451542.801   39   50 455434.108 444108.745  2.49%  38.0  170s
 503608 51576     cutoff   45      455434.108 444452.003  2.41%  38.0  175s
 519583 50533 infeasible   36      455434.108 444913.150  2.31%  37.8  180s
 534337 49702 453376.104   47   19 455434.108 445261.442  2.23%  37.8  185s
 547865 49063 infeasible   45      455434.108 445628.389  2.15%  37.8  190s
 560400 48566 455035.925   49   23 455434.108 445761.962  2.12%  37.9  195s
 576491 47164 infeasible   34      455434.108 446333.327  2.00%  37.8  200s
 591125 46055 450499.521   38   23 455434.108 446627.441  1.93%  37.7  205s
 605350 44465     cutoff   49      455434.108 447021.620  1.85%  37.7  210s
 617564 43139 454993.676   43   23 455434.108 447296.752  1.79%  37.7  215s
 631669 41634 454693.445   33   65 455434.108 447706.560  1.70%  37.6  220s
 646373 40333     cutoff   36      455434.108 448055.027  1.62%  37.7  225s
 661086 38678 448936.484   37   26 455434.108 448411.934  1.54%  37.7  230s
 678186 36144 infeasible   41      455434.108 448857.289  1.44%  37.5  235s
 688647 34834     cutoff   43      455434.108 449047.420  1.40%  37.5  240s
 703742 32769 infeasible   45      455434.108 449454.422  1.31%  37.6  245s
 715666 30970 454490.435   38   52 455434.108 449687.193  1.26%  37.6  250s
 729640 27847     cutoff   42      455434.108 450101.376  1.17%  37.5  255s
 744899 24758 453847.129   37   27 455434.108 450448.755  1.09%  37.5  260s
 753632 22550     cutoff   32      455434.108 450842.028  1.01%  37.6  265s
 769826 19045 451628.278   36   89 455434.108 451360.169  0.89%  37.5  270s
 783373 15025 infeasible   51      455434.108 452055.761  0.74%  37.5  275s
 797120  9950 453546.029   36   53 455434.108 452810.440  0.58%  37.5  280s
 811094  5765 infeasible   40      455434.108 453813.764  0.36%  37.4  285s
 824542   210     cutoff   43      455434.108 454343.623  0.24%  37.3  290s

Cutting planes:
  Learned: 3
  Gomory: 26
  Lift-and-project: 10
  Cover: 768
  Implied bound: 107
  Projected implied bound: 22
  Clique: 10
  MIR: 440
  StrongCG: 25
  Flow cover: 96
  GUB cover: 43
  Inf proof: 140
  Zero half: 69
  Mod-K: 1
  Network: 9
  RLT: 70
  Relax-and-lift: 95
  BQP: 1

Explored 830207 nodes (30840457 simplex iterations) in 290.89 seconds (325.42 work units)
Thread count was 24 (of 24 available processors)

Solution count 10: 455434 455446 455447 ... 463568

Optimal solution found (tolerance 1.00e-04)
Best objective 4.554341076356e+05, best bound 4.554341076356e+05, gap 0.0000%
