
Gurobi 13.0.2 (linux64, Python) logging started Sat Aug 22 17:27:25 2026

Set parameter LogToConsole to value 0
Set parameter Username
Set parameter LicenseID to value 2748191
Set parameter TimeLimit to value 120
Set parameter LogFile to value "output/bz_nbr7008_043/weighted_loss/retail_y_4__retail_v_4__retail_v_4__rolled_leftover_4/period_4/gurobi.log"
Academic license - for non-commercial use only - expires 2026-12-01
Gurobi Optimizer version 13.0.2 build v13.0.2rc1 (linux64 - "Debian GNU/Linux 13 (trixie)")

CPU model: 13th Gen Intel(R) Core(TM) i7-13700HX, instruction set [SSE2|AVX|AVX2]
Thread count: 24 physical cores, 24 logical processors, using up to 24 threads

Non-default parameters:
TimeLimit  120
LogToConsole  0

Optimize a model with 205627 rows, 137659 columns and 720149 nonzeros (Min)
Model fingerprint: 0xd46d54c7
Model has 54550 linear objective coefficients and an objective constant of 182900.4040656
Variable types: 113444 continuous, 24215 integer (24215 binary)
Coefficient statistics:
  Matrix range     [3e-03, 1e+04]
  Objective range  [2e+01, 3e+05]
  Bounds range     [1e+00, 1e+00]
  RHS range        [1e-01, 3e+04]

Presolve removed 123647 rows and 85687 columns
Presolve time: 4.48s
Presolved: 81980 rows, 51972 columns, 824050 nonzeros
Variable types: 33944 continuous, 18028 integer (17978 binary)
Deterministic concurrent LP optimizer: primal simplex, dual simplex, and barrier
Showing barrier log only...

Root barrier log...

Ordering time: 0.55s

Barrier statistics:
 Dense cols : 36
 AA' NZ     : 7.180e+06
 Factor NZ  : 1.215e+07 (roughly 140 MB of memory)
 Factor Ops : 3.422e+09 (less than 1 second per iteration)
 Threads    : 21

                  Objective                Residual
Iter       Primal          Dual         Primal    Dual     Compl     Time
   0  -2.70809612e+09 -1.26140283e+10  2.40e+06 1.23e+02  2.99e+06     7s
   1  -1.43144012e+09 -1.11912889e+10  1.51e+06 3.15e+02  1.64e+06     7s
   2  -6.45264923e+08 -9.02801693e+09  6.43e+05 6.86e+01  7.19e+05     7s
   3  -1.39984786e+08 -4.47288488e+09  1.48e+05 1.78e+00  1.69e+05     7s
   4  -1.20421919e+06 -1.10652029e+09  1.71e+04 3.72e-10  2.16e+04     7s
   5   1.34080815e+07 -6.22897211e+08  4.15e+03 6.51e-10  7.42e+03     7s
   6   1.61048547e+07 -3.76873986e+08  1.78e+03 3.71e-10  3.82e+03     7s
   7   1.67500689e+07 -8.73307923e+07  1.20e+03 2.29e-10  1.17e+03     7s
   8   1.67183935e+07 -5.33733670e+07  5.56e+02 1.20e-10  6.75e+02     7s
   9   1.41186586e+07 -3.02092345e+07  2.49e+02 7.23e-11  3.81e+02     7s
  10   1.32129796e+07 -2.44710206e+07  1.61e+02 5.46e-11  3.06e+02     7s
  11   1.22615103e+07 -2.00986070e+07  1.17e+02 4.96e-11  2.56e+02     7s
  12   9.61596358e+06 -1.57199545e+07  6.16e+01 3.91e-11  1.92e+02     7s
  13   6.24786142e+06 -1.11970148e+07  3.74e+01 2.68e-11  1.31e+02     7s
  14   3.82406764e+06 -4.26503614e+06  2.04e+01 2.32e-11  6.16e+01     8s
  15   2.46573618e+06 -2.00762467e+06  1.16e+01 2.58e-11  3.44e+01     8s
  16   2.13777290e+06 -1.66272733e+06  9.54e+00 1.99e-11  2.92e+01     8s
  17   1.85829033e+06 -1.25284768e+06  7.61e+00 2.83e-11  2.40e+01     8s
  18   1.50916203e+06 -6.58431354e+05  5.18e+00 2.51e-11  1.67e+01     8s
  19   1.10076091e+06 -2.51203734e+05  2.47e+00 2.01e-11  1.02e+01     8s
  20   1.05552822e+06  6.07410957e+04  2.19e+00 2.07e-11  7.67e+00     8s
  21   9.43819396e+05  4.06566571e+05  1.47e+00 2.91e-11  4.24e+00     8s
  22   8.18056001e+05  5.54178888e+05  6.51e-01 2.21e-11  2.05e+00     8s
  23   7.61560508e+05  6.52468775e+05  2.34e-01 2.28e-11  8.29e-01     8s
  24   7.39223151e+05  6.78362300e+05  7.95e-02 1.79e-11  4.46e-01     8s
  25   7.35160309e+05  6.94768394e+05  6.36e-02 2.12e-11  2.98e-01     8s
  26   7.33834460e+05  7.08135446e+05  5.63e-02 2.00e-11  1.93e-01     9s
  27   7.27811425e+05  7.14505556e+05  2.42e-02 2.92e-11  9.84e-02     9s
  28   7.25597966e+05  7.16798131e+05  1.48e-02 2.08e-11  6.48e-02     9s
  29   7.23467894e+05  7.18755606e+05  6.94e-03 2.64e-11  3.45e-02     9s
  30   7.22380045e+05  7.20014118e+05  3.69e-03 1.95e-11  1.74e-02     9s
  31   7.21971199e+05  7.20241474e+05  2.56e-03 2.25e-11  1.27e-02     9s
  32   7.21881344e+05  7.20377880e+05  2.31e-03 1.88e-11  1.10e-02     9s
  33   7.21706267e+05  7.20609446e+05  1.84e-03 2.53e-11  8.08e-03     9s
  34   7.21488767e+05  7.20735654e+05  1.28e-03 2.00e-11  5.55e-03     9s
  35   7.21369038e+05  7.20851894e+05  9.86e-04 1.98e-11  3.84e-03     9s
  36   7.21176748e+05  7.20908100e+05  5.01e-04 2.15e-11  1.99e-03     9s
  37   7.21092654e+05  7.20943680e+05  2.96e-04 2.41e-11  1.11e-03     9s
  38   7.21006861e+05  7.20956901e+05  9.10e-05 1.95e-11  3.70e-04     9s
  39   7.20981967e+05  7.20964427e+05  3.55e-05 2.61e-11  1.31e-04     9s
  40   7.20973398e+05  7.20965159e+05  1.65e-05 2.38e-11  6.15e-05     9s
  41   7.20967454e+05  7.20965404e+05  3.87e-06 2.40e-11  1.52e-05     9s
  42   7.20965609e+05  7.20965586e+05  1.34e-07 3.69e-11  1.64e-07     9s
  43   7.20965598e+05  7.20965597e+05  9.31e-07 2.90e-11  3.56e-09    10s

Barrier solved model in 43 iterations and 9.50 seconds (13.81 work units)
Optimal objective 7.20965598e+05


Root crossover log...

   48743 DPushes remaining with DInf 3.3560221e-04                10s
       0 DPushes remaining with DInf 0.0000000e+00                10s

      37 PPushes remaining with PInf 2.2101116e-04                10s
       0 PPushes remaining with PInf 0.0000000e+00                10s

  Push phase complete: Pinf 0.0000000e+00, Dinf 8.6397511e-10     10s


Root simplex log...

Iteration    Objective       Primal Inf.    Dual Inf.      Time
   30149    7.2096560e+05   0.000000e+00   0.000000e+00     10s
Crossover time: 0.36 seconds (0.52 work units)
Concurrent spin time: 0.29s

Solved with barrier
   30151    7.2096560e+05   0.000000e+00   0.000000e+00     10s

Extra simplex iterations after uncrush: 2

Root relaxation: objective 7.209656e+05, 30151 iterations, 5.33 seconds (6.62 work units)

    Nodes    |    Current Node    |     Objective Bounds      |     Work
 Expl Unexpl |  Obj  Depth IntInf | Incumbent    BestBd   Gap | It/Node Time

     0     0 720965.597    0  187          - 720965.597      -     -   10s
     0     0 720966.578    0  183          - 720966.578      -     -   10s
     0     0 720966.703    0  189          - 720966.703      -     -   10s
H    0     0                    3629304.3928 720966.703  80.1%     -   12s
     0     0 721909.287    0  169 3629304.39 721909.287  80.1%     -   13s
H    0     0                    2043510.8884 721910.420  64.7%     -   14s
H    0     0                    2042642.8887 721910.420  64.7%     -   14s
H    0     0                    1806644.6707 721910.420  60.0%     -   14s
H    0     0                    1804939.4950 721910.420  60.0%     -   14s
H    0     0                    1674408.0198 721910.420  56.9%     -   14s
H    0     0                    1674073.7089 721910.420  56.9%     -   14s
H    0     0                    1673196.6822 721910.420  56.9%     -   14s
H    0     0                    1504596.8835 721910.420  52.0%     -   14s
H    0     0                    1495882.2422 721910.420  51.7%     -   14s
H    0     0                    1485159.6345 721910.420  51.4%     -   14s
H    0     0                    1441981.5703 721910.420  49.9%     -   14s
H    0     0                    1437423.5364 721910.420  49.8%     -   14s
H    0     0                    1436641.2517 721910.420  49.8%     -   15s
H    0     0                    1436398.4159 721910.420  49.7%     -   15s
H    0     0                    1435060.3398 721910.420  49.7%     -   15s
H    0     0                    1406710.8812 721910.420  48.7%     -   15s
H    0     0                    1406681.1255 721910.420  48.7%     -   15s
H    0     0                    1402601.0777 721910.420  48.5%     -   15s
H    0     0                    1395037.3504 721910.420  48.3%     -   15s
     0     0 721991.219    0  165 1395037.35 721991.219  48.2%     -   16s
     0     0 727061.039    0  182 1395037.35 727061.039  47.9%     -   17s
H    0     0                    1390768.9313 727064.504  47.7%     -   19s
H    0     0                    1324503.1387 727064.504  45.1%     -   19s
H    0     0                    1305096.6184 727064.504  44.3%     -   20s
H    0     0                    1305042.8133 727064.504  44.3%     -   24s
H    0     0                    1256942.7947 727064.504  42.2%     -   31s
     0     0 727096.890    0  169 1256942.79 727096.890  42.2%     -   38s
     0     0 727096.890    0  170 1256942.79 727096.890  42.2%     -   38s
     0     0 727472.942    0  188 1256942.79 727472.942  42.1%     -   40s
     0     0 727508.276    0  196 1256942.79 727508.276  42.1%     -   40s
H    0     0                    1239572.6341 727509.582  41.3%     -   41s
H    0     0                    1239451.2130 727509.582  41.3%     -   41s
H    0     0                    1235022.7065 727509.582  41.1%     -   42s
H    0     0                    1224283.1107 727509.582  40.6%     -   43s
H    0     0                    1223980.1189 727509.582  40.6%     -   44s
H    0     0                    1200745.7320 727509.582  39.4%     -   44s
H    0     0                    1200540.2207 727509.582  39.4%     -   44s
H    0     0                    1183922.6073 727509.582  38.6%     -   44s
     0     0 727518.413    0  187 1183922.61 727518.413  38.6%     -   45s
     0     0 727518.622    0  187 1183922.61 727518.622  38.6%     -   45s
     0     0 735612.030    0  362 1183922.61 735612.030  37.9%     -   50s
     0     0 735836.059    0  371 1183922.61 735836.059  37.8%     -   51s
     0     0 736251.254    0  348 1183922.61 736251.254  37.8%     -   52s
     0     0 736364.398    0  337 1183922.61 736364.398  37.8%     -   52s
     0     0 736364.398    0  337 1183922.61 736364.398  37.8%     -   52s
     0     0 740563.749    0  291 1183922.61 740563.749  37.4%     -   56s
     0     0 740623.260    0  288 1183922.61 740623.260  37.4%     -   56s
H    0     0                    1183443.7036 740623.728  37.4%     -   56s
H    0     0                    1181167.9351 740623.728  37.3%     -   56s
H    0     0                    1113273.8410 740623.728  33.5%     -   56s
     0     0 741232.450    0  249 1113273.84 741232.450  33.4%     -   57s
     0     0 741467.670    0  229 1113273.84 741467.670  33.4%     -   58s
     0     0 741488.783    0  243 1113273.84 741488.783  33.4%     -   58s
     0     0 741488.783    0  248 1113273.84 741488.783  33.4%     -   58s
     0     0 745167.930    0  343 1113273.84 745167.930  33.1%     -   65s
     0     0 745206.661    0  324 1113273.84 745206.661  33.1%     -   66s
     0     0 745281.762    0  336 1113273.84 745281.762  33.1%     -   66s
     0     0 748758.966    0  257 1113273.84 748758.966  32.7%     -   68s
H    0     0                    1102330.8516 748759.133  32.1%     -   69s
     0     0 748842.293    0  344 1102330.85 748842.293  32.1%     -   70s
     0     0 748849.842    0  328 1102330.85 748849.842  32.1%     -   70s
     0     0 748852.266    0  326 1102330.85 748852.266  32.1%     -   71s
     0     0 751114.230    0  361 1102330.85 751114.230  31.9%     -   73s
     0     0 752114.735    0  326 1102330.85 752114.735  31.8%     -   74s
     0     0 752595.788    0  340 1102330.85 752595.788  31.7%     -   75s
     0     0 752669.559    0  353 1102330.85 752669.559  31.7%     -   75s
     0     0 752669.908    0  353 1102330.85 752669.908  31.7%     -   75s
     0     0 755395.371    0  392 1102330.85 755395.371  31.5%     -   77s
H    0     0                    1100022.3097 755395.410  31.3%     -   79s
     0     0 756180.766    0  331 1100022.31 756180.766  31.3%     -   85s
     0     0 756254.593    0  376 1100022.31 756254.593  31.3%     -   85s
     0     0 756255.858    0  367 1100022.31 756255.858  31.3%     -   86s
     0     0 759712.779    0  309 1100022.31 759712.779  30.9%     -   87s
     0     0 759712.875    0  297 1100022.31 759712.875  30.9%     -   87s
     0     0 759839.352    0  295 1100022.31 759839.352  30.9%     -   88s
     0     0 759897.804    0  302 1100022.31 759897.804  30.9%     -   88s
     0     0 759904.142    0  326 1100022.31 759904.142  30.9%     -   88s
     0     0 763558.236    0  386 1100022.31 763558.236  30.6%     -   90s
     0     0 764547.094    0  367 1100022.31 764547.094  30.5%     -   91s
     0     0 764891.763    0  368 1100022.31 764891.763  30.5%     -   92s
     0     0 765109.084    0  344 1100022.31 765109.084  30.4%     -   92s
     0     0 765270.350    0  364 1100022.31 765270.350  30.4%     -   93s
     0     0 765336.925    0  405 1100022.31 765336.925  30.4%     -   93s
     0     0 765337.215    0  403 1100022.31 765337.215  30.4%     -   93s
     0     0 769431.380    0  389 1100022.31 769431.380  30.1%     -   95s
     0     0 770503.711    0  420 1100022.31 770503.711  30.0%     -   96s
     0     0 770568.900    0  415 1100022.31 770568.900  29.9%     -   97s
     0     0 770605.565    0  449 1100022.31 770605.565  29.9%     -   97s
     0     0 770653.620    0  424 1100022.31 770653.620  29.9%     -   97s
     0     0 774402.228    0  375 1100022.31 774402.228  29.6%     -   99s
     0     0 775428.453    0  397 1100022.31 775428.453  29.5%     -  100s
     0     0 775574.077    0  301 1100022.31 775574.077  29.5%     -  100s
     0     0 775587.589    0  359 1100022.31 775587.589  29.5%     -  100s
     0     0 775676.276    0  352 1100022.31 775676.276  29.5%     -  100s
     0     0 775684.869    0  356 1100022.31 775684.869  29.5%     -  101s
     0     0 777616.364    0  439 1100022.31 777616.364  29.3%     -  102s
     0     0 778059.471    0  440 1100022.31 778059.471  29.3%     -  102s
     0     0 778289.153    0  447 1100022.31 778289.153  29.2%     -  103s
     0     0 778335.574    0  446 1100022.31 778335.574  29.2%     -  103s
     0     0 778337.274    0  445 1100022.31 778337.274  29.2%     -  103s
     0     0 780169.671    0  429 1100022.31 780169.671  29.1%     -  105s
H    0     0                    1099569.5211 780169.881  29.0%     -  106s
     0     0 780415.582    0  425 1099569.52 780415.582  29.0%     -  106s
     0     0 780451.699    0  417 1099569.52 780451.699  29.0%     -  107s
     0     0 780454.387    0  428 1099569.52 780454.387  29.0%     -  107s
     0     0 782404.414    0  428 1099569.52 782404.414  28.8%     -  109s
     0     0 783165.582    0  361 1099569.52 783165.582  28.8%     -  110s
     0     0 783297.519    0  364 1099569.52 783297.519  28.8%     -  110s
     0     0 783317.682    0  368 1099569.52 783317.682  28.8%     -  111s
     0     0 783326.938    0  369 1099569.52 783326.938  28.8%     -  111s
     0     0 785780.699    0  411 1099569.52 785780.699  28.5%     -  112s
H    0     0                    1090665.4411 785780.839  28.0%     -  113s
H    0     0                    1085327.5505 785780.839  27.6%     -  113s
H    0     0                    1084477.7361 785780.839  27.5%     -  113s
H    0     0                    1083132.4336 785780.839  27.5%     -  113s
H    0     0                    1082272.2808 785780.839  27.4%     -  114s
H    0     0                    1081459.7094 785780.839  27.3%     -  114s
H    0     0                    1081222.5114 785780.839  27.3%     -  114s
     0     0 786358.133    0  380 1081222.51 786358.133  27.3%     -  114s
     0     0 786423.876    0  400 1081222.51 786423.876  27.3%     -  114s
     0     0 786441.473    0  404 1081222.51 786441.473  27.3%     -  115s
     0     0 786453.950    0  407 1081222.51 786453.950  27.3%     -  115s
     0     0 786458.429    0  445 1081222.51 786458.429  27.3%     -  115s
     0     0 787286.958    0  363 1081222.51 787286.958  27.2%     -  117s
     0     0 787546.748    0  407 1081222.51 787546.748  27.2%     -  118s
     0     0 787592.731    0  447 1081222.51 787592.731  27.2%     -  118s
     0     0 787607.247    0  443 1081222.51 787607.247  27.2%     -  118s
     0     0 787610.674    0  417 1081222.51 787610.674  27.2%     -  118s
     0     0 787749.996    0  461 1081222.51 787749.996  27.1%     -  119s

Cutting planes:
  Learned: 9
  Gomory: 8
  Cover: 140
  Implied bound: 238
  Clique: 90
  MIR: 437
  Knapsack: 2
  StrongCG: 118
  Flow cover: 194
  GUB cover: 41
  Zero half: 1
  RLT: 331
  Relax-and-lift: 98
  BQP: 18

Explored 1 nodes (68532 simplex iterations) in 120.03 seconds (150.50 work units)
Thread count was 24 (of 24 available processors)

Solution count 10: 1.08122e+06 1.08146e+06 1.08227e+06 ... 1.10233e+06

Time limit reached
Best objective 1.081222511401e+06, best bound 7.877717574258e+05, gap 27.1406%
