
Gurobi 13.0.2 (linux64, Python) logging started Thu Aug 13 22:09:19 2026

Set parameter LogToConsole to value 0
Set parameter Username
Set parameter LicenseID to value 2748191
Set parameter TimeLimit to value 120
Set parameter LogFile to value "output/bz_nbr7008_095/weighted_loss/retail_y_4__retail_v_2__rolled_leftover_2/period_2/gurobi.log"
Academic license - for non-commercial use only - expires 2026-12-01
Gurobi Optimizer version 13.0.2 build v13.0.2rc1 (linux64 - "Debian GNU/Linux 13 (trixie)")

CPU model: 13th Gen Intel(R) Core(TM) i7-13700HX, instruction set [SSE2|AVX|AVX2]
Thread count: 24 physical cores, 24 logical processors, using up to 24 threads

Non-default parameters:
TimeLimit  120
LogToConsole  0

Optimize a model with 8943 rows, 6284 columns and 23770 nonzeros (Min)
Model fingerprint: 0xcf66d124
Model has 2311 linear objective coefficients and an objective constant of 3.2325316379999997e+04
Variable types: 5088 continuous, 1196 integer (1196 binary)
Coefficient statistics:
  Matrix range     [1e-02, 1e+04]
  Objective range  [1e+01, 1e+05]
  Bounds range     [1e+00, 1e+00]
  RHS range        [1e-01, 3e+04]

Presolve removed 6826 rows and 4775 columns
Presolve time: 0.06s
Presolved: 2117 rows, 1509 columns, 8507 nonzeros
Variable types: 966 continuous, 543 integer (521 binary)
Found heuristic solution: objective 1458228.9661
Found heuristic solution: objective 1301397.9566

Root relaxation: objective 3.043811e+05, 859 iterations, 0.01 seconds (0.02 work units)

    Nodes    |    Current Node    |     Objective Bounds      |     Work
 Expl Unexpl |  Obj  Depth IntInf | Incumbent    BestBd   Gap | It/Node Time

     0     0 304381.111    0   26 1301397.96 304381.111  76.6%     -    0s
     0     0 304381.760    0   29 1301397.96 304381.760  76.6%     -    0s
H    0     0                    816407.52870 304381.760  62.7%     -    0s
     0     0 304381.760    0   31 816407.529 304381.760  62.7%     -    0s
     0     0 304381.760    0   30 816407.529 304381.760  62.7%     -    0s
H    0     0                    746927.62189 304381.760  59.2%     -    0s
     0     0 304381.760    0   31 746927.622 304381.760  59.2%     -    0s
H    0     0                    659992.81159 304391.098  53.9%     -    0s
     0     0 304391.098    0   49 659992.812 304391.098  53.9%     -    0s
     0     0 304391.098    0   49 659992.812 304391.098  53.9%     -    0s
     0     0 304391.098    0   46 659992.812 304391.098  53.9%     -    0s
H    0     0                    630782.95182 304392.091  51.7%     -    0s
H    0     0                    630480.54200 304392.091  51.7%     -    0s
     0     0 304392.091    0   50 630480.542 304392.091  51.7%     -    0s
     0     0 307190.604    0   41 630480.542 307190.604  51.3%     -    0s
H    0     0                    562779.36653 307191.785  45.4%     -    0s
H    0     0                    557712.26099 307191.785  44.9%     -    0s
H    0     0                    557420.83303 307191.785  44.9%     -    0s
     0     0 307191.785    0   41 557420.833 307191.785  44.9%     -    0s
     0     0 310236.000    0   40 557420.833 310236.000  44.3%     -    0s
H    0     0                    437953.07408 310236.000  29.2%     -    0s
     0     0 310277.437    0   51 437953.074 310277.437  29.2%     -    0s
     0     0 310277.437    0   51 437953.074 310277.437  29.2%     -    0s
     0     0 310319.809    0   57 437953.074 310319.809  29.1%     -    0s
     0     0 310319.828    0   58 437953.074 310319.828  29.1%     -    0s
     0     0 310321.795    0   57 437953.074 310321.795  29.1%     -    0s
     0     0 310322.146    0   57 437953.074 310322.146  29.1%     -    0s
     0     0 310519.407    0   77 437953.074 310519.407  29.1%     -    0s
     0     0 310527.157    0   57 437953.074 310527.157  29.1%     -    0s
     0     0 314895.051    0   47 437953.074 314895.051  28.1%     -    0s
     0     0 317568.993    0   63 437953.074 317568.993  27.5%     -    0s
     0     0 317658.653    0   65 437953.074 317658.653  27.5%     -    0s
     0     0 317666.243    0   73 437953.074 317666.243  27.5%     -    0s
     0     0 317666.243    0   73 437953.074 317666.243  27.5%     -    0s
     0     0 317666.434    0   74 437953.074 317666.434  27.5%     -    0s
H    0     0                    402799.86326 317666.434  21.1%     -    0s
     0     0 317666.434    0   74 402799.863 317666.434  21.1%     -    0s
     0     0 317666.434    0   81 402799.863 317666.434  21.1%     -    0s
     0     0 317666.434    0   86 402799.863 317666.434  21.1%     -    0s
     0     0 317772.475    0   64 402799.863 317772.475  21.1%     -    0s
     0     0 317772.475    0   64 402799.863 317772.475  21.1%     -    0s
     0     0 317772.475    0   63 402799.863 317772.475  21.1%     -    0s
     0     0 317773.864    0   74 402799.863 317773.864  21.1%     -    0s
     0     0 317773.864    0   79 402799.863 317773.864  21.1%     -    0s
     0     0 317773.864    0   80 402799.863 317773.864  21.1%     -    0s
     0     0 317774.993    0   83 402799.863 317774.993  21.1%     -    0s
     0     0 317774.993    0   83 402799.863 317774.993  21.1%     -    0s
     0     0 317774.993    0   76 402799.863 317774.993  21.1%     -    0s
     0     2 317778.217    0   76 402799.863 317778.217  21.1%     -    0s
H   15    32                    402781.20130 318082.957  21.0%  43.5    0s
H   18    32                    384657.54735 318082.957  17.3%  46.5    0s
H 2032  1143                    384656.87302 320055.178  16.8%  28.6    1s
H 4532  2045                    384640.42340 320147.085  16.8%  33.0    4s
  4796  2049 382011.628   30   30 384640.423 320147.085  16.8%  34.5    5s
 13363  3605 371915.277   37   42 384640.423 326450.349  15.1%  44.3   10s
 36977  9516     cutoff   54      384640.423 353571.288  8.08%  37.6   15s
 51482 12962 368689.725   37   23 384640.423 354028.094  7.96%  37.3   21s
 69904 17199 369509.181   41   48 384640.423 354066.961  7.95%  38.2   25s
 93005 19803 375051.749   43   50 384640.423 355770.279  7.51%  38.2   30s
 113246 22564     cutoff   51      384640.423 357654.802  7.02%  38.3   35s
 132564 25055 infeasible   41      384640.423 358391.862  6.82%  38.8   40s
 152850 26731 360707.213   35   43 384640.423 359634.209  6.50%  38.6   45s
 172774 28781     cutoff   47      384640.423 360749.316  6.21%  38.4   50s
 192315 31234 361273.629   30   37 384640.423 361227.071  6.09%  38.4   55s
 209506 32780 383738.876   41   19 384640.423 361502.148  6.02%  38.6   60s
 230791 34967 374473.351   38   51 384640.423 362256.669  5.82%  38.4   65s
 251606 35308     cutoff   40      384640.423 363354.958  5.53%  38.2   70s
 268646 35902     cutoff   52      384640.423 364466.319  5.24%  38.0   75s
 285876 37158 379172.076   53   15 384640.423 364830.414  5.15%  38.0   80s
 306534 38702 370089.252   38   20 384640.423 365253.443  5.04%  37.8   85s
 324333 40320     cutoff   46      384640.423 365648.722  4.94%  37.9   90s
 341895 41696 374866.218   48   36 384640.423 366015.008  4.84%  37.9   95s
 360201 43707 370097.360   44   52 384640.423 366317.690  4.76%  37.9  100s
 378015 45606 infeasible   51      384640.423 366643.479  4.68%  37.8  105s
 392793 45852 370187.094   36   28 384640.423 367031.140  4.58%  37.8  110s
 412866 45762 374463.684   44   19 384640.423 367631.966  4.42%  37.7  115s
 430224 45213 377311.782   48   22 384640.423 368223.187  4.27%  37.6  120s

Cutting planes:
  Learned: 2
  Gomory: 11
  Lift-and-project: 25
  Cover: 1541
  Implied bound: 163
  Projected implied bound: 22
  Clique: 7
  MIR: 364
  StrongCG: 22
  Flow cover: 105
  GUB cover: 34
  Inf proof: 90
  Zero half: 41
  Network: 9
  RLT: 49
  Relax-and-lift: 60
  BQP: 1

Explored 430577 nodes (16204278 simplex iterations) in 120.02 seconds (131.65 work units)
Thread count was 24 (of 24 available processors)

Solution count 10: 384640 384657 384658 ... 630481

Time limit reached
Best objective 3.846404233953e+05, best bound 3.682254805083e+05, gap 4.2676%
