
Gurobi 13.0.2 (linux64, Python) logging started Sat Aug 22 17:35:25 2026

Set parameter LogToConsole to value 0
Set parameter Username
Set parameter LicenseID to value 2748191
Set parameter TimeLimit to value 120
Set parameter LogFile to value "output/bz_nbr7008_095/weighted_loss/retail_y_4__retail_v_4__retail_v_4__rolled_leftover_4/period_3/gurobi.log"
Academic license - for non-commercial use only - expires 2026-12-01
Gurobi Optimizer version 13.0.2 build v13.0.2rc1 (linux64 - "Debian GNU/Linux 13 (trixie)")

CPU model: 13th Gen Intel(R) Core(TM) i7-13700HX, instruction set [SSE2|AVX|AVX2]
Thread count: 24 physical cores, 24 logical processors, using up to 24 threads

Non-default parameters:
TimeLimit  120
LogToConsole  0

Optimize a model with 9918 rows, 6908 columns and 26409 nonzeros (Min)
Model fingerprint: 0xfa64efbf
Model has 2363 linear objective coefficients and an objective constant of 1.5279606147599997e+05
Variable types: 5600 continuous, 1308 integer (1308 binary)
Coefficient statistics:
  Matrix range     [1e-02, 1e+04]
  Objective range  [2e+01, 2e+05]
  Bounds range     [1e+00, 1e+00]
  RHS range        [1e-01, 3e+04]

Presolve removed 7600 rows and 5224 columns
Presolve time: 0.08s
Presolved: 2318 rows, 1684 columns, 9480 nonzeros
Variable types: 1048 continuous, 636 integer (610 binary)
Found heuristic solution: objective 1496314.5206

Root relaxation: objective 3.874672e+05, 1234 iterations, 0.02 seconds (0.03 work units)

    Nodes    |    Current Node    |     Objective Bounds      |     Work
 Expl Unexpl |  Obj  Depth IntInf | Incumbent    BestBd   Gap | It/Node Time

     0     0 387467.245    0   41 1496314.52 387467.245  74.1%     -    0s
H    0     0                    1459901.4688 387467.245  73.5%     -    0s
     0     0 387467.245    0   47 1459901.47 387467.245  73.5%     -    0s
     0     0 387467.301    0   41 1459901.47 387467.301  73.5%     -    0s
     0     0 387467.400    0   51 1459901.47 387467.400  73.5%     -    0s
     0     0 387467.400    0   31 1459901.47 387467.400  73.5%     -    0s
H    0     0                    1458786.8638 387467.400  73.4%     -    0s
H    0     0                    1450335.3047 387467.400  73.3%     -    0s
     0     0 387471.864    0   54 1450335.30 387471.864  73.3%     -    0s
     0     0 387473.757    0   46 1450335.30 387473.757  73.3%     -    0s
     0     0 387499.430    0   56 1450335.30 387499.430  73.3%     -    0s
     0     0 387499.430    0   56 1450335.30 387499.430  73.3%     -    0s
H    0     0                    978908.94077 387499.481  60.4%     -    0s
     0     0 387515.321    0   49 978908.941 387515.321  60.4%     -    0s
     0     0 387539.077    0   39 978908.941 387539.077  60.4%     -    0s
     0     0 387554.395    0   46 978908.941 387554.395  60.4%     -    0s
H    0     0                    866383.43713 387554.395  55.3%     -    0s
     0     0 387554.395    0   46 866383.437 387554.395  55.3%     -    0s
H    0     0                    776342.40155 387554.395  50.1%     -    0s
     0     0 387589.587    0   56 776342.402 387589.587  50.1%     -    0s
     0     0 387594.448    0   57 776342.402 387594.448  50.1%     -    0s
     0     0 389301.290    0   61 776342.402 389301.290  49.9%     -    0s
H    0     0                    768879.53406 389303.823  49.4%     -    0s
H    0     0                    760126.51992 389303.823  48.8%     -    0s
H    0     0                    759961.67411 389303.823  48.8%     -    0s
H    0     0                    759894.31180 389303.823  48.8%     -    0s
H    0     0                    759822.62608 389303.823  48.8%     -    0s
     0     0 389306.789    0   67 759822.626 389306.789  48.8%     -    0s
     0     0 396259.401    0   71 759822.626 396259.401  47.8%     -    0s
     0     0 397020.871    0   68 759822.626 397020.871  47.7%     -    0s
     0     0 409513.399    0   65 759822.626 409513.399  46.1%     -    0s
     0     0 409734.334    0   74 759822.626 409734.334  46.1%     -    0s
     0     0 409740.650    0   82 759822.626 409740.650  46.1%     -    0s
     0     0 409740.686    0   88 759822.626 409740.686  46.1%     -    0s
H    0     0                    751401.89740 409740.686  45.5%     -    0s
H    0     0                    746562.22966 409742.122  45.1%     -    0s
     0     0 409742.122    0   97 746562.230 409742.122  45.1%     -    0s
H    0     0                    719446.23457 409743.802  43.0%     -    0s
H    0     0                    719179.15777 409743.802  43.0%     -    0s
     0     0 409743.802    0   85 719179.158 409743.802  43.0%     -    0s
     0     0 409745.789    0  118 719179.158 409745.789  43.0%     -    0s
     0     0 409749.165    0   94 719179.158 409749.165  43.0%     -    0s
     0     0 409750.201    0  108 719179.158 409750.201  43.0%     -    0s
     0     0 409750.201    0  108 719179.158 409750.201  43.0%     -    0s
     0     0 409750.201    0  108 719179.158 409750.201  43.0%     -    0s
     0     2 409750.201    0  106 719179.158 409750.201  43.0%     -    0s
H    8    16                    718846.07625 409751.178  43.0%  62.4    0s
H    9    16                    717934.13074 409751.178  42.9%  62.9    0s
H   10    16                    710291.12760 409751.178  42.3%  78.5    0s
H   54    52                    710242.55628 409757.668  42.3%  73.4    0s
H   93   100                    589156.43801 409760.082  30.4%  60.2    0s
H  120   129                    589142.94639 409760.082  30.4%  57.1    0s
H  838   667                    587457.07395 409764.394  30.2%  36.8    1s
H  848   667                    574831.80396 409764.394  28.7%  36.7    1s
* 1541  1036              61    531357.69187 409765.835  22.9%  29.4    1s
H 1872  1190                    527770.41560 409780.212  22.4%  29.0    1s
H 1874  1190                    516871.72783 409780.212  20.7%  29.0    1s
H 2885  1372                    514087.80442 409794.255  20.3%  28.5    1s
H 3927  1397                    513555.11607 409811.408  20.2%  28.7    1s
H 4047  1418                    513164.33239 409811.408  20.1%  28.8    1s
H 4139  1397                    512182.52955 409811.565  20.0%  28.8    1s
H 4581  1523                    511943.43994 409830.015  19.9%  28.9    3s
H 4581  1446                    510743.08697 409830.015  19.8%  28.9    3s
H 4584  1375                    499743.96172 409872.150  18.0%  28.9    3s
H 4589  1309                    496155.02739 410077.774  17.3%  28.8    3s
H 4589  1243                    496018.04084 410077.774  17.3%  28.8    3s
  4610  1257 410655.932   16  169 496018.041 410655.932  17.2%  28.7    5s
H 4673  1232                    493979.98353 412360.532  16.5%  28.3    9s
H 4673  1168                    493727.04459 412360.532  16.5%  28.3    9s
  4679  1172 493727.045   35  227 493727.045 412415.474  16.5%  28.3   10s
H 4699  1124                    493382.75919 412582.571  16.4%  28.2   10s
H 4742  1092                    491029.35611 413303.120  15.8%  27.9   12s
H 4742  1034                    490798.12585 413303.120  15.8%  27.9   12s
H 4742   979                    485889.19477 413303.120  14.9%  27.9   12s
  4795  1016 485889.195   24  201 485889.195 413406.408  14.9%  31.4   15s
H 5208  1144                    479141.01782 413785.001  13.6%  35.4   18s
H 6264  1125                    479016.08982 414078.079  13.6%  40.4   19s
  6308  1156 417490.748   35  144 479016.090 414078.079  13.6%  40.5   20s
 13299   477     cutoff   38      479016.090 421547.357  12.0%  53.3   25s
*15900  1066              75    478908.34461 456607.477  4.66%  52.1   26s
*17424  1557              69    478734.85311 456607.691  4.62%  51.0   27s
*23693  3602              72    477764.16404 456844.113  4.38%  47.7   29s
*23844  3422              88    476499.74168 456844.113  4.13%  47.6   29s
*24318  3403              87    476335.01247 456847.241  4.09%  47.3   29s
 27423  4056 462286.035   46   63 476335.012 458346.113  3.78%  45.7   30s
H27827  3989                    476014.61967 458346.178  3.71%  45.6   30s
H30511  3852                    473664.78697 460116.833  2.86%  44.3   30s
*30516  3247              71    471640.47719 460116.833  2.44%  44.3   30s
H35409  3172                    470843.29410 462495.762  1.77%  42.4   32s
 46168  1927 infeasible   69      470843.294 466036.332  1.02%  39.3   35s

Cutting planes:
  Gomory: 18
  Lift-and-project: 2
  Cover: 228
  Implied bound: 29
  Projected implied bound: 6
  Clique: 5
  MIR: 385
  StrongCG: 9
  Flow cover: 98
  GUB cover: 26
  Inf proof: 14
  Zero half: 20
  Mod-K: 1
  Network: 3
  RLT: 42
  Relax-and-lift: 35
  BQP: 2

Explored 54142 nodes (2060599 simplex iterations) in 38.23 seconds (30.41 work units)
Thread count was 24 (of 24 available processors)

Solution count 10: 470843 470843 471640 ... 478908

Optimal solution found (tolerance 1.00e-04)
Best objective 4.708432941038e+05, best bound 4.708432941035e+05, gap 0.0000%
