
Gurobi 13.0.2 (linux64, Python) logging started Thu Aug 13 20:00:07 2026

Set parameter LogToConsole to value 0
Set parameter Username
Set parameter LicenseID to value 2748191
Set parameter TimeLimit to value 120
Set parameter LogFile to value "output/bz_nbr7008_043/weighted_loss/retail_y_2__retail_v_2__rolled_leftover_4/period_1/gurobi.log"
Academic license - for non-commercial use only - expires 2026-12-01
Gurobi Optimizer version 13.0.2 build v13.0.2rc1 (linux64 - "Debian GNU/Linux 13 (trixie)")

CPU model: 13th Gen Intel(R) Core(TM) i7-13700HX, instruction set [SSE2|AVX|AVX2]
Thread count: 24 physical cores, 24 logical processors, using up to 24 threads

Non-default parameters:
TimeLimit  120
LogToConsole  0

Optimize a model with 196063 rows, 130753 columns and 688669 nonzeros (Min)
Model fingerprint: 0x060d38ec
Model has 53990 linear objective coefficients
Variable types: 107764 continuous, 22989 integer (22989 binary)
Coefficient statistics:
  Matrix range     [1e-02, 1e+04]
  Objective range  [1e+01, 3e+05]
  Bounds range     [1e+00, 1e+00]
  RHS range        [1e-01, 3e+04]

Presolve removed 114420 rows and 79225 columns
Presolve time: 3.28s
Presolved: 81643 rows, 51528 columns, 810072 nonzeros
Variable types: 33723 continuous, 17805 integer (17761 binary)
Deterministic concurrent LP optimizer: primal simplex, dual simplex, and barrier
Showing barrier log only...

Root barrier log...

Ordering time: 0.41s

Barrier statistics:
 Dense cols : 23
 AA' NZ     : 7.190e+06
 Factor NZ  : 1.225e+07 (roughly 140 MB of memory)
 Factor Ops : 3.498e+09 (less than 1 second per iteration)
 Threads    : 21

                  Objective                Residual
Iter       Primal          Dual         Primal    Dual     Compl     Time
   0  -6.70480930e+09 -1.54005748e+10  2.75e+06 1.84e+02  4.15e+06     5s
   1  -4.10630262e+09 -1.39770303e+10  1.79e+06 3.81e+02  2.37e+06     5s
   2  -1.73386991e+09 -1.15828969e+10  7.17e+05 8.66e+01  9.65e+05     5s
   3  -4.39103422e+08 -6.26107093e+09  1.81e+05 5.96e+00  2.50e+05     5s
   4  -3.70306062e+07 -1.58647709e+09  1.82e+04 1.84e-10  2.92e+04     5s
   5   4.66034716e+06 -6.69638793e+08  2.70e+03 8.94e-11  7.08e+03     5s
   6   8.35830305e+06 -1.60236684e+08  1.31e+03 9.32e-11  1.91e+03     5s
   7   9.60306953e+06 -6.14731155e+07  7.49e+02 4.27e-11  8.10e+02     5s
   8   9.86530701e+06 -3.17230447e+07  4.05e+02 2.27e-11  4.31e+02     5s
   9   9.32462049e+06 -2.01444716e+07  1.12e+02 2.00e-11  2.41e+02     5s
  10   7.61101736e+06 -1.19772644e+07  5.65e+01 1.43e-11  1.53e+02     5s
  11   5.93173327e+06 -9.81889187e+06  3.34e+01 1.89e-11  1.19e+02     6s
  12   3.61420935e+06 -4.71314856e+06  1.57e+01 1.49e-11  6.24e+01     6s
  13   2.83206372e+06 -2.78205074e+06  1.12e+01 1.91e-11  4.23e+01     6s
  14   1.87080792e+06 -1.16987056e+06  5.45e+00 1.54e-11  2.28e+01     6s
  15   1.42210893e+06  5.11726110e+04  2.68e+00 1.82e-11  1.04e+01     6s
  16   1.18089840e+06  3.02390217e+05  1.55e+00 1.75e-11  6.63e+00     6s
  17   1.08240588e+06  4.19821526e+05  1.10e+00 1.64e-11  4.98e+00     6s
  18   1.01828991e+06  5.90080513e+05  8.12e-01 2.69e-11  3.25e+00     6s
  19   9.29128562e+05  7.57646698e+05  3.61e-01 1.51e-11  1.30e+00     6s
  20   9.02262529e+05  7.92694298e+05  2.24e-01 1.37e-11  8.28e-01     6s
  21   8.97294738e+05  7.97442854e+05  2.02e-01 1.98e-11  7.53e-01     6s
  22   8.91700251e+05  8.21011458e+05  1.80e-01 1.49e-11  5.40e-01     6s
  23   8.88650271e+05  8.36644552e+05  1.62e-01 1.93e-11  4.02e-01     6s
  24   8.80342215e+05  8.44046790e+05  1.22e-01 2.84e-11  2.82e-01     6s
  25   8.66594695e+05  8.48067759e+05  5.80e-02 1.51e-11  1.43e-01     6s
  26   8.61618808e+05  8.49235078e+05  3.61e-02 1.29e-11  9.49e-02     7s
  27   8.59338806e+05  8.50801433e+05  2.57e-02 1.21e-11  6.56e-02     7s
  28   8.58687651e+05  8.51161810e+05  2.29e-02 2.10e-11  5.78e-02     7s
  29   8.57887473e+05  8.51931261e+05  1.96e-02 1.90e-11  4.61e-02     7s
  30   8.56542742e+05  8.52218623e+05  1.41e-02 2.31e-11  3.34e-02     7s
  31   8.55287838e+05  8.52472306e+05  9.23e-03 1.76e-11  2.18e-02     7s
  32   8.54012871e+05  8.52704601e+05  3.90e-03 1.63e-11  1.00e-02     7s
  33   8.53714218e+05  8.52866047e+05  2.74e-03 2.31e-11  6.55e-03     7s
  34   8.53419644e+05  8.52926576e+05  1.57e-03 2.73e-11  3.81e-03     7s
  35   8.53341016e+05  8.52949168e+05  1.28e-03 2.39e-11  3.03e-03     7s
  36   8.53128969e+05  8.52972089e+05  4.82e-04 1.81e-11  1.21e-03     7s
  37   8.53039973e+05  8.52981359e+05  1.38e-04 1.76e-11  4.43e-04     7s
  38   8.53005234e+05  8.52996444e+05  2.19e-05 3.97e-11  6.67e-05     7s
  39   8.52997551e+05  8.52997026e+05  9.51e-07 2.54e-11  3.90e-06     7s
  40   8.52997229e+05  8.52997179e+05  9.74e-08 2.28e-11  3.75e-07     7s
  41   8.52997191e+05  8.52997191e+05  3.38e-07 1.99e-11  2.97e-09     7s

Barrier solved model in 41 iterations and 7.44 seconds (13.34 work units)
Optimal objective 8.52997191e+05


Root crossover log...

   44641 DPushes remaining with DInf 2.7354790e-03                 7s
       0 DPushes remaining with DInf 0.0000000e+00                 8s

      74 PPushes remaining with PInf 5.3714027e-03                 8s
       0 PPushes remaining with PInf 0.0000000e+00                 8s

  Push phase complete: Pinf 0.0000000e+00, Dinf 4.1735051e-03      8s


Root simplex log...

Iteration    Objective       Primal Inf.    Dual Inf.      Time
   30320    8.5299719e+05   0.000000e+00   4.173505e-03      8s
   30331    8.5299719e+05   0.000000e+00   0.000000e+00      8s
Crossover time: 0.47 seconds (0.67 work units)
Concurrent spin time: 0.00s

Solved with barrier
   30331    8.5299719e+05   0.000000e+00   0.000000e+00      8s

Root relaxation: objective 8.529972e+05, 30331 iterations, 4.42 seconds (6.48 work units)

    Nodes    |    Current Node    |     Objective Bounds      |     Work
 Expl Unexpl |  Obj  Depth IntInf | Incumbent    BestBd   Gap | It/Node Time

     0     0 852997.191    0  291          - 852997.191      -     -    8s
H    0     0                    2188782.7440 852997.191  61.0%     -    9s
H    0     0                    2183593.4433 852997.191  60.9%     -    9s
H    0     0                    2153737.5447 852997.191  60.4%     -    9s
H    0     0                    2144586.8985 852997.191  60.2%     -    9s
H    0     0                    2142230.2409 852997.191  60.2%     -    9s
H    0     0                    2097147.1019 852997.191  59.3%     -   10s
H    0     0                    2090061.1207 852997.191  59.2%     -   10s
H    0     0                    2077444.3477 852997.191  58.9%     -   10s
H    0     0                    2075084.9343 852997.191  58.9%     -   11s
H    0     0                    2072925.1843 852997.191  58.9%     -   11s
H    0     0                    2072391.5255 852997.191  58.8%     -   11s
H    0     0                    1964502.9011 852997.191  56.6%     -   11s
H    0     0                    1962235.3790 852997.191  56.5%     -   11s
H    0     0                    1882808.3806 852997.191  54.7%     -   12s
H    0     0                    1821425.3256 852997.191  53.2%     -   12s
H    0     0                    1686804.1532 852997.191  49.4%     -   12s
H    0     0                    1569053.7905 852997.191  45.6%     -   13s
H    0     0                    1513601.7260 852997.191  43.6%     -   13s
H    0     0                    1509931.1793 852997.191  43.5%     -   14s
H    0     0                    1485311.6508 852997.191  42.6%     -   15s
H    0     0                    1480583.6176 852997.191  42.4%     -   15s
H    0     0                    1480383.3503 852997.191  42.4%     -   16s
H    0     0                    1456544.3935 852997.191  41.4%     -   16s
H    0     0                    1427374.8248 852997.191  40.2%     -   16s
H    0     0                    1426352.2880 852997.191  40.2%     -   16s
H    0     0                    1413437.5811 852997.191  39.7%     -   16s
H    0     0                    1412622.3403 852997.191  39.6%     -   16s
H    0     0                    1411853.1613 852997.191  39.6%     -   16s
H    0     0                    1411599.8034 852997.191  39.6%     -   16s
H    0     0                    1411262.1570 852997.191  39.6%     -   17s
H    0     0                    1398434.7106 852997.191  39.0%     -   17s
H    0     0                    1378009.0976 853019.012  38.1%     -   19s
H    0     0                    1377770.0017 853019.012  38.1%     -   19s
     0     0 853373.095    0  267 1377770.00 853373.095  38.1%     -   21s
H    0     0                    1374891.2503 853373.170  37.9%     -   21s
H    0     0                    1364033.8511 853373.170  37.4%     -   21s
H    0     0                    1354073.5853 853373.170  37.0%     -   21s
H    0     0                    1353374.5851 853373.170  36.9%     -   21s
H    0     0                    1340526.4906 853373.170  36.3%     -   21s
H    0     0                    1334442.3994 853373.170  36.1%     -   21s
H    0     0                    1321439.6869 853373.170  35.4%     -   22s
     0     0 853388.440    0  267 1321439.69 853388.440  35.4%     -   22s
     0     0 854294.445    0  313 1321439.69 854294.445  35.4%     -   26s
     0     0 854299.571    0  299 1321439.69 854299.571  35.4%     -   26s
     0     0 863828.324    0  157 1321439.69 863828.324  34.6%     -   30s
H    0     0                    1291721.9871 863832.892  33.1%     -   31s
H    0     0                    1280437.2286 863832.892  32.5%     -   31s
H    0     0                    1276183.6995 863832.892  32.3%     -   31s
H    0     0                    1267706.0903 863832.892  31.9%     -   31s
H    0     0                    1267691.2062 863832.892  31.9%     -   31s
H    0     0                    1207738.0029 863832.892  28.5%     -   32s
H    0     0                    1204672.1452 863832.892  28.3%     -   32s
     0     0 867756.299    0  174 1204672.15 867756.299  28.0%     -   37s
     0     0 868148.507    0  184 1204672.15 868148.507  27.9%     -   38s
     0     0 868533.106    0  211 1204672.15 868533.106  27.9%     -   39s
     0     0 868580.296    0  193 1204672.15 868580.296  27.9%     -   39s
H    0     0                    1197177.0460 868595.156  27.4%     -   40s
H    0     0                    1197106.5862 868595.156  27.4%     -   40s
     0     0 868595.156    0  186 1197106.59 868595.156  27.4%     -   40s
H    0     0                    1190609.9977 868625.595  27.0%     -   40s
     0     0 868625.595    0  202 1190610.00 868625.595  27.0%     -   40s
     0     0 868628.178    0  190 1190610.00 868628.178  27.0%     -   40s
H    0     0                    1190160.0637 874143.576  26.6%     -   42s
H    0     0                    1190139.8235 874143.576  26.6%     -   42s
H    0     0                    1189400.7910 874143.576  26.5%     -   42s
H    0     0                    1181585.7013 874143.576  26.0%     -   42s
     0     0 874143.576    0  210 1181585.70 874143.576  26.0%     -   43s
H    0     0                    1173652.8281 874143.579  25.5%     -   45s
H    0     0                    1173224.8637 874143.579  25.5%     -   45s
H    0     0                    1173154.4039 874143.579  25.5%     -   45s
     0     0 874661.354    0  246 1173154.40 874661.354  25.4%     -   46s
     0     0 874706.843    0  235 1173154.40 874706.843  25.4%     -   47s
     0     0 874706.843    0  249 1173154.40 874706.843  25.4%     -   47s
     0     0 882136.941    0  205 1173154.40 882136.941  24.8%     -   50s
     0     0 882253.991    0  234 1173154.40 882253.991  24.8%     -   52s
     0     0 882288.406    0  258 1173154.40 882288.406  24.8%     -   52s
     0     0 882296.773    0  259 1173154.40 882296.773  24.8%     -   52s
     0     0 882300.245    0  271 1173154.40 882300.245  24.8%     -   52s
     0     0 884898.867    0  248 1173154.40 884898.867  24.6%     -   54s
H    0     0                    1170942.3197 884899.254  24.4%     -   55s
     0     0 885033.393    0  222 1170942.32 885033.393  24.4%     -   56s
     0     0 885297.326    0  268 1170942.32 885297.326  24.4%     -   57s
     0     0 885439.781    0  256 1170942.32 885439.781  24.4%     -   57s
     0     0 885452.159    0  255 1170942.32 885452.159  24.4%     -   57s
     0     0 885452.774    0  255 1170942.32 885452.774  24.4%     -   57s
H    0     0                    1162936.8105 887407.049  23.7%     -   59s
H    0     0                    1155479.7525 887407.049  23.2%     -   59s
     0     0 887407.049    0  273 1155479.75 887407.049  23.2%     -   59s
     0     0 887980.023    0  308 1155479.75 887980.023  23.2%     -   60s
     0     0 888023.472    0  295 1155479.75 888023.472  23.1%     -   60s
     0     0 888026.005    0  316 1155479.75 888026.005  23.1%     -   60s
     0     0 890577.961    0  382 1155479.75 890577.961  22.9%     -   63s
     0     0 890578.225    0  382 1155479.75 890578.225  22.9%     -   64s
H    0     0                    1155046.5418 890578.682  22.9%     -   66s
H    0     0                    1154911.0599 890578.682  22.9%     -   67s
H    0     0                    1154811.8989 890578.682  22.9%     -   68s
H    0     0                    1154764.9391 890578.682  22.9%     -   68s
     0     0 891586.361    0  357 1154764.94 891586.361  22.8%     -   70s
     0     0 891750.906    0  345 1154764.94 891750.906  22.8%     -   70s
     0     0 891772.279    0  355 1154764.94 891772.279  22.8%     -   71s
     0     0 891772.649    0  375 1154764.94 891772.649  22.8%     -   71s
     0     0 894291.607    0  457 1154764.94 894291.607  22.6%     -   74s
H    0     0                    1152218.0034 894291.893  22.4%     -   75s
H    0     0                    1150586.4333 894291.893  22.3%     -   75s
H    0     0                    1149287.4247 894291.893  22.2%     -   76s
H    0     0                    1148483.3266 894291.893  22.1%     -   76s
H    0     0                    1148472.9250 894291.893  22.1%     -   76s
     0     0 894790.518    0  444 1148472.92 894790.518  22.1%     -   78s
     0     0 894804.940    0  412 1148472.92 894804.940  22.1%     -   78s
     0     0 894816.663    0  462 1148472.92 894816.663  22.1%     -   78s
     0     0 894816.663    0  455 1148472.92 894816.663  22.1%     -   78s
     0     0 895813.880    0  465 1148472.92 895813.880  22.0%     -   81s
     0     0 895865.929    0  482 1148472.92 895865.929  22.0%     -   83s
     0     0 895888.801    0  464 1148472.92 895888.801  22.0%     -   84s
     0     0 895976.867    0  475 1148472.92 895976.867  22.0%     -   84s
     0     0 895979.041    0  518 1148472.92 895979.041  22.0%     -   84s
     0     0 896502.911    0  469 1148472.92 896502.911  21.9%     -   87s
     0     0 896659.834    0  471 1148472.92 896659.834  21.9%     -   89s
     0     0 896714.080    0  436 1148472.92 896714.080  21.9%     -   89s
     0     0 896728.528    0  456 1148472.92 896728.528  21.9%     -   90s
     0     0 896742.162    0  454 1148472.92 896742.162  21.9%     -   90s
     0     0 896744.320    0  449 1148472.92 896744.320  21.9%     -   90s
     0     0 897631.266    0  444 1148472.92 897631.266  21.8%     -   93s
     0     0 897654.238    0  438 1148472.92 897654.238  21.8%     -   93s
H    0     0                    1148399.4724 897671.196  21.8%     -   94s
     0     0 897815.770    0  461 1148399.47 897815.770  21.8%     -   95s
     0     0 897883.740    0  482 1148399.47 897883.740  21.8%     -   95s
     0     0 897891.300    0  493 1148399.47 897891.300  21.8%     -   96s
     0     0 899012.660    0  581 1148399.47 899012.660  21.7%     -   99s
     0     0 899012.859    0  583 1148399.47 899012.859  21.7%     -  100s
     0     0 899351.777    0  573 1148399.47 899351.777  21.7%     -  101s
     0     0 899558.359    0  544 1148399.47 899558.359  21.7%     -  102s
     0     0 899583.683    0  583 1148399.47 899583.683  21.7%     -  102s
     0     0 899588.771    0  542 1148399.47 899588.771  21.7%     -  102s
     0     0 900893.272    0  511 1148399.47 900893.272  21.6%     -  105s
     0     0 900893.278    0  538 1148399.47 900893.278  21.6%     -  105s
H    0     0                    1140739.1615 900904.144  21.0%     -  106s
H    0     0                    1140666.6902 900904.144  21.0%     -  106s
H    0     0                    1138882.3035 900904.144  20.9%     -  106s
     0     0 901459.690    0  528 1138882.30 901459.690  20.8%     -  108s
     0     0 901459.690    0  528 1138882.30 901459.690  20.8%     -  108s
     0     0 901459.690    0  524 1138882.30 901459.690  20.8%     -  108s
     0     0 901614.033    0  596 1138882.30 901614.033  20.8%     -  108s
     0     0 901625.799    0  534 1138882.30 901625.799  20.8%     -  109s
     0     0 901637.567    0  586 1138882.30 901637.567  20.8%     -  109s
     0     0 901646.884    0  582 1138882.30 901646.884  20.8%     -  109s
     0     0 902804.652    0  563 1138882.30 902804.652  20.7%     -  112s
H    0     0                    1137367.3366 902810.362  20.6%     -  113s
     0     0 903302.696    0  554 1137367.34 903302.696  20.6%     -  117s
     0     0 903733.377    0  550 1137367.34 903733.377  20.5%     -  118s
     0     0 903891.470    0  601 1137367.34 903891.470  20.5%     -  119s
     0     0 903979.976    0  537 1137367.34 903979.976  20.5%     -  119s
     0     0          -    0      1137367.34 903979.976  20.5%     -  120s

Cutting planes:
  Learned: 13
  Gomory: 43
  Cover: 147
  Implied bound: 280
  Clique: 111
  MIR: 426
  Knapsack: 5
  StrongCG: 158
  Flow cover: 183
  GUB cover: 31
  Zero half: 7
  Network: 2
  RLT: 387
  Relax-and-lift: 77
  BQP: 24

Explored 1 nodes (92278 simplex iterations) in 120.02 seconds (172.01 work units)
Thread count was 24 (of 24 available processors)

Solution count 10: 1.13737e+06 1.13888e+06 1.14067e+06 ... 1.15222e+06

Time limit reached
Best objective 1.137367336633e+06, best bound 9.039799764042e+05, gap 20.5200%
