
Gurobi 13.0.2 (linux64, Python) logging started Thu Aug 13 23:16:18 2026

Set parameter LogToConsole to value 0
Set parameter Username
Set parameter LicenseID to value 2748191
Set parameter TimeLimit to value 120
Set parameter LogFile to value "output/bz_nbr7008_043/weighted_loss/retail_y_4__retail_v_4__rolled_leftover_2/period_4/gurobi.log"
Academic license - for non-commercial use only - expires 2026-12-01
Gurobi Optimizer version 13.0.2 build v13.0.2rc1 (linux64 - "Debian GNU/Linux 13 (trixie)")

CPU model: 13th Gen Intel(R) Core(TM) i7-13700HX, instruction set [SSE2|AVX|AVX2]
Thread count: 24 physical cores, 24 logical processors, using up to 24 threads

Non-default parameters:
TimeLimit  120
LogToConsole  0

Optimize a model with 207938 rows, 138869 columns and 729513 nonzeros (Min)
Model fingerprint: 0x93fd2ece
Model has 54650 linear objective coefficients and an objective constant of 417128.9151408
Variable types: 114444 continuous, 24425 integer (24425 binary)
Coefficient statistics:
  Matrix range     [3e-03, 1e+04]
  Objective range  [2e+01, 1e+05]
  Bounds range     [1e+00, 1e+00]
  RHS range        [1e-01, 3e+04]

Presolve removed 123634 rows and 85566 columns
Presolve time: 3.59s
Presolved: 84304 rows, 53303 columns, 849345 nonzeros
Variable types: 34597 continuous, 18706 integer (18655 binary)
Deterministic concurrent LP optimizer: primal simplex, dual simplex, and barrier
Showing barrier log only...

Root barrier log...

Ordering time: 0.42s

Barrier statistics:
 Dense cols : 30
 AA' NZ     : 7.518e+06
 Factor NZ  : 1.261e+07 (roughly 150 MB of memory)
 Factor Ops : 3.564e+09 (less than 1 second per iteration)
 Threads    : 21

                  Objective                Residual
Iter       Primal          Dual         Primal    Dual     Compl     Time
   0  -3.15416600e+09 -8.54745428e+09  2.49e+06 1.35e+02  2.01e+06     5s
   1  -1.94980934e+09 -7.59505361e+09  1.64e+06 2.14e+02  1.16e+06     5s
   2  -8.67340878e+08 -6.11642586e+09  7.02e+05 4.79e+01  4.98e+05     5s
   3  -2.01010499e+08 -3.29964617e+09  1.68e+05 7.37e-11  1.25e+05     5s
   4  -8.56911311e+06 -7.93712127e+08  1.77e+04 8.73e-11  1.48e+04     5s
   5   7.65205917e+06 -3.67521006e+08  5.55e+03 1.38e-10  5.12e+03     5s
   6   1.08253674e+07 -1.73495935e+08  3.11e+03 8.91e-11  2.40e+03     6s
   7   1.28055778e+07 -5.24361283e+07  1.33e+03 3.18e-11  8.08e+02     6s
   8   1.19987587e+07 -3.66302292e+07  6.36e+02 1.93e-11  4.85e+02     6s
   9   1.08081454e+07 -2.24559590e+07  3.99e+02 1.46e-11  3.09e+02     6s
  10   8.43244450e+06 -1.34823512e+07  1.68e+02 8.75e-12  1.78e+02     6s
  11   6.37382494e+06 -9.52539699e+06  1.07e+02 9.38e-12  1.25e+02     6s
  12   4.74740888e+06 -4.68066748e+06  7.38e+01 1.18e-11  7.54e+01     6s
  13   3.74326484e+06 -3.02590838e+06  5.56e+01 9.63e-12  5.44e+01     6s
  14   3.08136444e+06 -2.07544816e+06  4.37e+01 1.05e-11  4.17e+01     6s
  15   1.92254137e+06 -1.23789941e+06  2.19e+01 1.35e-11  2.48e+01     6s
  16   1.73611561e+06 -5.65080720e+05  1.86e+01 1.78e-11  1.86e+01     6s
  17   1.70004897e+06 -5.81448171e+04  1.80e+01 1.41e-11  1.50e+01     6s
  18   1.29864156e+06  2.17582250e+04  1.09e+01 1.94e-11  1.05e+01     6s
  19   1.18858048e+06  1.87217062e+05  8.75e+00 1.51e-11  8.32e+00     6s
  20   9.62044116e+05  3.61412874e+05  4.48e+00 2.18e-11  4.86e+00     6s
  21   8.46757027e+05  5.52685574e+05  2.41e+00 1.24e-11  2.42e+00     6s
  22   7.64575528e+05  6.44113087e+05  8.65e-01 1.40e-11  9.65e-01     7s
  23   7.35361053e+05  6.72713775e+05  3.52e-01 1.27e-11  4.83e-01     7s
  24   7.32281747e+05  6.75680793e+05  3.08e-01 1.56e-11  4.34e-01     7s
  25   7.25813103e+05  6.89261391e+05  2.13e-01 1.42e-11  2.82e-01     7s
  26   7.21365144e+05  6.95163341e+05  1.49e-01 1.18e-11  2.01e-01     7s
  27   7.20397623e+05  6.96609177e+05  1.35e-01 1.53e-11  1.82e-01     7s
  28   7.14237712e+05  7.03968212e+05  4.36e-02 1.28e-11  7.60e-02     7s
  29   7.11498631e+05  7.06575128e+05  1.71e-02 9.42e-12  3.58e-02     7s
  30   7.10226330e+05  7.07798212e+05  7.46e-03 1.36e-11  1.75e-02     7s
  31   7.10065610e+05  7.07916170e+05  6.39e-03 1.26e-11  1.55e-02     7s
  32   7.09937238e+05  7.08105051e+05  5.54e-03 1.65e-11  1.32e-02     7s
  33   7.09735975e+05  7.08477407e+05  4.18e-03 1.74e-11  9.14e-03     7s
  34   7.09621788e+05  7.08546431e+05  3.45e-03 1.79e-11  7.79e-03     7s
  35   7.09488821e+05  7.08749443e+05  2.67e-03 9.60e-12  5.40e-03     7s
  36   7.09282909e+05  7.08856511e+05  1.46e-03 1.45e-11  3.10e-03     7s
  37   7.09169831e+05  7.08961596e+05  8.04e-04 1.46e-11  1.53e-03     7s
  38   7.09113751e+05  7.08974518e+05  4.96e-04 1.51e-11  1.02e-03     7s
  39   7.09083463e+05  7.09000764e+05  3.26e-04 1.23e-11  6.09e-04     8s
  40   7.09047799e+05  7.09012504e+05  1.47e-04 1.26e-11  2.61e-04     8s
  41   7.09027529e+05  7.09015606e+05  3.85e-05 1.12e-11  8.66e-05     8s
  42   7.09018834e+05  7.09017866e+05  9.49e-07 1.40e-11  6.70e-06     8s
  43   7.09018567e+05  7.09018323e+05  3.53e-07 2.17e-11  1.71e-06     8s
  44   7.09018439e+05  7.09018379e+05  9.39e-08 1.09e-11  4.23e-07     8s
  45   7.09018422e+05  7.09018380e+05  1.61e-07 1.31e-11  2.95e-07     8s
  46   7.09018386e+05  7.09018385e+05  2.19e-06 1.36e-11  2.19e-08     8s
  47   7.09018386e+05  7.09018386e+05  1.65e-08 1.76e-11  1.99e-10     8s

Barrier solved model in 47 iterations and 8.10 seconds (14.91 work units)
Optimal objective 7.09018386e+05


Root crossover log...

   50197 DPushes remaining with DInf 8.6248550e-03                 8s
       0 DPushes remaining with DInf 0.0000000e+00                 8s

      49 PPushes remaining with PInf 2.0207664e-05                 8s
       0 PPushes remaining with PInf 0.0000000e+00                 8s

  Push phase complete: Pinf 0.0000000e+00, Dinf 2.3876744e+04      8s


Root simplex log...

Iteration    Objective       Primal Inf.    Dual Inf.      Time
   30390    7.0901839e+05   0.000000e+00   2.387674e+04      8s
   30397    7.0901839e+05   0.000000e+00   0.000000e+00      8s
Crossover time: 0.37 seconds (0.51 work units)
Concurrent spin time: 0.26s

Solved with barrier
   30397    7.0901839e+05   0.000000e+00   0.000000e+00      9s

Root relaxation: objective 7.090184e+05, 30397 iterations, 4.92 seconds (7.44 work units)

    Nodes    |    Current Node    |     Objective Bounds      |     Work
 Expl Unexpl |  Obj  Depth IntInf | Incumbent    BestBd   Gap | It/Node Time

     0     0 709018.386    0  223          - 709018.386      -     -    9s
     0     0 709019.635    0  233          - 709019.635      -     -    9s
     0     0 709019.694    0  232          - 709019.694      -     -    9s
H    0     0                    1565320.9394 709019.694  54.7%     -   12s
H    0     0                    1445660.6709 709019.694  51.0%     -   12s
H    0     0                    1375447.0327 709019.694  48.5%     -   12s
H    0     0                    1330440.5568 709019.694  46.7%     -   13s
H    0     0                    1317273.0349 709019.694  46.2%     -   13s
H    0     0                    1315970.9974 709019.694  46.1%     -   14s
H    0     0                    1315564.0328 709019.694  46.1%     -   16s
H    0     0                    1315531.4818 709019.694  46.1%     -   16s
H    0     0                    1303763.3828 709019.694  45.6%     -   16s
H    0     0                    1287589.9533 709019.694  44.9%     -   16s
H    0     0                    1272940.5492 709019.694  44.3%     -   17s
H    0     0                    1264022.0524 709019.694  43.9%     -   17s
H    0     0                    1243554.1527 709019.694  43.0%     -   17s
H    0     0                    1231209.1110 709019.694  42.4%     -   17s
H    0     0                    1224194.1276 710930.336  41.9%     -   21s
H    0     0                    1211894.3876 710930.336  41.3%     -   21s
H    0     0                    1208483.4259 710930.336  41.2%     -   21s
     0     0 710930.336    0  185 1208483.43 710930.336  41.2%     -   21s
H    0     0                    1206639.9964 710931.076  41.1%     -   22s
H    0     0                    1204377.8389 710931.076  41.0%     -   22s
H    0     0                    1199182.6531 710931.076  40.7%     -   22s
H    0     0                    1195902.9898 710931.076  40.6%     -   22s
H    0     0                    1195084.1905 710931.076  40.5%     -   22s
H    0     0                    1174778.1656 710931.076  39.5%     -   23s
H    0     0                    1158223.4677 710931.076  38.6%     -   24s
H    0     0                    1154740.3960 710931.076  38.4%     -   24s
     0     0 710934.176    0  185 1154740.40 710934.176  38.4%     -   24s
     0     0 717359.021    0  238 1154740.40 717359.021  37.9%     -   26s
     0     0 717359.064    0  238 1154740.40 717359.064  37.9%     -   26s
     0     0 717362.173    0  237 1154740.40 717362.173  37.9%     -   26s
     0     0 717362.223    0  237 1154740.40 717362.223  37.9%     -   26s
     0     0 717363.626    0  240 1154740.40 717363.626  37.9%     -   26s
     0     0 717363.689    0  240 1154740.40 717363.689  37.9%     -   26s
     0     0 717365.487    0  235 1154740.40 717365.487  37.9%     -   26s
     0     0 717365.536    0  235 1154740.40 717365.536  37.9%     -   26s
     0     0 717369.658    0  232 1154740.40 717369.658  37.9%     -   27s
H    0     0                    1143604.6676 717393.788  37.3%     -   27s
H    0     0                    1140603.7153 717393.788  37.1%     -   27s
     0     0 717393.788    0  224 1140603.72 717393.788  37.1%     -   27s
     0     0 717393.789    0  224 1140603.72 717393.789  37.1%     -   28s
H    0     0                    1128495.8814 717393.789  36.4%     -   29s
H    0     0                    1128458.7512 717393.789  36.4%     -   29s
     0     0 719117.365    0  238 1128458.75 719117.365  36.3%     -   30s
     0     0 719117.365    0  234 1128458.75 719117.365  36.3%     -   30s
H    0     0                    1124139.9808 719125.336  36.0%     -   31s
H    0     0                    1120535.7251 719125.336  35.8%     -   31s
H    0     0                    1119968.1384 719125.336  35.8%     -   33s
H    0     0                    1116654.7548 719125.336  35.6%     -   33s
     0     0 719179.033    0  225 1116654.75 719179.033  35.6%     -   33s
     0     0 719183.528    0  224 1116654.75 719183.528  35.6%     -   33s
     0     0 719189.057    0  228 1116654.75 719189.057  35.6%     -   34s
     0     0 719190.229    0  228 1116654.75 719190.229  35.6%     -   34s
     0     0 724786.728    0  305 1116654.75 724786.728  35.1%     -   37s
     0     0 724815.851    0  339 1116654.75 724815.851  35.1%     -   38s
     0     0 725111.159    0  327 1116654.75 725111.159  35.1%     -   39s
     0     0 725112.675    0  296 1116654.75 725112.675  35.1%     -   39s
H    0     0                    1115313.0036 727666.784  34.8%     -   41s
H    0     0                    1113609.0824 727666.784  34.7%     -   41s
H    0     0                    1113356.8126 727666.784  34.6%     -   41s
H    0     0                    1113261.8204 727666.784  34.6%     -   41s
     0     0 727666.784    0  329 1113261.82 727666.784  34.6%     -   41s
     0     0 727774.363    0  333 1113261.82 727774.363  34.6%     -   44s
     0     0 727808.640    0  302 1113261.82 727808.640  34.6%     -   44s
     0     0 727895.897    0  325 1113261.82 727895.897  34.6%     -   44s
     0     0 727926.367    0  346 1113261.82 727926.367  34.6%     -   45s
     0     0 727967.092    0  382 1113261.82 727967.092  34.6%     -   45s
     0     0 727968.156    0  385 1113261.82 727968.156  34.6%     -   45s
     0     0 732422.797    0  375 1113261.82 732422.797  34.2%     -   47s
     0     0 732508.164    0  369 1113261.82 732508.164  34.2%     -   47s
     0     0 732610.702    0  411 1113261.82 732610.702  34.2%     -   48s
     0     0 732727.791    0  386 1113261.82 732727.791  34.2%     -   48s
     0     0 732727.941    0  436 1113261.82 732727.941  34.2%     -   48s
     0     0 736495.523    0  466 1113261.82 736495.523  33.8%     -   51s
H    0     0                    1110562.1936 736538.156  33.7%     -   52s
H    0     0                    1107910.7345 736538.156  33.5%     -   52s
H    0     0                    1107563.4725 736538.156  33.5%     -   52s
H    0     0                    1103641.4686 737251.771  33.2%     -   53s
     0     0 737261.129    0  376 1103641.47 737261.129  33.2%     -   54s
     0     0 737384.311    0  397 1103641.47 737384.311  33.2%     -   54s
     0     0 737386.041    0  392 1103641.47 737386.041  33.2%     -   54s
     0     0 741105.610    0  355 1103641.47 741105.610  32.8%     -   56s
     0     0 741398.652    0  383 1103641.47 741398.652  32.8%     -   57s
     0     0 741768.556    0  372 1103641.47 741768.556  32.8%     -   58s
     0     0 741931.506    0  367 1103641.47 741931.506  32.8%     -   58s
     0     0 741938.009    0  381 1103641.47 741938.009  32.8%     -   58s
     0     0 741938.012    0  382 1103641.47 741938.012  32.8%     -   58s
     0     0 746428.717    0  368 1103641.47 746428.717  32.4%     -   61s
     0     0 746428.722    0  368 1103641.47 746428.722  32.4%     -   61s
     0     0 746428.726    0  367 1103641.47 746428.726  32.4%     -   61s
H    0     0                    1103332.6584 746429.196  32.3%     -   61s
H    0     0                    1101286.1074 746429.196  32.2%     -   63s
H    0     0                    1098862.0284 746429.196  32.1%     -   63s
H    0     0                    1098407.4871 746429.196  32.0%     -   63s
H    0     0                    1096829.9538 748003.565  31.8%     -   65s
     0     0 748003.565    0  409 1096829.95 748003.565  31.8%     -   65s
     0     0 748246.695    0  429 1096829.95 748246.695  31.8%     -   65s
     0     0 748451.000    0  437 1096829.95 748451.000  31.8%     -   65s
     0     0 748468.298    0  425 1096829.95 748468.298  31.8%     -   65s
     0     0 748468.573    0  434 1096829.95 748468.573  31.8%     -   66s
     0     0 749523.080    0  416 1096829.95 749523.080  31.7%     -   67s
     0     0 749714.636    0  407 1096829.95 749714.636  31.6%     -   68s
     0     0 749723.109    0  403 1096829.95 749723.109  31.6%     -   68s
     0     0 749727.373    0  388 1096829.95 749727.373  31.6%     -   68s
     0     0 751417.107    0  352 1096829.95 751417.107  31.5%     -   70s
H    0     0                    1096513.2713 751417.555  31.5%     -   71s
H    0     0                    1095260.3989 751417.555  31.4%     -   71s
H    0     0                    1094452.4344 751711.162  31.3%     -   72s
     0     0 751711.162    0  405 1094452.43 751711.162  31.3%     -   72s
     0     0 751753.377    0  406 1094452.43 751753.377  31.3%     -   72s
     0     0 751772.877    0  417 1094452.43 751772.877  31.3%     -   73s
     0     0 751774.371    0  417 1094452.43 751774.371  31.3%     -   73s
     0     0 754300.886    0  312 1094452.43 754300.886  31.1%     -   74s
     0     0 754300.886    0  311 1094452.43 754300.886  31.1%     -   74s
     0     0 754533.590    0  297 1094452.43 754533.590  31.1%     -   75s
     0     0 754548.929    0  281 1094452.43 754548.929  31.1%     -   75s
     0     0 755140.083    0  327 1094452.43 755140.083  31.0%     -   77s
H    0     0                    1092954.1771 755144.701  30.9%     -   78s
     0     0 755236.983    0  348 1092954.18 755236.983  30.9%     -   78s
     0     0 755237.001    0  349 1092954.18 755237.001  30.9%     -   78s
     0     0 755278.598    0  402 1092954.18 755278.598  30.9%     -   79s
     0     0 755279.902    0  421 1092954.18 755279.902  30.9%     -   79s
     0     0 756189.113    0  377 1092954.18 756189.113  30.8%     -   80s
     0     0 756356.718    0  390 1092954.18 756356.718  30.8%     -   81s
     0     0 756397.981    0  356 1092954.18 756397.981  30.8%     -   81s
     0     0 756402.187    0  351 1092954.18 756402.187  30.8%     -   81s
     0     0 756699.995    0  401 1092954.18 756699.995  30.8%     -   82s
H    0     0                    1092637.4945 756700.230  30.7%     -   84s
     0     0 756854.470    0  403 1092637.49 756854.470  30.7%     -   84s
     0     0 756883.413    0  343 1092637.49 756883.413  30.7%     -   85s
     0     0 756884.964    0  350 1092637.49 756884.964  30.7%     -   85s
     0     0 757288.467    0  332 1092637.49 757288.467  30.7%     -   86s
     0     0 757362.310    0  343 1092637.49 757362.310  30.7%     -   87s
     0     0 757419.496    0  370 1092637.49 757419.496  30.7%     -   87s
H    0     0                    1086745.9227 757427.784  30.3%     -   88s
     0     0 757427.784    0  366 1086745.92 757427.784  30.3%     -   88s
     0     0 757667.192    0  393 1086745.92 757667.192  30.3%     -   89s
H    0     0                    1086052.5157 757694.453  30.2%     -   89s
     0     0 757794.956    0  463 1086052.52 757794.956  30.2%     -   91s
     0     0 757799.866    0  476 1086052.52 757799.866  30.2%     -   91s
     0     0 758422.436    0  475 1086052.52 758422.436  30.2%     -   93s
     0     0 758593.727    0  465 1086052.52 758593.727  30.2%     -   93s
     0     0 758639.071    0  474 1086052.52 758639.071  30.1%     -   94s
     0     0 758639.569    0  478 1086052.52 758639.569  30.1%     -   94s
     0     0 758980.021    0  465 1086052.52 758980.021  30.1%     -   95s
     0     0 759046.402    0  473 1086052.52 759046.402  30.1%     -  101s
     0     0 759052.534    0  414 1086052.52 759052.534  30.1%     -  101s
     0     0 759997.661    0  494 1086052.52 759997.661  30.0%     -  103s
     0     0 760346.294    0  467 1086052.52 760346.294  30.0%     -  104s
H    0     0                    1085909.7156 760444.058  30.0%     -  105s
H    0     0                    1080376.2949 760444.058  29.6%     -  105s
     0     0 760444.058    0  545 1080376.29 760444.058  29.6%     -  105s
H    0     0                    1080068.3514 760468.966  29.6%     -  105s
     0     0 760468.966    0  589 1080068.35 760468.966  29.6%     -  105s
     0     0 760477.144    0  654 1080068.35 760477.144  29.6%     -  105s
     0     0 760898.242    0  522 1080068.35 760898.242  29.6%     -  107s
     0     0 761009.728    0  535 1080068.35 761009.728  29.5%     -  108s
     0     0 761033.725    0  487 1080068.35 761033.725  29.5%     -  108s
     0     0 761068.611    0  508 1080068.35 761068.611  29.5%     -  109s
     0     0 761081.999    0  481 1080068.35 761081.999  29.5%     -  109s
     0     0 761085.797    0  467 1080068.35 761085.797  29.5%     -  109s
     0     0 761806.179    0  513 1080068.35 761806.179  29.5%     -  111s
H    0     0                    1069949.8245 761913.783  28.8%     -  112s
     0     0 761913.783    0  536 1069949.82 761913.783  28.8%     -  112s
     0     0 761974.484    0  467 1069949.82 761974.484  28.8%     -  113s
     0     0 761985.025    0  459 1069949.82 761985.025  28.8%     -  113s
     0     0 761987.192    0  481 1069949.82 761987.192  28.8%     -  113s
     0     0 762721.959    0  579 1069949.82 762721.959  28.7%     -  115s
     0     0 762907.781    0  578 1069949.82 762907.781  28.7%     -  116s
     0     0 762927.794    0  605 1069949.82 762927.794  28.7%     -  117s
     0     0 762928.136    0  601 1069949.82 762928.136  28.7%     -  117s
     0     0 763642.775    0  589 1069949.82 763642.775  28.6%     -  119s

Cutting planes:
  Learned: 6
  Gomory: 40
  Cover: 119
  Implied bound: 220
  Clique: 99
  MIR: 498
  Knapsack: 1
  StrongCG: 160
  Flow cover: 190
  GUB cover: 30
  Zero half: 6
  RLT: 329
  Relax-and-lift: 79
  BQP: 6

Explored 1 nodes (77148 simplex iterations) in 120.04 seconds (172.94 work units)
Thread count was 24 (of 24 available processors)

Solution count 10: 1.06995e+06 1.06995e+06 1.08007e+06 ... 1.09445e+06

Time limit reached
Best objective 1.069949824471e+06, best bound 7.636950852360e+05, gap 28.6233%
