
Gurobi 13.0.2 (linux64, Python) logging started Fri May  8 03:01:45 2026

Set parameter LogToConsole to value 0
Set parameter Username
Set parameter LicenseID to value 2748191
Set parameter TimeLimit to value 600
Set parameter LogFile to value "output/bz_nbr7008_095/period_1/gurobi.log"
Academic license - for non-commercial use only - expires 2026-12-01
Gurobi Optimizer version 13.0.2 build v13.0.2rc1 (linux64 - "Debian GNU/Linux 13 (trixie)")

CPU model: 13th Gen Intel(R) Core(TM) i7-13700HX, instruction set [SSE2|AVX|AVX2]
Thread count: 24 physical cores, 24 logical processors, using up to 24 threads

Non-default parameters:
TimeLimit  600
LogToConsole  0

Optimize a model with 7979 rows, 5533 columns and 21274 nonzeros (Min)
Model fingerprint: 0x2a5f948c
Model has 2255 linear objective coefficients
Variable types: 4488 continuous, 1045 integer (1045 binary)
Coefficient statistics:
  Matrix range     [1e-02, 1e+04]
  Objective range  [5e+00, 1e+05]
  Bounds range     [1e+00, 1e+00]
  RHS range        [1e-01, 3e+04]

Presolve removed 5874 rows and 4037 columns
Presolve time: 0.06s
Presolved: 2105 rows, 1496 columns, 8525 nonzeros
Variable types: 957 continuous, 539 integer (517 binary)
Found heuristic solution: objective 316634.80912

Root relaxation: objective 3.165462e+03, 810 iterations, 0.01 seconds (0.02 work units)

    Nodes    |    Current Node    |     Objective Bounds      |     Work
 Expl Unexpl |  Obj  Depth IntInf | Incumbent    BestBd   Gap | It/Node Time

     0     0 3165.46155    0   45 316634.809 3165.46155  99.0%     -    0s
H    0     0                    265485.37051 3165.46155  98.8%     -    0s
     0     0 3165.55181    0   40 265485.371 3165.55181  98.8%     -    0s
H    0     0                    206158.33047 3165.55181  98.5%     -    0s
     0     0 3165.55181    0   46 206158.330 3165.55181  98.5%     -    0s
     0     0 3165.70920    0   41 206158.330 3165.70920  98.5%     -    0s
     0     0 3165.70920    0   41 206158.330 3165.70920  98.5%     -    0s
     0     0 3165.70920    0   37 206158.330 3165.70920  98.5%     -    0s
     0     0 3165.92562    0   41 206158.330 3165.92562  98.5%     -    0s
     0     0 3169.53169    0   37 206158.330 3169.53169  98.5%     -    0s
     0     0 3169.58668    0   33 206158.330 3169.58668  98.5%     -    0s
     0     0 3169.61174    0   34 206158.330 3169.61174  98.5%     -    0s
     0     0 3169.67332    0   36 206158.330 3169.67332  98.5%     -    0s
     0     0 3169.68937    0   36 206158.330 3169.68937  98.5%     -    0s
     0     0 3170.74568    0   50 206158.330 3170.74568  98.5%     -    0s
H    0     0                    203235.38664 3170.75206  98.4%     -    0s
     0     0 3171.08623    0   42 203235.387 3171.08623  98.4%     -    0s
H    0     0                    198522.38756 3171.08623  98.4%     -    0s
H    0     0                    170017.08205 3171.08623  98.1%     -    0s
H    0     0                    149806.65709 3171.08623  97.9%     -    0s
H    0     0                    114266.27278 3171.08623  97.2%     -    0s
     0     0 3173.33069    0   30 114266.273 3173.33069  97.2%     -    0s
H    0     0                    112440.70784 3173.37532  97.2%     -    0s
     0     0 3173.37532    0   29 112440.708 3173.37532  97.2%     -    0s
H    0     0                    59160.270759 3173.37532  94.6%     -    0s
     0     0 3177.49281    0   39 59160.2708 3177.49281  94.6%     -    0s
H    0     0                    46863.549022 3177.62219  93.2%     -    0s
H    0     0                    45105.107586 3177.62219  93.0%     -    0s
     0     0 3177.62219    0   43 45105.1076 3177.62219  93.0%     -    0s
     0     0 3180.46500    0   46 45105.1076 3180.46500  92.9%     -    0s
     0     0 3180.63938    0   45 45105.1076 3180.63938  92.9%     -    0s
H    0     0                    43124.974445 3252.42334  92.5%     -    0s
H    0     0                    40185.276270 3252.42334  91.9%     -    0s
     0     0 3252.42334    0   55 40185.2763 3252.42334  91.9%     -    0s
     0     0 3586.84365    0   54 40185.2763 3586.84365  91.1%     -    0s
     0     0 3586.84365    0   55 40185.2763 3586.84365  91.1%     -    0s
     0     0 4456.17602    0   59 40185.2763 4456.17602  88.9%     -    0s
     0     0 4712.32442    0   54 40185.2763 4712.32442  88.3%     -    0s
     0     0 4712.92480    0   58 40185.2763 4712.92480  88.3%     -    0s
     0     0 4712.92480    0   59 40185.2763 4712.92480  88.3%     -    0s
     0     0 8474.91561    0   44 40185.2763 8474.91561  78.9%     -    0s
     0     0 8474.91561    0   43 40185.2763 8474.91561  78.9%     -    0s
     0     0 8474.91561    0   46 40185.2763 8474.91561  78.9%     -    0s
     0     0 8474.91561    0   52 40185.2763 8474.91561  78.9%     -    0s
     0     0 8479.20297    0   48 40185.2763 8479.20297  78.9%     -    0s
     0     0 8479.20297    0   48 40185.2763 8479.20297  78.9%     -    0s
     0     0 8479.20297    0   44 40185.2763 8479.20297  78.9%     -    0s
     0     0 8479.20297    0   44 40185.2763 8479.20297  78.9%     -    0s
     0     0 8479.20297    0   44 40185.2763 8479.20297  78.9%     -    0s
     0     2 8479.20297    0   42 40185.2763 8479.20297  78.9%     -    0s
H  154   147                    34347.353575 8479.20297  75.3%  28.7    0s
H 2751  1421                    33629.933328 8479.20297  74.8%  34.1    2s
H 3843  1849                    33252.739687 8533.57338  74.3%  33.8    3s
H 3866  1770                    33180.862351 9614.70814  71.0%  33.6    3s
H 3866  1681                    30662.882363 9614.70814  68.6%  33.6    3s
H 3908  1622                    30076.454555 9821.22431  67.3%  33.3    4s
H 3908  1540                    29932.632768 9821.22431  67.2%  33.3    4s
H 3908  1461                    29857.675965 9821.22431  67.1%  33.3    4s
  3910  1463 29857.6760   20  162 29857.6760 9831.13711  67.1%  33.3    5s
H 3980  1431                    28910.835249 10551.2223  63.5%  32.7    6s
H 3980  1357                    28710.527646 10551.2223  63.2%  32.7    6s
  4094  1433 28662.3867   22  147 28710.5276 11699.7205  59.2%  31.8   10s
  4190  1497 28710.5276   23  174 28710.5276 12225.2697  57.4%  31.0   15s
  4318  1583 28710.5276   20  161 28710.5276 12594.5648  56.1%  30.1   20s
H 4341  1510                    27512.590088 12633.9680  54.1%  30.0   20s
  4450  1584 27512.5901   22  141 27512.5901 13257.2282  51.8%  36.5   25s
H 4495  1530                    26369.477860 13427.9570  49.1%  36.1   25s
H 4495  1451                    25854.486030 13427.9570  48.1%  36.1   25s
H 4607  1450                    25346.362437 13823.9360  45.5%  38.2   29s
H 4607  1376                    24831.370607 13823.9360  44.3%  38.2   29s
  4611  1378 24831.3706   19  140 24831.3706 13825.6195  44.3%  38.1   30s
  4729  1459 24831.3706   17  139 24831.3706 14223.9212  42.7%  38.7   35s
  5470  1723 14429.6494   63   83 24831.3706 14283.4833  42.5%  41.5   40s
  8330  1560 16033.8964   68   90 24831.3706 14620.3494  41.1%  57.9   45s
*16683  2236              76    24687.876598 17975.2218  27.2%  66.3   48s
H18439  2255                    24550.995738 18859.3254  23.2%  65.8   49s
 21266  2254 22499.6231   71   22 24550.9957 19920.9552  18.9%  65.8   50s
 33313   675 23376.5339   73   16 24550.9957 23224.1589  5.40%  70.7   55s

Cutting planes:
  Learned: 3
  Gomory: 8
  Lift-and-project: 6
  Cover: 61
  Implied bound: 14
  Projected implied bound: 10
  Clique: 4
  MIR: 571
  StrongCG: 16
  Flow cover: 103
  GUB cover: 20
  Inf proof: 6
  Zero half: 12
  Network: 7
  RLT: 52
  Relax-and-lift: 35
  BQP: 2

Explored 36200 nodes (2656503 simplex iterations) in 55.84 seconds (46.75 work units)
Thread count was 24 (of 24 available processors)

Solution count 10: 24551 24687.9 24831.4 ... 29857.7

Optimal solution found (tolerance 1.00e-04)
Best objective 2.455099573787e+04, best bound 2.455099573787e+04, gap 0.0000%
