
Gurobi 13.0.2 (linux64, Python) logging started Thu May 28 10:53:36 2026

Set parameter LogToConsole to value 0
Set parameter Username
Set parameter LicenseID to value 2748191
Set parameter TimeLimit to value 600
Set parameter LogFile to value "output/bz_nbr7008_043/period_3/gurobi.log"
Academic license - for non-commercial use only - expires 2026-12-01
Gurobi Optimizer version 13.0.2 build v13.0.2rc1 (linux64 - "Debian GNU/Linux 13 (trixie)")

CPU model: 13th Gen Intel(R) Core(TM) i7-13700HX, instruction set [SSE2|AVX|AVX2]
Thread count: 24 physical cores, 24 logical processors, using up to 24 threads

Non-default parameters:
TimeLimit  600
LogToConsole  0

Optimize a model with 203405 rows, 136073 columns and 712718 nonzeros (Min)
Model fingerprint: 0x6740878e
Model has 54420 linear objective coefficients and an objective constant of 2.0111318975999998e+05
Variable types: 112136 continuous, 23937 integer (23937 binary)
Coefficient statistics:
  Matrix range     [3e-03, 1e+04]
  Objective range  [2e+01, 3e+05]
  Bounds range     [1e+00, 1e+00]
  RHS range        [1e-01, 4e+04]

Presolve removed 121171 rows and 84084 columns
Presolve time: 3.43s
Presolved: 82234 rows, 51989 columns, 824476 nonzeros
Variable types: 33958 continuous, 18031 integer (17984 binary)
Deterministic concurrent LP optimizer: primal simplex, dual simplex, and barrier
Showing barrier log only...

Root barrier log...

Ordering time: 0.42s

Barrier statistics:
 Dense cols : 25
 AA' NZ     : 7.240e+06
 Factor NZ  : 1.233e+07 (roughly 140 MB of memory)
 Factor Ops : 3.507e+09 (less than 1 second per iteration)
 Threads    : 21

                  Objective                Residual
Iter       Primal          Dual         Primal    Dual     Compl     Time
   0  -3.19749155e+09 -1.27614251e+10  2.81e+06 1.47e+02  3.48e+06     5s
   1  -1.78237598e+09 -1.15859537e+10  1.83e+06 3.13e+02  1.98e+06     5s
   2  -8.11657152e+08 -9.95987808e+09  7.49e+05 7.67e+01  8.16e+05     5s
   3  -1.98269320e+08 -5.71504781e+09  1.88e+05 1.82e+00  2.15e+05     5s
   4  -6.93019438e+06 -1.48185875e+09  1.96e+04 8.00e-11  2.63e+04     5s
   5   1.01937780e+07 -6.57073179e+08  5.82e+03 6.18e-11  8.83e+03     5s
   6   1.29534866e+07 -3.49819857e+08  3.57e+03 9.96e-11  4.66e+03     5s
   7   1.58928542e+07 -9.97664100e+07  1.15e+03 5.41e-11  1.29e+03     5s
   8   1.60110264e+07 -5.08121407e+07  6.46e+02 2.64e-11  6.89e+02     5s
   9   1.48846566e+07 -3.03012997e+07  4.40e+02 2.73e-11  4.47e+02     6s
  10   1.28776700e+07 -2.07996682e+07  2.47e+02 1.68e-11  3.01e+02     6s
  11   1.03394894e+07 -1.38329496e+07  1.22e+02 1.18e-11  1.99e+02     6s
  12   6.93785364e+06 -1.01443299e+07  7.84e+01 9.89e-12  1.38e+02     6s
  13   4.15289534e+06 -5.58111924e+06  4.11e+01 1.63e-11  7.77e+01     6s
  14   2.71406713e+06 -2.17346898e+06  2.26e+01 1.23e-11  3.95e+01     6s
  15   1.98058328e+06 -1.56967386e+06  1.35e+01 1.49e-11  2.81e+01     6s
  16   1.57492942e+06 -1.02775346e+06  7.81e+00 1.56e-11  2.02e+01     6s
  17   1.47485759e+06 -2.95228605e+05  6.60e+00 2.51e-11  1.42e+01     6s
  18   1.37013553e+06 -1.31515652e+05  5.45e+00 2.84e-11  1.20e+01     6s
  19   1.21190309e+06  4.27405186e+05  3.66e+00 2.26e-11  6.50e+00     6s
  20   1.19889815e+06  6.36853741e+05  3.43e+00 1.81e-11  4.87e+00     6s
  21   1.01405477e+06  7.68503431e+05  1.18e+00 1.97e-11  2.02e+00     6s
  22   9.60490180e+05  8.43116870e+05  5.56e-01 2.25e-11  9.51e-01     6s
  23   9.32332284e+05  8.58344561e+05  2.42e-01 1.48e-11  5.71e-01     6s
  24   9.29393657e+05  8.68166250e+05  2.18e-01 1.54e-11  4.75e-01     6s
  25   9.24466697e+05  8.89949143e+05  1.73e-01 1.38e-11  2.76e-01     6s
  26   9.12816680e+05  8.97299454e+05  5.87e-02 1.39e-11  1.20e-01     7s
  27   9.07686696e+05  9.01327630e+05  2.11e-02 1.20e-11  4.84e-02     7s
  28   9.05980044e+05  9.02352241e+05  1.15e-02 1.36e-11  2.75e-02     7s
  29   9.05313053e+05  9.02905480e+05  7.85e-03 1.49e-11  1.83e-02     7s
  30   9.05009377e+05  9.03084909e+05  6.29e-03 1.22e-11  1.46e-02     7s
  31   9.04673076e+05  9.03380865e+05  4.56e-03 1.25e-11  9.88e-03     7s
  32   9.04296656e+05  9.03641015e+05  2.63e-03 1.35e-11  5.07e-03     7s
  33   9.04081240e+05  9.03672203e+05  1.62e-03 1.41e-11  3.16e-03     7s
  34   9.03971862e+05  9.03706129e+05  1.07e-03 1.49e-11  2.06e-03     7s
  35   9.03816392e+05  9.03720710e+05  3.66e-04 1.53e-11  7.38e-04     7s
  36   9.03810303e+05  9.03724355e+05  3.33e-04 1.51e-11  6.63e-04     7s
  37   9.03744414e+05  9.03729279e+05  5.13e-05 1.77e-11  1.15e-04     7s
  38   9.03739898e+05  9.03731027e+05  3.32e-05 1.60e-11  6.83e-05     7s
  39   9.03735921e+05  9.03731225e+05  1.64e-05 1.42e-11  3.59e-05     7s
  40   9.03734228e+05  9.03731467e+05  9.52e-06 1.16e-11  2.11e-05     7s
  41   9.03732782e+05  9.03731675e+05  3.77e-06 1.72e-11  8.47e-06     7s
  42   9.03732095e+05  9.03731696e+05  1.78e-06 1.10e-11  3.05e-06     8s
  43   9.03731723e+05  9.03731707e+05  1.78e-06 1.63e-11  1.19e-07     8s
  44   9.03731707e+05  9.03731707e+05  8.48e-09 2.68e-11  7.23e-12     8s

Barrier solved model in 44 iterations and 7.71 seconds (14.22 work units)
Optimal objective 9.03731707e+05


Root crossover log...

   49866 DPushes remaining with DInf 1.8668959e-01                 8s
       0 DPushes remaining with DInf 2.7596976e-03                 8s

      39 PPushes remaining with PInf 1.8868580e-05                 8s
       0 PPushes remaining with PInf 0.0000000e+00                 8s

  Push phase complete: Pinf 0.0000000e+00, Dinf 2.4556270e+00      8s


Root simplex log...

Iteration    Objective       Primal Inf.    Dual Inf.      Time
   32870    9.0373171e+05   0.000000e+00   2.455627e+00      8s
   32882    9.0373171e+05   0.000000e+00   0.000000e+00      8s
Crossover time: 0.42 seconds (0.61 work units)
Concurrent spin time: 0.21s

Solved with barrier
   32884    9.0373171e+05   0.000000e+00   0.000000e+00      8s

Extra simplex iterations after uncrush: 2

Root relaxation: objective 9.037317e+05, 32884 iterations, 4.70 seconds (7.14 work units)

    Nodes    |    Current Node    |     Objective Bounds      |     Work
 Expl Unexpl |  Obj  Depth IntInf | Incumbent    BestBd   Gap | It/Node Time

     0     0 903731.707    0  274          - 903731.707      -     -    8s
     0     0 903748.941    0  268          - 903748.941      -     -    9s
     0     0 903749.883    0  268          - 903749.883      -     -    9s
H    0     0                    2352185.4943 903749.883  61.6%     -   10s
H    0     0                    2313290.3181 903749.883  60.9%     -   10s
H    0     0                    2235039.8334 903749.883  59.6%     -   10s
H    0     0                    2231691.7276 903749.883  59.5%     -   10s
H    0     0                    2231020.4339 903749.883  59.5%     -   10s
H    0     0                    2221070.1118 903749.883  59.3%     -   11s
H    0     0                    2221062.1960 903749.883  59.3%     -   11s
H    0     0                    2183753.5402 903749.883  58.6%     -   12s
H    0     0                    2176152.6965 903749.883  58.5%     -   13s
H    0     0                    2154302.0326 903749.883  58.0%     -   14s
H    0     0                    2132931.4418 903749.883  57.6%     -   16s
H    0     0                    2120920.2560 903749.883  57.4%     -   16s
H    0     0                    2109252.8858 903749.883  57.2%     -   17s
H    0     0                    2087846.4935 903749.883  56.7%     -   17s
H    0     0                    2087666.5784 903749.883  56.7%     -   17s
H    0     0                    2086967.2993 903749.883  56.7%     -   17s
H    0     0                    2082071.8706 903749.883  56.6%     -   17s
H    0     0                    2074100.3969 903749.883  56.4%     -   18s
H    0     0                    2047578.1244 903749.883  55.9%     -   18s
H    0     0                    2042981.6489 903749.883  55.8%     -   18s
     0     0 906742.377    0  249 2042981.65 906742.377  55.6%     -   20s
H    0     0                    2042971.5664 906742.377  55.6%     -   20s
H    0     0                    2021527.0697 906742.377  55.1%     -   20s
H    0     0                    1999854.2439 906742.377  54.7%     -   20s
H    0     0                    1994150.0475 906742.377  54.5%     -   20s
H    0     0                    1986942.4762 906742.377  54.4%     -   21s
H    0     0                    1983141.8233 906742.377  54.3%     -   21s
H    0     0                    1941105.1606 906742.377  53.3%     -   21s
H    0     0                    1941020.7210 906742.377  53.3%     -   21s
H    0     0                    1820440.9304 906742.377  50.2%     -   21s
H    0     0                    1794813.7123 906742.377  49.5%     -   22s
H    0     0                    1788948.0436 906742.377  49.3%     -   22s
H    0     0                    1788142.4946 906742.377  49.3%     -   23s
H    0     0                    1739576.5716 906742.377  47.9%     -   23s
     0     0 906742.377    0  277 1739576.57 906742.377  47.9%     -   23s
H    0     0                    1727670.3257 908924.340  47.4%     -   23s
H    0     0                    1689178.4097 908924.340  46.2%     -   23s
     0     0 908924.340    0  247 1689178.41 908924.340  46.2%     -   23s
     0     0 908938.848    0  233 1689178.41 908938.848  46.2%     -   24s
H    0     0                    1684474.6059 908938.849  46.0%     -   24s
     0     0 908938.849    0  236 1684474.61 908938.849  46.0%     -   24s
H    0     0                    1681910.0259 908938.849  46.0%     -   25s
     0     0 909496.519    0  276 1681910.03 909496.519  45.9%     -   25s
H    0     0                    1660568.8295 909501.262  45.2%     -   26s
H    0     0                    1642674.3767 909501.262  44.6%     -   26s
     0     0 909501.262    0  280 1642674.38 909501.262  44.6%     -   26s
H    0     0                    1632676.1105 909501.262  44.3%     -   27s
H    0     0                    1630234.0716 909501.262  44.2%     -   27s
H    0     0                    1629115.4122 909501.262  44.2%     -   27s
H    0     0                    1628304.5903 909501.262  44.1%     -   27s
H    0     0                    1623848.9853 909501.262  44.0%     -   27s
H    0     0                    1604512.1088 909501.262  43.3%     -   27s
H    0     0                    1603200.2085 909501.262  43.3%     -   27s
     0     0 922048.083    0  461 1603200.21 922048.083  42.5%     -   32s
     0     0 922049.082    0  455 1603200.21 922049.082  42.5%     -   32s
H    0     0                    1600279.3763 922053.901  42.4%     -   33s
H    0     0                    1562649.8832 922053.901  41.0%     -   33s
H    0     0                    1560749.2181 922053.901  40.9%     -   33s
H    0     0                    1543775.9523 922053.901  40.3%     -   33s
H    0     0                    1540031.7820 922053.901  40.1%     -   33s
H    0     0                    1528318.5825 922053.901  39.7%     -   33s
H    0     0                    1499266.6679 922053.901  38.5%     -   33s
H    0     0                    1498991.9013 922053.901  38.5%     -   33s
     0     0 922354.040    0  437 1498991.90 922354.040  38.5%     -   34s
     0     0 922729.029    0  445 1498991.90 922729.029  38.4%     -   35s
     0     0 922798.521    0  444 1498991.90 922798.521  38.4%     -   35s
     0     0 922798.629    0  449 1498991.90 922798.629  38.4%     -   35s
     0     0 932155.069    0  380 1498991.90 932155.069  37.8%     -   41s
     0     0 935034.946    0  386 1498991.90 935034.946  37.6%     -   42s
     0     0 935036.069    0  386 1498991.90 935036.069  37.6%     -   42s
     0     0 935036.685    0  386 1498991.90 935036.685  37.6%     -   42s
     0     0 935113.558    0  363 1498991.90 935113.558  37.6%     -   42s
     0     0 935136.157    0  345 1498991.90 935136.157  37.6%     -   43s
     0     0 935151.502    0  392 1498991.90 935151.502  37.6%     -   43s
     0     0 935154.690    0  389 1498991.90 935154.690  37.6%     -   43s
H    0     0                    1479181.8117 937918.437  36.6%     -   46s
H    0     0                    1426103.7139 937918.437  34.2%     -   46s
H    0     0                    1407723.6463 937918.437  33.4%     -   46s
H    0     0                    1376393.3790 937918.437  31.9%     -   46s
     0     0 937918.437    0  425 1376393.38 937918.437  31.9%     -   46s
H    0     0                    1374291.6823 937958.287  31.7%     -   47s
H    0     0                    1372641.8664 937958.287  31.7%     -   47s
H    0     0                    1350093.7662 937958.287  30.5%     -   47s
     0     0 938561.403    0  419 1350093.77 938561.403  30.5%     -   48s
     0     0 938561.403    0  419 1350093.77 938561.403  30.5%     -   49s
     0     0 938683.158    0  412 1350093.77 938683.158  30.5%     -   49s
     0     0 938703.181    0  426 1350093.77 938703.181  30.5%     -   49s
     0     0 938703.181    0  427 1350093.77 938703.181  30.5%     -   49s
     0     0 938710.653    0  425 1350093.77 938710.653  30.5%     -   49s
H    0     0                    1348157.5070 938710.653  30.4%     -   50s
H    0     0                    1344249.1372 938710.653  30.2%     -   50s
H    0     0                    1343177.4440 938710.653  30.1%     -   50s
H    0     0                    1342987.7462 938710.653  30.1%     -   50s
H    0     0                    1341772.5278 942463.481  29.8%     -   53s
     0     0 942466.296    0  376 1341772.53 942466.296  29.8%     -   53s
     0     0 942466.296    0  375 1341772.53 942466.296  29.8%     -   53s
     0     0 942943.268    0  433 1341772.53 942943.268  29.7%     -   54s
     0     0 942974.037    0  413 1341772.53 942974.037  29.7%     -   54s
     0     0 943010.292    0  411 1341772.53 943010.292  29.7%     -   54s
     0     0 943015.219    0  413 1341772.53 943015.219  29.7%     -   54s
     0     0 945483.109    0  471 1341772.53 945483.109  29.5%     -   56s
     0     0 945483.109    0  471 1341772.53 945483.109  29.5%     -   56s
H    0     0                    1340866.7403 945487.672  29.5%     -   57s
H    0     0                    1339528.4230 945487.672  29.4%     -   57s
H    0     0                    1338244.2865 945487.672  29.3%     -   57s
H    0     0                    1318011.3813 945487.672  28.3%     -   57s
H    0     0                    1317657.4230 945487.672  28.2%     -   58s
     0     0 945920.521    0  446 1317657.42 945920.521  28.2%     -   58s
     0     0 945920.521    0  444 1317657.42 945920.521  28.2%     -   58s
     0     0 945927.662    0  417 1317657.42 945927.662  28.2%     -   58s
     0     0 952058.048    0  455 1317657.42 952058.048  27.7%     -   61s
     0     0 953407.631    0  409 1317657.42 953407.631  27.6%     -   62s
     0     0 953519.543    0  426 1317657.42 953519.543  27.6%     -   62s
     0     0 953525.827    0  427 1317657.42 953525.827  27.6%     -   63s
     0     0 961825.031    0  421 1317657.42 961825.031  27.0%     -   65s
H    0     0                    1317225.2126 961935.744  27.0%     -   66s
H    0     0                    1289883.3565 961935.744  25.4%     -   67s
H    0     0                    1287752.1004 961935.744  25.3%     -   68s
     0     0 962564.508    0  341 1287752.10 962564.508  25.3%     -   73s
     0     0 962693.566    0  377 1287752.10 962693.566  25.2%     -   73s
     0     0 962790.664    0  389 1287752.10 962790.664  25.2%     -   73s
     0     0 962790.950    0  385 1287752.10 962790.950  25.2%     -   74s
     0     0 966748.008    0  491 1287752.10 966748.008  24.9%     -   75s
     0     0 967347.278    0  406 1287752.10 967347.278  24.9%     -   76s
     0     0 967347.679    0  406 1287752.10 967347.679  24.9%     -   76s
     0     0 967590.542    0  461 1287752.10 967590.542  24.9%     -   76s
     0     0 967590.577    0  463 1287752.10 967590.577  24.9%     -   76s
     0     0 967737.178    0  479 1287752.10 967737.178  24.9%     -   77s
     0     0 967748.165    0  497 1287752.10 967748.165  24.8%     -   77s
     0     0 970932.240    0  390 1287752.10 970932.240  24.6%     -   78s
     0     0 970932.240    0  389 1287752.10 970932.240  24.6%     -   79s
     0     0 971337.013    0  421 1287752.10 971337.013  24.6%     -   79s
     0     0 971355.751    0  378 1287752.10 971355.751  24.6%     -   79s
     0     0 971356.304    0  379 1287752.10 971356.304  24.6%     -   79s
     0     0 973525.771    0  463 1287752.10 973525.771  24.4%     -   81s
     0     0 974442.125    0  443 1287752.10 974442.125  24.3%     -   83s
     0     0 974710.658    0  483 1287752.10 974710.658  24.3%     -   83s
     0     0 974727.015    0  485 1287752.10 974727.015  24.3%     -   84s
     0     0 974728.525    0  504 1287752.10 974728.525  24.3%     -   84s
     0     0 976968.094    0  459 1287752.10 976968.094  24.1%     -   86s
H    0     0                    1287520.6255 976997.475  24.1%     -   87s
H    0     0                    1281198.9287 976997.475  23.7%     -   87s
     0     0 977177.005    0  533 1281198.93 977177.005  23.7%     -   88s
     0     0 977224.698    0  548 1281198.93 977224.698  23.7%     -   89s
     0     0 977247.579    0  514 1281198.93 977247.579  23.7%     -   89s
     0     0 977250.763    0  525 1281198.93 977250.763  23.7%     -   89s
     0     0 979354.885    0  475 1281198.93 979354.885  23.6%     -   91s
     0     0 979931.138    0  573 1281198.93 979931.138  23.5%     -   93s
     0     0 980055.083    0  513 1281198.93 980055.083  23.5%     -   93s
     0     0 980187.345    0  581 1281198.93 980187.345  23.5%     -   94s
     0     0 980192.258    0  587 1281198.93 980192.258  23.5%     -   94s
     0     0 981577.667    0  613 1281198.93 981577.667  23.4%     -   96s
     0     0 981848.890    0  544 1281198.93 981848.890  23.4%     -  100s
     0     0 982009.914    0  598 1281198.93 982009.914  23.4%     -  101s
     0     0 982023.680    0  571 1281198.93 982023.680  23.4%     -  101s
     0     0 982960.426    0  578 1281198.93 982960.426  23.3%     -  103s
     0     0 982960.496    0  578 1281198.93 982960.496  23.3%     -  103s
     0     0 982960.522    0  577 1281198.93 982960.522  23.3%     -  103s
     0     0 983360.107    0  575 1281198.93 983360.107  23.2%     -  104s
     0     0 983451.989    0  617 1281198.93 983451.989  23.2%     -  104s
     0     0 983472.287    0  598 1281198.93 983472.287  23.2%     -  105s
     0     0 983475.221    0  650 1281198.93 983475.221  23.2%     -  105s
     0     0 987591.827    0  572 1281198.93 987591.827  22.9%     -  109s
     0     0 988040.689    0  497 1281198.93 988040.689  22.9%     -  112s
     0     0 988114.330    0  534 1281198.93 988114.330  22.9%     -  112s
     0     0 988120.752    0  538 1281198.93 988120.752  22.9%     -  112s
     0     0 992500.247    0  556 1281198.93 992500.247  22.5%     -  115s
     0     0 992903.453    0  526 1281198.93 992903.453  22.5%     -  116s
     0     0 993339.648    0  622 1281198.93 993339.648  22.5%     -  117s
     0     0 993757.334    0  584 1281198.93 993757.334  22.4%     -  119s
     0     0 993767.403    0  580 1281198.93 993767.403  22.4%     -  119s
     0     0 996240.384    0  472 1281198.93 996240.384  22.2%     -  122s
     0     0 997400.609    0  543 1281198.93 997400.609  22.2%     -  128s
     0     0 997596.475    0  556 1281198.93 997596.475  22.1%     -  129s
     0     0 997752.315    0  552 1281198.93 997752.315  22.1%     -  130s
     0     0 997957.239    0  625 1281198.93 997957.239  22.1%     -  132s
     0     0 998005.355    0  597 1281198.93 998005.355  22.1%     -  132s
     0     0 998012.544    0  592 1281198.93 998012.544  22.1%     -  132s
     0     0 1001274.55    0  509 1281198.93 1001274.55  21.8%     -  136s
     0     0 1001553.41    0  506 1281198.93 1001553.41  21.8%     -  138s
     0     0 1001722.90    0  525 1281198.93 1001722.90  21.8%     -  139s
     0     0 1001729.60    0  513 1281198.93 1001729.60  21.8%     -  139s
     0     0 1004970.09    0  503 1281198.93 1004970.09  21.6%     -  142s
     0     0 1004978.20    0  511 1281198.93 1004978.20  21.6%     -  143s
H    0     0                    1273825.6296 1004985.40  21.1%     -  144s
     0     0 1006447.17    0  500 1273825.63 1006447.17  21.0%     -  147s
     0     0 1007091.30    0  570 1273825.63 1007091.30  20.9%     -  148s
     0     0 1007107.68    0  584 1273825.63 1007107.68  20.9%     -  149s
     0     0 1009932.05    0  533 1273825.63 1009932.05  20.7%     -  152s
     0     0 1009932.05    0  532 1273825.63 1009932.05  20.7%     -  152s
H    0     0                    1273758.1432 1009932.33  20.7%     -  153s
     0     0 1010869.42    0  518 1273758.14 1010869.42  20.6%     -  155s
     0     0 1011088.67    0  594 1273758.14 1011088.67  20.6%     -  155s
     0     0 1011166.00    0  552 1273758.14 1011166.00  20.6%     -  156s
     0     0 1011166.67    0  555 1273758.14 1011166.67  20.6%     -  156s
     0     0 1011166.83    0  554 1273758.14 1011166.83  20.6%     -  156s
     0     0 1011196.72    0  521 1273758.14 1011196.72  20.6%     -  157s
     0     0 1011213.51    0  562 1273758.14 1011213.51  20.6%     -  157s
     0     0 1014200.51    0  544 1273758.14 1014200.51  20.4%     -  160s
     0     0 1015546.03    0  540 1273758.14 1015546.03  20.3%     -  163s
     0     0 1015546.08    0  538 1273758.14 1015546.08  20.3%     -  163s
     0     0 1016007.15    0  539 1273758.14 1016007.15  20.2%     -  164s
     0     0 1016066.07    0  591 1273758.14 1016066.07  20.2%     -  165s
     0     0 1016086.99    0  571 1273758.14 1016086.99  20.2%     -  166s
     0     0 1018309.98    0  540 1273758.14 1018309.98  20.1%     -  169s
     0     0 1018310.59    0  539 1273758.14 1018310.59  20.1%     -  169s
     0     0 1018312.11    0  537 1273758.14 1018312.11  20.1%     -  169s
     0     0 1019320.85    0  661 1273758.14 1019320.85  20.0%     -  199s
     0     0 1019453.64    0  632 1273758.14 1019453.64  20.0%     -  200s
     0     0 1019492.16    0  625 1273758.14 1019492.16  20.0%     -  201s
     0     0 1019501.67    0  629 1273758.14 1019501.67  20.0%     -  201s
     0     0 1021179.62    0  627 1273758.14 1021179.62  19.8%     -  203s
     0     0 1021179.78    0  628 1273758.14 1021179.78  19.8%     -  203s
     0     0 1021629.51    0  610 1273758.14 1021629.51  19.8%     -  206s
     0     0 1021629.56    0  607 1273758.14 1021629.56  19.8%     -  206s
     0     0 1021630.45    0  609 1273758.14 1021630.45  19.8%     -  206s
     0     0 1021631.09    0  608 1273758.14 1021631.09  19.8%     -  206s
     0     0 1021631.15    0  608 1273758.14 1021631.15  19.8%     -  207s
     0     0 1021631.62    0  608 1273758.14 1021631.62  19.8%     -  207s
     0     0 1021632.46    0  590 1273758.14 1021632.46  19.8%     -  207s
     0     0 1021679.52    0  664 1273758.14 1021679.52  19.8%     -  208s
     0     0 1021679.55    0  653 1273758.14 1021679.55  19.8%     -  208s
     0     0 1021723.51    0  603 1273758.14 1021723.51  19.8%     -  208s
     0     0 1021730.77    0  614 1273758.14 1021730.77  19.8%     -  209s
     0     0 1022615.14    0  551 1273758.14 1022615.14  19.7%     -  212s
     0     0 1022749.48    0  572 1273758.14 1022749.48  19.7%     -  214s
     0     0 1022787.86    0  536 1273758.14 1022787.86  19.7%     -  214s
     0     0 1022801.31    0  561 1273758.14 1022801.31  19.7%     -  215s
     0     0 1023420.66    0  576 1273758.14 1023420.66  19.7%     -  217s
     0     0 1023499.88    0  576 1273758.14 1023499.88  19.6%     -  219s
     0     0 1023559.89    0  521 1273758.14 1023559.89  19.6%     -  219s
     0     0 1023570.17    0  582 1273758.14 1023570.17  19.6%     -  220s
     0     0 1024623.34    0  499 1273758.14 1024623.34  19.6%     -  225s
     0     0 1025194.27    0  501 1273758.14 1025194.27  19.5%     -  228s
     0     0 1025194.28    0  501 1273758.14 1025194.28  19.5%     -  228s
     0     0 1025194.48    0  477 1273758.14 1025194.48  19.5%     -  228s
     0     0 1025370.39    0  562 1273758.14 1025370.39  19.5%     -  229s
     0     0 1025406.35    0  560 1273758.14 1025406.35  19.5%     -  230s
     0     0 1025498.72    0  629 1273758.14 1025498.72  19.5%     -  231s
     0     0 1025534.50    0  592 1273758.14 1025534.50  19.5%     -  232s
     0     0 1025553.51    0  589 1273758.14 1025553.51  19.5%     -  233s
     0     0 1027139.26    0  446 1273758.14 1027139.26  19.4%     -  236s
     0     0 1027403.37    0  498 1273758.14 1027403.37  19.3%     -  241s
     0     0 1027492.78    0  468 1273758.14 1027492.78  19.3%     -  242s
     0     0 1027525.58    0  558 1273758.14 1027525.58  19.3%     -  243s
     0     0 1027534.90    0  547 1273758.14 1027534.90  19.3%     -  243s
     0     0 1028472.79    0  521 1273758.14 1028472.79  19.3%     -  246s
     0     0 1029067.81    0  581 1273758.14 1029067.81  19.2%     -  249s
     0     0 1029333.55    0  570 1273758.14 1029333.55  19.2%     -  252s
     0     0 1029489.57    0  528 1273758.14 1029489.57  19.2%     -  253s
     0     0 1029489.57    0  529 1273758.14 1029489.57  19.2%     -  253s
     0     0 1029580.83    0  541 1273758.14 1029580.83  19.2%     -  254s
     0     0 1029613.60    0  578 1273758.14 1029613.60  19.2%     -  254s
     0     0 1029659.48    0  539 1273758.14 1029659.48  19.2%     -  255s
     0     0 1029668.43    0  526 1273758.14 1029668.43  19.2%     -  255s
     0     0 1031021.61    0  539 1273758.14 1031021.61  19.1%     -  258s
     0     0 1031348.21    0  529 1273758.14 1031348.21  19.0%     -  260s
     0     0 1031595.83    0  534 1273758.14 1031595.83  19.0%     -  261s
     0     0 1031614.74    0  520 1273758.14 1031614.74  19.0%     -  262s
     0     0 1032501.30    0  560 1273758.14 1032501.30  18.9%     -  264s
     0     0 1032724.40    0  510 1273758.14 1032724.40  18.9%     -  266s
     0     0 1032880.28    0  528 1273758.14 1032880.28  18.9%     -  267s
     0     0 1032979.35    0  543 1273758.14 1032979.35  18.9%     -  268s
     0     0 1033016.48    0  509 1273758.14 1033016.48  18.9%     -  268s
     0     0 1033077.76    0  561 1273758.14 1033077.76  18.9%     -  269s
     0     0 1033079.65    0  611 1273758.14 1033079.65  18.9%     -  270s
     0     0 1033277.06    0  488 1273758.14 1033277.06  18.9%     -  272s
     0     0 1033573.86    0  507 1273758.14 1033573.86  18.9%     -  272s
     0     0 1033605.43    0  557 1273758.14 1033605.43  18.9%     -  273s
     0     0 1033651.27    0  581 1273758.14 1033651.27  18.9%     -  274s
     0     0 1033651.31    0  581 1273758.14 1033651.31  18.9%     -  274s
H    0     0                    1273613.7067 1033658.39  18.8%     -  274s
H    0     0                    1273166.1934 1033658.39  18.8%     -  274s
H    0     0                    1273013.1439 1033658.39  18.8%     -  274s
     0     0 1033658.39    0  548 1273013.14 1033658.39  18.8%     -  274s
     0     0 1034000.19    0  532 1273013.14 1034000.19  18.8%     -  276s
     0     0 1034070.75    0  497 1273013.14 1034070.75  18.8%     -  277s
     0     0 1034070.99    0  495 1273013.14 1034070.99  18.8%     -  277s
     0     0 1034117.60    0  529 1273013.14 1034117.60  18.8%     -  278s
     0     0 1034122.96    0  526 1273013.14 1034122.96  18.8%     -  278s
     0     0 1034639.29    0  479 1273013.14 1034639.29  18.7%     -  280s
     0     0 1034711.72    0  522 1273013.14 1034711.72  18.7%     -  281s
     0     0 1034753.47    0  519 1273013.14 1034753.47  18.7%     -  282s
     0     0 1034769.00    0  533 1273013.14 1034769.00  18.7%     -  282s
     0     0 1035223.43    0  547 1273013.14 1035223.43  18.7%     -  285s
     0     0 1035385.01    0  559 1273013.14 1035385.01  18.7%     -  286s
     0     0 1035632.17    0  562 1273013.14 1035632.17  18.6%     -  288s
     0     0 1035658.24    0  566 1273013.14 1035658.24  18.6%     -  289s
     0     0 1036055.39    0  594 1273013.14 1036055.39  18.6%     -  291s
     0     0 1036377.28    0  593 1273013.14 1036377.28  18.6%     -  293s
     0     0 1036429.07    0  610 1273013.14 1036429.07  18.6%     -  294s
     0     0 1036468.48    0  564 1273013.14 1036468.48  18.6%     -  294s
     0     0 1036490.24    0  594 1273013.14 1036490.24  18.6%     -  295s
H    0     0                    1272958.5099 1037022.75  18.5%     -  297s
     0     0 1037022.75    0  582 1272958.51 1037022.75  18.5%     -  297s
     0     0 1037145.63    0  638 1272958.51 1037145.63  18.5%     -  299s
     0     0 1037194.28    0  554 1272958.51 1037194.28  18.5%     -  299s
     0     0 1037200.98    0  574 1272958.51 1037200.98  18.5%     -  300s
     0     0 1037651.14    0  532 1272958.51 1037651.14  18.5%     -  303s
     0     0 1038267.31    0  598 1272958.51 1038267.31  18.4%     -  305s
     0     0 1038267.31    0  582 1272958.51 1038267.31  18.4%     -  306s
     0     0 1038301.16    0  511 1272958.51 1038301.16  18.4%     -  308s
     0     0 1038393.23    0  501 1272958.51 1038393.23  18.4%     -  309s
     0     0 1038429.57    0  528 1272958.51 1038429.57  18.4%     -  310s
     0     0 1038432.01    0  503 1272958.51 1038432.01  18.4%     -  310s
     0     0 1038609.33    0  511 1272958.51 1038609.33  18.4%     -  312s
     0     0 1038687.54    0  525 1272958.51 1038687.54  18.4%     -  313s
     0     0 1038694.73    0  542 1272958.51 1038694.73  18.4%     -  314s
     0     0 1038731.84    0  545 1272958.51 1038731.84  18.4%     -  315s
     0     0 1038732.13    0  545 1272958.51 1038732.13  18.4%     -  316s
     0     0 1038732.13    0  541 1272958.51 1038732.13  18.4%     -  316s
H    0     0                    1272472.9268 1038917.98  18.4%     -  323s
H    0     0                    1271987.3438 1038917.98  18.3%     -  323s
     0     2 1038917.98    0  536 1271987.34 1038917.98  18.3%     -  337s
     7    16 1040034.50    3  580 1271987.34 1038917.98  18.3%   833  343s
    15    32 1041304.78    4  474 1271987.34 1040091.82  18.2%  1560  350s
    31    56 1041490.10    5  499 1271987.34 1040491.70  18.2%  1522  365s
    55    80 1041824.07    6  508 1271987.34 1041383.71  18.1%  1851  376s
H   60    80                    1270726.6374 1041383.71  18.0%  1841  376s
H   75    80                    1257152.2522 1041489.22  17.2%  1870  376s
    79   104 1042093.66    7  514 1257152.25 1041489.22  17.2%  1891  386s
H   82   104                    1256637.0227 1041489.22  17.1%  1887  386s
H   84   104                    1247101.1927 1041489.22  16.5%  1868  386s
   103   200 1044264.29    8  491 1247101.19 1041489.22  16.5%  1690  397s
   199   270 1042104.02   11  509 1247101.19 1041489.22  16.5%  1047  406s
   269   296 1042233.08   13  553 1247101.19 1041489.22  16.5%   887  413s
H  273   296                    1241300.8767 1041489.22  16.1%   891  413s
H  293   296                    1239669.1600 1041489.22  16.0%   856  413s
   295   356 1042233.46   14  550 1239669.16 1041489.22  16.0%   864  421s
   355   409 1043773.70   17  490 1239669.16 1041489.22  16.0%   786  429s
   408   490 1042499.30   17  519 1239669.16 1041489.22  16.0%   743  435s
   489   526 1042508.51   18  546 1239669.16 1041489.22  16.0%   659  440s
H  514   526                    1238593.1222 1041489.22  15.9%   647  440s
H  525   551                    1238455.5368 1041489.22  15.9%   637  443s
   550   616 1042509.49   19  550 1238455.54 1041489.22  15.9%   617  452s
   619   652 1042545.45   21  558 1238455.54 1041489.22  15.9%   598  457s
   655   704 1042532.12   21  508 1238455.54 1041489.22  15.9%   582  471s
   709   779 1043358.21   22  550 1238455.54 1041489.22  15.9%   583  480s
H  722   779                    1237776.4224 1041489.22  15.9%   579  480s
   784   827 1042609.92   24  505 1237776.42 1041489.22  15.9%   566  485s
H  788   827                    1237243.1305 1041489.22  15.8%   564  485s
   832   888 1042749.60   26  520 1237243.13 1041489.22  15.8%   554  493s
   893   976 1043520.40   28  509 1237243.13 1041489.22  15.8%   551  501s
   981  1037 1043685.91   29  511 1237243.13 1041489.22  15.8%   532  510s
H  994  1037                    1235053.3241 1041489.22  15.7%   529  510s
  1042  1105 1043859.13   30  480 1235053.32 1041489.22  15.7%   529  520s
  1112  1202 1046382.30   31  475 1235053.32 1041489.22  15.7%   532  530s
H 1214  1226                    1233545.7933 1041489.22  15.6%   516  535s
  1238  1322 1043933.69   32  479 1233545.79 1041489.22  15.6%   513  548s
  1338  1401 1043977.36   33  475 1233545.79 1041490.12  15.6%   510  558s
  1422  1516 1044168.70   34  469 1233545.79 1041490.12  15.6%   505  569s
  1539  1621 1044265.89   35  451 1233545.79 1041490.12  15.6%   493  581s
H 1639  1621                    1233499.7053 1041490.12  15.6%   489  581s
  1646  1723 1044281.41   36  454 1233499.71 1041490.12  15.6%   490  593s
  1748  1789 1045038.46   38  425 1233499.71 1041490.12  15.6%   490  600s

Cutting planes:
  Learned: 7
  Gomory: 5
  Lift-and-project: 54
  Cover: 209
  Implied bound: 543
  Clique: 128
  MIR: 683
  Knapsack: 9
  StrongCG: 225
  Flow cover: 379
  GUB cover: 51
  Zero half: 2
  Network: 1
  RLT: 435
  Relax-and-lift: 82
  BQP: 26

Explored 1819 nodes (1078520 simplex iterations) in 600.05 seconds (873.95 work units)
Thread count was 24 (of 24 available processors)

Solution count 10: 1.2335e+06 1.23355e+06 1.23505e+06 ... 1.2471e+06

Time limit reached
Best objective 1.233499705259e+06, best bound 1.041490121374e+06, gap 15.5662%
