
Gurobi 13.0.2 (linux64, Python) logging started Sat Aug 22 16:41:45 2026

Set parameter LogToConsole to value 0
Set parameter Username
Set parameter LicenseID to value 2748191
Set parameter TimeLimit to value 120
Set parameter LogFile to value "output/bz_nbr7008_043/weighted_loss/retail_y_4__retail_v_4__retail_v_4__rolled_leftover_2/period_2/gurobi.log"
Academic license - for non-commercial use only - expires 2026-12-01
Gurobi Optimizer version 13.0.2 build v13.0.2rc1 (linux64 - "Debian GNU/Linux 13 (trixie)")

CPU model: 13th Gen Intel(R) Core(TM) i7-13700HX, instruction set [SSE2|AVX|AVX2]
Thread count: 24 physical cores, 24 logical processors, using up to 24 threads

Non-default parameters:
TimeLimit  120
LogToConsole  0

Optimize a model with 208658 rows, 139634 columns and 730911 nonzeros (Min)
Model fingerprint: 0xde53b97d
Model has 54710 linear objective coefficients and an objective constant of 3.5413204644239997e+05
Variable types: 115068 continuous, 24566 integer (24566 binary)
Coefficient statistics:
  Matrix range     [3e-03, 1e+04]
  Objective range  [2e+01, 1e+05]
  Bounds range     [1e+00, 1e+00]
  RHS range        [1e-01, 3e+04]

Presolve removed 125522 rows and 86892 columns
Presolve time: 3.85s
Presolved: 83136 rows, 52742 columns, 837601 nonzeros
Variable types: 34323 continuous, 18419 integer (18368 binary)
Deterministic concurrent LP optimizer: primal simplex, dual simplex, and barrier
Showing barrier log only...

Root barrier log...

Ordering time: 0.43s

Barrier statistics:
 Dense cols : 28
 AA' NZ     : 7.362e+06
 Factor NZ  : 1.233e+07 (roughly 150 MB of memory)
 Factor Ops : 3.477e+09 (less than 1 second per iteration)
 Threads    : 21

                  Objective                Residual
Iter       Primal          Dual         Primal    Dual     Compl     Time
   0  -3.53681666e+09 -8.76768165e+09  2.86e+06 1.62e+02  2.39e+06     5s
   1  -2.14859770e+09 -7.95768120e+09  1.86e+06 2.20e+02  1.36e+06     6s
   2  -8.87882854e+08 -6.61630460e+09  7.29e+05 4.97e+01  5.44e+05     6s
   3  -2.16943094e+08 -3.28079270e+09  1.83e+05 6.68e-11  1.39e+05     6s
   4  -7.77424029e+06 -8.47284134e+08  1.72e+04 1.16e-10  1.54e+04     6s
   5   8.05140546e+06 -3.56249379e+08  5.17e+03 1.07e-10  4.98e+03     6s
   6   1.13084625e+07 -1.79247111e+08  2.59e+03 3.93e-11  2.29e+03     6s
   7   1.27583191e+07 -5.83334809e+07  1.15e+03 1.80e-11  8.09e+02     6s
   8   1.22595618e+07 -3.82600224e+07  7.10e+02 1.05e-11  5.24e+02     6s
   9   1.14297748e+07 -2.64474469e+07  4.39e+02 1.26e-11  3.58e+02     6s
  10   9.54960538e+06 -1.57154995e+07  2.42e+02 2.27e-11  2.19e+02     6s
  11   7.78162918e+06 -1.12623159e+07  1.25e+02 1.86e-11  1.53e+02     6s
  12   5.51910287e+06 -6.19099252e+06  7.84e+01 1.43e-11  9.32e+01     6s
  13   3.57389322e+06 -4.12152690e+06  4.56e+01 1.47e-11  6.01e+01     6s
  14   2.44499722e+06 -1.45756090e+06  2.63e+01 1.10e-11  3.10e+01     6s
  15   2.30049453e+06 -1.26802045e+06  2.39e+01 1.07e-11  2.84e+01     6s
  16   2.14924100e+06 -7.34696425e+05  2.14e+01 1.71e-11  2.34e+01     6s
  17   1.68236048e+06 -1.32184231e+05  1.36e+01 1.52e-11  1.49e+01     7s
  18   1.35835736e+06  9.38661198e+04  7.66e+00 1.44e-11  1.01e+01     7s
  19   1.20205165e+06  4.38596628e+05  4.98e+00 1.49e-11  6.19e+00     7s
  20   1.17102114e+06  6.20965104e+05  4.46e+00 1.13e-11  4.63e+00     7s
  21   1.04181717e+06  7.32758707e+05  2.42e+00 1.20e-11  2.57e+00     7s
  22   9.59475108e+05  7.97246801e+05  1.15e+00 1.26e-11  1.32e+00     7s
  23   9.17648645e+05  8.40950777e+05  4.52e-01 8.70e-12  6.07e-01     7s
  24   9.04892383e+05  8.46191392e+05  2.88e-01 1.20e-11  4.55e-01     7s
  25   9.01051343e+05  8.66912267e+05  2.32e-01 1.47e-11  2.75e-01     7s
  26   8.98053794e+05  8.77515107e+05  1.88e-01 1.12e-11  1.72e-01     7s
  27   8.90068658e+05  8.80695370e+05  8.27e-02 1.40e-11  7.77e-02     7s
  28   8.87079865e+05  8.81445564e+05  4.78e-02 1.46e-11  4.65e-02     7s
  29   8.86399893e+05  8.81752035e+05  4.03e-02 1.36e-11  3.85e-02     7s
  30   8.85544030e+05  8.82137476e+05  3.09e-02 1.22e-11  2.84e-02     7s
  31   8.85220682e+05  8.82177099e+05  2.73e-02 1.12e-11  2.54e-02     7s
  32   8.84695580e+05  8.82288411e+05  2.19e-02 9.98e-12  2.01e-02     7s
  33   8.84063881e+05  8.82398734e+05  1.50e-02 1.20e-11  1.39e-02     7s
  34   8.83738096e+05  8.82479496e+05  1.18e-02 1.06e-11  1.06e-02     8s
  35   8.83330770e+05  8.82529025e+05  7.57e-03 1.39e-11  6.74e-03     8s
  36   8.83034390e+05  8.82547439e+05  4.41e-03 1.48e-11  4.07e-03     8s
  37   8.82960655e+05  8.82550460e+05  3.61e-03 1.45e-11  3.41e-03     8s
  38   8.82952120e+05  8.82564455e+05  3.52e-03 1.05e-11  3.24e-03     8s
  39   8.82819240e+05  8.82572428e+05  2.15e-03 1.12e-11  2.05e-03     8s
  40   8.82805498e+05  8.82576136e+05  2.02e-03 1.09e-11  1.91e-03     8s
  41   8.82771559e+05  8.82585901e+05  1.69e-03 1.04e-11  1.55e-03     8s
  42   8.82622717e+05  8.82595409e+05  2.03e-04 1.06e-11  2.21e-04     8s
  43   8.82600255e+05  8.82599494e+05  3.59e-06 1.29e-11  5.84e-06     8s
  44   8.82599884e+05  8.82599682e+05  1.01e-06 1.32e-11  1.56e-06     8s
  45   8.82599819e+05  8.82599726e+05  5.55e-07 1.35e-11  7.36e-07     8s
  46   8.82599735e+05  8.82599731e+05  4.83e-07 1.76e-11  2.79e-08     8s
  47   8.82599733e+05  8.82599733e+05  7.10e-09 1.10e-11  3.74e-11     8s

Barrier solved model in 47 iterations and 8.33 seconds (14.52 work units)
Optimal objective 8.82599733e+05


Root crossover log...

   49244 DPushes remaining with DInf 9.9405826e-03                 8s
       0 DPushes remaining with DInf 0.0000000e+00                 9s

      35 PPushes remaining with PInf 0.0000000e+00                 9s
       0 PPushes remaining with PInf 0.0000000e+00                 9s

  Push phase complete: Pinf 0.0000000e+00, Dinf 6.2801439e-10      9s


Root simplex log...

Iteration    Objective       Primal Inf.    Dual Inf.      Time
   29243    8.8259973e+05   0.000000e+00   0.000000e+00      9s
Crossover time: 0.35 seconds (0.42 work units)
Concurrent spin time: 0.43s

Solved with barrier
   29243    8.8259973e+05   0.000000e+00   0.000000e+00      9s

Root relaxation: objective 8.825997e+05, 29243 iterations, 5.03 seconds (7.03 work units)

    Nodes    |    Current Node    |     Objective Bounds      |     Work
 Expl Unexpl |  Obj  Depth IntInf | Incumbent    BestBd   Gap | It/Node Time

     0     0 882599.733    0  203          - 882599.733      -     -    9s
     0     0 882601.934    0  214          - 882601.934      -     -    9s
     0     0 882601.960    0  216          - 882601.960      -     -    9s
     0     0 882602.017    0  214          - 882602.017      -     -    9s
H    0     0                    1993581.8014 882602.017  55.7%     -   10s
H    0     0                    1986782.1424 882602.017  55.6%     -   10s
H    0     0                    1792378.2925 882602.017  50.8%     -   10s
H    0     0                    1769839.0220 882602.017  50.1%     -   10s
H    0     0                    1769776.4293 882602.017  50.1%     -   10s
H    0     0                    1769158.1606 882602.017  50.1%     -   11s
H    0     0                    1766361.0432 882602.017  50.0%     -   11s
H    0     0                    1766117.3065 882602.017  50.0%     -   11s
H    0     0                    1761360.7556 882602.017  49.9%     -   12s
H    0     0                    1761341.7577 882602.017  49.9%     -   13s
H    0     0                    1758150.4168 882602.017  49.8%     -   13s
H    0     0                    1757332.0951 882602.017  49.8%     -   13s
H    0     0                    1756945.6293 882602.017  49.8%     -   15s
H    0     0                    1753968.3737 882602.017  49.7%     -   16s
H    0     0                    1752263.0670 882602.017  49.6%     -   16s
H    0     0                    1744946.1382 882602.017  49.4%     -   16s
H    0     0                    1727688.2851 882602.017  48.9%     -   19s
H    0     0                    1688921.4321 882602.017  47.7%     -   19s
H    0     0                    1659456.4310 882602.017  46.8%     -   19s
H    0     0                    1656699.0090 882602.017  46.7%     -   19s
H    0     0                    1653269.7700 882602.017  46.6%     -   20s
H    0     0                    1653123.7831 882602.017  46.6%     -   21s
H    0     0                    1617938.4570 882602.017  45.4%     -   23s
H    0     0                    1604037.7948 882602.017  45.0%     -   23s
H    0     0                    1580060.1571 882602.017  44.1%     -   25s
H    0     0                    1541118.5303 882602.017  42.7%     -   25s
H    0     0                    1506198.5647 882602.017  41.4%     -   26s
H    0     0                    1504311.1020 882602.017  41.3%     -   26s
H    0     0                    1499602.2828 882602.017  41.1%     -   27s
H    0     0                    1499560.8134 882602.017  41.1%     -   27s
H    0     0                    1499097.6218 882602.017  41.1%     -   27s
H    0     0                    1499056.1523 882602.017  41.1%     -   27s
H    0     0                    1477561.3837 882602.017  40.3%     -   27s
H    0     0                    1477416.6781 882602.017  40.3%     -   28s
H    0     0                    1451464.3410 888476.278  38.8%     -   34s
     0     0 888476.278    0  214 1451464.34 888476.278  38.8%     -   34s
     0     0 889668.805    0  216 1451464.34 889668.805  38.7%     -   34s
H    0     0                    1442741.9121 889697.399  38.3%     -   35s
H    0     0                    1440385.6203 889697.399  38.2%     -   35s
H    0     0                    1440140.1875 889697.399  38.2%     -   35s
H    0     0                    1439733.2198 889697.399  38.2%     -   35s
H    0     0                    1438236.1296 890715.860  38.1%     -   35s
H    0     0                    1428846.1985 890715.860  37.7%     -   35s
     0     0 890715.860    0  180 1428846.20 890715.860  37.7%     -   35s
     0     0 890715.861    0  182 1428846.20 890715.861  37.7%     -   35s
     0     0 895469.179    0  222 1428846.20 895469.179  37.3%     -   37s
     0     0 895611.600    0  217 1428846.20 895611.600  37.3%     -   38s
     0     0 895618.680    0  219 1428846.20 895618.680  37.3%     -   38s
H    0     0                    1426671.3085 895618.680  37.2%     -   40s
H    0     0                    1426479.4123 895618.680  37.2%     -   40s
H    0     0                    1424952.2932 895618.680  37.1%     -   40s
H    0     0                    1423895.7572 905411.356  36.4%     -   43s
H    0     0                    1420761.2928 905411.356  36.3%     -   43s
H    0     0                    1420115.5836 905411.356  36.2%     -   43s
H    0     0                    1419469.2912 905411.356  36.2%     -   43s
     0     0 905411.356    0  350 1419469.29 905411.356  36.2%     -   44s
     0     0 905417.709    0  385 1419469.29 905417.709  36.2%     -   44s
H    0     0                    1383488.5191 905421.811  34.6%     -   45s
H    0     0                    1381461.3657 905447.017  34.5%     -   46s
     0     0 905447.017    0  362 1381461.37 905447.017  34.5%     -   46s
     0     0 905459.621    0  328 1381461.37 905459.621  34.5%     -   46s
     0     0 905459.621    0  315 1381461.37 905459.621  34.5%     -   46s
     0     0 907653.694    0  382 1381461.37 907653.694  34.3%     -   50s
     0     0 907657.352    0  392 1381461.37 907657.352  34.3%     -   50s
     0     0 908292.747    0  367 1381461.37 908292.747  34.3%     -   51s
     0     0 908293.511    0  349 1381461.37 908293.511  34.3%     -   51s
H    0     0                    1381460.0555 914420.104  33.8%     -   53s
     0     0 914420.104    0  372 1381460.06 914420.104  33.8%     -   53s
H    0     0                    1379334.7239 914420.661  33.7%     -   54s
H    0     0                    1371786.1846 914420.661  33.3%     -   54s
H    0     0                    1371147.1800 914420.661  33.3%     -   54s
     0     0 916742.750    0  401 1371147.18 916742.750  33.1%     -   56s
     0     0 917273.097    0  425 1371147.18 917273.097  33.1%     -   57s
     0     0 917273.214    0  427 1371147.18 917273.214  33.1%     -   57s
     0     0 927828.568    0  397 1371147.18 927828.568  32.3%     -   61s
     0     0 927849.743    0  395 1371147.18 927849.743  32.3%     -   61s
H    0     0                    1371031.1624 929320.828  32.2%     -   62s
H    0     0                    1370963.8309 929320.828  32.2%     -   62s
     0     0 929320.828    0  358 1370963.83 929320.828  32.2%     -   62s
H    0     0                    1364276.9820 929788.001  31.8%     -   63s
H    0     0                    1360576.3802 929788.001  31.7%     -   63s
     0     0 929788.001    0  349 1360576.38 929788.001  31.7%     -   63s
H    0     0                    1360390.5403 929805.756  31.7%     -   64s
     0     0 929805.756    0  375 1360390.54 929805.756  31.7%     -   64s
H    0     0                    1360215.2092 929838.347  31.6%     -   64s
H    0     0                    1353689.8658 929838.347  31.3%     -   64s
     0     0 929838.347    0  398 1353689.87 929838.347  31.3%     -   64s
H    0     0                    1343612.9838 939745.888  30.1%     -   67s
H    0     0                    1334121.1542 939745.888  29.6%     -   67s
     0     0 939745.888    0  365 1334121.15 939745.888  29.6%     -   67s
H    0     0                    1329132.7442 939870.205  29.3%     -   69s
     0     0 940524.264    0  312 1329132.74 940524.264  29.2%     -   71s
     0     0 940552.717    0  323 1329132.74 940552.717  29.2%     -   71s
     0     0 940554.559    0  345 1329132.74 940554.559  29.2%     -   72s
     0     0 942691.391    0  376 1329132.74 942691.391  29.1%     -   75s
     0     0 943268.511    0  359 1329132.74 943268.511  29.0%     -   77s
     0     0 943423.210    0  376 1329132.74 943423.210  29.0%     -   77s
     0     0 943434.097    0  376 1329132.74 943434.097  29.0%     -   77s
     0     0 943434.097    0  383 1329132.74 943434.097  29.0%     -   77s
     0     0 944618.381    0  423 1329132.74 944618.381  28.9%     -   80s
H    0     0                    1324250.3425 944675.299  28.7%     -   82s
H    0     0                    1320019.4322 944675.299  28.4%     -   85s
     0     0 944754.659    0  469 1320019.43 944754.659  28.4%     -   88s
     0     0 944765.013    0  487 1320019.43 944765.013  28.4%     -   89s
     0     0 946756.705    0  376 1320019.43 946756.705  28.3%     -   92s
     0     0 947034.155    0  386 1320019.43 947034.155  28.3%     -   93s
     0     0 947040.558    0  431 1320019.43 947040.558  28.3%     -   94s
     0     0 947965.926    0  342 1320019.43 947965.926  28.2%     -   95s
     0     0 948142.469    0  408 1320019.43 948142.469  28.2%     -   98s
     0     0 948239.936    0  438 1320019.43 948239.936  28.2%     -   98s
     0     0 948257.495    0  400 1320019.43 948257.495  28.2%     -   98s
     0     0 948262.346    0  412 1320019.43 948262.346  28.2%     -   98s
     0     0 948669.713    0  422 1320019.43 948669.713  28.1%     -  100s
     0     0 948832.881    0  485 1320019.43 948832.881  28.1%     -  101s
     0     0 948853.266    0  497 1320019.43 948853.266  28.1%     -  101s
     0     0 948856.774    0  513 1320019.43 948856.774  28.1%     -  101s
     0     0 949522.582    0  444 1320019.43 949522.582  28.1%     -  104s
H    0     0                    1314057.3657 949523.020  27.7%     -  105s
H    0     0                    1312749.1142 949523.020  27.7%     -  105s
     0     0 949563.779    0  498 1312749.11 949563.779  27.7%     -  105s
     0     0 949593.862    0  502 1312749.11 949593.862  27.7%     -  106s
     0     0 949595.388    0  490 1312749.11 949595.388  27.7%     -  106s
     0     0 949913.264    0  475 1312749.11 949913.264  27.6%     -  108s
     0     0 949919.677    0  469 1312749.11 949919.677  27.6%     -  108s
     0     0 950037.801    0  507 1312749.11 950037.801  27.6%     -  112s
     0     0 950038.698    0  510 1312749.11 950038.698  27.6%     -  112s
     0     0 950068.022    0  518 1312749.11 950068.022  27.6%     -  113s
     0     0 950076.059    0  459 1312749.11 950076.059  27.6%     -  113s
     0     0 950291.865    0  434 1312749.11 950291.865  27.6%     -  114s
H    0     0                    1311211.4452 950291.865  27.5%     -  115s
H    0     0                    1310789.9675 950291.865  27.5%     -  115s
H    0     0                    1309136.3100 950291.865  27.4%     -  115s
H    0     0                    1306593.9141 950291.865  27.3%     -  117s
H    0     0                    1305523.6420 950291.865  27.2%     -  117s
     0     0 950489.265    0  427 1305523.64 950489.265  27.2%     -  118s
     0     0 950527.450    0  479 1305523.64 950527.450  27.2%     -  118s
     0     0 950532.736    0  491 1305523.64 950532.736  27.2%     -  119s

Cutting planes:
  Learned: 8
  Gomory: 25
  Lift-and-project: 1
  Cover: 133
  Implied bound: 117
  Clique: 88
  MIR: 470
  Knapsack: 1
  StrongCG: 109
  Flow cover: 168
  GUB cover: 39
  Zero half: 2
  Network: 2
  RLT: 361
  Relax-and-lift: 106
  BQP: 29

Explored 1 nodes (74815 simplex iterations) in 120.04 seconds (139.98 work units)
Thread count was 24 (of 24 available processors)

Solution count 10: 1.30552e+06 1.30659e+06 1.30914e+06 ... 1.32913e+06

Time limit reached
Best objective 1.305523641988e+06, best bound 9.505327364813e+05, gap 27.1915%
