
Gurobi 13.0.2 (linux64, Python) logging started Wed Jun  3 11:37:56 2026

Set parameter LogToConsole to value 0
Set parameter Username
Set parameter LicenseID to value 2748191
Set parameter TimeLimit to value 600
Set parameter LogFile to value "output/bz_nbr7008_095/period_4/gurobi.log"
Academic license - for non-commercial use only - expires 2026-12-01
Gurobi Optimizer version 13.0.2 build v13.0.2rc1 (linux64 - "Debian GNU/Linux 13 (trixie)")

CPU model: 13th Gen Intel(R) Core(TM) i7-13700HX, instruction set [SSE2|AVX|AVX2]
Thread count: 24 physical cores, 24 logical processors, using up to 24 threads

Non-default parameters:
TimeLimit  600
LogToConsole  0

Optimize a model with 10029 rows, 7133 columns and 26595 nonzeros (Min)
Model fingerprint: 0x71d945da
Model has 2375 linear objective coefficients and an objective constant of 344190.68538
Variable types: 5768 continuous, 1365 integer (1365 binary)
Coefficient statistics:
  Matrix range     [6e-03, 1e+04]
  Objective range  [1e+01, 2e+05]
  Bounds range     [1e+00, 1e+00]
  RHS range        [1e-01, 3e+04]

Presolve removed 7841 rows and 5554 columns
Presolve time: 0.07s
Presolved: 2188 rows, 1579 columns, 8811 nonzeros
Variable types: 1000 continuous, 579 integer (554 binary)
Found heuristic solution: objective 1284180.4738

Root relaxation: objective 3.150805e+05, 810 iterations, 0.01 seconds (0.02 work units)

    Nodes    |    Current Node    |     Objective Bounds      |     Work
 Expl Unexpl |  Obj  Depth IntInf | Incumbent    BestBd   Gap | It/Node Time

     0     0 315080.462    0   16 1284180.47 315080.462  75.5%     -    0s
H    0     0                    609886.65876 315080.462  48.3%     -    0s
H    0     0                    530267.92910 315080.462  40.6%     -    0s
H    0     0                    521967.98615 315080.462  39.6%     -    0s
     0     0 318355.108    0   37 521967.986 318355.108  39.0%     -    0s
     0     0 318367.775    0   25 521967.986 318367.775  39.0%     -    0s
H    0     0                    521885.00355 318367.833  39.0%     -    0s
H    0     0                    521073.89104 318367.833  38.9%     -    0s
     0     0 318381.131    0   36 521073.891 318381.131  38.9%     -    0s
     0     0 318383.783    0   25 521073.891 318383.783  38.9%     -    0s
     0     0 318383.783    0   31 521073.891 318383.783  38.9%     -    0s
     0     0 319604.464    0   29 521073.891 319604.464  38.7%     -    0s
H    0     0                    498371.49211 319606.134  35.9%     -    0s
H    0     0                    496734.76723 319606.134  35.7%     -    0s
     0     0 319606.134    0   29 496734.767 319606.134  35.7%     -    0s
     0     0 327618.052    0   38 496734.767 327618.052  34.0%     -    0s
H    0     0                    454066.03547 327618.768  27.8%     -    0s
H    0     0                    450466.17168 327618.768  27.3%     -    0s
     0     0 327654.701    0   46 450466.172 327654.701  27.3%     -    0s
     0     0 330331.665    0   57 450466.172 330331.665  26.7%     -    0s
     0     0 330502.596    0   57 450466.172 330502.596  26.6%     -    0s
     0     0 331476.294    0   74 450466.172 331476.294  26.4%     -    0s
     0     0 332786.180    0   65 450466.172 332786.180  26.1%     -    0s
     0     0 332793.873    0   73 450466.172 332793.873  26.1%     -    0s
     0     0 333212.575    0   73 450466.172 333212.575  26.0%     -    0s
     0     0 333289.140    0   83 450466.172 333289.140  26.0%     -    0s
     0     0 333727.550    0   70 450466.172 333727.550  25.9%     -    0s
     0     0 333758.433    0   66 450466.172 333758.433  25.9%     -    0s
     0     0 333759.502    0   82 450466.172 333759.502  25.9%     -    0s
     0     0 334471.742    0   74 450466.172 334471.742  25.7%     -    0s
     0     0 334524.146    0   87 450466.172 334524.146  25.7%     -    0s
     0     0 334579.799    0   91 450466.172 334579.799  25.7%     -    0s
     0     0 334580.474    0   96 450466.172 334580.474  25.7%     -    0s
     0     0 335150.804    0   76 450466.172 335150.804  25.6%     -    0s
     0     0 335150.804    0   78 450466.172 335150.804  25.6%     -    0s
     0     0 335150.804    0   78 450466.172 335150.804  25.6%     -    0s
     0     0 335150.804    0   78 450466.172 335150.804  25.6%     -    0s
H    0     0                    441534.99912 335150.804  24.1%     -    0s
H    0     0                    429595.94325 335150.804  22.0%     -    0s
     0     0 335472.776    0   84 429595.943 335472.776  21.9%     -    0s
     0     0 335506.604    0   90 429595.943 335506.604  21.9%     -    0s
     0     0 335510.232    0  107 429595.943 335510.232  21.9%     -    0s
     0     0 335512.843    0  100 429595.943 335512.843  21.9%     -    0s
H    0     0                    428410.87217 335816.713  21.6%     -    0s
     0     0 335816.713    0   88 428410.872 335816.713  21.6%     -    0s
     0     0 335931.008    0   91 428410.872 335931.008  21.6%     -    0s
     0     0 335997.970    0   97 428410.872 335997.970  21.6%     -    0s
     0     0 336002.172    0   97 428410.872 336002.172  21.6%     -    0s
     0     0 336017.699    0   99 428410.872 336017.699  21.6%     -    0s
     0     0 336037.454    0  101 428410.872 336037.454  21.6%     -    0s
     0     0 336133.498    0  101 428410.872 336133.498  21.5%     -    0s
     0     0 336150.737    0  101 428410.872 336150.737  21.5%     -    0s
     0     0 336183.389    0   92 428410.872 336183.389  21.5%     -    0s
     0     0 336183.389    0   93 428410.872 336183.389  21.5%     -    0s
     0     0 336214.309    0   92 428410.872 336214.309  21.5%     -    0s
     0     0 336247.633    0   97 428410.872 336247.633  21.5%     -    0s
     0     0 336280.710    0   99 428410.872 336280.710  21.5%     -    0s
     0     0 336280.710    0   99 428410.872 336280.710  21.5%     -    0s
     0     0 336280.710    0  101 428410.872 336280.710  21.5%     -    0s
H    0     0                    423571.20443 336280.710  20.6%     -    0s
     0     0 336629.082    0   93 423571.204 336629.082  20.5%     -    0s
     0     0 336698.379    0   96 423571.204 336698.379  20.5%     -    0s
     0     0 336745.164    0   97 423571.204 336745.164  20.5%     -    0s
     0     0 336763.918    0  103 423571.204 336763.918  20.5%     -    0s
     0     0 336764.926    0  105 423571.204 336764.926  20.5%     -    0s
     0     0 337292.677    0   98 423571.204 337292.677  20.4%     -    0s
     0     0 337306.561    0  114 423571.204 337306.561  20.4%     -    0s
     0     0 337311.871    0  118 423571.204 337311.871  20.4%     -    0s
     0     0 337358.286    0  115 423571.204 337358.286  20.4%     -    0s
     0     0 337387.895    0  114 423571.204 337387.895  20.3%     -    0s
     0     0 337399.208    0  116 423571.204 337399.208  20.3%     -    0s
     0     0 337402.162    0  125 423571.204 337402.162  20.3%     -    0s
     0     0 337442.377    0  120 423571.204 337442.377  20.3%     -    0s
     0     0 337454.500    0  120 423571.204 337454.500  20.3%     -    0s
     0     0 337454.500    0  116 423571.204 337454.500  20.3%     -    0s
     0     2 337454.500    0  111 423571.204 337454.500  20.3%     -    1s
H    6     8                    423003.89790 337504.535  20.2%   113    1s
H   58    71                    418870.51159 338238.399  19.2%   157    1s
H   73    71                    415777.25365 338238.399  18.6%   143    1s
H  826   516                    410334.08864 338322.125  17.5%  60.1    1s
H  831   516                    406060.31334 338322.125  16.7%  60.3    1s
H  843   516                    403477.78631 338322.125  16.1%  60.9    1s
H 1181   632                    402924.78763 338479.452  16.0%  58.5    1s
H 1916   859                    401739.71655 338822.366  15.7%  61.7    2s
* 2250   964              41    399635.42647 338856.046  15.2%  62.9    2s
H 2882  1096                    398939.84437 339863.917  14.8%  62.7    2s
H 2948  1096                    398656.44849 339863.917  14.7%  62.3    2s
H 3763  1190                    397471.37741 339955.037  14.5%  62.8    2s
H 4299  1297                    385506.24479 339981.854  11.8%  61.9    3s
H 4370  1297                    385451.96766 339981.854  11.8%  61.9    3s
 11563  1179     cutoff   25      385451.968 355025.867  7.89%  48.7    5s

Cutting planes:
  Learned: 17
  Gomory: 3
  Cover: 240
  Implied bound: 190
  Clique: 3
  MIR: 226
  StrongCG: 27
  Flow cover: 88
  GUB cover: 18
  Inf proof: 2
  Zero half: 6
  Mod-K: 6
  Network: 3
  RLT: 29
  Relax-and-lift: 11
  PSD: 1

Explored 23084 nodes (848859 simplex iterations) in 7.52 seconds (8.21 work units)
Thread count was 24 (of 24 available processors)

Solution count 10: 385452 385506 397471 ... 406060

Optimal solution found (tolerance 1.00e-04)
Best objective 3.854519676623e+05, best bound 3.854519676623e+05, gap 0.0000%
