
Gurobi 13.0.2 (linux64, Python) logging started Sat Aug 22 21:17:43 2026

Set parameter LogToConsole to value 0
Set parameter Username
Set parameter LicenseID to value 2748191
Set parameter TimeLimit to value 120
Set parameter LogFile to value "output/bz_nbr7008_043/new_coils_value/default/period_2/gurobi.log"
Academic license - for non-commercial use only - expires 2026-12-01
Gurobi Optimizer version 13.0.2 build v13.0.2rc1 (linux64 - "Debian GNU/Linux 13 (trixie)")

CPU model: 13th Gen Intel(R) Core(TM) i7-13700HX, instruction set [SSE2|AVX|AVX2]
Thread count: 24 physical cores, 24 logical processors, using up to 24 threads

Non-default parameters:
TimeLimit  120
LogToConsole  0

Optimize a model with 201212 rows, 134595 columns and 705100 nonzeros (Min)
Model fingerprint: 0x4103ef51
Model has 108 linear objective coefficients
Variable types: 110920 continuous, 23675 integer (23675 binary)
Coefficient statistics:
  Matrix range     [3e-03, 1e+04]
  Objective range  [3e+04, 7e+04]
  Bounds range     [1e+00, 1e+00]
  RHS range        [1e-01, 3e+04]

Presolve removed 119617 rows and 82960 columns
Presolve time: 3.67s
Presolved: 81595 rows, 51635 columns, 815039 nonzeros
Variable types: 33781 continuous, 17854 integer (17805 binary)
Deterministic concurrent LP optimizer: primal simplex, dual simplex, and barrier
Showing barrier log only...

Root barrier log...

Ordering time: 0.49s

Barrier statistics:
 Dense cols : 27
 AA' NZ     : 7.107e+06
 Factor NZ  : 1.215e+07 (roughly 140 MB of memory)
 Factor Ops : 3.443e+09 (less than 1 second per iteration)
 Threads    : 21

                  Objective                Residual
Iter       Primal          Dual         Primal    Dual     Compl     Time
   0   1.69637618e+08 -3.16087077e+09  2.96e+06 1.20e+01  9.26e+05     6s
   1   2.00015183e+08 -2.89026317e+09  1.88e+06 7.82e+01  5.14e+05     6s
   2   5.04260360e+07 -2.43456687e+09  5.75e+05 1.77e+01  1.66e+05     6s
   3   1.91898027e+07 -1.39175601e+09  1.75e+05 5.99e-01  5.18e+04     6s
   4   6.84445136e+06 -3.63628425e+08  2.33e+04 3.62e-11  7.42e+03     6s
   5   5.13869962e+06 -1.72551389e+08  3.61e+03 2.80e-11  1.91e+03     6s
   6   4.92453790e+06 -3.56872041e+07  1.49e+03 3.34e-11  4.55e+02     6s
   7   4.84400189e+06 -1.40762429e+07  9.78e+02 1.50e-11  2.15e+02     6s
   8   4.25774893e+06 -8.37576065e+06  3.96e+02 8.19e-12  1.18e+02     6s
   9   3.52951188e+06 -5.80274905e+06  1.13e+02 5.00e-12  7.31e+01     6s
  10   2.82247731e+06 -3.73888980e+06  6.50e+01 5.00e-12  5.01e+01     7s
  11   2.16351049e+06 -2.74110038e+06  4.31e+01 3.44e-12  3.70e+01     7s
  12   1.50029959e+06 -4.88259791e+05  2.26e+01 5.39e-12  1.53e+01     7s
  13   1.25391305e+06 -3.43695993e+05  1.56e+01 5.22e-12  1.21e+01     7s
  14   1.19016380e+06 -1.27425886e+05  1.38e+01 7.68e-12  1.01e+01     7s
  15   1.00528733e+06  1.35761239e+05  8.15e+00 5.33e-12  6.64e+00     7s
  16   9.13842718e+05  3.65941807e+05  4.85e+00 5.65e-12  4.21e+00     7s
  17   8.45687334e+05  4.85666313e+05  2.77e+00 4.53e-12  2.75e+00     7s
  18   8.09874897e+05  5.28650125e+05  1.74e+00 6.00e-12  2.11e+00     7s
  19   8.07149003e+05  5.57882233e+05  1.66e+00 6.15e-12  1.88e+00     7s
  20   7.94876791e+05  6.15137616e+05  1.34e+00 6.89e-12  1.37e+00     7s
  21   7.66650367e+05  6.54820763e+05  4.81e-01 7.96e-12  8.24e-01     7s
  22   7.55344536e+05  7.00636186e+05  2.30e-01 5.98e-12  4.02e-01     7s
  23   7.52564161e+05  7.14853437e+05  1.82e-01 6.87e-12  2.78e-01     8s
  24   7.46986608e+05  7.18581382e+05  8.87e-02 4.67e-12  2.06e-01     8s
  25   7.44460505e+05  7.30905266e+05  4.73e-02 5.50e-12  9.84e-02     8s
  26   7.42811711e+05  7.36847191e+05  2.39e-02 7.50e-12  4.35e-02     8s
  27   7.41600688e+05  7.39008285e+05  8.61e-03 4.78e-12  1.88e-02     8s
  28   7.41005423e+05  7.40056956e+05  2.35e-03 4.85e-12  6.82e-03     8s
  29   7.40883524e+05  7.40479280e+05  1.18e-03 6.86e-12  2.92e-03     8s
  30   7.40775712e+05  7.40590461e+05  3.18e-04 6.81e-12  1.32e-03     8s
  31   7.40766934e+05  7.40621867e+05  2.66e-04 7.38e-12  1.04e-03     8s
  32   7.40733839e+05  7.40664150e+05  1.05e-04 5.07e-12  4.97e-04     8s
  33   7.40715643e+05  7.40686879e+05  3.11e-05 6.22e-12  2.04e-04     8s
  34   7.40710345e+05  7.40698774e+05  1.39e-05 6.60e-12  8.24e-05     8s
  35   7.40708723e+05  7.40702214e+05  8.91e-06 6.75e-12  4.64e-05     8s
  36   7.40705244e+05  7.40704180e+05  3.39e-07 7.07e-12  7.51e-06     9s
  37   7.40705031e+05  7.40704870e+05  2.42e-08 6.60e-12  1.13e-06     9s
  38   7.40705025e+05  7.40704924e+05  1.19e-08 5.82e-12  7.11e-07     9s
  39   7.40705024e+05  7.40705024e+05  4.40e-08 6.98e-12  1.42e-09     9s

Barrier solved model in 39 iterations and 8.91 seconds (13.39 work units)
Optimal objective 7.40705024e+05


Root crossover log...

   44166 DPushes remaining with DInf 1.3587895e-03                 9s
       0 DPushes remaining with DInf 0.0000000e+00                 9s

     138 PPushes remaining with PInf 2.6224373e-03                 9s
       0 PPushes remaining with PInf 0.0000000e+00                 9s

  Push phase complete: Pinf 0.0000000e+00, Dinf 3.5095362e-02      9s


Root simplex log...

Iteration    Objective       Primal Inf.    Dual Inf.      Time
   33012    7.4070502e+05   0.000000e+00   3.509536e-02      9s
   33027    7.4070502e+05   0.000000e+00   0.000000e+00      9s
Crossover time: 0.44 seconds (0.59 work units)
Concurrent spin time: 0.01s

Solved with barrier
   33027    7.4070502e+05   0.000000e+00   0.000000e+00      9s

Root relaxation: objective 7.407050e+05, 33027 iterations, 5.46 seconds (6.34 work units)

    Nodes    |    Current Node    |     Objective Bounds      |     Work
 Expl Unexpl |  Obj  Depth IntInf | Incumbent    BestBd   Gap | It/Node Time

     0     0 740705.024    0  123          - 740705.024      -     -    9s
     0     0 740705.024    0  112          - 740705.024      -     -    9s
H    0     0                    1090641.4948 740705.024  32.1%     -   10s
H    0     0                    1057309.2820 740705.024  29.9%     -   10s
H    0     0                    1054763.9104 740705.024  29.8%     -   10s
H    0     0                    1026179.0609 740705.024  27.8%     -   10s
H    0     0                    1025606.0326 740705.024  27.8%     -   10s
H    0     0                    1023428.9076 740705.024  27.6%     -   10s
H    0     0                    1022337.3392 740705.024  27.5%     -   10s
H    0     0                    1022048.5023 740705.024  27.5%     -   11s
H    0     0                    1021357.8078 740705.024  27.5%     -   11s
H    0     0                    1021305.9429 740705.024  27.5%     -   11s
H    0     0                    1019780.2174 740705.024  27.4%     -   11s
H    0     0                    1018743.0279 740705.024  27.3%     -   11s
H    0     0                    1018505.0723 740705.024  27.3%     -   11s
H    0     0                    1017990.5764 740705.024  27.2%     -   11s
H    0     0                    1016610.8270 740705.024  27.1%     -   11s
H    0     0                    1015548.7708 740705.024  27.1%     -   11s
H    0     0                    1015519.4772 740705.024  27.1%     -   11s
H    0     0                    928058.77387 740705.024  20.2%     -   11s
H    0     0                    919668.45882 740705.024  19.5%     -   12s
H    0     0                    912643.62899 740705.024  18.8%     -   12s
H    0     0                    898882.21063 740705.024  17.6%     -   12s
H    0     0                    872698.45091 740705.024  15.1%     -   12s
H    0     0                    868758.51916 740705.024  14.7%     -   12s
H    0     0                    866837.65829 740705.024  14.6%     -   12s
H    0     0                    866191.83324 740705.024  14.5%     -   13s
H    0     0                    864959.48078 740705.024  14.4%     -   13s
H    0     0                    861434.92477 740705.024  14.0%     -   13s
H    0     0                    844683.76077 740705.024  12.3%     -   13s
H    0     0                    834866.74148 740705.024  11.3%     -   13s
     0     0 740722.166    0  121 834866.741 740722.166  11.3%     -   16s
H    0     0                    833366.26533 740722.252  11.1%     -   16s
H    0     0                    823894.26818 740722.252  10.1%     -   16s
H    0     0                    822712.68746 740722.252  10.0%     -   16s
H    0     0                    822565.18117 740722.252  9.95%     -   16s
H    0     0                    822451.72320 740722.252  9.94%     -   17s
H    0     0                    817489.35809 740722.252  9.39%     -   17s
H    0     0                    814315.65019 740722.252  9.04%     -   17s
H    0     0                    814112.23470 740722.252  9.01%     -   17s
     0     0 740722.485    0  132 814112.235 740722.485  9.01%     -   17s
     0     0 740742.009    0  131 814112.235 740742.009  9.01%     -   19s
     0     0 746275.163    0  165 814112.235 746275.163  8.33%     -   23s
     0     0 746401.479    0  165 814112.235 746401.479  8.32%     -   23s
H    0     0                    813977.29842 746415.459  8.30%     -   24s
H    0     0                    813372.24391 746415.459  8.23%     -   24s
     0     0 746427.377    0  169 813372.244 746427.377  8.23%     -   25s
     0     0 746427.377    0  173 813372.244 746427.377  8.23%     -   25s
H    0     0                    811707.52076 748376.465  7.80%     -   28s
     0     0 748376.465    0  260 811707.521 748376.465  7.80%     -   29s
H    0     0                    811564.33200 748677.211  7.75%     -   30s
     0     0 748677.211    0  249 811564.332 748677.211  7.75%     -   30s
     0     0 748793.387    0  249 811564.332 748793.387  7.73%     -   30s
     0     0 748793.793    0  249 811564.332 748793.793  7.73%     -   30s
H    0     0                    809522.29137 748793.793  7.50%     -   31s
H    0     0                    809275.94927 748793.793  7.47%     -   31s
     0     0 749897.423    0  311 809275.949 749897.423  7.34%     -   32s
     0     0 749907.964    0  382 809275.949 749907.964  7.34%     -   33s
     0     0 749909.025    0  410 809275.949 749909.025  7.34%     -   33s
H    0     0                    807902.46288 751474.130  6.98%     -   37s
     0     0 751474.130    0  362 807902.463 751474.130  6.98%     -   37s
H    0     0                    807337.19518 751476.696  6.92%     -   39s
     0     0 752050.614    0  375 807337.195 752050.614  6.85%     -   42s
     0     0 752108.245    0  400 807337.195 752108.245  6.84%     -   42s
     0     0 752126.546    0  414 807337.195 752126.546  6.84%     -   43s
     0     0 752139.746    0  421 807337.195 752139.746  6.84%     -   43s
     0     0 752142.314    0  419 807337.195 752142.314  6.84%     -   43s
     0     0 758065.389    0  274 807337.195 758065.389  6.10%     -   46s
H    0     0                    806299.24060 758065.553  5.98%     -   47s
H    0     0                    804751.34156 758065.553  5.80%     -   47s
H    0     0                    803710.25861 758065.553  5.68%     -   47s
     0     0 758721.443    0  329 803710.259 758721.443  5.60%     -   49s
     0     0 758811.213    0  328 803710.259 758811.213  5.59%     -   49s
     0     0 758816.547    0  319 803710.259 758816.547  5.59%     -   49s
     0     0 758821.360    0  290 803710.259 758821.360  5.59%     -   50s
     0     0 758841.296    0  310 803710.259 758841.296  5.58%     -   50s
     0     0 758846.801    0  347 803710.259 758846.801  5.58%     -   50s
     0     0 758847.988    0  322 803710.259 758847.988  5.58%     -   51s
     0     0 761500.755    0  373 803710.259 761500.755  5.25%     -   54s
     0     0 761686.708    0  338 803710.259 761686.708  5.23%     -   54s
     0     0 761768.519    0  327 803710.259 761768.519  5.22%     -   54s
     0     0 763283.904    0  300 803710.259 763283.904  5.03%     -   56s
H    0     0                    800198.27499 763287.573  4.61%     -   58s
H    0     0                    797910.19888 763287.573  4.34%     -   58s
H    0     0                    797716.08680 763287.573  4.32%     -   59s
H    0     0                    796788.12369 763287.573  4.20%     -   59s
H    0     0                    795835.72955 763287.573  4.09%     -   59s
H    0     0                    795226.67759 763287.573  4.02%     -   59s
H    0     0                    795177.99386 763287.573  4.01%     -   60s
     0     0 763652.525    0  303 795177.994 763652.525  3.96%     -   60s
     0     0 763750.747    0  316 795177.994 763750.747  3.95%     -   61s
     0     0 763754.230    0  324 795177.994 763754.230  3.95%     -   61s
     0     0 765528.032    0  300 795177.994 765528.032  3.73%     -   64s
     0     0 765693.849    0  351 795177.994 765693.849  3.71%     -   65s
     0     0 765716.846    0  321 795177.994 765716.846  3.70%     -   66s
     0     0 765717.189    0  307 795177.994 765717.189  3.70%     -   66s
     0     0 766510.634    0  262 795177.994 766510.634  3.61%     -   68s
     0     0 766611.413    0  303 795177.994 766611.413  3.59%     -   70s
     0     0 766639.397    0  325 795177.994 766639.397  3.59%     -   70s
     0     0 766655.184    0  270 795177.994 766655.184  3.59%     -   70s
     0     0 766655.360    0  282 795177.994 766655.360  3.59%     -   71s
     0     0 767055.288    0  329 795177.994 767055.288  3.54%     -   72s
     0     0 767103.003    0  309 795177.994 767103.003  3.53%     -   72s
     0     0 767162.887    0  301 795177.994 767162.887  3.52%     -   73s
     0     0 767179.713    0  301 795177.994 767179.713  3.52%     -   73s
     0     0 767182.720    0  301 795177.994 767182.720  3.52%     -   73s
     0     0 767848.708    0  275 795177.994 767848.708  3.44%     -   75s
H    0     0                    795048.21923 767855.178  3.42%     -   75s
     0     0 767925.459    0  281 795048.219 767925.459  3.41%     -   76s
     0     0 767936.966    0  307 795048.219 767936.966  3.41%     -   76s
     0     0 767940.621    0  284 795048.219 767940.621  3.41%     -   76s
     0     0 769006.230    0  301 795048.219 769006.230  3.28%     -   78s
     0     0 769141.525    0  373 795048.219 769141.525  3.26%     -   79s
     0     0 769231.636    0  346 795048.219 769231.636  3.25%     -   79s
     0     0 769248.140    0  338 795048.219 769248.140  3.25%     -   79s
     0     0 769267.358    0  345 795048.219 769267.358  3.24%     -   79s
     0     0 769273.230    0  362 795048.219 769273.230  3.24%     -   80s
     0     0 769273.243    0  366 795048.219 769273.243  3.24%     -   80s
     0     0 769998.639    0  272 795048.219 769998.639  3.15%     -   83s
     0     0 770008.112    0  301 795048.219 770008.112  3.15%     -   84s
     0     0 770015.025    0  282 795048.219 770015.025  3.15%     -   85s
     0     0 770020.780    0  317 795048.219 770020.780  3.15%     -   85s
     0     0 770606.967    0  274 795048.219 770606.967  3.07%     -   86s
     0     0 770683.886    0  258 795048.219 770683.886  3.06%     -   87s
     0     0 770686.830    0  272 795048.219 770686.830  3.06%     -   87s
     0     0 771455.367    0  382 795048.219 771455.367  2.97%     -   90s
     0     0 771858.967    0  414 795048.219 771858.967  2.92%     -   91s
     0     0 771858.967    0  443 795048.219 771858.967  2.92%     -   92s
     0     0 772803.174    0  445 795048.219 772803.174  2.80%     -   94s
     0     0 773240.682    0  385 795048.219 773240.682  2.74%     -   98s
     0     0 773285.934    0  408 795048.219 773285.934  2.74%     -   99s
     0     0 773289.039    0  408 795048.219 773289.039  2.74%     -   99s
     0     0 774116.752    0  434 795048.219 774116.752  2.63%     -  102s
     0     0 774578.307    0  458 795048.219 774578.307  2.57%     -  106s
     0     0 774579.698    0  458 795048.219 774579.698  2.57%     -  106s
     0     0 774779.797    0  491 795048.219 774779.797  2.55%     -  107s
     0     0 774897.452    0  470 795048.219 774897.452  2.53%     -  108s
     0     0 774926.868    0  402 795048.219 774926.868  2.53%     -  108s
     0     0 774950.355    0  497 795048.219 774950.355  2.53%     -  109s
     0     0 774950.917    0  463 795048.219 774950.917  2.53%     -  109s
     0     0 775385.116    0  341 795048.219 775385.116  2.47%     -  111s
H    0     0                    794619.19946 775385.985  2.42%     -  114s
     0     0 775510.980    0  425 794619.199 775510.980  2.40%     -  117s
     0     0 775538.441    0  381 794619.199 775538.441  2.40%     -  117s
     0     0 775544.129    0  433 794619.199 775544.129  2.40%     -  117s
     0     0          -    0      794619.199 775544.129  2.40%     -  120s

Cutting planes:
  Learned: 12
  Gomory: 8
  Cover: 142
  Implied bound: 438
  Clique: 122
  MIR: 561
  Knapsack: 21
  StrongCG: 181
  Flow cover: 180
  GUB cover: 44
  Zero half: 6
  Mod-K: 1
  RLT: 333
  Relax-and-lift: 81
  BQP: 25

Explored 1 nodes (82730 simplex iterations) in 120.02 seconds (151.32 work units)
Thread count was 24 (of 24 available processors)

Solution count 10: 794619 795048 795178 ... 803710

Time limit reached
Best objective 7.946191994625e+05, best bound 7.755441286362e+05, gap 2.4005%
