
Gurobi 13.0.2 (linux64, Python) logging started Sat Aug 22 21:03:19 2026

Set parameter LogToConsole to value 0
Set parameter Username
Set parameter LicenseID to value 2748191
Set parameter TimeLimit to value 120
Set parameter LogFile to value "output/bf_qcv_045/new_coils_value/default/period_5/gurobi.log"
Academic license - for non-commercial use only - expires 2026-12-01
Gurobi Optimizer version 13.0.2 build v13.0.2rc1 (linux64 - "Debian GNU/Linux 13 (trixie)")

CPU model: 13th Gen Intel(R) Core(TM) i7-13700HX, instruction set [SSE2|AVX|AVX2]
Thread count: 24 physical cores, 24 logical processors, using up to 24 threads

Non-default parameters:
TimeLimit  120
LogToConsole  0

Optimize a model with 62480 rows, 49980 columns and 166260 nonzeros (Min)
Model fingerprint: 0x74f03010
Model has 255 linear objective coefficients
Variable types: 40290 continuous, 9690 integer (9690 binary)
Coefficient statistics:
  Matrix range     [1e-02, 1e+04]
  Objective range  [2e+04, 5e+04]
  Bounds range     [1e+00, 1e+00]
  RHS range        [4e-01, 1e+05]

Presolve removed 44697 rows and 35754 columns
Presolve time: 0.30s
Presolved: 17783 rows, 14226 columns, 75111 nonzeros
Variable types: 9399 continuous, 4827 integer (4827 binary)
Found heuristic solution: objective 9424647.7538
Found heuristic solution: objective 9381180.7117
Found heuristic solution: objective 2426228.9502
Found heuristic solution: objective 2425167.9319

Root relaxation: objective 1.940895e+06, 10585 iterations, 0.37 seconds (0.87 work units)

    Nodes    |    Current Node    |     Objective Bounds      |     Work
 Expl Unexpl |  Obj  Depth IntInf | Incumbent    BestBd   Gap | It/Node Time

     0     0 1940894.97    0   16 2425167.93 1940894.97  20.0%     -    0s
H    0     0                    2059387.7789 1940894.97  5.75%     -    0s
H    0     0                    2058521.5021 1940894.97  5.71%     -    0s
H    0     0                    2018426.9469 1940894.97  3.84%     -    0s
H    0     0                    2016727.6001 1940894.97  3.76%     -    0s
H    0     0                    2016217.0819 1940894.97  3.74%     -    0s
H    0     0                    2014569.3732 1940894.97  3.66%     -    0s
H    0     0                    2014428.2118 1940894.97  3.65%     -    0s
H    0     0                    2013824.6285 1940894.97  3.62%     -    0s
H    0     0                    2010022.3290 1940894.97  3.44%     -    0s
H    0     0                    1984897.6507 1940894.97  2.22%     -    0s
H    0     0                    1982762.2735 1940894.97  2.11%     -    1s
H    0     0                    1980288.5953 1940894.97  1.99%     -    1s
H    0     0                    1978235.6795 1940894.97  1.89%     -    1s
H    0     0                    1977490.9348 1940894.97  1.85%     -    1s
     0     0 1940894.98    0   22 1977490.93 1940894.98  1.85%     -    1s
H    0     0                    1972200.1244 1940894.99  1.59%     -    1s
     0     0 1940894.99    0   23 1972200.12 1940894.99  1.59%     -    2s
     0     0 1940894.99    0   27 1972200.12 1940894.99  1.59%     -    2s
     0     0 1940894.99    0   19 1972200.12 1940894.99  1.59%     -    2s
     0     0 1940894.99    0   19 1972200.12 1940894.99  1.59%     -    2s
     0     0 1940894.99    0   15 1972200.12 1940894.99  1.59%     -    2s
     0     0 1940894.99    0   25 1972200.12 1940894.99  1.59%     -    3s
     0     0 1940894.99    0   23 1972200.12 1940894.99  1.59%     -    3s
     0     0 1940894.99    0   29 1972200.12 1940894.99  1.59%     -    3s
H    0     0                    1967053.9541 1940894.99  1.33%     -    3s
H    0     0                    1966801.4485 1940894.99  1.32%     -    3s
     0     0 1940894.99    0   33 1966801.45 1940894.99  1.32%     -    3s
     0     0 1940895.00    0   27 1966801.45 1940895.00  1.32%     -    3s
     0     0 1940895.00    0   27 1966801.45 1940895.00  1.32%     -    3s
     0     0 1940895.00    0   27 1966801.45 1940895.00  1.32%     -    3s
     0     0 1940895.00    0   19 1966801.45 1940895.00  1.32%     -    3s
     0     2 1940895.25    0   19 1966801.45 1940895.25  1.32%     -    4s
H   98   104                    1966707.4286 1940895.25  1.31%   5.4    4s
   103   480 1940895.25    8   27 1966707.43 1940895.25  1.31%   5.3    5s
H  482   504                    1966540.5473 1940895.25  1.30%   3.5    5s
H  780   896                    1961093.3903 1940895.25  1.03%   3.3    7s
H  781   896                    1959605.0073 1940895.25  0.95%   3.3    7s
H  879   896                    1959574.8346 1940895.25  0.95%   3.3    7s
H 3847  4513                    1953487.4674 1940895.25  0.64%   5.7    8s
  5975  6812 1946836.35  201   14 1953487.47 1940895.25  0.64%   7.1   10s
H 7232  6708                    1951245.0174 1940895.25  0.53%   8.1   10s
H 7307  6702                    1950440.3853 1940895.25  0.49%   8.2   10s
H 7438  7758                    1948238.6888 1940895.25  0.38%   8.2   11s
H 7476  7338                    1945999.6482 1940895.25  0.26%   8.3   11s
H10772 10306                    1945732.4365 1940895.25  0.25%   8.3   12s
H11472 10305                    1945484.7395 1940895.25  0.24%   8.4   12s
H12211  9784                    1945329.0140 1940895.25  0.23%   8.4   15s
H12211  9294                    1945300.1328 1940895.25  0.23%   8.4   15s
H12211  8830                    1945117.2898 1940895.25  0.22%   8.4   15s
H12291  8449                    1944805.5497 1940895.25  0.20%   9.0   17s
H12307  8049                    1944698.8029 1940895.25  0.20%   9.0   17s
H12623  7993                    1944696.6822 1940895.25  0.20%   8.8   18s
H12788  8068                    1944662.4787 1940895.25  0.19%   8.8   19s
 13289  9090 1940895.25   32   14 1944662.48 1940895.25  0.19%   8.5   21s
H14548  8761                    1944641.7975 1940895.25  0.19%   8.5   22s
H14961  8278                    1944450.5249 1940895.25  0.18%   8.6   22s
 15609  9779 1940896.43   57   11 1944450.52 1940895.25  0.18%   8.7   25s
H17115  8894                    1944234.4402 1940895.25  0.17%   8.7   25s
 27011 12781 1940897.39   61   19 1944234.44 1940895.25  0.17%   8.8   30s
H27205 12353                    1944229.5750 1940895.25  0.17%   9.0   34s
H27274 11723                    1944182.2600 1940895.25  0.17%   9.0   34s
 27287 12401 1940895.37   33   21 1944182.26 1940895.25  0.17%   9.0   35s
H29036 12212                    1944181.7298 1940895.25  0.17%   9.0   38s
 29099 13935 1940895.30   79   15 1944181.73 1940895.25  0.17%   9.0   40s
H35294 14656                    1944177.4875 1940895.25  0.17%   9.0   42s
H35328 14071                    1944165.1981 1940895.25  0.17%   9.0   42s
H35386 13433                    1944161.3423 1940895.25  0.17%   9.0   42s
H35397 13415                    1944156.4771 1940895.25  0.17%   9.0   43s
H36330 12720                    1944154.3564 1940895.25  0.17%   9.3   44s
H36479 12124                    1944016.8139 1940895.25  0.16%   9.4   44s
 36501 12891 1940973.91  222   12 1944016.81 1940895.25  0.16%   9.5   45s
H39797 13392                    1944007.1364 1940895.25  0.16%  10.6   47s
 44534 15119 1940896.70   92   12 1944007.14 1940895.25  0.16%  11.2   50s
H51646 16629                    1943977.8923 1940895.25  0.16%  11.6   54s
 51647 18432 1943497.57  282   12 1943977.89 1940895.25  0.16%  11.6   55s
 60815 25406 1943501.05  342   10 1943977.89 1940895.25  0.16%  12.1   60s
H63242 25764                    1943958.0084 1940895.25  0.16%  12.0   61s
 71149 32900 1942324.46  329   13 1943958.01 1940895.25  0.16%  11.9   65s
H71307 29596                    1943676.1740 1940895.25  0.14%  11.9   65s
H72199 27345                    1943447.4082 1940895.25  0.13%  12.0   67s
H72202 27233                    1943408.9624 1940895.25  0.13%  12.0   67s
H72225 26533                    1943241.8690 1940895.25  0.12%  12.0   67s
H76155 30773                    1943237.2555 1940895.25  0.12%  11.7   69s
H76417 30571                    1943205.1201 1940895.25  0.12%  11.7   69s
 80509 32620 1940897.27   59   19 1943205.12 1940895.25  0.12%  11.5   71s
 81933 33924 1940899.06   83   11 1943205.12 1940895.25  0.12%  11.4   75s
H82127 32228                    1943204.3007 1940895.25  0.12%  11.4   75s
 84767 35946     cutoff  171      1943204.30 1940895.25  0.12%  11.6   81s
H100149 38853                    1943202.1801 1940895.25  0.12%  10.7   83s
 102888 40008 1943165.29  283   11 1943202.18 1940895.25  0.12%  10.7   85s
 105640 40968 1940900.19  120   19 1943202.18 1940895.25  0.12%  10.7   90s
 106738 42037 1940914.68   80   13 1943202.18 1940914.48  0.12%  10.6   95s
H110438 42299                    1943199.7220 1940914.48  0.12%  10.5   98s
 115075 45583 1940914.83   68   13 1943199.72 1940914.48  0.12%  10.4  100s
H118595 42545                    1943198.8062 1940914.48  0.12%  10.3  101s
H118627 40682                    1943198.2279 1940914.48  0.12%  10.4  101s
 131763 47038 1941311.38  168   11 1943198.23 1940914.48  0.12%  10.5  105s
 147786 51734     cutoff  150      1943198.23 1940914.48  0.12%  10.6  110s
 184678 64384 1940914.52  120   11 1943198.23 1940914.48  0.12%   9.1  115s
 223780 75081 1940915.07   91   11 1943198.23 1940914.48  0.12%   8.0  120s

Cutting planes:
  Projected implied bound: 2
  Flow cover: 1

Explored 225063 nodes (1813856 simplex iterations) in 120.02 seconds (108.97 work units)
Thread count was 24 (of 24 available processors)

Solution count 10: 1.9432e+06 1.9432e+06 1.9432e+06 ... 1.94345e+06

Time limit reached
Best objective 1.943198227874e+06, best bound 1.940914482755e+06, gap 0.1175%
