
Gurobi 13.0.2 (linux64, Python) logging started Thu Aug 13 19:32:35 2026

Set parameter LogToConsole to value 0
Set parameter Username
Set parameter LicenseID to value 2748191
Set parameter TimeLimit to value 120
Set parameter LogFile to value "output/bz_nbr7008_075/weighted_loss/retail_y_2__retail_v_2__rolled_leftover_2/period_3/gurobi.log"
Academic license - for non-commercial use only - expires 2026-12-01
Gurobi Optimizer version 13.0.2 build v13.0.2rc1 (linux64 - "Debian GNU/Linux 13 (trixie)")

CPU model: 13th Gen Intel(R) Core(TM) i7-13700HX, instruction set [SSE2|AVX|AVX2]
Thread count: 24 physical cores, 24 logical processors, using up to 24 threads

Non-default parameters:
TimeLimit  120
LogToConsole  0

Optimize a model with 13860 rows, 9358 columns and 38919 nonzeros (Min)
Model fingerprint: 0xad7d914e
Model has 3225 linear objective coefficients and an objective constant of 1.8940226515520003e+05
Variable types: 7628 continuous, 1730 integer (1730 binary)
Coefficient statistics:
  Matrix range     [1e-02, 8e+03]
  Objective range  [1e+01, 8e+04]
  Bounds range     [1e+00, 1e+00]
  RHS range        [4e-02, 2e+04]

Presolve removed 10815 rows and 7194 columns
Presolve time: 0.12s
Presolved: 3045 rows, 2164 columns, 15505 nonzeros
Variable types: 1378 continuous, 786 integer (785 binary)

Root relaxation: objective 2.285624e+05, 1952 iterations, 0.05 seconds (0.10 work units)

    Nodes    |    Current Node    |     Objective Bounds      |     Work
 Expl Unexpl |  Obj  Depth IntInf | Incumbent    BestBd   Gap | It/Node Time

     0     0 228562.417    0  109          - 228562.417      -     -    0s
     0     0 228763.656    0  100          - 228763.656      -     -    0s
     0     0 232301.503    0   69          - 232301.503      -     -    0s
H    0     0                    390686.21445 232301.552  40.5%     -    0s
H    0     0                    390082.28628 232301.552  40.4%     -    0s
H    0     0                    361164.62490 232301.552  35.7%     -    0s
H    0     0                    356511.04140 232301.552  34.8%     -    0s
H    0     0                    356505.35170 232301.552  34.8%     -    0s
H    0     0                    356500.61029 232301.552  34.8%     -    0s
     0     0 232301.813    0   72 356500.610 232301.813  34.8%     -    0s
     0     0 240401.352    0   95 356500.610 240401.352  32.6%     -    0s
     0     0 240787.987    0   95 356500.610 240787.987  32.5%     -    0s
     0     0 240792.475    0  103 356500.610 240792.475  32.5%     -    0s
     0     0 240792.475    0  105 356500.610 240792.475  32.5%     -    0s
     0     0 241545.803    0  112 356500.610 241545.803  32.2%     -    0s
     0     0 241565.583    0  127 356500.610 241565.583  32.2%     -    0s
     0     0 241565.698    0  130 356500.610 241565.698  32.2%     -    0s
H    0     0                    345785.14817 241819.316  30.1%     -    0s
H    0     0                    345481.97256 241819.316  30.0%     -    0s
     0     0 241819.316    0   89 345481.973 241819.316  30.0%     -    0s
H    0     0                    345198.01440 241819.489  29.9%     -    0s
H    0     0                    342218.29077 241819.489  29.3%     -    0s
H    0     0                    338673.85923 241819.489  28.6%     -    0s
     0     0 241819.489    0  112 338673.859 241819.489  28.6%     -    0s
H    0     0                    335991.93947 241819.809  28.0%     -    0s
H    0     0                    334466.17382 241819.809  27.7%     -    0s
H    0     0                    333955.35678 241819.809  27.6%     -    0s
     0     0 241819.809    0   91 333955.357 241819.809  27.6%     -    0s
     0     0 241830.275    0  112 333955.357 241830.275  27.6%     -    0s
     0     0 241830.724    0  119 333955.357 241830.724  27.6%     -    0s
     0     0 241830.746    0  117 333955.357 241830.746  27.6%     -    0s
     0     0 241850.172    0  147 333955.357 241850.172  27.6%     -    0s
     0     0 241850.851    0  147 333955.357 241850.851  27.6%     -    0s
     0     0 241850.851    0  147 333955.357 241850.851  27.6%     -    0s
     0     0 241850.851    0  146 333955.357 241850.851  27.6%     -    0s
H    0     0                    332787.26147 241851.072  27.3%     -    1s
H    0     0                    328210.03328 241851.072  26.3%     -    1s
     0     2 241851.072    0  146 328210.033 241851.072  26.3%     -    1s
H    9    16                    319981.74564 241889.904  24.4%  91.0    1s
H   21    30                    319730.01029 241895.061  24.3%   120    1s
H   96   102                    319702.26747 241974.530  24.3%   159    1s
H  593   506                    317778.22966 241974.530  23.9%   121    3s
H  759   584                    317778.22959 241974.530  23.9%   114    3s
H  770   584                    317474.09877 241974.530  23.8%   114    3s
H  870   638                    313209.13605 241974.530  22.7%   113    4s
H 1020   690                    312063.90040 241988.749  22.5%   110    4s
H 1022   690                    311886.63098 241988.749  22.4%   110    4s
H 1084   761                    311629.84167 241988.749  22.3%   109    4s
H 1332   864                    311313.84008 241988.749  22.3%   108    4s
H 1384   864                    311313.84005 241988.749  22.3%   106    4s
  1992  1210 infeasible   19      311313.840 242032.394  22.3%   103    5s
H 2543  1378                    311306.63313 242092.716  22.2%  98.3    5s
H 3110  1664                    311229.81773 242092.716  22.2%  96.3    5s
H 3745  1951                    309721.91404 242204.857  21.8%  95.4    6s
H 4374  2053                    290515.65286 242340.307  16.6%  94.4    7s
H 4374  1951                    290515.19081 242340.307  16.6%  94.4    7s
H 4388  1862                    285081.27608 246988.565  13.4%  94.1    8s
H 4388  1769                    283169.77926 246988.565  12.8%  94.1    8s
H 4388  1680                    281138.61604 246988.565  12.1%  94.1    8s
H 4388  1596                    279168.40132 251626.214  9.87%  94.1    8s
H 4401  1523                    279000.53600 251626.214  9.81%  93.8    9s
H 4402  1447                    275230.62682 251626.214  8.58%  93.8    9s
H 4407  1377                    275150.84587 251626.214  8.55%  93.7    9s
  4413  1381 262343.456   32  145 275150.846 251626.214  8.55%  93.6   10s
H 4429  1324                    273329.42126 251626.214  7.94%  96.0   11s
  4668  1493 254183.000   37   78 273329.421 252872.756  7.48%   102   15s
H 5044  1480                    269939.68028 252914.004  6.31%   105   15s
H 6387  1481                    269712.85460 254382.136  5.68%   106   17s
H 7521  1426                    267866.56659 254395.164  5.03%   105   18s
H 8199  1450                    267723.40887 254463.738  4.95%   104   19s
  9021  1723 262479.123   39  129 267723.409 255362.246  4.62%   105   20s
H 9333  1711                    267022.81925 255603.721  4.28%   104   20s
H 9440  1701                    266943.50035 255678.294  4.22%   104   20s
H11578  2009                    266768.29616 256254.795  3.94%   102   22s
 15311  2621     cutoff   45      266768.296 257206.481  3.58%   104   25s
 23439  3484 265425.713   50   17 266768.296 259616.074  2.68%   108   30s
 29551  3653 264897.191   48   39 266768.296 260458.387  2.37%   109   35s
 36500  3289     cutoff   43      266768.296 261718.179  1.89%   109   40s
 44965  1838     cutoff   46      266768.296 263336.458  1.29%   107   45s

Cutting planes:
  Learned: 16
  Gomory: 15
  Cover: 117
  Implied bound: 51
  Projected implied bound: 20
  MIR: 707
  Mixing: 1
  StrongCG: 34
  Flow cover: 417
  GUB cover: 26
  Zero half: 4
  Network: 2
  RLT: 10
  Relax-and-lift: 23

Explored 51431 nodes (5378704 simplex iterations) in 47.78 seconds (53.84 work units)
Thread count was 24 (of 24 available processors)

Solution count 10: 266768 266768 266944 ... 275151

Optimal solution found (tolerance 1.00e-04)
Best objective 2.667682961632e+05, best bound 2.667682961632e+05, gap 0.0000%
