
Gurobi 13.0.2 (linux64, Python) logging started Thu May 28 12:56:04 2026

Set parameter LogToConsole to value 0
Set parameter Username
Set parameter LicenseID to value 2748191
Set parameter TimeLimit to value 600
Set parameter LogFile to value "output/bz_nbr7008_043/period_2/gurobi.log"
Academic license - for non-commercial use only - expires 2026-12-01
Gurobi Optimizer version 13.0.2 build v13.0.2rc1 (linux64 - "Debian GNU/Linux 13 (trixie)")

CPU model: 13th Gen Intel(R) Core(TM) i7-13700HX, instruction set [SSE2|AVX|AVX2]
Thread count: 24 physical cores, 24 logical processors, using up to 24 threads

Non-default parameters:
TimeLimit  600
LogToConsole  0

Optimize a model with 201152 rows, 134608 columns and 704664 nonzeros (Min)
Model fingerprint: 0xc5b7d09f
Model has 108 linear objective coefficients
Variable types: 110928 continuous, 23680 integer (23680 binary)
Coefficient statistics:
  Matrix range     [3e-03, 1e+04]
  Objective range  [3e+04, 7e+04]
  Bounds range     [1e+00, 1e+00]
  RHS range        [1e-01, 3e+04]

Presolve removed 119652 rows and 83047 columns
Presolve time: 3.44s
Presolved: 81500 rows, 51561 columns, 814182 nonzeros
Variable types: 33745 continuous, 17816 integer (17768 binary)
Deterministic concurrent LP optimizer: primal simplex, dual simplex, and barrier
Showing barrier log only...

Root barrier log...

Ordering time: 0.41s

Barrier statistics:
 Dense cols : 27
 AA' NZ     : 7.100e+06
 Factor NZ  : 1.215e+07 (roughly 140 MB of memory)
 Factor Ops : 3.445e+09 (less than 1 second per iteration)
 Threads    : 21

                  Objective                Residual
Iter       Primal          Dual         Primal    Dual     Compl     Time
   0   1.58265412e+08 -3.11212274e+09  2.76e+06 1.20e+01  8.56e+05     5s
   1   1.86620394e+08 -2.81668709e+09  1.74e+06 7.77e+01  4.74e+05     5s
   2   4.67105202e+07 -2.32860011e+09  5.29e+05 1.72e+01  1.52e+05     5s
   3   1.77398009e+07 -1.26248587e+09  1.58e+05 3.63e-01  4.60e+04     5s
   4   6.86655750e+06 -3.16250937e+08  2.37e+04 6.34e-11  7.08e+03     5s
   5   5.12661017e+06 -1.46171826e+08  3.63e+03 4.81e-11  1.71e+03     5s
   6   4.91313707e+06 -3.03008750e+07  1.50e+03 2.11e-11  4.13e+02     5s
   7   4.82259684e+06 -1.24340138e+07  9.71e+02 1.25e-11  2.00e+02     5s
   8   4.04713235e+06 -8.75985604e+06  4.21e+02 9.32e-12  1.21e+02     5s
   9   3.51104617e+06 -5.63265675e+06  1.83e+02 6.71e-12  7.65e+01     6s
  10   3.02009030e+06 -3.69306050e+06  1.14e+02 5.00e-12  5.42e+01     6s
  11   1.93133017e+06 -2.74605192e+06  4.86e+01 3.87e-12  3.58e+01     6s
  12   1.40810427e+06 -3.68230755e+05  2.63e+01 4.48e-12  1.40e+01     6s
  13   1.17778960e+06 -1.74120361e+05  1.76e+01 6.22e-12  1.05e+01     6s
  14   1.15156860e+06 -1.11173169e+05  1.66e+01 7.70e-12  9.85e+00     6s
  15   1.01528482e+06  9.39857920e+04  1.08e+01 3.81e-12  7.15e+00     6s
  16   9.56846752e+05  3.57160159e+05  8.16e+00 7.38e-12  4.76e+00     6s
  17   9.11347983e+05  4.54319077e+05  6.15e+00 4.22e-12  3.64e+00     6s
  18   8.32340992e+05  5.50771146e+05  2.95e+00 5.35e-12  2.19e+00     6s
  19   8.21425047e+05  5.73799421e+05  2.55e+00 4.43e-12  1.93e+00     6s
  20   8.00861874e+05  6.39141020e+05  1.79e+00 4.58e-12  1.27e+00     6s
  21   7.77574837e+05  6.90517448e+05  9.00e-01 5.48e-12  6.77e-01     6s
  22   7.65858521e+05  7.10859408e+05  5.12e-01 4.11e-12  4.23e-01     6s
  23   7.61417648e+05  7.13073649e+05  3.91e-01 3.80e-12  3.68e-01     6s
  24   7.59263956e+05  7.21587979e+05  3.34e-01 4.90e-12  2.88e-01     6s
  25   7.56318726e+05  7.33147046e+05  2.59e-01 3.45e-12  1.80e-01     6s
  26   7.54332970e+05  7.39537877e+05  1.89e-01 4.16e-12  1.16e-01     7s
  27   7.49356959e+05  7.41702488e+05  7.39e-02 3.20e-12  5.82e-02     7s
  28   7.48157430e+05  7.43798963e+05  4.47e-02 3.51e-12  3.32e-02     7s
  29   7.46880529e+05  7.44877669e+05  1.59e-02 3.53e-12  1.50e-02     7s
  30   7.46551567e+05  7.45408480e+05  9.38e-03 3.78e-12  8.56e-03     7s
  31   7.46436320e+05  7.45669166e+05  7.14e-03 3.04e-12  5.79e-03     7s
  32   7.46256064e+05  7.45871979e+05  3.84e-03 3.58e-12  2.91e-03     7s
  33   7.46150077e+05  7.45932457e+05  2.06e-03 2.70e-12  1.65e-03     7s
  34   7.46124511e+05  7.45958326e+05  1.67e-03 4.15e-12  1.26e-03     7s
  35   7.46103509e+05  7.45983757e+05  1.35e-03 3.28e-12  9.17e-04     7s
  36   7.46062993e+05  7.45995149e+05  7.20e-04 3.61e-12  5.17e-04     7s
  37   7.46038989e+05  7.46000044e+05  3.78e-04 3.39e-12  2.95e-04     7s
  38   7.46024420e+05  7.46005318e+05  1.71e-04 3.14e-12  1.44e-04     7s
  39   7.46015538e+05  7.46009852e+05  5.20e-05 4.80e-12  4.30e-05     7s
  40   7.46011172e+05  7.46010668e+05  1.11e-06 3.27e-12  3.63e-06     7s
  41   7.46011105e+05  7.46010984e+05  6.90e-07 4.12e-12  9.00e-07     7s
  42   7.46011067e+05  7.46010991e+05  8.50e-07 3.33e-12  5.67e-07     7s
  43   7.46010993e+05  7.46010993e+05  1.46e-07 6.52e-12  1.03e-09     8s

Barrier solved model in 43 iterations and 7.51 seconds (13.73 work units)
Optimal objective 7.46010993e+05


Root crossover log...

   42765 DPushes remaining with DInf 9.8095874e-02                 8s
       0 DPushes remaining with DInf 0.0000000e+00                 8s

     166 PPushes remaining with PInf 8.4394500e-02                 8s
       0 PPushes remaining with PInf 0.0000000e+00                 8s

  Push phase complete: Pinf 0.0000000e+00, Dinf 2.8191822e+03      8s


Root simplex log...

Iteration    Objective       Primal Inf.    Dual Inf.      Time
   32501    7.4601099e+05   0.000000e+00   2.819182e+03      8s
   32594    7.4601099e+05   0.000000e+00   0.000000e+00      8s
Crossover time: 0.42 seconds (0.63 work units)
Concurrent spin time: 0.20s

Solved with barrier
   32595    7.4601099e+05   0.000000e+00   0.000000e+00      8s

Extra simplex iterations after uncrush: 1

Root relaxation: objective 7.460110e+05, 32595 iterations, 4.28 seconds (6.77 work units)

    Nodes    |    Current Node    |     Objective Bounds      |     Work
 Expl Unexpl |  Obj  Depth IntInf | Incumbent    BestBd   Gap | It/Node Time

     0     0 746010.993    0  138          - 746010.993      -     -    8s
     0     0 746010.993    0  127          - 746010.993      -     -    8s
H    0     0                    1244623.2617 746010.993  40.1%     -    9s
H    0     0                    1122147.8861 746010.993  33.5%     -    9s
H    0     0                    1058622.1165 746010.993  29.5%     -    9s
H    0     0                    1048360.1594 746010.993  28.8%     -    9s
H    0     0                    993007.20529 746010.993  24.9%     -    9s
H    0     0                    986851.17948 746010.993  24.4%     -    9s
H    0     0                    961511.95901 746010.993  22.4%     -   10s
H    0     0                    930311.81525 746010.993  19.8%     -   10s
H    0     0                    926811.71133 746010.993  19.5%     -   10s
H    0     0                    922722.74303 746010.993  19.2%     -   10s
H    0     0                    912801.43756 746010.993  18.3%     -   12s
H    0     0                    903234.80830 746010.993  17.4%     -   12s
H    0     0                    869870.73325 746010.993  14.2%     -   12s
H    0     0                    869823.29514 746010.993  14.2%     -   13s
H    0     0                    863951.75502 746010.993  13.7%     -   15s
H    0     0                    858369.86733 746010.993  13.1%     -   15s
H    0     0                    857970.68766 746010.993  13.0%     -   15s
     0     0 746027.836    0  132 857970.688 746027.836  13.0%     -   15s
H    0     0                    850393.04770 746027.915  12.3%     -   16s
H    0     0                    845698.02464 746027.915  11.8%     -   16s
H    0     0                    844197.54849 746027.915  11.6%     -   17s
H    0     0                    840838.79747 746027.915  11.3%     -   17s
H    0     0                    839457.15718 746027.915  11.1%     -   17s
H    0     0                    839009.46355 746027.915  11.1%     -   17s
H    0     0                    836387.72567 746027.915  10.8%     -   17s
H    0     0                    836043.70807 746027.915  10.8%     -   17s
H    0     0                    833458.38575 746027.915  10.5%     -   17s
H    0     0                    833069.59000 746027.915  10.4%     -   17s
     0     0 746027.915    0  133 833069.590 746027.915  10.4%     -   18s
     0     0 746048.326    0  118 833069.590 746048.326  10.4%     -   19s
H    0     0                    832084.94385 746048.344  10.3%     -   19s
     0     0 746048.344    0  130 832084.944 746048.344  10.3%     -   19s
H    0     0                    831923.22799 746048.344  10.3%     -   21s
H    0     0                    827022.67452 751764.752  9.10%     -   24s
H    0     0                    826962.44780 751764.752  9.09%     -   24s
     0     0 751764.752    0  162 826962.448 751764.752  9.09%     -   24s
H    0     0                    826647.37787 751771.711  9.06%     -   25s
H    0     0                    826573.59740 751771.711  9.05%     -   25s
H    0     0                    824827.36175 751771.711  8.86%     -   25s
     0     0 752508.284    0  169 824827.362 752508.284  8.77%     -   26s
     0     0 752508.406    0  166 824827.362 752508.406  8.77%     -   26s
H    0     0                    816243.29939 753633.774  7.67%     -   28s
H    0     0                    807805.65624 753633.774  6.71%     -   28s
H    0     0                    805839.43404 753633.774  6.48%     -   28s
H    0     0                    805232.02949 753633.774  6.41%     -   28s
H    0     0                    805121.68670 753633.774  6.40%     -   28s
H    0     0                    804697.61944 753633.774  6.35%     -   28s
     0     0 753633.774    0  223 804697.619 753633.774  6.35%     -   29s
     0     0 753856.502    0  254 804697.619 753856.502  6.32%     -   29s
     0     0 753856.647    0  250 804697.619 753856.647  6.32%     -   30s
H    0     0                    804606.19625 753856.647  6.31%     -   30s
     0     0 754803.482    0  313 804606.196 754803.482  6.19%     -   32s
H    0     0                    804538.49079 754803.492  6.18%     -   32s
H    0     0                    803984.72074 754803.492  6.12%     -   32s
H    0     0                    801655.17071 754803.492  5.84%     -   32s
H    0     0                    801644.51353 754803.492  5.84%     -   33s
     0     0 754810.770    0  328 801644.514 754810.770  5.84%     -   33s
     0     0 756302.244    0  348 801644.514 756302.244  5.66%     -   37s
     0     0 756479.181    0  347 801644.514 756479.181  5.63%     -   40s
     0     0 756480.362    0  347 801644.514 756480.362  5.63%     -   40s
     0     0 756485.039    0  344 801644.514 756485.039  5.63%     -   41s
     0     0 756485.890    0  344 801644.514 756485.890  5.63%     -   41s
     0     0 756490.535    0  343 801644.514 756490.535  5.63%     -   41s
     0     0 756498.887    0  333 801644.514 756498.887  5.63%     -   41s
     0     0 756500.994    0  334 801644.514 756500.994  5.63%     -   41s
     0     0 763533.649    0  259 801644.514 763533.649  4.75%     -   44s
     0     0 764093.885    0  265 801644.514 764093.885  4.68%     -   46s
     0     0 764303.934    0  252 801644.514 764303.934  4.66%     -   46s
     0     0 764311.985    0  226 801644.514 764311.985  4.66%     -   46s
     0     0 764312.059    0  238 801644.514 764312.059  4.66%     -   47s
     0     0 765598.957    0  327 801644.514 765598.957  4.50%     -   49s
     0     0 766038.859    0  307 801644.514 766038.859  4.44%     -   49s
     0     0 766038.859    0  306 801644.514 766038.859  4.44%     -   50s
     0     0 766038.859    0  304 801644.514 766038.859  4.44%     -   50s
     0     0 766240.621    0  290 801644.514 766240.621  4.42%     -   50s
     0     0 766353.126    0  292 801644.514 766353.126  4.40%     -   50s
     0     0 766370.930    0  311 801644.514 766370.930  4.40%     -   50s
     0     0 766371.516    0  312 801644.514 766371.516  4.40%     -   50s
H    0     0                    800854.45517 767894.065  4.12%     -   52s
     0     0 767894.065    0  311 800854.455 767894.065  4.12%     -   52s
H    0     0                    799877.46396 767894.746  4.00%     -   54s
H    0     0                    799791.15287 767894.746  3.99%     -   55s
H    0     0                    798264.40610 767894.746  3.80%     -   55s
H    0     0                    797382.96315 767894.746  3.70%     -   55s
     0     0 768045.622    0  301 797382.963 768045.622  3.68%     -   56s
     0     0 768065.855    0  299 797382.963 768065.855  3.68%     -   56s
     0     0 768065.855    0  300 797382.963 768065.855  3.68%     -   57s
     0     0 768775.887    0  305 797382.963 768775.887  3.59%     -   58s
     0     0 768875.818    0  303 797382.963 768875.818  3.58%     -   59s
     0     0 768897.715    0  311 797382.963 768897.715  3.57%     -   59s
     0     0 768904.519    0  304 797382.963 768904.519  3.57%     -   59s
     0     0 768916.222    0  363 797382.963 768916.222  3.57%     -   59s
     0     0 768918.278    0  364 797382.963 768918.278  3.57%     -   60s
     0     0 770671.807    0  330 797382.963 770671.807  3.35%     -   62s
H    0     0                    797064.05199 770678.167  3.31%     -   62s
H    0     0                    797015.54658 770678.167  3.30%     -   63s
     0     0 771067.800    0  345 797015.547 771067.800  3.26%     -   63s
     0     0 771111.121    0  404 797015.547 771111.121  3.25%     -   64s
     0     0 771112.066    0  392 797015.547 771112.066  3.25%     -   64s
     0     0 771668.034    0  358 797015.547 771668.034  3.18%     -   66s
     0     0 771727.348    0  307 797015.547 771727.348  3.17%     -   66s
     0     0 771759.845    0  341 797015.547 771759.845  3.17%     -   67s
     0     0 771769.070    0  324 797015.547 771769.070  3.17%     -   67s
     0     0 772360.021    0  355 797015.547 772360.021  3.09%     -   68s
H    0     0                    795127.58064 772395.492  2.86%     -   69s
     0     0 772602.111    0  336 795127.581 772602.111  2.83%     -   70s
     0     0 772771.507    0  338 795127.581 772771.507  2.81%     -   71s
     0     0 772776.189    0  354 795127.581 772776.189  2.81%     -   71s
     0     0 774702.039    0  377 795127.581 774702.039  2.57%     -   74s
     0     0 775111.981    0  431 795127.581 775111.981  2.52%     -   75s
     0     0 775144.123    0  366 795127.581 775144.123  2.51%     -   75s
     0     0 775158.969    0  373 795127.581 775158.969  2.51%     -   76s
     0     0 775162.619    0  387 795127.581 775162.619  2.51%     -   76s
     0     0 777476.294    0  401 795127.581 777476.294  2.22%     -   80s
     0     0 777610.643    0  345 795127.581 777610.643  2.20%     -   82s
     0     0 777663.252    0  387 795127.581 777663.252  2.20%     -   83s
     0     0 777664.281    0  396 795127.581 777664.281  2.20%     -   83s
     0     0 778221.598    0  418 795127.581 778221.598  2.13%     -   85s
H    0     0                    794871.24778 778368.481  2.08%     -   89s
     0     0 778368.481    0  410 794871.248 778368.481  2.08%     -   89s
     0     0 778384.099    0  399 794871.248 778384.099  2.07%     -   90s
     0     0 778388.901    0  417 794871.248 778388.901  2.07%     -   90s
     0     0 778789.091    0  465 794871.248 778789.091  2.02%     -   93s
H    0     0                    794767.90047 778793.968  2.01%     -   94s
H    0     0                    794255.08657 778793.968  1.95%     -   94s
     0     0 779026.359    0  411 794255.087 779026.359  1.92%     -   97s
     0     0 779078.000    0  360 794255.087 779078.000  1.91%     -   98s
     0     0 779086.117    0  390 794255.087 779086.117  1.91%     -   98s
     0     0 779089.404    0  475 794255.087 779089.404  1.91%     -   98s
     0     0 779557.531    0  415 794255.087 779557.531  1.85%     -  102s
H    0     0                    794136.56674 779560.908  1.84%     -  103s
     0     0 779651.824    0  378 794136.567 779651.824  1.82%     -  106s
     0     0 779724.876    0  369 794136.567 779724.876  1.81%     -  107s
     0     0 779745.627    0  404 794136.567 779745.627  1.81%     -  108s
     0     0 779750.192    0  388 794136.567 779750.192  1.81%     -  108s
     0     0 779982.231    0  367 794136.567 779982.231  1.78%     -  110s
     0     0 780121.617    0  362 794136.567 780121.617  1.76%     -  116s
     0     0 780235.875    0  399 794136.567 780235.875  1.75%     -  117s
     0     0 780296.024    0  366 794136.567 780296.024  1.74%     -  118s
     0     0 780308.208    0  408 794136.567 780308.208  1.74%     -  118s
     0     0 780312.543    0  357 794136.567 780312.543  1.74%     -  119s
     0     0 780982.594    0  312 794136.567 780982.594  1.66%     -  120s
     0     0 781402.042    0  365 794136.567 781402.042  1.60%     -  123s
     0     0 781426.800    0  300 794136.567 781426.800  1.60%     -  124s
     0     0 781426.800    0  299 794136.567 781426.800  1.60%     -  124s
     0     0 781431.800    0  298 794136.567 781431.800  1.60%     -  124s
     0     0 781431.800    0  296 794136.567 781431.800  1.60%     -  124s
     0     0 781961.734    0  298 794136.567 781961.734  1.53%     -  126s
H    0     0                    793892.57896 781961.781  1.50%     -  127s
H    0     0                    793563.32207 781961.781  1.46%     -  127s
     0     0 782092.122    0  370 793563.322 782092.122  1.45%     -  128s
     0     0 782238.845    0  342 793563.322 782238.845  1.43%     -  129s
     0     0 782255.234    0  336 793563.322 782255.234  1.42%     -  129s
     0     0 782289.962    0  345 793563.322 782289.962  1.42%     -  129s
     0     0 782292.040    0  295 793563.322 782292.040  1.42%     -  130s
     0     0 782537.761    0  309 793563.322 782537.761  1.39%     -  132s
     0     0 782615.135    0  310 793563.322 782615.135  1.38%     -  133s
     0     0 782623.330    0  296 793563.322 782623.330  1.38%     -  133s
     0     0 782623.330    0  296 793563.322 782623.330  1.38%     -  133s
     0     0 782623.767    0  265 793563.322 782623.767  1.38%     -  134s
     0     0 782629.750    0  316 793563.322 782629.750  1.38%     -  134s
     0     0 782799.676    0  225 793563.322 782799.676  1.36%     -  136s
     0     0 782826.090    0  288 793563.322 782826.090  1.35%     -  137s
     0     0 782828.754    0  281 793563.322 782828.754  1.35%     -  137s
     0     0 782996.598    0  274 793563.322 782996.598  1.33%     -  139s
     0     0 783041.908    0  352 793563.322 783041.908  1.33%     -  140s
     0     0 783088.190    0  309 793563.322 783088.190  1.32%     -  142s
     0     0 783093.390    0  356 793563.322 783093.390  1.32%     -  143s
     0     0 783195.247    0  306 793563.322 783195.247  1.31%     -  144s
H    0     0                    793500.25316 783212.948  1.30%     -  145s
     0     0 783241.972    0  343 793500.253 783241.972  1.29%     -  145s
     0     0 783243.407    0  335 793500.253 783243.407  1.29%     -  145s
     0     0 783311.864    0  242 793500.253 783311.864  1.28%     -  147s
     0     0 783339.634    0  222 793500.253 783339.634  1.28%     -  151s
     0     0 783369.924    0  245 793500.253 783369.924  1.28%     -  151s
     0     0 783375.312    0  261 793500.253 783375.312  1.28%     -  152s
     0     0 783433.545    0  171 793500.253 783433.545  1.27%     -  153s
H    0     0                    793444.32374 783433.649  1.26%     -  154s
     0     0 783457.547    0  227 793444.324 783457.547  1.26%     -  156s
     0     0 783463.618    0  242 793444.324 783463.618  1.26%     -  156s
     0     0 783530.289    0  239 793444.324 783530.289  1.25%     -  159s
     0     0 783583.083    0  300 793444.324 783583.083  1.24%     -  160s
     0     0 783608.619    0  351 793444.324 783608.619  1.24%     -  161s
     0     0 783615.587    0  397 793444.324 783615.587  1.24%     -  161s
     0     0 783668.732    0  301 793444.324 783668.732  1.23%     -  164s
     0     0 783706.705    0  358 793444.324 783706.705  1.23%     -  167s
     0     0 783722.265    0  323 793444.324 783722.265  1.23%     -  168s
     0     0 783726.352    0  363 793444.324 783726.352  1.22%     -  169s
     0     0 783726.352    0  359 793444.324 783726.352  1.22%     -  169s
     0     0 783790.213    0  340 793444.324 783790.213  1.22%     -  171s
     0     0 783847.453    0  347 793444.324 783847.453  1.21%     -  173s
     0     0 783910.896    0  279 793444.324 783910.896  1.20%     -  174s
     0     0 783931.691    0  291 793444.324 783931.691  1.20%     -  175s
     0     0 783933.668    0  271 793444.324 783933.668  1.20%     -  175s
     0     0 784226.337    0  180 793444.324 784226.337  1.16%     -  178s
     0     0 784375.017    0  238 793444.324 784375.017  1.14%     -  179s
     0     0 784389.698    0  211 793444.324 784389.698  1.14%     -  180s
     0     0 784389.820    0  201 793444.324 784389.820  1.14%     -  180s
     0     0 784443.684    0  205 793444.324 784443.684  1.13%     -  181s
     0     0 784471.754    0  221 793444.324 784471.754  1.13%     -  181s
     0     0 784479.850    0  306 793444.324 784479.850  1.13%     -  182s
     0     0 784554.287    0  284 793444.324 784554.287  1.12%     -  183s
     0     0 784554.287    0  282 793444.324 784554.287  1.12%     -  183s
     0     0 784595.737    0  257 793444.324 784595.737  1.12%     -  185s
     0     0 784623.783    0  281 793444.324 784623.783  1.11%     -  185s
     0     0 784634.714    0  312 793444.324 784634.714  1.11%     -  186s
     0     0 784634.714    0  316 793444.324 784634.714  1.11%     -  186s
     0     0 784757.020    0  254 793444.324 784757.020  1.09%     -  188s
     0     0 784786.781    0  265 793444.324 784786.781  1.09%     -  190s
     0     0 784813.660    0  240 793444.324 784813.660  1.09%     -  191s
     0     0 784827.198    0  208 793444.324 784827.198  1.09%     -  193s
     0     0 784836.411    0  195 793444.324 784836.411  1.08%     -  193s
     0     0 784838.670    0  211 793444.324 784838.670  1.08%     -  194s
     0     0 784854.029    0  205 793444.324 784854.029  1.08%     -  195s
     0     0 784893.744    0  267 793444.324 784893.744  1.08%     -  196s
     0     0 784901.530    0  282 793444.324 784901.530  1.08%     -  197s
     0     0 785013.803    0  274 793444.324 785013.803  1.06%     -  199s
     0     0 785059.605    0  267 793444.324 785059.605  1.06%     -  200s
     0     0 785066.335    0  309 793444.324 785066.335  1.06%     -  201s
     0     0 785103.880    0  252 793444.324 785103.880  1.05%     -  203s
     0     0 785109.780    0  234 793444.324 785109.780  1.05%     -  203s
     0     0 785236.562    0  216 793444.324 785236.562  1.03%     -  205s
     0     0 785244.192    0  238 793444.324 785244.192  1.03%     -  206s
     0     0 785247.544    0  223 793444.324 785247.544  1.03%     -  207s
     0     0 785265.327    0  220 793444.324 785265.327  1.03%     -  208s
     0     0 785265.327    0  220 793444.324 785265.327  1.03%     -  208s
     0     0 785265.327    0  198 793444.324 785265.327  1.03%     -  209s
     0     0 785270.187    0  169 793444.324 785270.187  1.03%     -  233s
H    0     0                    793429.23258 785270.187  1.03%     -  234s
     0     0 785270.187    0  277 793429.233 785270.187  1.03%     -  239s
     0     0 785270.187    0  262 793429.233 785270.187  1.03%     -  240s
     0     0 785270.187    0  229 793429.233 785270.187  1.03%     -  243s
     0     0 785270.187    0  222 793429.233 785270.187  1.03%     -  244s
     0     0 785270.187    0  320 793429.233 785270.187  1.03%     -  249s
     0     0 785270.187    0  329 793429.233 785270.187  1.03%     -  253s
     0     0 785270.187    0  238 793429.233 785270.187  1.03%     -  259s
     0     0 785270.187    0  235 793429.233 785270.187  1.03%     -  259s
     0     0 785270.187    0  235 793429.233 785270.187  1.03%     -  259s
     0     0 785270.187    0  245 793429.233 785270.187  1.03%     -  262s
     0     0 785270.187    0  254 793429.233 785270.187  1.03%     -  263s
     0     0 785270.187    0  238 793429.233 785270.187  1.03%     -  266s
     0     0 785270.187    0  234 793429.233 785270.187  1.03%     -  266s
     0     0 785270.187    0  221 793429.233 785270.187  1.03%     -  268s
     0     0 785270.187    0  156 793429.233 785270.187  1.03%     -  268s
     0     0 785270.187    0  180 793429.233 785270.187  1.03%     -  269s
     0     0 785270.187    0  237 793429.233 785270.187  1.03%     -  269s
     0     0 785270.187    0  235 793429.233 785270.187  1.03%     -  270s
     0     0 785270.187    0  206 793429.233 785270.187  1.03%     -  270s
     0     0 785270.187    0  229 793429.233 785270.187  1.03%     -  270s
     0     0 785270.187    0  214 793429.233 785270.187  1.03%     -  270s
     0     0 785570.569    0  232 793429.233 785570.569  0.99%     -  273s
     0     0 785635.627    0  170 793429.233 785635.627  0.98%     -  276s
     0     0 785646.578    0  199 793429.233 785646.578  0.98%     -  277s
     0     0 785651.245    0  230 793429.233 785651.245  0.98%     -  277s
     0     0 785671.060    0  186 793429.233 785671.060  0.98%     -  277s
     0     0 785671.200    0  191 793429.233 785671.200  0.98%     -  278s
     0     0 785944.792    0  230 793429.233 785944.792  0.94%     -  282s
     0     0 785947.641    0  229 793429.233 785947.641  0.94%     -  282s
     0     0 785987.220    0  263 793429.233 785987.220  0.94%     -  284s
     0     0 785993.866    0  207 793429.233 785993.866  0.94%     -  285s
     0     0 786074.449    0  216 793429.233 786074.449  0.93%     -  288s
     0     0 786074.971    0  192 793429.233 786074.971  0.93%     -  288s
     0     0 786102.190    0  255 793429.233 786102.190  0.92%     -  289s
     0     0 786102.783    0  259 793429.233 786102.783  0.92%     -  290s
     0     0 786179.945    0  280 793429.233 786179.945  0.91%     -  292s
H    0     0                    792961.69434 786180.337  0.86%     -  293s
     0     0 786205.471    0  264 792961.694 786205.471  0.85%     -  294s
     0     0 786229.014    0  241 792961.694 786229.014  0.85%     -  295s
     0     0 786229.844    0  212 792961.694 786229.844  0.85%     -  295s
     0     0 786231.115    0  249 792961.694 786231.115  0.85%     -  295s
     0     0 786321.062    0  246 792961.694 786321.062  0.84%     -  298s
     0     0 786342.633    0  228 792961.694 786342.633  0.83%     -  300s
     0     0 786375.924    0  327 792961.694 786375.924  0.83%     -  301s
     0     0 786387.335    0  266 792961.694 786387.335  0.83%     -  303s
     0     0 786387.524    0  297 792961.694 786387.524  0.83%     -  304s
     0     0 786399.463    0  245 792961.694 786399.463  0.83%     -  305s
     0     0 786401.051    0  311 792961.694 786401.051  0.83%     -  306s
     0     0 786440.579    0  236 792961.694 786440.579  0.82%     -  307s
     0     0 786440.708    0  234 792961.694 786440.708  0.82%     -  307s
     0     0 786440.941    0  229 792961.694 786440.941  0.82%     -  307s
     0     0 786461.244    0  223 792961.694 786461.244  0.82%     -  310s
     0     0 786461.244    0  223 792961.694 786461.244  0.82%     -  311s
     0     0 786488.651    0  220 792961.694 786488.651  0.82%     -  312s
     0     0 786521.309    0  253 792961.694 786521.309  0.81%     -  313s
     0     0 786521.309    0  251 792961.694 786521.309  0.81%     -  313s
     0     0 786677.566    0  216 792961.694 786677.566  0.79%     -  316s
H    0     0                    792954.51654 786677.566  0.79%     -  317s
     0     0 786694.884    0  216 792954.517 786694.884  0.79%     -  317s
     0     0 786698.146    0  264 792954.517 786698.146  0.79%     -  317s
     0     0 786745.524    0  270 792954.517 786745.524  0.78%     -  319s
     0     0 786749.838    0  334 792954.517 786749.838  0.78%     -  323s
H    0     0                    792727.93375 786749.838  0.75%     -  324s
H    0     0                    792638.65051 786749.838  0.74%     -  324s
H    0     0                    792587.47017 786749.838  0.74%     -  324s
     0     0 786907.386    0  356 792587.470 786907.386  0.72%     -  325s
     0     0 786908.396    0  349 792587.470 786908.396  0.72%     -  325s
H    0     0                    792570.90890 786927.876  0.71%     -  326s
H    0     0                    792343.42497 786994.037  0.68%     -  327s
     0     0 786995.578    0  320 792343.425 786995.578  0.67%     -  327s
     0     0 786997.904    0  298 792343.425 786997.904  0.67%     -  327s
     0     0 786998.063    0  293 792343.425 786998.063  0.67%     -  328s
     0     0 786998.397    0  326 792343.425 786998.397  0.67%     -  328s
     0     0 787087.599    0  239 792343.425 787087.599  0.66%     -  330s
     0     0 787093.816    0  273 792343.425 787093.816  0.66%     -  331s
     0     0 787189.423    0  235 792343.425 787189.423  0.65%     -  333s
     0     0 787214.108    0  242 792343.425 787214.108  0.65%     -  335s
     0     0 787218.632    0  227 792343.425 787218.632  0.65%     -  336s
     0     0 787220.961    0  241 792343.425 787220.961  0.65%     -  337s
     0     0 787230.755    0  185 792343.425 787230.755  0.65%     -  338s
     0     0 787240.995    0  191 792343.425 787240.995  0.64%     -  339s
     0     0 787240.995    0  188 792343.425 787240.995  0.64%     -  339s
     0     0 787251.322    0  209 792343.425 787251.322  0.64%     -  340s
     0     0 787267.151    0  214 792343.425 787267.151  0.64%     -  340s
     0     0 787274.165    0  244 792343.425 787274.165  0.64%     -  340s
     0     0 787289.916    0  235 792343.425 787289.916  0.64%     -  342s
     0     0 787289.930    0  201 792343.425 787289.930  0.64%     -  342s
     0     0 787289.961    0  219 792343.425 787289.961  0.64%     -  342s
     0     0 787305.793    0  236 792343.425 787305.793  0.64%     -  343s
     0     0 787307.480    0  262 792343.425 787307.480  0.64%     -  344s
     0     0 787440.181    0  266 792343.425 787440.181  0.62%     -  345s
     0     0 787443.709    0  259 792343.425 787443.709  0.62%     -  346s
     0     0 787461.408    0  306 792343.425 787461.408  0.62%     -  347s
     0     0 787466.333    0  283 792343.425 787466.333  0.62%     -  347s
     0     0 787470.617    0  298 792343.425 787470.617  0.61%     -  348s
     0     0 787492.988    0  269 792343.425 787492.988  0.61%     -  350s
     0     0 787493.155    0  269 792343.425 787493.155  0.61%     -  350s
H    0     0                    792158.75454 787493.155  0.59%     -  351s
     0     0 787516.597    0  245 792158.755 787516.597  0.59%     -  352s
     0     0 787516.753    0  251 792158.755 787516.753  0.59%     -  352s
     0     0 787516.787    0  256 792158.755 787516.787  0.59%     -  352s
     0     0 787517.253    0  296 792158.755 787517.253  0.59%     -  353s
     0     0 787517.787    0  278 792158.755 787517.787  0.59%     -  353s
     0     0 787517.787    0  275 792158.755 787517.787  0.59%     -  354s
     0     0 787517.787    0  262 792158.755 787517.787  0.59%     -  354s
     0     0 787517.787    0  215 792158.755 787517.787  0.59%     -  368s
H    0     0                    792142.22941 787517.787  0.58%     -  369s
     0     0 787517.787    0  203 792142.229 787517.787  0.58%     -  372s
     0     0 787517.787    0  248 792142.229 787517.787  0.58%     -  374s
     0     0 787517.787    0  247 792142.229 787517.787  0.58%     -  374s
     0     0 787517.787    0  248 792142.229 787517.787  0.58%     -  374s
     0     0 787517.787    0  247 792142.229 787517.787  0.58%     -  374s
     0     0 787517.787    0  250 792142.229 787517.787  0.58%     -  374s
     0     0 787517.787    0  247 792142.229 787517.787  0.58%     -  374s
     0     0 787517.787    0  295 792142.229 787517.787  0.58%     -  375s
     0     0 787517.787    0  296 792142.229 787517.787  0.58%     -  375s
     0     0 787517.787    0  296 792142.229 787517.787  0.58%     -  375s
     0     0 787517.787    0  239 792142.229 787517.787  0.58%     -  381s
     0     0 787517.787    0  239 792142.229 787517.787  0.58%     -  382s
     0     0 787517.787    0  228 792142.229 787517.787  0.58%     -  382s
     0     0 787517.787    0  228 792142.229 787517.787  0.58%     -  382s
     0     0 787517.787    0  236 792142.229 787517.787  0.58%     -  384s
     0     0 787517.787    0  227 792142.229 787517.787  0.58%     -  385s
     0     0 787517.787    0  228 792142.229 787517.787  0.58%     -  385s
     0     0 787517.787    0  235 792142.229 787517.787  0.58%     -  385s
     0     0 787517.787    0  225 792142.229 787517.787  0.58%     -  385s
     0     0 787517.787    0  224 792142.229 787517.787  0.58%     -  385s
     0     0 787517.787    0  197 792142.229 787517.787  0.58%     -  388s
     0     0 787517.787    0  264 792142.229 787517.787  0.58%     -  391s
     0     0 787517.787    0  246 792142.229 787517.787  0.58%     -  392s
     0     0 787517.787    0  246 792142.229 787517.787  0.58%     -  392s
     0     0 787517.787    0  266 792142.229 787517.787  0.58%     -  392s
     0     0 787517.787    0  224 792142.229 787517.787  0.58%     -  392s
     0     0 787517.787    0  232 792142.229 787517.787  0.58%     -  393s
     0     0 787517.787    0  180 792142.229 787517.787  0.58%     -  396s
     0     0 787517.787    0  173 792142.229 787517.787  0.58%     -  396s
     0     0 787517.787    0  205 792142.229 787517.787  0.58%     -  397s
     0     0 787517.787    0  230 792142.229 787517.787  0.58%     -  398s
     0     0 787517.787    0  227 792142.229 787517.787  0.58%     -  398s
     0     0 787517.787    0  226 792142.229 787517.787  0.58%     -  398s
     0     0 787517.787    0  232 792142.229 787517.787  0.58%     -  398s
     0     0 787517.787    0  224 792142.229 787517.787  0.58%     -  398s
     0     0 787517.787    0  227 792142.229 787517.787  0.58%     -  398s
     0     0 787517.787    0  228 792142.229 787517.787  0.58%     -  398s
     0     0 787517.787    0  238 792142.229 787517.787  0.58%     -  399s
     0     0 787524.784    0  243 792142.229 787524.784  0.58%     -  399s
     0     0 787531.454    0  263 792142.229 787531.454  0.58%     -  400s
     0     0 787531.840    0  255 792142.229 787531.840  0.58%     -  400s
     0     0 787531.840    0  254 792142.229 787531.840  0.58%     -  400s
     0     0 787531.840    0  263 792142.229 787531.840  0.58%     -  400s
     0     0 787543.300    0  298 792142.229 787543.300  0.58%     -  401s
     0     0 787613.411    0  307 792142.229 787613.411  0.57%     -  401s
     0     0 787614.522    0  281 792142.229 787614.522  0.57%     -  402s
     0     0 787616.677    0  274 792142.229 787616.677  0.57%     -  402s
     0     0 787616.720    0  269 792142.229 787616.720  0.57%     -  402s
H    0     0                    792122.81488 787775.725  0.55%     -  404s
     0     0 787775.725    0  201 792122.815 787775.725  0.55%     -  404s
H    0     0                    791146.48717 787775.740  0.43%     -  405s
     0     0 787786.246    0  197 791146.487 787786.246  0.42%     -  406s
     0     0 787786.247    0  195 791146.487 787786.247  0.42%     -  406s
     0     0 787903.634    0  311 791146.487 787903.634  0.41%     -  408s
     0     0 787906.731    0  299 791146.487 787906.731  0.41%     -  408s
     0     0 787906.871    0  299 791146.487 787906.871  0.41%     -  408s
     0     0 787907.139    0  299 791146.487 787907.139  0.41%     -  408s
     0     0 787944.256    0  341 791146.487 787944.256  0.40%     -  409s
     0     0 787945.674    0  297 791146.487 787945.674  0.40%     -  409s
     0     0 787957.815    0  303 791146.487 787957.815  0.40%     -  410s
     0     0 787958.317    0  299 791146.487 787958.317  0.40%     -  410s
     0     0 787958.361    0  291 791146.487 787958.361  0.40%     -  410s
     0     0 787958.388    0  264 791146.487 787958.388  0.40%     -  410s
     0     0 787959.758    0  260 791146.487 787959.758  0.40%     -  411s
     0     0 788020.229    0  237 791146.487 788020.229  0.40%     -  412s
     0     0 788020.385    0  235 791146.487 788020.385  0.40%     -  413s
     0     0 788020.385    0  230 791146.487 788020.385  0.40%     -  413s
     0     0 788023.470    0  232 791146.487 788023.470  0.39%     -  413s
     0     0 788025.476    0  229 791146.487 788025.476  0.39%     -  413s
     0     0 788025.487    0  240 791146.487 788025.487  0.39%     -  413s
     0     0 788038.583    0  253 791146.487 788038.583  0.39%     -  415s
     0     0 788042.052    0  261 791146.487 788042.052  0.39%     -  415s
     0     0 788070.994    0  322 791146.487 788070.994  0.39%     -  416s
     0     0 788071.043    0  319 791146.487 788071.043  0.39%     -  416s
     0     0 788071.180    0  317 791146.487 788071.180  0.39%     -  416s
     0     0 788071.708    0  332 791146.487 788071.708  0.39%     -  416s
     0     0 788071.976    0  334 791146.487 788071.976  0.39%     -  416s
     0     0 788072.090    0  342 791146.487 788072.090  0.39%     -  416s
     0     0 788072.192    0  335 791146.487 788072.192  0.39%     -  417s
     0     0 788072.355    0  339 791146.487 788072.355  0.39%     -  417s
     0     0 788072.378    0  339 791146.487 788072.378  0.39%     -  417s
     0     0 788072.481    0  341 791146.487 788072.481  0.39%     -  417s
     0     0 788072.502    0  341 791146.487 788072.502  0.39%     -  417s
H    0     0                    791098.77580 788072.806  0.38%     -  418s
H    0     0                    791094.07981 788072.806  0.38%     -  418s
     0     0 788076.808    0  316 791094.080 788076.808  0.38%     -  419s
     0     0 788078.099    0  318 791094.080 788078.099  0.38%     -  420s
     0     0 788079.763    0  320 791094.080 788079.763  0.38%     -  420s
     0     0 788079.774    0  321 791094.080 788079.774  0.38%     -  420s
     0     0 788080.048    0  314 791094.080 788080.048  0.38%     -  420s
     0     0 788080.071    0  314 791094.080 788080.071  0.38%     -  420s
     0     0 788080.122    0  313 791094.080 788080.122  0.38%     -  420s
     0     0 788080.137    0  313 791094.080 788080.137  0.38%     -  420s
     0     0 788080.282    0  308 791094.080 788080.282  0.38%     -  420s
     0     0 788085.016    0  307 791094.080 788085.016  0.38%     -  420s
     0     0 788100.819    0  236 791094.080 788100.819  0.38%     -  421s
     0     0 788100.991    0  235 791094.080 788100.991  0.38%     -  421s
     0     0 788109.932    0  256 791094.080 788109.932  0.38%     -  423s
     0     0 788113.836    0  272 791094.080 788113.836  0.38%     -  423s
     0     0 788197.255    0  219 791094.080 788197.255  0.37%     -  424s
     0     0 788197.287    0  197 791094.080 788197.287  0.37%     -  424s
     0     0 788250.795    0  229 791094.080 788250.795  0.36%     -  429s
     0     0 788250.795    0  222 791094.080 788250.795  0.36%     -  429s
     0     0 788257.663    0  250 791094.080 788257.663  0.36%     -  429s
     0     0 788293.808    0  251 791094.080 788293.808  0.35%     -  430s
     0     0 788293.938    0  273 791094.080 788293.938  0.35%     -  430s
H    0     0                    790981.06460 788306.068  0.34%     -  431s
     0     0 788306.068    0  161 790981.065 788306.068  0.34%     -  431s
     0     0 788306.068    0  159 790981.065 788306.068  0.34%     -  431s
     0     0 788306.070    0  160 790981.065 788306.070  0.34%     -  432s
     0     0 788306.071    0  160 790981.065 788306.071  0.34%     -  432s
     0     0 788307.554    0  167 790981.065 788307.554  0.34%     -  432s
     0     0 788307.555    0  168 790981.065 788307.555  0.34%     -  432s
     0     0 788307.555    0  166 790981.065 788307.555  0.34%     -  432s
     0     0 788313.317    0  204 790981.065 788313.317  0.34%     -  433s
     0     0 788316.415    0  179 790981.065 788316.415  0.34%     -  434s
     0     0 788316.415    0  178 790981.065 788316.415  0.34%     -  434s
     0     0 788319.396    0  226 790981.065 788319.396  0.34%     -  435s
     0     0 788319.494    0  242 790981.065 788319.494  0.34%     -  436s
     0     0 788319.496    0  208 790981.065 788319.496  0.34%     -  436s
H    0     0                    790979.34076 788319.496  0.34%     -  436s
     0     0 788320.286    0  215 790979.341 788320.286  0.34%     -  437s
     0     0 788320.443    0  215 790979.341 788320.443  0.34%     -  437s
     0     0 788320.443    0  215 790979.341 788320.443  0.34%     -  437s
     0     0 788320.443    0  209 790979.341 788320.443  0.34%     -  437s
H    0     0                    790947.64360 788320.443  0.33%     -  439s
     0     0 788320.443    0  211 790947.644 788320.443  0.33%     -  445s
     0     0 788320.443    0  246 790947.644 788320.443  0.33%     -  448s
     0     0 788320.443    0  276 790947.644 788320.443  0.33%     -  449s
     0     0 788320.443    0  276 790947.644 788320.443  0.33%     -  449s
H    0     0                    790947.58617 788320.443  0.33%     -  452s
H    0     0                    790757.57545 788320.443  0.31%     -  452s
H    0     0                    790631.24617 788320.443  0.29%     -  452s
     0     0 788320.443    0  151 790631.246 788320.443  0.29%     -  452s
     0     0 788320.443    0  133 790631.246 788320.443  0.29%     -  452s
     0     0 788320.443    0  215 790631.246 788320.443  0.29%     -  454s
     0     0 788320.443    0  210 790631.246 788320.443  0.29%     -  454s
     0     0 788320.443    0  202 790631.246 788320.443  0.29%     -  454s
     0     0 788320.443    0  204 790631.246 788320.443  0.29%     -  454s
     0     0 788320.443    0  200 790631.246 788320.443  0.29%     -  454s
     0     0 788320.443    0  200 790631.246 788320.443  0.29%     -  454s
     0     0 788320.443    0  203 790631.246 788320.443  0.29%     -  454s
     0     0 788320.443    0  219 790631.246 788320.443  0.29%     -  456s
     0     0 788320.443    0  182 790631.246 788320.443  0.29%     -  456s
     0     0 788320.443    0  182 790631.246 788320.443  0.29%     -  456s
     0     0 788320.443    0  182 790631.246 788320.443  0.29%     -  456s
     0     0 788320.443    0  182 790631.246 788320.443  0.29%     -  456s
     0     0 788320.443    0  182 790631.246 788320.443  0.29%     -  456s
     0     0 788320.443    0  182 790631.246 788320.443  0.29%     -  456s
     0     0 788320.443    0  182 790631.246 788320.443  0.29%     -  456s
     0     0 788320.443    0  179 790631.246 788320.443  0.29%     -  456s
     0     0 788320.443    0  143 790631.246 788320.443  0.29%     -  457s
     0     0 788320.443    0  148 790631.246 788320.443  0.29%     -  457s
     0     0 788320.443    0  148 790631.246 788320.443  0.29%     -  457s
     0     0 788320.443    0  148 790631.246 788320.443  0.29%     -  457s
     0     0 788320.443    0  148 790631.246 788320.443  0.29%     -  457s
     0     0 788320.443    0  147 790631.246 788320.443  0.29%     -  458s
     0     0 788320.443    0  206 790631.246 788320.443  0.29%     -  459s
     0     0 788320.443    0  194 790631.246 788320.443  0.29%     -  459s
     0     0 788320.443    0  203 790631.246 788320.443  0.29%     -  459s
     0     0 788320.443    0  202 790631.246 788320.443  0.29%     -  459s
     0     0 788320.443    0  199 790631.246 788320.443  0.29%     -  459s
     0     0 788320.443    0  174 790631.246 788320.443  0.29%     -  460s
     0     0 788320.443    0  187 790631.246 788320.443  0.29%     -  460s
     0     0 788320.443    0  180 790631.246 788320.443  0.29%     -  460s
     0     0 788320.443    0  179 790631.246 788320.443  0.29%     -  460s
     0     0 788320.443    0  183 790631.246 788320.443  0.29%     -  460s
     0     0 788320.443    0  138 790631.246 788320.443  0.29%     -  461s
     0     0 788320.443    0  135 790631.246 788320.443  0.29%     -  461s
     0     0 788320.443    0  136 790631.246 788320.443  0.29%     -  461s
     0     0 788320.443    0  137 790631.246 788320.443  0.29%     -  461s
     0     0 788321.477    0  193 790631.246 788321.477  0.29%     -  461s
     0     0 788321.857    0  188 790631.246 788321.857  0.29%     -  461s
     0     0 788321.891    0  178 790631.246 788321.891  0.29%     -  462s
     0     0 788322.092    0  177 790631.246 788322.092  0.29%     -  462s
     0     0 788322.149    0  151 790631.246 788322.149  0.29%     -  462s
     0     0 788322.199    0  153 790631.246 788322.199  0.29%     -  462s
     0     0 788322.250    0  155 790631.246 788322.250  0.29%     -  462s
     0     0 788322.252    0  151 790631.246 788322.252  0.29%     -  462s
     0     0 788322.290    0  152 790631.246 788322.290  0.29%     -  462s
     0     0 788322.374    0  150 790631.246 788322.374  0.29%     -  462s
     0     0 788322.828    0  186 790631.246 788322.828  0.29%     -  462s
     0     0 788323.154    0  166 790631.246 788323.154  0.29%     -  462s
     0     0 788323.154    0  170 790631.246 788323.154  0.29%     -  463s
     0     0 788334.593    0  164 790631.246 788334.593  0.29%     -  463s
     0     0 788335.651    0  150 790631.246 788335.651  0.29%     -  464s
     0     0 788340.504    0  138 790631.246 788340.504  0.29%     -  465s
     0     0 788341.751    0  157 790631.246 788341.751  0.29%     -  465s
     0     0 788341.805    0  149 790631.246 788341.805  0.29%     -  465s
     0     0 788341.805    0  146 790631.246 788341.805  0.29%     -  466s
     0     0 788341.805    0  147 790631.246 788341.805  0.29%     -  466s
     0     0 788341.805    0  146 790631.246 788341.805  0.29%     -  466s
     0     0 788341.805    0  146 790631.246 788341.805  0.29%     -  466s
     0     0 788341.819    0  151 790631.246 788341.819  0.29%     -  466s
     0     0 788341.824    0  148 790631.246 788341.824  0.29%     -  466s
     0     0 788341.824    0  148 790631.246 788341.824  0.29%     -  466s
     0     0 788342.149    0  148 790631.246 788342.149  0.29%     -  466s
     0     0 788342.157    0  148 790631.246 788342.157  0.29%     -  466s
     0     0 788371.785    0  176 790631.246 788371.785  0.29%     -  467s
     0     0 788372.497    0  139 790631.246 788372.497  0.29%     -  467s
     0     0 788372.497    0  139 790631.246 788372.497  0.29%     -  467s
     0     0 788372.497    0  147 790631.246 788372.497  0.29%     -  467s
     0     0 788372.502    0  141 790631.246 788372.502  0.29%     -  467s
     0     0 788372.517    0  143 790631.246 788372.517  0.29%     -  467s
     0     0 788372.525    0  145 790631.246 788372.525  0.29%     -  468s
     0     0 788372.560    0  144 790631.246 788372.560  0.29%     -  468s
     0     0 788374.884    0  177 790631.246 788374.884  0.29%     -  469s
     0     0 788375.397    0  154 790631.246 788375.397  0.29%     -  469s
     0     0 788375.428    0  154 790631.246 788375.428  0.29%     -  469s
     0     0 788375.864    0  217 790631.246 788375.864  0.29%     -  469s
     0     0 788375.935    0  212 790631.246 788375.935  0.29%     -  469s
     0     0 788375.975    0  204 790631.246 788375.975  0.29%     -  469s
     0     0 788376.061    0  185 790631.246 788376.061  0.29%     -  469s
     0     0 788376.091    0  191 790631.246 788376.091  0.29%     -  469s
     0     0 788376.100    0  193 790631.246 788376.100  0.29%     -  469s
     0     0 788376.107    0  183 790631.246 788376.107  0.29%     -  469s
     0     0 788379.327    0  185 790631.246 788379.327  0.28%     -  470s
     0     0 788379.329    0  184 790631.246 788379.329  0.28%     -  470s
     0     0 788379.329    0  186 790631.246 788379.329  0.28%     -  470s
     0     0 788379.329    0  184 790631.246 788379.329  0.28%     -  470s
     0     0 788379.620    0  170 790631.246 788379.620  0.28%     -  470s
     0     0 788379.620    0  168 790631.246 788379.620  0.28%     -  470s
     0     0 788379.620    0  168 790631.246 788379.620  0.28%     -  471s
     0     0 788379.620    0  168 790631.246 788379.620  0.28%     -  471s
     0     0 788379.621    0  167 790631.246 788379.621  0.28%     -  471s
     0     0 788390.516    0   96 790631.246 788390.516  0.28%     -  471s
     0     0 788390.516    0   95 790631.246 788390.516  0.28%     -  471s
     0     0 788391.030    0   89 790631.246 788391.030  0.28%     -  471s
     0     0 788391.030    0   87 790631.246 788391.030  0.28%     -  471s
     0     0 788391.569    0   96 790631.246 788391.569  0.28%     -  471s
     0     0 788395.183    0  124 790631.246 788395.183  0.28%     -  473s
     0     0 788395.215    0   97 790631.246 788395.215  0.28%     -  473s
     0     0 788395.215    0   97 790631.246 788395.215  0.28%     -  473s
     0     0 788395.250    0  100 790631.246 788395.250  0.28%     -  473s
     0     0 788395.279    0   98 790631.246 788395.279  0.28%     -  473s
     0     0 788395.474    0  119 790631.246 788395.474  0.28%     -  474s
     0     0 788395.483    0  126 790631.246 788395.483  0.28%     -  474s
     0     0 788395.744    0  152 790631.246 788395.744  0.28%     -  474s
     0     0 788395.744    0  151 790631.246 788395.744  0.28%     -  474s
     0     0 788397.003    0  136 790631.246 788397.003  0.28%     -  474s
     0     0 788397.003    0  121 790631.246 788397.003  0.28%     -  474s
     0     0 788397.003    0  121 790631.246 788397.003  0.28%     -  474s
     0     0 788397.003    0  109 790631.246 788397.003  0.28%     -  474s
     0     0 788397.031    0  245 790631.246 788397.031  0.28%     -  481s
     0     0 788397.031    0  241 790631.246 788397.031  0.28%     -  481s
     0     0 788397.031    0  223 790631.246 788397.031  0.28%     -  482s
     0     0 788397.031    0  185 790631.246 788397.031  0.28%     -  483s
     0     0 788397.031    0  186 790631.246 788397.031  0.28%     -  483s
     0     0 788397.031    0  212 790631.246 788397.031  0.28%     -  485s
     0     0 788397.031    0  184 790631.246 788397.031  0.28%     -  485s
     0     0 788397.031    0  186 790631.246 788397.031  0.28%     -  485s
     0     0 788397.031    0  188 790631.246 788397.031  0.28%     -  485s
     0     0 788397.031    0  188 790631.246 788397.031  0.28%     -  485s
     0     0 788397.031    0  151 790631.246 788397.031  0.28%     -  485s
     0     0 788397.031    0  134 790631.246 788397.031  0.28%     -  486s
     0     0 788397.031    0  137 790631.246 788397.031  0.28%     -  486s
     0     0 788397.031    0  161 790631.246 788397.031  0.28%     -  487s
     0     0 788397.031    0  181 790631.246 788397.031  0.28%     -  487s
     0     0 788397.031    0  177 790631.246 788397.031  0.28%     -  487s
     0     0 788397.031    0  175 790631.246 788397.031  0.28%     -  487s
     0     0 788397.031    0  185 790631.246 788397.031  0.28%     -  487s
     0     0 788397.031    0  177 790631.246 788397.031  0.28%     -  487s
     0     0 788397.031    0  185 790631.246 788397.031  0.28%     -  487s
     0     0 788397.031    0  186 790631.246 788397.031  0.28%     -  487s
     0     0 788397.031    0  186 790631.246 788397.031  0.28%     -  487s
     0     0 788397.031    0  186 790631.246 788397.031  0.28%     -  487s
     0     0 788397.031    0  186 790631.246 788397.031  0.28%     -  487s
     0     0 788397.031    0  144 790631.246 788397.031  0.28%     -  488s
     0     0 788397.031    0  108 790631.246 788397.031  0.28%     -  488s
     0     0 788397.031    0  135 790631.246 788397.031  0.28%     -  488s
     0     0 788397.031    0  132 790631.246 788397.031  0.28%     -  488s
     0     0 788397.031    0  130 790631.246 788397.031  0.28%     -  488s
     0     0 788397.031    0  140 790631.246 788397.031  0.28%     -  488s
     0     0 788397.031    0  137 790631.246 788397.031  0.28%     -  488s
     0     0 788397.031    0  128 790631.246 788397.031  0.28%     -  488s
     0     0 788397.031    0  137 790631.246 788397.031  0.28%     -  488s
     0     0 788397.031    0  126 790631.246 788397.031  0.28%     -  488s
     0     0 788399.584    0  103 790631.246 788399.584  0.28%     -  489s
     0     0 788400.032    0  103 790631.246 788400.032  0.28%     -  489s
     0     0 788400.048    0  102 790631.246 788400.048  0.28%     -  489s
     0     0 788400.190    0  106 790631.246 788400.190  0.28%     -  489s
     0     0 788400.256    0  108 790631.246 788400.256  0.28%     -  489s
     0     0 788400.434    0  106 790631.246 788400.434  0.28%     -  489s
     0     0 788401.118    0  140 790631.246 788401.118  0.28%     -  489s
     0     0 788401.513    0  103 790631.246 788401.513  0.28%     -  489s
     0     0 788401.513    0  104 790631.246 788401.513  0.28%     -  489s
     0     0 788408.052    0  105 790631.246 788408.052  0.28%     -  490s
     0     0 788408.166    0  101 790631.246 788408.166  0.28%     -  490s
     0     0 788408.192    0   99 790631.246 788408.192  0.28%     -  490s
     0     0 788408.202    0  114 790631.246 788408.202  0.28%     -  490s
     0     0 788410.935    0  149 790631.246 788410.935  0.28%     -  491s
     0     0 788410.936    0  150 790631.246 788410.936  0.28%     -  491s
     0     0 788411.009    0  150 790631.246 788411.009  0.28%     -  491s
     0     0 788417.610    0   82 790631.246 788417.610  0.28%     -  491s
     0     0 788419.491    0   80 790631.246 788419.491  0.28%     -  491s
     0     0 788419.491    0   84 790631.246 788419.491  0.28%     -  491s
     0     0 788419.491    0   82 790631.246 788419.491  0.28%     -  492s
     0     0 788419.679    0   83 790631.246 788419.679  0.28%     -  492s
     0     0 788420.857    0   98 790631.246 788420.857  0.28%     -  492s
     0     0 788421.036    0   97 790631.246 788421.036  0.28%     -  492s
     0     0 788421.045    0   99 790631.246 788421.045  0.28%     -  492s
     0     0 788421.055    0  102 790631.246 788421.055  0.28%     -  492s
     0     0 788421.060    0  103 790631.246 788421.060  0.28%     -  492s
     0     0 788421.063    0  107 790631.246 788421.063  0.28%     -  492s
     0     0 788421.065    0  108 790631.246 788421.065  0.28%     -  492s
     0     0 788421.073    0  105 790631.246 788421.073  0.28%     -  492s
     0     0 788446.241    0  139 790631.246 788446.241  0.28%     -  493s
     0     0 788448.665    0  133 790631.246 788448.665  0.28%     -  493s
     0     0 788449.222    0  136 790631.246 788449.222  0.28%     -  493s
     0     0 788449.482    0  147 790631.246 788449.482  0.28%     -  493s
     0     0 788449.687    0  139 790631.246 788449.687  0.28%     -  493s
     0     0 788449.973    0  114 790631.246 788449.973  0.28%     -  493s
     0     0 788450.063    0  116 790631.246 788450.063  0.28%     -  493s
     0     0 788450.233    0  112 790631.246 788450.233  0.28%     -  493s
     0     0 788450.239    0  112 790631.246 788450.239  0.28%     -  493s
     0     0 788450.239    0  122 790631.246 788450.239  0.28%     -  493s
     0     0 788450.239    0  120 790631.246 788450.239  0.28%     -  493s
     0     0 788462.371    0  104 790631.246 788462.371  0.27%     -  494s
     0     0 788462.371    0  102 790631.246 788462.371  0.27%     -  494s
     0     0 788462.371    0  100 790631.246 788462.371  0.27%     -  494s
     0     0 788462.371    0   98 790631.246 788462.371  0.27%     -  494s
     0     0 788462.907    0  106 790631.246 788462.907  0.27%     -  494s
     0     0 788463.103    0  104 790631.246 788463.103  0.27%     -  494s
     0     0 788463.216    0  102 790631.246 788463.216  0.27%     -  494s
     0     0 788463.557    0  104 790631.246 788463.557  0.27%     -  494s
     0     0 788468.059    0   89 790631.246 788468.059  0.27%     -  494s
     0     0 788468.286    0  115 790631.246 788468.286  0.27%     -  494s
     0     0 788468.653    0   85 790631.246 788468.653  0.27%     -  494s
     0     0 788472.404    0  131 790631.246 788472.404  0.27%     -  495s
     0     0 788474.289    0  129 790631.246 788474.289  0.27%     -  495s
     0     0 788475.125    0  131 790631.246 788475.125  0.27%     -  495s
     0     0 788475.878    0  123 790631.246 788475.878  0.27%     -  495s
     0     0 788476.232    0  113 790631.246 788476.232  0.27%     -  495s
     0     0 788485.361    0  133 790631.246 788485.361  0.27%     -  496s
     0     0 788485.522    0   93 790631.246 788485.522  0.27%     -  496s
     0     0 788486.988    0  115 790631.246 788486.988  0.27%     -  496s
     0     0 788487.242    0  111 790631.246 788487.242  0.27%     -  496s
     0     0 788509.721    0  151 790631.246 788509.721  0.27%     -  496s
     0     0 788509.721    0  151 790631.246 788509.721  0.27%     -  496s
     0     0 788509.721    0  144 790631.246 788509.721  0.27%     -  497s
     0     0 788509.721    0  234 790631.246 788509.721  0.27%     -  500s
     0     0 788509.721    0  200 790631.246 788509.721  0.27%     -  501s
     0     0 788509.721    0  188 790631.246 788509.721  0.27%     -  501s
     0     0 788509.721    0  187 790631.246 788509.721  0.27%     -  501s
     0     0 788509.721    0   78 790631.246 788509.721  0.27%     -  502s
     0     0 788509.721    0   92 790631.246 788509.721  0.27%     -  503s
     0     0 788509.721    0  120 790631.246 788509.721  0.27%     -  503s
     0     0 788509.721    0  120 790631.246 788509.721  0.27%     -  503s
     0     0 788509.721    0  116 790631.246 788509.721  0.27%     -  503s
     0     0 788509.721    0  143 790631.246 788509.721  0.27%     -  504s
     0     0 788509.721    0  138 790631.246 788509.721  0.27%     -  504s
     0     0 788509.721    0  146 790631.246 788509.721  0.27%     -  504s
     0     0 788509.721    0  144 790631.246 788509.721  0.27%     -  504s
     0     0 788509.721    0  146 790631.246 788509.721  0.27%     -  504s
     0     0 788509.721    0  108 790631.246 788509.721  0.27%     -  504s
     0     0 788509.721    0  105 790631.246 788509.721  0.27%     -  504s
     0     0 788509.721    0  106 790631.246 788509.721  0.27%     -  504s
     0     0 788509.721    0  109 790631.246 788509.721  0.27%     -  504s
     0     0 788509.721    0  121 790631.246 788509.721  0.27%     -  505s
     0     0 788509.721    0  135 790631.246 788509.721  0.27%     -  505s
     0     0 788509.721    0  112 790631.246 788509.721  0.27%     -  505s
     0     0 788509.721    0  115 790631.246 788509.721  0.27%     -  505s
     0     0 788509.721    0  111 790631.246 788509.721  0.27%     -  505s
     0     0 788509.721    0  110 790631.246 788509.721  0.27%     -  505s
     0     0 788509.721    0  105 790631.246 788509.721  0.27%     -  505s
     0     0 788509.721    0  116 790631.246 788509.721  0.27%     -  505s
     0     0 788509.721    0   79 790631.246 788509.721  0.27%     -  505s
     0     0 788510.866    0   81 790631.246 788510.866  0.27%     -  505s
     0     0 788516.607    0   92 790631.246 788516.607  0.27%     -  505s
     0     0 788516.607    0   91 790631.246 788516.607  0.27%     -  505s
     0     0 788525.809    0  102 790631.246 788525.809  0.27%     -  505s
     0     0 788527.530    0   95 790631.246 788527.530  0.27%     -  505s
     0     0 788527.653    0   92 790631.246 788527.653  0.27%     -  505s
     0     0 788533.160    0   96 790631.246 788533.160  0.27%     -  505s
     0     0 788533.318    0   97 790631.246 788533.318  0.27%     -  505s
     0     0 788536.401    0  119 790631.246 788536.401  0.26%     -  506s
     0     0 788536.766    0  117 790631.246 788536.766  0.26%     -  506s
     0     0 788536.960    0   98 790631.246 788536.960  0.26%     -  506s
     0     0 788537.273    0  100 790631.246 788537.273  0.26%     -  506s
     0     0 788537.273    0   99 790631.246 788537.273  0.26%     -  506s
     0     0 788546.098    0   81 790631.246 788546.098  0.26%     -  507s
     0     0 788546.157    0  104 790631.246 788546.157  0.26%     -  507s
     0     0 788546.801    0  102 790631.246 788546.801  0.26%     -  507s
     0     0 788546.801    0  101 790631.246 788546.801  0.26%     -  507s
     0     0 788547.777    0   97 790631.246 788547.777  0.26%     -  507s
     0     0 788547.784    0   97 790631.246 788547.784  0.26%     -  507s
     0     0 788555.222    0   97 790631.246 788555.222  0.26%     -  508s
     0     0 788555.230    0   81 790631.246 788555.230  0.26%     -  508s
     0     0 788559.997    0  115 790631.246 788559.997  0.26%     -  508s
     0     0 788560.176    0  113 790631.246 788560.176  0.26%     -  508s
     0     0 788561.336    0   84 790631.246 788561.336  0.26%     -  508s
     0     0 788571.563    0  121 790631.246 788571.563  0.26%     -  508s
     0     0 788571.573    0  121 790631.246 788571.573  0.26%     -  508s
     0     0 788572.145    0  107 790631.246 788572.145  0.26%     -  508s
     0     0 788572.156    0  110 790631.246 788572.156  0.26%     -  508s
     0     0 788572.156    0  109 790631.246 788572.156  0.26%     -  508s
     0     0 788572.193    0  106 790631.246 788572.193  0.26%     -  508s
     0     0 788572.238    0  106 790631.246 788572.238  0.26%     -  508s
     0     0 788572.238    0  106 790631.246 788572.238  0.26%     -  508s
     0     0 788572.238    0   86 790631.246 788572.238  0.26%     -  509s
     0     0 788572.238    0  185 790631.246 788572.238  0.26%     -  511s
     0     0 788572.238    0  120 790631.246 788572.238  0.26%     -  512s
     0     0 788572.238    0  108 790631.246 788572.238  0.26%     -  512s
     0     0 788572.238    0  107 790631.246 788572.238  0.26%     -  512s
     0     0 788572.238    0   94 790631.246 788572.238  0.26%     -  513s
     0     0 788572.238    0   94 790631.246 788572.238  0.26%     -  513s
     0     0 788572.238    0   96 790631.246 788572.238  0.26%     -  513s
     0     0 788572.238    0   95 790631.246 788572.238  0.26%     -  513s
     0     0 788572.238    0   95 790631.246 788572.238  0.26%     -  513s
     0     0 788572.238    0  102 790631.246 788572.238  0.26%     -  513s
     0     0 788572.238    0   93 790631.246 788572.238  0.26%     -  513s
     0     0 788572.238    0   93 790631.246 788572.238  0.26%     -  513s
     0     0 788572.238    0  124 790631.246 788572.238  0.26%     -  513s
     0     0 788572.238    0  123 790631.246 788572.238  0.26%     -  513s
     0     0 788572.238    0   92 790631.246 788572.238  0.26%     -  513s
     0     0 788572.238    0  112 790631.246 788572.238  0.26%     -  513s
     0     0 788572.238    0  115 790631.246 788572.238  0.26%     -  513s
     0     0 788572.238    0  114 790631.246 788572.238  0.26%     -  513s
     0     0 788572.238    0  106 790631.246 788572.238  0.26%     -  513s
     0     0 788572.238    0  109 790631.246 788572.238  0.26%     -  513s
     0     0 788572.238    0  113 790631.246 788572.238  0.26%     -  513s
     0     0 788572.238    0  111 790631.246 788572.238  0.26%     -  513s
     0     0 788572.238    0   86 790631.246 788572.238  0.26%     -  514s
     0     0 788572.238    0   85 790631.246 788572.238  0.26%     -  514s
     0     0 788578.564    0  109 790631.246 788578.564  0.26%     -  514s
     0     0 788579.218    0   76 790631.246 788579.218  0.26%     -  514s
     0     0 788579.370    0   94 790631.246 788579.370  0.26%     -  514s
     0     0 788585.797    0   80 790631.246 788585.797  0.26%     -  514s
     0     0 788588.290    0   87 790631.246 788588.290  0.26%     -  514s
     0     0 788589.617    0   93 790631.246 788589.617  0.26%     -  514s
     0     0 788589.619    0   96 790631.246 788589.619  0.26%     -  514s
     0     0 788589.652    0  104 790631.246 788589.652  0.26%     -  514s
     0     0 788589.729    0  102 790631.246 788589.729  0.26%     -  514s
     0     0 788589.729    0  104 790631.246 788589.729  0.26%     -  514s
     0     0 788589.730    0  105 790631.246 788589.730  0.26%     -  514s
     0     0 788589.906    0   91 790631.246 788589.906  0.26%     -  514s
     0     0 788589.984    0   94 790631.246 788589.984  0.26%     -  514s
     0     0 788590.016    0   92 790631.246 788590.016  0.26%     -  514s
     0     0 788606.978    0  104 790631.246 788606.978  0.26%     -  514s
     0     0 788608.241    0  102 790631.246 788608.241  0.26%     -  514s
     0     0 788609.975    0   98 790631.246 788609.975  0.26%     -  515s
     0     0 788611.376    0   96 790631.246 788611.376  0.26%     -  515s
     0     0 788624.380    0  104 790631.246 788624.380  0.25%     -  515s
     0     0 788624.380    0  104 790631.246 788624.380  0.25%     -  515s
     0     0 788624.648    0  103 790631.246 788624.648  0.25%     -  515s
     0     0 788624.899    0  100 790631.246 788624.899  0.25%     -  516s
     0     0 788628.884    0  116 790631.246 788628.884  0.25%     -  516s
     0     0 788629.006    0  102 790631.246 788629.006  0.25%     -  516s
     0     0 788629.748    0  102 790631.246 788629.748  0.25%     -  516s
     0     0 788681.655    0   89 790631.246 788681.655  0.25%     -  516s
     0     0 788681.655    0   89 790631.246 788681.655  0.25%     -  516s
     0     0 788681.655    0   85 790631.246 788681.655  0.25%     -  516s
     0     0 788681.655    0  132 790631.246 788681.655  0.25%     -  518s
     0     0 788681.655    0   78 790631.246 788681.655  0.25%     -  519s
     0     0 788681.655    0   49 790631.246 788681.655  0.25%     -  519s
     0     0 788681.655    0   83 790631.246 788681.655  0.25%     -  519s
     0     0 788681.655    0   83 790631.246 788681.655  0.25%     -  519s
     0     0 788681.655    0   80 790631.246 788681.655  0.25%     -  519s
     0     0 788681.655    0   80 790631.246 788681.655  0.25%     -  519s
     0     0 788681.655    0   79 790631.246 788681.655  0.25%     -  519s
     0     0 788681.655    0   79 790631.246 788681.655  0.25%     -  519s
     0     0 788681.655    0   78 790631.246 788681.655  0.25%     -  519s
     0     0 788681.655    0   95 790631.246 788681.655  0.25%     -  520s
     0     0 788681.655    0   94 790631.246 788681.655  0.25%     -  520s
     0     0 788681.655    0   97 790631.246 788681.655  0.25%     -  520s
     0     0 788681.655    0   92 790631.246 788681.655  0.25%     -  520s
     0     0 788681.655    0   81 790631.246 788681.655  0.25%     -  520s
     0     0 788681.655    0   84 790631.246 788681.655  0.25%     -  520s
     0     0 788694.598    0   77 790631.246 788694.598  0.24%     -  520s
     0     0 788694.676    0   73 790631.246 788694.676  0.24%     -  520s
     0     0 788694.691    0   71 790631.246 788694.691  0.24%     -  520s
     0     0 788712.256    0   89 790631.246 788712.256  0.24%     -  520s
     0     0 788712.614    0   95 790631.246 788712.614  0.24%     -  520s
     0     0 788716.932    0   58 790631.246 788716.932  0.24%     -  521s
     0     0 788717.355    0   74 790631.246 788717.355  0.24%     -  521s
     0     0 788717.365    0   78 790631.246 788717.365  0.24%     -  521s
     0     0 788717.384    0   76 790631.246 788717.384  0.24%     -  521s
     0     0 788719.586    0   89 790631.246 788719.586  0.24%     -  521s
     0     0 788719.621    0   97 790631.246 788719.621  0.24%     -  521s
     0     0 788720.032    0   94 790631.246 788720.032  0.24%     -  521s
     0     0 788720.280    0   98 790631.246 788720.280  0.24%     -  521s
     0     0 788720.423    0   96 790631.246 788720.423  0.24%     -  521s
     0     0 788720.562    0   97 790631.246 788720.562  0.24%     -  521s
     0     0 788720.563    0  100 790631.246 788720.563  0.24%     -  521s
     0     0 788722.163    0   77 790631.246 788722.163  0.24%     -  521s
     0     0 788722.163    0   77 790631.246 788722.163  0.24%     -  521s
     0     0 788722.163    0   61 790631.246 788722.163  0.24%     -  522s
     0     0 788722.190    0  120 790631.246 788722.190  0.24%     -  523s
     0     0 788722.190    0   56 790631.246 788722.190  0.24%     -  523s
     0     0 788722.190    0   42 790631.246 788722.190  0.24%     -  523s
     0     0 788722.190    0   75 790631.246 788722.190  0.24%     -  523s
     0     0 788722.190    0   77 790631.246 788722.190  0.24%     -  523s
     0     0 788722.190    0   75 790631.246 788722.190  0.24%     -  523s
     0     0 788722.190    0   75 790631.246 788722.190  0.24%     -  523s
     0     0 788722.190    0   78 790631.246 788722.190  0.24%     -  523s
     0     0 788722.190    0   54 790631.246 788722.190  0.24%     -  523s
     0     0 788722.190    0   68 790631.246 788722.190  0.24%     -  523s
     0     0 788722.190    0   69 790631.246 788722.190  0.24%     -  523s
     0     0 788722.245    0   87 790631.246 788722.245  0.24%     -  523s
     0     0 788722.392    0   80 790631.246 788722.392  0.24%     -  523s
     0     0 788722.397    0   82 790631.246 788722.397  0.24%     -  523s
     0     0 788723.272    0   97 790631.246 788723.272  0.24%     -  524s
     0     0 788723.503    0  105 790631.246 788723.503  0.24%     -  524s
     0     0 788731.653    0   65 790631.246 788731.653  0.24%     -  524s
     0     0 788731.653    0   65 790631.246 788731.653  0.24%     -  524s
     0     0 788731.695    0   45 790631.246 788731.695  0.24%     -  524s
     0     0 788731.696    0   43 790631.246 788731.696  0.24%     -  524s
     0     0 788731.701    0   82 790631.246 788731.701  0.24%     -  524s
     0     0 788731.705    0   80 790631.246 788731.705  0.24%     -  524s
     0     0 788731.805    0   71 790631.246 788731.805  0.24%     -  524s
     0     0 788731.805    0   67 790631.246 788731.805  0.24%     -  524s
     0     0 788731.805    0   66 790631.246 788731.805  0.24%     -  524s
     0     0 788731.805    0   67 790631.246 788731.805  0.24%     -  524s
     0     0 788731.924    0   67 790631.246 788731.924  0.24%     -  524s
     0     0 788731.970    0   85 790631.246 788731.970  0.24%     -  524s
     0     0 788731.970    0   85 790631.246 788731.970  0.24%     -  524s
     0     0 788731.970    0   68 790631.246 788731.970  0.24%     -  524s
     0     2 788732.079    0   68 790631.246 788732.079  0.24%     -  524s
    15    32 788733.644    4   41 790631.246 788732.263  0.24%  36.4  525s
  3194  2338     cutoff    6      790631.246 788733.260  0.24%  40.8  530s
  3338  2383 789098.655   63   72 790631.246 789087.529  0.20%  43.3  535s
  3771  2456 789089.591   34   35 790631.246 789087.830  0.20%  45.3  540s
H 3902  2550                    790623.97743 789087.830  0.19%  44.8  541s
 11945  4794 789476.606   65   30 790623.977 789088.048  0.19%  34.0  545s
H12944  5282                    790608.88627 789088.128  0.19%  33.2  546s
H15544  6961                    790552.95685 789088.284  0.19%  31.4  548s
 19470 10205     cutoff   69      790552.957 789088.443  0.19%  30.4  550s
H26515 12328                    790335.95760 789088.679  0.16%  29.8  554s
H26515 11712                    790280.02818 789088.679  0.15%  29.8  554s
 26522 11717 789096.364   62   93 790280.028 789088.679  0.15%  29.7  555s
H27712 11531                    790270.10122 789088.976  0.15%  29.8  559s
 28240 12324 789095.360   72   26 790270.101 789088.976  0.15%  29.5  560s
H38008 13865                    790146.69843 789089.468  0.13%  26.6  564s
 40959 16784 789228.794  144   39 790146.698 789089.547  0.13%  26.0  565s
H53212 18394                    790134.29519 789090.019  0.13%  25.3  569s
 53223 23328 789096.089   58   59 790134.295 789090.019  0.13%  25.4  573s
 62062 24439     cutoff   80      790134.295 789090.160  0.13%  24.2  575s
 72173 33217 789156.411  124   47 790134.295 789090.268  0.13%  23.8  580s
 78886 36275 790130.294  131  198 790134.295 789090.356  0.13%  23.9  588s
 78896 36282 789093.917   70   82 790134.295 789090.356  0.13%  23.8  590s
 78919 36297 789092.583   58  112 790134.295 789090.356  0.13%  23.8  595s

Cutting planes:
  Learned: 7
  Gomory: 1
  Lift-and-project: 4
  Cover: 15
  Implied bound: 22
  Projected implied bound: 4
  MIR: 52
  Flow cover: 38
  GUB cover: 8
  Zero half: 1
  RLT: 1
  Relax-and-lift: 4

Explored 78939 nodes (2530835 simplex iterations) in 600.04 seconds (947.63 work units)
Thread count was 24 (of 24 available processors)

Solution count 10: 790134 790147 790270 ... 790758

Time limit reached
Best objective 7.901342951895e+05, best bound 7.890903556259e+05, gap 0.1321%
