
Gurobi 13.0.2 (linux64, Python) logging started Thu May 28 06:27:37 2026

Set parameter LogToConsole to value 0
Set parameter Username
Set parameter LicenseID to value 2748191
Set parameter TimeLimit to value 600
Set parameter LogFile to value "output/bz_nbr7008_043/period_5/gurobi.log"
Academic license - for non-commercial use only - expires 2026-12-01
Gurobi Optimizer version 13.0.2 build v13.0.2rc1 (linux64 - "Debian GNU/Linux 13 (trixie)")

CPU model: 13th Gen Intel(R) Core(TM) i7-13700HX, instruction set [SSE2|AVX|AVX2]
Thread count: 24 physical cores, 24 logical processors, using up to 24 threads

Non-default parameters:
TimeLimit  600
LogToConsole  0

Optimize a model with 204281 rows, 136678 columns and 715729 nonzeros (Min)
Model fingerprint: 0x1659a1ea
Model has 54470 linear objective coefficients and an objective constant of 1.9706133133440002e+05
Variable types: 112636 continuous, 24042 integer (24042 binary)
Coefficient statistics:
  Matrix range     [3e-03, 1e+04]
  Objective range  [1e+01, 1e+05]
  Bounds range     [1e+00, 1e+00]
  RHS range        [1e-01, 5e+04]

Presolve removed 122380 rows and 84749 columns
Presolve time: 3.39s
Presolved: 81901 rows, 51929 columns, 822642 nonzeros
Variable types: 33927 continuous, 18002 integer (17955 binary)
Deterministic concurrent LP optimizer: primal simplex, dual simplex, and barrier
Showing barrier log only...

Root barrier log...

Ordering time: 0.41s

Barrier statistics:
 Dense cols : 42
 AA' NZ     : 7.150e+06
 Factor NZ  : 1.212e+07 (roughly 140 MB of memory)
 Factor Ops : 3.421e+09 (less than 1 second per iteration)
 Threads    : 21

                  Objective                Residual
Iter       Primal          Dual         Primal    Dual     Compl     Time
   0  -8.35684475e+09 -1.05788217e+10  3.33e+06 1.84e+02  3.38e+06     5s
   1  -5.17819204e+09 -9.83614119e+09  2.12e+06 2.62e+02  1.89e+06     5s
   2  -1.60673329e+09 -8.44682494e+09  6.40e+05 5.97e+01  6.04e+05     5s
   3  -4.53715575e+08 -4.11362377e+09  1.81e+05 9.13e-01  1.68e+05     5s
   4  -6.17250067e+07 -1.05851317e+09  2.67e+04 1.61e-10  2.53e+04     5s
   5  -9.87125796e+06 -5.06172683e+08  7.24e+03 2.05e-10  7.88e+03     5s
   6   7.52113240e+05 -2.60987457e+08  3.29e+03 1.09e-10  3.51e+03     5s
   7   6.69814491e+06 -5.33160736e+07  1.06e+03 4.68e-11  7.66e+02     5s
   8   7.87475462e+06 -3.12217504e+07  5.47e+02 2.41e-11  4.26e+02     5s
   9   7.79735862e+06 -1.79814687e+07  2.42e+02 1.64e-11  2.36e+02     5s
  10   7.07487050e+06 -1.07100344e+07  1.26e+02 1.02e-11  1.50e+02     6s
  11   6.16313647e+06 -7.51921831e+06  7.93e+01 1.20e-11  1.10e+02     6s
  12   4.11753491e+06 -4.57242776e+06  4.16e+01 1.17e-11  6.81e+01     6s
  13   3.23167476e+06 -2.95258482e+06  2.85e+01 1.29e-11  4.83e+01     6s
  14   2.64167563e+06 -1.91625505e+06  2.02e+01 1.76e-11  3.55e+01     6s
  15   2.28027929e+06 -7.28745104e+05  1.52e+01 1.04e-11  2.40e+01     6s
  16   2.17239756e+06 -3.01662857e+05  1.38e+01 1.49e-11  2.00e+01     6s
  17   1.62963841e+06  1.12136846e+05  5.74e+00 1.40e-11  1.18e+01     6s
  18   1.37490958e+06  5.22308887e+05  2.79e+00 1.17e-11  6.55e+00     6s
  19   1.26987218e+06  6.64117251e+05  1.63e+00 8.91e-12  4.59e+00     6s
  20   1.20762374e+06  8.95456104e+05  8.84e-01 1.17e-11  2.38e+00     6s
  21   1.16843566e+06  1.00846888e+06  3.89e-01 1.41e-11  1.20e+00     6s
  22   1.14261472e+06  1.02925636e+06  1.11e-01 1.61e-11  8.14e-01     6s
  23   1.13887236e+06  1.07259261e+06  8.88e-02 1.00e-11  4.80e-01     6s
  24   1.13708948e+06  1.09758357e+06  7.91e-02 1.87e-11  2.90e-01     6s
  25   1.12770628e+06  1.11220269e+06  2.59e-02 1.50e-11  1.13e-01     6s
  26   1.12546644e+06  1.11560814e+06  1.72e-02 1.63e-11  7.19e-02     6s
  27   1.12355158e+06  1.11856128e+06  9.93e-03 1.31e-11  3.66e-02     6s
  28   1.12195758e+06  1.11961036e+06  4.12e-03 1.47e-11  1.71e-02     7s
  29   1.12133227e+06  1.11996170e+06  2.12e-03 1.33e-11  9.94e-03     7s
  30   1.12101342e+06  1.12015517e+06  1.16e-03 1.20e-11  6.20e-03     7s
  31   1.12086509e+06  1.12040792e+06  7.44e-04 1.23e-11  3.32e-03     7s
  32   1.12070328e+06  1.12049084e+06  2.87e-04 1.30e-11  1.53e-03     7s
  33   1.12065433e+06  1.12056305e+06  1.76e-04 1.30e-11  6.69e-04     7s
  34   1.12060335e+06  1.12056946e+06  6.20e-05 1.76e-11  2.48e-04     7s
  35   1.12059145e+06  1.12057319e+06  3.57e-05 1.67e-11  1.34e-04     7s
  36   1.12058341e+06  1.12057508e+06  1.27e-05 2.03e-11  6.04e-05     7s
  37   1.12057954e+06  1.12057522e+06  6.47e-06 1.38e-11  3.13e-05     7s
  38   1.12057547e+06  1.12057531e+06  4.98e-06 1.70e-11  1.12e-06     7s
  39   1.12057537e+06  1.12057537e+06  2.97e-07 1.58e-11  1.26e-08     7s
  40   1.12057537e+06  1.12057537e+06  2.50e-08 1.53e-11  1.50e-10     7s

Barrier solved model in 40 iterations and 7.26 seconds (13.49 work units)
Optimal objective 1.12057537e+06


Root crossover log...

   42646 DPushes remaining with DInf 1.2039564e-02                 7s
       0 DPushes remaining with DInf 0.0000000e+00                 8s

      82 PPushes remaining with PInf 2.7212908e-03                 8s
       0 PPushes remaining with PInf 0.0000000e+00                 8s

  Push phase complete: Pinf 0.0000000e+00, Dinf 7.0241883e+02      8s


Root simplex log...

Iteration    Objective       Primal Inf.    Dual Inf.      Time
   29038    1.1205754e+06   0.000000e+00   7.024188e+02      8s
   29095    1.1205754e+06   0.000000e+00   0.000000e+00      8s
Crossover time: 0.33 seconds (0.47 work units)
Concurrent spin time: 0.06s

Solved with barrier
   29095    1.1205754e+06   0.000000e+00   0.000000e+00      8s

Root relaxation: objective 1.120575e+06, 29095 iterations, 4.06 seconds (6.24 work units)

    Nodes    |    Current Node    |     Objective Bounds      |     Work
 Expl Unexpl |  Obj  Depth IntInf | Incumbent    BestBd   Gap | It/Node Time

     0     0 1120575.37    0  294          - 1120575.37      -     -    8s
     0     0 1120595.24    0  301          - 1120595.24      -     -    8s
H    0     0                    3773520.8547 1120595.24  70.3%     -   10s
     0     0 1121459.59    0  307 3773520.85 1121459.59  70.3%     -   11s
     0     0 1121462.99    0  305 3773520.85 1121462.99  70.3%     -   11s
H    0     0                    3686457.7081 1121463.29  69.6%     -   12s
H    0     0                    2330917.7362 1121463.29  51.9%     -   12s
H    0     0                    2278193.7522 1121463.29  50.8%     -   12s
H    0     0                    2194453.6513 1121463.29  48.9%     -   12s
H    0     0                    2193455.0227 1121463.29  48.9%     -   12s
H    0     0                    2103967.5636 1121463.29  46.7%     -   12s
H    0     0                    2102968.9349 1121463.29  46.7%     -   12s
H    0     0                    2094783.3449 1121463.29  46.5%     -   12s
H    0     0                    2087251.6919 1121463.29  46.3%     -   12s
H    0     0                    1931713.3642 1121463.29  41.9%     -   12s
H    0     0                    1926784.6233 1121463.29  41.8%     -   13s
H    0     0                    1924079.3455 1121463.29  41.7%     -   13s
H    0     0                    1920000.9798 1121463.29  41.6%     -   13s
H    0     0                    1918234.6223 1121463.29  41.5%     -   13s
     0     0 1121477.18    0  314 1918234.62 1121477.18  41.5%     -   14s
     0     0 1121477.52    0  316 1918234.62 1121477.52  41.5%     -   14s
     0     0 1124986.92    0  324 1918234.62 1124986.92  41.4%     -   15s
H    0     0                    1915283.8590 1124986.92  41.3%     -   16s
H    0     0                    1871541.0234 1124986.92  39.9%     -   16s
H    0     0                    1845712.4225 1124986.92  39.0%     -   17s
H    0     0                    1818866.3733 1124986.92  38.1%     -   19s
H    0     0                    1818360.7010 1124986.92  38.1%     -   20s
H    0     0                    1799148.9798 1124986.92  37.5%     -   21s
H    0     0                    1798819.9778 1124986.92  37.5%     -   22s
H    0     0                    1789277.9443 1124986.92  37.1%     -   23s
H    0     0                    1788349.3682 1124986.92  37.1%     -   26s
H    0     0                    1779948.8986 1124986.92  36.8%     -   31s
H    0     0                    1775664.3920 1124986.92  36.6%     -   32s
H    0     0                    1765801.4776 1124986.92  36.3%     -   33s
H    0     0                    1761841.9962 1124986.92  36.1%     -   34s
H    0     0                    1744413.0304 1124986.92  35.5%     -   34s
H    0     0                    1738432.2677 1124986.92  35.3%     -   34s
     0     0 1137915.83    0  331 1738432.27 1137915.83  34.5%     -   35s
     0     0 1137915.83    0  315 1738432.27 1137915.83  34.5%     -   35s
H    0     0                    1735192.8520 1137915.83  34.4%     -   38s
H    0     0                    1730828.4826 1137915.83  34.3%     -   38s
H    0     0                    1725294.6194 1138078.04  34.0%     -   41s
H    0     0                    1720359.8537 1138078.04  33.8%     -   41s
H    0     0                    1709799.8201 1138078.04  33.4%     -   41s
H    0     0                    1709791.3221 1138078.04  33.4%     -   41s
H    0     0                    1699159.4998 1138078.04  33.0%     -   41s
H    0     0                    1698773.0406 1138078.04  33.0%     -   41s
H    0     0                    1694370.0992 1138078.04  32.8%     -   41s
     0     0 1138078.04    0  310 1694370.10 1138078.04  32.8%     -   41s
H    0     0                    1694181.1513 1138078.64  32.8%     -   42s
H    0     0                    1687581.8187 1138078.64  32.6%     -   42s
H    0     0                    1667706.9724 1138078.64  31.8%     -   42s
H    0     0                    1649988.7036 1138078.64  31.0%     -   43s
H    0     0                    1644261.7316 1138078.64  30.8%     -   43s
H    0     0                    1644079.9084 1138078.64  30.8%     -   43s
H    0     0                    1643965.0240 1138078.64  30.8%     -   43s
H    0     0                    1643330.6213 1138078.64  30.7%     -   43s
H    0     0                    1642080.2472 1138078.64  30.7%     -   43s
H    0     0                    1637830.2031 1138078.64  30.5%     -   43s
H    0     0                    1630227.2184 1138078.64  30.2%     -   43s
H    0     0                    1629255.1290 1138078.64  30.1%     -   44s
H    0     0                    1628916.9700 1138078.64  30.1%     -   44s
     0     0 1138988.45    0  332 1628916.97 1138988.45  30.1%     -   44s
     0     0 1138999.01    0  275 1628916.97 1138999.01  30.1%     -   44s
H    0     0                    1619431.4114 1138999.01  29.7%     -   47s
H    0     0                    1599255.6566 1138999.01  28.8%     -   47s
     0     0 1151367.41    0  427 1599255.66 1151367.41  28.0%     -   50s
     0     0 1151542.72    0  355 1599255.66 1151542.72  28.0%     -   50s
H    0     0                    1594444.4070 1154102.15  27.6%     -   51s
H    0     0                    1590124.0390 1154102.15  27.4%     -   51s
     0     0 1154107.52    0  456 1590124.04 1154107.52  27.4%     -   51s
H    0     0                    1589965.4383 1154372.56  27.4%     -   52s
     0     0 1154372.56    0  445 1589965.44 1154372.56  27.4%     -   52s
H    0     0                    1588084.7468 1154440.02  27.3%     -   52s
H    0     0                    1581394.6862 1154440.02  27.0%     -   52s
     0     0 1154440.02    0  401 1581394.69 1154440.02  27.0%     -   52s
     0     0 1154440.02    0  403 1581394.69 1154440.02  27.0%     -   52s
     0     0 1159089.48    0  415 1581394.69 1159089.48  26.7%     -   54s
     0     0 1159093.27    0  394 1581394.69 1159093.27  26.7%     -   54s
H    0     0                    1581337.1890 1159096.69  26.7%     -   55s
H    0     0                    1581324.2557 1159096.69  26.7%     -   55s
H    0     0                    1581322.2308 1159096.69  26.7%     -   55s
H    0     0                    1578097.9710 1159096.69  26.6%     -   55s
H    0     0                    1570030.1658 1159096.69  26.2%     -   56s
     0     0 1159398.69    0  416 1570030.17 1159398.69  26.2%     -   56s
     0     0 1159404.88    0  414 1570030.17 1159404.88  26.2%     -   56s
     0     0 1159406.24    0  416 1570030.17 1159406.24  26.2%     -   57s
     0     0 1159406.70    0  421 1570030.17 1159406.70  26.2%     -   57s
     0     0 1159409.39    0  416 1570030.17 1159409.39  26.2%     -   57s
     0     0 1162859.09    0  379 1570030.17 1162859.09  25.9%     -   59s
     0     0 1163358.09    0  445 1570030.17 1163358.09  25.9%     -   60s
     0     0 1163383.38    0  422 1570030.17 1163383.38  25.9%     -   60s
     0     0 1163392.87    0  416 1570030.17 1163392.87  25.9%     -   60s
     0     0 1163621.63    0  471 1570030.17 1163621.63  25.9%     -   60s
     0     0 1163738.90    0  447 1570030.17 1163738.90  25.9%     -   60s
     0     0 1163755.99    0  489 1570030.17 1163755.99  25.9%     -   60s
     0     0 1163759.25    0  470 1570030.17 1163759.25  25.9%     -   61s
     0     0 1168279.71    0  571 1570030.17 1168279.71  25.6%     -   63s
H    0     0                    1567903.6211 1168279.86  25.5%     -   64s
H    0     0                    1567249.7067 1168279.86  25.5%     -   64s
H    0     0                    1566035.9485 1168279.86  25.4%     -   64s
     0     0 1169388.75    0  582 1566035.95 1169388.75  25.3%     -   66s
     0     0 1169662.06    0  571 1566035.95 1169662.06  25.3%     -   66s
     0     0 1169723.48    0  579 1566035.95 1169723.48  25.3%     -   67s
     0     0 1169723.48    0  580 1566035.95 1169723.48  25.3%     -   67s
     0     0 1175273.70    0  545 1566035.95 1175273.70  25.0%     -   69s
     0     0 1175275.08    0  544 1566035.95 1175275.08  25.0%     -   69s
     0     0 1175293.95    0  530 1566035.95 1175293.95  25.0%     -   69s
     0     0 1175295.43    0  528 1566035.95 1175295.43  25.0%     -   69s
     0     0 1175316.46    0  529 1566035.95 1175316.46  24.9%     -   69s
     0     0 1175317.79    0  528 1566035.95 1175317.79  24.9%     -   69s
     0     0 1175320.96    0  526 1566035.95 1175320.96  24.9%     -   69s
     0     0 1176648.97    0  589 1566035.95 1176648.97  24.9%     -   71s
     0     0 1176886.20    0  594 1566035.95 1176886.20  24.8%     -   71s
     0     0 1176997.18    0  605 1566035.95 1176997.18  24.8%     -   71s
     0     0 1177011.30    0  639 1566035.95 1177011.30  24.8%     -   72s
     0     0 1177012.75    0  607 1566035.95 1177012.75  24.8%     -   72s
     0     0 1181967.56    0  540 1566035.95 1181967.56  24.5%     -   74s
H    0     0                    1561400.9933 1182396.69  24.3%     -   82s
H    0     0                    1559997.3062 1182396.69  24.2%     -   82s
H    0     0                    1559978.9430 1182396.69  24.2%     -   82s
     0     0 1182396.69    0  532 1559978.94 1182396.69  24.2%     -   82s
     0     0 1182555.81    0  563 1559978.94 1182555.81  24.2%     -   82s
     0     0 1182591.14    0  499 1559978.94 1182591.14  24.2%     -   82s
     0     0 1182595.19    0  513 1559978.94 1182595.19  24.2%     -   82s
     0     0 1185464.84    0  518 1559978.94 1185464.84  24.0%     -   84s
     0     0 1185999.76    0  526 1559978.94 1185999.76  24.0%     -   85s
     0     0 1186160.00    0  561 1559978.94 1186160.00  24.0%     -   86s
     0     0 1186168.31    0  549 1559978.94 1186168.31  24.0%     -   86s
     0     0 1188199.51    0  594 1559978.94 1188199.51  23.8%     -   88s
H    0     0                    1559373.9163 1188434.27  23.8%     -   89s
H    0     0                    1555366.9227 1188434.27  23.6%     -   89s
H    0     0                    1554479.8082 1188434.27  23.5%     -   89s
     0     0 1188434.27    0  611 1554479.81 1188434.27  23.5%     -   90s
     0     0 1188439.11    0  624 1554479.81 1188439.11  23.5%     -   90s
     0     0 1189941.51    0  571 1554479.81 1189941.51  23.5%     -   92s
     0     0 1190036.66    0  551 1554479.81 1190036.66  23.4%     -   93s
     0     0 1190068.45    0  567 1554479.81 1190068.45  23.4%     -   93s
     0     0 1190073.61    0  571 1554479.81 1190073.61  23.4%     -   93s
     0     0 1191409.18    0  572 1554479.81 1191409.18  23.4%     -   95s
H    0     0                    1553111.4599 1191603.78  23.3%     -   97s
H    0     0                    1553103.5231 1191603.78  23.3%     -   97s
     0     0 1191603.78    0  587 1553103.52 1191603.78  23.3%     -   98s
     0     0 1191603.78    0  599 1553103.52 1191603.78  23.3%     -   98s
     0     0 1191603.78    0  580 1553103.52 1191603.78  23.3%     -   98s
     0     0 1193813.75    0  671 1553103.52 1193813.75  23.1%     -  101s
     0     0 1194009.85    0  608 1553103.52 1194009.85  23.1%     -  102s
     0     0 1194023.19    0  603 1553103.52 1194023.19  23.1%     -  103s
     0     0 1194979.50    0  531 1553103.52 1194979.50  23.1%     -  104s
H    0     0                    1553030.0705 1194981.63  23.1%     -  105s
H    0     0                    1545802.7738 1194981.63  22.7%     -  105s
     0     0 1195115.36    0  547 1545802.77 1195115.36  22.7%     -  106s
     0     0 1195191.69    0  545 1545802.77 1195191.69  22.7%     -  106s
     0     0 1195195.78    0  538 1545802.77 1195195.78  22.7%     -  106s
     0     0 1196742.96    0  605 1545802.77 1196742.96  22.6%     -  108s
     0     0 1197080.79    0  554 1545802.77 1197080.79  22.6%     -  110s
     0     0 1197240.08    0  559 1545802.77 1197240.08  22.5%     -  110s
     0     0 1197276.31    0  564 1545802.77 1197276.31  22.5%     -  110s
     0     0 1197279.55    0  569 1545802.77 1197279.55  22.5%     -  111s
     0     0 1198286.59    0  607 1545802.77 1198286.59  22.5%     -  112s
H    0     0                    1545096.6564 1198287.11  22.4%     -  112s
H    0     0                    1545076.2524 1198287.11  22.4%     -  113s
H    0     0                    1544736.8583 1198287.11  22.4%     -  113s
H    0     0                    1544493.6113 1198287.11  22.4%     -  113s
     0     0 1198469.06    0  513 1544493.61 1198469.06  22.4%     -  114s
     0     0 1198515.70    0  552 1544493.61 1198515.70  22.4%     -  115s
     0     0 1198565.33    0  556 1544493.61 1198565.33  22.4%     -  115s
     0     0 1198565.49    0  556 1544493.61 1198565.49  22.4%     -  115s
     0     0 1200046.02    0  549 1544493.61 1200046.02  22.3%     -  117s
     0     0 1200721.28    0  520 1544493.61 1200721.28  22.3%     -  119s
     0     0 1200998.84    0  495 1544493.61 1200998.84  22.2%     -  119s
     0     0 1201076.62    0  563 1544493.61 1201076.62  22.2%     -  120s
     0     0 1201085.02    0  574 1544493.61 1201085.02  22.2%     -  120s
     0     0 1202634.34    0  574 1544493.61 1202634.34  22.1%     -  121s
H    0     0                    1543243.7764 1202634.46  22.1%     -  123s
H    0     0                    1543204.4190 1202634.46  22.1%     -  126s
     0     0 1203039.42    0  538 1543204.42 1203039.42  22.0%     -  130s
     0     0 1203088.62    0  521 1543204.42 1203088.62  22.0%     -  130s
     0     0 1203088.62    0  521 1543204.42 1203088.62  22.0%     -  130s
     0     0 1203088.62    0  516 1543204.42 1203088.62  22.0%     -  131s
     0     0 1203195.08    0  564 1543204.42 1203195.08  22.0%     -  131s
     0     0 1203195.20    0  559 1543204.42 1203195.20  22.0%     -  131s
     0     0 1203195.21    0  559 1543204.42 1203195.21  22.0%     -  131s
     0     0 1203195.32    0  562 1543204.42 1203195.32  22.0%     -  131s
     0     0 1203195.59    0  557 1543204.42 1203195.59  22.0%     -  131s
     0     0 1203225.15    0  553 1543204.42 1203225.15  22.0%     -  131s
     0     0 1203233.02    0  548 1543204.42 1203233.02  22.0%     -  132s
     0     0 1204940.88    0  527 1543204.42 1204940.88  21.9%     -  134s
     0     0 1205552.59    0  567 1543204.42 1205552.59  21.9%     -  135s
     0     0 1205795.86    0  529 1543204.42 1205795.86  21.9%     -  135s
     0     0 1205912.44    0  523 1543204.42 1205912.44  21.9%     -  136s
     0     0 1205996.90    0  552 1543204.42 1205996.90  21.9%     -  136s
     0     0 1206000.05    0  515 1543204.42 1206000.05  21.9%     -  136s
     0     0 1207371.30    0  530 1543204.42 1207371.30  21.8%     -  138s
     0     0 1207632.63    0  499 1543204.42 1207632.63  21.7%     -  140s
     0     0 1207871.08    0  498 1543204.42 1207871.08  21.7%     -  140s
     0     0 1208004.93    0  537 1543204.42 1208004.93  21.7%     -  141s
     0     0 1208104.43    0  541 1543204.42 1208104.43  21.7%     -  141s
     0     0 1208133.16    0  560 1543204.42 1208133.16  21.7%     -  142s
     0     0 1208162.40    0  499 1543204.42 1208162.40  21.7%     -  142s
     0     0 1208162.91    0  514 1543204.42 1208162.91  21.7%     -  142s
     0     0 1209337.71    0  512 1543204.42 1209337.71  21.6%     -  144s
     0     0 1209540.92    0  542 1543204.42 1209540.92  21.6%     -  144s
     0     0 1209588.58    0  546 1543204.42 1209588.58  21.6%     -  145s
     0     0 1209610.74    0  553 1543204.42 1209610.74  21.6%     -  145s
     0     0 1209610.83    0  556 1543204.42 1209610.83  21.6%     -  145s
     0     0 1209611.78    0  547 1543204.42 1209611.78  21.6%     -  145s
     0     0 1209618.45    0  553 1543204.42 1209618.45  21.6%     -  145s
     0     0 1210385.04    0  488 1543204.42 1210385.04  21.6%     -  147s
     0     0 1210454.41    0  525 1543204.42 1210454.41  21.6%     -  147s
     0     0 1210459.08    0  542 1543204.42 1210459.08  21.6%     -  147s
     0     0 1210870.64    0  566 1543204.42 1210870.64  21.5%     -  149s
     0     0 1211001.65    0  545 1543204.42 1211001.65  21.5%     -  150s
     0     0 1211047.44    0  515 1543204.42 1211047.44  21.5%     -  150s
     0     0 1211061.95    0  522 1543204.42 1211061.95  21.5%     -  150s
     0     0 1211939.03    0  528 1543204.42 1211939.03  21.5%     -  152s
     0     0 1212037.52    0  513 1543204.42 1212037.52  21.5%     -  152s
     0     0 1212058.34    0  539 1543204.42 1212058.34  21.5%     -  153s
     0     0 1212060.41    0  548 1543204.42 1212060.41  21.5%     -  153s
     0     0 1212663.64    0  578 1543204.42 1212663.64  21.4%     -  154s
     0     0 1212854.20    0  576 1543204.42 1212854.20  21.4%     -  155s
     0     0 1212886.86    0  569 1543204.42 1212886.86  21.4%     -  155s
     0     0 1212900.75    0  565 1543204.42 1212900.75  21.4%     -  156s
     0     0 1213390.06    0  606 1543204.42 1213390.06  21.4%     -  158s
H    0     0                    1543040.0606 1213390.12  21.4%     -  158s
H    0     0                    1542979.6838 1213390.12  21.4%     -  159s
H    0     0                    1542834.8543 1213390.12  21.4%     -  159s
     0     0 1213619.80    0  590 1542834.85 1213619.80  21.3%     -  160s
     0     0 1213836.90    0  559 1542834.85 1213836.90  21.3%     -  161s
     0     0 1213891.68    0  635 1542834.85 1213891.68  21.3%     -  161s
     0     0 1213953.20    0  643 1542834.85 1213953.20  21.3%     -  162s
     0     0 1213960.30    0  623 1542834.85 1213960.30  21.3%     -  162s
     0     0 1214795.70    0  612 1542834.85 1214795.70  21.3%     -  163s
     0     0 1215024.62    0  519 1542834.85 1215024.62  21.2%     -  165s
     0     0 1215508.54    0  654 1542834.85 1215508.54  21.2%     -  166s
     0     0 1215801.00    0  582 1542834.85 1215801.00  21.2%     -  167s
     0     0 1215920.47    0  605 1542834.85 1215920.47  21.2%     -  168s
     0     0 1215974.29    0  661 1542834.85 1215974.29  21.2%     -  168s
     0     0 1215996.18    0  658 1542834.85 1215996.18  21.2%     -  168s
     0     0 1216083.28    0  564 1542834.85 1216083.28  21.2%     -  170s
     0     0 1216110.18    0  591 1542834.85 1216110.18  21.2%     -  170s
     0     0 1216123.73    0  564 1542834.85 1216123.73  21.2%     -  170s
     0     0 1217296.83    0  568 1542834.85 1217296.83  21.1%     -  172s
H    0     0                    1542546.6112 1217299.12  21.1%     -  176s
     0     0 1217696.66    0  592 1542546.61 1217696.66  21.1%     -  182s
     0     0 1218005.93    0  563 1542546.61 1218005.93  21.0%     -  183s
     0     0 1218006.03    0  562 1542546.61 1218006.03  21.0%     -  183s
     0     0 1218048.51    0  592 1542546.61 1218048.51  21.0%     -  183s
     0     0 1218067.76    0  604 1542546.61 1218067.76  21.0%     -  184s
     0     0 1218630.29    0  577 1542546.61 1218630.29  21.0%     -  185s
     0     0 1218655.71    0  557 1542546.61 1218655.71  21.0%     -  186s
     0     0 1218669.13    0  568 1542546.61 1218669.13  21.0%     -  186s
     0     0 1218970.17    0  526 1542546.61 1218970.17  21.0%     -  188s
     0     0 1219120.27    0  597 1542546.61 1219120.27  21.0%     -  189s
     0     0 1219257.79    0  542 1542546.61 1219257.79  21.0%     -  190s
     0     0 1219272.08    0  521 1542546.61 1219272.08  21.0%     -  190s
     0     0 1219628.89    0  519 1542546.61 1219628.89  20.9%     -  192s
     0     0 1219753.73    0  490 1542546.61 1219753.73  20.9%     -  193s
     0     0 1219809.12    0  600 1542546.61 1219809.12  20.9%     -  194s
     0     0 1219863.34    0  505 1542546.61 1219863.34  20.9%     -  194s
     0     0 1219918.32    0  584 1542546.61 1219918.32  20.9%     -  195s
     0     0 1219920.28    0  549 1542546.61 1219920.28  20.9%     -  195s
     0     0 1220250.21    0  514 1542546.61 1220250.21  20.9%     -  197s
     0     0 1220352.98    0  546 1542546.61 1220352.98  20.9%     -  198s
     0     0 1220367.66    0  499 1542546.61 1220367.66  20.9%     -  198s
     0     0 1220549.22    0  550 1542546.61 1220549.22  20.9%     -  200s
     0     0 1220601.27    0  543 1542546.61 1220601.27  20.9%     -  201s
     0     0 1220615.11    0  563 1542546.61 1220615.11  20.9%     -  201s
     0     0 1220968.88    0  534 1542546.61 1220968.88  20.8%     -  203s
     0     0 1220968.88    0  532 1542546.61 1220968.88  20.8%     -  203s
     0     0 1220968.88    0  530 1542546.61 1220968.88  20.8%     -  203s
     0     0 1221060.09    0  533 1542546.61 1221060.09  20.8%     -  204s
     0     0 1221104.70    0  521 1542546.61 1221104.70  20.8%     -  204s
     0     0 1221109.87    0  505 1542546.61 1221109.87  20.8%     -  205s
     0     0 1221310.99    0  532 1542546.61 1221310.99  20.8%     -  206s
     0     0 1221437.34    0  524 1542546.61 1221437.34  20.8%     -  208s
     0     0 1221437.59    0  521 1542546.61 1221437.59  20.8%     -  208s
     0     0 1221437.60    0  519 1542546.61 1221437.60  20.8%     -  208s
     0     0 1221481.14    0  506 1542546.61 1221481.14  20.8%     -  208s
     0     0 1221541.77    0  490 1542546.61 1221541.77  20.8%     -  209s
     0     0 1221559.35    0  505 1542546.61 1221559.35  20.8%     -  209s
     0     0 1221559.35    0  496 1542546.61 1221559.35  20.8%     -  209s
     0     0 1221626.27    0  493 1542546.61 1221626.27  20.8%     -  210s
     0     0 1221648.06    0  556 1542546.61 1221648.06  20.8%     -  211s
     0     0 1221652.56    0  543 1542546.61 1221652.56  20.8%     -  211s
     0     0 1221695.54    0  514 1542546.61 1221695.54  20.8%     -  212s
     0     0 1221695.56    0  512 1542546.61 1221695.56  20.8%     -  212s
     0     0 1221695.56    0  508 1542546.61 1221695.56  20.8%     -  212s
     0     0 1221696.94    0  507 1542546.61 1221696.94  20.8%     -  213s
     0     0 1221696.94    0  507 1542546.61 1221696.94  20.8%     -  213s
     0     0 1221696.94    0  507 1542546.61 1221696.94  20.8%     -  213s
     0     2 1221696.94    0  507 1542546.61 1221696.94  20.8%     -  226s
    15    32 1221753.78    4  487 1542546.61 1221732.57  20.8%   340  230s
    55    80 1221775.68    6  577 1542546.61 1221770.71  20.8%   293  235s
   103   127 1221782.70    8  599 1542546.61 1221770.71  20.8%   232  240s
H  105   127                    1542450.4755 1221770.71  20.8%   228  240s
H  116   127                    1541522.7697 1221770.71  20.7%   221  240s
   212   235 1225648.76   12  590 1541522.77 1221770.71  20.7%   162  245s
   286   309 1223890.78   14  575 1541522.77 1221770.71  20.7%   147  251s
H  341   357                    1536663.1827 1221770.71  20.5%   139  254s
H  358   381                    1535887.6900 1221770.71  20.5%   137  256s
H  360   381                    1535884.7286 1221770.71  20.5%   137  256s
H  361   381                    1535883.2517 1221770.71  20.5%   136  256s
H  363   381                    1535881.2267 1221770.71  20.5%   136  256s
   444   502 1224786.07   16  556 1535881.23 1221770.71  20.5%   134  263s
   503   525 1224343.69   18  501 1535881.23 1221770.71  20.5%   141  266s
   560   606 1224364.55   20  501 1535881.23 1221770.71  20.5%   142  271s
   609   661 1224367.82   22  503 1535881.23 1221770.71  20.5%   143  275s
   688   725 1227176.25   28  456 1535881.23 1221770.71  20.5%   153  280s
H  695   725                    1535420.3539 1221770.71  20.4%   155  280s
   800   878 1232831.53   30  426 1535420.35 1221770.71  20.4%   152  288s
   881   902 1227201.43   31  445 1535420.35 1221770.71  20.4%   153  290s
H  898   902                    1535102.0573 1221770.71  20.4%   154  290s
   905   978 1227207.40   32  445 1535102.06 1221770.71  20.4%   153  296s
   981  1069 1227216.39   33  496 1535102.06 1221770.71  20.4%   161  302s
  1072  1108 1227216.54   34  471 1535102.06 1221770.71  20.4%   167  305s
  1111  1192 1228184.50   36  507 1535102.06 1221770.71  20.4%   170  311s
  1195  1282 1227661.12   38  471 1535102.06 1221770.71  20.4%   171  315s
  1285  1333 1227665.83   40  459 1535102.06 1221770.71  20.4%   174  320s
  1428  1478 1227978.19   45  422 1535102.06 1221770.71  20.4%   180  329s
  1483  1562 1228158.66   48  463 1535102.06 1221770.71  20.4%   182  337s
  1567  1619 1229300.29   50  431 1535102.06 1221770.71  20.4%   191  342s
  1624  1705 1229426.01   54  447 1535102.06 1221770.71  20.4%   195  348s
  1710  1763 1229516.31   56  488 1535102.06 1221770.71  20.4%   199  354s
  1768  1867 1229539.95   59  482 1535102.06 1221770.71  20.4%   204  362s
  1872  1944 1229654.06   67  491 1535102.06 1221770.71  20.4%   208  369s
  1949  1968 1229711.86   70  546 1535102.06 1221770.71  20.4%   214  374s
  1973  1996 1229843.69   71  529 1535102.06 1221770.71  20.4%   216  379s
  2001  2023 1242336.91   71  499 1535102.06 1221770.71  20.4%   219  383s
  2028  2101 1229866.47   72  537 1535102.06 1221770.71  20.4%   219  390s
  2106  2145 1229923.34   75  560 1535102.06 1221770.71  20.4%   220  395s
H 2124  2145                    1530849.7500 1221770.71  20.2%   220  395s
  2150  2251 1229929.62   76  546 1530849.75 1221770.71  20.2%   220  404s
  2258  2346 1230176.54   81  558 1530849.75 1221770.71  20.2%   230  410s
H 2280  2346                    1530717.0831 1221770.71  20.2%   229  410s
  2353  2479 1230219.34   83  550 1530717.08 1221770.71  20.2%   231  419s
  2486  2528 1233721.92   90  531 1530717.08 1221770.71  20.2%   234  426s
  2535  2642 1232601.39   91  528 1530717.08 1221770.71  20.2%   236  436s
H 2581  2642                    1530713.7443 1221770.71  20.2%   236  436s
  2652  2760 1241050.77  107  488 1530713.74 1221770.71  20.2%   241  446s
  2774  2904 1237907.93  109  504 1530713.74 1221770.71  20.2%   251  457s
  2926  3014 1239980.21  111  526 1530713.74 1221770.71  20.2%   252  471s
  3044  3155 1261457.01  112  507 1530713.74 1221781.78  20.2%   263  483s
  3191  3270 1242107.14  116  573 1530713.74 1221781.78  20.2%   267  496s
  3316  3294 1244258.01  117  469 1530713.74 1221781.78  20.2%   280  505s
H 3318  3294                    1530441.6767 1221781.78  20.2%   280  505s
  3340  3514 1244265.82  118  448 1530441.68 1221781.78  20.2%   281  518s
  3565  3692 1255522.19  123  331 1530441.68 1221781.78  20.2%   280  531s
  3743  3716 1263537.36  130  500 1530441.68 1221781.78  20.2%   284  539s
  3767  3743 1263571.46  131  492 1530441.68 1221781.78  20.2%   284  547s
  3795  3833 1266125.75  135  492 1530441.68 1221781.78  20.2%   285  556s
H 3835  3833                    1530200.1602 1221781.78  20.2%   285  556s
H 3889  3902                    1525150.1291 1221781.78  19.9%   283  567s
  3966  4138 1267440.84  147  481 1525150.13 1221781.78  19.9%   283  582s
  4222  4378 1268135.16  154  443 1525150.13 1221782.84  19.9%   282  596s
H 4275  4358                    1523406.0784 1221782.84  19.8%   281  596s
  4466  4436 1269284.53  160  444 1523406.08 1221782.84  19.8%   280  600s

Cutting planes:
  Learned: 5
  Gomory: 12
  Lift-and-project: 84
  Cover: 139
  Implied bound: 391
  Clique: 84
  MIR: 646
  Knapsack: 9
  StrongCG: 230
  Flow cover: 235
  GUB cover: 47
  Zero half: 2
  Network: 1
  RLT: 409
  Relax-and-lift: 63
  BQP: 11

Explored 4546 nodes (1384974 simplex iterations) in 600.05 seconds (798.63 work units)
Thread count was 24 (of 24 available processors)

Solution count 10: 1.52341e+06 1.52515e+06 1.5302e+06 ... 1.53588e+06

Time limit reached
Best objective 1.523406078438e+06, best bound 1.221782841657e+06, gap 19.7993%
