
Gurobi 13.0.2 (linux64, Python) logging started Thu Aug 13 19:21:33 2026

Set parameter LogToConsole to value 0
Set parameter Username
Set parameter LicenseID to value 2748191
Set parameter TimeLimit to value 120
Set parameter LogFile to value "output/bf_sae1006_050/weighted_loss/retail_y_2__retail_v_2__rolled_leftover_2/period_1/gurobi.log"
Academic license - for non-commercial use only - expires 2026-12-01
Gurobi Optimizer version 13.0.2 build v13.0.2rc1 (linux64 - "Debian GNU/Linux 13 (trixie)")

CPU model: 13th Gen Intel(R) Core(TM) i7-13700HX, instruction set [SSE2|AVX|AVX2]
Thread count: 24 physical cores, 24 logical processors, using up to 24 threads

Non-default parameters:
TimeLimit  120
LogToConsole  0

Optimize a model with 2366 rows, 1728 columns and 5772 nonzeros (Min)
Model fingerprint: 0x58263e70
Model has 690 linear objective coefficients
Variable types: 1368 continuous, 360 integer (360 binary)
Coefficient statistics:
  Matrix range     [1e-02, 1e+04]
  Objective range  [1e+01, 1e+05]
  Bounds range     [1e+00, 1e+00]
  RHS range        [1e-01, 2e+04]

Presolve removed 1668 rows and 1212 columns
Presolve time: 0.02s
Presolved: 698 rows, 516 columns, 2256 nonzeros
Variable types: 342 continuous, 174 integer (174 binary)
Found heuristic solution: objective 467739.98105
Found heuristic solution: objective 447486.70582

Root relaxation: objective 1.493768e+05, 237 iterations, 0.00 seconds (0.00 work units)

    Nodes    |    Current Node    |     Objective Bounds      |     Work
 Expl Unexpl |  Obj  Depth IntInf | Incumbent    BestBd   Gap | It/Node Time

     0     0 149376.793    0   16 447486.706 149376.793  66.6%     -    0s
H    0     0                    267910.19367 149376.793  44.2%     -    0s
     0     0 149377.714    0   15 267910.194 149377.714  44.2%     -    0s
H    0     0                    264747.72570 149377.714  43.6%     -    0s
     0     0 149427.023    0   23 264747.726 149427.023  43.6%     -    0s
     0     0 149427.023    0   22 264747.726 149427.023  43.6%     -    0s
H    0     0                    232879.10833 149510.506  35.8%     -    0s
     0     0 149510.506    0   26 232879.108 149510.506  35.8%     -    0s
     0     0 149568.391    0   30 232879.108 149568.391  35.8%     -    0s
     0     0 149613.938    0   29 232879.108 149613.938  35.8%     -    0s
H    0     0                    226631.59723 149615.110  34.0%     -    0s
     0     0 150688.770    0   36 226631.597 150688.770  33.5%     -    0s
     0     0 151749.526    0   48 226631.597 151749.526  33.0%     -    0s
     0     0 151749.547    0   45 226631.597 151749.547  33.0%     -    0s
     0     0 152699.209    0   47 226631.597 152699.209  32.6%     -    0s
     0     0 153940.775    0   47 226631.597 153940.775  32.1%     -    0s
H    0     0                    224375.49966 154123.260  31.3%     -    0s
     0     0 154123.260    0   61 224375.500 154123.260  31.3%     -    0s
     0     0 155489.818    0   65 224375.500 155489.818  30.7%     -    0s
     0     0 155489.818    0   65 224375.500 155489.818  30.7%     -    0s
     0     0 163659.440    0   82 224375.500 163659.440  27.1%     -    0s
     0     0 163659.440    0   82 224375.500 163659.440  27.1%     -    0s
     0     0 163659.440    0   80 224375.500 163659.440  27.1%     -    0s
     0     2 163659.440    0   79 224375.500 163659.440  27.1%     -    0s
*  312    25              21    224316.59711 223768.634  0.24%  16.8    0s
*  356    18              22    224232.53254 224001.301  0.10%  15.3    0s

Cutting planes:
  Learned: 11
  Gomory: 1
  Cover: 30
  Implied bound: 82
  MIR: 57
  Flow cover: 22
  GUB cover: 10
  Inf proof: 1
  Zero half: 4
  RLT: 12
  Relax-and-lift: 4

Explored 400 nodes (6625 simplex iterations) in 0.26 seconds (0.21 work units)
Thread count was 24 (of 24 available processors)

Solution count 9: 224233 224317 224375 ... 467740

Optimal solution found (tolerance 1.00e-04)
Best objective 2.242325325436e+05, best bound 2.242325325436e+05, gap 0.0000%
