
Gurobi 13.0.2 (linux64, Python) logging started Sat Aug 22 17:29:29 2026

Set parameter LogToConsole to value 0
Set parameter Username
Set parameter LicenseID to value 2748191
Set parameter TimeLimit to value 120
Set parameter LogFile to value "output/bz_nbr7008_043/weighted_loss/retail_y_4__retail_v_4__retail_v_4__rolled_leftover_4/period_5/gurobi.log"
Academic license - for non-commercial use only - expires 2026-12-01
Gurobi Optimizer version 13.0.2 build v13.0.2rc1 (linux64 - "Debian GNU/Linux 13 (trixie)")

CPU model: 13th Gen Intel(R) Core(TM) i7-13700HX, instruction set [SSE2|AVX|AVX2]
Thread count: 24 physical cores, 24 logical processors, using up to 24 threads

Non-default parameters:
TimeLimit  120
LogToConsole  0

Optimize a model with 207725 rows, 139150 columns and 727109 nonzeros (Min)
Model fingerprint: 0xa38c3305
Model has 54670 linear objective coefficients and an objective constant of 3.9894002929679997e+05
Variable types: 114668 continuous, 24482 integer (24482 binary)
Coefficient statistics:
  Matrix range     [3e-03, 1e+04]
  Objective range  [2e+01, 3e+05]
  Bounds range     [1e+00, 1e+00]
  RHS range        [1e-01, 5e+04]

Presolve removed 125469 rows and 87005 columns
Presolve time: 4.13s
Presolved: 82256 rows, 52145 columns, 827688 nonzeros
Variable types: 34031 continuous, 18114 integer (18066 binary)
Deterministic concurrent LP optimizer: primal simplex, dual simplex, and barrier
Showing barrier log only...

Root barrier log...

Ordering time: 0.45s

Barrier statistics:
 Dense cols : 26
 AA' NZ     : 7.205e+06
 Factor NZ  : 1.222e+07 (roughly 140 MB of memory)
 Factor Ops : 3.447e+09 (less than 1 second per iteration)
 Threads    : 21

                  Objective                Residual
Iter       Primal          Dual         Primal    Dual     Compl     Time
   0  -4.12708273e+09 -1.34096001e+10  3.33e+06 1.78e+02  4.26e+06     6s
   1  -2.32877731e+09 -1.24521636e+10  2.16e+06 3.24e+02  2.43e+06     6s
   2  -8.52530599e+08 -1.07242819e+10  7.30e+05 7.56e+01  8.52e+05     6s
   3  -2.38260314e+08 -5.68816349e+09  2.09e+05 2.77e+00  2.43e+05     6s
   4  -1.13980441e+07 -1.69100632e+09  2.15e+04 1.77e-10  3.01e+04     6s
   5   8.12433307e+06 -7.81132496e+08  6.64e+03 1.77e-10  1.05e+04     6s
   6   1.30443851e+07 -4.02193067e+08  2.89e+03 6.64e-11  4.71e+03     6s
   7   1.52838925e+07 -1.10299422e+08  1.18e+03 1.88e-10  1.38e+03     6s
   8   1.55172326e+07 -4.85637182e+07  5.48e+02 1.13e-10  6.34e+02     6s
   9   1.48434431e+07 -4.07411799e+07  3.45e+02 9.69e-11  4.99e+02     6s
  10   1.27094420e+07 -2.47501294e+07  1.51e+02 6.05e-11  3.03e+02     6s
  11   1.08839659e+07 -1.80244837e+07  1.06e+02 4.68e-11  2.29e+02     6s
  12   6.90182419e+06 -1.22190470e+07  5.41e+01 3.00e-11  1.47e+02     6s
  13   4.98538085e+06 -6.63657203e+06  3.48e+01 2.11e-11  8.95e+01     7s
  14   3.52082940e+06 -2.80578520e+06  2.12e+01 2.06e-11  4.95e+01     7s
  15   2.65984136e+06 -1.94897182e+06  1.31e+01 1.81e-11  3.57e+01     7s
  16   2.10820442e+06 -8.33668207e+05  7.69e+00 2.51e-11  2.28e+01     7s
  17   1.73614610e+06 -3.96329804e+05  4.55e+00 2.12e-11  1.62e+01     7s
  18   1.62431174e+06  3.46649748e+05  3.70e+00 2.24e-11  1.00e+01     7s
  19   1.49139235e+06  6.23411283e+05  2.64e+00 2.66e-11  6.86e+00     7s
  20   1.39951491e+06  9.10286746e+05  1.98e+00 2.46e-11  3.99e+00     7s
  21   1.35438025e+06  9.31022161e+05  1.65e+00 2.74e-11  3.43e+00     7s
  22   1.23348175e+06  1.06664104e+06  7.05e-01 2.99e-11  1.36e+00     7s
  23   1.19796079e+06  1.09248226e+06  3.93e-01 1.60e-11  8.39e-01     7s
  24   1.18973046e+06  1.09398554e+06  3.26e-01 2.45e-11  7.53e-01     7s
  25   1.18510710e+06  1.11332486e+06  2.85e-01 1.77e-11  5.72e-01     7s
  26   1.17756440e+06  1.12835519e+06  2.19e-01 1.55e-11  3.95e-01     7s
  27   1.16948129e+06  1.13809183e+06  1.49e-01 1.52e-11  2.53e-01     7s
  28   1.16055855e+06  1.14492270e+06  6.36e-02 1.88e-11  1.23e-01     7s
  29   1.15479723e+06  1.14780794e+06  2.09e-02 1.43e-11  5.31e-02     7s
  30   1.15381559e+06  1.14912303e+06  1.53e-02 1.70e-11  3.59e-02     8s
  31   1.15312809e+06  1.14967015e+06  1.16e-02 1.44e-11  2.65e-02     8s
  32   1.15256558e+06  1.15012071e+06  8.58e-03 1.52e-11  1.88e-02     8s
  33   1.15215645e+06  1.15046351e+06  6.49e-03 1.19e-11  1.32e-02     8s
  34   1.15176697e+06  1.15055153e+06  4.43e-03 1.73e-11  9.39e-03     8s
  35   1.15141413e+06  1.15071833e+06  2.47e-03 1.20e-11  5.36e-03     8s
  36   1.15124321e+06  1.15074006e+06  1.63e-03 1.79e-11  3.84e-03     8s
  37   1.15116693e+06  1.15079199e+06  1.25e-03 1.49e-11  2.87e-03     8s
  38   1.15101176e+06  1.15082749e+06  5.41e-04 1.26e-11  1.40e-03     8s
  39   1.15094478e+06  1.15086600e+06  2.55e-04 1.84e-11  6.03e-04     8s
  40   1.15091233e+06  1.15087985e+06  7.61e-05 1.59e-11  2.42e-04     8s
  41   1.15088653e+06  1.15088257e+06  5.85e-06 2.13e-11  2.88e-05     8s
  42   1.15088525e+06  1.15088337e+06  3.20e-06 1.95e-11  1.38e-05     8s
  43   1.15088452e+06  1.15088356e+06  1.71e-06 2.51e-11  7.07e-06     8s
  44   1.15088367e+06  1.15088362e+06  1.89e-06 2.52e-11  3.90e-07     8s
  45   1.15088363e+06  1.15088363e+06  7.17e-08 2.21e-11  7.67e-10     8s

Barrier solved model in 45 iterations and 8.45 seconds (14.15 work units)
Optimal objective 1.15088363e+06


Root crossover log...

   44694 DPushes remaining with DInf 1.2805403e-01                 8s
       0 DPushes remaining with DInf 1.8572277e-01                 9s

      61 PPushes remaining with PInf 3.4891265e-04                 9s
       0 PPushes remaining with PInf 0.0000000e+00                 9s

  Push phase complete: Pinf 0.0000000e+00, Dinf 3.0830026e+04      9s


Root simplex log...

Iteration    Objective       Primal Inf.    Dual Inf.      Time
   32172    1.1508836e+06   0.000000e+00   3.083003e+04      9s
   32377    1.1508836e+06   0.000000e+00   0.000000e+00      9s
Crossover time: 0.52 seconds (0.81 work units)
Concurrent spin time: 0.15s

Solved with barrier
   32380    1.1508836e+06   0.000000e+00   0.000000e+00      9s

Extra simplex iterations after uncrush: 3

Root relaxation: objective 1.150884e+06, 32380 iterations, 4.76 seconds (7.19 work units)

    Nodes    |    Current Node    |     Objective Bounds      |     Work
 Expl Unexpl |  Obj  Depth IntInf | Incumbent    BestBd   Gap | It/Node Time

     0     0 1150883.63    0  314          - 1150883.63      -     -    9s
     0     0 1150963.08    0  307          - 1150963.08      -     -   10s
     0     0 1150966.98    0  314          - 1150966.98      -     -   10s
H    0     0                    3298763.2076 1150990.43  65.1%     -   11s
     0     0 1152571.48    0  257 3298763.21 1152571.48  65.1%     -   13s
H    0     0                    3033477.5131 1152571.55  62.0%     -   14s
H    0     0                    3022299.2763 1152571.55  61.9%     -   14s
H    0     0                    2881374.8116 1152571.55  60.0%     -   14s
H    0     0                    2866602.1713 1152571.55  59.8%     -   14s
H    0     0                    2435675.8199 1152571.55  52.7%     -   14s
H    0     0                    2433400.0513 1152571.55  52.6%     -   14s
H    0     0                    2355927.4587 1152571.55  51.1%     -   14s
H    0     0                    2353328.6136 1152571.55  51.0%     -   14s
H    0     0                    2352170.9584 1152571.55  51.0%     -   15s
H    0     0                    2290001.1974 1152571.55  49.7%     -   15s
H    0     0                    2279035.9625 1152571.55  49.4%     -   15s
H    0     0                    2270595.4643 1152571.55  49.2%     -   16s
H    0     0                    2229478.6190 1152571.55  48.3%     -   16s
H    0     0                    2175827.3741 1152571.55  47.0%     -   16s
H    0     0                    2138446.8445 1152571.55  46.1%     -   16s
H    0     0                    2130450.7890 1152571.55  45.9%     -   16s
H    0     0                    2130419.4966 1152571.55  45.9%     -   16s
H    0     0                    2088264.4035 1152571.55  44.8%     -   16s
H    0     0                    2086162.8929 1152571.55  44.8%     -   16s
H    0     0                    2079974.1986 1152571.55  44.6%     -   16s
     0     0 1153634.83    0  270 2079974.20 1153634.83  44.5%     -   18s
     0     0 1156926.98    0  270 2079974.20 1156926.98  44.4%     -   18s
     0     0 1157276.07    0  255 2079974.20 1157276.07  44.4%     -   20s
     0     0 1157276.35    0  261 2079974.20 1157276.35  44.4%     -   20s
     0     0 1157276.38    0  254 2079974.20 1157276.38  44.4%     -   20s
H    0     0                    2042533.0584 1157276.91  43.3%     -   21s
H    0     0                    2040219.2155 1157276.91  43.3%     -   22s
H    0     0                    2033159.3471 1157276.91  43.1%     -   23s
H    0     0                    2019341.0908 1157276.91  42.7%     -   24s
H    0     0                    1978859.5729 1157276.91  41.5%     -   26s
H    0     0                    1978404.3394 1157276.91  41.5%     -   39s
H    0     0                    1977758.8946 1157276.91  41.5%     -   40s
     0     0 1157284.81    0  283 1977758.89 1157284.81  41.5%     -   45s
     0     0 1157285.41    0  276 1977758.89 1157285.41  41.5%     -   45s
     0     0 1157285.43    0  293 1977758.89 1157285.43  41.5%     -   45s
     0     0 1173562.28    0  386 1977758.89 1173562.28  40.7%     -   50s
     0     0 1173682.55    0  374 1977758.89 1173682.55  40.7%     -   50s
H    0     0                    1976845.0607 1173706.18  40.6%     -   51s
H    0     0                    1953932.8632 1173706.18  39.9%     -   51s
H    0     0                    1930833.8010 1173706.18  39.2%     -   52s
H    0     0                    1924689.9519 1173706.18  39.0%     -   52s
H    0     0                    1924511.9471 1173706.18  39.0%     -   52s
H    0     0                    1923185.3948 1173706.18  39.0%     -   52s
H    0     0                    1885567.8241 1173706.18  37.8%     -   52s
H    0     0                    1885345.3749 1173706.18  37.7%     -   52s
H    0     0                    1885225.7539 1173706.18  37.7%     -   52s
     0     0 1175046.94    0  336 1885225.75 1175046.94  37.7%     -   53s
     0     0 1175060.25    0  317 1885225.75 1175060.25  37.7%     -   53s
H    0     0                    1859051.6088 1175060.25  36.8%     -   55s
H    0     0                    1779373.0682 1175060.25  34.0%     -   55s
H    0     0                    1778260.8532 1175060.25  33.9%     -   55s
H    0     0                    1773301.7945 1175060.25  33.7%     -   55s
H    0     0                    1771042.3660 1188363.77  32.9%     -   59s
H    0     0                    1760050.6433 1188363.77  32.5%     -   59s
H    0     0                    1758197.1056 1188363.77  32.4%     -   59s
     0     0 1188400.61    0  422 1758197.11 1188400.61  32.4%     -   60s
     0     0 1188487.70    0  420 1758197.11 1188487.70  32.4%     -   60s
H    0     0                    1744722.1809 1193870.22  31.6%     -   62s
     0     0 1193928.15    0  511 1744722.18 1193928.15  31.6%     -   62s
H    0     0                    1743279.5115 1196772.37  31.3%     -   63s
     0     0 1196772.37    0  462 1743279.51 1196772.37  31.3%     -   63s
     0     0 1196788.78    0  431 1743279.51 1196788.78  31.3%     -   63s
     0     0 1196790.39    0  429 1743279.51 1196790.39  31.3%     -   63s
     0     0 1196791.93    0  428 1743279.51 1196791.93  31.3%     -   63s
     0     0 1197052.50    0  437 1743279.51 1197052.50  31.3%     -   63s
     0     0 1197056.26    0  436 1743279.51 1197056.26  31.3%     -   63s
H    0     0                    1741890.4928 1197056.26  31.3%     -   64s
H    0     0                    1730536.2096 1197056.26  30.8%     -   64s
H    0     0                    1711120.6340 1197056.26  30.0%     -   64s
H    0     0                    1707371.1458 1225286.74  28.2%     -   66s
H    0     0                    1707325.7465 1225286.74  28.2%     -   66s
H    0     0                    1707119.4656 1225286.74  28.2%     -   66s
     0     0 1225286.74    0  393 1707119.47 1225286.74  28.2%     -   67s
H    0     0                    1705675.6848 1225999.79  28.1%     -   67s
H    0     0                    1703501.4511 1225999.79  28.0%     -   67s
H    0     0                    1702539.7402 1225999.79  28.0%     -   67s
H    0     0                    1700365.5065 1225999.79  27.9%     -   67s
H    0     0                    1657781.1231 1225999.79  26.0%     -   67s
H    0     0                    1655635.8507 1225999.79  25.9%     -   68s
H    0     0                    1633837.6115 1225999.79  25.0%     -   68s
     0     0 1227748.12    0  359 1633837.61 1227748.12  24.9%     -   69s
     0     0 1228683.97    0  437 1633837.61 1228683.97  24.8%     -   71s
     0     0 1228795.95    0  441 1633837.61 1228795.95  24.8%     -   71s
     0     0 1228855.64    0  403 1633837.61 1228855.64  24.8%     -   71s
     0     0 1228954.34    0  409 1633837.61 1228954.34  24.8%     -   72s
     0     0 1228954.34    0  409 1633837.61 1228954.34  24.8%     -   73s
     0     0 1240543.80    0  531 1633837.61 1240543.80  24.1%     -   77s
     0     0 1241858.04    0  482 1633837.61 1241858.04  24.0%     -   77s
     0     0 1242195.39    0  495 1633837.61 1242195.39  24.0%     -   78s
     0     0 1242242.11    0  495 1633837.61 1242242.11  24.0%     -   78s
     0     0 1242244.98    0  496 1633837.61 1242244.98  24.0%     -   78s
     0     0 1248210.66    0  494 1633837.61 1248210.66  23.6%     -   81s
H    0     0                    1633287.0499 1248321.97  23.6%     -   82s
H    0     0                    1632431.3871 1248321.97  23.5%     -   82s
H    0     0                    1630033.6169 1248321.97  23.4%     -   82s
H    0     0                    1621549.5283 1248321.97  23.0%     -   82s
H    0     0                    1620693.9973 1248321.97  23.0%     -   82s
H    0     0                    1613261.3651 1248321.97  22.6%     -   82s
     0     0 1248960.34    0  530 1613261.37 1248960.34  22.6%     -   83s
     0     0 1248960.44    0  528 1613261.37 1248960.44  22.6%     -   83s
     0     0 1249082.70    0  492 1613261.37 1249082.70  22.6%     -   84s
     0     0 1249100.43    0  501 1613261.37 1249100.43  22.6%     -   84s
     0     0 1253301.93    0  641 1613261.37 1253301.93  22.3%     -   86s
     0     0 1253492.03    0  652 1613261.37 1253492.03  22.3%     -   87s
     0     0 1253545.11    0  636 1613261.37 1253545.11  22.3%     -   87s
     0     0 1253546.64    0  640 1613261.37 1253546.64  22.3%     -   87s
     0     0 1256422.77    0  709 1613261.37 1256422.77  22.1%     -   90s
H    0     0                    1612493.4405 1256429.99  22.1%     -   91s
H    0     0                    1607093.4326 1256429.99  21.8%     -   92s
H    0     0                    1603569.5424 1256429.99  21.6%     -   92s
H    0     0                    1603488.8913 1256429.99  21.6%     -   92s
H    0     0                    1603213.8966 1256429.99  21.6%     -   93s
     0     0 1256948.45    0  709 1603213.90 1256948.45  21.6%     -   99s
     0     0 1257071.38    0  670 1603213.90 1257071.38  21.6%     -  100s
     0     0 1257074.30    0  678 1603213.90 1257074.30  21.6%     -  100s
     0     0 1263249.90    0  662 1603213.90 1263249.90  21.2%     -  104s
     0     0 1268201.06    0  668 1603213.90 1268201.06  20.9%     -  107s
     0     0 1270580.89    0  760 1603213.90 1270580.89  20.7%     -  107s
     0     0 1271018.24    0  763 1603213.90 1271018.24  20.7%     -  108s
     0     0 1271315.80    0  746 1603213.90 1271315.80  20.7%     -  108s
     0     0 1271338.14    0  775 1603213.90 1271338.14  20.7%     -  109s
     0     0 1271344.22    0  778 1603213.90 1271344.22  20.7%     -  109s
     0     0 1277688.05    0  601 1603213.90 1277688.05  20.3%     -  113s
H    0     0                    1601852.6528 1277874.20  20.2%     -  114s
     0     0 1279920.22    0  644 1601852.65 1279920.22  20.1%     -  115s
     0     0 1280482.94    0  627 1601852.65 1280482.94  20.1%     -  116s
     0     0 1280569.71    0  663 1601852.65 1280569.71  20.1%     -  116s
     0     0 1280580.97    0  675 1601852.65 1280580.97  20.1%     -  117s
     0     0          -    0      1601852.65 1280580.97  20.1%     -  120s

Cutting planes:
  Learned: 15
  Gomory: 50
  Lift-and-project: 5
  Cover: 142
  Implied bound: 288
  Clique: 96
  MIR: 551
  Knapsack: 1
  StrongCG: 114
  Flow cover: 221
  GUB cover: 51
  Zero half: 3
  Network: 1
  RLT: 544
  Relax-and-lift: 103
  BQP: 51

Explored 1 nodes (81740 simplex iterations) in 120.04 seconds (154.30 work units)
Thread count was 24 (of 24 available processors)

Solution count 10: 1.60185e+06 1.60185e+06 1.60321e+06 ... 1.62155e+06

Time limit reached
Best objective 1.601852652842e+06, best bound 1.280580968654e+06, gap 20.0563%
