
Gurobi 13.0.2 (linux64, Python) logging started Wed Jun  3 23:41:09 2026

Set parameter LogToConsole to value 0
Set parameter Username
Set parameter LicenseID to value 2748191
Set parameter TimeLimit to value 600
Set parameter LogFile to value "output/bz_nbr7008_043/period_4/gurobi.log"
Academic license - for non-commercial use only - expires 2026-12-01
Gurobi Optimizer version 13.0.2 build v13.0.2rc1 (linux64 - "Debian GNU/Linux 13 (trixie)")

CPU model: 13th Gen Intel(R) Core(TM) i7-13700HX, instruction set [SSE2|AVX|AVX2]
Thread count: 24 physical cores, 24 logical processors, using up to 24 threads

Non-default parameters:
TimeLimit  600
LogToConsole  0

Optimize a model with 200141 rows, 133869 columns and 701368 nonzeros (Min)
Model fingerprint: 0xfee884d1
Model has 54240 linear objective coefficients and an objective constant of 168787.7795904
Variable types: 110320 continuous, 23549 integer (23549 binary)
Coefficient statistics:
  Matrix range     [3e-03, 1e+04]
  Objective range  [2e+01, 3e+05]
  Bounds range     [1e+00, 1e+00]
  RHS range        [1e-01, 3e+04]

Presolve removed 118483 rows and 82193 columns
Presolve time: 3.22s
Presolved: 81658 rows, 51676 columns, 814659 nonzeros
Variable types: 33801 continuous, 17875 integer (17825 binary)
Deterministic concurrent LP optimizer: primal simplex, dual simplex, and barrier
Showing barrier log only...

Root barrier log...

Ordering time: 0.84s

Barrier statistics:
 Dense cols : 27
 AA' NZ     : 7.105e+06
 Factor NZ  : 1.215e+07 (roughly 140 MB of memory)
 Factor Ops : 3.442e+09 (less than 1 second per iteration)
 Threads    : 21

                  Objective                Residual
Iter       Primal          Dual         Primal    Dual     Compl     Time
   0  -2.66255967e+09 -1.26025358e+10  2.37e+06 1.31e+02  2.98e+06     5s
   1  -1.41636531e+09 -1.11789087e+10  1.50e+06 3.15e+02  1.65e+06     5s
   2  -4.68536385e+08 -8.92138499e+09  4.49e+05 6.88e+01  5.21e+05     5s
   3  -1.19901754e+08 -3.92821182e+09  1.24e+05 5.34e-10  1.43e+05     6s
   4  -6.23537484e+06 -9.34611014e+08  2.13e+04 1.27e-10  2.37e+04     6s
   5   1.42095522e+07 -4.67240169e+08  3.20e+03 1.38e-10  5.64e+03     6s
   6   1.64506166e+07 -1.57985303e+08  1.17e+03 9.37e-11  1.81e+03     6s
   7   1.66900500e+07 -4.55972466e+07  7.82e+02 2.06e-11  6.89e+02     6s
   8   1.42933934e+07 -2.67843632e+07  3.76e+02 1.96e-11  3.96e+02     6s
   9   1.21883268e+07 -1.71111878e+07  1.87e+02 1.14e-11  2.53e+02     6s
  10   1.00722737e+07 -1.36050699e+07  1.15e+02 1.33e-11  1.95e+02     6s
  11   8.22865446e+06 -1.25429652e+07  7.94e+01 1.32e-11  1.65e+02     6s
  12   5.73357161e+06 -7.25019400e+06  5.14e+01 1.05e-11  1.03e+02     6s
  13   3.02945767e+06 -2.98388269e+06  2.36e+01 2.49e-11  4.78e+01     7s
  14   2.07868114e+06 -1.93242156e+06  1.38e+01 2.17e-11  3.16e+01     7s
  15   1.82351655e+06 -1.53237978e+06  1.11e+01 3.42e-11  2.64e+01     7s
  16   1.49976110e+06 -1.20575130e+06  7.60e+00 3.27e-11  2.10e+01     7s
  17   1.33127467e+06 -4.56425563e+05  5.92e+00 2.56e-11  1.43e+01     7s
  18   1.00262134e+06 -4.14328815e+04  2.49e+00 3.20e-11  8.10e+00     7s
  19   9.09258904e+05  2.10614646e+05  1.72e+00 2.59e-11  5.45e+00     7s
  20   8.48961863e+05  4.31553393e+05  1.11e+00 2.41e-11  3.29e+00     7s
  21   7.89854881e+05  5.62438052e+05  5.47e-01 2.55e-11  1.76e+00     7s
  22   7.52391940e+05  6.44492322e+05  1.75e-01 2.97e-11  8.07e-01     7s
  23   7.37228462e+05  6.78378991e+05  5.51e-02 2.09e-11  4.28e-01     7s
  24   7.32790489e+05  6.84914420e+05  3.75e-02 1.95e-11  3.46e-01     7s
  25   7.31823111e+05  7.04483095e+05  3.36e-02 2.20e-11  2.00e-01     7s
  26   7.27102092e+05  7.16779030e+05  9.15e-03 2.30e-11  7.46e-02     8s
  27   7.24884310e+05  7.19094704e+05  3.08e-03 1.83e-11  4.14e-02     8s
  28   7.24286146e+05  7.21414900e+05  1.90e-03 1.86e-11  2.06e-02     8s
  29   7.24026742e+05  7.21833299e+05  1.53e-03 2.22e-11  1.58e-02     8s
  30   7.23971390e+05  7.21886824e+05  1.45e-03 2.17e-11  1.50e-02     8s
  31   7.23608854e+05  7.22314461e+05  9.16e-04 2.37e-11  9.32e-03     8s
  32   7.23334192e+05  7.22607938e+05  5.45e-04 1.63e-11  5.24e-03     8s
  33   7.23181750e+05  7.22783879e+05  3.49e-04 2.20e-11  2.88e-03     8s
  34   7.23062128e+05  7.22830768e+05  2.02e-04 2.38e-11  1.68e-03     8s
  35   7.23004473e+05  7.22861310e+05  1.31e-04 2.27e-11  1.04e-03     8s
  36   7.22948355e+05  7.22878670e+05  6.53e-05 2.22e-11  5.07e-04     8s
  37   7.22902889e+05  7.22883615e+05  1.40e-05 2.44e-11  1.39e-04     8s
  38   7.22890318e+05  7.22888881e+05  7.77e-07 3.10e-11  1.03e-05     8s
  39   7.22889445e+05  7.22889327e+05  3.25e-07 3.03e-11  8.55e-07     8s
  40   7.22889345e+05  7.22889336e+05  4.92e-06 2.21e-11  7.31e-08     9s
  41   7.22889343e+05  7.22889343e+05  2.98e-07 3.06e-11  2.05e-09     9s

Barrier solved model in 41 iterations and 8.57 seconds (13.48 work units)
Optimal objective 7.22889343e+05


Root crossover log...

   48377 DPushes remaining with DInf 0.0000000e+00                 9s
       0 DPushes remaining with DInf 0.0000000e+00                 9s

      32 PPushes remaining with PInf 1.7420231e-04                 9s
       0 PPushes remaining with PInf 0.0000000e+00                 9s

  Push phase complete: Pinf 0.0000000e+00, Dinf 8.7579550e-02      9s


Root simplex log...

Iteration    Objective       Primal Inf.    Dual Inf.      Time
   29594    7.2288934e+05   0.000000e+00   8.757955e-02      9s
   29603    7.2288934e+05   0.000000e+00   0.000000e+00      9s
Crossover time: 0.37 seconds (0.48 work units)
Concurrent spin time: 0.00s

Solved with barrier
   29603    7.2288934e+05   0.000000e+00   0.000000e+00      9s

Root relaxation: objective 7.228893e+05, 29603 iterations, 5.51 seconds (6.34 work units)

    Nodes    |    Current Node    |     Objective Bounds      |     Work
 Expl Unexpl |  Obj  Depth IntInf | Incumbent    BestBd   Gap | It/Node Time

     0     0 722889.343    0  166          - 722889.343      -     -    9s
     0     0 722890.281    0  175          - 722890.281      -     -    9s
     0     0 722890.289    0  175          - 722890.289      -     -    9s
     0     0 722890.294    0  174          - 722890.294      -     -    9s
H    0     0                    3482148.8244 722890.294  79.2%     -   11s
     0     0 723471.404    0  191 3482148.82 723471.404  79.2%     -   12s
     0     0 723473.798    0  188 3482148.82 723473.798  79.2%     -   12s
H    0     0                    2261101.5632 723474.344  68.0%     -   12s
H    0     0                    2139521.6682 723474.344  66.2%     -   12s
H    0     0                    2128063.3300 723474.344  66.0%     -   12s
H    0     0                    2109675.2736 723474.344  65.7%     -   12s
H    0     0                    2074301.4730 723474.344  65.1%     -   12s
H    0     0                    2043321.8998 723474.344  64.6%     -   12s
H    0     0                    2040097.1280 723474.344  64.5%     -   12s
H    0     0                    2039893.3706 723474.344  64.5%     -   13s
H    0     0                    1997413.3917 723474.344  63.8%     -   13s
H    0     0                    1970205.2953 723474.344  63.3%     -   13s
H    0     0                    1711897.6730 723474.344  57.7%     -   13s
H    0     0                    1708542.9920 723474.344  57.7%     -   13s
H    0     0                    1700304.5490 723474.344  57.5%     -   13s
H    0     0                    1696886.7540 723474.344  57.4%     -   14s
H    0     0                    1662565.4689 723474.344  56.5%     -   14s
     0     0 723541.022    0  176 1662565.47 723541.022  56.5%     -   14s
     0     0 729118.886    0  174 1662565.47 729118.886  56.1%     -   15s
H    0     0                    1614858.0977 729119.299  54.8%     -   16s
H    0     0                    1608890.2916 729119.299  54.7%     -   16s
H    0     0                    1555096.6261 729119.299  53.1%     -   17s
H    0     0                    1554037.9849 729119.299  53.1%     -   18s
H    0     0                    1481533.1023 729119.299  50.8%     -   19s
H    0     0                    1480533.1736 729119.299  50.8%     -   20s
H    0     0                    1459790.9222 729119.299  50.1%     -   21s
H    0     0                    1454356.9632 729119.299  49.9%     -   23s
H    0     0                    1449907.8665 729119.299  49.7%     -   23s
H    0     0                    1447405.7805 729119.299  49.6%     -   28s
H    0     0                    1439690.4202 729119.299  49.4%     -   29s
H    0     0                    1434901.1454 729119.299  49.2%     -   30s
H    0     0                    1419674.7515 729119.299  48.6%     -   32s
H    0     0                    1386131.6278 729123.019  47.4%     -   35s
H    0     0                    1386020.9789 729123.019  47.4%     -   35s
H    0     0                    1384564.2117 729123.019  47.3%     -   35s
     0     0 729538.971    0  157 1384564.21 729538.971  47.3%     -   35s
     0     0 729538.971    0  163 1384564.21 729538.971  47.3%     -   36s
     0     0 729540.814    0  181 1384564.21 729540.814  47.3%     -   38s
     0     0 729544.049    0  175 1384564.21 729544.049  47.3%     -   38s
H    0     0                    1381818.2913 729545.892  47.2%     -   39s
H    0     0                    1372129.8745 729545.892  46.8%     -   40s
H    0     0                    1338962.7304 729545.892  45.5%     -   40s
H    0     0                    1336634.7524 729545.892  45.4%     -   41s
H    0     0                    1335346.6226 729545.892  45.4%     -   41s
     0     0 729552.662    0  185 1335346.62 729552.662  45.4%     -   42s
     0     0 729552.872    0  185 1335346.62 729552.872  45.4%     -   42s
     0     0 737472.254    0  307 1335346.62 737472.254  44.8%     -   46s
     0     0 737473.106    0  277 1335346.62 737473.106  44.8%     -   47s
     0     0 737489.615    0  286 1335346.62 737489.615  44.8%     -   47s
     0     0 737491.360    0  303 1335346.62 737491.360  44.8%     -   47s
H    0     0                    1274868.5863 739727.726  42.0%     -   49s
H    0     0                    1244489.6421 739727.726  40.6%     -   49s
H    0     0                    1218083.4234 739727.726  39.3%     -   49s
H    0     0                    1213847.8644 739727.726  39.1%     -   49s
H    0     0                    1213711.6673 739727.726  39.1%     -   49s
     0     0 739727.726    0  303 1213711.67 739727.726  39.1%     -   49s
H    0     0                    1170014.5210 739728.161  36.8%     -   50s
     0     0 740531.007    0  346 1170014.52 740531.007  36.7%     -   52s
     0     0 740535.544    0  370 1170014.52 740535.544  36.7%     -   52s
     0     0 740537.538    0  354 1170014.52 740537.538  36.7%     -   52s
     0     0 746192.930    0  295 1170014.52 746192.930  36.2%     -   54s
     0     0 746206.052    0  294 1170014.52 746206.052  36.2%     -   54s
     0     0 748604.135    0  309 1170014.52 748604.135  36.0%     -   55s
     0     0 748627.168    0  295 1170014.52 748627.168  36.0%     -   55s
     0     0 748627.833    0  322 1170014.52 748627.833  36.0%     -   55s
     0     0 750556.054    0  333 1170014.52 750556.054  35.9%     -   56s
H    0     0                    1136462.8494 750635.183  33.9%     -   57s
H    0     0                    1118897.4197 750635.183  32.9%     -   57s
     0     0 751042.793    0  323 1118897.42 751042.793  32.9%     -   57s
     0     0 751181.713    0  373 1118897.42 751181.713  32.9%     -   58s
     0     0 751186.996    0  355 1118897.42 751186.996  32.9%     -   58s
     0     0 751188.505    0  360 1118897.42 751188.505  32.9%     -   58s
     0     0 753490.947    0  318 1118897.42 753490.947  32.7%     -   60s
     0     0 753927.028    0  321 1118897.42 753927.028  32.6%     -   61s
     0     0 753927.028    0  322 1118897.42 753927.028  32.6%     -   61s
     0     0 753927.066    0  326 1118897.42 753927.066  32.6%     -   61s
     0     0 754007.848    0  334 1118897.42 754007.848  32.6%     -   61s
     0     0 754010.640    0  339 1118897.42 754010.640  32.6%     -   61s
     0     0 757794.287    0  318 1118897.42 757794.287  32.3%     -   63s
H    0     0                    1118003.0189 757796.281  32.2%     -   64s
H    0     0                    1110635.4691 757796.281  31.8%     -   65s
H    0     0                    1110560.4843 757796.281  31.8%     -   67s
H    0     0                    1110546.6335 757796.281  31.8%     -   68s
     0     0 758370.118    0  341 1110546.63 758370.118  31.7%     -   69s
     0     0 758636.551    0  327 1110546.63 758636.551  31.7%     -   70s
     0     0 758653.717    0  352 1110546.63 758653.717  31.7%     -   70s
     0     0 758654.549    0  349 1110546.63 758654.549  31.7%     -   70s
     0     0 762818.730    0  342 1110546.63 762818.730  31.3%     -   72s
     0     0 763744.552    0  374 1110546.63 763744.552  31.2%     -   73s
     0     0 764225.070    0  346 1110546.63 764225.070  31.2%     -   74s
     0     0 764324.218    0  318 1110546.63 764324.218  31.2%     -   74s
     0     0 764354.782    0  369 1110546.63 764354.782  31.2%     -   74s
     0     0 764369.058    0  320 1110546.63 764369.058  31.2%     -   74s
     0     0 764369.058    0  325 1110546.63 764369.058  31.2%     -   74s
     0     0 768186.903    0  420 1110546.63 768186.903  30.8%     -   76s
     0     0 768844.014    0  417 1110546.63 768844.014  30.8%     -   76s
     0     0 769192.346    0  412 1110546.63 769192.346  30.7%     -   77s
     0     0 769435.552    0  427 1110546.63 769435.552  30.7%     -   77s
     0     0 769464.183    0  455 1110546.63 769464.183  30.7%     -   77s
     0     0 769464.377    0  467 1110546.63 769464.377  30.7%     -   77s
     0     0 776065.611    0  440 1110546.63 776065.611  30.1%     -   80s
     0     0 776976.611    0  462 1110546.63 776976.611  30.0%     -   81s
     0     0 777040.481    0  481 1110546.63 777040.481  30.0%     -   81s
     0     0 777042.869    0  484 1110546.63 777042.869  30.0%     -   81s
     0     0 782641.113    0  405 1110546.63 782641.113  29.5%     -   84s
H    0     0                    1106945.1356 782833.444  29.3%     -   84s
H    0     0                    1102650.0326 782833.444  29.0%     -   85s
H    0     0                    1102305.5572 782833.444  29.0%     -   85s
     0     0 783443.211    0  427 1102305.56 783443.211  28.9%     -   86s
     0     0 783760.089    0  437 1102305.56 783760.089  28.9%     -   86s
     0     0 784050.254    0  449 1102305.56 784050.254  28.9%     -   87s
     0     0 784097.594    0  415 1102305.56 784097.594  28.9%     -   87s
     0     0 784100.045    0  418 1102305.56 784100.045  28.9%     -   87s
     0     0 786689.444    0  484 1102305.56 786689.444  28.6%     -   88s
     0     0 787460.725    0  473 1102305.56 787460.725  28.6%     -   89s
     0     0 787514.202    0  477 1102305.56 787514.202  28.6%     -   89s
     0     0 787531.762    0  505 1102305.56 787531.762  28.6%     -   89s
     0     0 787531.762    0  506 1102305.56 787531.762  28.6%     -   89s
     0     0 790052.477    0  469 1102305.56 790052.477  28.3%     -   91s
H    0     0                    1102078.9410 790059.717  28.3%     -   91s
H    0     0                    1097400.2906 790059.717  28.0%     -   92s
H    0     0                    1097395.2458 790059.717  28.0%     -   92s
     0     0 790461.548    0  432 1097395.25 790461.548  28.0%     -   92s
     0     0 790474.403    0  452 1097395.25 790474.403  28.0%     -   92s
     0     0 790475.478    0  441 1097395.25 790475.478  28.0%     -   92s
     0     0 792406.129    0  449 1097395.25 792406.129  27.8%     -   95s
     0     0 792406.129    0  448 1097395.25 792406.129  27.8%     -   95s
     0     0 792874.081    0  435 1097395.25 792874.081  27.7%     -   96s
     0     0 793033.753    0  425 1097395.25 793033.753  27.7%     -   96s
     0     0 793063.390    0  399 1097395.25 793063.390  27.7%     -   97s
     0     0 793063.481    0  405 1097395.25 793063.481  27.7%     -   97s
     0     0 795465.952    0  370 1097395.25 795465.952  27.5%     -   99s
H    0     0                    1097315.4804 795466.115  27.5%     -   99s
H    0     0                    1092896.3569 795466.115  27.2%     -   99s
H    0     0                    1092671.7737 795466.115  27.2%     -  100s
H    0     0                    1081557.5890 795466.115  26.5%     -  100s
H    0     0                    1081008.9074 795466.115  26.4%     -  100s
H    0     0                    1080719.1155 795466.115  26.4%     -  100s
     0     0 795768.140    0  390 1080719.12 795768.140  26.4%     -  101s
     0     0 795921.073    0  352 1080719.12 795921.073  26.4%     -  101s
     0     0 795950.103    0  411 1080719.12 795950.103  26.3%     -  101s
     0     0 795951.145    0  399 1080719.12 795951.145  26.3%     -  102s
     0     0 798461.724    0  369 1080719.12 798461.724  26.1%     -  104s
     0     0 799302.554    0  346 1080719.12 799302.554  26.0%     -  104s
     0     0 799334.257    0  348 1080719.12 799334.257  26.0%     -  105s
     0     0 799338.238    0  320 1080719.12 799338.238  26.0%     -  105s
     0     0 800295.098    0  386 1080719.12 800295.098  25.9%     -  107s
H    0     0                    1079451.5863 800295.149  25.9%     -  108s
H    0     0                    1078164.6918 800295.149  25.8%     -  115s
     0     0 800342.907    0  356 1078164.69 800342.907  25.8%     -  115s
     0     0 800396.158    0  400 1078164.69 800396.158  25.8%     -  117s
     0     0 800415.544    0  422 1078164.69 800415.544  25.8%     -  117s
     0     0 800419.911    0  455 1078164.69 800419.911  25.8%     -  117s
     0     0 802677.969    0  369 1078164.69 802677.969  25.6%     -  119s
     0     0 802685.677    0  368 1078164.69 802685.677  25.6%     -  119s
     0     0 803558.635    0  344 1078164.69 803558.635  25.5%     -  121s
     0     0 804012.715    0  355 1078164.69 804012.715  25.4%     -  122s
     0     0 804274.444    0  344 1078164.69 804274.444  25.4%     -  122s
     0     0 804932.280    0  343 1078164.69 804932.280  25.3%     -  122s
     0     0 805290.524    0  357 1078164.69 805290.524  25.3%     -  123s
     0     0 805514.597    0  388 1078164.69 805514.597  25.3%     -  123s
     0     0 805796.398    0  402 1078164.69 805796.398  25.3%     -  124s
     0     0 805943.996    0  406 1078164.69 805943.996  25.2%     -  124s
     0     0 805981.206    0  438 1078164.69 805981.206  25.2%     -  125s
     0     0 805994.064    0  458 1078164.69 805994.064  25.2%     -  125s
     0     0 807446.200    0  382 1078164.69 807446.200  25.1%     -  127s
     0     0 807712.954    0  364 1078164.69 807712.954  25.1%     -  128s
     0     0 807829.545    0  351 1078164.69 807829.545  25.1%     -  129s
     0     0 807839.459    0  344 1078164.69 807839.459  25.1%     -  129s
     0     0 808525.534    0  347 1078164.69 808525.534  25.0%     -  130s
     0     0 808923.472    0  368 1078164.69 808923.472  25.0%     -  132s
     0     0 808946.580    0  363 1078164.69 808946.580  25.0%     -  132s
     0     0 808983.345    0  364 1078164.69 808983.345  25.0%     -  132s
     0     0 808995.360    0  398 1078164.69 808995.360  25.0%     -  132s
     0     0 811294.299    0  350 1078164.69 811294.299  24.8%     -  135s
     0     0 812098.234    0  433 1078164.69 812098.234  24.7%     -  136s
     0     0 812535.111    0  424 1078164.69 812535.111  24.6%     -  137s
     0     0 812594.930    0  418 1078164.69 812594.930  24.6%     -  137s
     0     0 812633.891    0  489 1078164.69 812633.891  24.6%     -  138s
     0     0 812638.971    0  488 1078164.69 812638.971  24.6%     -  138s
     0     0 814546.006    0  313 1078164.69 814546.006  24.5%     -  140s
     0     0 814592.473    0  317 1078164.69 814592.473  24.4%     -  141s
     0     0 814807.104    0  394 1078164.69 814807.104  24.4%     -  142s
     0     0 814828.395    0  437 1078164.69 814828.395  24.4%     -  143s
     0     0 814885.069    0  407 1078164.69 814885.069  24.4%     -  143s
     0     0 814885.156    0  407 1078164.69 814885.156  24.4%     -  143s
     0     0 814885.199    0  409 1078164.69 814885.199  24.4%     -  143s
     0     0 814885.289    0  408 1078164.69 814885.289  24.4%     -  143s
     0     0 814885.298    0  403 1078164.69 814885.298  24.4%     -  143s
     0     0 814959.121    0  380 1078164.69 814959.121  24.4%     -  143s
     0     0 814995.541    0  412 1078164.69 814995.541  24.4%     -  144s
     0     0 815000.944    0  399 1078164.69 815000.944  24.4%     -  144s
     0     0 816695.683    0  502 1078164.69 816695.683  24.3%     -  146s
     0     0 816695.894    0  494 1078164.69 816695.894  24.3%     -  146s
H    0     0                    1077644.1564 816780.536  24.2%     -  147s
H    0     0                    1077640.3910 816780.536  24.2%     -  147s
H    0     0                    1060454.1296 816780.536  23.0%     -  148s
     0     0 816926.504    0  464 1060454.13 816926.504  23.0%     -  148s
     0     0 817051.125    0  477 1060454.13 817051.125  23.0%     -  149s
     0     0 817067.737    0  485 1060454.13 817067.737  23.0%     -  150s
     0     0 818233.146    0  447 1060454.13 818233.146  22.8%     -  151s
     0     0 818498.520    0  467 1060454.13 818498.520  22.8%     -  153s
     0     0 818559.634    0  447 1060454.13 818559.634  22.8%     -  153s
     0     0 818602.142    0  498 1060454.13 818602.142  22.8%     -  153s
     0     0 818617.804    0  473 1060454.13 818617.804  22.8%     -  154s
     0     0 820483.707    0  399 1060454.13 820483.707  22.6%     -  157s
H    0     0                    1059467.4834 820569.444  22.5%     -  158s
H    0     0                    1058299.3273 820569.444  22.5%     -  158s
H    0     0                    1057922.6629 820569.444  22.4%     -  158s
H    0     0                    1056127.8193 820569.444  22.3%     -  158s
H    0     0                    1056108.2961 820569.444  22.3%     -  159s
     0     0 820967.412    0  493 1056108.30 820967.412  22.3%     -  160s
     0     0 820981.863    0  491 1056108.30 820981.863  22.3%     -  161s
     0     0 821791.371    0  475 1056108.30 821791.371  22.2%     -  162s
     0     0 822049.499    0  448 1056108.30 822049.499  22.2%     -  163s
     0     0 822187.079    0  485 1056108.30 822187.079  22.1%     -  163s
     0     0 822224.197    0  469 1056108.30 822224.197  22.1%     -  164s
     0     0 822226.409    0  476 1056108.30 822226.409  22.1%     -  164s
     0     0 823170.991    0  431 1056108.30 823170.991  22.1%     -  165s
H    0     0                    1055893.3761 823221.085  22.0%     -  170s
H    0     0                    1054698.1251 823221.085  21.9%     -  172s
     0     0 823362.930    0  397 1054698.13 823362.930  21.9%     -  176s
     0     0 823375.701    0  404 1054698.13 823375.701  21.9%     -  176s
     0     0 824332.634    0  437 1054698.13 824332.634  21.8%     -  178s
     0     0 824735.159    0  457 1054698.13 824735.159  21.8%     -  180s
     0     0 824931.413    0  398 1054698.13 824931.413  21.8%     -  180s
     0     0 824945.344    0  403 1054698.13 824945.344  21.8%     -  181s
     0     0 825868.915    0  360 1054698.13 825868.915  21.7%     -  183s
     0     0 826146.007    0  400 1054698.13 826146.007  21.7%     -  183s
     0     0 826248.282    0  412 1054698.13 826248.282  21.7%     -  184s
     0     0 826287.970    0  444 1054698.13 826287.970  21.7%     -  184s
     0     0 826292.078    0  423 1054698.13 826292.078  21.7%     -  184s
     0     0 827361.640    0  330 1054698.13 827361.640  21.6%     -  187s
     0     0 827675.174    0  385 1054698.13 827675.174  21.5%     -  188s
     0     0 827921.542    0  328 1054698.13 827921.542  21.5%     -  188s
     0     0 827953.048    0  349 1054698.13 827953.048  21.5%     -  189s
     0     0 827960.737    0  348 1054698.13 827960.737  21.5%     -  189s
     0     0 828926.803    0  318 1054698.13 828926.803  21.4%     -  190s
     0     0 829100.637    0  306 1054698.13 829100.637  21.4%     -  191s
     0     0 829257.963    0  344 1054698.13 829257.963  21.4%     -  191s
     0     0 829337.056    0  355 1054698.13 829337.056  21.4%     -  191s
     0     0 829353.041    0  360 1054698.13 829353.041  21.4%     -  192s
     0     0 830087.313    0  350 1054698.13 830087.313  21.3%     -  193s
     0     0 830367.432    0  350 1054698.13 830367.432  21.3%     -  194s
     0     0 830403.347    0  346 1054698.13 830403.347  21.3%     -  194s
     0     0 830419.670    0  417 1054698.13 830419.670  21.3%     -  195s
     0     0 831216.498    0  385 1054698.13 831216.498  21.2%     -  196s
     0     0 831340.486    0  370 1054698.13 831340.486  21.2%     -  196s
     0     0 831509.948    0  360 1054698.13 831509.948  21.2%     -  197s
     0     0 831537.018    0  344 1054698.13 831537.018  21.2%     -  198s
     0     0 831549.571    0  357 1054698.13 831549.571  21.2%     -  198s
     0     0 831924.724    0  304 1054698.13 831924.724  21.1%     -  199s
     0     0 831957.488    0  358 1054698.13 831957.488  21.1%     -  200s
     0     0 831958.207    0  328 1054698.13 831958.207  21.1%     -  201s
     0     0 832510.049    0  351 1054698.13 832510.049  21.1%     -  202s
     0     0 832596.806    0  377 1054698.13 832596.806  21.1%     -  203s
     0     0 832690.228    0  356 1054698.13 832690.228  21.0%     -  204s
     0     0 832693.852    0  401 1054698.13 832693.852  21.0%     -  204s
     0     0 833301.336    0  294 1054698.13 833301.336  21.0%     -  205s
     0     0 833582.648    0  274 1054698.13 833582.648  21.0%     -  206s
     0     0 833690.195    0  321 1054698.13 833690.195  21.0%     -  206s
     0     0 833862.455    0  319 1054698.13 833862.455  20.9%     -  207s
     0     0 833934.405    0  386 1054698.13 833934.405  20.9%     -  207s
     0     0 833941.974    0  384 1054698.13 833941.974  20.9%     -  207s
     0     0 834380.007    0  388 1054698.13 834380.007  20.9%     -  209s
     0     0 834423.511    0  379 1054698.13 834423.511  20.9%     -  227s
     0     0 834435.962    0  423 1054698.13 834435.962  20.9%     -  227s
     0     0 834803.822    0  382 1054698.13 834803.822  20.8%     -  229s
     0     0 835037.726    0  324 1054698.13 835037.726  20.8%     -  230s
     0     0 835069.130    0  337 1054698.13 835069.130  20.8%     -  231s
     0     0 835089.958    0  366 1054698.13 835089.958  20.8%     -  231s
     0     0 836199.847    0  448 1054698.13 836199.847  20.7%     -  233s
     0     0 836415.636    0  387 1054698.13 836415.636  20.7%     -  234s
     0     0 836424.548    0  361 1054698.13 836424.548  20.7%     -  235s
     0     0 836442.422    0  379 1054698.13 836442.422  20.7%     -  235s
     0     0 837517.502    0  408 1054698.13 837517.502  20.6%     -  237s
     0     0 838124.466    0  353 1054698.13 838124.466  20.5%     -  239s
     0     0 838307.250    0  382 1054698.13 838307.250  20.5%     -  239s
     0     0 838322.434    0  411 1054698.13 838322.434  20.5%     -  240s
     0     0 839746.060    0  294 1054698.13 839746.060  20.4%     -  241s
     0     0 839964.995    0  411 1054698.13 839964.995  20.4%     -  243s
     0     0 839982.667    0  411 1054698.13 839982.667  20.4%     -  243s
     0     0 840517.535    0  341 1054698.13 840517.535  20.3%     -  246s
     0     0 840815.379    0  362 1054698.13 840815.379  20.3%     -  248s
     0     0 840896.193    0  333 1054698.13 840896.193  20.3%     -  249s
     0     0 840921.417    0  334 1054698.13 840921.417  20.3%     -  249s
     0     0 840942.063    0  337 1054698.13 840942.063  20.3%     -  249s
     0     0 842838.759    0  298 1054698.13 842838.759  20.1%     -  251s
     0     0 843041.013    0  378 1054698.13 843041.013  20.1%     -  252s
     0     0 843354.192    0  323 1054698.13 843354.192  20.0%     -  253s
     0     0 843354.197    0  323 1054698.13 843354.197  20.0%     -  253s
     0     0 843416.579    0  328 1054698.13 843416.579  20.0%     -  254s
     0     0 843432.067    0  389 1054698.13 843432.067  20.0%     -  254s
     0     0 844518.349    0  341 1054698.13 844518.349  19.9%     -  255s
     0     0 844771.247    0  301 1054698.13 844771.247  19.9%     -  256s
     0     0 844874.179    0  328 1054698.13 844874.179  19.9%     -  257s
     0     0 844900.987    0  361 1054698.13 844900.987  19.9%     -  258s
     0     0 844904.732    0  338 1054698.13 844904.732  19.9%     -  258s
     0     0 845343.093    0  305 1054698.13 845343.093  19.8%     -  260s
     0     0 845400.146    0  293 1054698.13 845400.146  19.8%     -  261s
     0     0 845508.492    0  386 1054698.13 845508.492  19.8%     -  262s
     0     0 845520.185    0  408 1054698.13 845520.185  19.8%     -  262s
     0     0 845956.362    0  363 1054698.13 845956.362  19.8%     -  264s
     0     0 846007.643    0  266 1054698.13 846007.643  19.8%     -  265s
     0     0 846033.075    0  301 1054698.13 846033.075  19.8%     -  265s
     0     0 846037.922    0  355 1054698.13 846037.922  19.8%     -  266s
     0     0 846375.319    0  272 1054698.13 846375.319  19.8%     -  267s
     0     0 846606.720    0  254 1054698.13 846606.720  19.7%     -  269s
     0     0 846622.286    0  291 1054698.13 846622.286  19.7%     -  269s
     0     0 846817.540    0  288 1054698.13 846817.540  19.7%     -  271s
     0     0 846862.992    0  301 1054698.13 846862.992  19.7%     -  272s
H    0     0                    1044976.6785 846895.317  19.0%     -  273s
     0     0 846895.317    0  311 1044976.68 846895.317  19.0%     -  273s
     0     0 846961.039    0  273 1044976.68 846961.039  18.9%     -  274s
     0     0 846970.790    0  419 1044976.68 846970.790  18.9%     -  275s
     0     0 847173.480    0  338 1044976.68 847173.480  18.9%     -  277s
     0     0 847192.031    0  345 1044976.68 847192.031  18.9%     -  278s
     0     0 847353.938    0  319 1044976.68 847353.938  18.9%     -  280s
     0     0 847356.376    0  319 1044976.68 847356.376  18.9%     -  280s
     0     0 847356.376    0  319 1044976.68 847356.376  18.9%     -  280s
     0     0 847356.376    0  311 1044976.68 847356.376  18.9%     -  280s
     0     2 847356.376    0  311 1044976.68 847356.376  18.9%     -  289s
     1     4 847357.986    1  319 1044976.68 847356.376  18.9%  70.0  290s
     7    16 847428.459    3  343 1044976.68 847398.369  18.9%   574  295s
    31    56 847458.594    5  363 1044976.68 847449.656  18.9%   575  302s
    55    80 847465.669    6  421 1044976.68 847465.669  18.9%   489  307s
H   59    80                    1044599.1455 847465.669  18.9%   465  307s
H   67    80                    1042741.3173 847465.669  18.7%   427  307s
H   69    80                    1042363.7843 847465.669  18.7%   422  307s
    79   105 847466.316    7  371 1042363.78 847465.671  18.7%   409  311s
   104   132 847484.722    8  385 1042363.78 847465.671  18.7%   363  316s
   131   163 847486.303    9  388 1042363.78 847465.671  18.7%   374  320s
   162   187 847496.790   10  383 1042363.78 847465.671  18.7%   344  325s
H  177   187                    1035599.2040 847465.671  18.2%   352  325s
   186   262 849075.088   10  415 1035599.20 847465.671  18.2%   348  331s
   261   286 847533.579   12  424 1035599.20 847465.671  18.2%   329  335s
H  278   286                    1035556.5842 847465.671  18.2%   320  335s
   285   334 847589.660   13  370 1035556.58 847465.671  18.2%   330  342s
   333   384 847594.958   14  389 1035556.58 847465.671  18.2%   345  347s
   385   436 847603.962   16  340 1035556.58 847465.671  18.2%   353  356s
   439   461 849742.475   17  369 1035556.58 847465.671  18.2%   397  362s
   464   499 849861.240   18  374 1035556.58 847465.671  18.2%   421  371s
   502   527 853501.308   18  368 1035556.58 847465.671  18.2%   451  376s
   530   577 849896.268   19  380 1035556.58 847465.671  18.2%   462  382s
   580   636 850014.759   21  361 1035556.58 847465.671  18.2%   458  389s
   639   701 850022.596   22  329 1035556.58 847465.671  18.2%   441  395s
   704   759 850147.905   26  353 1035556.58 847465.671  18.2%   431  403s
   762   845 850156.829   30  356 1035556.58 847465.671  18.2%   429  411s
   850   904 850255.783   33  304 1035556.58 847465.671  18.2%   416  417s
   909   932 852893.990   34  261 1035556.58 847465.671  18.2%   408  423s
   937   980 850366.927   35  349 1035556.58 847465.671  18.2%   406  431s
   985  1024 850390.653   36  351 1035556.58 847465.671  18.2%   405  437s
  1031  1067 851812.159   36  296 1035556.58 847465.671  18.2%   399  443s
  1074  1109 850395.395   37  361 1035556.58 847465.671  18.2%   392  449s
  1118  1159 850399.074   38  328 1035556.58 847465.671  18.2%   388  456s
  1170  1213 850426.916   39  318 1035556.58 847465.671  18.2%   384  464s
H 1187  1213                    1034812.4328 847465.671  18.1%   383  464s
  1224  1250 850445.535   40  323 1034812.43 847465.671  18.1%   382  472s
  1261  1322 850445.997   41  305 1034812.43 847465.671  18.1%   386  480s
  1335  1417 850454.211   42  309 1034812.43 847465.671  18.1%   384  490s
  1432  1539 850455.275   43  305 1034812.43 847465.671  18.1%   378  501s
  1558  1628 850462.289   44  353 1034812.43 847465.671  18.1%   372  512s
  1657  1736 850640.210   49  323 1034812.43 847465.671  18.1%   376  524s
  1782  1844 851660.664   54  307 1034812.43 847470.272  18.1%   375  540s
  1893  1983 855097.599   57  269 1034812.43 847470.272  18.1%   385  554s
  2034  2106 858764.955   60  331 1034812.43 847470.272  18.1%   387  567s
  2165  2211 886092.752   62  301 1034812.43 847470.272  18.1%   390  582s
  2270  2351 923817.610   63  214 1034812.43 847470.272  18.1%   392  598s
  2412  2371 886123.019   66  284 1034812.43 847470.272  18.1%   396  600s

Cutting planes:
  Learned: 11
  Gomory: 35
  Cover: 174
  Implied bound: 440
  Clique: 87
  MIR: 694
  Knapsack: 11
  StrongCG: 207
  Flow cover: 311
  GUB cover: 34
  Zero half: 4
  Network: 1
  RLT: 262
  Relax-and-lift: 66
  BQP: 5

Explored 2432 nodes (1111517 simplex iterations) in 600.05 seconds (788.68 work units)
Thread count was 24 (of 24 available processors)

Solution count 10: 1.03481e+06 1.03556e+06 1.0356e+06 ... 1.05611e+06

Time limit reached
Best objective 1.034812432789e+06, best bound 8.474702716227e+05, gap 18.1040%
