
Gurobi 13.0.2 (linux64, Python) logging started Sat Aug 22 21:19:47 2026

Set parameter LogToConsole to value 0
Set parameter Username
Set parameter LicenseID to value 2748191
Set parameter TimeLimit to value 120
Set parameter LogFile to value "output/bz_nbr7008_043/new_coils_value/default/period_3/gurobi.log"
Academic license - for non-commercial use only - expires 2026-12-01
Gurobi Optimizer version 13.0.2 build v13.0.2rc1 (linux64 - "Debian GNU/Linux 13 (trixie)")

CPU model: 13th Gen Intel(R) Core(TM) i7-13700HX, instruction set [SSE2|AVX|AVX2]
Thread count: 24 physical cores, 24 logical processors, using up to 24 threads

Non-default parameters:
TimeLimit  120
LogToConsole  0

Optimize a model with 198854 rows, 132875 columns and 697390 nonzeros (Min)
Model fingerprint: 0x96ee5417
Model has 108 linear objective coefficients
Variable types: 109504 continuous, 23371 integer (23371 binary)
Coefficient statistics:
  Matrix range     [3e-03, 1e+04]
  Objective range  [3e+04, 7e+04]
  Bounds range     [1e+00, 1e+00]
  RHS range        [1e-01, 4e+04]

Presolve removed 117247 rows and 81283 columns
Presolve time: 4.77s
Presolved: 81607 rows, 51592 columns, 814249 nonzeros
Variable types: 33757 continuous, 17835 integer (17787 binary)
Deterministic concurrent LP optimizer: primal simplex, dual simplex, and barrier
Showing barrier log only...

Root barrier log...

Ordering time: 0.42s

Barrier statistics:
 Dense cols : 35
 AA' NZ     : 7.093e+06
 Factor NZ  : 1.216e+07 (roughly 140 MB of memory)
 Factor Ops : 3.451e+09 (less than 1 second per iteration)
 Threads    : 21

                  Objective                Residual
Iter       Primal          Dual         Primal    Dual     Compl     Time
   0   1.59523965e+08 -3.15145779e+09  2.78e+06 1.54e+01  8.64e+05     6s
   1   1.88391030e+08 -2.85790769e+09  1.75e+06 7.78e+01  4.76e+05     6s
   2   4.80043280e+07 -2.35974749e+09  5.94e+05 1.72e+01  1.68e+05     7s
   3   1.71177730e+07 -1.15148935e+09  1.62e+05 4.71e-01  4.65e+04     7s
   4   6.38084294e+06 -3.00391387e+08  1.90e+04 4.29e-11  6.07e+03     7s
   5   5.11804751e+06 -1.39853539e+08  3.97e+03 1.57e-11  1.73e+03     7s
   6   4.86292298e+06 -5.60869052e+07  1.28e+03 2.34e-11  6.01e+02     7s
   7   4.81765193e+06 -1.67930883e+07  9.44e+02 6.71e-12  2.36e+02     7s
   8   4.48567313e+06 -9.09915181e+06  4.15e+02 5.12e-12  1.28e+02     7s
   9   4.11172142e+06 -5.50027187e+06  2.20e+02 3.75e-12  8.26e+01     7s
  10   3.48509734e+06 -3.80811052e+06  1.27e+02 3.50e-12  5.93e+01     7s
  11   2.80007435e+06 -2.82784403e+06  6.76e+01 5.26e-12  4.37e+01     7s
  12   1.76105181e+06 -1.25728722e+06  2.96e+01 3.67e-12  2.30e+01     7s
  13   1.46109308e+06 -4.71734397e+05  2.02e+01 3.98e-12  1.48e+01     7s
  14   1.22157487e+06 -1.25244447e+05  1.28e+01 5.95e-12  1.03e+01     7s
  15   1.12048533e+06  2.94807561e+05  9.42e+00 5.29e-12  6.50e+00     7s
  16   9.94994149e+05  4.45108976e+05  5.07e+00 5.74e-12  4.26e+00     7s
  17   9.48212843e+05  5.58674051e+05  3.65e+00 6.80e-12  3.04e+00     7s
  18   9.06701584e+05  6.18787723e+05  2.43e+00 5.65e-12  2.23e+00     7s
  19   8.71865294e+05  6.33429014e+05  1.45e+00 6.90e-12  1.80e+00     7s
  20   8.61726915e+05  6.75846501e+05  1.17e+00 6.36e-12  1.41e+00     8s
  21   8.50965479e+05  7.11036655e+05  8.34e-01 7.11e-12  1.06e+00     8s
  22   8.45858979e+05  7.47672661e+05  7.01e-01 5.81e-12  7.50e-01     8s
  23   8.42160626e+05  7.73217026e+05  6.13e-01 8.21e-12  5.36e-01     8s
  24   8.33767389e+05  7.81722355e+05  4.24e-01 5.55e-12  4.02e-01     8s
  25   8.25211114e+05  7.94301039e+05  2.52e-01 7.66e-12  2.38e-01     8s
  26   8.17896463e+05  7.96662264e+05  1.06e-01 8.02e-12  1.58e-01     8s
  27   8.16153911e+05  8.02910583e+05  7.22e-02 7.14e-12  9.89e-02     8s
  28   8.13936868e+05  8.07497374e+05  3.24e-02 7.56e-12  4.79e-02     8s
  29   8.12438495e+05  8.09813133e+05  7.10e-03 6.72e-12  1.90e-02     8s
  30   8.12177699e+05  8.11092503e+05  3.55e-03 6.50e-12  7.92e-03     8s
  31   8.11990628e+05  8.11469829e+05  1.17e-03 7.13e-12  3.76e-03     8s
  32   8.11931735e+05  8.11714076e+05  6.80e-04 6.04e-12  1.59e-03     8s
  33   8.11892451e+05  8.11724072e+05  4.21e-04 8.25e-12  1.22e-03     8s
  34   8.11884120e+05  8.11742181e+05  3.68e-04 1.08e-11  1.03e-03     8s
  35   8.11879701e+05  8.11755664e+05  3.38e-04 8.43e-12  9.00e-04     8s
  36   8.11876056e+05  8.11760539e+05  3.14e-04 9.53e-12  8.38e-04     8s
  37   8.11860790e+05  8.11789233e+05  2.24e-04 9.00e-12  5.22e-04     9s
  38   8.11852808e+05  8.11813427e+05  1.77e-04 1.02e-11  2.92e-04     9s
  39   8.11839638e+05  8.11815946e+05  1.01e-04 1.02e-11  1.75e-04     9s
  40   8.11838831e+05  8.11817910e+05  9.66e-05 6.82e-12  1.56e-04     9s
  41   8.11837501e+05  8.11819160e+05  8.91e-05 6.65e-12  1.37e-04     9s
  42   8.11831063e+05  8.11819701e+05  5.09e-05 7.67e-12  8.44e-05     9s
  43   8.11825306e+05  8.11820550e+05  2.00e-05 6.63e-12  3.52e-05     9s
  44   8.11822784e+05  8.11820786e+05  6.56e-06 6.35e-12  1.47e-05     9s
  45   8.11822350e+05  8.11821218e+05  4.50e-06 7.93e-12  8.38e-06     9s
  46   8.11821638e+05  8.11821276e+05  1.32e-06 6.84e-12  2.67e-06     9s
  47   8.11821460e+05  8.11821312e+05  5.51e-07 5.78e-12  1.10e-06     9s
  48   8.11821429e+05  8.11821316e+05  4.78e-06 7.00e-12  8.32e-07     9s
  49   8.11821393e+05  8.11821326e+05  2.99e-06 6.84e-12  4.94e-07     9s
  50   8.11821343e+05  8.11821330e+05  5.14e-06 9.21e-12  9.74e-08     9s
  51   8.11821332e+05  8.11821330e+05  8.92e-06 7.28e-12  8.50e-09     9s

Barrier solved model in 51 iterations and 9.43 seconds (14.66 work units)
Optimal objective 8.11821332e+05


Root crossover log...

   43971 DPushes remaining with DInf 2.5243449e-04                 9s
       0 DPushes remaining with DInf 0.0000000e+00                10s

     181 PPushes remaining with PInf 1.6462919e-01                10s
       0 PPushes remaining with PInf 0.0000000e+00                10s

  Push phase complete: Pinf 0.0000000e+00, Dinf 2.7415813e+01     10s


Root simplex log...

Iteration    Objective       Primal Inf.    Dual Inf.      Time
   30248    8.1182133e+05   0.000000e+00   2.741581e+01     10s
   30269    8.1182133e+05   0.000000e+00   0.000000e+00     10s
Crossover time: 0.39 seconds (0.58 work units)
Concurrent spin time: 0.39s

Solved with barrier
   30269    8.1182133e+05   0.000000e+00   0.000000e+00     10s

Root relaxation: objective 8.118213e+05, 30269 iterations, 5.04 seconds (7.68 work units)

    Nodes    |    Current Node    |     Objective Bounds      |     Work
 Expl Unexpl |  Obj  Depth IntInf | Incumbent    BestBd   Gap | It/Node Time

     0     0 811821.330    0  139          - 811821.330      -     -   10s
H    0     0                    1417209.3027 811821.330  42.7%     -   11s
H    0     0                    1234606.0976 811821.330  34.2%     -   11s
H    0     0                    1170801.3127 811821.330  30.7%     -   11s
H    0     0                    1152193.8442 811821.330  29.5%     -   11s
H    0     0                    1152137.9148 811821.330  29.5%     -   11s
H    0     0                    1149387.8986 811821.330  29.4%     -   11s
H    0     0                    1098638.2686 811821.330  26.1%     -   11s
H    0     0                    1091012.9758 811821.330  25.6%     -   11s
H    0     0                    1085220.6061 811821.330  25.2%     -   12s
H    0     0                    1038912.6848 811821.330  21.9%     -   12s
H    0     0                    1013335.0302 811821.330  19.9%     -   12s
H    0     0                    1000114.3692 811821.330  18.8%     -   12s
H    0     0                    992792.34074 811821.330  18.2%     -   13s
H    0     0                    968531.35473 811821.330  16.2%     -   14s
H    0     0                    967722.50217 811821.330  16.1%     -   15s
     0     0 812510.764    0  130 967722.502 812510.764  16.0%     -   18s
H    0     0                    964054.57442 812511.269  15.7%     -   19s
H    0     0                    954568.04940 812511.269  14.9%     -   20s
H    0     0                    951889.49678 812511.269  14.6%     -   20s
H    0     0                    947419.99483 812511.269  14.2%     -   20s
H    0     0                    940374.94392 812511.269  13.6%     -   20s
H    0     0                    931151.69841 812511.269  12.7%     -   20s
H    0     0                    930382.17194 812511.269  12.7%     -   20s
H    0     0                    929975.89994 812511.269  12.6%     -   20s
     0     0 812511.269    0  131 929975.900 812511.269  12.6%     -   20s
     0     0 813063.728    0  138 929975.900 813063.728  12.6%     -   22s
H    0     0                    929251.94487 813064.282  12.5%     -   22s
H    0     0                    929247.24888 813064.282  12.5%     -   22s
     0     0 813064.282    0  139 929247.249 813064.282  12.5%     -   22s
H    0     0                    928027.52108 813064.282  12.4%     -   23s
H    0     0                    924967.27114 813064.282  12.1%     -   23s
H    0     0                    923493.19200 813064.282  12.0%     -   23s
H    0     0                    923083.79237 817858.164  11.4%     -   25s
H    0     0                    922112.78673 817858.164  11.3%     -   25s
H    0     0                    918703.63586 817858.164  11.0%     -   25s
H    0     0                    915849.15146 817858.164  10.7%     -   25s
     0     0 817858.164    0  188 915849.151 817858.164  10.7%     -   25s
H    0     0                    910430.69335 817858.164  10.2%     -   26s
H    0     0                    906352.67317 817858.164  9.76%     -   26s
H    0     0                    905048.19873 817858.164  9.63%     -   26s
H    0     0                    903922.44599 817858.164  9.52%     -   26s
H    0     0                    897341.42674 817858.164  8.86%     -   26s
H    0     0                    895451.14252 817858.164  8.67%     -   26s
     0     0 818087.512    0  212 895451.143 818087.512  8.64%     -   26s
     0     0 818087.512    0  132 895451.143 818087.512  8.64%     -   39s
H    0     0                    894846.08802 818087.512  8.58%     -   40s
H    0     0                    893734.13435 818087.512  8.46%     -   40s
H    0     0                    892571.90067 818087.512  8.34%     -   41s
H    0     0                    889939.24954 818087.512  8.07%     -   41s
H    0     0                    888560.59315 818087.512  7.93%     -   41s
     0     0 818087.512    0  183 888560.593 818087.512  7.93%     -   43s
     0     0 818087.512    0  174 888560.593 818087.512  7.93%     -   44s
     0     0 818087.512    0  181 888560.593 818087.512  7.93%     -   45s
     0     0 818087.512    0  158 888560.593 818087.512  7.93%     -   45s
H    0     0                    887770.24035 818805.818  7.77%     -   47s
H    0     0                    885240.23164 818805.818  7.50%     -   47s
     0     0 818805.818    0  193 885240.232 818805.818  7.50%     -   48s
H    0     0                    884371.89027 818810.336  7.41%     -   48s
     0     0 818810.336    0  189 884371.890 818810.336  7.41%     -   48s
     0     0 818811.971    0  188 884371.890 818811.971  7.41%     -   48s
     0     0 818815.614    0  188 884371.890 818815.614  7.41%     -   49s
     0     0 818892.961    0  162 884371.890 818892.961  7.40%     -   50s
     0     0 819397.574    0  198 884371.890 819397.574  7.35%     -   51s
     0     0 819408.146    0  199 884371.890 819408.146  7.35%     -   51s
H    0     0                    883277.86253 825326.845  6.56%     -   53s
H    0     0                    881985.01009 825326.845  6.42%     -   53s
H    0     0                    881897.45726 825326.845  6.41%     -   53s
H    0     0                    880858.24568 825326.845  6.30%     -   53s
     0     0 825326.845    0  254 880858.246 825326.845  6.30%     -   53s
H    0     0                    879207.57579 825327.187  6.13%     -   54s
     0     0 827376.762    0  262 879207.576 827376.762  5.90%     -   55s
     0     0 828191.559    0  261 879207.576 828191.559  5.80%     -   56s
     0     0 828268.262    0  238 879207.576 828268.262  5.79%     -   56s
     0     0 828271.341    0  239 879207.576 828271.341  5.79%     -   56s
     0     0 829252.272    0  292 879207.576 829252.272  5.68%     -   59s
     0     0 829252.383    0  292 879207.576 829252.383  5.68%     -   59s
     0     0 829252.459    0  291 879207.576 829252.459  5.68%     -   59s
     0     0 829252.585    0  291 879207.576 829252.585  5.68%     -   59s
     0     0 829252.684    0  293 879207.576 829252.684  5.68%     -   59s
     0     0 829252.684    0  293 879207.576 829252.684  5.68%     -   59s
     0     0 829252.689    0  289 879207.576 829252.689  5.68%     -   60s
     0     0 829252.835    0  289 879207.576 829252.835  5.68%     -   60s
     0     0 829252.910    0  292 879207.576 829252.910  5.68%     -   60s
     0     0 829252.910    0  292 879207.576 829252.910  5.68%     -   60s
     0     0 829252.993    0  293 879207.576 829252.993  5.68%     -   60s
H    0     0                    878376.92650 829324.219  5.58%     -   62s
     0     0 829324.219    0  342 878376.926 829324.219  5.58%     -   62s
     0     0 829347.914    0  346 878376.926 829347.914  5.58%     -   62s
     0     0 829354.707    0  350 878376.926 829354.707  5.58%     -   63s
H    0     0                    878004.65708 833434.462  5.08%     -   69s
H    0     0                    874755.68649 833434.462  4.72%     -   69s
     0     0 833434.462    0  352 874755.686 833434.462  4.72%     -   69s
     0     0 833437.092    0  373 874755.686 833437.092  4.72%     -   69s
     0     0 833437.451    0  372 874755.686 833437.451  4.72%     -   69s
     0     0 833437.481    0  367 874755.686 833437.481  4.72%     -   69s
     0     0 833438.272    0  365 874755.686 833438.272  4.72%     -   69s
     0     0 833439.191    0  362 874755.686 833439.191  4.72%     -   69s
H    0     0                    873661.65875 833672.015  4.58%     -   70s
H    0     0                    873543.99257 833672.015  4.56%     -   70s
     0     0 833672.015    0  334 873543.993 833672.015  4.56%     -   70s
     0     0 833795.254    0  341 873543.993 833795.254  4.55%     -   70s
     0     0 833796.453    0  349 873543.993 833796.453  4.55%     -   71s
     0     0 838197.959    0  304 873543.993 838197.959  4.05%     -   73s
H    0     0                    872293.55172 838199.767  3.91%     -   74s
H    0     0                    872112.05018 838199.767  3.89%     -   74s
     0     0 838766.959    0  340 872112.050 838766.959  3.82%     -   75s
     0     0 838766.981    0  340 872112.050 838766.981  3.82%     -   75s
     0     0 838766.999    0  340 872112.050 838766.999  3.82%     -   75s
     0     0 838767.182    0  339 872112.050 838767.182  3.82%     -   75s
     0     0 838767.204    0  339 872112.050 838767.204  3.82%     -   76s
     0     0 838767.222    0  339 872112.050 838767.222  3.82%     -   76s
     0     0 838767.338    0  337 872112.050 838767.338  3.82%     -   76s
     0     0 838905.909    0  372 872112.050 838905.909  3.81%     -   77s
     0     0 838915.437    0  372 872112.050 838915.437  3.81%     -   77s
     0     0 838915.443    0  371 872112.050 838915.443  3.81%     -   77s
     0     0 841199.557    0  410 872112.050 841199.557  3.54%     -   80s
     0     0 841652.762    0  365 872112.050 841652.762  3.49%     -   83s
     0     0 841702.070    0  377 872112.050 841702.070  3.49%     -   84s
     0     0 841712.802    0  364 872112.050 841712.802  3.49%     -   84s
     0     0 841713.041    0  365 872112.050 841713.041  3.49%     -   84s
     0     0 842690.857    0  342 872112.050 842690.857  3.37%     -   86s
     0     0 842690.857    0  341 872112.050 842690.857  3.37%     -   86s
     0     0 842690.857    0  339 872112.050 842690.857  3.37%     -   86s
     0     0 842690.857    0  337 872112.050 842690.857  3.37%     -   86s
     0     0 842690.857    0  335 872112.050 842690.857  3.37%     -   86s
H    0     0                    871860.32259 842694.173  3.35%     -   87s
H    0     0                    871251.27064 842694.173  3.28%     -   87s
     0     0 842721.633    0  345 871251.271 842721.633  3.27%     -   88s
     0     0 842727.868    0  382 871251.271 842727.868  3.27%     -   88s
     0     0 842728.622    0  355 871251.271 842728.622  3.27%     -   88s
     0     0 843397.560    0  395 871251.271 843397.560  3.20%     -   90s
     0     0 843398.341    0  393 871251.271 843398.341  3.20%     -   90s
     0     0 843649.065    0  368 871251.271 843649.065  3.17%     -   90s
     0     0 843744.255    0  421 871251.271 843744.255  3.16%     -   91s
     0     0 843773.581    0  386 871251.271 843773.581  3.15%     -   92s
     0     0 843777.259    0  386 871251.271 843777.259  3.15%     -   92s
     0     0 844777.701    0  383 871251.271 844777.701  3.04%     -   94s
     0     0 845145.134    0  337 871251.271 845145.134  3.00%     -   97s
     0     0 845161.524    0  361 871251.271 845161.524  2.99%     -   97s
     0     0 845164.239    0  399 871251.271 845164.239  2.99%     -   98s
     0     0 845994.083    0  295 871251.271 845994.083  2.90%     -   99s
     0     0 846044.344    0  322 871251.271 846044.344  2.89%     -  100s
     0     0 846046.392    0  329 871251.271 846046.392  2.89%     -  100s
     0     0 846449.462    0  418 871251.271 846449.462  2.85%     -  102s
     0     0 846449.462    0  411 871251.271 846449.462  2.85%     -  102s
H    0     0                    871141.71738 846476.597  2.83%     -  102s
     0     0 846527.969    0  388 871141.717 846527.969  2.83%     -  103s
     0     0 846528.928    0  398 871141.717 846528.928  2.83%     -  103s
     0     0 847100.189    0  419 871141.717 847100.189  2.76%     -  105s
     0     0 847159.809    0  418 871141.717 847159.809  2.75%     -  106s
     0     0 847163.941    0  384 871141.717 847163.941  2.75%     -  107s
     0     0 847705.106    0  371 871141.717 847705.106  2.69%     -  109s
     0     0 847755.916    0  387 871141.717 847755.916  2.68%     -  111s
     0     0 847776.210    0  372 871141.717 847776.210  2.68%     -  111s
     0     0 847786.626    0  350 871141.717 847786.626  2.68%     -  111s
     0     0 847787.656    0  350 871141.717 847787.656  2.68%     -  112s
     0     0 848523.284    0  305 871141.717 848523.284  2.60%     -  114s
     0     0 848529.527    0  295 871141.717 848529.527  2.60%     -  114s
     0     0 848729.395    0  283 871141.717 848729.395  2.57%     -  116s
     0     0 848743.024    0  293 871141.717 848743.024  2.57%     -  117s
     0     0 848743.293    0  303 871141.717 848743.293  2.57%     -  117s
     0     0 848975.301    0  319 871141.717 848975.301  2.54%     -  119s

Cutting planes:
  Learned: 13
  Gomory: 19
  Lift-and-project: 1
  Cover: 92
  Implied bound: 260
  Clique: 57
  MIR: 534
  Knapsack: 13
  StrongCG: 166
  Flow cover: 93
  GUB cover: 19
  Zero half: 9
  RLT: 403
  Relax-and-lift: 76
  BQP: 36

Explored 1 nodes (107447 simplex iterations) in 120.02 seconds (163.87 work units)
Thread count was 24 (of 24 available processors)

Solution count 10: 871142 871251 871860 ... 878377

Time limit reached
Best objective 8.711417173767e+05, best bound 8.489837715239e+05, gap 2.5436%
