
Gurobi 13.0.2 (linux64, Python) logging started Thu May 28 00:55:00 2026

Set parameter LogToConsole to value 0
Set parameter Username
Set parameter LicenseID to value 2748191
Set parameter TimeLimit to value 600
Set parameter LogFile to value "output/bz_nbr7008_043/period_2/gurobi.log"
Academic license - for non-commercial use only - expires 2026-12-01
Gurobi Optimizer version 13.0.2 build v13.0.2rc1 (linux64 - "Debian GNU/Linux 13 (trixie)")

CPU model: 13th Gen Intel(R) Core(TM) i7-13700HX, instruction set [SSE2|AVX|AVX2]
Thread count: 24 physical cores, 24 logical processors, using up to 24 threads

Non-default parameters:
TimeLimit  600
LogToConsole  0

Optimize a model with 207308 rows, 139215 columns and 724227 nonzeros (Min)
Model fingerprint: 0x6d564a94
Model has 54670 linear objective coefficients and an objective constant of 5.5329265601760009e+05
Variable types: 114708 continuous, 24507 integer (24507 binary)
Coefficient statistics:
  Matrix range     [3e-03, 1e+04]
  Objective range  [1e+01, 3e+05]
  Bounds range     [1e+00, 1e+00]
  RHS range        [1e-01, 3e+04]

Presolve removed 125913 rows and 87575 columns
Presolve time: 3.28s
Presolved: 81395 rows, 51640 columns, 818656 nonzeros
Variable types: 33787 continuous, 17853 integer (17802 binary)
Deterministic concurrent LP optimizer: primal simplex, dual simplex, and barrier
Showing barrier log only...

Root barrier log...

Ordering time: 0.38s

Barrier statistics:
 Dense cols : 28
 AA' NZ     : 7.099e+06
 Factor NZ  : 1.207e+07 (roughly 140 MB of memory)
 Factor Ops : 3.408e+09 (less than 1 second per iteration)
 Threads    : 21

                  Objective                Residual
Iter       Primal          Dual         Primal    Dual     Compl     Time
   0  -3.42388710e+09 -1.34275488e+10  2.76e+06 1.85e+02  3.66e+06     5s
   1  -1.84067215e+09 -1.21822947e+10  1.74e+06 3.32e+02  2.02e+06     5s
   2  -7.16376352e+08 -1.01023945e+10  5.99e+05 7.42e+01  7.22e+05     5s
   3  -1.83194603e+08 -4.90365237e+09  1.62e+05 1.39e+00  1.95e+05     5s
   4  -5.95182063e+06 -1.28650995e+09  1.86e+04 1.51e-10  2.52e+04     5s
   5   1.24252387e+07 -5.95339061e+08  4.28e+03 1.50e-10  7.53e+03     5s
   6   1.59208537e+07 -2.54576107e+08  1.49e+03 6.18e-11  2.78e+03     5s
   7   1.62881800e+07 -8.77538886e+07  1.17e+03 3.41e-11  1.21e+03     5s
   8   1.63413691e+07 -4.94214176e+07  6.75e+02 3.27e-11  7.05e+02     5s
   9   1.49284335e+07 -3.22790016e+07  3.05e+02 1.77e-11  4.28e+02     5s
  10   1.22923590e+07 -1.66398676e+07  1.54e+02 1.46e-11  2.43e+02     5s
  11   1.04071689e+07 -1.46497612e+07  8.98e+01 1.55e-11  1.99e+02     5s
  12   8.10819126e+06 -9.07075235e+06  6.04e+01 2.43e-11  1.35e+02     5s
  13   6.38643734e+06 -7.88962253e+06  4.49e+01 2.03e-11  1.11e+02     5s
  14   3.68606882e+06 -2.16937978e+06  2.32e+01 2.60e-11  4.66e+01     6s
  15   2.64179374e+06 -3.34246981e+05  1.32e+01 2.85e-11  2.45e+01     6s
  16   2.01363195e+06  4.49204449e+04  7.15e+00 2.34e-11  1.58e+01     6s
  17   1.75137624e+06  4.67427851e+05  4.71e+00 2.47e-11  1.04e+01     6s
  18   1.49567717e+06  8.40188434e+05  2.43e+00 2.21e-11  5.29e+00     6s
  19   1.35929145e+06  1.06174012e+06  1.13e+00 1.90e-11  2.40e+00     6s
  20   1.27952647e+06  1.16066121e+06  4.40e-01 1.63e-11  9.50e-01     6s
  21   1.23852083e+06  1.17445084e+06  1.04e-01 1.53e-11  4.77e-01     6s
  22   1.23507954e+06  1.20418384e+06  7.99e-02 2.91e-11  2.37e-01     6s
  23   1.22868002e+06  1.21452423e+06  3.83e-02 2.36e-11  1.09e-01     6s
  24   1.22314320e+06  1.21811645e+06  7.48e-03 1.61e-11  3.72e-02     6s
  25   1.22232738e+06  1.21963056e+06  4.09e-03 1.81e-11  2.00e-02     6s
  26   1.22166875e+06  1.22011787e+06  1.80e-03 2.31e-11  1.14e-02     6s
  27   1.22153888e+06  1.22041480e+06  1.37e-03 2.60e-11  8.25e-03     6s
  28   1.22134918e+06  1.22078219e+06  7.97e-04 2.36e-11  4.19e-03     6s
  29   1.22120157e+06  1.22091365e+06  4.02e-04 1.68e-11  2.13e-03     6s
  30   1.22116515e+06  1.22097227e+06  3.06e-04 2.04e-11  1.43e-03     6s
  31   1.22111043e+06  1.22100130e+06  1.70e-04 1.92e-11  8.11e-04     6s
  32   1.22108575e+06  1.22101333e+06  1.10e-04 1.88e-11  5.38e-04     6s
  33   1.22105708e+06  1.22103157e+06  4.29e-05 2.85e-11  1.91e-04     7s
  34   1.22104411e+06  1.22103624e+06  1.46e-05 4.42e-11  5.92e-05     7s
  35   1.22103917e+06  1.22103697e+06  3.77e-06 1.39e-11  1.65e-05     7s
  36   1.22103741e+06  1.22103718e+06  7.10e-07 2.57e-11  1.73e-06     7s
  37   1.22103722e+06  1.22103720e+06  2.78e-07 3.14e-11  1.37e-07     7s
  38   1.22103721e+06  1.22103721e+06  5.11e-09 2.04e-11  4.02e-11     7s

Barrier solved model in 38 iterations and 6.85 seconds (13.28 work units)
Optimal objective 1.22103721e+06


Root crossover log...

   47609 DPushes remaining with DInf 8.0286535e-02                 7s
       0 DPushes remaining with DInf 0.0000000e+00                 7s

      85 PPushes remaining with PInf 0.0000000e+00                 7s
       0 PPushes remaining with PInf 0.0000000e+00                 7s

  Push phase complete: Pinf 0.0000000e+00, Dinf 1.7316165e-01      7s


Root simplex log...

Iteration    Objective       Primal Inf.    Dual Inf.      Time
   27707    1.2210372e+06   0.000000e+00   1.731616e-01      7s
   27711    1.2210372e+06   0.000000e+00   0.000000e+00      7s
Crossover time: 0.31 seconds (0.42 work units)
Concurrent spin time: 0.01s

Solved with barrier
   27711    1.2210372e+06   0.000000e+00   0.000000e+00      7s

Root relaxation: objective 1.221037e+06, 27711 iterations, 3.69 seconds (5.97 work units)

    Nodes    |    Current Node    |     Objective Bounds      |     Work
 Expl Unexpl |  Obj  Depth IntInf | Incumbent    BestBd   Gap | It/Node Time

     0     0 1221037.21    0  211          - 1221037.21      -     -    7s
     0     0 1221039.15    0  214          - 1221039.15      -     -    7s
     0     0 1221039.45    0  212          - 1221039.45      -     -    7s
H    0     0                    2468515.4463 1221039.45  50.5%     -    8s
H    0     0                    2438731.2881 1221039.45  49.9%     -    8s
H    0     0                    2195890.0246 1221039.45  44.4%     -    8s
H    0     0                    2126846.2554 1221039.45  42.6%     -    8s
H    0     0                    2122621.2031 1221039.45  42.5%     -    9s
H    0     0                    2118549.8989 1221039.45  42.4%     -   10s
     0     0 1222531.82    0  182 2118549.90 1222531.82  42.3%     -   12s
H    0     0                    2110435.4210 1222531.82  42.1%     -   13s
H    0     0                    2108858.3959 1222531.82  42.0%     -   13s
H    0     0                    2108033.9770 1222531.82  42.0%     -   13s
H    0     0                    2097206.7027 1222531.82  41.7%     -   13s
H    0     0                    1977123.6489 1222531.82  38.2%     -   13s
H    0     0                    1941077.9786 1222531.82  37.0%     -   13s
H    0     0                    1925295.9323 1222531.82  36.5%     -   13s
H    0     0                    1922060.2770 1222531.82  36.4%     -   13s
     0     0 1226189.29    0  181 1922060.28 1226189.29  36.2%     -   13s
     0     0 1226189.29    0  182 1922060.28 1226189.29  36.2%     -   13s
     0     0 1226789.36    0  195 1922060.28 1226789.36  36.2%     -   15s
     0     0 1226789.36    0  199 1922060.28 1226789.36  36.2%     -   15s
     0     0 1226789.36    0  197 1922060.28 1226789.36  36.2%     -   15s
     0     0 1226789.39    0  198 1922060.28 1226789.39  36.2%     -   15s
     0     0 1226789.40    0  197 1922060.28 1226789.40  36.2%     -   15s
     0     0 1226789.43    0  195 1922060.28 1226789.43  36.2%     -   15s
     0     0 1226790.41    0  192 1922060.28 1226790.41  36.2%     -   15s
     0     0 1226899.92    0  173 1922060.28 1226899.92  36.2%     -   16s
     0     0 1229194.26    0  260 1922060.28 1229194.26  36.0%     -   19s
     0     0 1229211.80    0  262 1922060.28 1229211.80  36.0%     -   19s
H    0     0                    1920256.0316 1229212.60  36.0%     -   20s
H    0     0                    1885931.4183 1229212.60  34.8%     -   20s
H    0     0                    1885255.0982 1229212.60  34.8%     -   20s
H    0     0                    1882708.2045 1229212.60  34.7%     -   20s
H    0     0                    1877439.7788 1229212.60  34.5%     -   20s
H    0     0                    1874216.5650 1229212.60  34.4%     -   20s
H    0     0                    1805712.9849 1229212.60  31.9%     -   21s
H    0     0                    1801557.4758 1229212.60  31.8%     -   21s
     0     0 1229214.26    0  261 1801557.48 1229214.26  31.8%     -   21s
     0     0 1239345.95    0  330 1801557.48 1239345.95  31.2%     -   26s
     0     0 1239484.72    0  292 1801557.48 1239484.72  31.2%     -   26s
     0     0 1245622.60    0  326 1801557.48 1245622.60  30.9%     -   31s
H    0     0                    1795768.8717 1245623.04  30.6%     -   32s
H    0     0                    1795123.1625 1245623.04  30.6%     -   32s
H    0     0                    1737504.0811 1245623.04  28.3%     -   32s
H    0     0                    1735984.2443 1245623.04  28.2%     -   32s
H    0     0                    1734626.1199 1245623.04  28.2%     -   32s
H    0     0                    1721298.6782 1245623.04  27.6%     -   32s
     0     0 1246081.02    0  312 1721298.68 1246081.02  27.6%     -   33s
     0     0 1246254.27    0  374 1721298.68 1246254.27  27.6%     -   33s
     0     0 1246354.56    0  375 1721298.68 1246354.56  27.6%     -   34s
     0     0 1246365.09    0  344 1721298.68 1246365.09  27.6%     -   34s
     0     0 1246368.39    0  348 1721298.68 1246368.39  27.6%     -   34s
H    0     0                    1720762.9863 1246368.39  27.6%     -   35s
H    0     0                    1709404.2925 1246368.39  27.1%     -   35s
H    0     0                    1705564.2103 1246368.39  26.9%     -   35s
H    0     0                    1700342.1490 1246368.39  26.7%     -   35s
H    0     0                    1692769.5257 1250207.39  26.1%     -   37s
H    0     0                    1675053.8934 1250207.39  25.4%     -   37s
H    0     0                    1667769.1474 1250207.39  25.0%     -   37s
H    0     0                    1666297.0517 1250207.39  25.0%     -   37s
H    0     0                    1663719.1575 1250207.39  24.9%     -   37s
H    0     0                    1663575.3129 1250207.39  24.8%     -   37s
H    0     0                    1663039.9949 1250207.39  24.8%     -   37s
     0     0 1250207.39    0  363 1663039.99 1250207.39  24.8%     -   37s
H    0     0                    1629932.4772 1250208.21  23.3%     -   38s
H    0     0                    1629718.5798 1250208.21  23.3%     -   38s
     0     0 1251295.78    0  346 1629718.58 1251295.78  23.2%     -   41s
     0     0 1251658.70    0  389 1629718.58 1251658.70  23.2%     -   41s
     0     0 1251730.45    0  385 1629718.58 1251730.45  23.2%     -   42s
     0     0 1251746.91    0  436 1629718.58 1251746.91  23.2%     -   42s
     0     0 1251765.76    0  442 1629718.58 1251765.76  23.2%     -   42s
     0     0 1256023.94    0  315 1629718.58 1256023.94  22.9%     -   44s
     0     0 1256027.67    0  315 1629718.58 1256027.67  22.9%     -   44s
H    0     0                    1620683.3340 1256145.37  22.5%     -   45s
H    0     0                    1594983.4713 1256681.55  21.2%     -   45s
     0     0 1256681.55    0  334 1594983.47 1256681.55  21.2%     -   45s
     0     0 1256682.04    0  300 1594983.47 1256682.04  21.2%     -   46s
     0     0 1256975.26    0  389 1594983.47 1256975.26  21.2%     -   46s
     0     0 1257181.09    0  349 1594983.47 1257181.09  21.2%     -   47s
     0     0 1257211.27    0  344 1594983.47 1257211.27  21.2%     -   47s
     0     0 1257221.19    0  346 1594983.47 1257221.19  21.2%     -   47s
     0     0 1257223.04    0  346 1594983.47 1257223.04  21.2%     -   47s
     0     0 1264049.66    0  335 1594983.47 1264049.66  20.7%     -   49s
     0     0 1264212.31    0  362 1594983.47 1264212.31  20.7%     -   49s
     0     0 1264247.16    0  324 1594983.47 1264247.16  20.7%     -   50s
     0     0 1264249.16    0  327 1594983.47 1264249.16  20.7%     -   50s
     0     0 1270178.90    0  342 1594983.47 1270178.90  20.4%     -   51s
H    0     0                    1594573.3365 1270179.96  20.3%     -   52s
H    0     0                    1586537.3219 1270179.96  19.9%     -   53s
H    0     0                    1585642.6687 1270179.96  19.9%     -   54s
     0     0 1270491.86    0  331 1585642.67 1270491.86  19.9%     -   55s
     0     0 1270554.79    0  380 1585642.67 1270554.79  19.9%     -   55s
     0     0 1270556.26    0  374 1585642.67 1270556.26  19.9%     -   55s
H    0     0                    1579128.0495 1274388.98  19.3%     -   57s
H    0     0                    1579119.2057 1274388.98  19.3%     -   57s
H    0     0                    1575474.3006 1274388.98  19.1%     -   57s
     0     0 1274388.98    0  335 1575474.30 1274388.98  19.1%     -   57s
     0     0 1274876.69    0  384 1575474.30 1274876.69  19.1%     -   59s
     0     0 1274930.82    0  379 1575474.30 1274930.82  19.1%     -   59s
     0     0 1274960.64    0  373 1575474.30 1274960.64  19.1%     -   59s
     0     0 1274961.71    0  378 1575474.30 1274961.71  19.1%     -   59s
     0     0 1276002.10    0  410 1575474.30 1276002.10  19.0%     -   61s
H    0     0                    1573793.8686 1276002.30  18.9%     -   62s
     0     0 1276442.14    0  403 1573793.87 1276442.14  18.9%     -   62s
     0     0 1276654.73    0  389 1573793.87 1276654.73  18.9%     -   62s
     0     0 1276656.30    0  391 1573793.87 1276656.30  18.9%     -   62s
     0     0 1277211.96    0  396 1573793.87 1277211.96  18.8%     -   64s
     0     0 1277314.99    0  332 1573793.87 1277314.99  18.8%     -   64s
     0     0 1277320.84    0  369 1573793.87 1277320.84  18.8%     -   65s
     0     0 1277867.52    0  333 1573793.87 1277867.52  18.8%     -   66s
H    0     0                    1573649.8019 1277867.82  18.8%     -   66s
H    0     0                    1564382.2401 1277867.82  18.3%     -   66s
     0     0 1277964.51    0  317 1564382.24 1277964.51  18.3%     -   67s
     0     0 1278015.45    0  295 1564382.24 1278015.45  18.3%     -   67s
     0     0 1278015.47    0  302 1564382.24 1278015.47  18.3%     -   67s
     0     0 1278332.59    0  327 1564382.24 1278332.59  18.3%     -   69s
     0     0 1278533.40    0  263 1564382.24 1278533.40  18.3%     -   70s
     0     0 1278562.62    0  262 1564382.24 1278562.62  18.3%     -   70s
     0     0 1278570.90    0  262 1564382.24 1278570.90  18.3%     -   70s
     0     0 1279081.67    0  349 1564382.24 1279081.67  18.2%     -   71s
H    0     0                    1560850.6266 1279081.71  18.1%     -   72s
     0     0 1279179.39    0  331 1560850.63 1279179.39  18.0%     -   72s
     0     0 1279202.60    0  308 1560850.63 1279202.60  18.0%     -   73s
     0     0 1279206.93    0  310 1560850.63 1279206.93  18.0%     -   73s
     0     0 1279617.65    0  322 1560850.63 1279617.65  18.0%     -   74s
     0     0 1279796.24    0  337 1560850.63 1279796.24  18.0%     -   75s
     0     0 1279882.40    0  304 1560850.63 1279882.40  18.0%     -   75s
     0     0 1279898.43    0  323 1560850.63 1279898.43  18.0%     -   75s
     0     0 1279900.44    0  328 1560850.63 1279900.44  18.0%     -   75s
     0     0 1280692.53    0  384 1560850.63 1280692.53  17.9%     -   77s
H    0     0                    1558865.5893 1280692.53  17.8%     -   77s
H    0     0                    1547596.3125 1280692.53  17.2%     -   78s
H    0     0                    1543277.8337 1280692.53  17.0%     -   78s
     0     0 1280801.62    0  378 1543277.83 1280801.62  17.0%     -   78s
     0     0 1280818.39    0  431 1543277.83 1280818.39  17.0%     -   79s
     0     0 1280832.52    0  463 1543277.83 1280832.52  17.0%     -   79s
     0     0 1280832.59    0  463 1543277.83 1280832.59  17.0%     -   79s
     0     0 1281593.23    0  446 1543277.83 1281593.23  17.0%     -   81s
H    0     0                    1542449.5992 1281593.39  16.9%     -   82s
H    0     0                    1542331.4038 1281593.39  16.9%     -   83s
H    0     0                    1541263.6711 1281593.39  16.8%     -   83s
H    0     0                    1539034.3667 1281593.39  16.7%     -   84s
     0     0 1281736.92    0  487 1539034.37 1281736.92  16.7%     -   85s
     0     0 1281751.31    0  483 1539034.37 1281751.31  16.7%     -   85s
     0     0 1281769.53    0  499 1539034.37 1281769.53  16.7%     -   85s
     0     0 1281769.55    0  500 1539034.37 1281769.55  16.7%     -   85s
     0     0 1284151.02    0  392 1539034.37 1284151.02  16.6%     -   87s
H    0     0                    1539016.2038 1284187.44  16.6%     -   88s
H    0     0                    1538653.5161 1284187.44  16.5%     -   89s
     0     0 1285029.15    0  446 1538653.52 1285029.15  16.5%     -   93s
     0     0 1285128.62    0  414 1538653.52 1285128.62  16.5%     -   93s
     0     0 1285225.33    0  413 1538653.52 1285225.33  16.5%     -   94s
     0     0 1285249.45    0  431 1538653.52 1285249.45  16.5%     -   94s
     0     0 1285251.76    0  435 1538653.52 1285251.76  16.5%     -   94s
     0     0 1288466.52    0  459 1538653.52 1288466.52  16.3%     -   96s
     0     0 1288884.00    0  479 1538653.52 1288884.00  16.2%     -   97s
     0     0 1288941.24    0  458 1538653.52 1288941.24  16.2%     -   97s
     0     0 1288961.98    0  491 1538653.52 1288961.98  16.2%     -   97s
     0     0 1288983.46    0  468 1538653.52 1288983.46  16.2%     -   97s
     0     0 1288987.63    0  504 1538653.52 1288987.63  16.2%     -   98s
     0     0 1289985.25    0  426 1538653.52 1289985.25  16.2%     -   99s
H    0     0                    1523648.1063 1290026.20  15.3%     -  100s
H    0     0                    1523479.9098 1290026.20  15.3%     -  100s
     0     0 1290081.56    0  401 1523479.91 1290081.56  15.3%     -  101s
     0     0 1290091.64    0  424 1523479.91 1290091.64  15.3%     -  101s
     0     0 1291462.00    0  371 1523479.91 1291462.00  15.2%     -  102s
     0     0 1291657.98    0  432 1523479.91 1291657.98  15.2%     -  103s
     0     0 1291704.24    0  456 1523479.91 1291704.24  15.2%     -  103s
     0     0 1291720.82    0  457 1523479.91 1291720.82  15.2%     -  103s
     0     0 1291723.41    0  448 1523479.91 1291723.41  15.2%     -  104s
     0     0 1292503.83    0  423 1523479.91 1292503.83  15.2%     -  105s
H    0     0                    1523440.2641 1292648.38  15.1%     -  106s
H    0     0                    1520557.5303 1292648.38  15.0%     -  106s
     0     0 1292648.38    0  473 1520557.53 1292648.38  15.0%     -  107s
     0     0 1292649.44    0  460 1520557.53 1292649.44  15.0%     -  107s
     0     0 1294652.24    0  413 1520557.53 1294652.24  14.9%     -  109s
     0     0 1295083.13    0  366 1520557.53 1295083.13  14.8%     -  109s
     0     0 1295301.93    0  377 1520557.53 1295301.93  14.8%     -  110s
     0     0 1295387.59    0  434 1520557.53 1295387.59  14.8%     -  110s
     0     0 1295431.82    0  370 1520557.53 1295431.82  14.8%     -  110s
     0     0 1295453.27    0  405 1520557.53 1295453.27  14.8%     -  111s
     0     0 1295454.39    0  397 1520557.53 1295454.39  14.8%     -  111s
     0     0 1297268.01    0  401 1520557.53 1297268.01  14.7%     -  113s
     0     0 1297268.19    0  400 1520557.53 1297268.19  14.7%     -  113s
H    0     0                    1520350.8191 1297272.68  14.7%     -  113s
H    0     0                    1520344.6019 1297272.68  14.7%     -  113s
H    0     0                    1518805.7487 1297272.68  14.6%     -  114s
     0     0 1297569.58    0  369 1518805.75 1297569.58  14.6%     -  114s
     0     0 1297802.99    0  441 1518805.75 1297802.99  14.6%     -  115s
     0     0 1297876.94    0  407 1518805.75 1297876.94  14.5%     -  116s
     0     0 1297939.06    0  397 1518805.75 1297939.06  14.5%     -  116s
     0     0 1297969.46    0  400 1518805.75 1297969.46  14.5%     -  116s
     0     0 1297983.87    0  421 1518805.75 1297983.87  14.5%     -  117s
     0     0 1298923.81    0  367 1518805.75 1298923.81  14.5%     -  118s
     0     0 1299063.70    0  430 1518805.75 1299063.70  14.5%     -  119s
     0     0 1299136.67    0  416 1518805.75 1299136.67  14.5%     -  120s
     0     0 1299149.34    0  406 1518805.75 1299149.34  14.5%     -  121s
     0     0 1300075.67    0  361 1518805.75 1300075.67  14.4%     -  123s
H    0     0                    1518523.5480 1300075.69  14.4%     -  124s
H    0     0                    1518492.1150 1300075.69  14.4%     -  124s
H    0     0                    1518452.5433 1300075.69  14.4%     -  124s
     0     0 1300314.34    0  402 1518452.54 1300314.34  14.4%     -  125s
     0     0 1300373.56    0  445 1518452.54 1300373.56  14.4%     -  126s
     0     0 1300384.62    0  441 1518452.54 1300384.62  14.4%     -  126s
     0     0 1300563.24    0  430 1518452.54 1300563.24  14.3%     -  127s
     0     0 1300653.53    0  445 1518452.54 1300653.53  14.3%     -  128s
     0     0 1300739.40    0  360 1518452.54 1300739.40  14.3%     -  129s
     0     0 1300786.88    0  396 1518452.54 1300786.88  14.3%     -  129s
     0     0 1300803.92    0  425 1518452.54 1300803.92  14.3%     -  129s
     0     0 1300814.02    0  492 1518452.54 1300814.02  14.3%     -  130s
     0     0 1300984.91    0  484 1518452.54 1300984.91  14.3%     -  131s
H    0     0                    1518349.5972 1301017.75  14.3%     -  134s
H    0     0                    1518091.7955 1301017.75  14.3%     -  135s
     0     0 1301057.35    0  471 1518091.80 1301057.35  14.3%     -  136s
     0     0 1301061.13    0  462 1518091.80 1301061.13  14.3%     -  136s
     0     0 1301217.12    0  395 1518091.80 1301217.12  14.3%     -  138s
H    0     0                    1517807.0730 1301217.29  14.3%     -  139s
     0     0 1301515.54    0  504 1517807.07 1301515.54  14.3%     -  143s
     0     0 1301602.71    0  503 1517807.07 1301602.71  14.2%     -  143s
     0     0 1301615.68    0  462 1517807.07 1301615.68  14.2%     -  144s
     0     0 1302642.77    0  484 1517807.07 1302642.77  14.2%     -  146s
H    0     0                    1517579.1893 1302646.85  14.2%     -  147s
     0     0 1302839.16    0  526 1517579.19 1302839.16  14.2%     -  148s
     0     0 1302943.66    0  536 1517579.19 1302943.66  14.1%     -  149s
     0     0 1302964.29    0  517 1517579.19 1302964.29  14.1%     -  149s
     0     0 1302972.69    0  529 1517579.19 1302972.69  14.1%     -  150s
     0     0 1303427.73    0  410 1517579.19 1303427.73  14.1%     -  151s
     0     0 1303859.27    0  416 1517579.19 1303859.27  14.1%     -  153s
     0     0 1304092.76    0  439 1517579.19 1304092.76  14.1%     -  153s
     0     0 1304168.21    0  473 1517579.19 1304168.21  14.1%     -  154s
     0     0 1304171.41    0  426 1517579.19 1304171.41  14.1%     -  154s
     0     0 1305330.42    0  475 1517579.19 1305330.42  14.0%     -  156s
     0     0 1305585.59    0  485 1517579.19 1305585.59  14.0%     -  158s
     0     0 1305630.06    0  464 1517579.19 1305630.06  14.0%     -  158s
     0     0 1305755.22    0  448 1517579.19 1305755.22  14.0%     -  159s
     0     0 1305760.43    0  446 1517579.19 1305760.43  14.0%     -  159s
     0     0 1306887.48    0  481 1517579.19 1306887.48  13.9%     -  161s
     0     0 1307352.13    0  496 1517579.19 1307352.13  13.9%     -  163s
     0     0 1307457.11    0  466 1517579.19 1307457.11  13.8%     -  163s
     0     0 1307482.45    0  548 1517579.19 1307482.45  13.8%     -  163s
     0     0 1307486.88    0  503 1517579.19 1307486.88  13.8%     -  164s
     0     0 1307857.80    0  500 1517579.19 1307857.80  13.8%     -  165s
     0     0 1308100.39    0  559 1517579.19 1308100.39  13.8%     -  168s
     0     0 1308215.10    0  482 1517579.19 1308215.10  13.8%     -  168s
     0     0 1308223.52    0  523 1517579.19 1308223.52  13.8%     -  169s
     0     0 1308556.31    0  492 1517579.19 1308556.31  13.8%     -  170s
     0     0 1308658.08    0  432 1517579.19 1308658.08  13.8%     -  171s
     0     0 1308710.85    0  447 1517579.19 1308710.85  13.8%     -  172s
     0     0 1308744.84    0  515 1517579.19 1308744.84  13.8%     -  172s
     0     0 1308760.89    0  517 1517579.19 1308760.89  13.8%     -  172s
     0     0 1309113.01    0  489 1517579.19 1309113.01  13.7%     -  174s
     0     0 1309229.41    0  466 1517579.19 1309229.41  13.7%     -  176s
     0     0 1309271.37    0  461 1517579.19 1309271.37  13.7%     -  176s
     0     0 1309277.24    0  497 1517579.19 1309277.24  13.7%     -  177s
     0     0 1309627.02    0  442 1517579.19 1309627.02  13.7%     -  178s
     0     0 1309720.87    0  502 1517579.19 1309720.87  13.7%     -  179s
     0     0 1309902.63    0  473 1517579.19 1309902.63  13.7%     -  179s
     0     0 1309919.70    0  485 1517579.19 1309919.70  13.7%     -  180s
     0     0 1310154.72    0  553 1517579.19 1310154.72  13.7%     -  181s
     0     0 1310310.21    0  560 1517579.19 1310310.21  13.7%     -  186s
     0     0 1310366.23    0  601 1517579.19 1310366.23  13.7%     -  186s
     0     0 1310380.32    0  590 1517579.19 1310380.32  13.7%     -  186s
     0     0 1311321.41    0  481 1517579.19 1311321.41  13.6%     -  188s
     0     0 1311419.56    0  553 1517579.19 1311419.56  13.6%     -  189s
     0     0 1311480.76    0  539 1517579.19 1311480.76  13.6%     -  189s
     0     0 1311524.76    0  531 1517579.19 1311524.76  13.6%     -  190s
     0     0 1311552.02    0  593 1517579.19 1311552.02  13.6%     -  190s
     0     0 1311566.06    0  602 1517579.19 1311566.06  13.6%     -  191s
     0     0 1311746.15    0  628 1517579.19 1311746.15  13.6%     -  192s
     0     0 1311757.40    0  646 1517579.19 1311757.40  13.6%     -  193s
     0     0 1312144.38    0  517 1517579.19 1312144.38  13.5%     -  195s
     0     0 1312245.77    0  584 1517579.19 1312245.77  13.5%     -  197s
     0     0 1312298.30    0  581 1517579.19 1312298.30  13.5%     -  197s
     0     0 1312335.61    0  581 1517579.19 1312335.61  13.5%     -  198s
     0     0 1312374.54    0  623 1517579.19 1312374.54  13.5%     -  198s
     0     0 1312376.40    0  608 1517579.19 1312376.40  13.5%     -  198s
     0     0 1312504.06    0  641 1517579.19 1312504.06  13.5%     -  200s
H    0     0                    1517120.4337 1312519.76  13.5%     -  201s
     0     0 1312563.90    0  627 1517120.43 1312563.90  13.5%     -  201s
     0     0 1312572.43    0  615 1517120.43 1312572.43  13.5%     -  201s
     0     0 1312689.19    0  636 1517120.43 1312689.19  13.5%     -  203s
     0     0 1312719.20    0  683 1517120.43 1312719.20  13.5%     -  204s
     0     0 1312724.50    0  707 1517120.43 1312724.50  13.5%     -  204s
     0     0 1313340.83    0  599 1517120.43 1313340.83  13.4%     -  205s
     0     0 1313521.60    0  593 1517120.43 1313521.60  13.4%     -  207s
     0     0 1313549.77    0  631 1517120.43 1313549.77  13.4%     -  207s
     0     0 1313551.70    0  598 1517120.43 1313551.70  13.4%     -  207s
     0     0 1314029.30    0  609 1517120.43 1314029.30  13.4%     -  208s
     0     0 1314117.48    0  565 1517120.43 1314117.48  13.4%     -  213s
     0     0 1314167.95    0  627 1517120.43 1314167.95  13.4%     -  214s
     0     0 1314188.72    0  623 1517120.43 1314188.72  13.4%     -  214s
     0     0 1314206.01    0  605 1517120.43 1314206.01  13.4%     -  214s
     0     0 1314785.54    0  654 1517120.43 1314785.54  13.3%     -  216s
     0     0 1315122.19    0  600 1517120.43 1315122.19  13.3%     -  217s
     0     0 1315161.37    0  629 1517120.43 1315161.37  13.3%     -  217s
     0     0 1315167.45    0  643 1517120.43 1315167.45  13.3%     -  218s
     0     0 1315413.98    0  576 1517120.43 1315413.98  13.3%     -  219s
     0     0 1315517.78    0  559 1517120.43 1315517.78  13.3%     -  220s
     0     0 1315644.29    0  578 1517120.43 1315644.29  13.3%     -  221s
     0     0 1316107.95    0  529 1517120.43 1316107.95  13.2%     -  222s
     0     0 1316198.15    0  528 1517120.43 1316198.15  13.2%     -  222s
     0     0 1316299.77    0  538 1517120.43 1316299.77  13.2%     -  223s
     0     0 1316337.74    0  579 1517120.43 1316337.74  13.2%     -  223s
     0     0 1316363.22    0  590 1517120.43 1316363.22  13.2%     -  223s
     0     0 1316369.26    0  623 1517120.43 1316369.26  13.2%     -  224s
     0     0 1317951.08    0  528 1517120.43 1317951.08  13.1%     -  225s
     0     0 1318093.18    0  556 1517120.43 1318093.18  13.1%     -  227s
     0     0 1318129.16    0  610 1517120.43 1318129.16  13.1%     -  227s
     0     0 1318154.09    0  611 1517120.43 1318154.09  13.1%     -  228s
     0     0 1318164.59    0  678 1517120.43 1318164.59  13.1%     -  228s
     0     0 1318475.06    0  594 1517120.43 1318475.06  13.1%     -  229s
     0     0 1318634.79    0  727 1517120.43 1318634.79  13.1%     -  230s
     0     0 1318728.03    0  649 1517120.43 1318728.03  13.1%     -  231s
     0     0 1318768.22    0  672 1517120.43 1318768.22  13.1%     -  231s
     0     0 1318771.93    0  715 1517120.43 1318771.93  13.1%     -  232s
     0     0 1318976.42    0  618 1517120.43 1318976.42  13.1%     -  233s
     0     0 1319036.60    0  669 1517120.43 1319036.60  13.1%     -  234s
     0     0 1319061.03    0  657 1517120.43 1319061.03  13.1%     -  234s
     0     0 1319064.71    0  673 1517120.43 1319064.71  13.1%     -  235s
     0     0 1319567.17    0  754 1517120.43 1319567.17  13.0%     -  236s
     0     0 1319661.53    0  754 1517120.43 1319661.53  13.0%     -  237s
     0     0 1319667.93    0  735 1517120.43 1319667.93  13.0%     -  238s
     0     0 1320040.52    0  738 1517120.43 1320040.52  13.0%     -  239s
     0     0 1320298.48    0  697 1517120.43 1320298.48  13.0%     -  240s
     0     0 1320307.09    0  764 1517120.43 1320307.09  13.0%     -  240s
     0     0 1320406.14    0  764 1517120.43 1320406.14  13.0%     -  241s
     0     0 1320413.87    0  801 1517120.43 1320413.87  13.0%     -  243s
     0     0 1320462.82    0  824 1517120.43 1320462.82  13.0%     -  244s
     0     0 1320489.36    0  824 1517120.43 1320489.36  13.0%     -  244s
     0     0 1320489.36    0  824 1517120.43 1320489.36  13.0%     -  244s
     0     0 1320489.36    0  792 1517120.43 1320489.36  13.0%     -  244s
     0     2 1320489.36    0  792 1517120.43 1320489.36  13.0%     -  258s
     3     8 1320489.36    2  834 1517120.43 1320489.36  13.0%   285  261s
    15    32 1320588.48    4  773 1517120.43 1320520.65  13.0%   469  266s
    31    56 1320963.77    5  795 1517120.43 1320592.76  13.0%   591  271s
    55    84 1322323.08    6  778 1517120.43 1320976.92  12.9%   659  276s
    83   108 1327630.56    7  683 1517120.43 1320976.92  12.9%   623  280s
   107   132 1323141.53    7  757 1517120.43 1320976.92  12.9%   606  285s
   158   204 1324155.84    9  782 1517120.43 1320976.92  12.9%   544  294s
   203   250 1324192.62    9  765 1517120.43 1320976.92  12.9%   486  299s
   249   274 1324172.82   10  822 1517120.43 1320976.92  12.9%   466  303s
   273   298 1324237.47   10  764 1517120.43 1320976.92  12.9%   451  307s
   297   323 1324288.84   11  773 1517120.43 1320976.92  12.9%   434  313s
   322   349 1324403.95   12  698 1517120.43 1320976.92  12.9%   440  318s
   348   379 1324529.37   13  739 1517120.43 1320976.92  12.9%   431  324s
   378   411 1324662.08   14  774 1517120.43 1320976.92  12.9%   425  328s
   410   447 1324811.86   15  724 1517120.43 1320976.92  12.9%   414  333s
   446   482 1324872.12   16  720 1517120.43 1320976.92  12.9%   413  337s
   481   516 1325602.52   21  719 1517120.43 1320976.92  12.9%   397  342s
   515   546 1330291.51   25  677 1517120.43 1320976.92  12.9%   389  349s
   545   582 1330479.15   28  637 1517120.43 1320976.92  12.9%   399  360s
   581   619 1331113.04   32  602 1517120.43 1320976.92  12.9%   398  370s
   620   653 1331770.68   35  666 1517120.43 1320976.92  12.9%   407  379s
   654   694 1332012.68   37  568 1517120.43 1320976.92  12.9%   404  389s
   695   734 1332225.61   42  589 1517120.43 1320976.92  12.9%   395  395s
   735   786 1333283.61   47  561 1517120.43 1320976.92  12.9%   392  404s
   787   829 1335455.03   51  525 1517120.43 1320976.92  12.9%   377  410s
   830   877 1337720.77   54  493 1517120.43 1320976.92  12.9%   380  416s
   878   938 1333874.44   55  599 1517120.43 1320976.92  12.9%   375  421s
   939   976 1334586.69   59  571 1517120.43 1320976.92  12.9%   367  439s
   977  1064 1334604.97   60  500 1517120.43 1320976.92  12.9%   361  447s
  1065  1141 1334904.28   64  496 1517120.43 1320976.92  12.9%   353  455s
  1142  1225 1335790.96   68  515 1517120.43 1320976.92  12.9%   356  463s
  1226  1322 1337408.03   75  446 1517120.43 1320976.92  12.9%   361  473s
  1325  1445 1337841.31   77  464 1517120.43 1320976.92  12.9%   365  484s
  1448  1576 1338440.02   80  453 1517120.43 1320976.92  12.9%   364  494s
  1579  1742 1353338.91   86  460 1517120.43 1320976.92  12.9%   365  502s
  1747  1893 1345456.82   90  423 1517120.43 1320976.92  12.9%   351  511s
  1912  2039 1346585.41   95  421 1517120.43 1320976.92  12.9%   344  522s
  2058  2183 1350239.49   97  415 1517120.43 1320976.92  12.9%   346  533s
  2202  2207 1351516.26  101  364 1517120.43 1320976.92  12.9%   348  545s
  2226  2231 1354419.11  101  319 1517120.43 1320976.92  12.9%   348  556s
  2250  2257 1352254.72  102  361 1517120.43 1320976.92  12.9%   348  565s
  2276  2292 1358844.47  102  330 1517120.43 1320976.92  12.9%   348  576s
  2311  2330 1352256.16  103  360 1517120.43 1320976.92  12.9%   346  587s
  2349  2393 1353168.08  104  365 1517120.43 1320976.92  12.9%   345  598s
  2412  2413 1352808.77   99  513 1517120.43 1320976.92  12.9%   340  600s

Cutting planes:
  Learned: 7
  Gomory: 10
  Lift-and-project: 2
  Cover: 137
  Implied bound: 707
  Clique: 80
  MIR: 675
  Knapsack: 12
  StrongCG: 139
  Flow cover: 426
  GUB cover: 52
  Zero half: 2
  RLT: 339
  Relax-and-lift: 125
  BQP: 8

Explored 2432 nodes (958519 simplex iterations) in 600.05 seconds (811.69 work units)
Thread count was 24 (of 24 available processors)

Solution count 10: 1.51712e+06 1.51712e+06 1.51758e+06 ... 1.51881e+06

Time limit reached
Best objective 1.517120433698e+06, best bound 1.320976915259e+06, gap 12.9287%
