
Gurobi 13.0.2 (linux64, Python) logging started Wed Jun  3 10:31:51 2026

Set parameter LogToConsole to value 0
Set parameter Username
Set parameter LicenseID to value 2748191
Set parameter TimeLimit to value 600
Set parameter LogFile to value "output/bf_sae1006_045/period_5/gurobi.log"
Academic license - for non-commercial use only - expires 2026-12-01
Gurobi Optimizer version 13.0.2 build v13.0.2rc1 (linux64 - "Debian GNU/Linux 13 (trixie)")

CPU model: 13th Gen Intel(R) Core(TM) i7-13700HX, instruction set [SSE2|AVX|AVX2]
Thread count: 24 physical cores, 24 logical processors, using up to 24 threads

Non-default parameters:
TimeLimit  600
LogToConsole  0

Optimize a model with 170993 rows, 132873 columns and 513218 nonzeros (Min)
Model fingerprint: 0x0237b5a2
Model has 297 linear objective coefficients
Variable types: 108886 continuous, 23987 integer (23987 binary)
Coefficient statistics:
  Matrix range     [1e-02, 1e+04]
  Objective range  [3e+04, 5e+04]
  Bounds range     [1e+00, 1e+00]
  RHS range        [2e-01, 2e+05]

Presolve removed 117867 rows and 91877 columns
Presolve time: 1.43s
Presolved: 53126 rows, 40996 columns, 389005 nonzeros
Variable types: 26935 continuous, 14061 integer (14061 binary)
Deterministic concurrent LP optimizer: primal and dual simplex
Showing primal log only...

Concurrent spin time: 0.13s

Solved with primal simplex

Root relaxation: objective 2.403657e+06, 65908 iterations, 2.12 seconds (4.97 work units)

    Nodes    |    Current Node    |     Objective Bounds      |     Work
 Expl Unexpl |  Obj  Depth IntInf | Incumbent    BestBd   Gap | It/Node Time

     0     0 2403656.70    0  218          - 2403656.70      -     -    3s
H    0     0                    3208521.1202 2403656.70  25.1%     -    4s
     0     0 2403803.02    0  246 3208521.12 2403803.02  25.1%     -    5s
H    0     0                    3172853.1226 2403803.03  24.2%     -    5s
H    0     0                    2804389.2433 2403803.03  14.3%     -    5s
H    0     0                    2784639.0655 2403803.03  13.7%     -    5s
H    0     0                    2784372.7607 2403803.03  13.7%     -    5s
H    0     0                    2777878.0302 2403803.03  13.5%     -    5s
H    0     0                    2777651.3875 2403803.03  13.5%     -    5s
H    0     0                    2775066.5879 2403803.03  13.4%     -    5s
H    0     0                    2763885.9092 2403803.03  13.0%     -    5s
H    0     0                    2745841.1031 2403803.03  12.5%     -    5s
H    0     0                    2739782.4064 2403803.03  12.3%     -    6s
H    0     0                    2734213.8500 2403803.03  12.1%     -    6s
H    0     0                    2734181.0776 2403803.03  12.1%     -    6s
H    0     0                    2730470.1365 2403803.03  12.0%     -    6s
     0     0 2436882.32    0  313 2730470.14 2436882.32  10.8%     -    9s
H    0     0                    2721894.3008 2436882.36  10.5%     -   10s
H    0     0                    2716410.7541 2436882.36  10.3%     -   10s
H    0     0                    2709830.9155 2436882.36  10.1%     -   10s
H    0     0                    2709761.4290 2436882.36  10.1%     -   10s
     0     0 2442111.49    0  199 2709761.43 2442111.49  9.88%     -   11s
     0     0 2442167.27    0  181 2709761.43 2442167.27  9.88%     -   11s
     0     0 2442173.71    0  186 2709761.43 2442173.71  9.87%     -   11s
     0     0 2454150.08    0  170 2709761.43 2454150.08  9.43%     -   13s
H    0     0                    2703627.8643 2454150.13  9.23%     -   13s
H    0     0                    2682935.9370 2454150.13  8.53%     -   13s
H    0     0                    2660320.8713 2454150.13  7.75%     -   13s
H    0     0                    2654342.9664 2454150.13  7.54%     -   13s
H    0     0                    2650292.7766 2454150.13  7.40%     -   13s
H    0     0                    2650010.1363 2454150.13  7.39%     -   13s
H    0     0                    2648485.3216 2454150.13  7.34%     -   13s
H    0     0                    2647724.8617 2454150.13  7.31%     -   14s
H    0     0                    2623910.7478 2454150.13  6.47%     -   14s
H    0     0                    2623369.6947 2454150.13  6.45%     -   14s
H    0     0                    2592785.8740 2454150.13  5.35%     -   14s
H    0     0                    2588483.9683 2454150.13  5.19%     -   14s
H    0     0                    2585552.7674 2454150.13  5.08%     -   14s
H    0     0                    2581055.2538 2454150.13  4.92%     -   15s
H    0     0                    2576020.4813 2454150.13  4.73%     -   15s
H    0     0                    2575101.4796 2454150.13  4.70%     -   15s
H    0     0                    2564886.9641 2454150.13  4.32%     -   15s
H    0     0                    2563203.7132 2454150.13  4.25%     -   15s
H    0     0                    2536410.2335 2454150.13  3.24%     -   15s
H    0     0                    2534726.9826 2454150.13  3.18%     -   15s
H    0     0                    2532894.9280 2454150.13  3.11%     -   15s
H    0     0                    2528161.3068 2454150.13  2.93%     -   15s
H    0     0                    2524433.0156 2454150.13  2.78%     -   16s
H    0     0                    2523715.4186 2454150.13  2.76%     -   16s
     0     0 2455170.82    0  176 2523715.42 2455170.82  2.72%     -   16s
     0     0 2455322.87    0  159 2523715.42 2455322.87  2.71%     -   17s
     0     0 2455323.29    0  159 2523715.42 2455323.29  2.71%     -   17s
     0     0 2456806.84    0  176 2523715.42 2456806.84  2.65%     -   18s
H    0     0                    2520685.8971 2456807.09  2.53%     -   18s
H    0     0                    2518770.9866 2456807.09  2.46%     -   19s
H    0     0                    2518701.7718 2456807.09  2.46%     -   22s
H    0     0                    2518021.7448 2456807.09  2.43%     -   22s
H    0     0                    2513295.7797 2456807.09  2.25%     -   24s
H    0     0                    2512842.3138 2456807.09  2.23%     -   24s
H    0     0                    2512260.5515 2456807.09  2.21%     -   25s
     0     0 2458738.70    0  151 2512260.55 2458738.70  2.13%     -   25s
     0     0 2458762.49    0  165 2512260.55 2458762.49  2.13%     -   26s
H    0     0                    2511905.1761 2458762.49  2.12%     -   27s
H    0     0                    2511761.8826 2458762.49  2.11%     -   27s
H    0     0                    2510298.7559 2458762.49  2.05%     -   27s
H    0     0                    2507558.8072 2458762.49  1.95%     -   27s
H    0     0                    2506893.7173 2458762.49  1.92%     -   27s
     0     0 2458762.49    0  159 2506893.72 2458762.49  1.92%     -   28s
     0     0 2458767.17    0  148 2506893.72 2458767.17  1.92%     -   28s
     0     0 2458767.17    0  140 2506893.72 2458767.17  1.92%     -   28s
     0     0 2459194.78    0   97 2506893.72 2459194.78  1.90%     -   29s
     0     0 2459194.90    0  101 2506893.72 2459194.90  1.90%     -   29s
     0     0 2459199.97    0   99 2506893.72 2459199.97  1.90%     -   30s
     0     0 2459199.97    0  101 2506893.72 2459199.97  1.90%     -   31s
     0     0 2459692.17    0  145 2506893.72 2459692.17  1.88%     -   32s
     0     0 2463266.61    0  152 2506893.72 2463266.61  1.74%     -   34s
     0     0 2463711.10    0  142 2506893.72 2463711.10  1.72%     -   34s
     0     0 2464017.28    0  163 2506893.72 2464017.28  1.71%     -   34s
     0     0 2464017.61    0  155 2506893.72 2464017.61  1.71%     -   34s
     0     0 2464017.61    0  153 2506893.72 2464017.61  1.71%     -   34s
     0     0 2464017.61    0  153 2506893.72 2464017.61  1.71%     -   35s
     0     0 2466513.77    0   86 2506893.72 2466513.77  1.61%     -   35s
H    0     0                    2506772.6979 2466513.77  1.61%     -   36s
H    0     0                    2506662.1817 2466513.77  1.60%     -   36s
     0     0 2466539.62    0   94 2506662.18 2466539.62  1.60%     -   36s
     0     0 2466540.02    0  100 2506662.18 2466540.02  1.60%     -   36s
     0     0 2466540.07    0   96 2506662.18 2466540.07  1.60%     -   37s
     0     0 2466616.82    0   74 2506662.18 2466616.82  1.60%     -   37s
     0     0 2466629.23    0   82 2506662.18 2466629.23  1.60%     -   37s
     0     0 2466630.97    0   73 2506662.18 2466630.97  1.60%     -   37s
     0     0 2466867.48    0   98 2506662.18 2466867.48  1.59%     -   38s
     0     0 2466914.08    0   89 2506662.18 2466914.08  1.59%     -   39s
     0     0 2466914.71    0   89 2506662.18 2466914.71  1.59%     -   39s
     0     0 2467128.83    0   84 2506662.18 2467128.83  1.58%     -   39s
     0     0 2467166.23    0   86 2506662.18 2467166.23  1.58%     -   39s
     0     0 2467166.36    0  107 2506662.18 2467166.36  1.58%     -   39s
     0     0 2467449.56    0   74 2506662.18 2467449.56  1.56%     -   40s
H    0     0                    2506097.6981 2467492.32  1.54%     -   40s
H    0     0                    2504056.9970 2467492.32  1.46%     -   40s
     0     0 2467492.32    0   56 2504057.00 2467492.32  1.46%     -   40s
H    0     0                    2502623.9945 2467492.40  1.40%     -   40s
     0     0 2467492.40    0   55 2502623.99 2467492.40  1.40%     -   40s
H    0     0                    2500565.1627 2467492.40  1.32%     -   40s
H    0     0                    2498814.8825 2467492.40  1.25%     -   40s
H    0     0                    2498797.7373 2467492.40  1.25%     -   40s
     0     0 2467503.69    0   62 2498797.74 2467503.69  1.25%     -   41s
     0     0 2467509.74    0   60 2498797.74 2467509.74  1.25%     -   41s
H    0     0                    2498657.0318 2467509.74  1.25%     -   41s
H    0     0                    2497072.0696 2467509.74  1.18%     -   41s
H    0     0                    2496520.4054 2467509.74  1.16%     -   41s
H    0     0                    2495770.8654 2467509.74  1.13%     -   41s
H    0     0                    2492974.6204 2467509.74  1.02%     -   41s
     0     0 2467509.75    0   67 2492974.62 2467509.75  1.02%     -   41s
     0     0 2467509.77    0   67 2492974.62 2467509.77  1.02%     -   41s
     0     0 2467858.71    0   65 2492974.62 2467858.71  1.01%     -   42s
     0     0 2467858.99    0   60 2492974.62 2467858.99  1.01%     -   42s
     0     0 2467859.73    0   62 2492974.62 2467859.73  1.01%     -   43s
     0     0 2467860.49    0   56 2492974.62 2467860.49  1.01%     -   43s
     0     0 2467860.76    0   74 2492974.62 2467860.76  1.01%     -   43s
     0     0 2467861.60    0   50 2492974.62 2467861.60  1.01%     -   43s
H    0     0                    2491613.5769 2467861.62  0.95%     -   44s
     0     0 2467861.98    0   54 2491613.58 2467861.98  0.95%     -   44s
     0     0 2467862.17    0   53 2491613.58 2467862.17  0.95%     -   44s
     0     0 2467862.41    0   49 2491613.58 2467862.41  0.95%     -   44s
     0     0 2467862.87    0   40 2491613.58 2467862.87  0.95%     -   44s
     0     0 2467863.15    0   50 2491613.58 2467863.15  0.95%     -   45s
     0     0 2467863.17    0   50 2491613.58 2467863.17  0.95%     -   45s
     0     0 2467864.16    0   56 2491613.58 2467864.16  0.95%     -   45s
     0     0 2467865.48    0   63 2491613.58 2467865.48  0.95%     -   45s
     0     0 2467867.49    0   80 2491613.58 2467867.49  0.95%     -   45s
     0     0 2467867.63    0   72 2491613.58 2467867.63  0.95%     -   45s
     0     0 2468005.98    0   62 2491613.58 2468005.98  0.95%     -   46s
     0     0 2468022.46    0   51 2491613.58 2468022.46  0.95%     -   46s
     0     0 2468102.89    0   90 2491613.58 2468102.89  0.94%     -   46s
     0     0 2468212.31    0   63 2491613.58 2468212.31  0.94%     -   46s
H    0     0                    2491118.5346 2468343.75  0.91%     -   46s
     0     0 2468343.75    0   73 2491118.53 2468343.75  0.91%     -   46s
     0     0 2468430.39    0   65 2491118.53 2468430.39  0.91%     -   46s
     0     0 2468527.26    0   55 2491118.53 2468527.26  0.91%     -   47s
     0     0 2468527.35    0   52 2491118.53 2468527.35  0.91%     -   47s
     0     0 2468543.36    0   66 2491118.53 2468543.36  0.91%     -   47s
     0     0 2468543.36    0   61 2491118.53 2468543.36  0.91%     -   47s
     0     0 2468543.97    0   61 2491118.53 2468543.97  0.91%     -   47s
     0     0 2468546.84    0   57 2491118.53 2468546.84  0.91%     -   47s
H    0     0                    2490977.8291 2468546.86  0.90%     -   48s
     0     0 2468547.19    0   56 2490977.83 2468547.19  0.90%     -   48s
     0     0 2468551.38    0   54 2490977.83 2468551.38  0.90%     -   48s
     0     0 2468568.89    0   90 2490977.83 2468568.89  0.90%     -   49s
     0     0 2468640.02    0   57 2490977.83 2468640.02  0.90%     -   49s
     0     0 2468648.45    0   71 2490977.83 2468648.45  0.90%     -   49s
     0     0 2468694.18    0   60 2490977.83 2468694.18  0.89%     -   49s
H    0     0                    2489209.6130 2468694.18  0.82%     -   50s
     0     0 2468695.26    0   59 2489209.61 2468695.26  0.82%     -   50s
     0     0 2468697.91    0   70 2489209.61 2468697.91  0.82%     -   51s
     0     0 2468708.76    0   79 2489209.61 2468708.76  0.82%     -   51s
     0     0 2468742.37    0   60 2489209.61 2468742.37  0.82%     -   52s
     0     0 2468752.89    0   60 2489209.61 2468752.89  0.82%     -   52s
     0     0 2468752.89    0   60 2489209.61 2468752.89  0.82%     -   52s
     0     0 2468752.89    0   53 2489209.61 2468752.89  0.82%     -   52s
H    0     0                    2485989.4332 2468753.14  0.69%     -   56s
     0     2 2468753.14    0   53 2485989.43 2468753.14  0.69%     -   57s
H   57    80                    2485780.9866 2468753.14  0.69%  43.6   59s
    79   380 2468753.14    7   52 2485780.99 2468753.14  0.69%  39.0   61s
  1022  1304 2468764.79   34   46 2485780.99 2468753.14  0.69%  17.6   67s
H 1082  1304                    2485244.6336 2468753.14  0.66%  17.4   67s
H 1115  1304                    2485116.3957 2468753.14  0.66%  17.5   67s
H 1303  2224                    2484633.6774 2468753.14  0.64%  17.2   74s
H 1381  2224                    2484632.8364 2468753.14  0.64%  17.4   74s
H 1685  2224                    2484602.5085 2468753.14  0.64%  17.8   74s
H 2044  2224                    2484582.0888 2468753.14  0.64%  19.2   74s
  2227  4027 2468766.27   74   51 2484582.09 2468753.14  0.64%  20.9   84s
  4036  5043 2468868.04  233   58 2484582.09 2468753.14  0.64%  26.0   92s
H 4555  5043                    2484550.9199 2468753.14  0.64%  27.7   92s
  5071  5064 2468950.01  273   50 2484550.92 2468753.14  0.64%  32.7  100s
  5096  5140 2472880.91  273   34 2484550.92 2468753.14  0.64%  33.3  106s
H 5102  5140                    2484550.0788 2468753.14  0.64%  33.5  106s
H 5104  5140                    2484470.3430 2468753.14  0.63%  33.5  106s
  5174  6173 2469325.57  274   50 2484470.34 2468753.14  0.63%  33.9  115s
  6228  6204 2469417.08  342   45 2484470.34 2468753.14  0.63%  38.4  122s
H 6252  6204                    2484440.5926 2468753.14  0.63%  39.0  122s
H 6256  6058                    2483906.0548 2468753.14  0.61%  39.0  122s
  6261  6880 2469417.99  343   51 2483906.05 2468753.14  0.61%  39.1  133s
  7122  7846 2470731.55  382   42 2483906.05 2468753.14  0.61%  44.6  143s
  8133  8402 2472407.29  389   27 2483906.05 2468753.14  0.61%  50.2  152s
H 8403  8402                    2483814.5271 2468753.14  0.61%  51.3  152s
  8715  9281 2472407.29  394   30 2483814.53 2468753.14  0.61%  51.8  164s
H 9640  9281                    2483785.4494 2468753.14  0.61%  55.4  164s
  9649  9305 2468753.14    6   51 2483785.45 2468753.14  0.61%  55.4  173s
H 9651  9300                    2483661.5326 2468753.14  0.60%  55.5  173s
H 9653  9091                    2482338.7620 2468753.14  0.55%  55.4  173s
  9673 10333 2468764.70    7   46 2482338.76 2468753.14  0.55%  55.9  184s
 11026 11557 2477599.59  112   42 2482338.76 2468753.14  0.55%  58.3  194s
H12352 11533                    2481061.1625 2468753.14  0.50%  61.8  204s
H12355 11526                    2480973.5982 2468753.14  0.49%  61.8  204s
H12357 11321                    2480014.1048 2468753.14  0.45%  61.8  204s
H12362 10902                    2479660.4470 2468753.14  0.44%  61.9  204s
 12380 12343 2477786.64  154   45 2479660.45 2468753.14  0.44%  61.9  215s
H13961 12241                    2478937.0329 2468753.14  0.41%  60.4  215s
 13962 12233 2469655.01  262   53 2478937.03 2468753.14  0.41%  60.4  232s
H13963 11622                    2478936.5227 2468753.14  0.41%  60.4  235s
H13963 11041                    2478877.8413 2468753.14  0.41%  60.4  235s
 13977 11050 2468764.88   49   72 2478877.84 2468753.14  0.41%  60.4  240s
H13988 10503                    2478859.3378 2469298.28  0.39%  60.3  245s
 14003 10515 2471589.87  170   53 2478859.34 2469299.28  0.39%  64.5  250s
H14004  9990                    2478851.0594 2469299.28  0.39%  64.5  251s
H14005  9490                    2478750.3316 2469299.28  0.38%  64.4  254s
 14007  9492 2469299.28  146  146 2478750.33 2469299.28  0.38%  64.4  255s
H14022  9027                    2478546.5106 2469299.28  0.37%  64.4  258s
H14022  8575                    2478502.9235 2469299.28  0.37%  64.4  258s
H14024  8147                    2478471.0619 2469299.29  0.37%  64.4  259s
H14024  7739                    2478381.5090 2469299.29  0.37%  64.4  259s
H14024  7352                    2478160.7538 2469299.29  0.36%  64.4  260s
 14037  7361 2469299.35   44   37 2478160.75 2469299.35  0.36%  64.3  265s
 14041  7363 2473088.36  486   37 2478160.75 2469299.38  0.36%  64.3  270s
 14096  7403 2469313.12   33   49 2478160.75 2469299.49  0.36%  69.5  275s
H14118  7027                    2478125.4290 2469299.49  0.36%  69.6  275s
 14199  7048 2469406.46   36   44 2478125.43 2469300.93  0.36%  70.1  280s
H14209  6694                    2477261.9889 2469300.93  0.32%  70.1  280s
 14331  6696 2470342.10   37   42 2477261.99 2469300.93  0.32%  70.6  285s
 14618  6661 2470737.87   41   48 2477261.99 2469300.93  0.32%  70.5  290s
 14743  6661 2469434.09   46   40 2477261.99 2469300.93  0.32%  70.1  295s
H14772  6319                    2477210.2711 2469300.93  0.32%  70.0  295s
 15077  6351 2469434.14   51   39 2477210.27 2469300.93  0.32%  69.2  300s
 15510  6343 2469434.17   55   39 2477210.27 2469300.93  0.32%  68.4  306s
 15880  6356 2469434.68   58   35 2477210.27 2469300.93  0.32%  67.9  310s
 16464  6484 2469435.00   63   39 2477210.27 2469369.73  0.32%  66.8  316s
 16825  6574 2469435.19   65   36 2477210.27 2469369.73  0.32%  66.5  321s
 17548  6651 2469436.28   71   35 2477210.27 2469369.93  0.32%  66.5  326s
H18028  6404                    2477116.0747 2469370.30  0.31%  66.8  329s
 18043  6651     cutoff   72      2477116.07 2469370.30  0.31%  66.8  331s
 18791  6618 2469436.82   83   41 2477116.07 2469370.30  0.31%  66.5  335s
H18809  6310                    2477109.1978 2469370.30  0.31%  66.6  335s
 19198  6598 2469438.77   86   39 2477109.20 2469370.30  0.31%  66.7  340s
 19869  6688 2469444.46   92   40 2477109.20 2469370.30  0.31%  67.9  345s
H20158  6296                    2477071.7456 2469370.30  0.31%  68.4  345s
 20620  6403 2469446.18   97   37 2477071.75 2469370.30  0.31%  68.9  350s
 20673  6420     cutoff   98      2477071.75 2469370.30  0.31%  69.2  355s
 20746  6497 2469448.15  100   42 2477071.75 2469370.30  0.31%  69.7  360s
H20898  6355                    2477071.6938 2469370.30  0.31%  70.2  362s
 21145  6666 2469449.96  101   40 2477071.69 2469370.30  0.31%  70.2  365s
 22372  7024 2469452.79  107   40 2477071.69 2469370.30  0.31%  70.5  371s
 23723  6998 2469461.22  114   40 2477071.69 2469370.30  0.31%  71.2  377s
 23754  7000 2471073.30  114   45 2477071.69 2469370.30  0.31%  71.4  380s
H23755  6720                    2477026.9939 2469370.30  0.31%  71.4  380s
 24715  7569 2469461.68  119   39 2477026.99 2469406.89  0.31%  71.0  386s
 25624  7268 2475482.08   67   53 2477026.99 2469407.03  0.31%  70.8  398s
 25626  7269 2476622.35  300  162 2477026.99 2469407.03  0.31%  70.8  401s
H25626  6905                    2477006.2258 2469407.03  0.31%  70.8  403s
 25633  6910 2472952.91   90   96 2477006.23 2469407.03  0.31%  70.8  405s
 25651  6922 2475981.27   35   49 2477006.23 2469407.03  0.31%  70.7  410s
 25661  6929 2471683.39  350   34 2477006.23 2469407.03  0.31%  70.7  415s
 25662  6929 2472665.01  261   34 2477006.23 2469415.61  0.31%  70.7  421s
 25677  6949 2469415.61   46   38 2477006.23 2469415.61  0.31%  73.1  425s
 25872  6982 2470295.23   50   35 2477006.23 2469415.61  0.31%  73.5  430s
 26010  6972 2470590.78   52   50 2477006.23 2469415.61  0.31%  73.6  435s
 26108  6985 2469415.61   55   42 2477006.23 2469415.61  0.31%  73.8  441s
 26180  6992 2469428.43   57   56 2477006.23 2469428.43  0.31%  74.0  445s
 26278  7006 2469431.00   59   48 2477006.23 2469430.96  0.31%  74.0  450s
 26350  7014 2469434.06   61   37 2477006.23 2469430.96  0.31%  74.1  455s
 26423  7021 2470737.87   62   39 2477006.23 2469430.96  0.31%  74.3  460s
 26472  7030 2470735.59   63   39 2477006.23 2469430.96  0.31%  74.3  465s
 26589  7089 2469434.08   65   39 2477006.23 2469430.96  0.31%  74.1  471s
 26688  7116 2469434.09   68   39 2477006.23 2469430.96  0.31%  74.1  475s
 26988  7110 2469434.14   73   37 2477006.23 2469430.96  0.31%  73.8  482s
H27007  6757                    2477003.7026 2469430.96  0.31%  73.8  482s
 27192  6785 2469434.17   75   39 2477003.70 2469430.96  0.31%  73.6  486s
 27245  6847 2469434.17   76   39 2477003.70 2469430.96  0.31%  73.6  490s
 27521  6959 2469434.17   78   39 2477003.70 2469430.96  0.31%  73.2  495s
 27888  7065 2470690.06   80   43 2477003.70 2469430.96  0.31%  73.0  500s
 28228  7211 2470670.82   84   43 2477003.70 2469431.01  0.31%  73.1  506s
 28725  7419 2469434.84   89   48 2477003.70 2469431.01  0.31%  73.0  512s
 29008  7538 2469435.06   92   46 2477003.70 2469431.01  0.31%  73.0  515s
 29632  7818 2469435.71   95   51 2477003.70 2469434.06  0.31%  73.2  522s
 29978  7954 2469435.73   97   44 2477003.70 2469434.06  0.31%  73.3  525s
 30732  8246 2469436.67  105   49 2477003.70 2469434.06  0.31%  73.2  532s
 31143  8369 2469436.86  108   52 2477003.70 2469434.06  0.31%  73.3  535s
 31919  8909 2469440.62  115   58 2477003.70 2469434.06  0.31%  73.9  543s
 32452  9145 2469474.26  119   60 2477003.70 2469434.06  0.31%  73.9  546s
 32954  9415 2469487.94  122   43 2477003.70 2469434.06  0.31%  74.1  550s
 34211 10229 2469509.79  129   40 2477003.70 2469434.21  0.31%  74.2  558s
 35000 10454 2469555.38  133   52 2477003.70 2469434.23  0.31%  73.9  562s
 35594 10279 2469575.12  139   49 2477003.70 2469434.23  0.31%  74.0  567s
 35618 10294 2470744.26  139   39 2477003.70 2469434.23  0.31%  74.1  570s
H35643  9954                    2477002.4780 2469434.23  0.31%  74.2  570s
 35647 10536 2469578.38  140   48 2477002.48 2469434.23  0.31%  74.3  575s
 36317 10783 2469592.07  144   47 2477002.48 2469434.24  0.31%  74.4  580s
 37220 11250 2471652.55  148   29 2477002.48 2469434.25  0.31%  75.4  589s
 37840 11502 2470826.66  149   43 2477002.48 2469434.25  0.31%  75.5  594s
 38463 12052 2469645.43  155   45 2477002.48 2469434.25  0.31%  76.1  599s
 39441 11780 2469688.81  159   44 2477002.48 2469434.25  0.31%  76.0  600s

Cutting planes:
  Learned: 1
  Gomory: 78
  Cover: 52
  Implied bound: 29
  Projected implied bound: 7
  Clique: 21
  MIR: 353
  StrongCG: 143
  Flow cover: 93
  GUB cover: 11
  Inf proof: 2
  Zero half: 18
  Network: 7
  RLT: 137
  Relax-and-lift: 24
  BQP: 18

Explored 39512 nodes (3093699 simplex iterations) in 600.05 seconds (681.67 work units)
Thread count was 24 (of 24 available processors)

Solution count 10: 2.477e+06 2.477e+06 2.47701e+06 ... 2.47726e+06

Time limit reached
Best objective 2.477002477962e+06, best bound 2.469434248833e+06, gap 0.3055%
