
Gurobi 13.0.2 (linux64, Python) logging started Thu Aug 13 19:37:42 2026

Set parameter LogToConsole to value 0
Set parameter Username
Set parameter LicenseID to value 2748191
Set parameter TimeLimit to value 120
Set parameter LogFile to value "output/bz_nbr7008_095/weighted_loss/retail_y_2__retail_v_2__rolled_leftover_2/period_5/gurobi.log"
Academic license - for non-commercial use only - expires 2026-12-01
Gurobi Optimizer version 13.0.2 build v13.0.2rc1 (linux64 - "Debian GNU/Linux 13 (trixie)")

CPU model: 13th Gen Intel(R) Core(TM) i7-13700HX, instruction set [SSE2|AVX|AVX2]
Thread count: 24 physical cores, 24 logical processors, using up to 24 threads

Non-default parameters:
TimeLimit  120
LogToConsole  0

Optimize a model with 8943 rows, 6284 columns and 23770 nonzeros (Min)
Model fingerprint: 0x0fb3bc4c
Model has 2311 linear objective coefficients and an objective constant of 78585.743028
Variable types: 5088 continuous, 1196 integer (1196 binary)
Coefficient statistics:
  Matrix range     [1e-02, 1e+04]
  Objective range  [1e+01, 1e+05]
  Bounds range     [1e+00, 1e+00]
  RHS range        [1e-01, 3e+04]

Presolve removed 6823 rows and 4773 columns
Presolve time: 0.07s
Presolved: 2120 rows, 1511 columns, 8515 nonzeros
Variable types: 967 continuous, 544 integer (522 binary)

Root relaxation: objective 3.632300e+05, 896 iterations, 0.01 seconds (0.02 work units)

    Nodes    |    Current Node    |     Objective Bounds      |     Work
 Expl Unexpl |  Obj  Depth IntInf | Incumbent    BestBd   Gap | It/Node Time

     0     0 363229.995    0   26          - 363229.995      -     -    0s
     0     0 363229.995    0   33          - 363229.995      -     -    0s
H    0     0                    823543.81335 363230.330  55.9%     -    0s
     0     0 363230.330    0   38 823543.813 363230.330  55.9%     -    0s
     0     0 363230.330    0   29 823543.813 363230.330  55.9%     -    0s
H    0     0                    736979.82239 363230.330  50.7%     -    0s
H    0     0                    735958.33481 363230.330  50.6%     -    0s
H    0     0                    733790.00480 363230.330  50.5%     -    0s
H    0     0                    732745.90131 363230.330  50.4%     -    0s
     0     0 363230.330    0   24 732745.901 363230.330  50.4%     -    0s
     0     0 363237.098    0   52 732745.901 363237.098  50.4%     -    0s
     0     0 363237.098    0   52 732745.901 363237.098  50.4%     -    0s
     0     0 363237.098    0   49 732745.901 363237.098  50.4%     -    0s
     0     0 363254.385    0   38 732745.901 363254.385  50.4%     -    0s
     0     0 363254.387    0   53 732745.901 363254.387  50.4%     -    0s
H    0     0                    724370.83072 363278.118  49.8%     -    0s
     0     0 363278.118    0   43 724370.831 363278.118  49.8%     -    0s
     0     0 363293.385    0   38 724370.831 363293.385  49.8%     -    0s
H    0     0                    719707.80675 363293.385  49.5%     -    0s
H    0     0                    718429.34182 363293.385  49.4%     -    0s
     0     0 363308.804    0   49 718429.342 363308.804  49.4%     -    0s
H    0     0                    595805.43285 363308.877  39.0%     -    0s
H    0     0                    595676.75039 363308.877  39.0%     -    0s
     0     0 363427.349    0   56 595676.750 363427.349  39.0%     -    0s
H    0     0                    595037.15088 363433.126  38.9%     -    0s
H    0     0                    591300.20625 363433.126  38.5%     -    0s
H    0     0                    591155.89407 363433.126  38.5%     -    0s
H    0     0                    591066.10814 363433.126  38.5%     -    0s
     0     0 363441.043    0   57 591066.108 363441.043  38.5%     -    0s
     0     0 363441.133    0   58 591066.108 363441.133  38.5%     -    0s
     0     0 365264.054    0   63 591066.108 365264.054  38.2%     -    0s
H    0     0                    565457.77537 365410.192  35.4%     -    0s
     0     0 365410.192    0   63 565457.775 365410.192  35.4%     -    0s
     0     0 365411.562    0   64 565457.775 365411.562  35.4%     -    0s
H    0     0                    554318.82704 365411.562  34.1%     -    0s
H    0     0                    542444.89659 365411.562  32.6%     -    0s
H    0     0                    514598.73930 368489.568  28.4%     -    0s
H    0     0                    514307.31134 368489.568  28.4%     -    0s
     0     0 368489.568    0   61 514307.311 368489.568  28.4%     -    0s
     0     0 368493.945    0   72 514307.311 368493.945  28.4%     -    0s
     0     0 368504.922    0   72 514307.311 368504.922  28.3%     -    0s
H    0     0                    513016.12836 368504.922  28.2%     -    0s
H    0     0                    512850.87627 368504.922  28.1%     -    0s
     0     0 374724.884    0   47 512850.876 374724.884  26.9%     -    0s
H    0     0                    507405.48291 374729.120  26.1%     -    0s
     0     0 374729.120    0   60 507405.483 374729.120  26.1%     -    0s
     0     0 374729.121    0   61 507405.483 374729.121  26.1%     -    0s
     0     0 374729.391    0   71 507405.483 374729.391  26.1%     -    0s
     0     0 374729.408    0   71 507405.483 374729.408  26.1%     -    0s
     0     0 374729.408    0   71 507405.483 374729.408  26.1%     -    0s
     0     2 374729.409    0   71 507405.483 374729.409  26.1%     -    0s
H    7    16                    506836.29073 374733.155  26.1%  95.6    0s
H   10    16                    502267.77145 374733.155  25.4%   116    0s
H   36    56                    502012.94085 374741.071  25.4%   109    0s
H  251   239                    493812.84041 374744.625  24.1%  60.6    0s
H  260   239                    438995.09747 374744.625  14.6%  59.9    0s
H 1026   653                    438949.83423 374746.487  14.6%  39.2    1s
H 1069   692                    433410.71450 374746.487  13.5%  38.8    1s
H 1091   692                    432447.74769 374746.487  13.3%  38.9    1s
H 1789  1055                    431911.46699 374751.984  13.2%  35.2    1s
H 2163  1244                    425365.02861 374752.830  11.9%  34.2    1s
H 2193  1244                    424765.34587 374752.830  11.8%  34.2    1s
* 3686  1931              38    422615.14636 374771.582  11.3%  31.2    1s
H 3951  1935                    422090.57603 374771.582  11.2%  31.0    2s
H 3969  1849                    422068.19447 374779.144  11.2%  30.9    3s
H 3971  1757                    421313.55713 374783.203  11.0%  30.9    3s
  3985  1767 375141.430   13   62 421313.557 374786.743  11.0%  30.7    5s
H 5760  2334                    419305.65439 374817.937  10.6%  39.7    7s
H 6070  2283                    418447.16166 374817.937  10.4%  39.9    7s
H 6904  2292                    418447.16157 374826.067  10.4%  40.9    7s
H 6905  2214                    417992.77566 374826.067  10.3%  40.9    7s
H 6908  2083                    412994.45939 374826.067  9.24%  40.9    7s
 11073  3548 infeasible   31      412994.459 375045.849  9.19%  45.0   10s
 20686  6590 388250.101   35   62 412994.459 375708.077  9.03%  49.9   15s
H23392  7126                    412994.45930 376012.167  8.95%  50.7   16s
H25811  7750                    412994.42651 376199.015  8.91%  51.2   17s
 30074  8291     cutoff   38      412994.427 376461.624  8.85%  51.6   20s
 42614  8782 infeasible   34      412994.427 377613.635  8.57%  52.3   25s
 52124  9185 384918.765   26   71 412994.427 378830.465  8.27%  52.6   33s
 52155  9206 382209.251   29  176 412994.427 378830.465  8.27%  52.6   35s
 52244  9265 389826.376   27  198 412994.427 378830.465  8.27%  52.5   40s
H52274  8818                    412480.41513 378830.465  8.16%  52.5   42s
H52275  8375                    412270.23164 378830.465  8.11%  52.5   42s
H52275  7954                    412005.28148 378830.465  8.05%  52.5   42s
 52291  7964 385458.983   30  194 412005.281 378830.465  8.05%  52.5   45s
 52321  7984 395540.271   37  165 412005.281 378830.465  8.05%  52.4   50s
 52353  8006 386106.136   33  230 412005.281 378830.465  8.05%  52.4   55s
 52379  8023 388737.367   37  237 412005.281 378830.465  8.05%  52.4   60s
 52404  8040 382665.559   37  243 412005.281 378830.465  8.05%  52.4   65s
 52428  8056 381215.848   26  251 412005.281 378830.465  8.05%  52.3   70s
 52460  8085 378830.465   32  170 412005.281 378830.465  8.05%  52.7   75s
 55109  8578 382282.288   39   80 412005.281 378830.465  8.05%  54.5   80s
 60173  8283     cutoff   56      412005.281 378830.465  8.05%  57.3   85s
 65708  7408 383721.782   48  109 412005.281 379742.326  7.83%  59.7   90s
 72459  6030     cutoff   46      412005.281 381504.509  7.40%  61.8   95s
 81240  5396 388659.268   41   77 412005.281 384521.675  6.67%  63.3  100s
 91231  5567     cutoff   50      412005.281 387095.082  6.05%  64.6  105s
 100869  5926     cutoff   43      412005.281 389601.117  5.44%  65.4  110s
 110512  5662 410051.550   63   22 412005.281 391878.110  4.89%  65.7  115s
 120666  5060 397387.526   46   65 412005.281 394911.900  4.15%  66.3  120s

Cutting planes:
  Learned: 1
  Gomory: 9
  Lift-and-project: 1
  Cover: 382
  Implied bound: 81
  Projected implied bound: 16
  Clique: 7
  MIR: 675
  StrongCG: 7
  Flow cover: 160
  GUB cover: 27
  Inf proof: 6
  Zero half: 59
  RLT: 25
  Relax-and-lift: 69
  BQP: 8

Explored 120690 nodes (8008037 simplex iterations) in 120.01 seconds (131.77 work units)
Thread count was 24 (of 24 available processors)

Solution count 10: 412005 412270 412480 ... 419306

Time limit reached
Best objective 4.120052814782e+05, best bound 3.949119003783e+05, gap 4.1488%
