
Gurobi 13.0.2 (linux64, Python) logging started Sat Aug 22 14:45:25 2026

Set parameter LogToConsole to value 0
Set parameter Username
Set parameter LicenseID to value 2748191
Set parameter TimeLimit to value 120
Set parameter LogFile to value "output/bz_nbr7008_043/weighted_loss/retail_y_2__retail_v_4__retail_v_4__rolled_leftover_4/period_4/gurobi.log"
Academic license - for non-commercial use only - expires 2026-12-01
Gurobi Optimizer version 13.0.2 build v13.0.2rc1 (linux64 - "Debian GNU/Linux 13 (trixie)")

CPU model: 13th Gen Intel(R) Core(TM) i7-13700HX, instruction set [SSE2|AVX|AVX2]
Thread count: 24 physical cores, 24 logical processors, using up to 24 threads

Non-default parameters:
TimeLimit  120
LogToConsole  0

Optimize a model with 204574 rows, 137067 columns and 716000 nonzeros (Min)
Model fingerprint: 0x89a63bf1
Model has 54500 linear objective coefficients and an objective constant of 3.4957322927520005e+05
Variable types: 112952 continuous, 24115 integer (24115 binary)
Coefficient statistics:
  Matrix range     [1e-02, 1e+04]
  Objective range  [1e+01, 3e+05]
  Bounds range     [1e+00, 1e+00]
  RHS range        [1e-01, 3e+04]

Presolve removed 123114 rows and 85438 columns
Presolve time: 4.42s
Presolved: 81460 rows, 51629 columns, 818462 nonzeros
Variable types: 33780 continuous, 17849 integer (17802 binary)
Deterministic concurrent LP optimizer: primal simplex, dual simplex, and barrier
Showing barrier log only...

Root barrier log...

Ordering time: 0.44s

Barrier statistics:
 Dense cols : 41
 AA' NZ     : 7.102e+06
 Factor NZ  : 1.208e+07 (roughly 140 MB of memory)
 Factor Ops : 3.414e+09 (less than 1 second per iteration)
 Threads    : 21

                  Objective                Residual
Iter       Primal          Dual         Primal    Dual     Compl     Time
   0  -3.00781663e+09 -1.33180085e+10  2.40e+06 1.84e+02  3.19e+06     6s
   1  -1.62082798e+09 -1.18489204e+10  1.51e+06 3.32e+02  1.76e+06     6s
   2  -6.29394138e+08 -9.51924876e+09  5.19e+05 7.27e+01  6.25e+05     6s
   3  -1.63876718e+08 -4.50366396e+09  1.43e+05 3.37e+00  1.70e+05     6s
   4  -7.56554502e+06 -1.18203702e+09  1.97e+04 1.19e-10  2.51e+04     6s
   5   1.06031911e+07 -5.74965044e+08  5.70e+03 1.08e-10  8.33e+03     6s
   6   1.55067535e+07 -2.83624151e+08  1.85e+03 9.23e-11  3.22e+03     6s
   7   1.63978658e+07 -6.33703326e+07  1.06e+03 4.23e-11  9.58e+02     6s
   8   1.54652720e+07 -4.10870441e+07  6.11e+02 2.41e-11  6.05e+02     7s
   9   1.37678178e+07 -3.04692310e+07  2.91e+02 2.59e-11  4.01e+02     7s
  10   1.18898348e+07 -1.75256145e+07  1.87e+02 1.41e-11  2.55e+02     7s
  11   1.04988077e+07 -1.30340177e+07  1.26e+02 1.28e-11  1.96e+02     7s
  12   7.98251433e+06 -9.89003827e+06  6.60e+01 1.13e-11  1.41e+02     7s
  13   7.04268748e+06 -7.99011839e+06  5.37e+01 1.38e-11  1.18e+02     7s
  14   4.38398657e+06 -4.99784983e+06  2.47e+01 1.54e-11  7.16e+01     7s
  15   2.69255100e+06 -1.90478108e+06  1.24e+01 1.69e-11  3.53e+01     7s
  16   2.11922056e+06 -1.18125512e+06  8.55e+00 2.34e-11  2.55e+01     7s
  17   1.65966184e+06 -8.52847814e+05  5.27e+00 2.31e-11  1.91e+01     7s
  18   1.36744488e+06 -1.89993470e+05  3.10e+00 2.16e-11  1.19e+01     7s
  19   1.17982101e+06  5.76027343e+04  1.79e+00 2.64e-11  8.45e+00     7s
  20   1.06530731e+06  4.24111436e+05  1.13e+00 1.95e-11  4.87e+00     7s
  21   1.01473307e+06  6.60287437e+05  8.38e-01 2.36e-11  2.77e+00     7s
  22   9.08107373e+05  8.14775417e+05  1.27e-01 2.99e-11  6.95e-01     7s
  23   8.85954060e+05  8.39153201e+05  3.21e-02 2.14e-11  3.39e-01     7s
  24   8.83491293e+05  8.41109047e+05  2.64e-02 2.80e-11  3.06e-01     7s
  25   8.81737044e+05  8.47770904e+05  2.20e-02 1.78e-11  2.45e-01     7s
  26   8.80196803e+05  8.55129519e+05  1.83e-02 2.43e-11  1.82e-01     8s
  27   8.80006491e+05  8.57183523e+05  1.72e-02 2.67e-11  1.66e-01     8s
  28   8.78250876e+05  8.67382642e+05  9.68e-03 2.70e-11  7.92e-02     8s
  29   8.75990184e+05  8.70922089e+05  5.05e-03 1.98e-11  3.71e-02     8s
  30   8.74438631e+05  8.71430742e+05  2.39e-03 2.30e-11  2.18e-02     8s
  31   8.74094820e+05  8.71714041e+05  1.86e-03 1.94e-11  1.73e-02     8s
  32   8.73825498e+05  8.71923071e+05  1.48e-03 1.97e-11  1.38e-02     8s
  33   8.73487956e+05  8.72233832e+05  9.81e-04 2.45e-11  9.10e-03     8s
  34   8.73241075e+05  8.72418130e+05  6.56e-04 1.88e-11  5.98e-03     8s
  35   8.73107406e+05  8.72559472e+05  4.82e-04 2.73e-11  4.00e-03     8s
  36   8.72960367e+05  8.72640363e+05  2.99e-04 2.90e-11  2.34e-03     8s
  37   8.72873245e+05  8.72658845e+05  1.91e-04 2.06e-11  1.56e-03     8s
  38   8.72775746e+05  8.72682474e+05  7.51e-05 2.04e-11  6.79e-04     8s
  39   8.72720470e+05  8.72700348e+05  8.91e-06 2.55e-11  1.45e-04     8s
  40   8.72708855e+05  8.72706880e+05  2.35e-07 2.78e-11  1.40e-05     8s
  41   8.72708523e+05  8.72708111e+05  4.31e-08 2.18e-11  2.91e-06     8s
  42   8.72708454e+05  8.72708412e+05  1.04e-08 2.27e-11  2.93e-07     8s
  43   8.72708446e+05  8.72708446e+05  1.34e-09 3.97e-11  4.10e-10     9s

Barrier solved model in 43 iterations and 8.56 seconds (13.91 work units)
Optimal objective 8.72708446e+05


Root crossover log...

   48518 DPushes remaining with DInf 1.4989060e-03                 9s
       0 DPushes remaining with DInf 1.3003049e-02                 9s

      60 PPushes remaining with PInf 2.4259871e-05                 9s
       0 PPushes remaining with PInf 0.0000000e+00                 9s

  Push phase complete: Pinf 0.0000000e+00, Dinf 2.7696229e+02      9s


Root simplex log...

Iteration    Objective       Primal Inf.    Dual Inf.      Time
   29627    8.7270845e+05   0.000000e+00   2.769623e+02      9s
   29665    8.7270845e+05   0.000000e+00   0.000000e+00      9s
Crossover time: 0.35 seconds (0.47 work units)
Concurrent spin time: 0.33s

Solved with barrier
   29665    8.7270845e+05   0.000000e+00   0.000000e+00      9s

Root relaxation: objective 8.727084e+05, 29665 iterations, 4.56 seconds (6.68 work units)

    Nodes    |    Current Node    |     Objective Bounds      |     Work
 Expl Unexpl |  Obj  Depth IntInf | Incumbent    BestBd   Gap | It/Node Time

     0     0 872708.446    0  169          - 872708.446      -     -    9s
     0     0 872709.133    0  164          - 872709.133      -     -    9s
H    0     0                    2602437.5864 872709.659  66.5%     -   11s
H    0     0                    2244445.6257 873763.324  61.1%     -   13s
H    0     0                    2241480.3470 873763.324  61.0%     -   13s
H    0     0                    2224172.8288 873763.324  60.7%     -   13s
H    0     0                    2212353.3018 873763.324  60.5%     -   13s
H    0     0                    2212236.7699 873763.324  60.5%     -   13s
     0     0 873763.324    0  150 2212236.77 873763.324  60.5%     -   13s
H    0     0                    2205432.0121 873814.806  60.4%     -   14s
H    0     0                    2184997.9187 873814.806  60.0%     -   14s
H    0     0                    2164563.0051 873814.806  59.6%     -   14s
H    0     0                    2154621.1490 873814.806  59.4%     -   14s
H    0     0                    2107103.6741 873814.806  58.5%     -   15s
H    0     0                    1912231.9858 873814.806  54.3%     -   15s
H    0     0                    1818732.1233 873814.806  52.0%     -   15s
H    0     0                    1818469.2908 873814.806  51.9%     -   15s
H    0     0                    1775279.5372 873814.806  50.8%     -   15s
H    0     0                    1744101.0134 873814.806  49.9%     -   15s
H    0     0                    1741002.9814 873814.806  49.8%     -   15s
H    0     0                    1736492.4197 873814.806  49.7%     -   15s
H    0     0                    1671328.6824 873814.806  47.7%     -   15s
H    0     0                    1646982.7276 873814.806  46.9%     -   15s
H    0     0                    1609512.1198 873814.806  45.7%     -   15s
H    0     0                    1575214.5323 873814.806  44.5%     -   15s
H    0     0                    1569377.3747 873814.806  44.3%     -   15s
H    0     0                    1567484.1360 873814.806  44.3%     -   15s
H    0     0                    1561451.8295 873814.806  44.0%     -   15s
     0     0 874624.658    0  128 1561451.83 874624.658  44.0%     -   15s
     0     0 879760.620    0  163 1561451.83 879760.620  43.7%     -   17s
H    0     0                    1550187.3486 879763.454  43.2%     -   18s
H    0     0                    1509435.4551 879763.454  41.7%     -   18s
H    0     0                    1508244.1798 879763.454  41.7%     -   19s
H    0     0                    1499505.6674 879763.454  41.3%     -   20s
H    0     0                    1438695.6707 879763.454  38.8%     -   21s
H    0     0                    1418587.7769 879763.454  38.0%     -   25s
H    0     0                    1417778.7765 879763.454  37.9%     -   29s
H    0     0                    1413486.2309 879763.454  37.8%     -   32s
H    0     0                    1412582.6942 879763.454  37.7%     -   33s
H    0     0                    1397583.1220 879763.454  37.1%     -   33s
H    0     0                    1396679.5853 879763.454  37.0%     -   35s
     0     0 879994.548    0  149 1396679.59 879994.548  37.0%     -   37s
     0     0 879994.548    0  149 1396679.59 879994.548  37.0%     -   37s
     0     0 879997.496    0  178 1396679.59 879997.496  37.0%     -   38s
H    0     0                    1378034.2858 879997.720  36.1%     -   39s
H    0     0                    1373607.1894 879997.720  35.9%     -   39s
     0     0 880030.689    0  177 1373607.19 880030.689  35.9%     -   40s
     0     0 880030.709    0  176 1373607.19 880030.709  35.9%     -   40s
     0     0 886417.801    0  300 1373607.19 886417.801  35.5%     -   44s
     0     0 886417.801    0  272 1373607.19 886417.801  35.5%     -   44s
     0     0 886851.006    0  307 1373607.19 886851.006  35.4%     -   45s
     0     0 886851.006    0  288 1373607.19 886851.006  35.4%     -   45s
     0     0 889979.505    0  321 1373607.19 889979.505  35.2%     -   47s
     0     0 889979.878    0  300 1373607.19 889979.878  35.2%     -   48s
H    0     0                    1365303.7634 889982.268  34.8%     -   48s
H    0     0                    1319098.4918 889982.268  32.5%     -   48s
     0     0 890837.646    0  302 1319098.49 890837.646  32.5%     -   49s
     0     0 890952.269    0  312 1319098.49 890952.269  32.5%     -   49s
     0     0 891021.090    0  330 1319098.49 891021.090  32.5%     -   50s
     0     0 891070.449    0  354 1319098.49 891070.449  32.4%     -   50s
     0     0 891070.785    0  327 1319098.49 891070.785  32.4%     -   50s
     0     0 894255.398    0  353 1319098.49 894255.398  32.2%     -   52s
     0     0 894342.557    0  340 1319098.49 894342.557  32.2%     -   52s
     0     0 894352.369    0  341 1319098.49 894352.369  32.2%     -   52s
H    0     0                    1289699.4026 894352.369  30.7%     -   53s
H    0     0                    1288993.4673 894352.369  30.6%     -   53s
H    0     0                    1274716.3452 894352.369  29.8%     -   53s
H    0     0                    1274193.0107 894352.369  29.8%     -   53s
H    0     0                    1262837.6723 894352.369  29.2%     -   53s
H    0     0                    1253980.6333 896140.755  28.5%     -   54s
     0     0 896140.755    0  357 1253980.63 896140.755  28.5%     -   54s
     0     0 896166.648    0  352 1253980.63 896166.648  28.5%     -   55s
H    0     0                    1243606.9899 896168.207  27.9%     -   55s
H    0     0                    1229747.8545 896168.207  27.1%     -   55s
H    0     0                    1226674.0461 896168.207  26.9%     -   56s
     0     0 896869.838    0  353 1226674.05 896869.838  26.9%     -   56s
     0     0 896918.390    0  353 1226674.05 896918.390  26.9%     -   56s
     0     0 896933.766    0  360 1226674.05 896933.766  26.9%     -   57s
     0     0 901505.606    0  340 1226674.05 901505.606  26.5%     -   59s
     0     0 901526.117    0  359 1226674.05 901526.117  26.5%     -   59s
     0     0 902051.270    0  366 1226674.05 902051.270  26.5%     -   60s
     0     0 902106.029    0  354 1226674.05 902106.029  26.5%     -   61s
     0     0 902106.416    0  351 1226674.05 902106.416  26.5%     -   61s
     0     0 904610.999    0  369 1226674.05 904610.999  26.3%     -   63s
H    0     0                    1226485.1388 904613.586  26.2%     -   64s
H    0     0                    1226429.9830 904613.586  26.2%     -   64s
H    0     0                    1226423.9083 904613.586  26.2%     -   65s
H    0     0                    1226103.9451 904613.586  26.2%     -   65s
H    0     0                    1226094.3800 904613.586  26.2%     -   65s
     0     0 905673.753    0  362 1226094.38 905673.753  26.1%     -   66s
     0     0 905805.386    0  359 1226094.38 905805.386  26.1%     -   67s
     0     0 905856.174    0  361 1226094.38 905856.174  26.1%     -   67s
     0     0 905873.889    0  389 1226094.38 905873.889  26.1%     -   67s
     0     0 905873.994    0  392 1226094.38 905873.994  26.1%     -   67s
     0     0 909482.230    0  334 1226094.38 909482.230  25.8%     -   69s
     0     0 910110.589    0  353 1226094.38 910110.589  25.8%     -   70s
     0     0 910273.721    0  344 1226094.38 910273.721  25.8%     -   70s
     0     0 910311.138    0  347 1226094.38 910311.138  25.8%     -   70s
     0     0 910311.305    0  348 1226094.38 910311.305  25.8%     -   70s
     0     0 913356.393    0  333 1226094.38 913356.393  25.5%     -   72s
     0     0 913358.481    0  328 1226094.38 913358.481  25.5%     -   72s
H    0     0                    1220493.8364 913362.749  25.2%     -   73s
H    0     0                    1220416.0623 913362.749  25.2%     -   73s
     0     0 913904.864    0  386 1220416.06 913904.864  25.1%     -   74s
     0     0 914013.267    0  342 1220416.06 914013.267  25.1%     -   74s
     0     0 914018.741    0  343 1220416.06 914018.741  25.1%     -   75s
     0     0 915119.305    0  322 1220416.06 915119.305  25.0%     -   76s
     0     0 915447.349    0  337 1220416.06 915447.349  25.0%     -   77s
     0     0 915472.009    0  364 1220416.06 915472.009  25.0%     -   77s
     0     0 915472.269    0  363 1220416.06 915472.269  25.0%     -   77s
     0     0 917124.965    0  312 1220416.06 917124.965  24.9%     -   79s
H    0     0                    1217347.9895 917139.764  24.7%     -   79s
H    0     0                    1212696.5029 917139.764  24.4%     -   79s
     0     0 917355.538    0  321 1212696.50 917355.538  24.4%     -   80s
     0     0 917455.667    0  348 1212696.50 917455.667  24.3%     -   80s
     0     0 917463.490    0  347 1212696.50 917463.490  24.3%     -   80s
     0     0 917466.216    0  339 1212696.50 917466.216  24.3%     -   81s
     0     0 918777.248    0  247 1212696.50 918777.248  24.2%     -   82s
     0     0 919001.561    0  297 1212696.50 919001.561  24.2%     -   82s
     0     0 919011.089    0  331 1212696.50 919011.089  24.2%     -   82s
     0     0 919014.493    0  325 1212696.50 919014.493  24.2%     -   82s
     0     0 920027.191    0  283 1212696.50 920027.191  24.1%     -   84s
H    0     0                    1212667.9669 920027.456  24.1%     -   84s
     0     0 920191.706    0  284 1212667.97 920191.706  24.1%     -   85s
     0     0 920222.328    0  303 1212667.97 920222.328  24.1%     -   85s
     0     0 920222.960    0  331 1212667.97 920222.960  24.1%     -   85s
     0     0 920704.745    0  290 1212667.97 920704.745  24.1%     -   86s
     0     0 920800.380    0  324 1212667.97 920800.380  24.1%     -   87s
     0     0 920811.502    0  340 1212667.97 920811.502  24.1%     -   87s
     0     0 920811.542    0  339 1212667.97 920811.542  24.1%     -   87s
     0     0 922063.083    0  243 1212667.97 922063.083  24.0%     -   89s
H    0     0                    1212406.7562 922063.507  23.9%     -   89s
H    0     0                    1212277.8084 922063.507  23.9%     -   90s
     0     0 922263.388    0  285 1212277.81 922263.388  23.9%     -   91s
     0     0 922288.738    0  263 1212277.81 922288.738  23.9%     -   91s
     0     0 922289.387    0  278 1212277.81 922289.387  23.9%     -   91s
     0     0 923100.924    0  248 1212277.81 923100.924  23.9%     -   93s
     0     0 923389.763    0  321 1212277.81 923389.763  23.8%     -   93s
     0     0 923419.462    0  300 1212277.81 923419.462  23.8%     -   93s
     0     0 923424.571    0  335 1212277.81 923424.571  23.8%     -   93s
     0     0 925596.753    0  258 1212277.81 925596.753  23.6%     -   95s
     0     0 925716.638    0  276 1212277.81 925716.638  23.6%     -  101s
     0     0 925761.918    0  265 1212277.81 925761.918  23.6%     -  101s
     0     0 925802.048    0  307 1212277.81 925802.048  23.6%     -  102s
     0     0 925829.783    0  306 1212277.81 925829.783  23.6%     -  102s
     0     0 925829.783    0  296 1212277.81 925829.783  23.6%     -  102s
     0     0 926394.927    0  243 1212277.81 926394.927  23.6%     -  104s
     0     0 926574.173    0  243 1212277.81 926574.173  23.6%     -  105s
     0     0 926626.141    0  279 1212277.81 926626.141  23.6%     -  105s
     0     0 926631.192    0  267 1212277.81 926631.192  23.6%     -  105s
     0     0 926813.656    0  284 1212277.81 926813.656  23.5%     -  107s
H    0     0                    1205108.8659 926819.556  23.1%     -  108s
H    0     0                    1202327.2926 926819.556  22.9%     -  108s
H    0     0                    1201181.0147 926819.556  22.8%     -  108s
H    0     0                    1201149.5712 926819.556  22.8%     -  108s
     0     0 926893.379    0  340 1201149.57 926893.379  22.8%     -  108s
     0     0 926931.166    0  338 1201149.57 926931.166  22.8%     -  108s
     0     0 926982.160    0  289 1201149.57 926982.160  22.8%     -  109s
     0     0 926994.768    0  298 1201149.57 926994.768  22.8%     -  109s
     0     0 927514.995    0  265 1201149.57 927514.995  22.8%     -  110s
     0     0 927827.020    0  241 1201149.57 927827.020  22.8%     -  111s
     0     0 928197.470    0  276 1201149.57 928197.470  22.7%     -  111s
     0     0 928219.228    0  276 1201149.57 928219.228  22.7%     -  111s
     0     0 928222.335    0  280 1201149.57 928222.335  22.7%     -  111s
     0     0 928805.328    0  232 1201149.57 928805.328  22.7%     -  113s
H    0     0                    1200983.9559 928806.259  22.7%     -  113s
H    0     0                    1199466.6425 928806.259  22.6%     -  113s
H    0     0                    1197407.8710 928806.259  22.4%     -  113s
H    0     0                    1196512.2595 928806.259  22.4%     -  113s
H    0     0                    1196512.0307 928806.259  22.4%     -  113s
     0     0 929062.015    0  269 1196512.03 929062.015  22.4%     -  114s
     0     0 929127.878    0  346 1196512.03 929127.878  22.3%     -  114s
     0     0 929151.838    0  305 1196512.03 929151.838  22.3%     -  114s
     0     0 929164.503    0  322 1196512.03 929164.503  22.3%     -  115s
     0     0 929164.853    0  349 1196512.03 929164.853  22.3%     -  115s
     0     0 929648.343    0  340 1196512.03 929648.343  22.3%     -  116s
     0     0 929840.229    0  299 1196512.03 929840.229  22.3%     -  117s
     0     0 929872.207    0  336 1196512.03 929872.207  22.3%     -  117s
     0     0 929876.833    0  329 1196512.03 929876.833  22.3%     -  117s
     0     0 930748.070    0  308 1196512.03 930748.070  22.2%     -  119s

Cutting planes:
  Learned: 6
  Gomory: 18
  Cover: 123
  Implied bound: 232
  Clique: 74
  MIR: 465
  Knapsack: 2
  StrongCG: 124
  Flow cover: 186
  GUB cover: 39
  Zero half: 2
  Network: 4
  RLT: 341
  Relax-and-lift: 137
  BQP: 36

Explored 1 nodes (65887 simplex iterations) in 120.03 seconds (148.58 work units)
Thread count was 24 (of 24 available processors)

Solution count 10: 1.19651e+06 1.19651e+06 1.19741e+06 ... 1.21228e+06

Time limit reached
Warning: max constraint violation (2.1410e-06) exceeds tolerance
Best objective 1.196512030501e+06, best bound 9.307481588256e+05, gap 22.2116%
