
Gurobi 13.0.2 (linux64, Python) logging started Sat Aug 22 15:40:54 2026

Set parameter LogToConsole to value 0
Set parameter Username
Set parameter LicenseID to value 2748191
Set parameter TimeLimit to value 120
Set parameter LogFile to value "output/bz_nbr7008_095/weighted_loss/retail_y_4__retail_v_2__retail_v_2__rolled_leftover_2/period_4/gurobi.log"
Academic license - for non-commercial use only - expires 2026-12-01
Gurobi Optimizer version 13.0.2 build v13.0.2rc1 (linux64 - "Debian GNU/Linux 13 (trixie)")

CPU model: 13th Gen Intel(R) Core(TM) i7-13700HX, instruction set [SSE2|AVX|AVX2]
Thread count: 24 physical cores, 24 logical processors, using up to 24 threads

Non-default parameters:
TimeLimit  120
LogToConsole  0

Optimize a model with 9393 rows, 6565 columns and 24995 nonzeros (Min)
Model fingerprint: 0xff9ee14e
Model has 2335 linear objective coefficients and an objective constant of 9.3480805427999992e+04
Variable types: 5320 continuous, 1245 integer (1245 binary)
Coefficient statistics:
  Matrix range     [1e-02, 1e+04]
  Objective range  [1e+01, 1e+05]
  Bounds range     [1e+00, 1e+00]
  RHS range        [1e-01, 3e+04]

Presolve removed 7174 rows and 4968 columns
Presolve time: 0.07s
Presolved: 2219 rows, 1597 columns, 8997 nonzeros
Variable types: 1007 continuous, 590 integer (566 binary)
Found heuristic solution: objective 1609303.3427
Found heuristic solution: objective 1592668.4685

Root relaxation: objective 2.780356e+05, 970 iterations, 0.01 seconds (0.03 work units)

    Nodes    |    Current Node    |     Objective Bounds      |     Work
 Expl Unexpl |  Obj  Depth IntInf | Incumbent    BestBd   Gap | It/Node Time

     0     0 278035.565    0   29 1592668.47 278035.565  82.5%     -    0s
H    0     0                    1590610.6950 278035.565  82.5%     -    0s
H    0     0                    1400953.9082 278035.732  80.2%     -    0s
H    0     0                    1390267.2378 278035.732  80.0%     -    0s
H    0     0                    1382041.3043 278035.732  79.9%     -    0s
H    0     0                    1377468.6987 278035.732  79.8%     -    0s
     0     0 278036.376    0   38 1377468.70 278036.376  79.8%     -    0s
H    0     0                    1012471.1789 278036.376  72.5%     -    0s
     0     0 278036.376    0   40 1012471.18 278036.376  72.5%     -    0s
     0     0 278036.376    0   40 1012471.18 278036.376  72.5%     -    0s
     0     0 278036.376    0   35 1012471.18 278036.376  72.5%     -    0s
H    0     0                    930926.12647 278036.376  70.1%     -    0s
     0     0 278036.828    0   36 930926.126 278036.828  70.1%     -    0s
H    0     0                    929336.09389 278036.828  70.1%     -    0s
H    0     0                    910423.49002 278036.828  69.5%     -    0s
H    0     0                    892837.04657 278058.072  68.9%     -    0s
     0     0 278058.072    0   29 892837.047 278058.072  68.9%     -    0s
H    0     0                    697661.14448 278060.489  60.1%     -    0s
H    0     0                    693211.24459 278060.489  59.9%     -    0s
     0     0 278060.489    0   31 693211.245 278060.489  59.9%     -    0s
     0     0 278060.489    0   45 693211.245 278060.489  59.9%     -    0s
H    0     0                    670758.90696 278060.865  58.5%     -    0s
H    0     0                    665369.72111 278060.865  58.2%     -    0s
H    0     0                    660941.18944 278060.865  57.9%     -    0s
H    0     0                    658314.90461 278060.865  57.8%     -    0s
     0     0 278063.900    0   42 658314.905 278063.900  57.8%     -    0s
     0     0 278063.921    0   44 658314.905 278063.921  57.8%     -    0s
H    0     0                    391385.48120 281002.387  28.2%     -    0s
H    0     0                    390412.09559 281002.387  28.0%     -    0s
     0     0 281002.387    0   40 390412.096 281002.387  28.0%     -    0s
H    0     0                    384003.66868 281002.387  26.8%     -    0s
     0     0 282576.337    0   42 384003.669 282576.337  26.4%     -    0s
     0     0 283109.797    0   52 384003.669 283109.797  26.3%     -    0s
H    0     0                    376837.39498 283182.340  24.9%     -    0s
     0     0 283182.340    0   57 376837.395 283182.340  24.9%     -    0s
H    0     0                    375953.72332 283773.734  24.5%     -    0s
     0     0 283774.608    0   61 375953.723 283774.608  24.5%     -    0s
     0     0 283870.285    0   54 375953.723 283870.285  24.5%     -    0s
     0     0 284188.455    0   62 375953.723 284188.455  24.4%     -    0s
     0     0 284188.455    0   62 375953.723 284188.455  24.4%     -    0s
     0     0 284217.954    0   66 375953.723 284217.954  24.4%     -    0s
H    0     0                    375109.73022 284218.590  24.2%     -    0s
H    0     0                    373553.04041 284218.590  23.9%     -    0s
     0     0 284218.590    0   61 373553.040 284218.590  23.9%     -    0s
     0     0 284218.590    0   62 373553.040 284218.590  23.9%     -    0s
H    0     0                    373349.03045 284218.590  23.9%     -    0s
     0     0 284218.590    0   60 373349.030 284218.590  23.9%     -    0s
     0     0 284218.590    0   60 373349.030 284218.590  23.9%     -    0s
     0     0 284218.590    0   54 373349.030 284218.590  23.9%     -    0s
H    0     0                    335148.38595 284224.611  15.2%     -    0s
     0     2 284227.957    0   54 335148.386 284227.957  15.2%     -    0s
H   31    56                    334501.98354 286109.421  14.5%  41.9    0s
H  186   200                    333265.42653 286702.990  14.0%  36.3    0s
H 3549  1823                    332998.43254 287117.283  13.8%  31.3    2s
  4661  2257 311644.472   19   46 332998.433 289102.564  13.2%  33.8    5s
H 4813  2211                    332904.39068 289111.977  13.2%  34.3    5s
H 4859  2094                    330196.55385 289111.977  12.4%  34.3    5s
H 5287  2062                    330009.16184 289171.209  12.4%  35.2    6s
H 6434  2051                    329893.64381 289246.138  12.3%  36.0    7s
H 6443  2004                    328302.15927 289246.138  11.9%  36.0    7s
H 6446  1920                    327901.54407 289246.138  11.8%  36.0    7s
  9552  2159 300777.571   35   64 327901.544 291610.181  11.1%  36.9   10s
*10071  2225              31    326813.85812 293544.660  10.2%  36.8   10s
*10222  2299              33    326434.75280 293544.660  10.1%  36.8   10s
*20734  4873              30    323314.98739 297786.006  7.90%  36.3   14s
 21639  5134 314385.826   28   43 323314.987 298205.551  7.77%  36.3   15s
*23526  4857              30    320992.54526 298768.164  6.92%  36.2   15s
*25212  4976              36    319846.00205 298770.397  6.59%  36.2   15s
*29319  5345              34    319018.35834 300213.951  5.89%  35.8   17s
 41438  5856 316785.933   30   13 319018.358 303461.547  4.88%  34.2   20s
 49303  5855 305649.977   30   41 319018.358 305605.737  4.20%  33.6   25s
 64838  4985 infeasible   34      319018.358 308663.347  3.25%  33.3   30s
 85400  2058 314459.982   24   40 319018.358 313955.664  1.59%  33.1   35s

Cutting planes:
  Learned: 1
  Gomory: 9
  Lift-and-project: 28
  Cover: 287
  Implied bound: 59
  Projected implied bound: 22
  Clique: 5
  MIR: 146
  StrongCG: 4
  Flow cover: 44
  GUB cover: 18
  Inf proof: 28
  Zero half: 20
  Network: 6
  RLT: 46
  Relax-and-lift: 15

Explored 95909 nodes (3157723 simplex iterations) in 39.38 seconds (30.90 work units)
Thread count was 24 (of 24 available processors)

Solution count 10: 319018 319846 320993 ... 330009

Optimal solution found (tolerance 1.00e-04)
Best objective 3.190183583406e+05, best bound 3.190183583406e+05, gap 0.0000%
