
Gurobi 13.0.2 (linux64, Python) logging started Sat Aug 22 15:28:00 2026

Set parameter LogToConsole to value 0
Set parameter Username
Set parameter LicenseID to value 2748191
Set parameter TimeLimit to value 120
Set parameter LogFile to value "output/bz_nbr7008_043/weighted_loss/retail_y_4__retail_v_2__retail_v_2__rolled_leftover_2/period_5/gurobi.log"
Academic license - for non-commercial use only - expires 2026-12-01
Gurobi Optimizer version 13.0.2 build v13.0.2rc1 (linux64 - "Debian GNU/Linux 13 (trixie)")

CPU model: 13th Gen Intel(R) Core(TM) i7-13700HX, instruction set [SSE2|AVX|AVX2]
Thread count: 24 physical cores, 24 logical processors, using up to 24 threads

Non-default parameters:
TimeLimit  120
LogToConsole  0

Optimize a model with 205051 rows, 137162 columns and 718565 nonzeros (Min)
Model fingerprint: 0x0b00fdcb
Model has 54510 linear objective coefficients and an objective constant of 228920.5079976
Variable types: 113036 continuous, 24126 integer (24126 binary)
Coefficient statistics:
  Matrix range     [1e-03, 1e+04]
  Objective range  [1e+01, 1e+05]
  Bounds range     [1e+00, 1e+00]
  RHS range        [1e-01, 5e+04]

Presolve removed 122947 rows and 85209 columns
Presolve time: 3.70s
Presolved: 82104 rows, 51953 columns, 826309 nonzeros
Variable types: 33935 continuous, 18018 integer (17971 binary)
Deterministic concurrent LP optimizer: primal simplex, dual simplex, and barrier
Showing barrier log only...

Root barrier log...

Ordering time: 0.42s

Barrier statistics:
 Dense cols : 46
 AA' NZ     : 7.166e+06
 Factor NZ  : 1.220e+07 (roughly 140 MB of memory)
 Factor Ops : 3.440e+09 (less than 1 second per iteration)
 Threads    : 21

                  Objective                Residual
Iter       Primal          Dual         Primal    Dual     Compl     Time
   0  -8.51883614e+09 -1.15094360e+10  3.39e+06 2.71e+02  3.74e+06     5s
   1  -5.27431394e+09 -1.07193951e+10  2.16e+06 2.85e+02  2.09e+06     5s
   2  -1.83009681e+09 -9.23510574e+09  7.31e+05 6.49e+01  7.39e+05     5s
   3  -5.18142711e+08 -5.06587143e+09  2.06e+05 4.41e+00  2.10e+05     5s
   4  -5.89340634e+07 -1.37383896e+09  2.46e+04 2.10e-10  2.77e+04     6s
   5  -1.48676650e+07 -6.85923221e+08  8.70e+03 1.92e-10  1.06e+04     6s
   6  -8.40477557e+05 -4.30038856e+08  3.71e+03 8.87e-11  5.20e+03     6s
   7   6.04085727e+06 -1.25117746e+08  1.26e+03 7.45e-11  1.45e+03     6s
   8   7.31322817e+06 -5.17314518e+07  7.85e+02 2.18e-11  6.66e+02     6s
   9   8.25414997e+06 -2.65632576e+07  3.65e+02 2.00e-11  3.40e+02     6s
  10   7.79940326e+06 -1.73214114e+07  1.83e+02 1.41e-11  2.17e+02     6s
  11   7.23175755e+06 -1.10082228e+07  1.24e+02 1.16e-11  1.53e+02     6s
  12   5.74457021e+06 -6.24435683e+06  5.91e+01 7.76e-12  9.46e+01     6s
  13   4.37178335e+06 -4.89312408e+06  4.17e+01 1.47e-11  7.23e+01     6s
  14   3.15120522e+06 -3.13345262e+06  2.31e+01 1.47e-11  4.81e+01     6s
  15   2.66867425e+06 -2.01997834e+06  1.73e+01 1.15e-11  3.61e+01     6s
  16   2.57303712e+06 -3.35709028e+05  1.61e+01 1.10e-11  2.37e+01     6s
  17   1.71240211e+06 -2.26826444e+05  5.67e+00 1.81e-11  1.47e+01     6s
  18   1.48898700e+06  2.59521221e+05  3.32e+00 1.22e-11  9.30e+00     6s
  19   1.40851140e+06  4.19054098e+05  2.57e+00 1.70e-11  7.46e+00     6s
  20   1.28133532e+06  6.90368940e+05  1.44e+00 9.41e-12  4.44e+00     6s
  21   1.20963493e+06  8.96064164e+05  7.02e-01 1.38e-11  2.34e+00     7s
  22   1.17715832e+06  1.03330621e+06  4.15e-01 1.38e-11  1.08e+00     7s
  23   1.17654863e+06  1.03939320e+06  4.09e-01 1.21e-11  1.04e+00     7s
  24   1.15582446e+06  1.05576808e+06  2.35e-01 1.14e-11  7.42e-01     7s
  25   1.15543770e+06  1.07163591e+06  2.25e-01 1.44e-11  6.26e-01     7s
  26   1.14342018e+06  1.09295514e+06  1.36e-01 1.18e-11  3.76e-01     7s
  27   1.13656944e+06  1.10927833e+06  8.84e-02 1.47e-11  2.05e-01     7s
  28   1.12925471e+06  1.11587581e+06  4.20e-02 9.91e-12  1.00e-01     7s
  29   1.12712723e+06  1.11819207e+06  2.97e-02 1.50e-11  6.73e-02     7s
  30   1.12477630e+06  1.11976804e+06  1.63e-02 1.47e-11  3.76e-02     7s
  31   1.12323358e+06  1.12065926e+06  7.50e-03 1.38e-11  1.92e-02     7s
  32   1.12262985e+06  1.12100657e+06  4.26e-03 1.28e-11  1.20e-02     7s
  33   1.12210044e+06  1.12140357e+06  1.72e-03 1.17e-11  5.14e-03     7s
  34   1.12192989e+06  1.12151107e+06  9.99e-04 1.50e-11  3.08e-03     7s
  35   1.12192526e+06  1.12154519e+06  9.72e-04 1.54e-11  2.81e-03     7s
  36   1.12179710e+06  1.12160222e+06  4.62e-04 1.40e-11  1.43e-03     7s
  37   1.12176411e+06  1.12163777e+06  3.36e-04 1.41e-11  9.36e-04     7s
  38   1.12169740e+06  1.12166219e+06  9.60e-05 1.37e-11  2.61e-04     8s
  39   1.12168490e+06  1.12166904e+06  5.14e-05 1.07e-11  1.19e-04     8s
  40   1.12167174e+06  1.12166958e+06  5.44e-06 1.27e-11  1.58e-05     8s
  41   1.12167105e+06  1.12167005e+06  3.09e-06 2.27e-11  7.42e-06     8s
  42   1.12167024e+06  1.12167008e+06  1.18e-06 1.37e-11  1.19e-06     8s
  43   1.12167010e+06  1.12167010e+06  7.33e-08 1.36e-11  2.04e-08     8s
  44   1.12167010e+06  1.12167010e+06  2.64e-09 1.45e-11  1.90e-12     8s

Barrier solved model in 44 iterations and 7.88 seconds (13.94 work units)
Optimal objective 1.12167010e+06


Root crossover log...

   48598 DPushes remaining with DInf 2.1929920e-01                 8s
       0 DPushes remaining with DInf 1.4681989e+01                 8s

      71 PPushes remaining with PInf 1.2781350e-03                 8s
       0 PPushes remaining with PInf 0.0000000e+00                 8s

  Push phase complete: Pinf 0.0000000e+00, Dinf 9.7741061e+01      8s


Root simplex log...

Iteration    Objective       Primal Inf.    Dual Inf.      Time
   30552    1.1216701e+06   0.000000e+00   9.774106e+01      8s
   30596    1.1216701e+06   0.000000e+00   0.000000e+00      8s
Crossover time: 0.46 seconds (0.64 work units)
Concurrent spin time: 0.33s

Solved with barrier
   30597    1.1216701e+06   0.000000e+00   0.000000e+00      9s

Extra simplex iterations after uncrush: 1

Root relaxation: objective 1.121670e+06, 30597 iterations, 4.74 seconds (6.86 work units)

    Nodes    |    Current Node    |     Objective Bounds      |     Work
 Expl Unexpl |  Obj  Depth IntInf | Incumbent    BestBd   Gap | It/Node Time

     0     0 1121670.10    0  314          - 1121670.10      -     -    9s
     0     0 1121686.89    0  310          - 1121686.89      -     -    9s
     0     0 1121687.07    0  314          - 1121687.07      -     -    9s
     0     0 1122537.21    0  301          - 1122537.21      -     -   14s
     0     0 1122538.00    0  304          - 1122538.00      -     -   14s
     0     0 1122551.73    0  304          - 1122551.73      -     -   15s
     0     0 1122551.90    0  303          - 1122551.90      -     -   15s
H    0     0                    4448103.0673 1122551.90  74.8%     -   16s
H    0     0                    2281517.3105 1124924.40  50.7%     -   17s
H    0     0                    2249588.3587 1124924.40  50.0%     -   17s
     0     0 1124924.40    0  345 2249588.36 1124924.40  50.0%     -   18s
H    0     0                    2136451.7718 1124939.87  47.3%     -   19s
H    0     0                    2054376.8131 1124939.87  45.2%     -   19s
H    0     0                    2051599.9349 1124939.87  45.2%     -   23s
H    0     0                    2050166.9643 1124939.87  45.1%     -   24s
H    0     0                    2039797.2610 1124939.87  44.9%     -   26s
H    0     0                    2039609.5967 1124939.87  44.8%     -   30s
H    0     0                    2032861.3633 1124939.87  44.7%     -   36s
H    0     0                    2023344.5148 1124939.87  44.4%     -   38s
H    0     0                    2021267.4712 1124939.87  44.3%     -   38s
H    0     0                    2020593.2249 1124939.87  44.3%     -   42s
H    0     0                    2020114.1867 1124939.87  44.3%     -   42s
H    0     0                    1919015.5400 1126021.07  41.3%     -   45s
H    0     0                    1900092.7242 1126021.07  40.7%     -   45s
H    0     0                    1889119.1901 1126021.07  40.4%     -   45s
H    0     0                    1870834.4681 1126021.07  39.8%     -   45s
H    0     0                    1844350.0899 1126021.07  38.9%     -   45s
H    0     0                    1840206.4483 1126021.07  38.8%     -   45s
H    0     0                    1833275.8708 1126021.07  38.6%     -   45s
H    0     0                    1831312.3442 1126021.07  38.5%     -   45s
H    0     0                    1831164.4291 1126021.07  38.5%     -   45s
H    0     0                    1828398.6308 1126021.07  38.4%     -   45s
H    0     0                    1826079.0234 1126021.07  38.3%     -   45s
H    0     0                    1817629.9310 1126021.07  38.1%     -   45s
H    0     0                    1817250.7570 1126021.07  38.0%     -   45s
H    0     0                    1816829.5442 1126021.07  38.0%     -   45s
H    0     0                    1812541.7918 1126021.07  37.9%     -   45s
H    0     0                    1803360.6579 1126021.07  37.6%     -   45s
H    0     0                    1798552.6025 1126021.07  37.4%     -   45s
H    0     0                    1791964.8736 1126021.07  37.2%     -   45s
H    0     0                    1783528.0486 1126021.07  36.9%     -   45s
H    0     0                    1705211.4716 1126021.07  34.0%     -   45s
H    0     0                    1685714.2613 1126021.07  33.2%     -   45s
H    0     0                    1676009.5716 1126021.07  32.8%     -   45s
H    0     0                    1672275.8260 1126021.07  32.7%     -   45s
H    0     0                    1671873.0950 1126021.07  32.6%     -   45s
H    0     0                    1670517.6993 1126021.07  32.6%     -   45s
H    0     0                    1669692.9909 1126021.07  32.6%     -   45s
H    0     0                    1669381.8518 1126021.07  32.5%     -   45s
H    0     0                    1668868.2059 1126021.07  32.5%     -   45s
H    0     0                    1650531.5433 1126021.07  31.8%     -   45s
     0     0 1133206.70    0  326 1650531.54 1133206.70  31.3%     -   45s
     0     0 1133206.70    0  336 1650531.54 1133206.70  31.3%     -   46s
     0     0 1134579.23    0  229 1650531.54 1134579.23  31.3%     -   49s
H    0     0                    1648101.8622 1134617.01  31.2%     -   50s
H    0     0                    1629821.7658 1134617.01  30.4%     -   51s
H    0     0                    1629712.2735 1134617.01  30.4%     -   52s
H    0     0                    1629554.8997 1134617.01  30.4%     -   53s
H    0     0                    1619448.2681 1134617.01  29.9%     -   53s
H    0     0                    1619341.0495 1134617.01  29.9%     -   53s
H    0     0                    1613709.7962 1134617.01  29.7%     -   53s
H    0     0                    1612717.5296 1134617.01  29.6%     -   53s
H    0     0                    1609434.0425 1134617.01  29.5%     -   53s
H    0     0                    1607038.3086 1134617.01  29.4%     -   53s
H    0     0                    1602405.0044 1134617.01  29.2%     -   53s
H    0     0                    1601973.0334 1134617.01  29.2%     -   53s
     0     0 1134978.51    0  238 1601973.03 1134978.51  29.2%     -   53s
     0     0 1134991.29    0  258 1601973.03 1134991.29  29.2%     -   54s
     0     0 1134992.75    0  263 1601973.03 1134992.75  29.2%     -   54s
     0     0 1151813.14    0  412 1601973.03 1151813.14  28.1%     -   61s
     0     0 1151813.44    0  416 1601973.03 1151813.44  28.1%     -   61s
     0     0 1153024.96    0  358 1601973.03 1153024.96  28.0%     -   62s
     0     0 1153935.39    0  381 1601973.03 1153935.39  28.0%     -   63s
     0     0 1154246.58    0  374 1601973.03 1154246.58  27.9%     -   63s
     0     0 1154271.61    0  370 1601973.03 1154271.61  27.9%     -   63s
     0     0 1154271.73    0  376 1601973.03 1154271.73  27.9%     -   63s
     0     0 1158657.39    0  409 1601973.03 1158657.39  27.7%     -   66s
H    0     0                    1601308.1405 1158657.88  27.6%     -   67s
H    0     0                    1600684.0124 1158657.88  27.6%     -   67s
H    0     0                    1600179.6663 1158657.88  27.6%     -   68s
     0     0 1159051.36    0  471 1600179.67 1159051.36  27.6%     -   68s
     0     0 1159245.87    0  441 1600179.67 1159245.87  27.6%     -   69s
     0     0 1159257.95    0  436 1600179.67 1159257.95  27.6%     -   69s
     0     0 1159263.76    0  430 1600179.67 1159263.76  27.6%     -   70s
     0     0 1163640.62    0  424 1600179.67 1163640.62  27.3%     -   73s
     0     0 1163640.62    0  439 1600179.67 1163640.62  27.3%     -   73s
     0     0 1164574.54    0  527 1600179.67 1164574.54  27.2%     -   74s
     0     0 1164747.88    0  433 1600179.67 1164747.88  27.2%     -   75s
     0     0 1164789.77    0  436 1600179.67 1164789.77  27.2%     -   75s
     0     0 1164842.43    0  425 1600179.67 1164842.43  27.2%     -   75s
     0     0 1164842.48    0  429 1600179.67 1164842.48  27.2%     -   75s
     0     0 1169979.56    0  586 1600179.67 1169979.56  26.9%     -   78s
H    0     0                    1596995.1410 1169979.58  26.7%     -   79s
H    0     0                    1596565.9096 1169979.58  26.7%     -   79s
H    0     0                    1596316.2291 1169979.58  26.7%     -   79s
     0     0 1170216.24    0  597 1596316.23 1170216.24  26.7%     -   80s
     0     0 1170221.12    0  566 1596316.23 1170221.12  26.7%     -   80s
     0     0 1172899.22    0  523 1596316.23 1172899.22  26.5%     -   83s
     0     0 1173707.59    0  564 1596316.23 1173707.59  26.5%     -   84s
     0     0 1174069.62    0  544 1596316.23 1174069.62  26.5%     -   85s
     0     0 1174139.24    0  589 1596316.23 1174139.24  26.4%     -   85s
     0     0 1174158.56    0  548 1596316.23 1174158.56  26.4%     -   86s
     0     0 1174161.01    0  563 1596316.23 1174161.01  26.4%     -   86s
H    0     0                    1583754.5156 1181463.34  25.4%     -   89s
H    0     0                    1576764.9889 1181463.34  25.1%     -   89s
H    0     0                    1571405.3394 1181463.34  24.8%     -   89s
     0     0 1181463.34    0  581 1571405.34 1181463.34  24.8%     -   89s
H    0     0                    1567889.6904 1181499.59  24.6%     -   90s
H    0     0                    1567653.0542 1181499.59  24.6%     -   90s
H    0     0                    1565934.3486 1181499.59  24.5%     -   91s
H    0     0                    1561024.8849 1181499.59  24.3%     -   91s
H    0     0                    1537339.0908 1181499.59  23.1%     -   92s
H    0     0                    1534732.7574 1181499.59  23.0%     -   93s
H    0     0                    1531950.7165 1181499.59  22.9%     -   97s
H    0     0                    1531699.5184 1181499.59  22.9%     -   97s
H    0     0                    1531466.5337 1181499.59  22.9%     -  100s
     0     0 1182434.88    0  574 1531466.53 1182434.88  22.8%     -  102s
     0     0 1182643.67    0  651 1531466.53 1182643.67  22.8%     -  103s
     0     0 1182718.08    0  634 1531466.53 1182718.08  22.8%     -  103s
     0     0 1182725.29    0  640 1531466.53 1182725.29  22.8%     -  103s
     0     0 1188839.41    0  624 1531466.53 1188839.41  22.4%     -  108s
     0     0 1188839.41    0  623 1531466.53 1188839.41  22.4%     -  108s
     0     0 1190574.38    0  570 1531466.53 1190574.38  22.3%     -  110s
     0     0 1190684.19    0  555 1531466.53 1190684.19  22.3%     -  111s
     0     0 1190770.72    0  626 1531466.53 1190770.72  22.2%     -  113s
     0     0 1190793.09    0  641 1531466.53 1190793.09  22.2%     -  113s
     0     0 1190801.60    0  636 1531466.53 1190801.60  22.2%     -  114s
     0     0 1193282.22    0  680 1531466.53 1193282.22  22.1%     -  118s
H    0     0                    1521952.6141 1193296.04  21.6%     -  119s
H    0     0                    1518670.2961 1193296.04  21.4%     -  119s
H    0     0                    1516131.0510 1193296.04  21.3%     -  119s
H    0     0                    1513540.2366 1193296.04  21.2%     -  119s

Cutting planes:
  Learned: 11
  Gomory: 42
  Cover: 180
  Implied bound: 291
  Clique: 121
  MIR: 434
  Knapsack: 4
  StrongCG: 140
  Flow cover: 158
  GUB cover: 48
  Mod-K: 1
  Network: 4
  RLT: 415
  Relax-and-lift: 60
  BQP: 68
  PSD: 1

Explored 1 nodes (72057 simplex iterations) in 120.08 seconds (147.92 work units)
Thread count was 24 (of 24 available processors)

Solution count 10: 1.51354e+06 1.51613e+06 1.51867e+06 ... 1.56102e+06

Time limit reached
Best objective 1.513540236607e+06, best bound 1.193296042032e+06, gap 21.1586%
