
Gurobi 13.0.2 (linux64, Python) logging started Wed Jun  3 23:51:12 2026

Set parameter LogToConsole to value 0
Set parameter Username
Set parameter LicenseID to value 2748191
Set parameter TimeLimit to value 600
Set parameter LogFile to value "output/bz_nbr7008_043/period_5/gurobi.log"
Academic license - for non-commercial use only - expires 2026-12-01
Gurobi Optimizer version 13.0.2 build v13.0.2rc1 (linux64 - "Debian GNU/Linux 13 (trixie)")

CPU model: 13th Gen Intel(R) Core(TM) i7-13700HX, instruction set [SSE2|AVX|AVX2]
Thread count: 24 physical cores, 24 logical processors, using up to 24 threads

Non-default parameters:
TimeLimit  600
LogToConsole  0

Optimize a model with 202960 rows, 135965 columns and 710433 nonzeros (Min)
Model fingerprint: 0x9f0bda45
Model has 54410 linear objective coefficients and an objective constant of 260618.9837352
Variable types: 112044 continuous, 23921 integer (23921 binary)
Coefficient statistics:
  Matrix range     [3e-03, 1e+04]
  Objective range  [2e+01, 3e+05]
  Bounds range     [1e+00, 1e+00]
  RHS range        [1e-01, 5e+04]

Presolve removed 121462 rows and 84364 columns
Presolve time: 4.60s
Presolved: 81498 rows, 51601 columns, 815468 nonzeros
Variable types: 33769 continuous, 17832 integer (17786 binary)
Deterministic concurrent LP optimizer: primal simplex, dual simplex, and barrier
Showing barrier log only...

Root barrier log...

Ordering time: 0.40s

Barrier statistics:
 Dense cols : 24
 AA' NZ     : 7.128e+06
 Factor NZ  : 1.216e+07 (roughly 140 MB of memory)
 Factor Ops : 3.447e+09 (less than 1 second per iteration)
 Threads    : 21

                  Objective                Residual
Iter       Primal          Dual         Primal    Dual     Compl     Time
   0  -4.01372715e+09 -1.30197813e+10  3.28e+06 1.41e+02  4.14e+06     6s
   1  -2.25681992e+09 -1.20845426e+10  2.13e+06 3.15e+02  2.36e+06     6s
   2  -7.58015202e+08 -1.03990072e+10  6.51e+05 7.34e+01  7.58e+05     6s
   3  -2.26424503e+08 -5.48432672e+09  1.99e+05 4.58e+00  2.34e+05     6s
   4  -1.03198639e+07 -1.54945365e+09  2.08e+04 1.09e-10  2.88e+04     6s
   5   1.23579051e+07 -8.12052672e+08  3.45e+03 1.44e-10  8.47e+03     6s
   6   1.52517115e+07 -1.50934105e+08  1.18e+03 8.82e-11  1.73e+03     7s
   7   1.55681455e+07 -5.03164300e+07  8.13e+02 3.27e-11  7.40e+02     7s
   8   1.38161269e+07 -2.92163761e+07  4.50e+02 2.32e-11  4.36e+02     7s
   9   1.06359719e+07 -1.85919588e+07  1.94e+02 1.50e-11  2.57e+02     7s
  10   8.32139503e+06 -1.32065879e+07  1.34e+02 1.35e-11  1.85e+02     7s
  11   6.09728857e+06 -7.22426310e+06  7.85e+01 1.26e-11  1.12e+02     7s
  12   3.20908398e+06 -3.53319210e+06  3.21e+01 1.92e-11  5.48e+01     7s
  13   2.77429714e+06 -2.43715881e+06  2.49e+01 1.27e-11  4.25e+01     7s
  14   2.35491032e+06 -1.44944786e+06  1.79e+01 9.78e-12  3.12e+01     7s
  15   2.04286934e+06 -2.66715919e+05  1.28e+01 1.49e-11  1.97e+01     7s
  16   1.59912634e+06  1.59494847e+05  6.08e+00 2.83e-11  1.18e+01     7s
  17   1.42036617e+06  4.47950269e+05  3.58e+00 2.52e-11  7.80e+00     7s
  18   1.33095395e+06  7.83177155e+05  2.27e+00 2.78e-11  4.45e+00     7s
  19   1.30257415e+06  9.56136688e+05  1.82e+00 2.47e-11  2.90e+00     7s
  20   1.25415154e+06  1.05591680e+06  1.15e+00 1.20e-11  1.68e+00     7s
  21   1.19668331e+06  1.10819845e+06  3.44e-01 1.26e-11  7.06e-01     7s
  22   1.19004820e+06  1.11734929e+06  2.75e-01 1.46e-11  5.78e-01     8s
  23   1.18745173e+06  1.13035677e+06  2.45e-01 1.37e-11  4.60e-01     8s
  24   1.18621184e+06  1.13352769e+06  2.32e-01 1.45e-11  4.25e-01     8s
  25   1.17810695e+06  1.14996834e+06  1.39e-01 1.64e-11  2.30e-01     8s
  26   1.17331126e+06  1.15794462e+06  9.15e-02 1.11e-11  1.29e-01     8s
  27   1.16907589e+06  1.15960631e+06  5.42e-02 1.86e-11  7.90e-02     8s
  28   1.16690198e+06  1.16105358e+06  3.53e-02 1.50e-11  4.92e-02     8s
  29   1.16539735e+06  1.16135744e+06  2.33e-02 1.46e-11  3.38e-02     8s
  30   1.16468744e+06  1.16183350e+06  1.73e-02 1.30e-11  2.41e-02     8s
  31   1.16388166e+06  1.16198146e+06  1.07e-02 1.08e-11  1.58e-02     8s
  32   1.16339257e+06  1.16230599e+06  6.68e-03 1.82e-11  9.19e-03     8s
  33   1.16289778e+06  1.16241791e+06  2.75e-03 1.61e-11  4.02e-03     8s
  34   1.16283552e+06  1.16243506e+06  2.27e-03 1.45e-11  3.35e-03     8s
  35   1.16279495e+06  1.16246386e+06  1.96e-03 1.53e-11  2.79e-03     8s
  36   1.16273020e+06  1.16249405e+06  1.48e-03 1.37e-11  2.01e-03     8s
  37   1.16267763e+06  1.16250386e+06  1.09e-03 1.49e-11  1.48e-03     9s
  38   1.16263760e+06  1.16250862e+06  7.89e-04 1.46e-11  1.09e-03     9s
  39   1.16260975e+06  1.16252408e+06  5.85e-04 1.97e-11  7.37e-04     9s
  40   1.16255660e+06  1.16252798e+06  1.76e-04 1.66e-11  2.42e-04     9s
  41   1.16253986e+06  1.16253168e+06  4.72e-05 1.85e-11  6.80e-05     9s
  42   1.16253603e+06  1.16253209e+06  2.19e-05 1.88e-11  3.26e-05     9s
  43   1.16253315e+06  1.16253226e+06  4.19e-06 1.80e-11  7.17e-06     9s
  44   1.16253237e+06  1.16253234e+06  1.68e-06 2.18e-11  2.45e-07     9s
  45   1.16253235e+06  1.16253235e+06  2.77e-09 2.36e-11  2.70e-10     9s

Barrier solved model in 45 iterations and 9.04 seconds (13.91 work units)
Optimal objective 1.16253235e+06


Root crossover log...

   45282 DPushes remaining with DInf 4.5643226e-01                 9s
       0 DPushes remaining with DInf 2.0336703e-01                 9s

      42 PPushes remaining with PInf 2.5283059e-02                 9s
       0 PPushes remaining with PInf 0.0000000e+00                 9s

  Push phase complete: Pinf 0.0000000e+00, Dinf 5.8503263e+00      9s


Root simplex log...

Iteration    Objective       Primal Inf.    Dual Inf.      Time
   28519    1.1625323e+06   0.000000e+00   5.850326e+00      9s
   28595    1.1625323e+06   0.000000e+00   0.000000e+00      9s
Crossover time: 0.31 seconds (0.43 work units)
Concurrent spin time: 0.83s (can be avoided by choosing Method=3)

Solved with barrier
   28598    1.1625323e+06   0.000000e+00   0.000000e+00     10s

Extra simplex iterations after uncrush: 3

Root relaxation: objective 1.162532e+06, 28598 iterations, 5.36 seconds (6.71 work units)

    Nodes    |    Current Node    |     Objective Bounds      |     Work
 Expl Unexpl |  Obj  Depth IntInf | Incumbent    BestBd   Gap | It/Node Time

     0     0 1162532.35    0  315          - 1162532.35      -     -   10s
     0     0 1162624.26    0  297          - 1162624.26      -     -   11s
H    0     0                    3907789.3955 1162624.26  70.2%     -   12s
H    0     0                    3907788.7350 1162624.26  70.2%     -   13s
H    0     0                    3907690.1199 1162624.26  70.2%     -   13s
H    0     0                    3907176.3735 1162624.26  70.2%     -   13s
H    0     0                    3907160.1151 1162624.26  70.2%     -   13s
H    0     0                    3907153.3683 1162624.26  70.2%     -   13s
H    0     0                    3907030.8196 1162624.26  70.2%     -   13s
H    0     0                    3329098.4049 1162624.26  65.1%     -   13s
H    0     0                    3221594.2623 1162624.26  63.9%     -   13s
H    0     0                    2941458.3677 1162624.26  60.5%     -   13s
H    0     0                    2928289.9682 1162624.26  60.3%     -   13s
H    0     0                    2697950.5118 1162624.26  56.9%     -   13s
H    0     0                    2690660.4751 1162624.26  56.8%     -   14s
H    0     0                    2690634.1840 1162624.26  56.8%     -   14s
H    0     0                    2689130.4194 1162624.26  56.8%     -   15s
H    0     0                    2689121.5418 1162624.26  56.8%     -   16s
H    0     0                    2606012.2811 1162624.26  55.4%     -   16s
H    0     0                    2586408.3942 1162624.26  55.0%     -   16s
H    0     0                    2565083.1876 1162624.26  54.7%     -   16s
H    0     0                    2565038.7108 1162624.26  54.7%     -   16s
H    0     0                    2564969.2735 1162624.26  54.7%     -   16s
H    0     0                    2564610.0938 1162624.26  54.7%     -   16s
H    0     0                    2564601.2162 1162624.26  54.7%     -   17s
H    0     0                    2564404.8386 1162624.26  54.7%     -   17s
H    0     0                    2564326.1000 1162624.26  54.7%     -   17s
H    0     0                    2564317.2225 1162624.26  54.7%     -   17s
H    0     0                    2515568.7117 1162636.24  53.8%     -   20s
H    0     0                    2512100.7415 1162636.24  53.7%     -   20s
H    0     0                    2262444.5356 1162636.24  48.6%     -   20s
H    0     0                    2261991.9056 1162636.24  48.6%     -   20s
H    0     0                    2261788.5277 1162636.24  48.6%     -   20s
H    0     0                    2253249.3373 1162636.24  48.4%     -   20s
H    0     0                    2200691.7021 1167426.57  47.0%     -   21s
H    0     0                    2195042.1157 1167426.57  46.8%     -   21s
H    0     0                    2163080.0859 1167426.57  46.0%     -   21s
H    0     0                    2160838.5500 1167426.57  46.0%     -   21s
     0     0 1167426.57    0  236 2160838.55 1167426.57  46.0%     -   22s
     0     0 1167452.97    0  239 2160838.55 1167452.97  46.0%     -   22s
H    0     0                    2160058.1457 1167459.96  46.0%     -   23s
H    0     0                    2081619.3037 1167459.96  43.9%     -   23s
H    0     0                    2071665.6590 1167459.96  43.6%     -   23s
H    0     0                    2067275.1740 1167459.96  43.5%     -   23s
H    0     0                    2060534.7326 1167459.96  43.3%     -   23s
H    0     0                    2055030.1962 1167459.96  43.2%     -   23s
H    0     0                    2054360.6575 1167459.96  43.2%     -   23s
H    0     0                    2051538.4491 1167459.96  43.1%     -   23s
H    0     0                    2051447.2436 1167459.96  43.1%     -   24s
H    0     0                    2050232.5695 1167459.96  43.1%     -   24s
     0     0 1167619.09    0  235 2050232.57 1167619.09  43.0%     -   24s
     0     0 1170129.61    0  252 2050232.57 1170129.61  42.9%     -   25s
     0     0 1170134.15    0  280 2050232.57 1170134.15  42.9%     -   26s
     0     0 1170134.21    0  280 2050232.57 1170134.21  42.9%     -   26s
H    0     0                    2045442.3837 1170134.21  42.8%     -   28s
H    0     0                    2043776.4086 1170134.21  42.7%     -   28s
     0     0 1184900.72    0  447 2043776.41 1184900.72  42.0%     -   31s
     0     0 1184934.18    0  431 2043776.41 1184934.18  42.0%     -   32s
H    0     0                    2024602.9537 1184934.31  41.5%     -   33s
H    0     0                    2005589.8271 1184934.31  40.9%     -   33s
H    0     0                    2004889.2156 1184934.31  40.9%     -   33s
     0     0 1185214.24    0  352 2004889.22 1185214.24  40.9%     -   33s
     0     0 1185244.45    0  345 2004889.22 1185244.45  40.9%     -   33s
     0     0 1185245.46    0  350 2004889.22 1185245.46  40.9%     -   34s
H    0     0                    1997164.3603 1185245.46  40.7%     -   36s
H    0     0                    1982132.6384 1185245.46  40.2%     -   36s
H    0     0                    1969840.8788 1185245.46  39.8%     -   36s
H    0     0                    1922596.9995 1185245.46  38.4%     -   36s
H    0     0                    1922033.1151 1185245.46  38.3%     -   36s
H    0     0                    1919991.2369 1185245.46  38.3%     -   36s
H    0     0                    1918903.2878 1185245.46  38.2%     -   36s
H    0     0                    1918159.1174 1185245.46  38.2%     -   36s
H    0     0                    1917460.2708 1185245.46  38.2%     -   36s
     0     0 1207483.50    0  433 1917460.27 1207483.50  37.0%     -   39s
     0     0 1207575.21    0  428 1917460.27 1207575.21  37.0%     -   39s
     0     0 1210500.49    0  454 1917460.27 1210500.49  36.9%     -   40s
     0     0 1212218.45    0  407 1917460.27 1212218.45  36.8%     -   40s
     0     0 1212784.61    0  445 1917460.27 1212784.61  36.8%     -   41s
     0     0 1212810.39    0  449 1917460.27 1212810.39  36.7%     -   41s
H    0     0                    1901188.9364 1212811.91  36.2%     -   41s
H    0     0                    1899897.2241 1212811.91  36.2%     -   41s
     0     0 1212811.91    0  450 1899897.22 1212811.91  36.2%     -   41s
H    0     0                    1885722.1672 1212811.91  35.7%     -   41s
H    0     0                    1883959.5592 1212811.91  35.6%     -   41s
H    0     0                    1883191.2012 1212811.91  35.6%     -   41s
H    0     0                    1883023.2994 1212811.91  35.6%     -   41s
H    0     0                    1881120.6201 1212811.91  35.5%     -   41s
     0     0 1238898.22    0  414 1881120.62 1238898.22  34.1%     -   43s
H    0     0                    1873688.7185 1240202.72  33.8%     -   43s
H    0     0                    1781203.0249 1240202.72  30.4%     -   44s
     0     0 1242407.45    0  458 1781203.02 1242407.45  30.2%     -   45s
     0     0 1243342.86    0  442 1781203.02 1243342.86  30.2%     -   45s
     0     0 1243628.23    0  448 1781203.02 1243628.23  30.2%     -   45s
     0     0 1243672.58    0  454 1781203.02 1243672.58  30.2%     -   45s
     0     0 1243673.30    0  456 1781203.02 1243673.30  30.2%     -   46s
     0     0 1256917.30    0  474 1781203.02 1256917.30  29.4%     -   48s
     0     0 1257595.07    0  480 1781203.02 1257595.07  29.4%     -   50s
     0     0 1257752.29    0  501 1781203.02 1257752.29  29.4%     -   50s
     0     0 1257804.45    0  495 1781203.02 1257804.45  29.4%     -   50s
     0     0 1257804.86    0  496 1781203.02 1257804.86  29.4%     -   50s
     0     0 1263898.04    0  475 1781203.02 1263898.04  29.0%     -   52s
H    0     0                    1778323.8832 1264218.50  28.9%     -   52s
H    0     0                    1776547.6551 1264218.50  28.8%     -   53s
H    0     0                    1776120.8004 1264218.50  28.8%     -   53s
H    0     0                    1773704.3203 1264218.50  28.7%     -   53s
H    0     0                    1773697.9584 1264218.50  28.7%     -   53s
H    0     0                    1767146.8462 1264218.50  28.5%     -   53s
H    0     0                    1756922.6818 1264218.50  28.0%     -   53s
H    0     0                    1756148.5223 1264218.50  28.0%     -   53s
     0     0 1265044.76    0  477 1756148.52 1265044.76  28.0%     -   53s
     0     0 1265261.67    0  496 1756148.52 1265261.67  28.0%     -   54s
     0     0 1265265.50    0  499 1756148.52 1265265.50  28.0%     -   54s
     0     0 1269488.75    0  538 1756148.52 1269488.75  27.7%     -   56s
     0     0 1270326.12    0  590 1756148.52 1270326.12  27.7%     -   57s
     0     0 1270664.51    0  533 1756148.52 1270664.51  27.6%     -   57s
     0     0 1270672.03    0  537 1756148.52 1270672.03  27.6%     -   57s
H    0     0                    1745731.4211 1275067.93  27.0%     -   59s
H    0     0                    1744536.3417 1275067.93  26.9%     -   59s
H    0     0                    1744514.9181 1275067.93  26.9%     -   59s
     0     0 1275067.93    0  477 1744514.92 1275067.93  26.9%     -   59s
H    0     0                    1744376.4813 1275343.32  26.9%     -   67s
     0     0 1275343.32    0  469 1744376.48 1275343.32  26.9%     -   67s
     0     0 1276126.94    0  508 1744376.48 1276126.94  26.8%     -   68s
     0     0 1276354.62    0  514 1744376.48 1276354.62  26.8%     -   68s
     0     0 1276539.98    0  509 1744376.48 1276539.98  26.8%     -   69s
     0     0 1276574.12    0  522 1744376.48 1276574.12  26.8%     -   70s
     0     0 1276578.84    0  515 1744376.48 1276578.84  26.8%     -   70s
     0     0 1286116.94    0  595 1744376.48 1286116.94  26.3%     -   71s
     0     0 1286325.81    0  554 1744376.48 1286325.81  26.3%     -   73s
     0     0 1286407.45    0  572 1744376.48 1286407.45  26.3%     -   74s
     0     0 1286449.52    0  585 1744376.48 1286449.52  26.3%     -   74s
     0     0 1286486.85    0  637 1744376.48 1286486.85  26.2%     -   74s
     0     0 1286516.70    0  628 1744376.48 1286516.70  26.2%     -   74s
     0     0 1286523.79    0  619 1744376.48 1286523.79  26.2%     -   74s
H    0     0                    1743092.1716 1291945.74  25.9%     -   76s
H    0     0                    1734672.5674 1291945.74  25.5%     -   76s
     0     0 1291945.74    0  631 1734672.57 1291945.74  25.5%     -   76s
     0     0 1292484.12    0  590 1734672.57 1292484.12  25.5%     -   78s
     0     0 1292628.76    0  605 1734672.57 1292628.76  25.5%     -   78s
     0     0 1292681.15    0  557 1734672.57 1292681.15  25.5%     -   79s
     0     0 1292702.53    0  632 1734672.57 1292702.53  25.5%     -   79s
     0     0 1294158.74    0  559 1734672.57 1294158.74  25.4%     -   81s
     0     0 1295069.35    0  588 1734672.57 1295069.35  25.3%     -   82s
     0     0 1295338.58    0  540 1734672.57 1295338.58  25.3%     -   82s
     0     0 1295381.88    0  530 1734672.57 1295381.88  25.3%     -   82s
     0     0 1295395.03    0  535 1734672.57 1295395.03  25.3%     -   82s
     0     0 1296385.75    0  542 1734672.57 1296385.75  25.3%     -   83s
     0     0 1296495.32    0  536 1734672.57 1296495.32  25.3%     -   85s
     0     0 1296501.56    0  571 1734672.57 1296501.56  25.3%     -   85s
     0     0 1297087.55    0  591 1734672.57 1297087.55  25.2%     -   86s
     0     0 1297238.19    0  566 1734672.57 1297238.19  25.2%     -   87s
H    0     0                    1734586.4423 1297379.87  25.2%     -   87s
     0     0 1297379.87    0  587 1734586.44 1297379.87  25.2%     -   87s
     0     0 1297414.78    0  590 1734586.44 1297414.78  25.2%     -   87s
     0     0 1297420.50    0  617 1734586.44 1297420.50  25.2%     -   87s
     0     0 1298063.82    0  576 1734586.44 1298063.82  25.2%     -   89s
     0     0 1298101.01    0  554 1734586.44 1298101.01  25.2%     -   90s
     0     0 1298112.14    0  523 1734586.44 1298112.14  25.2%     -   90s
     0     0 1298616.97    0  547 1734586.44 1298616.97  25.1%     -   92s
     0     0 1298861.03    0  546 1734586.44 1298861.03  25.1%     -   96s
     0     0 1298917.88    0  529 1734586.44 1298917.88  25.1%     -   96s
     0     0 1298943.11    0  536 1734586.44 1298943.11  25.1%     -   96s
     0     0 1299799.09    0  630 1734586.44 1299799.09  25.1%     -   98s
H    0     0                    1733172.9925 1300035.79  25.0%     -   99s
     0     0 1300035.79    0  627 1733172.99 1300035.79  25.0%     -   99s
     0     0 1300059.69    0  622 1733172.99 1300059.69  25.0%     -   99s
     0     0 1300591.38    0  565 1733172.99 1300591.38  25.0%     -  100s
     0     0 1300809.02    0  545 1733172.99 1300809.02  24.9%     -  101s
     0     0 1300852.33    0  586 1733172.99 1300852.33  24.9%     -  101s
     0     0 1300864.74    0  559 1733172.99 1300864.74  24.9%     -  101s
     0     0 1301159.05    0  585 1733172.99 1301159.05  24.9%     -  102s
H    0     0                    1732870.6364 1301159.11  24.9%     -  103s
H    0     0                    1717684.2971 1301159.11  24.2%     -  105s
H    0     0                    1717019.4773 1301159.11  24.2%     -  105s
     0     0 1301459.15    0  582 1717019.48 1301459.15  24.2%     -  106s
     0     0 1301482.02    0  592 1717019.48 1301482.02  24.2%     -  106s
     0     0 1301891.67    0  640 1717019.48 1301891.67  24.2%     -  108s
     0     0 1301910.02    0  615 1717019.48 1301910.02  24.2%     -  109s
     0     0 1302810.07    0  583 1717019.48 1302810.07  24.1%     -  110s
     0     0 1303029.06    0  605 1717019.48 1303029.06  24.1%     -  112s
     0     0 1303115.03    0  608 1717019.48 1303115.03  24.1%     -  112s
     0     0 1303259.77    0  582 1717019.48 1303259.77  24.1%     -  112s
     0     0 1303303.31    0  574 1717019.48 1303303.31  24.1%     -  113s
     0     0 1303319.94    0  561 1717019.48 1303319.94  24.1%     -  113s
     0     0 1303909.20    0  538 1717019.48 1303909.20  24.1%     -  114s
     0     0 1304003.28    0  576 1717019.48 1304003.28  24.1%     -  115s
     0     0 1304037.95    0  629 1717019.48 1304037.95  24.1%     -  115s
     0     0 1304039.04    0  614 1717019.48 1304039.04  24.1%     -  115s
     0     0 1304931.32    0  545 1717019.48 1304931.32  24.0%     -  116s
H    0     0                    1716019.0375 1305185.48  23.9%     -  117s
H    0     0                    1674936.2470 1305185.48  22.1%     -  117s
H    0     0                    1674373.1681 1305185.48  22.0%     -  118s
H    0     0                    1672717.3740 1305185.48  22.0%     -  118s
     0     0 1305185.48    0  534 1672717.37 1305185.48  22.0%     -  118s
     0     0 1305407.60    0  555 1672717.37 1305407.60  22.0%     -  118s
     0     0 1305540.68    0  546 1672717.37 1305540.68  22.0%     -  118s
     0     0 1305703.97    0  579 1672717.37 1305703.97  21.9%     -  119s
     0     0 1305762.01    0  541 1672717.37 1305762.01  21.9%     -  119s
     0     0 1305780.45    0  595 1672717.37 1305780.45  21.9%     -  119s
     0     0 1307034.78    0  472 1672717.37 1307034.78  21.9%     -  120s
     0     0 1307168.18    0  518 1672717.37 1307168.18  21.9%     -  121s
     0     0 1307270.67    0  577 1672717.37 1307270.67  21.8%     -  122s
     0     0 1307354.97    0  567 1672717.37 1307354.97  21.8%     -  122s
     0     0 1307414.25    0  545 1672717.37 1307414.25  21.8%     -  122s
     0     0 1307491.18    0  583 1672717.37 1307491.18  21.8%     -  123s
     0     0 1307521.67    0  567 1672717.37 1307521.67  21.8%     -  123s
     0     0 1307558.69    0  606 1672717.37 1307558.69  21.8%     -  123s
     0     0 1307561.08    0  600 1672717.37 1307561.08  21.8%     -  123s
     0     0 1309922.89    0  490 1672717.37 1309922.89  21.7%     -  125s
H    0     0                    1659129.1439 1309927.33  21.0%     -  126s
     0     0 1311413.55    0  439 1659129.14 1311413.55  21.0%     -  127s
     0     0 1311971.09    0  494 1659129.14 1311971.09  20.9%     -  127s
     0     0 1312035.59    0  496 1659129.14 1312035.59  20.9%     -  128s
     0     0 1312066.92    0  477 1659129.14 1312066.92  20.9%     -  128s
     0     0 1312068.63    0  500 1659129.14 1312068.63  20.9%     -  128s
     0     0 1314528.15    0  399 1659129.14 1314528.15  20.8%     -  129s
     0     0 1315638.63    0  425 1659129.14 1315638.63  20.7%     -  137s
     0     0 1315979.42    0  434 1659129.14 1315979.42  20.7%     -  138s
     0     0 1316543.52    0  496 1659129.14 1316543.52  20.6%     -  138s
     0     0 1316543.75    0  495 1659129.14 1316543.75  20.6%     -  139s
     0     0 1316653.24    0  452 1659129.14 1316653.24  20.6%     -  139s
     0     0 1316673.75    0  494 1659129.14 1316673.75  20.6%     -  139s
     0     0 1317986.73    0  522 1659129.14 1317986.73  20.6%     -  141s
     0     0 1318410.69    0  469 1659129.14 1318410.69  20.5%     -  142s
     0     0 1318443.77    0  459 1659129.14 1318443.77  20.5%     -  142s
     0     0 1318468.05    0  469 1659129.14 1318468.05  20.5%     -  143s
H    0     0                    1642999.8628 1318468.05  19.8%     -  143s
H    0     0                    1629931.8315 1320830.07  19.0%     -  145s
     0     0 1320830.07    0  405 1629931.83 1320830.07  19.0%     -  145s
     0     0 1322040.69    0  487 1629931.83 1322040.69  18.9%     -  146s
     0     0 1322046.78    0  482 1629931.83 1322046.78  18.9%     -  146s
     0     0 1322136.53    0  430 1629931.83 1322136.53  18.9%     -  146s
     0     0 1322219.19    0  513 1629931.83 1322219.19  18.9%     -  146s
     0     0 1322219.33    0  502 1629931.83 1322219.33  18.9%     -  146s
     0     0 1322229.79    0  489 1629931.83 1322229.79  18.9%     -  147s
     0     0 1324757.71    0  410 1629931.83 1324757.71  18.7%     -  148s
     0     0 1325225.65    0  425 1629931.83 1325225.65  18.7%     -  150s
     0     0 1325500.77    0  427 1629931.83 1325500.77  18.7%     -  150s
     0     0 1325840.43    0  466 1629931.83 1325840.43  18.7%     -  151s
     0     0 1325941.80    0  448 1629931.83 1325941.80  18.7%     -  151s
     0     0 1325989.72    0  432 1629931.83 1325989.72  18.6%     -  152s
     0     0 1325991.04    0  445 1629931.83 1325991.04  18.6%     -  152s
     0     0 1327987.56    0  509 1629931.83 1327987.56  18.5%     -  154s
     0     0 1328150.86    0  475 1629931.83 1328150.86  18.5%     -  155s
     0     0 1328219.68    0  476 1629931.83 1328219.68  18.5%     -  155s
     0     0 1328247.42    0  501 1629931.83 1328247.42  18.5%     -  155s
     0     0 1329584.37    0  339 1629931.83 1329584.37  18.4%     -  157s
     0     0 1330098.09    0  388 1629931.83 1330098.09  18.4%     -  158s
     0     0 1330946.36    0  451 1629931.83 1330946.36  18.3%     -  158s
     0     0 1331197.06    0  433 1629931.83 1331197.06  18.3%     -  159s
     0     0 1331340.82    0  409 1629931.83 1331340.82  18.3%     -  159s
     0     0 1331448.52    0  413 1629931.83 1331448.52  18.3%     -  159s
     0     0 1331518.96    0  408 1629931.83 1331518.96  18.3%     -  160s
     0     0 1331524.66    0  369 1629931.83 1331524.66  18.3%     -  160s
     0     0 1333458.87    0  345 1629931.83 1333458.87  18.2%     -  161s
     0     0 1333874.34    0  383 1629931.83 1333874.34  18.2%     -  162s
H    0     0                    1629858.3790 1334133.42  18.1%     -  163s
     0     0 1334133.42    0  409 1629858.38 1334133.42  18.1%     -  163s
     0     0 1334201.13    0  435 1629858.38 1334201.13  18.1%     -  163s
     0     0 1334241.39    0  370 1629858.38 1334241.39  18.1%     -  163s
     0     0 1334288.01    0  371 1629858.38 1334288.01  18.1%     -  164s
     0     0 1334291.52    0  406 1629858.38 1334291.52  18.1%     -  164s
     0     0 1336189.59    0  403 1629858.38 1336189.59  18.0%     -  166s
     0     0 1338100.39    0  376 1629858.38 1338100.39  17.9%     -  168s
     0     0 1338560.81    0  436 1629858.38 1338560.81  17.9%     -  168s
     0     0 1338645.90    0  431 1629858.38 1338645.90  17.9%     -  169s
     0     0 1338655.14    0  438 1629858.38 1338655.14  17.9%     -  170s
     0     0 1340580.49    0  398 1629858.38 1340580.49  17.7%     -  171s
     0     0 1340864.28    0  424 1629858.38 1340864.28  17.7%     -  172s
     0     0 1340995.48    0  401 1629858.38 1340995.48  17.7%     -  172s
     0     0 1341072.37    0  450 1629858.38 1341072.37  17.7%     -  173s
     0     0 1341082.62    0  476 1629858.38 1341082.62  17.7%     -  173s
     0     0 1342920.44    0  411 1629858.38 1342920.44  17.6%     -  174s
     0     0 1343471.68    0  404 1629858.38 1343471.68  17.6%     -  175s
     0     0 1343737.75    0  402 1629858.38 1343737.75  17.6%     -  176s
     0     0 1343803.10    0  480 1629858.38 1343803.10  17.6%     -  176s
     0     0 1343835.74    0  451 1629858.38 1343835.74  17.5%     -  176s
     0     0 1344860.65    0  409 1629858.38 1344860.65  17.5%     -  178s
     0     0 1345293.80    0  477 1629858.38 1345293.80  17.5%     -  178s
     0     0 1345496.07    0  482 1629858.38 1345496.07  17.4%     -  179s
     0     0 1345590.71    0  495 1629858.38 1345590.71  17.4%     -  179s
     0     0 1345677.57    0  473 1629858.38 1345677.57  17.4%     -  180s
     0     0 1345726.04    0  495 1629858.38 1345726.04  17.4%     -  180s
     0     0 1345751.80    0  501 1629858.38 1345751.80  17.4%     -  180s
     0     0 1346681.13    0  518 1629858.38 1346681.13  17.4%     -  182s
     0     0 1347306.16    0  481 1629858.38 1347306.16  17.3%     -  183s
     0     0 1347369.84    0  456 1629858.38 1347369.84  17.3%     -  183s
     0     0 1347404.09    0  508 1629858.38 1347404.09  17.3%     -  184s
     0     0 1348053.36    0  456 1629858.38 1348053.36  17.3%     -  186s
     0     0 1348229.72    0  373 1629858.38 1348229.72  17.3%     -  186s
H    0     0                    1622820.2472 1348329.65  16.9%     -  187s
     0     0 1348329.65    0  410 1622820.25 1348329.65  16.9%     -  187s
     0     0 1348347.11    0  433 1622820.25 1348347.11  16.9%     -  187s
     0     0 1348771.60    0  443 1622820.25 1348771.60  16.9%     -  188s
H    0     0                    1622820.2470 1348779.85  16.9%     -  189s
     0     0 1348821.40    0  452 1622820.25 1348821.40  16.9%     -  189s
     0     0 1348822.02    0  434 1622820.25 1348822.02  16.9%     -  189s
     0     0 1349452.95    0  429 1622820.25 1349452.95  16.8%     -  191s
     0     0 1349672.01    0  431 1622820.25 1349672.01  16.8%     -  192s
     0     0 1349807.08    0  412 1622820.25 1349807.08  16.8%     -  192s
     0     0 1349819.98    0  451 1622820.25 1349819.98  16.8%     -  192s
     0     0 1350140.03    0  420 1622820.25 1350140.03  16.8%     -  194s
     0     0 1350264.24    0  445 1622820.25 1350264.24  16.8%     -  194s
     0     0 1350323.78    0  425 1622820.25 1350323.78  16.8%     -  195s
     0     0 1350336.96    0  453 1622820.25 1350336.96  16.8%     -  195s
     0     0 1350892.17    0  494 1622820.25 1350892.17  16.8%     -  196s
     0     0 1351008.15    0  497 1622820.25 1351008.15  16.7%     -  197s
H    0     0                    1622820.2463 1351131.83  16.7%     -  198s
     0     0 1351131.83    0  489 1622820.25 1351131.83  16.7%     -  198s
     0     0 1351156.12    0  447 1622820.25 1351156.12  16.7%     -  198s
H    0     0                    1619591.3068 1351156.12  16.6%     -  199s
H    0     0                    1619096.5725 1351156.12  16.5%     -  199s
H    0     0                    1618158.9403 1351156.12  16.5%     -  199s
     0     0 1351299.77    0  412 1618158.94 1351299.77  16.5%     -  199s
H    0     0                    1613710.2339 1351423.08  16.3%     -  200s
H    0     0                    1613367.9999 1351423.08  16.2%     -  200s
     0     0 1351423.08    0  450 1613368.00 1351423.08  16.2%     -  200s
     0     0 1351435.30    0  414 1613368.00 1351435.30  16.2%     -  200s
     0     0 1351649.24    0  537 1613368.00 1351649.24  16.2%     -  202s
     0     0 1351650.81    0  537 1613368.00 1351650.81  16.2%     -  202s
     0     0 1351650.81    0  537 1613368.00 1351650.81  16.2%     -  202s
     0     0 1351650.81    0  532 1613368.00 1351650.81  16.2%     -  202s
     0     2 1351657.33    0  532 1613368.00 1351657.33  16.2%     -  230s
    15    32 1351858.92    4  546 1613368.00 1351747.54  16.2%   340  235s
    31    56 1353883.31    5  570 1613368.00 1353653.25  16.1%   468  240s
    55    80 1353931.92    6  554 1613368.00 1353830.38  16.1%   525  245s
H   61    80                    1613197.0678 1353900.39  16.1%   518  245s
H   82   106                    1612827.8231 1353900.39  16.1%   519  249s
H   85   106                    1608258.1313 1353900.39  15.8%   515  249s
H   86   106                    1603915.7516 1353900.39  15.6%   513  249s
H   89   106                    1603859.6992 1353900.39  15.6%   509  249s
   105   178 1354079.31    8  492 1603859.70 1353900.39  15.6%   479  253s
   177   202 1354393.26   12  497 1603859.70 1353900.39  15.6%   378  256s
H  180   202                    1603702.6151 1353900.39  15.6%   373  256s
H  193   202                    1603687.5312 1353900.39  15.6%   359  256s
H  195   202                    1598488.3859 1353900.39  15.3%   356  256s
   201   256 1354478.03   13  455 1598488.39 1353900.39  15.3%   361  261s
H  275   280                    1598487.5677 1353900.39  15.3%   320  263s
   281   335 1354818.35   16  494 1598487.57 1353900.39  15.3%   317  266s
H  343   359                    1598448.1209 1353900.39  15.3%   297  268s
H  356   359                    1596985.8647 1353900.39  15.2%   292  268s
   360   383 1355274.10   19  444 1596985.86 1353900.39  15.2%   295  272s
H  384   408                    1596503.8952 1353900.39  15.2%   288  282s
H  402   408                    1594589.1379 1353900.39  15.1%   288  282s
   409   455 1367929.60   20  409 1594589.14 1353900.39  15.1%   290  285s
H  450   455                    1594589.1374 1353900.39  15.1%   282  285s
   503   563 1355379.15   21  455 1594589.14 1353900.39  15.1%   274  293s
   564   630 1355464.02   23  422 1594589.14 1353900.39  15.1%   263  295s
   678   700 1357565.40   29  419 1594589.14 1353900.39  15.1%   243  301s
   734   758 1357600.59   31  433 1594589.14 1353900.39  15.1%   235  306s
   791   826 1357644.56   33  332 1594589.14 1353900.39  15.1%   230  312s
   882   947 1357755.99   35  355 1594589.14 1353900.39  15.1%   224  318s
   953  1037 1357816.55   36  351 1594589.14 1353900.39  15.1%   219  323s
  1043  1133 1357819.99   37  367 1594589.14 1353900.39  15.1%   216  327s
  1143  1222 1358075.01   43  389 1594589.14 1353900.39  15.1%   213  330s
  1339  1435 1358363.90   47  354 1594589.14 1353900.39  15.1%   208  338s
  1456  1526 1358503.43   50  329 1594589.14 1353900.39  15.1%   204  342s
  1556  1632 1360298.14   53  410 1594589.14 1353900.39  15.1%   203  348s
  1672  1726 1360359.10   55  402 1594589.14 1353900.39  15.1%   201  353s
  1776  1836 1361365.93   58  372 1594589.14 1353900.39  15.1%   200  357s
  1900  1869 1361142.09   62  357 1594589.14 1353900.39  15.1%   198  361s
  1933  1950 1361168.99   63  339 1594589.14 1353900.39  15.1%   197  365s
  2016  2100 1361310.30   65  347 1594589.14 1353900.39  15.1%   196  370s
  2337  2418 1364214.93   80  258 1594589.14 1353900.39  15.1%   187  382s
  2488  2626 1362785.20   90  276 1594589.14 1353900.39  15.1%   189  388s
  2710  2852 1363061.75  106  248 1594589.14 1353900.39  15.1%   184  395s
  2938  3032 1363398.13  120  243 1594589.14 1353900.39  15.1%   180  401s
  3118  3320 1363809.58  128  265 1594589.14 1353900.39  15.1%   179  408s
  3417  3570 1374472.03  151  221 1594589.14 1353900.39  15.1%   173  415s
  3670  3886 1364258.80  153  269 1594589.14 1353900.39  15.1%   169  422s
  3999  4072 1364618.80  174  329 1594589.14 1353900.39  15.1%   164  430s
  4185  4171 1365351.64  184  299 1594589.14 1353900.39  15.1%   164  437s
  4286  4195 1366531.63  187  295 1594589.14 1353900.39  15.1%   164  446s
  4310  4219 1367586.91  188  293 1594589.14 1353900.39  15.1%   164  456s
  4334  4243 1366702.10  188  332 1594589.14 1353900.39  15.1%   164  461s
  4358  4267 1366710.06  189  329 1594589.14 1353900.39  15.1%   164  470s
  4382  4290 1366739.29  190  330 1594589.14 1353900.39  15.1%   165  477s
  4407  4313 1366746.50  191  322 1594589.14 1353900.39  15.1%   165  488s
  4432  4337 1366750.62  192  327 1594589.14 1353900.39  15.1%   165  502s
  4456  4361 1366750.67  193  325 1594589.14 1353900.39  15.1%   165  509s
  4480  4385 1366772.03  194  294 1594589.14 1353900.39  15.1%   165  517s
  4504  4409 1366780.76  195  322 1594589.14 1353900.39  15.1%   164  524s
  4528  4494 1366787.33  196  320 1594589.14 1353900.39  15.1%   164  531s
  4613  4539 1366787.37  197  310 1594589.14 1353900.39  15.1%   163  545s
  4658  4579 1367021.30  198  292 1594589.14 1353900.39  15.1%   164  553s
  4698  4660 1367269.83  199  353 1594589.14 1353900.39  15.1%   164  562s
  4779  4791 1367269.83  200  351 1594589.14 1353900.39  15.1%   163  573s
  4910  4903 1367287.91  201  377 1594589.14 1353900.39  15.1%   161  584s
  5022  5057 1367301.42  202  365 1594589.14 1353900.39  15.1%   161  594s
  5178  5200 1367313.22  203  364 1594589.14 1353900.39  15.1%   160  600s

Cutting planes:
  Learned: 5
  Gomory: 7
  Lift-and-project: 84
  Cover: 156
  Implied bound: 597
  Clique: 108
  MIR: 750
  Knapsack: 9
  StrongCG: 213
  Flow cover: 443
  GUB cover: 61
  Zero half: 3
  RLT: 492
  Relax-and-lift: 78
  BQP: 14

Explored 5331 nodes (968762 simplex iterations) in 600.04 seconds (701.08 work units)
Thread count was 24 (of 24 available processors)

Solution count 10: 1.59459e+06 1.59459e+06 1.59459e+06 ... 1.6037e+06

Time limit reached
Best objective 1.594589137444e+06, best bound 1.353900391453e+06, gap 15.0941%
