
Gurobi 13.0.2 (linux64, Python) logging started Thu Aug 13 20:42:51 2026

Set parameter LogToConsole to value 0
Set parameter Username
Set parameter LicenseID to value 2748191
Set parameter TimeLimit to value 120
Set parameter LogFile to value "output/bz_nbr7008_043/weighted_loss/retail_y_2__retail_v_4__rolled_leftover_2/period_4/gurobi.log"
Academic license - for non-commercial use only - expires 2026-12-01
Gurobi Optimizer version 13.0.2 build v13.0.2rc1 (linux64 - "Debian GNU/Linux 13 (trixie)")

CPU model: 13th Gen Intel(R) Core(TM) i7-13700HX, instruction set [SSE2|AVX|AVX2]
Thread count: 24 physical cores, 24 logical processors, using up to 24 threads

Non-default parameters:
TimeLimit  120
LogToConsole  0

Optimize a model with 205876 rows, 137646 columns and 721719 nonzeros (Min)
Model fingerprint: 0x471b1364
Model has 54550 linear objective coefficients and an objective constant of 258755.4939888
Variable types: 113436 continuous, 24210 integer (24210 binary)
Coefficient statistics:
  Matrix range     [1e-03, 1e+04]
  Objective range  [1e+01, 1e+05]
  Bounds range     [1e+00, 1e+00]
  RHS range        [1e-01, 3e+04]

Presolve removed 123666 rows and 85544 columns
Presolve time: 3.49s
Presolved: 82210 rows, 52102 columns, 827023 nonzeros
Variable types: 34004 continuous, 18098 integer (18048 binary)
Deterministic concurrent LP optimizer: primal simplex, dual simplex, and barrier
Showing barrier log only...

Root barrier log...

Ordering time: 0.41s

Barrier statistics:
 Dense cols : 35
 AA' NZ     : 7.221e+06
 Factor NZ  : 1.219e+07 (roughly 140 MB of memory)
 Factor Ops : 3.436e+09 (less than 1 second per iteration)
 Threads    : 21

                  Objective                Residual
Iter       Primal          Dual         Primal    Dual     Compl     Time
   0  -3.01335050e+09 -8.67508785e+09  2.42e+06 1.30e+02  2.05e+06     5s
   1  -1.77429478e+09 -7.70410613e+09  1.53e+06 2.19e+02  1.14e+06     5s
   2  -8.02739455e+08 -6.22024206e+09  6.71e+05 4.70e+01  5.10e+05     5s
   3  -1.71368821e+08 -3.00324636e+09  1.49e+05 8.51e-01  1.16e+05     5s
   4  -5.72043620e+06 -7.81448409e+08  1.71e+04 7.02e-10  1.50e+04     5s
   5   9.78923039e+06 -4.32671099e+08  4.50e+03 1.32e-10  5.31e+03     5s
   6   1.27394090e+07 -2.58080957e+08  2.02e+03 1.49e-10  2.73e+03     5s
   7   1.35629654e+07 -6.58859515e+07  1.24e+03 3.25e-11  8.88e+02     5s
   8   1.32805958e+07 -4.20303119e+07  7.53e+02 2.36e-11  5.69e+02     5s
   9   1.21437641e+07 -3.07620510e+07  3.91e+02 2.14e-11  3.85e+02     6s
  10   1.02272466e+07 -1.78118762e+07  2.20e+02 1.18e-11  2.37e+02     6s
  11   9.27069125e+06 -1.40253795e+07  1.59e+02 1.40e-11  1.90e+02     6s
  12   7.59348093e+06 -1.00057148e+07  8.98e+01 1.35e-11  1.37e+02     6s
  13   5.57630320e+06 -8.10846359e+06  6.50e+01 1.51e-11  1.06e+02     6s
  14   3.44980882e+06 -4.30073688e+06  3.53e+01 1.02e-11  5.97e+01     6s
  15   2.24240524e+06 -1.90862453e+06  1.84e+01 9.66e-12  3.20e+01     6s
  16   1.86119618e+06 -1.31791325e+06  1.38e+01 7.59e-12  2.45e+01     6s
  17   1.50185423e+06 -4.63536843e+05  9.17e+00 1.60e-11  1.54e+01     6s
  18   1.29446879e+06 -1.98676326e+05  6.24e+00 1.66e-11  1.16e+01     6s
  19   1.06328929e+06 -3.07159385e+04  3.22e+00 1.86e-11  8.25e+00     6s
  20   1.01427822e+06  1.47390947e+05  2.64e+00 1.57e-11  6.57e+00     6s
  21   9.20783658e+05  4.29115490e+05  1.55e+00 1.22e-11  3.75e+00     6s
  22   8.88888460e+05  6.10802163e+05  1.18e+00 1.33e-11  2.19e+00     6s
  23   8.47230597e+05  7.04048105e+05  6.69e-01 1.26e-11  1.14e+00     6s
  24   8.10760661e+05  7.33207457e+05  2.41e-01 1.20e-11  5.89e-01     6s
  25   8.04333431e+05  7.44008180e+05  1.75e-01 1.41e-11  4.55e-01     6s
  26   7.98700008e+05  7.68685077e+05  1.22e-01 1.47e-11  2.32e-01     7s
  27   7.97235259e+05  7.77169494e+05  1.03e-01 1.27e-11  1.58e-01     7s
  28   7.92883151e+05  7.82057246e+05  5.90e-02 1.22e-11  8.56e-02     7s
  29   7.87959621e+05  7.84421956e+05  1.31e-02 1.36e-11  2.69e-02     7s
  30   7.87155761e+05  7.84812090e+05  8.09e-03 1.24e-11  1.77e-02     7s
  31   7.86844736e+05  7.85233158e+05  6.31e-03 1.57e-11  1.23e-02     7s
  32   7.86662559e+05  7.85340237e+05  5.31e-03 1.50e-11  1.01e-02     7s
  33   7.86448082e+05  7.85504721e+05  4.15e-03 1.36e-11  7.28e-03     7s
  34   7.86303516e+05  7.85558200e+05  3.37e-03 1.54e-11  5.77e-03     7s
  35   7.86246185e+05  7.85584929e+05  3.08e-03 1.10e-11  5.13e-03     7s
  36   7.85934680e+05  7.85624596e+05  1.47e-03 1.43e-11  2.41e-03     7s
  37   7.85817318e+05  7.85639395e+05  8.51e-04 1.26e-11  1.39e-03     7s
  38   7.85782898e+05  7.85641307e+05  6.62e-04 1.54e-11  1.10e-03     7s
  39   7.85737575e+05  7.85649416e+05  4.22e-04 1.52e-11  6.87e-04     7s
  40   7.85661679e+05  7.85651736e+05  3.40e-05 1.47e-11  7.52e-05     7s
  41   7.85654724e+05  7.85653035e+05  5.97e-06 1.92e-11  1.28e-05     7s
  42   7.85653506e+05  7.85653196e+05  1.06e-06 1.22e-11  2.34e-06     7s
  43   7.85653235e+05  7.85653216e+05  1.94e-06 1.16e-11  1.41e-07     8s
  44   7.85653224e+05  7.85653223e+05  9.31e-08 1.84e-11  5.88e-09     8s

Barrier solved model in 44 iterations and 7.63 seconds (14.03 work units)
Optimal objective 7.85653224e+05


Root crossover log...

   49222 DPushes remaining with DInf 1.5432078e-04                 8s
       0 DPushes remaining with DInf 0.0000000e+00                 8s

      35 PPushes remaining with PInf 8.0985283e-04                 8s
       0 PPushes remaining with PInf 0.0000000e+00                 8s

  Push phase complete: Pinf 0.0000000e+00, Dinf 1.8032830e-06      8s


Root simplex log...

Iteration    Objective       Primal Inf.    Dual Inf.      Time
   31472    7.8565322e+05   0.000000e+00   1.802862e-06      8s
   31473    7.8565322e+05   0.000000e+00   0.000000e+00      8s
Crossover time: 0.39 seconds (0.59 work units)
Concurrent spin time: 0.02s

Solved with barrier
   31475    7.8565322e+05   0.000000e+00   0.000000e+00      8s

Extra simplex iterations after uncrush: 2

Root relaxation: objective 7.856532e+05, 31475 iterations, 4.35 seconds (6.87 work units)

    Nodes    |    Current Node    |     Objective Bounds      |     Work
 Expl Unexpl |  Obj  Depth IntInf | Incumbent    BestBd   Gap | It/Node Time

     0     0 785653.224    0  174          - 785653.224      -     -    8s
     0     0 785654.276    0  171          - 785654.276      -     -    8s
H    0     0                    1890144.6493 785654.276  58.4%     -   10s
H    0     0                    1745354.7779 785654.276  55.0%     -   10s
H    0     0                    1650572.8791 785654.276  52.4%     -   10s
H    0     0                    1618719.9588 785654.276  51.5%     -   10s
H    0     0                    1558478.7351 785654.276  49.6%     -   10s
H    0     0                    1491431.7251 785654.276  47.3%     -   10s
H    0     0                    1487391.3973 785654.276  47.2%     -   11s
H    0     0                    1479882.8408 785654.276  46.9%     -   11s
H    0     0                    1452561.1993 785654.276  45.9%     -   11s
H    0     0                    1423721.6135 785654.276  44.8%     -   13s
H    0     0                    1419035.4746 785654.276  44.6%     -   13s
H    0     0                    1412385.7835 785654.276  44.4%     -   13s
H    0     0                    1386884.8159 793394.537  42.8%     -   18s
H    0     0                    1377216.0798 793394.537  42.4%     -   18s
H    0     0                    1376289.0638 793394.537  42.4%     -   18s
     0     0 793394.537    0  157 1376289.06 793394.537  42.4%     -   18s
H    0     0                    1348989.7434 793394.537  41.2%     -   19s
H    0     0                    1348434.1294 793394.537  41.2%     -   19s
H    0     0                    1338228.5962 793394.537  40.7%     -   19s
H    0     0                    1324457.7283 793394.537  40.1%     -   19s
H    0     0                    1255575.6826 793394.537  36.8%     -   19s
H    0     0                    1238750.4519 793394.537  36.0%     -   19s
     0     0 798239.705    0  157 1238750.45 798239.705  35.6%     -   20s
     0     0 798249.592    0  184 1238750.45 798249.592  35.6%     -   22s
     0     0 798853.096    0  188 1238750.45 798853.096  35.5%     -   22s
     0     0 798898.102    0  188 1238750.45 798898.102  35.5%     -   22s
     0     0 799535.580    0  209 1238750.45 799535.580  35.5%     -   24s
     0     0 799551.803    0  200 1238750.45 799551.803  35.5%     -   24s
H    0     0                    1236657.7098 799553.527  35.3%     -   25s
H    0     0                    1232323.9306 799553.527  35.1%     -   25s
H    0     0                    1223870.2946 799553.527  34.7%     -   25s
H    0     0                    1216162.7473 799553.527  34.3%     -   26s
     0     0 799564.664    0  200 1216162.75 799564.664  34.3%     -   26s
     0     0 799568.329    0  200 1216162.75 799568.329  34.3%     -   26s
     0     0 805759.815    0  323 1216162.75 805759.815  33.7%     -   29s
     0     0 805762.500    0  312 1216162.75 805762.500  33.7%     -   29s
     0     0 806286.926    0  292 1216162.75 806286.926  33.7%     -   30s
     0     0 806295.448    0  337 1216162.75 806295.448  33.7%     -   31s
     0     0 806295.448    0  336 1216162.75 806295.448  33.7%     -   31s
     0     0 809206.994    0  302 1216162.75 809206.994  33.5%     -   33s
     0     0 809286.026    0  291 1216162.75 809286.026  33.5%     -   33s
H    0     0                    1206799.4143 809289.393  32.9%     -   34s
H    0     0                    1199941.4080 809289.393  32.6%     -   34s
H    0     0                    1198544.8239 809289.393  32.5%     -   34s
     0     0 809432.381    0  281 1198544.82 809432.381  32.5%     -   34s
     0     0 809437.513    0  300 1198544.82 809437.513  32.5%     -   35s
     0     0 809437.842    0  301 1198544.82 809437.842  32.5%     -   35s
     0     0 813540.361    0  317 1198544.82 813540.361  32.1%     -   38s
     0     0 813677.929    0  301 1198544.82 813677.929  32.1%     -   39s
     0     0 813684.634    0  308 1198544.82 813684.634  32.1%     -   39s
     0     0 813684.769    0  308 1198544.82 813684.769  32.1%     -   39s
     0     0 816432.924    0  325 1198544.82 816432.924  31.9%     -   41s
     0     0 816436.764    0  310 1198544.82 816436.764  31.9%     -   41s
H    0     0                    1198326.6755 816438.631  31.9%     -   42s
H    0     0                    1195605.2653 816438.631  31.7%     -   42s
H    0     0                    1194312.6901 816438.631  31.6%     -   42s
H    0     0                    1194302.1846 816438.631  31.6%     -   42s
H    0     0                    1148077.4829 816438.631  28.9%     -   42s
H    0     0                    1146611.1593 816438.631  28.8%     -   43s
     0     0 816916.583    0  318 1146611.16 816916.583  28.8%     -   43s
     0     0 816951.587    0  360 1146611.16 816951.587  28.8%     -   44s
     0     0 816975.994    0  361 1146611.16 816975.994  28.7%     -   44s
     0     0 816976.830    0  337 1146611.16 816976.830  28.7%     -   44s
     0     0 818824.373    0  377 1146611.16 818824.373  28.6%     -   46s
     0     0 819473.673    0  340 1146611.16 819473.673  28.5%     -   47s
     0     0 819513.672    0  344 1146611.16 819513.672  28.5%     -   47s
     0     0 819525.339    0  330 1146611.16 819525.339  28.5%     -   47s
     0     0 819527.320    0  331 1146611.16 819527.320  28.5%     -   47s
     0     0 822088.475    0  324 1146611.16 822088.475  28.3%     -   49s
H    0     0                    1131389.4298 822136.695  27.3%     -   50s
H    0     0                    1131264.5090 822136.695  27.3%     -   50s
H    0     0                    1127048.8475 822136.695  27.1%     -   52s
H    0     0                    1119620.6833 822136.695  26.6%     -   52s
H    0     0                    1119317.6392 822136.695  26.6%     -   53s
H    0     0                    1118650.1173 822136.695  26.5%     -   53s
     0     0 823036.256    0  373 1118650.12 823036.256  26.4%     -   54s
     0     0 823221.642    0  376 1118650.12 823221.642  26.4%     -   55s
     0     0 823227.548    0  359 1118650.12 823227.548  26.4%     -   55s
     0     0 825594.209    0  376 1118650.12 825594.209  26.2%     -   56s
     0     0 825802.587    0  347 1118650.12 825802.587  26.2%     -   57s
     0     0 825831.797    0  327 1118650.12 825831.797  26.2%     -   57s
     0     0 825835.663    0  333 1118650.12 825835.663  26.2%     -   57s
     0     0 827879.193    0  348 1118650.12 827879.193  26.0%     -   59s
     0     0 827879.193    0  347 1118650.12 827879.193  26.0%     -   59s
H    0     0                    1116701.8565 827908.564  25.9%     -   60s
H    0     0                    1108030.0826 827908.564  25.3%     -   60s
H    0     0                    1102017.9847 827908.564  24.9%     -   60s
H    0     0                    1099022.9948 827908.564  24.7%     -   60s
H    0     0                    1095322.0436 827908.564  24.4%     -   61s
     0     0 828262.736    0  408 1095322.04 828262.736  24.4%     -   61s
     0     0 828344.095    0  415 1095322.04 828344.095  24.4%     -   62s
     0     0 828346.533    0  428 1095322.04 828346.533  24.4%     -   62s
     0     0 830638.029    0  397 1095322.04 830638.029  24.2%     -   63s
     0     0 831220.380    0  423 1095322.04 831220.380  24.1%     -   64s
     0     0 831238.116    0  400 1095322.04 831238.116  24.1%     -   64s
     0     0 831251.938    0  419 1095322.04 831251.938  24.1%     -   65s
     0     0 833388.967    0  344 1095322.04 833388.967  23.9%     -   66s
H    0     0                    1094006.9560 833470.357  23.8%     -   67s
H    0     0                    1087332.5636 833470.357  23.3%     -   67s
     0     0 833870.585    0  346 1087332.56 833870.585  23.3%     -   68s
     0     0 833976.782    0  326 1087332.56 833976.782  23.3%     -   68s
     0     0 833992.615    0  346 1087332.56 833992.615  23.3%     -   68s
     0     0 834003.528    0  329 1087332.56 834003.528  23.3%     -   69s
     0     0 834007.578    0  320 1087332.56 834007.578  23.3%     -   69s
     0     0 834784.806    0  350 1087332.56 834784.806  23.2%     -   70s
     0     0 834836.284    0  350 1087332.56 834836.284  23.2%     -   70s
     0     0 834840.248    0  353 1087332.56 834840.248  23.2%     -   70s
     0     0 836692.948    0  292 1087332.56 836692.948  23.1%     -   72s
H    0     0                    1085390.2667 836712.819  22.9%     -   73s
     0     0 836946.562    0  293 1085390.27 836946.562  22.9%     -   74s
     0     0 837014.124    0  336 1085390.27 837014.124  22.9%     -   74s
     0     0 837046.183    0  330 1085390.27 837046.183  22.9%     -   75s
     0     0 837049.454    0  307 1085390.27 837049.454  22.9%     -   75s
     0     0 837195.797    0  354 1085390.27 837195.797  22.9%     -   76s
     0     0 837246.287    0  341 1085390.27 837246.287  22.9%     -   76s
     0     0 837248.135    0  342 1085390.27 837248.135  22.9%     -   77s
     0     0 837450.751    0  363 1085390.27 837450.751  22.8%     -   78s
H    0     0                    1084420.5285 837450.810  22.8%     -   79s
     0     0 837473.350    0  293 1084420.53 837473.350  22.8%     -   79s
H    0     0                    1081957.4793 837476.448  22.6%     -   79s
     0     0 837476.448    0  318 1081957.48 837476.448  22.6%     -   79s
     0     0 837878.698    0  384 1081957.48 837878.698  22.6%     -   81s
H    0     0                    1081761.0842 837905.279  22.5%     -   82s
     0     0 837905.279    0  399 1081761.08 837905.279  22.5%     -   82s
     0     0 837917.511    0  395 1081761.08 837917.511  22.5%     -   82s
     0     0 837918.093    0  394 1081761.08 837918.093  22.5%     -   82s
     0     0 838311.096    0  327 1081761.08 838311.096  22.5%     -   83s
H    0     0                    1080344.2806 838312.937  22.4%     -   84s
H    0     0                    1078611.9039 838312.937  22.3%     -   84s
H    0     0                    1076792.8406 838312.937  22.1%     -   89s
H    0     0                    1075013.9115 838312.937  22.0%     -   89s
H    0     0                    1067858.7020 838312.937  21.5%     -   89s
H    0     0                    1063854.0483 838312.937  21.2%     -   89s
H    0     0                    1062585.3734 838312.937  21.1%     -   89s
H    0     0                    1062483.9389 838312.937  21.1%     -   90s
H    0     0                    1052641.2033 838312.937  20.4%     -   91s
     0     0 838424.396    0  330 1052641.20 838424.396  20.4%     -   91s
     0     0 838454.695    0  343 1052641.20 838454.695  20.3%     -   92s
     0     0 838461.491    0  347 1052641.20 838461.491  20.3%     -   92s
     0     0 839132.443    0  342 1052641.20 839132.443  20.3%     -   94s
H    0     0                    1048744.0395 839140.207  20.0%     -   94s
H    0     0                    1047374.7040 839140.207  19.9%     -   95s
H    0     0                    1046787.7223 839140.207  19.8%     -   95s
     0     0 839540.868    0  381 1046787.72 839540.868  19.8%     -   96s
     0     0 839559.541    0  408 1046787.72 839559.541  19.8%     -   96s
     0     0 839567.356    0  414 1046787.72 839567.356  19.8%     -   96s
     0     0 840336.797    0  422 1046787.72 840336.797  19.7%     -   98s
     0     0 840503.531    0  409 1046787.72 840503.531  19.7%     -   99s
     0     0 840540.503    0  395 1046787.72 840540.503  19.7%     -   99s
     0     0 840546.539    0  382 1046787.72 840546.539  19.7%     -   99s
     0     0 842440.811    0  399 1046787.72 842440.811  19.5%     -  101s
     0     0 842601.710    0  426 1046787.72 842601.710  19.5%     -  102s
     0     0 842672.207    0  440 1046787.72 842672.207  19.5%     -  102s
     0     0 842679.995    0  422 1046787.72 842679.995  19.5%     -  103s
     0     0 843404.811    0  424 1046787.72 843404.811  19.4%     -  104s
     0     0 843451.513    0  471 1046787.72 843451.513  19.4%     -  105s
     0     0 843538.763    0  497 1046787.72 843538.763  19.4%     -  106s
     0     0 843606.341    0  470 1046787.72 843606.341  19.4%     -  106s
     0     0 843631.368    0  477 1046787.72 843631.368  19.4%     -  106s
     0     0 843640.315    0  483 1046787.72 843640.315  19.4%     -  106s
     0     0 844767.918    0  467 1046787.72 844767.918  19.3%     -  108s

Cutting planes:
  Learned: 10
  Gomory: 3
  Cover: 149
  Implied bound: 299
  Clique: 124
  MIR: 462
  StrongCG: 134
  Flow cover: 199
  GUB cover: 25
  Zero half: 5
  Mod-K: 1
  Network: 1
  RLT: 321
  Relax-and-lift: 75
  BQP: 7

Explored 1 nodes (75345 simplex iterations) in 120.03 seconds (173.63 work units)
Thread count was 24 (of 24 available processors)

Solution count 10: 1.04679e+06 1.04679e+06 1.04737e+06 ... 1.07501e+06

Time limit reached
Best objective 1.046787722301e+06, best bound 8.447770686156e+05, gap 19.2981%
