
Gurobi 13.0.2 (linux64, Python) logging started Thu May 28 11:03:40 2026

Set parameter LogToConsole to value 0
Set parameter Username
Set parameter LicenseID to value 2748191
Set parameter TimeLimit to value 600
Set parameter LogFile to value "output/bz_nbr7008_043/period_4/gurobi.log"
Academic license - for non-commercial use only - expires 2026-12-01
Gurobi Optimizer version 13.0.2 build v13.0.2rc1 (linux64 - "Debian GNU/Linux 13 (trixie)")

CPU model: 13th Gen Intel(R) Core(TM) i7-13700HX, instruction set [SSE2|AVX|AVX2]
Thread count: 24 physical cores, 24 logical processors, using up to 24 threads

Non-default parameters:
TimeLimit  600
LogToConsole  0

Optimize a model with 202640 rows, 135576 columns and 710000 nonzeros (Min)
Model fingerprint: 0xb141d389
Model has 54380 linear objective coefficients and an objective constant of 83298.1018368
Variable types: 111728 continuous, 23848 integer (23848 binary)
Coefficient statistics:
  Matrix range     [3e-03, 1e+04]
  Objective range  [2e+01, 3e+05]
  Bounds range     [1e+00, 1e+00]
  RHS range        [1e-01, 3e+04]

Presolve removed 120851 rows and 83795 columns
Presolve time: 3.45s
Presolved: 81789 rows, 51781 columns, 818129 nonzeros
Variable types: 33853 continuous, 17928 integer (17881 binary)
Deterministic concurrent LP optimizer: primal simplex, dual simplex, and barrier
Showing barrier log only...

Root barrier log...

Ordering time: 0.41s

Barrier statistics:
 Dense cols : 24
 AA' NZ     : 7.157e+06
 Factor NZ  : 1.219e+07 (roughly 140 MB of memory)
 Factor Ops : 3.456e+09 (less than 1 second per iteration)
 Threads    : 21

                  Objective                Residual
Iter       Primal          Dual         Primal    Dual     Compl     Time
   0  -2.69083325e+09 -1.27874367e+10  2.39e+06 1.74e+02  3.03e+06     5s
   1  -1.49835576e+09 -1.13429048e+10  1.56e+06 3.19e+02  1.72e+06     5s
   2  -5.80759740e+08 -9.10586261e+09  5.21e+05 7.17e+01  5.96e+05     5s
   3  -1.51990072e+08 -4.25042798e+09  1.46e+05 3.06e+00  1.64e+05     5s
   4  -2.06513762e+06 -1.05149032e+09  1.63e+04 9.82e-11  2.05e+04     5s
   5   1.36795026e+07 -4.95502450e+08  3.24e+03 4.00e-11  5.82e+03     5s
   6   1.58752988e+07 -1.19859006e+08  1.36e+03 7.64e-11  1.54e+03     5s
   7   1.60618864e+07 -5.87416479e+07  8.20e+02 3.55e-11  8.10e+02     5s
   8   1.45491000e+07 -3.48046393e+07  3.71e+02 2.27e-11  4.58e+02     5s
   9   1.12022183e+07 -2.01622109e+07  1.20e+02 1.46e-11  2.52e+02     6s
  10   7.19418394e+06 -1.31114091e+07  6.40e+01 1.60e-11  1.59e+02     6s
  11   6.11649649e+06 -5.53082378e+06  5.07e+01 1.35e-11  9.39e+01     6s
  12   2.73214425e+06 -3.14677947e+06  1.86e+01 2.29e-11  4.57e+01     6s
  13   2.19158708e+06 -2.26935102e+06  1.39e+01 2.45e-11  3.47e+01     6s
  14   1.94554203e+06 -1.60359480e+06  1.17e+01 2.16e-11  2.79e+01     6s
  15   1.39969331e+06 -6.40712429e+05  6.41e+00 2.09e-11  1.61e+01     6s
  16   1.03718635e+06 -2.67422969e+05  3.04e+00 2.45e-11  1.00e+01     6s
  17   9.36816089e+05 -9.01766761e+04  2.17e+00 2.74e-11  7.86e+00     6s
  18   8.46787004e+05  3.00042786e+05  1.32e+00 2.57e-11  4.25e+00     6s
  19   7.59345247e+05  5.65606730e+05  4.82e-01 1.75e-11  1.50e+00     6s
  20   7.20637310e+05  6.45886542e+05  1.54e-01 1.83e-11  5.63e-01     6s
  21   7.13376839e+05  6.47754303e+05  1.13e-01 1.76e-11  4.89e-01     6s
  22   7.10632791e+05  6.67215900e+05  9.80e-02 1.30e-11  3.28e-01     6s
  23   6.99427336e+05  6.81768013e+05  1.91e-02 1.42e-11  1.28e-01     6s
  24   6.96873674e+05  6.88171707e+05  1.10e-02 1.86e-11  6.35e-02     6s
  25   6.95080954e+05  6.90160478e+05  6.37e-03 2.92e-11  3.60e-02     6s
  26   6.93744422e+05  6.91227037e+05  3.33e-03 1.95e-11  1.84e-02     6s
  27   6.93163096e+05  6.91609191e+05  2.08e-03 2.06e-11  1.14e-02     7s
  28   6.92977318e+05  6.91837581e+05  1.70e-03 2.05e-11  8.39e-03     7s
  29   6.92652287e+05  6.91964418e+05  1.05e-03 1.72e-11  5.07e-03     7s
  30   6.92470334e+05  6.92046459e+05  6.90e-04 1.77e-11  3.14e-03     7s
  31   6.92402456e+05  6.92076747e+05  5.52e-04 1.33e-11  2.41e-03     7s
  32   6.92291619e+05  6.92086378e+05  3.37e-04 1.33e-11  1.52e-03     7s
  33   6.92242678e+05  6.92092776e+05  2.47e-04 2.09e-11  1.11e-03     7s
  34   6.92221436e+05  6.92096465e+05  2.06e-04 1.92e-11  9.25e-04     7s
  35   6.92188615e+05  6.92107940e+05  1.26e-04 2.04e-11  5.96e-04     7s
  36   6.92173458e+05  6.92114330e+05  9.50e-05 1.61e-11  4.37e-04     7s
  37   6.92159403e+05  6.92118445e+05  6.47e-05 1.95e-11  3.02e-04     7s
  38   6.92131860e+05  6.92121590e+05  8.87e-06 2.08e-11  7.42e-05     7s
  39   6.92124413e+05  6.92123418e+05  3.78e-07 2.10e-11  7.07e-06     7s
  40   6.92124215e+05  6.92124001e+05  3.57e-07 2.00e-11  1.55e-06     7s
  41   6.92124042e+05  6.92124036e+05  8.05e-07 2.36e-11  4.57e-08     7s
  42   6.92124037e+05  6.92124037e+05  4.49e-08 2.53e-11  1.22e-10     7s

Barrier solved model in 42 iterations and 7.47 seconds (13.87 work units)
Optimal objective 6.92124037e+05


Root crossover log...

   46742 DPushes remaining with DInf 1.5234762e-01                 7s
       0 DPushes remaining with DInf 3.0673418e-01                 8s

      28 PPushes remaining with PInf 2.0196071e-06                 8s
       0 PPushes remaining with PInf 0.0000000e+00                 8s

  Push phase complete: Pinf 0.0000000e+00, Dinf 1.7833636e+02      8s


Root simplex log...

Iteration    Objective       Primal Inf.    Dual Inf.      Time
   30975    6.9212404e+05   0.000000e+00   1.783364e+02      8s
   31006    6.9212404e+05   0.000000e+00   0.000000e+00      8s
Crossover time: 0.39 seconds (0.54 work units)
Concurrent spin time: 0.00s

Solved with barrier
   31006    6.9212404e+05   0.000000e+00   0.000000e+00      8s

Root relaxation: objective 6.921240e+05, 31006 iterations, 4.21 seconds (6.73 work units)

    Nodes    |    Current Node    |     Objective Bounds      |     Work
 Expl Unexpl |  Obj  Depth IntInf | Incumbent    BestBd   Gap | It/Node Time

     0     0 692124.037    0  220          - 692124.037      -     -    8s
     0     0 692151.018    0  222          - 692151.018      -     -    8s
     0     0 692153.261    0  220          - 692153.261      -     -    8s
H    0     0                    1847853.4766 692153.261  62.5%     -   10s
H    0     0                    1695023.2613 692153.261  59.2%     -   10s
H    0     0                    1677423.0668 692153.261  58.7%     -   10s
H    0     0                    1623272.7883 692153.261  57.4%     -   10s
H    0     0                    1601184.2291 692153.261  56.8%     -   10s
H    0     0                    1568997.1907 692153.261  55.9%     -   12s
H    0     0                    1524678.1837 692153.261  54.6%     -   12s
H    0     0                    1512842.9219 692153.261  54.2%     -   12s
H    0     0                    1511240.7380 692153.261  54.2%     -   12s
H    0     0                    1496895.4560 692153.261  53.8%     -   12s
H    0     0                    1485411.1889 692153.261  53.4%     -   12s
H    0     0                    1412013.8958 692153.261  51.0%     -   12s
H    0     0                    1411791.7641 692153.261  51.0%     -   12s
     0     0 693165.382    0  204 1411791.76 693165.382  50.9%     -   13s
     0     0 693165.594    0  204 1411791.76 693165.594  50.9%     -   14s
     0     0 693165.630    0  205 1411791.76 693165.630  50.9%     -   14s
H    0     0                    1402532.0672 693165.701  50.6%     -   14s
H    0     0                    1401436.5235 693165.701  50.5%     -   14s
H    0     0                    1400436.0678 693165.701  50.5%     -   14s
H    0     0                    1394122.0233 693165.701  50.3%     -   15s
H    0     0                    1393860.3106 693165.701  50.3%     -   15s
     0     0 693188.233    0  199 1393860.31 693188.233  50.3%     -   16s
H    0     0                    1393320.1327 696259.166  50.0%     -   18s
H    0     0                    1377442.6345 696259.166  49.5%     -   18s
H    0     0                    1377101.7379 696259.166  49.4%     -   18s
H    0     0                    1365683.8003 696259.166  49.0%     -   18s
     0     0 696259.166    0  207 1365683.80 696259.166  49.0%     -   18s
H    0     0                    1357807.7624 696644.581  48.7%     -   19s
     0     0 696644.581    0  213 1357807.76 696644.581  48.7%     -   19s
     0     0 696644.581    0  213 1357807.76 696644.581  48.7%     -   19s
     0     0 698102.079    0  214 1357807.76 698102.079  48.6%     -   21s
     0     0 698110.133    0  202 1357807.76 698110.133  48.6%     -   21s
H    0     0                    1344337.6984 698110.133  48.1%     -   22s
H    0     0                    1277190.1049 698110.133  45.3%     -   22s
H    0     0                    1274811.4044 698110.133  45.2%     -   23s
H    0     0                    1274340.1292 698110.133  45.2%     -   23s
H    0     0                    1272138.4482 698110.133  45.1%     -   23s
H    0     0                    1269996.7801 698110.133  45.0%     -   23s
H    0     0                    1267795.0991 698110.133  44.9%     -   23s
H    0     0                    1252139.6083 698110.133  44.2%     -   23s
H    0     0                    1251014.5674 698110.133  44.2%     -   23s
H    0     0                    1247318.7338 698110.133  44.0%     -   23s
H    0     0                    1247093.9763 698110.133  44.0%     -   23s
H    0     0                    1234468.3377 698110.133  43.4%     -   23s
     0     0 698117.548    0  200 1234468.34 698117.548  43.4%     -   23s
     0     0 702333.367    0  221 1234468.34 702333.367  43.1%     -   26s
     0     0 702418.908    0  238 1234468.34 702418.908  43.1%     -   26s
H    0     0                    1233729.9456 702423.805  43.1%     -   27s
H    0     0                    1228722.0680 702423.805  42.8%     -   28s
H    0     0                    1228549.6417 702423.805  42.8%     -   29s
H    0     0                    1214755.2810 702423.805  42.2%     -   31s
H    0     0                    1203981.7650 702423.805  41.7%     -   40s
H    0     0                    1201880.9355 702423.805  41.6%     -   40s
     0     0 703394.361    0  247 1201880.94 703394.361  41.5%     -   43s
     0     0 703394.361    0  246 1201880.94 703394.361  41.5%     -   43s
H    0     0                    1184023.1895 703876.691  40.6%     -   43s
H    0     0                    1183103.0588 703876.691  40.5%     -   43s
     0     0 703876.691    0  185 1183103.06 703876.691  40.5%     -   43s
     0     0 703886.510    0  213 1183103.06 703886.510  40.5%     -   44s
     0     0 703886.524    0  217 1183103.06 703886.524  40.5%     -   44s
H    0     0                    1174012.5403 703886.524  40.0%     -   44s
H    0     0                    1172583.4681 703886.524  40.0%     -   44s
H    0     0                    1154098.0337 703886.524  39.0%     -   44s
     0     0 710245.471    0  210 1154098.03 710245.471  38.5%     -   46s
H    0     0                    1150080.2273 710251.583  38.2%     -   46s
H    0     0                    1134190.2447 710251.583  37.4%     -   47s
H    0     0                    1116985.0961 710251.583  36.4%     -   47s
     0     0 710603.089    0  235 1116985.10 710603.089  36.4%     -   48s
     0     0 710657.190    0  260 1116985.10 710657.190  36.4%     -   49s
     0     0 710722.890    0  277 1116985.10 710722.890  36.4%     -   49s
     0     0 710735.675    0  281 1116985.10 710735.675  36.4%     -   49s
     0     0 710736.557    0  260 1116985.10 710736.557  36.4%     -   50s
     0     0 714337.988    0  282 1116985.10 714337.988  36.0%     -   51s
     0     0 714441.107    0  310 1116985.10 714441.107  36.0%     -   52s
     0     0 714441.542    0  311 1116985.10 714441.542  36.0%     -   52s
     0     0 714444.600    0  308 1116985.10 714444.600  36.0%     -   52s
     0     0 714445.292    0  310 1116985.10 714445.292  36.0%     -   52s
     0     0 714449.493    0  306 1116985.10 714449.493  36.0%     -   52s
     0     0 714535.368    0  317 1116985.10 714535.368  36.0%     -   52s
     0     0 714535.395    0  308 1116985.10 714535.395  36.0%     -   53s
     0     0 718388.453    0  311 1116985.10 718388.453  35.7%     -   54s
H    0     0                    1115943.0597 718389.501  35.6%     -   55s
H    0     0                    1113366.9056 718389.501  35.5%     -   55s
     0     0 718894.178    0  305 1113366.91 718894.178  35.4%     -   56s
     0     0 718897.094    0  325 1113366.91 718897.094  35.4%     -   56s
     0     0 718958.789    0  342 1113366.91 718958.789  35.4%     -   56s
     0     0 718959.015    0  301 1113366.91 718959.015  35.4%     -   56s
     0     0 719729.109    0  277 1113366.91 719729.109  35.4%     -   58s
     0     0 719834.672    0  304 1113366.91 719834.672  35.3%     -   58s
     0     0 720004.516    0  296 1113366.91 720004.516  35.3%     -   59s
     0     0 720044.629    0  321 1113366.91 720044.629  35.3%     -   59s
     0     0 720050.355    0  281 1113366.91 720050.355  35.3%     -   59s
H    0     0                    1100549.4064 720050.355  34.6%     -   60s
     0     0 720586.491    0  216 1100549.41 720586.491  34.5%     -   60s
H    0     0                    1097608.5457 720586.653  34.3%     -   63s
H    0     0                    1083266.2721 720619.419  33.5%     -   63s
     0     0 720619.419    0  211 1083266.27 720619.419  33.5%     -   63s
     0     0 720627.537    0  244 1083266.27 720627.537  33.5%     -   64s
     0     0 720627.814    0  228 1083266.27 720627.814  33.5%     -   64s
     0     0 721340.999    0  319 1083266.27 721340.999  33.4%     -   66s
     0     0 721342.496    0  311 1083266.27 721342.496  33.4%     -   66s
     0     0 721445.560    0  321 1083266.27 721445.560  33.4%     -   67s
     0     0 721445.560    0  105 1083266.27 721445.560  33.4%     -   78s
H    0     0                    1082961.6177 721445.560  33.4%     -   83s
     0     0 721445.560    0  153 1082961.62 721445.560  33.4%     -   87s
H    0     0                    1082893.0620 721445.560  33.4%     -   88s
     0     0 721445.560    0  143 1082893.06 721445.560  33.4%     -   89s
     0     0 721445.560    0  135 1082893.06 721445.560  33.4%     -   90s
     0     0 721445.560    0  151 1082893.06 721445.560  33.4%     -   90s
     0     0 721445.560    0  161 1082893.06 721445.560  33.4%     -   91s
     0     0 721445.560    0  189 1082893.06 721445.560  33.4%     -   92s
     0     0 721445.560    0  261 1082893.06 721445.560  33.4%     -   93s
     0     0 721445.560    0  263 1082893.06 721445.560  33.4%     -   94s
     0     0 722458.416    0  237 1082893.06 722458.416  33.3%     -   95s
     0     0 722725.653    0  270 1082893.06 722725.653  33.3%     -   96s
     0     0 722904.844    0  308 1082893.06 722904.844  33.2%     -   96s
     0     0 722926.217    0  322 1082893.06 722926.217  33.2%     -   96s
     0     0 722944.916    0  333 1082893.06 722944.916  33.2%     -   96s
     0     0 722945.132    0  334 1082893.06 722945.132  33.2%     -   96s
H    0     0                    1080690.1181 722945.132  33.1%     -   97s
     0     0 724645.158    0  259 1080690.12 724645.158  32.9%     -   98s
     0     0 724832.030    0  264 1080690.12 724832.030  32.9%     -   99s
     0     0 724833.878    0  264 1080690.12 724833.878  32.9%     -   99s
     0     0 727876.593    0  271 1080690.12 727876.593  32.6%     -  103s
H    0     0                    1078566.6327 727876.742  32.5%     -  104s
     0     0 728070.379    0  297 1078566.63 728070.379  32.5%     -  105s
     0     0 728091.364    0  311 1078566.63 728091.364  32.5%     -  105s
     0     0 728091.383    0  305 1078566.63 728091.383  32.5%     -  105s
     0     0 728091.383    0  302 1078566.63 728091.383  32.5%     -  105s
H    0     0                    1077647.7005 732850.766  32.0%     -  109s
H    0     0                    1077479.2942 732850.766  32.0%     -  109s
     0     0 732850.766    0  402 1077479.29 732850.766  32.0%     -  109s
     0     0 733671.559    0  413 1077479.29 733671.559  31.9%     -  111s
     0     0 733784.621    0  383 1077479.29 733784.621  31.9%     -  111s
     0     0 733784.621    0  382 1077479.29 733784.621  31.9%     -  111s
H    0     0                    1071587.3228 736098.675  31.3%     -  113s
     0     0 736098.675    0  372 1071587.32 736098.675  31.3%     -  113s
H    0     0                    1070472.8312 736099.031  31.2%     -  114s
H    0     0                    1064938.6589 736099.031  30.9%     -  114s
H    0     0                    1063760.3969 736099.031  30.8%     -  114s
H    0     0                    1063184.0334 736099.031  30.8%     -  115s
H    0     0                    1063074.7928 736099.031  30.8%     -  115s
H    0     0                    1060617.4215 736600.708  30.5%     -  115s
     0     0 736600.708    0  377 1060617.42 736600.708  30.5%     -  115s
H    0     0                    1059821.4479 737502.922  30.4%     -  116s
     0     0 737502.922    0  418 1059821.45 737502.922  30.4%     -  116s
     0     0 737574.002    0  455 1059821.45 737574.002  30.4%     -  116s
     0     0 737596.720    0  429 1059821.45 737596.720  30.4%     -  117s
     0     0 740081.489    0  411 1059821.45 740081.489  30.2%     -  118s
     0     0 740293.220    0  402 1059821.45 740293.220  30.1%     -  119s
     0     0 740303.786    0  392 1059821.45 740303.786  30.1%     -  119s
     0     0 740305.861    0  379 1059821.45 740305.861  30.1%     -  119s
     0     0 741932.982    0  403 1059821.45 741932.982  30.0%     -  120s
H    0     0                    1043380.8940 741933.743  28.9%     -  121s
H    0     0                    1043214.4456 741933.743  28.9%     -  121s
H    0     0                    1029694.8099 741933.743  27.9%     -  122s
     0     0 742791.392    0  452 1029694.81 742791.392  27.9%     -  123s
     0     0 742861.133    0  447 1029694.81 742861.133  27.9%     -  123s
     0     0 742864.944    0  429 1029694.81 742864.944  27.9%     -  123s
     0     0 746206.432    0  405 1029694.81 746206.432  27.5%     -  125s
     0     0 746592.562    0  388 1029694.81 746592.562  27.5%     -  126s
     0     0 746592.562    0  390 1029694.81 746592.562  27.5%     -  126s
     0     0 746592.562    0  404 1029694.81 746592.562  27.5%     -  126s
     0     0 749284.962    0  452 1029694.81 749284.962  27.2%     -  128s
H    0     0                    1029058.2684 749318.303  27.2%     -  129s
     0     0 749989.712    0  478 1029058.27 749989.712  27.1%     -  130s
     0     0 750110.959    0  491 1029058.27 750110.959  27.1%     -  130s
     0     0 750123.769    0  492 1029058.27 750123.769  27.1%     -  130s
     0     0 750151.291    0  469 1029058.27 750151.291  27.1%     -  130s
     0     0 750151.863    0  446 1029058.27 750151.863  27.1%     -  130s
     0     0 754214.694    0  457 1029058.27 754214.694  26.7%     -  132s
     0     0 755227.904    0  501 1029058.27 755227.904  26.6%     -  133s
     0     0 755227.904    0  501 1029058.27 755227.904  26.6%     -  133s
     0     0 755522.279    0  477 1029058.27 755522.279  26.6%     -  133s
     0     0 755595.213    0  466 1029058.27 755595.213  26.6%     -  133s
     0     0 755598.260    0  468 1029058.27 755598.260  26.6%     -  133s
     0     0 758224.282    0  413 1029058.27 758224.282  26.3%     -  135s
H    0     0                    1028735.8550 758226.722  26.3%     -  136s
     0     0 758693.149    0  415 1028735.86 758693.149  26.2%     -  137s
     0     0 758694.339    0  408 1028735.86 758694.339  26.2%     -  137s
     0     0 758941.879    0  460 1028735.86 758941.879  26.2%     -  138s
     0     0 758977.891    0  437 1028735.86 758977.891  26.2%     -  138s
     0     0 759011.039    0  442 1028735.86 759011.039  26.2%     -  138s
     0     0 759045.119    0  475 1028735.86 759045.119  26.2%     -  138s
     0     0 759045.733    0  474 1028735.86 759045.733  26.2%     -  138s
     0     0 764424.956    0  392 1028735.86 764424.956  25.7%     -  140s
     0     0 765231.356    0  390 1028735.86 765231.356  25.6%     -  141s
     0     0 765303.338    0  396 1028735.86 765303.338  25.6%     -  141s
     0     0 765312.638    0  397 1028735.86 765312.638  25.6%     -  141s
     0     0 766987.651    0  412 1028735.86 766987.651  25.4%     -  142s
H    0     0                    1027479.2768 767420.679  25.3%     -  143s
     0     0 767420.679    0  433 1027479.28 767420.679  25.3%     -  144s
     0     0 767420.679    0  392 1027479.28 767420.679  25.3%     -  144s
     0     0 767420.679    0  390 1027479.28 767420.679  25.3%     -  144s
     0     0 770862.953    0  345 1027479.28 770862.953  25.0%     -  145s
     0     0 771214.436    0  370 1027479.28 771214.436  24.9%     -  146s
     0     0 771230.642    0  405 1027479.28 771230.642  24.9%     -  146s
     0     0 771230.728    0  421 1027479.28 771230.728  24.9%     -  146s
     0     0 772612.986    0  359 1027479.28 772612.986  24.8%     -  148s
     0     0 773064.439    0  390 1027479.28 773064.439  24.8%     -  149s
     0     0 773126.962    0  391 1027479.28 773126.962  24.8%     -  150s
     0     0 773161.134    0  406 1027479.28 773161.134  24.8%     -  150s
     0     0 773179.123    0  408 1027479.28 773179.123  24.7%     -  150s
     0     0 773183.694    0  416 1027479.28 773183.694  24.7%     -  150s
     0     0 775886.971    0  380 1027479.28 775886.971  24.5%     -  152s
     0     0 775886.983    0  380 1027479.28 775886.983  24.5%     -  152s
     0     0 776399.496    0  405 1027479.28 776399.496  24.4%     -  152s
     0     0 776401.454    0  397 1027479.28 776401.454  24.4%     -  152s
     0     0 776407.112    0  398 1027479.28 776407.112  24.4%     -  152s
     0     0 779344.083    0  374 1027479.28 779344.083  24.1%     -  154s
H    0     0                    1024971.8140 779494.839  23.9%     -  155s
H    0     0                    1016636.4707 779494.839  23.3%     -  155s
     0     0 779805.272    0  399 1016636.47 779805.272  23.3%     -  156s
     0     0 779807.159    0  399 1016636.47 779807.159  23.3%     -  156s
     0     0 779823.114    0  397 1016636.47 779823.114  23.3%     -  156s
     0     0 779946.773    0  416 1016636.47 779946.773  23.3%     -  157s
     0     0 779950.436    0  477 1016636.47 779950.436  23.3%     -  157s
     0     0 781475.840    0  362 1016636.47 781475.840  23.1%     -  158s
H    0     0                    1015695.9378 781476.338  23.1%     -  159s
H    0     0                    1015541.8713 781476.338  23.0%     -  159s
     0     0 781583.686    0  404 1015541.87 781583.686  23.0%     -  160s
     0     0 781700.631    0  394 1015541.87 781700.631  23.0%     -  161s
     0     0 781785.931    0  392 1015541.87 781785.931  23.0%     -  161s
     0     0 781793.653    0  388 1015541.87 781793.653  23.0%     -  161s
     0     0 783385.769    0  372 1015541.87 783385.769  22.9%     -  163s
H    0     0                    1015451.2699 783657.186  22.8%     -  164s
     0     0 783657.186    0  450 1015451.27 783657.186  22.8%     -  174s
     0     0 783657.186    0  455 1015451.27 783657.186  22.8%     -  174s
     0     0 783657.186    0  460 1015451.27 783657.186  22.8%     -  174s
     0     0 783657.186    0  443 1015451.27 783657.186  22.8%     -  174s
     0     0 783657.186    0  465 1015451.27 783657.186  22.8%     -  175s
     0     0 785587.594    0  385 1015451.27 785587.594  22.6%     -  176s
     0     0 785705.459    0  380 1015451.27 785705.459  22.6%     -  177s
     0     0 785719.843    0  399 1015451.27 785719.843  22.6%     -  177s
     0     0 786291.241    0  383 1015451.27 786291.241  22.6%     -  178s
     0     0 786750.366    0  428 1015451.27 786750.366  22.5%     -  179s
     0     0 786788.213    0  384 1015451.27 786788.213  22.5%     -  179s
     0     0 786790.171    0  390 1015451.27 786790.171  22.5%     -  179s
     0     0 787878.518    0  374 1015451.27 787878.518  22.4%     -  181s
H    0     0                    1015314.1633 787880.493  22.4%     -  181s
     0     0 788036.889    0  347 1015314.16 788036.889  22.4%     -  184s
     0     0 788163.516    0  361 1015314.16 788163.516  22.4%     -  184s
     0     0 788183.773    0  401 1015314.16 788183.773  22.4%     -  184s
     0     0 788186.481    0  429 1015314.16 788186.481  22.4%     -  184s
     0     0 789138.538    0  462 1015314.16 789138.538  22.3%     -  186s
     0     0 789138.673    0  462 1015314.16 789138.673  22.3%     -  186s
     0     0 789139.427    0  460 1015314.16 789139.427  22.3%     -  186s
H    0     0                    1010690.3599 789183.134  21.9%     -  187s
     0     0 789183.134    0  461 1010690.36 789183.134  21.9%     -  187s
     0     0 789746.762    0  500 1010690.36 789746.762  21.9%     -  190s
     0     0 790134.071    0  480 1010690.36 790134.071  21.8%     -  190s
     0     0 790318.242    0  452 1010690.36 790318.242  21.8%     -  191s
     0     0 790340.978    0  429 1010690.36 790340.978  21.8%     -  191s
     0     0 790341.243    0  429 1010690.36 790341.243  21.8%     -  191s
     0     0 791007.936    0  453 1010690.36 791007.936  21.7%     -  193s
     0     0 791107.515    0  504 1010690.36 791107.515  21.7%     -  194s
     0     0 791107.515    0  500 1010690.36 791107.515  21.7%     -  194s
     0     0 791490.058    0  457 1010690.36 791490.058  21.7%     -  196s
     0     0 791588.271    0  421 1010690.36 791588.271  21.7%     -  196s
     0     0 791789.543    0  346 1010690.36 791789.543  21.7%     -  197s
     0     0 791824.892    0  361 1010690.36 791824.892  21.7%     -  197s
     0     0 791836.297    0  335 1010690.36 791836.297  21.7%     -  197s
     0     0 792466.862    0  323 1010690.36 792466.862  21.6%     -  199s
H    0     0                    1010357.5219 792661.142  21.5%     -  200s
     0     0 792661.142    0  336 1010357.52 792661.142  21.5%     -  200s
     0     0 792661.142    0  364 1010357.52 792661.142  21.5%     -  201s
     0     0 792661.142    0  310 1010357.52 792661.142  21.5%     -  201s
     0     0 792990.448    0  400 1010357.52 792990.448  21.5%     -  202s
     0     0 793118.231    0  403 1010357.52 793118.231  21.5%     -  203s
     0     0 793165.889    0  425 1010357.52 793165.889  21.5%     -  203s
     0     0 793171.714    0  419 1010357.52 793171.714  21.5%     -  203s
     0     0 793675.233    0  316 1010357.52 793675.233  21.4%     -  205s
     0     0 793795.264    0  436 1010357.52 793795.264  21.4%     -  212s
     0     0 793944.393    0  381 1010357.52 793944.393  21.4%     -  213s
     0     0 793999.627    0  390 1010357.52 793999.627  21.4%     -  214s
     0     0 794018.146    0  384 1010357.52 794018.146  21.4%     -  214s
     0     0 794018.759    0  385 1010357.52 794018.759  21.4%     -  214s
     0     0 794380.480    0  291 1010357.52 794380.480  21.4%     -  215s
     0     0 794519.955    0  363 1010357.52 794519.955  21.4%     -  220s
     0     0 794570.701    0  368 1010357.52 794570.701  21.4%     -  221s
     0     0 794572.719    0  388 1010357.52 794572.719  21.4%     -  221s
     0     0 794892.575    0  451 1010357.52 794892.575  21.3%     -  222s
     0     0 794943.571    0  444 1010357.52 794943.571  21.3%     -  223s
     0     0 794978.070    0  464 1010357.52 794978.070  21.3%     -  223s
     0     0 795006.515    0  454 1010357.52 795006.515  21.3%     -  223s
     0     0 795012.877    0  438 1010357.52 795012.877  21.3%     -  223s
     0     0 795465.149    0  440 1010357.52 795465.149  21.3%     -  225s
     0     0 795587.527    0  451 1010357.52 795587.527  21.3%     -  225s
     0     0 795731.068    0  405 1010357.52 795731.068  21.2%     -  226s
     0     0 795825.424    0  416 1010357.52 795825.424  21.2%     -  226s
     0     0 795837.523    0  384 1010357.52 795837.523  21.2%     -  226s
     0     0 796206.777    0  416 1010357.52 796206.777  21.2%     -  228s
     0     0 796221.713    0  494 1010357.52 796221.713  21.2%     -  228s
     0     0 796347.945    0  497 1010357.52 796347.945  21.2%     -  229s
     0     0 796349.891    0  497 1010357.52 796349.891  21.2%     -  230s
     0     0 796349.891    0  497 1010357.52 796349.891  21.2%     -  230s
     0     0 796349.891    0  479 1010357.52 796349.891  21.2%     -  230s
H    0     0                    1001749.1528 796362.514  20.5%     -  252s
     0     2 796362.514    0  476 1001749.15 796362.514  20.5%     -  253s
     1     4 796432.921    1  441 1001749.15 796362.514  20.5%   760  255s
     7    16 796997.703    3  443 1001749.15 796721.318  20.5%   982  260s
H   17    32                    999733.92728 796997.766  20.3%  1232  264s
H   20    32                    999691.90488 796997.766  20.3%  1236  264s
    31    56 797073.410    5  412 999691.905 797010.206  20.3%  1165  270s
    55    80 797359.664    6  566 999691.905 797068.441  20.3%   984  276s
H   60    80                    998382.54799 797068.441  20.2%   971  276s
    79   133 797391.488    7  528 998382.548 797072.090  20.2%   913  282s
   132   173 797663.647    8  491 998382.548 797072.090  20.2%   738  288s
   172   215 797733.110    9  453 998382.548 797072.090  20.2%   690  295s
   214   263 797927.231   10  486 998382.548 797072.090  20.2%   674  303s
   265   287 805125.550   10  391 998382.548 797072.090  20.2%   667  310s
   289   318 804195.897   11  330 998382.548 797072.090  20.2%   698  316s
   320   366 799742.807   13  345 998382.548 797072.090  20.2%   715  322s
   368   404 800807.913   18  255 998382.548 797072.090  20.2%   670  329s
   406   438 812876.605   23  301 998382.548 797072.090  20.2%   660  336s
   441   480 813574.649   28  332 998382.548 797072.090  20.2%   662  341s
   483   524 813994.756   32  283 998382.548 797072.090  20.2%   632  347s
   528   568 814054.670   35  301 998382.548 797072.090  20.2%   608  352s
   575   610 814418.081   39  341 998382.548 797072.090  20.2%   579  358s
   619   666 814949.373   43  327 998382.548 797079.686  20.2%   565  365s
   675   716 825285.472   44  346 998382.548 797079.686  20.2%   546  370s
   725   761 826034.856   47  324 998382.548 797079.686  20.2%   528  377s
   770   793 826829.634   49  249 998382.548 797079.686  20.2%   517  382s
   802   830 826919.285   50  245 998382.548 797079.686  20.2%   506  387s
   839   875 826936.120   51  258 998382.548 797079.686  20.2%   495  393s
   884   957 827252.224   55  249 998382.548 797079.686  20.2%   484  400s
   966  1007 827390.577   57  252 998382.548 797079.686  20.2%   460  410s
  1016  1091 827656.796   59  228 998382.548 797079.686  20.2%   463  419s
  1100  1169 827670.067   61  227 998382.548 797079.686  20.2%   453  428s
  1180  1199 828075.438   63  231 998382.548 797079.686  20.2%   438  437s
H 1182  1199                    991014.40613 797079.686  19.6%   438  437s
  1210  1280 832243.707   63  307 991014.406 797079.686  19.6%   442  444s
H 1248  1280                    990918.03250 797079.686  19.6%   435  444s
  1291  1401 828136.701   64  241 990918.033 797079.686  19.6%   429  451s
H 1338  1401                    990662.05150 797079.686  19.5%   419  451s
H 1348  1401                    990419.55917 797079.686  19.5%   418  451s
  1412  1572 828255.325   72  240 990419.559 797079.686  19.5%   412  463s
H 1438  1572                    990382.17468 797079.686  19.5%   409  463s
  1584  1661 828448.313   83  252 990382.175 797079.686  19.5%   397  470s
  1675  1737 828513.227   92  253 990382.175 797079.686  19.5%   389  477s
  1758  1853 828540.005   94  255 990382.175 797079.686  19.5%   381  485s
  1882  1998 829278.125  107  227 990382.175 797361.948  19.5%   375  495s
  2029  2106 830556.096  111  277 990382.175 797361.948  19.5%   368  504s
  2137  2249 829875.318  111  218 990382.175 797361.948  19.5%   364  513s
  2292  2382 830484.018  115  184 990382.175 797361.948  19.5%   356  525s
  2431  2555 830599.171  120  211 990382.175 797363.469  19.5%   357  537s
  2611  2724 830725.629  125  187 990382.175 797363.469  19.5%   352  549s
  2791  2883 831051.075  135  197 990382.175 797363.469  19.5%   350  561s
  2950  3028 833680.492  140  216 990382.175 797363.469  19.5%   350  572s
  3099  3157 832877.243  149  149 990382.175 797363.469  19.5%   349  584s
  3232  3295 832881.057  150  151 990382.175 797363.469  19.5%   348  596s
  3378  3361 833819.121  151  149 990382.175 797363.469  19.5%   348  600s

Cutting planes:
  Learned: 5
  Gomory: 14
  Lift-and-project: 32
  Cover: 149
  Implied bound: 434
  Clique: 42
  MIR: 704
  Knapsack: 8
  StrongCG: 220
  Flow cover: 212
  GUB cover: 42
  RLT: 308
  Relax-and-lift: 60
  BQP: 10

Explored 3444 nodes (1340138 simplex iterations) in 600.05 seconds (818.72 work units)
Thread count was 24 (of 24 available processors)

Solution count 10: 990382 990420 990662 ... 1.01036e+06

Time limit reached
Best objective 9.903821746799e+05, best bound 7.973634686374e+05, gap 19.4893%
