
Gurobi 13.0.2 (linux64, Python) logging started Thu Aug 13 23:25:12 2026

Set parameter LogToConsole to value 0
Set parameter Username
Set parameter LicenseID to value 2748191
Set parameter TimeLimit to value 120
Set parameter LogFile to value "output/bz_nbr7008_095/weighted_loss/retail_y_4__retail_v_4__rolled_leftover_2/period_2/gurobi.log"
Academic license - for non-commercial use only - expires 2026-12-01
Gurobi Optimizer version 13.0.2 build v13.0.2rc1 (linux64 - "Debian GNU/Linux 13 (trixie)")

CPU model: 13th Gen Intel(R) Core(TM) i7-13700HX, instruction set [SSE2|AVX|AVX2]
Thread count: 24 physical cores, 24 logical processors, using up to 24 threads

Non-default parameters:
TimeLimit  120
LogToConsole  0

Optimize a model with 9361 rows, 6617 columns and 24838 nonzeros (Min)
Model fingerprint: 0x4910b788
Model has 2335 linear objective coefficients and an objective constant of 32325.749376
Variable types: 5352 continuous, 1265 integer (1265 binary)
Coefficient statistics:
  Matrix range     [1e-02, 1e+04]
  Objective range  [2e+01, 1e+05]
  Bounds range     [1e+00, 1e+00]
  RHS range        [1e-01, 3e+04]

Presolve removed 7241 rows and 5104 columns
Presolve time: 0.07s
Presolved: 2120 rows, 1513 columns, 8517 nonzeros
Variable types: 969 continuous, 544 integer (522 binary)
Found heuristic solution: objective 1598246.4111

Root relaxation: objective 3.045905e+05, 755 iterations, 0.01 seconds (0.02 work units)

    Nodes    |    Current Node    |     Objective Bounds      |     Work
 Expl Unexpl |  Obj  Depth IntInf | Incumbent    BestBd   Gap | It/Node Time

     0     0 304590.541    0   33 1598246.41 304590.541  80.9%     -    0s
H    0     0                    605103.16788 304590.541  49.7%     -    0s
     0     0 304590.541    0   27 605103.168 304590.541  49.7%     -    0s
     0     0 304591.190    0   28 605103.168 304591.190  49.7%     -    0s
     0     0 304591.190    0   45 605103.168 304591.190  49.7%     -    0s
     0     0 304591.190    0   26 605103.168 304591.190  49.7%     -    0s
H    0     0                    585933.39217 304591.190  48.0%     -    0s
H    0     0                    526510.23031 304591.190  42.1%     -    0s
H    0     0                    526230.84159 304591.190  42.1%     -    0s
H    0     0                    526011.68694 304591.190  42.1%     -    0s
     0     0 304591.190    0   33 526011.687 304591.190  42.1%     -    0s
     0     0 304591.190    0   48 526011.687 304591.190  42.1%     -    0s
     0     0 304591.190    0   38 526011.687 304591.190  42.1%     -    0s
     0     0 304592.321    0   56 526011.687 304592.321  42.1%     -    0s
     0     0 304592.538    0   43 526011.687 304592.538  42.1%     -    0s
     0     0 308252.891    0   32 526011.687 308252.891  41.4%     -    0s
     0     0 308252.891    0   32 526011.687 308252.891  41.4%     -    0s
     0     0 308252.891    0   31 526011.687 308252.891  41.4%     -    0s
     0     0 308258.899    0   41 526011.687 308258.899  41.4%     -    0s
     0     0 308258.899    0   38 526011.687 308258.899  41.4%     -    0s
     0     0 310442.461    0   55 526011.687 310442.461  41.0%     -    0s
     0     0 310511.147    0   59 526011.687 310511.147  41.0%     -    0s
     0     0 310511.147    0   62 526011.687 310511.147  41.0%     -    0s
     0     0 310511.147    0   70 526011.687 310511.147  41.0%     -    0s
H    0     0                    513724.27159 310640.409  39.5%     -    0s
     0     0 310640.409    0   70 513724.272 310640.409  39.5%     -    0s
     0     0 310709.956    0   80 513724.272 310709.956  39.5%     -    0s
H    0     0                    511491.26253 310709.956  39.3%     -    0s
H    0     0                    500762.67328 310709.956  38.0%     -    0s
H    0     0                    497814.51499 310709.956  37.6%     -    0s
H    0     0                    496167.21075 310709.956  37.4%     -    0s
     0     0 310755.390    0   66 496167.211 310755.390  37.4%     -    0s
H    0     0                    478813.89478 310755.390  35.1%     -    0s
H    0     0                    453309.91944 310755.390  31.4%     -    0s
H    0     0                    452339.05581 310755.390  31.3%     -    0s
     0     0 310755.390    0   64 452339.056 310755.390  31.3%     -    0s
     0     0 310760.906    0   62 452339.056 310760.906  31.3%     -    0s
     0     0 310760.906    0   62 452339.056 310760.906  31.3%     -    0s
     0     0 310760.906    0   67 452339.056 310760.906  31.3%     -    0s
     0     0 310760.906    0   67 452339.056 310760.906  31.3%     -    0s
     0     0 310760.906    0   64 452339.056 310760.906  31.3%     -    0s
H    0     0                    452172.51394 310761.088  31.3%     -    0s
     0     2 310761.088    0   64 452172.514 310761.088  31.3%     -    0s
H   19    32                    449554.86920 310761.187  30.9%  29.8    0s
H   21    32                    440741.86856 310761.187  29.5%  30.5    0s
H   24    32                    440352.10354 310761.839  29.4%  33.9    0s
H   61   106                    427462.96763 310959.458  27.3%  41.2    0s
H   97   106                    425792.90206 310959.458  27.0%  41.5    0s
H  161   177                    415695.84001 310959.458  25.2%  41.7    0s
H  361   369                    415372.70971 310959.458  25.1%  45.7    0s
H  363   369                    415105.63290 310959.458  25.1%  46.4    0s
H 1029   758                    414783.11743 311011.085  25.0%  39.1    0s
H 1245   869                    411333.24334 311011.085  24.4%  36.7    0s
H 1536  1030                    411301.81227 311102.435  24.4%  36.5    1s
H 1989  1323                    409172.66806 311102.435  24.0%  35.6    1s
H 2019  1323                    406911.20078 311102.435  23.5%  35.5    1s
* 2241  1367              42    405707.81582 311974.919  23.1%  34.9    1s
* 2999  1769              36    403122.19110 311981.277  22.6%  34.3    1s
* 3002  1638              36    395923.67344 311981.277  21.2%  34.3    1s
* 3542  1589              35    389708.05845 311984.548  19.9%  33.8    1s
H 4042  1577                    386980.66619 311993.343  19.4%  33.8    1s
  4221  1716 327481.507   35   52 386980.666 319351.509  17.5%  37.6    5s
 10151  3150 376668.260   39   40 386980.666 321411.376  16.9%  44.4   10s
 25943  8202 385584.070   43   35 386980.666 324369.817  16.2%  47.1   15s
 43847 13578     cutoff   43      386980.666 327819.236  15.3%  47.7   20s
 52324 15363 373228.596   52   64 386980.666 329662.948  14.8%  47.8   26s
 52357 15385 374284.295   42  183 386980.666 329662.948  14.8%  47.7   30s
 52402 15415 335532.688   44  150 386980.666 329662.948  14.8%  47.7   35s
 52435 15437 374953.807   44  181 386980.666 329662.948  14.8%  47.7   40s
 52459 15453 333015.258   42  193 386980.666 329662.948  14.8%  47.6   45s
 52480 15467 337055.408   43  197 386980.666 332049.597  14.2%  47.6   50s
 52504 15483 366797.114   44  179 386980.666 339624.982  12.2%  47.6   55s
 52530 15500 384965.183   41  188 386980.666 351501.773  9.17%  47.6   60s
 52554 15516 371630.498   59  195 386980.666 353437.642  8.67%  47.6   65s
 55068 15999 353447.297   50   59 386980.666 353440.879  8.67%  49.0   70s
H56455 15222                    385482.82737 353447.424  8.31%  49.5   70s
 65104 15657 382963.900   54   27 385482.827 353470.406  8.30%  51.9   75s
*73034 14994              72    385034.45126 353489.823  8.19%  53.7   79s
 74443 15044 370683.852   67   72 385034.451 353514.189  8.19%  53.9   80s
 86817 14875 367514.577   62   66 385034.451 353908.603  8.08%  55.7   85s
 98654 15396     cutoff   79      385034.451 354528.152  7.92%  56.5   90s
 111201 18669 372527.879   57   59 385034.451 355063.398  7.78%  57.3   95s
 119981 21234 365862.446   59   55 385034.451 355507.452  7.67%  57.7  100s
 132460 24261 379370.826   60   40 385034.451 356173.656  7.50%  58.0  105s
 144592 27105 380616.877   66   47 385034.451 356930.206  7.30%  58.1  110s
 156840 29464 383240.258   66   77 385034.451 357550.099  7.14%  58.3  116s
 165151 30956 359336.604   61   37 385034.451 357856.008  7.06%  58.6  120s

Cutting planes:
  Gomory: 15
  Lift-and-project: 8
  Cover: 514
  Implied bound: 112
  Projected implied bound: 19
  Clique: 3
  MIR: 508
  Mixing: 1
  StrongCG: 14
  Flow cover: 100
  GUB cover: 41
  Inf proof: 29
  Zero half: 51
  Network: 3
  RLT: 26
  Relax-and-lift: 53
  BQP: 3

Explored 165769 nodes (9726495 simplex iterations) in 120.01 seconds (126.83 work units)
Thread count was 24 (of 24 available processors)

Solution count 10: 385034 385483 386981 ... 411302

Time limit reached
Best objective 3.850344512586e+05, best bound 3.578683927115e+05, gap 7.0555%
