
Gurobi 13.0.2 (linux64, Python) logging started Sat Aug 22 16:21:13 2026

Set parameter LogToConsole to value 0
Set parameter Username
Set parameter LicenseID to value 2748191
Set parameter TimeLimit to value 120
Set parameter LogFile to value "output/bf_qcv_045/weighted_loss/retail_y_4__retail_v_4__retail_v_4__rolled_leftover_2/period_2/gurobi.log"
Academic license - for non-commercial use only - expires 2026-12-01
Gurobi Optimizer version 13.0.2 build v13.0.2rc1 (linux64 - "Debian GNU/Linux 13 (trixie)")

CPU model: 13th Gen Intel(R) Core(TM) i7-13700HX, instruction set [SSE2|AVX|AVX2]
Thread count: 24 physical cores, 24 logical processors, using up to 24 threads

Non-default parameters:
TimeLimit  120
LogToConsole  0

Optimize a model with 62981 rows, 50385 columns and 167574 nonzeros (Min)
Model fingerprint: 0xcf76f7f4
Model has 20430 linear objective coefficients and an objective constant of 5.0330295431999994e+03
Variable types: 40614 continuous, 9771 integer (9771 binary)
Coefficient statistics:
  Matrix range     [7e-03, 1e+04]
  Objective range  [2e+01, 1e+05]
  Bounds range     [1e+00, 1e+00]
  RHS range        [2e-01, 8e+04]

Presolve removed 45195 rows and 36154 columns
Presolve time: 0.29s
Presolved: 17786 rows, 14231 columns, 75122 nonzeros
Variable types: 9403 continuous, 4828 integer (4828 binary)
Found heuristic solution: objective 3.396544e+07
Found heuristic solution: objective 5030141.7994

Root relaxation: objective 1.567488e+06, 11851 iterations, 0.50 seconds (0.87 work units)

    Nodes    |    Current Node    |     Objective Bounds      |     Work
 Expl Unexpl |  Obj  Depth IntInf | Incumbent    BestBd   Gap | It/Node Time

     0     0 1567487.57    0  134 5030141.80 1567487.57  68.8%     -    0s
H    0     0                    1752796.1981 1567487.57  10.6%     -    1s
H    0     0                    1749683.3706 1567487.57  10.4%     -    1s
H    0     0                    1747983.9869 1567487.57  10.3%     -    1s
H    0     0                    1733876.3944 1567487.57  9.60%     -    1s
H    0     0                    1719997.6525 1567487.57  8.87%     -    1s
H    0     0                    1715043.0026 1567487.57  8.60%     -    2s
H    0     0                    1713455.4616 1567487.57  8.52%     -    2s
     0     0 1567829.07    0  146 1713455.46 1567829.07  8.50%     -    2s
H    0     0                    1710332.3927 1567829.37  8.33%     -    2s
H    0     0                    1705203.0363 1567829.37  8.06%     -    2s
H    0     0                    1699118.0857 1567829.37  7.73%     -    2s
H    0     0                    1694355.3458 1567829.37  7.47%     -    2s
H    0     0                    1688863.0960 1567829.37  7.17%     -    2s
     0     0 1567908.34    0  146 1688863.10 1567908.34  7.16%     -    2s
     0     0 1567957.28    0  146 1688863.10 1567957.28  7.16%     -    2s
     0     0 1568018.78    0  148 1688863.10 1568018.78  7.16%     -    2s
     0     0 1568073.22    0  148 1688863.10 1568073.22  7.15%     -    3s
     0     0 1568132.52    0  160 1688863.10 1568132.52  7.15%     -    3s
     0     0 1568163.55    0  172 1688863.10 1568163.55  7.15%     -    3s
     0     0 1568166.02    0  176 1688863.10 1568166.02  7.15%     -    3s
     0     0 1568166.02    0  178 1688863.10 1568166.02  7.15%     -    3s
     0     0 1568371.92    0  176 1688863.10 1568371.92  7.13%     -    3s
     0     0 1568401.15    0  180 1688863.10 1568401.15  7.13%     -    3s
     0     0 1568401.36    0  181 1688863.10 1568401.36  7.13%     -    3s
     0     0 1568737.30    0  198 1688863.10 1568737.30  7.11%     -    4s
     0     0 1568771.14    0  196 1688863.10 1568771.14  7.11%     -    4s
     0     0 1568771.24    0  198 1688863.10 1568771.24  7.11%     -    4s
H    0     0                    1687535.9098 1568771.24  7.04%     -    4s
H    0     0                    1683936.2886 1568771.24  6.84%     -    4s
H    0     0                    1681535.1026 1568771.24  6.71%     -    4s
H    0     0                    1681448.4596 1568771.24  6.70%     -    4s
H    0     0                    1681361.8166 1568771.24  6.70%     -    4s
H    0     0                    1677486.8160 1568771.24  6.48%     -    4s
     0     0 1569425.09    0  217 1677486.82 1569425.09  6.44%     -    4s
     0     0 1569490.41    0  210 1677486.82 1569490.41  6.44%     -    4s
     0     0 1569490.41    0  210 1677486.82 1569490.41  6.44%     -    4s
     0     0 1570750.49    0  214 1677486.82 1570750.49  6.36%     -    5s
H    0     0                    1669135.6916 1570750.52  5.89%     -    5s
H    0     0                    1668386.7496 1570750.52  5.85%     -    5s
H    0     0                    1668376.4926 1570750.52  5.85%     -    5s
H    0     0                    1668269.3126 1570750.52  5.85%     -    5s
     0     0 1570992.32    0  219 1668269.31 1570992.32  5.83%     -    5s
     0     0 1570996.68    0  221 1668269.31 1570996.68  5.83%     -    5s
     0     0 1570996.71    0  220 1668269.31 1570996.71  5.83%     -    5s
     0     0 1574255.71    0  232 1668269.31 1574255.71  5.64%     -    5s
     0     0 1574316.67    0  241 1668269.31 1574316.67  5.63%     -    6s
     0     0 1574321.34    0  241 1668269.31 1574321.34  5.63%     -    6s
     0     0 1574321.34    0  241 1668269.31 1574321.34  5.63%     -    6s
     0     0 1575527.22    0  245 1668269.31 1575527.22  5.56%     -    6s
     0     0 1575682.66    0  248 1668269.31 1575682.66  5.55%     -    6s
     0     0 1575686.89    0  251 1668269.31 1575686.89  5.55%     -    6s
     0     0 1575687.56    0  252 1668269.31 1575687.56  5.55%     -    6s
     0     0 1576062.85    0  250 1668269.31 1576062.85  5.53%     -    6s
     0     0 1576275.17    0  246 1668269.31 1576275.17  5.51%     -    7s
     0     0 1576276.25    0  247 1668269.31 1576276.25  5.51%     -    7s
     0     0 1576751.52    0  246 1668269.31 1576751.52  5.49%     -    7s
     0     0 1577064.09    0  248 1668269.31 1577064.09  5.47%     -    8s
     0     0 1577064.27    0  247 1668269.31 1577064.27  5.47%     -    8s
     0     0 1578648.20    0  241 1668269.31 1578648.20  5.37%     -    8s
     0     0 1578656.69    0  242 1668269.31 1578656.69  5.37%     -    8s
     0     0 1578657.02    0  243 1668269.31 1578657.02  5.37%     -    8s
     0     0 1581895.73    0  197 1668269.31 1581895.73  5.18%     -    8s
     0     0 1581971.44    0  188 1668269.31 1581971.44  5.17%     -    8s
     0     0 1581973.26    0  187 1668269.31 1581973.26  5.17%     -    8s
     0     0 1582525.82    0  193 1668269.31 1582525.82  5.14%     -    9s
     0     0 1582684.41    0  191 1668269.31 1582684.41  5.13%     -    9s
     0     0 1582711.80    0  192 1668269.31 1582711.80  5.13%     -    9s
     0     0 1582713.91    0  186 1668269.31 1582713.91  5.13%     -    9s
     0     0 1583279.07    0  170 1668269.31 1583279.07  5.09%     -    9s
     0     0 1583392.12    0  173 1668269.31 1583392.12  5.09%     -    9s
     0     0 1583480.08    0  179 1668269.31 1583480.08  5.08%     -    9s
     0     0 1583524.77    0  180 1668269.31 1583524.77  5.08%     -    9s
     0     0 1583528.05    0  184 1668269.31 1583528.05  5.08%     -    9s
     0     0 1583793.00    0  188 1668269.31 1583793.00  5.06%     -   10s
     0     0 1583852.89    0  179 1668269.31 1583852.89  5.06%     -   10s
     0     0 1583859.22    0  182 1668269.31 1583859.22  5.06%     -   10s
     0     0 1583987.07    0  187 1668269.31 1583987.07  5.05%     -   10s
     0     0 1584003.95    0  186 1668269.31 1584003.95  5.05%     -   10s
     0     0 1584010.93    0  188 1668269.31 1584010.93  5.05%     -   10s
     0     0 1584015.91    0  189 1668269.31 1584015.91  5.05%     -   10s
     0     0 1584049.24    0  189 1668269.31 1584049.24  5.05%     -   10s
     0     0 1584049.30    0  189 1668269.31 1584049.30  5.05%     -   10s
     0     0 1584049.30    0  189 1668269.31 1584049.30  5.05%     -   10s
     0     0 1584049.30    0  189 1668269.31 1584049.30  5.05%     -   10s
     0     2 1584051.87    0  189 1668269.31 1584051.87  5.05%     -   11s
H   38    56                    1666565.1128 1584151.54  4.95%  28.7   12s
H   71    80                    1666163.7147 1584155.44  4.92%  20.8   12s
H  224   248                    1666154.7451 1584163.54  4.92%  11.2   12s
H  230   248                    1666145.9426 1584163.54  4.92%  11.3   12s
H  707   709                    1665405.1943 1584163.54  4.88%   9.8   13s
H 2276  2236                    1665055.1254 1584163.89  4.86%   7.6   14s
  2550  2726 1585063.00   96  128 1665055.13 1584163.89  4.86%   7.5   15s
H 3438  3398                    1663655.9945 1584163.89  4.78%   8.2   17s
  3829  3740 1585217.87  148  124 1663655.99 1584163.89  4.78%   8.4   20s
H 3877  3777                    1663485.2565 1584163.89  4.77%   8.4   21s
H 4339  4219                    1663483.9048 1584163.89  4.77%   8.9   23s
  5049  5088 1596269.32  176  115 1663483.90 1584163.89  4.77%  10.5   25s
  6644  6652 1589430.41  221  114 1663483.90 1584169.11  4.77%  16.7   30s
  8785  8592 1607891.46  290   82 1663483.90 1584172.46  4.77%  18.4   35s
H 8828  8573                    1663219.3153 1584172.46  4.75%  18.4   35s
H 9995  9632                    1663207.1739 1584172.46  4.75%  19.2   39s
 10007  9925 1608657.15  336   76 1663207.17 1584172.46  4.75%  19.3   40s
H11355 11048                    1663207.1732 1584172.46  4.75%  20.8   43s
 11862 11789 1610806.97  424   62 1663207.17 1584172.46  4.75%  22.0   46s
 12780 12213 1585596.37   89  189 1663207.17 1584172.60  4.75%  23.0   51s
 12801 12227 1591319.29  244  165 1663207.17 1584538.67  4.73%  22.9   55s
 12829 12246 1599193.94  436  174 1663207.17 1599075.27  3.86%  22.9   60s
 12857 12264 1610445.01  222  125 1663207.17 1610445.01  3.17%  22.8   65s
 12886 12284 1614101.60  156  141 1663207.17 1614101.60  2.95%  22.8   70s
 12910 12300 1619045.34  129  148 1663207.17 1619045.34  2.66%  22.7   75s
 12931 12314 1622181.73  126  150 1663207.17 1622181.73  2.47%  22.7   80s
H12960 11713                    1663195.0436 1624000.53  2.36%  22.6   84s
 12962 11714 1624214.91  190  148 1663195.04 1624214.91  2.34%  22.6   85s
H12962 11125                    1663167.9218 1624214.91  2.34%  22.6   85s
 12990 11144 1624578.11  280  159 1663167.92 1624578.11  2.32%  22.6   90s
 13018 11163 1625607.20  282  163 1663167.92 1625607.20  2.26%  22.5   95s
H13036 10612                    1662895.3531 1625754.27  2.23%  22.5   97s
H13037 10077                    1662489.9422 1625754.37  2.21%  22.5   97s
 13053 10088 1626818.50  400  165 1662489.94 1626818.50  2.15%  22.5  100s
 13098 10118 1627711.55  267  186 1662489.94 1627711.55  2.09%  22.4  105s
H13103  9610                    1661916.7199 1627711.55  2.06%  22.4  106s
 13134  9631 1628497.81  355  171 1661916.72 1628497.81  2.01%  22.3  110s
 13175  9658 1629911.48  161  209 1661916.72 1629911.48  1.93%  22.3  115s
H13194  9180                    1661896.7269 1630389.31  1.90%  22.2  117s
H13203  8720                    1661880.2864 1630505.01  1.89%  22.2  119s
H13203  8277                    1661853.1293 1630505.01  1.89%  22.2  119s
H13203  7856                    1661848.8880 1630505.01  1.89%  22.2  119s

Cutting planes:
  Learned: 39
  Gomory: 230
  Lift-and-project: 127
  Cover: 183
  Implied bound: 19
  MIR: 858
  Mixing: 1
  StrongCG: 9
  Flow cover: 910
  RLT: 26
  Relax-and-lift: 73
  BQP: 3

Explored 13207 nodes (351094 simplex iterations) in 120.03 seconds (103.65 work units)
Thread count was 24 (of 24 available processors)

Solution count 10: 1.66185e+06 1.66185e+06 1.66185e+06 ... 1.66321e+06

Time limit reached
Best objective 1.661848887974e+06, best bound 1.630529556864e+06, gap 1.8846%
