
Gurobi 13.0.2 (linux64, Python) logging started Thu Aug 13 21:19:24 2026

Set parameter LogToConsole to value 0
Set parameter Username
Set parameter LicenseID to value 2748191
Set parameter TimeLimit to value 120
Set parameter LogFile to value "output/bz_nbr7008_043/weighted_loss/retail_y_2__retail_v_4__rolled_leftover_4/period_3/gurobi.log"
Academic license - for non-commercial use only - expires 2026-12-01
Gurobi Optimizer version 13.0.2 build v13.0.2rc1 (linux64 - "Debian GNU/Linux 13 (trixie)")

CPU model: 13th Gen Intel(R) Core(TM) i7-13700HX, instruction set [SSE2|AVX|AVX2]
Thread count: 24 physical cores, 24 logical processors, using up to 24 threads

Non-default parameters:
TimeLimit  120
LogToConsole  0

Optimize a model with 203626 rows, 136462 columns and 712557 nonzeros (Min)
Model fingerprint: 0x30aa9355
Model has 54450 linear objective coefficients and an objective constant of 381134.8911912
Variable types: 112452 continuous, 24010 integer (24010 binary)
Coefficient statistics:
  Matrix range     [1e-03, 1e+04]
  Objective range  [1e+01, 3e+05]
  Bounds range     [1e+00, 1e+00]
  RHS range        [1e-01, 4e+04]

Presolve removed 122065 rows and 84799 columns
Presolve time: 3.38s
Presolved: 81561 rows, 51663 columns, 817293 nonzeros
Variable types: 33802 continuous, 17861 integer (17815 binary)
Deterministic concurrent LP optimizer: primal simplex, dual simplex, and barrier
Showing barrier log only...

Root barrier log...

Ordering time: 0.40s

Barrier statistics:
 Dense cols : 24
 AA' NZ     : 7.154e+06
 Factor NZ  : 1.217e+07 (roughly 140 MB of memory)
 Factor Ops : 3.456e+09 (less than 1 second per iteration)
 Threads    : 21

                  Objective                Residual
Iter       Primal          Dual         Primal    Dual     Compl     Time
   0  -3.47463604e+09 -1.40605507e+10  2.78e+06 1.63e+02  3.81e+06     5s
   1  -1.96730159e+09 -1.27771133e+10  1.82e+06 3.44e+02  2.18e+06     5s
   2  -7.90642798e+08 -1.09538307e+10  6.44e+05 7.58e+01  7.94e+05     5s
   3  -2.04740640e+08 -5.52514956e+09  1.74e+05 3.20e+00  2.14e+05     5s
   4  -6.97866163e+06 -1.62237002e+09  1.85e+04 7.55e-11  2.79e+04     5s
   5   1.31785457e+07 -6.77502624e+08  3.31e+03 1.19e-10  7.39e+03     5s
   6   1.58485714e+07 -1.43723989e+08  1.20e+03 7.91e-11  1.70e+03     5s
   7   1.60829165e+07 -5.70102450e+07  7.61e+02 3.55e-11  7.89e+02     5s
   8   1.42512435e+07 -3.41792565e+07  3.72e+02 2.09e-11  4.57e+02     5s
   9   1.20910496e+07 -1.61828875e+07  2.04e+02 1.21e-11  2.50e+02     5s
  10   1.04330717e+07 -1.38835481e+07  1.31e+02 1.30e-11  2.03e+02     5s
  11   6.92009945e+06 -1.01785381e+07  7.06e+01 1.59e-11  1.37e+02     6s
  12   3.77229012e+06 -3.24043730e+06  3.03e+01 1.41e-11  5.62e+01     6s
  13   2.80309580e+06 -2.10917076e+06  1.96e+01 2.24e-11  3.92e+01     6s
  14   2.21171884e+06 -1.49991912e+06  1.30e+01 2.43e-11  2.93e+01     6s
  15   1.86092657e+06 -5.22871357e+05  8.51e+00 2.01e-11  1.90e+01     6s
  16   1.52301994e+06  5.09825781e+04  4.55e+00 2.63e-11  1.16e+01     6s
  17   1.27868730e+06  6.53497631e+05  1.92e+00 3.40e-11  4.94e+00     6s
  18   1.20570536e+06  8.68362181e+05  1.17e+00 2.49e-11  2.70e+00     6s
  19   1.13038224e+06  9.88827262e+05  3.92e-01 2.49e-11  1.10e+00     6s
  20   1.09923105e+06  1.02865693e+06  9.28e-02 1.46e-11  5.20e-01     6s
  21   1.09471812e+06  1.03990201e+06  6.92e-02 1.70e-11  4.03e-01     6s
  22   1.09162916e+06  1.06932797e+06  4.54e-02 1.91e-11  1.68e-01     6s
  23   1.08505034e+06  1.07952670e+06  6.47e-03 2.35e-11  4.04e-02     6s
  24   1.08400344e+06  1.08067396e+06  3.47e-03 1.76e-11  2.43e-02     6s
  25   1.08355372e+06  1.08137712e+06  2.33e-03 2.47e-11  1.59e-02     6s
  26   1.08313745e+06  1.08194070e+06  1.42e-03 1.99e-11  8.78e-03     6s
  27   1.08293780e+06  1.08207865e+06  1.03e-03 2.51e-11  6.31e-03     6s
  28   1.08273473e+06  1.08222112e+06  6.32e-04 3.20e-11  3.78e-03     7s
  29   1.08259820e+06  1.08235186e+06  3.76e-04 2.01e-11  1.83e-03     7s
  30   1.08249018e+06  1.08237285e+06  1.77e-04 2.56e-11  8.74e-04     7s
  31   1.08245322e+06  1.08238065e+06  1.09e-04 2.56e-11  5.41e-04     7s
  32   1.08241419e+06  1.08238770e+06  4.17e-05 2.23e-11  1.98e-04     7s
  33   1.08239765e+06  1.08238911e+06  1.27e-05 2.61e-11  6.37e-05     7s
  34   1.08239373e+06  1.08238950e+06  6.26e-06 2.85e-11  3.16e-05     7s
  35   1.08238990e+06  1.08238959e+06  4.74e-06 3.46e-11  2.24e-06     7s
  36   1.08238966e+06  1.08238965e+06  2.50e-07 3.25e-11  1.03e-07     7s
  37   1.08238965e+06  1.08238965e+06  1.51e-08 2.22e-11  2.61e-11     7s

Barrier solved model in 37 iterations and 7.11 seconds (13.22 work units)
Optimal objective 1.08238965e+06


Root crossover log...

   47674 DPushes remaining with DInf 9.1994063e-03                 7s
       0 DPushes remaining with DInf 1.3027307e+00                 7s

      61 PPushes remaining with PInf 7.0025546e-06                 7s
       0 PPushes remaining with PInf 0.0000000e+00                 7s

  Push phase complete: Pinf 0.0000000e+00, Dinf 1.3205360e-02      7s


Root simplex log...

Iteration    Objective       Primal Inf.    Dual Inf.      Time
   27866    1.0823897e+06   0.000000e+00   1.320536e-02      7s
   27868    1.0823897e+06   0.000000e+00   0.000000e+00      7s
Crossover time: 0.36 seconds (0.46 work units)
Concurrent spin time: 0.00s

Solved with barrier
   27868    1.0823897e+06   0.000000e+00   0.000000e+00      8s

Root relaxation: objective 1.082390e+06, 27868 iterations, 3.87 seconds (6.01 work units)

    Nodes    |    Current Node    |     Objective Bounds      |     Work
 Expl Unexpl |  Obj  Depth IntInf | Incumbent    BestBd   Gap | It/Node Time

     0     0 1082389.65    0  231          - 1082389.65      -     -    7s
     0     0 1082392.04    0  262          - 1082392.04      -     -    8s
     0     0 1082392.50    0  259          - 1082392.50      -     -    8s
H    0     0                    2337110.6184 1082392.50  53.7%     -    8s
H    0     0                    2232153.3159 1082392.50  51.5%     -    8s
H    0     0                    2230127.6776 1082392.50  51.5%     -    8s
H    0     0                    2210284.0782 1082392.50  51.0%     -    8s
H    0     0                    2210144.1187 1082392.50  51.0%     -    8s
H    0     0                    2198321.7502 1082392.50  50.8%     -    8s
H    0     0                    2191098.7639 1082392.50  50.6%     -    9s
H    0     0                    2185330.0220 1082392.50  50.5%     -    9s
H    0     0                    2178868.4004 1082392.50  50.3%     -    9s
H    0     0                    2098799.8658 1082392.50  48.4%     -    9s
H    0     0                    2098647.8355 1082392.50  48.4%     -    9s
H    0     0                    2088885.8841 1082392.50  48.2%     -    9s
H    0     0                    2088643.2046 1082392.50  48.2%     -    9s
H    0     0                    2088555.2081 1082392.50  48.2%     -    9s
H    0     0                    2088143.6836 1082392.50  48.2%     -    9s
H    0     0                    2086572.8702 1082392.50  48.1%     -    9s
H    0     0                    2083925.7912 1082392.50  48.1%     -   10s
H    0     0                    2083742.1188 1082392.50  48.1%     -   11s
H    0     0                    2082300.2337 1082392.50  48.0%     -   11s
H    0     0                    2081906.7550 1082392.50  48.0%     -   11s
H    0     0                    2081216.3314 1082392.50  48.0%     -   11s
H    0     0                    2054387.6200 1082392.50  47.3%     -   11s
H    0     0                    2054036.2111 1082392.50  47.3%     -   12s
H    0     0                    2030747.5154 1082392.50  46.7%     -   12s
H    0     0                    1981946.3274 1082392.50  45.4%     -   12s
H    0     0                    1860851.4394 1082392.50  41.8%     -   12s
H    0     0                    1780329.6436 1082392.50  39.2%     -   13s
H    0     0                    1780071.4374 1082392.50  39.2%     -   13s
H    0     0                    1777698.0497 1082392.50  39.1%     -   14s
H    0     0                    1777567.7635 1082392.50  39.1%     -   15s
H    0     0                    1740529.9978 1082392.50  37.8%     -   15s
H    0     0                    1726883.8789 1082392.50  37.3%     -   16s
H    0     0                    1718062.8762 1082392.50  37.0%     -   16s
H    0     0                    1674903.1468 1084920.41  35.2%     -   21s
H    0     0                    1673924.1507 1084920.41  35.2%     -   21s
     0     0 1084920.41    0  193 1673924.15 1084920.41  35.2%     -   22s
H    0     0                    1659271.9683 1084937.77  34.6%     -   22s
H    0     0                    1651882.1799 1084937.77  34.3%     -   22s
H    0     0                    1646776.4315 1084937.77  34.1%     -   23s
H    0     0                    1643937.5106 1084937.77  34.0%     -   23s
H    0     0                    1639931.3498 1084937.77  33.8%     -   23s
H    0     0                    1634825.6014 1084937.77  33.6%     -   23s
     0     0 1084956.76    0  189 1634825.60 1084956.76  33.6%     -   23s
     0     0 1084956.76    0  190 1634825.60 1084956.76  33.6%     -   23s
     0     0 1089117.80    0  209 1634825.60 1089117.80  33.4%     -   24s
     0     0 1089123.42    0  188 1634825.60 1089123.42  33.4%     -   25s
     0     0 1089123.55    0  188 1634825.60 1089123.55  33.4%     -   25s
H    0     0                    1634091.4053 1092345.71  33.2%     -   28s
H    0     0                    1632238.1625 1092345.71  33.1%     -   28s
H    0     0                    1631794.6052 1092345.71  33.1%     -   28s
H    0     0                    1616119.5708 1092345.71  32.4%     -   28s
H    0     0                    1615645.8357 1092345.71  32.4%     -   28s
     0     0 1092345.71    0  295 1615645.84 1092345.71  32.4%     -   28s
     0     0 1092380.51    0  303 1615645.84 1092380.51  32.4%     -   29s
     0     0 1092381.02    0  300 1615645.84 1092381.02  32.4%     -   29s
     0     0 1107891.73    0  280 1615645.84 1107891.73  31.4%     -   35s
     0     0 1108122.17    0  331 1615645.84 1108122.17  31.4%     -   37s
     0     0 1108126.02    0  299 1615645.84 1108126.02  31.4%     -   37s
     0     0 1108126.49    0  304 1615645.84 1108126.49  31.4%     -   38s
     0     0 1109804.08    0  388 1615645.84 1109804.08  31.3%     -   40s
     0     0 1109979.97    0  372 1615645.84 1109979.97  31.3%     -   40s
H    0     0                    1611924.7532 1110018.12  31.1%     -   41s
H    0     0                    1611087.0968 1110018.12  31.1%     -   41s
     0     0 1110577.08    0  378 1611087.10 1110577.08  31.1%     -   42s
     0     0 1110725.68    0  347 1611087.10 1110725.68  31.1%     -   42s
     0     0 1110744.94    0  321 1611087.10 1110744.94  31.1%     -   42s
     0     0 1114920.74    0  321 1611087.10 1114920.74  30.8%     -   44s
     0     0 1114927.08    0  320 1611087.10 1114927.08  30.8%     -   44s
H    0     0                    1608110.3876 1116693.06  30.6%     -   45s
H    0     0                    1598223.4286 1116693.06  30.1%     -   45s
     0     0 1116693.06    0  277 1598223.43 1116693.06  30.1%     -   45s
     0     0 1116755.59    0  285 1598223.43 1116755.59  30.1%     -   46s
     0     0 1116770.52    0  280 1598223.43 1116770.52  30.1%     -   46s
     0     0 1116771.64    0  283 1598223.43 1116771.64  30.1%     -   46s
     0     0 1116775.69    0  277 1598223.43 1116775.69  30.1%     -   46s
H    0     0                    1598058.7003 1116775.69  30.1%     -   47s
H    0     0                    1578540.0889 1119449.89  29.1%     -   47s
H    0     0                    1553408.8531 1119449.89  27.9%     -   47s
H    0     0                    1546633.9719 1119449.89  27.6%     -   47s
     0     0 1119449.89    0  281 1546633.97 1119449.89  27.6%     -   47s
H    0     0                    1512317.8479 1119449.93  26.0%     -   49s
H    0     0                    1495914.7764 1119449.93  25.2%     -   49s
H    0     0                    1493080.7523 1119449.93  25.0%     -   49s
H    0     0                    1457963.0375 1119449.93  23.2%     -   49s
     0     0 1120303.42    0  360 1457963.04 1120303.42  23.2%     -   50s
     0     0 1120308.35    0  395 1457963.04 1120308.35  23.2%     -   50s
     0     0 1120356.50    0  365 1457963.04 1120356.50  23.2%     -   51s
     0     0 1120367.90    0  357 1457963.04 1120367.90  23.2%     -   51s
     0     0 1120370.59    0  335 1457963.04 1120370.59  23.2%     -   51s
     0     0 1122708.12    0  413 1457963.04 1122708.12  23.0%     -   52s
     0     0 1123543.08    0  344 1457963.04 1123543.08  22.9%     -   53s
     0     0 1123727.80    0  388 1457963.04 1123727.80  22.9%     -   53s
     0     0 1123762.44    0  385 1457963.04 1123762.44  22.9%     -   53s
     0     0 1123797.71    0  400 1457963.04 1123797.71  22.9%     -   54s
     0     0 1123811.43    0  394 1457963.04 1123811.43  22.9%     -   54s
     0     0 1123815.39    0  377 1457963.04 1123815.39  22.9%     -   54s
     0     0 1127772.01    0  336 1457963.04 1127772.01  22.6%     -   56s
H    0     0                    1457926.5595 1127772.23  22.6%     -   56s
H    0     0                    1457838.3002 1127772.23  22.6%     -   56s
H    0     0                    1446840.2228 1127772.23  22.1%     -   57s
H    0     0                    1445906.7916 1127772.23  22.0%     -   58s
H    0     0                    1445619.3387 1127772.23  22.0%     -   58s
H    0     0                    1436224.9562 1127772.23  21.5%     -   58s
H    0     0                    1433196.4985 1127772.23  21.3%     -   58s
     0     0 1128545.68    0  326 1433196.50 1128545.68  21.3%     -   59s
     0     0 1128547.36    0  326 1433196.50 1128547.36  21.3%     -   59s
     0     0 1129355.86    0  336 1433196.50 1129355.86  21.2%     -   59s
     0     0 1129400.68    0  343 1433196.50 1129400.68  21.2%     -   59s
     0     0 1129447.69    0  371 1433196.50 1129447.69  21.2%     -   59s
     0     0 1129460.74    0  401 1433196.50 1129460.74  21.2%     -   59s
     0     0 1129461.11    0  398 1433196.50 1129461.11  21.2%     -   60s
     0     0 1131967.74    0  385 1433196.50 1131967.74  21.0%     -   61s
     0     0 1132335.68    0  415 1433196.50 1132335.68  21.0%     -   62s
     0     0 1132628.24    0  342 1433196.50 1132628.24  21.0%     -   62s
     0     0 1132656.33    0  377 1433196.50 1132656.33  21.0%     -   62s
     0     0 1132663.88    0  368 1433196.50 1132663.88  21.0%     -   62s
     0     0 1134497.06    0  385 1433196.50 1134497.06  20.8%     -   63s
H    0     0                    1432403.5760 1134497.36  20.8%     -   64s
     0     0 1134875.74    0  391 1432403.58 1134875.74  20.8%     -   65s
     0     0 1134917.71    0  415 1432403.58 1134917.71  20.8%     -   65s
     0     0 1134941.16    0  430 1432403.58 1134941.16  20.8%     -   65s
     0     0 1134942.61    0  429 1432403.58 1134942.61  20.8%     -   65s
     0     0 1135845.99    0  355 1432403.58 1135845.99  20.7%     -   66s
     0     0 1135969.76    0  382 1432403.58 1135969.76  20.7%     -   67s
     0     0 1135975.13    0  381 1432403.58 1135975.13  20.7%     -   67s
     0     0 1136547.26    0  369 1432403.58 1136547.26  20.7%     -   68s
H    0     0                    1432390.5009 1136567.89  20.7%     -   69s
H    0     0                    1432384.7984 1136567.89  20.7%     -   69s
H    0     0                    1426740.3967 1136567.89  20.3%     -   69s
H    0     0                    1414843.5574 1136567.89  19.7%     -   69s
H    0     0                    1406070.0390 1136567.89  19.2%     -   69s
     0     0 1136596.89    0  379 1406070.04 1136596.89  19.2%     -   70s
     0     0 1136604.86    0  424 1406070.04 1136604.86  19.2%     -   70s
     0     0 1138017.49    0  331 1406070.04 1138017.49  19.1%     -   71s
     0     0 1139390.70    0  363 1406070.04 1139390.70  19.0%     -   73s
     0     0 1139455.16    0  330 1406070.04 1139455.16  19.0%     -   73s
     0     0 1139506.88    0  389 1406070.04 1139506.88  19.0%     -   73s
     0     0 1139520.56    0  384 1406070.04 1139520.56  19.0%     -   73s
     0     0 1139525.55    0  356 1406070.04 1139525.55  19.0%     -   73s
     0     0 1143570.46    0  459 1406070.04 1143570.46  18.7%     -   75s
H    0     0                    1406002.8612 1143571.21  18.7%     -   75s
H    0     0                    1405300.8140 1143571.21  18.6%     -   75s
H    0     0                    1401102.3321 1143571.21  18.4%     -   76s
     0     0 1143946.22    0  476 1401102.33 1143946.22  18.4%     -   76s
     0     0 1144021.37    0  489 1401102.33 1144021.37  18.3%     -   76s
     0     0 1144042.74    0  500 1401102.33 1144042.74  18.3%     -   77s
     0     0 1144056.40    0  504 1401102.33 1144056.40  18.3%     -   77s
     0     0 1144058.39    0  515 1401102.33 1144058.39  18.3%     -   77s
     0     0 1145871.65    0  456 1401102.33 1145871.65  18.2%     -   78s
H    0     0                    1398733.6200 1145871.66  18.1%     -   79s
     0     0 1146194.16    0  494 1398733.62 1146194.16  18.1%     -   80s
     0     0 1146260.32    0  486 1398733.62 1146260.32  18.1%     -   80s
     0     0 1146280.46    0  438 1398733.62 1146280.46  18.0%     -   80s
     0     0 1146281.64    0  461 1398733.62 1146281.64  18.0%     -   81s
     0     0 1147225.40    0  459 1398733.62 1147225.40  18.0%     -   82s
H    0     0                    1396894.8825 1147227.44  17.9%     -   83s
     0     0 1147376.27    0  462 1396894.88 1147376.27  17.9%     -   84s
     0     0 1147439.26    0  423 1396894.88 1147439.26  17.9%     -   84s
     0     0 1147440.41    0  418 1396894.88 1147440.41  17.9%     -   84s
     0     0 1148369.57    0  423 1396894.88 1148369.57  17.8%     -   85s
     0     0 1148426.64    0  435 1396894.88 1148426.64  17.8%     -   86s
     0     0 1148446.31    0  444 1396894.88 1148446.31  17.8%     -   86s
     0     0 1148451.02    0  461 1396894.88 1148451.02  17.8%     -   86s
     0     0 1148991.07    0  428 1396894.88 1148991.07  17.7%     -   87s
H    0     0                    1393083.3293 1148991.12  17.5%     -   89s
     0     0 1149183.47    0  364 1393083.33 1149183.47  17.5%     -   92s
     0     0 1149237.98    0  366 1393083.33 1149237.98  17.5%     -   92s
     0     0 1149249.25    0  373 1393083.33 1149249.25  17.5%     -   93s
     0     0 1149718.28    0  356 1393083.33 1149718.28  17.5%     -   94s
     0     0 1149793.29    0  390 1393083.33 1149793.29  17.5%     -   94s
     0     0 1149900.93    0  407 1393083.33 1149900.93  17.5%     -   95s
     0     0 1149921.77    0  375 1393083.33 1149921.77  17.5%     -   95s
     0     0 1149931.93    0  413 1393083.33 1149931.93  17.5%     -   95s
     0     0 1150586.49    0  392 1393083.33 1150586.49  17.4%     -   96s
H    0     0                    1392579.1439 1150586.65  17.4%     -   97s
     0     0 1150701.07    0  437 1392579.14 1150701.07  17.4%     -   98s
     0     0 1150733.32    0  437 1392579.14 1150733.32  17.4%     -   98s
     0     0 1150741.57    0  473 1392579.14 1150741.57  17.4%     -   98s
     0     0 1151297.50    0  458 1392579.14 1151297.50  17.3%     -   99s
H    0     0                    1392531.1855 1151379.42  17.3%     -  100s
     0     0 1151379.42    0  397 1392531.19 1151379.42  17.3%     -  101s
     0     0 1151383.49    0  368 1392531.19 1151383.49  17.3%     -  102s
     0     0 1151423.55    0  393 1392531.19 1151423.55  17.3%     -  102s
     0     0 1151442.08    0  427 1392531.19 1151442.08  17.3%     -  103s
     0     0 1151444.60    0  425 1392531.19 1151444.60  17.3%     -  103s
     0     0 1152800.78    0  428 1392531.19 1152800.78  17.2%     -  104s
H    0     0                    1378280.2640 1152802.78  16.4%     -  105s
     0     0 1153011.91    0  442 1378280.26 1153011.91  16.3%     -  106s
     0     0 1153079.55    0  408 1378280.26 1153079.55  16.3%     -  106s
     0     0 1153099.20    0  414 1378280.26 1153099.20  16.3%     -  106s
     0     0 1153144.24    0  435 1378280.26 1153144.24  16.3%     -  106s
     0     0 1153166.87    0  421 1378280.26 1153166.87  16.3%     -  107s
     0     0 1153166.87    0  422 1378280.26 1153166.87  16.3%     -  107s
     0     0 1154497.65    0  400 1378280.26 1154497.65  16.2%     -  108s
     0     0 1155178.99    0  366 1378280.26 1155178.99  16.2%     -  109s
     0     0 1155416.78    0  398 1378280.26 1155416.78  16.2%     -  110s
     0     0 1155447.34    0  394 1378280.26 1155447.34  16.2%     -  110s
     0     0 1155465.00    0  368 1378280.26 1155465.00  16.2%     -  110s
     0     0 1155466.96    0  390 1378280.26 1155466.96  16.2%     -  110s
     0     0 1156661.24    0  329 1378280.26 1156661.24  16.1%     -  112s
     0     0 1157508.53    0  421 1378280.26 1157508.53  16.0%     -  114s
     0     0 1157964.44    0  390 1378280.26 1157964.44  16.0%     -  114s
     0     0 1158133.31    0  425 1378280.26 1158133.31  16.0%     -  115s
     0     0 1158233.28    0  458 1378280.26 1158233.28  16.0%     -  115s
     0     0 1158256.46    0  477 1378280.26 1158256.46  16.0%     -  115s
     0     0 1158261.15    0  442 1378280.26 1158261.15  16.0%     -  115s
     0     0 1159082.94    0  383 1378280.26 1159082.94  15.9%     -  117s
     0     0 1159460.14    0  343 1378280.26 1159460.14  15.9%     -  117s
     0     0 1159489.87    0  375 1378280.26 1159489.87  15.9%     -  118s
     0     0 1159493.73    0  386 1378280.26 1159493.73  15.9%     -  118s
     0     0 1160802.75    0  419 1378280.26 1160802.75  15.8%     -  119s

Cutting planes:
  Learned: 7
  Gomory: 19
  Lift-and-project: 4
  Cover: 125
  Implied bound: 318
  Clique: 99
  MIR: 466
  Knapsack: 17
  StrongCG: 137
  Flow cover: 187
  GUB cover: 41
  Zero half: 3
  RLT: 423
  Relax-and-lift: 85
  BQP: 15

Explored 1 nodes (75773 simplex iterations) in 120.04 seconds (169.74 work units)
Thread count was 24 (of 24 available processors)

Solution count 10: 1.37828e+06 1.37828e+06 1.39253e+06 ... 1.406e+06

Time limit reached
Best objective 1.378280263960e+06, best bound 1.160820838205e+06, gap 15.7776%
