
Gurobi 13.0.2 (linux64, Python) logging started Sat Aug 22 13:36:56 2026

Set parameter LogToConsole to value 0
Set parameter Username
Set parameter LicenseID to value 2748191
Set parameter TimeLimit to value 120
Set parameter LogFile to value "output/bz_nbr7008_095/weighted_loss/retail_y_2__retail_v_2__retail_v_2__rolled_leftover_4/period_5/gurobi.log"
Academic license - for non-commercial use only - expires 2026-12-01
Gurobi Optimizer version 13.0.2 build v13.0.2rc1 (linux64 - "Debian GNU/Linux 13 (trixie)")

CPU model: 13th Gen Intel(R) Core(TM) i7-13700HX, instruction set [SSE2|AVX|AVX2]
Thread count: 24 physical cores, 24 logical processors, using up to 24 threads

Non-default parameters:
TimeLimit  120
LogToConsole  0

Optimize a model with 9081 rows, 6395 columns and 24125 nonzeros (Min)
Model fingerprint: 0xb594ca52
Model has 2319 linear objective coefficients and an objective constant of 1.0388050335599999e+05
Variable types: 5176 continuous, 1219 integer (1219 binary)
Coefficient statistics:
  Matrix range     [1e-02, 1e+04]
  Objective range  [1e+01, 2e+05]
  Bounds range     [1e+00, 1e+00]
  RHS range        [1e-01, 3e+04]

Presolve removed 6943 rows and 4864 columns
Presolve time: 0.16s
Presolved: 2138 rows, 1531 columns, 8590 nonzeros
Variable types: 977 continuous, 554 integer (530 binary)

Root relaxation: objective 3.636334e+05, 785 iterations, 0.02 seconds (0.02 work units)

    Nodes    |    Current Node    |     Objective Bounds      |     Work
 Expl Unexpl |  Obj  Depth IntInf | Incumbent    BestBd   Gap | It/Node Time

     0     0 363633.410    0   28          - 363633.410      -     -    0s
     0     0 363633.410    0   39          - 363633.410      -     -    0s
     0     0 363633.791    0   45          - 363633.791      -     -    0s
     0     0 363633.791    0   45          - 363633.791      -     -    0s
     0     0 363633.791    0   31          - 363633.791      -     -    0s
     0     0 363633.791    0   34          - 363633.791      -     -    0s
     0     0 363640.112    0   53          - 363640.112      -     -    0s
     0     0 363640.112    0   40          - 363640.112      -     -    0s
H    0     0                    497644.07374 363640.112  26.9%     -    0s
     0     0 363640.112    0   51 497644.074 363640.112  26.9%     -    0s
     0     0 363640.112    0   49 497644.074 363640.112  26.9%     -    0s
     0     0 363657.149    0   49 497644.074 363657.149  26.9%     -    0s
     0     0 363657.149    0   49 497644.074 363657.149  26.9%     -    0s
     0     0 363657.149    0   48 497644.074 363657.149  26.9%     -    0s
     0     0 363657.741    0   49 497644.074 363657.741  26.9%     -    0s
     0     0 363672.610    0   32 497644.074 363672.610  26.9%     -    0s
     0     0 363672.995    0   39 497644.074 363672.995  26.9%     -    0s
     0     0 363703.984    0   36 497644.074 363703.984  26.9%     -    0s
H    0     0                    443728.61490 363704.881  18.0%     -    0s
     0     0 363704.881    0   36 443728.615 363704.881  18.0%     -    0s
     0     0 363943.912    0   39 443728.615 363943.912  18.0%     -    0s
     0     0 363948.632    0   42 443728.615 363948.632  18.0%     -    0s
     0     0 367133.833    0   55 443728.615 367133.833  17.3%     -    0s
     0     0 367144.708    0   62 443728.615 367144.708  17.3%     -    0s
     0     0 373133.927    0   44 443728.615 373133.927  15.9%     -    0s
     0     0 373287.667    0   65 443728.615 373287.667  15.9%     -    0s
     0     0 373440.568    0   67 443728.615 373440.568  15.8%     -    0s
     0     0 373592.122    0   66 443728.615 373592.122  15.8%     -    0s
     0     0 373592.122    0   66 443728.615 373592.122  15.8%     -    0s
     0     0 374229.782    0   59 443728.615 374229.782  15.7%     -    0s
     0     0 374229.805    0   48 443728.615 374229.805  15.7%     -    0s
     0     0 375474.712    0   41 443728.615 375474.712  15.4%     -    0s
     0     0 375474.773    0   46 443728.615 375474.773  15.4%     -    0s
     0     0 375474.798    0   53 443728.615 375474.798  15.4%     -    0s
     0     0 375474.830    0   66 443728.615 375474.830  15.4%     -    0s
     0     0 375475.308    0   51 443728.615 375475.308  15.4%     -    0s
     0     0 375475.336    0   50 443728.615 375475.336  15.4%     -    0s
     0     0 375475.336    0   45 443728.615 375475.336  15.4%     -    0s
H    0     2                    440169.73344 375475.347  14.7%     -    0s
     0     2 375475.347    0   45 440169.733 375475.347  14.7%     -    0s
H   35    56                    432191.67411 375475.485  13.1%  71.4    1s
H   37    56                    431946.60746 375475.485  13.1%  69.0    1s
H   71    81                    431635.06662 375475.561  13.0%  61.0    1s
H  494   377                    422710.88917 375476.453  11.2%  37.0    1s
H 4069  1813                    419009.15603 375534.069  10.4%  27.3    3s
H 4546  1954                    417708.04256 375557.160  10.1%  27.2    3s
  5856  2234 395348.215   27   43 417708.043 375615.508  10.1%  27.2    5s
H 5877  2135                    415466.17708 375762.738  9.56%  27.1    5s
H 5935  2064                    415328.10218 379517.773  8.62%  26.9    8s
  5994  2103 380471.514   17  176 415328.102 380471.514  8.39%  26.6   10s
H 6047  2027                    414804.22032 380807.568  8.20%  26.4   12s
  6111  2070 382018.557   13  138 414804.220 382018.557  7.90%  26.1   15s
  6233  2151 392959.144   30  168 414804.220 384030.026  7.42%  25.6   20s
  6351  2232 385177.151   18  125 414804.220 385177.151  7.14%  29.4   25s
  6450  2299 392817.985   23  172 414804.220 385934.669  6.96%  30.7   30s
  6505  2336 386684.770    9  141 414804.220 386684.770  6.78%  30.4   35s
  6608  2406 414804.220   35  160 414804.220 387595.308  6.56%  31.4   40s
 13718  3448 405650.240   70   39 414804.220 389426.064  6.12%  35.8   45s
*20377  4981              82    413567.67658 390753.113  5.52%  39.4   49s
 21008  5240     cutoff   61      413567.677 390893.685  5.48%  39.6   50s
 36082  8185     cutoff   68      413567.677 392759.164  5.03%  41.4   55s
 51687  9316 398616.357   67   45 413567.677 395017.386  4.49%  42.0   65s
 51746  9355 401095.855   68  196 413567.677 395017.386  4.49%  41.9   70s
H51747  8887                    413567.67635 395017.386  4.49%  41.9   70s
 51795  8919 395823.147   68  148 413567.676 395017.386  4.49%  41.9   75s
 51821  8936 397470.001   65  125 413567.676 395017.386  4.49%  41.9   80s
 53902  9467     cutoff   88      413567.676 395017.386  4.49%  42.2   85s
 64020  9951 397353.692   82   81 413567.676 395017.386  4.49%  43.3   90s
 70369  9124     cutoff   75      413567.676 395017.386  4.49%  44.4   95s
 82361  7658     cutoff   81      413567.676 395017.386  4.49%  46.3  100s
 94435  7863 404827.197   76   49 413567.676 397729.287  3.83%  47.8  106s
 102153  7558 408989.733   76   68 413567.676 399368.225  3.43%  48.5  110s
 114815  5667     cutoff   84      413567.676 402907.860  2.58%  48.9  115s
 129041   420 410798.141   88   39 413567.676 409256.251  1.04%  48.6  120s

Cutting planes:
  Learned: 8
  Gomory: 11
  Lift-and-project: 4
  Cover: 202
  Implied bound: 68
  Projected implied bound: 20
  Clique: 9
  MIR: 671
  StrongCG: 25
  Flow cover: 207
  GUB cover: 35
  Inf proof: 15
  Zero half: 37
  Mod-K: 1
  Network: 5
  RLT: 46
  Relax-and-lift: 80
  BQP: 1

Explored 132927 nodes (6385897 simplex iterations) in 120.09 seconds (95.10 work units)
Thread count was 24 (of 24 available processors)

Solution count 10: 413568 414804 415328 ... 432192

Time limit reached
Best objective 4.135676763064e+05, best bound 4.119195899478e+05, gap 0.3985%
