
Gurobi 13.0.2 (linux64, Python) logging started Wed Jun  3 16:38:42 2026

Set parameter LogToConsole to value 0
Set parameter Username
Set parameter LicenseID to value 2748191
Set parameter TimeLimit to value 600
Set parameter LogFile to value "output/bz_nbr7008_075/period_3/gurobi.log"
Academic license - for non-commercial use only - expires 2026-12-01
Gurobi Optimizer version 13.0.2 build v13.0.2rc1 (linux64 - "Debian GNU/Linux 13 (trixie)")

CPU model: 13th Gen Intel(R) Core(TM) i7-13700HX, instruction set [SSE2|AVX|AVX2]
Thread count: 24 physical cores, 24 logical processors, using up to 24 threads

Non-default parameters:
TimeLimit  600
LogToConsole  0

Optimize a model with 13967 rows, 9445 columns and 39166 nonzeros (Min)
Model fingerprint: 0x96fbdcd1
Model has 3230 linear objective coefficients and an objective constant of 194422.9285104
Variable types: 7694 continuous, 1751 integer (1751 binary)
Coefficient statistics:
  Matrix range     [1e-02, 8e+03]
  Objective range  [1e+01, 8e+04]
  Bounds range     [1e+00, 1e+00]
  RHS range        [4e-02, 2e+04]

Presolve removed 11017 rows and 7362 columns
Presolve time: 0.12s
Presolved: 2950 rows, 2083 columns, 14618 nonzeros
Variable types: 1343 continuous, 740 integer (740 binary)

Root relaxation: objective 2.606134e+05, 1658 iterations, 0.04 seconds (0.07 work units)

    Nodes    |    Current Node    |     Objective Bounds      |     Work
 Expl Unexpl |  Obj  Depth IntInf | Incumbent    BestBd   Gap | It/Node Time

     0     0 260613.352    0   97          - 260613.352      -     -    0s
     0     0 260748.370    0  120          - 260748.370      -     -    0s
     0     0 265146.305    0   61          - 265146.305      -     -    0s
     0     0 265146.973    0   61          - 265146.973      -     -    0s
     0     0 265152.853    0   84          - 265152.853      -     -    0s
     0     0 265153.170    0   88          - 265153.170      -     -    0s
     0     0 265171.839    0  108          - 265171.839      -     -    0s
     0     0 265188.658    0  114          - 265188.658      -     -    0s
     0     0 266511.879    0  114          - 266511.879      -     -    0s
     0     0 271662.904    0   76          - 271662.904      -     -    0s
H    0     0                    453275.37703 271662.904  40.1%     -    0s
H    0     0                    450469.31734 271662.904  39.7%     -    0s
     0     0 271662.904    0   96 450469.317 271662.904  39.7%     -    0s
     0     0 271662.904    0  132 450469.317 271662.904  39.7%     -    0s
     0     0 271662.904    0  138 450469.317 271662.904  39.7%     -    0s
H    0     0                    415802.64249 271662.904  34.7%     -    0s
H    0     0                    412998.05681 271662.904  34.2%     -    0s
H    0     0                    412899.83063 271662.904  34.2%     -    0s
H    0     0                    404151.89730 277046.278  31.4%     -    0s
H    0     0                    401350.22415 277046.278  31.0%     -    0s
     0     0 277046.278    0   86 401350.224 277046.278  31.0%     -    0s
H    0     0                    383229.39382 277046.278  27.7%     -    0s
H    0     0                    382062.19648 277046.278  27.5%     -    0s
H    0     0                    373994.86519 277046.278  25.9%     -    0s
H    0     0                    372821.97815 277046.278  25.7%     -    0s
H    0     0                    360212.25138 277046.278  23.1%     -    0s
     0     0 278838.913    0   97 360212.251 278838.913  22.6%     -    0s
     0     0 278866.168    0  134 360212.251 278866.168  22.6%     -    0s
     0     0 278866.168    0  124 360212.251 278866.168  22.6%     -    0s
     0     0 280265.567    0  142 360212.251 280265.567  22.2%     -    1s
H    0     0                    346622.60979 280289.772  19.1%     -    1s
     0     0 280489.073    0  155 346622.610 280489.073  19.1%     -    1s
     0     0 280531.727    0  159 346622.610 280531.727  19.1%     -    1s
     0     0 280535.785    0  166 346622.610 280535.785  19.1%     -    1s
H    0     0                    345297.73545 281450.915  18.5%     -    1s
     0     0 281450.915    0  140 345297.735 281450.915  18.5%     -    1s
     0     0 281572.700    0  165 345297.735 281572.700  18.5%     -    1s
     0     0 281575.565    0  166 345297.735 281575.565  18.5%     -    1s
     0     0 282633.552    0  198 345297.735 282633.552  18.1%     -    1s
     0     0 282751.652    0  181 345297.735 282751.652  18.1%     -    1s
     0     0 282786.982    0  190 345297.735 282786.982  18.1%     -    1s
     0     0 282823.205    0  167 345297.735 282823.205  18.1%     -    1s
     0     0 282825.771    0  186 345297.735 282825.771  18.1%     -    1s
     0     0 283508.431    0  152 345297.735 283508.431  17.9%     -    1s
     0     0 284674.528    0  140 345297.735 284674.528  17.6%     -    1s
     0     0 284674.528    0  164 345297.735 284674.528  17.6%     -    1s
     0     0 284674.528    0  164 345297.735 284674.528  17.6%     -    1s
     0     0 284674.528    0  143 345297.735 284674.528  17.6%     -    1s
     0     0 284691.661    0  176 345297.735 284691.661  17.6%     -    1s
     0     0 284691.661    0  169 345297.735 284691.661  17.6%     -    1s
     0     0 284817.958    0  166 345297.735 284817.958  17.5%     -    1s
     0     0 286641.809    0  171 345297.735 286641.809  17.0%     -    1s
     0     0 286641.809    0  178 345297.735 286641.809  17.0%     -    1s
     0     0 286641.809    0  127 345297.735 286641.809  17.0%     -    1s
H    0     0                    344744.30515 286641.809  16.9%     -    1s
     0     0 286641.809    0  165 344744.305 286641.809  16.9%     -    1s
     0     0 286641.809    0  175 344744.305 286641.809  16.9%     -    1s
     0     0 286641.809    0  186 344744.305 286641.809  16.9%     -    1s
     0     0 286641.809    0  234 344744.305 286641.809  16.9%     -    1s
     0     0 286641.809    0  194 344744.305 286641.809  16.9%     -    1s
     0     0 286641.809    0  194 344744.305 286641.809  16.9%     -    1s
     0     0 286641.809    0  186 344744.305 286641.809  16.9%     -    1s
H    0     0                    344667.29651 286641.809  16.8%     -    2s
     0     2 286641.809    0  186 344667.297 286641.809  16.8%     -    2s
H   61    83                    344310.76431 287859.350  16.4%   206    2s
H   80    83                    343296.68899 288249.066  16.0%   202    2s
H  293   311                    342940.15679 288249.066  15.9%   121    2s
H  308   311                    339993.24331 288249.066  15.2%   118    2s
  2228  1184 339788.988   23   87 339993.243 291894.448  14.1%   102    5s
  5148  1830 325490.519   20  148 339993.243 297205.908  12.6%   100   10s
H 5421  1907                    339649.23988 297559.225  12.4%   103   11s
H 8360  2494                    339591.51874 299212.146  11.9%  96.5   14s
  8728  2678 302702.823   29   79 339591.519 299212.146  11.9%  95.7   15s
 19688  7606 307581.697   34  128 339591.519 304119.775  10.4%  82.4   20s
H22894  8694                    339551.89089 304380.362  10.4%  80.5   21s
 31823 12827 312427.444   39   94 339551.891 305329.742  10.1%  75.9   25s
 47352 18446 320275.199   36  101 339551.891 306498.322  9.73%  72.6   30s
 51036 19086 328535.698   43  186 339551.891 306747.755  9.66%  72.1   37s
 51057 19100 316976.224   43  275 339551.891 306747.755  9.66%  72.1   40s
 51077 19113 332228.924   32  304 339551.891 306747.755  9.66%  72.0   45s
 51099 19128 322042.182   48  277 339551.891 306747.755  9.66%  72.0   50s
 51119 19141 322933.964   43  281 339551.891 306747.755  9.66%  72.0   55s
 51138 19154 317946.166   42  299 339551.891 306747.755  9.66%  71.9   60s
 51156 19166 316355.016   37  306 339551.891 306747.755  9.66%  71.9   65s
 51172 19177 335730.974   33  293 339551.891 306747.755  9.66%  71.9   70s
 51187 19187 317392.383   42  300 339551.891 306747.755  9.66%  71.9   75s
 51204 19198 314395.593   43  286 339551.891 306747.755  9.66%  71.9   80s
 51219 19208 322933.964   43  295 339551.891 306747.755  9.66%  71.8   85s
 51232 19217 339269.861   45  294 339551.891 306747.755  9.66%  71.8   90s
 51259 19250 306747.755   32  207 339551.891 306747.755  9.66%  72.5   95s
 52808 19579 324193.147   45   69 339551.891 306747.755  9.66%  74.0  100s
 57846 19517 312459.046   45  106 339551.891 307839.545  9.34%  77.1  105s
 63956 18550     cutoff   46      339551.891 309292.923  8.91%  79.8  110s
 70454 17508 330621.941   49   74 339551.891 310450.734  8.57%  82.4  115s
 76442 16281     cutoff   43      339551.891 311359.749  8.30%  84.1  120s
 82349 14877     cutoff   47      339551.891 312210.898  8.05%  85.6  125s
 89652 12854 337180.625   48   78 339551.891 313031.596  7.81%  87.0  130s
 96394 11048 324347.615   45  141 339551.891 313828.471  7.58%  88.2  136s
 102646  9211     cutoff   46      339551.891 314754.772  7.30%  89.0  141s
 106815  8002 336351.745   47   86 339551.891 315305.684  7.14%  89.6  145s
 114707  7352     cutoff   46      339551.891 316592.975  6.76%  90.1  151s
 120083  7271 321517.055   42  118 339551.891 317683.484  6.44%  90.4  155s
 126405  7211 330841.673   48   70 339551.891 319076.195  6.03%  90.6  162s
 132027  7070     cutoff   45      339551.891 320602.769  5.58%  90.6  166s
 137707  6897 325722.276   44  123 339551.891 321867.745  5.21%  90.7  170s
 146229  6493     cutoff   44      339551.891 324841.653  4.33%  90.4  176s
 154199  7002     cutoff   58      339551.891 327611.322  3.52%  89.8  181s
 161252  7255     cutoff   66      339551.891 329810.970  2.87%  88.9  186s
 170303  7414     cutoff   47      339551.891 331527.566  2.36%  87.8  191s
 178854  7470 337577.852   51   74 339551.891 332806.726  1.99%  86.8  195s
 189290  7303 336455.240   48   59 339551.891 333869.966  1.67%  85.7  200s
 197083  6970 334983.821   49   75 339551.891 334494.824  1.49%  84.9  205s
 206199  5347 338774.110   46   26 339551.891 335509.440  1.19%  84.2  210s
 213107  4123     cutoff   51      339551.891 336233.336  0.98%  83.7  215s
 223573  1239 338220.472   50   84 339551.891 337789.455  0.52%  82.9  220s

Cutting planes:
  Learned: 13
  Gomory: 20
  Lift-and-project: 2
  Cover: 809
  Implied bound: 197
  Projected implied bound: 4
  Clique: 1
  MIR: 495
  StrongCG: 17
  Flow cover: 490
  GUB cover: 59
  Inf proof: 18
  Zero half: 81
  Network: 1
  RLT: 37
  Relax-and-lift: 102
  BQP: 1

Explored 228374 nodes (18804315 simplex iterations) in 222.20 seconds (249.53 work units)
Thread count was 24 (of 24 available processors)

Solution count 10: 339552 339552 339592 ... 344744

Optimal solution found (tolerance 1.00e-04)
Best objective 3.395518908894e+05, best bound 3.395518908894e+05, gap 0.0000%
