
Gurobi 13.0.2 (linux64, Python) logging started Sat Aug 22 14:49:54 2026

Set parameter LogToConsole to value 0
Set parameter Username
Set parameter LicenseID to value 2748191
Set parameter TimeLimit to value 120
Set parameter LogFile to value "output/bz_nbr7008_075/weighted_loss/retail_y_2__retail_v_4__retail_v_4__rolled_leftover_4/period_3/gurobi.log"
Academic license - for non-commercial use only - expires 2026-12-01
Gurobi Optimizer version 13.0.2 build v13.0.2rc1 (linux64 - "Debian GNU/Linux 13 (trixie)")

CPU model: 13th Gen Intel(R) Core(TM) i7-13700HX, instruction set [SSE2|AVX|AVX2]
Thread count: 24 physical cores, 24 logical processors, using up to 24 threads

Non-default parameters:
TimeLimit  120
LogToConsole  0

Optimize a model with 15381 rows, 10421 columns and 43150 nonzeros (Min)
Model fingerprint: 0x0b183660
Model has 3310 linear objective coefficients and an objective constant of 2.0315371599360002e+05
Variable types: 8494 continuous, 1927 integer (1927 binary)
Coefficient statistics:
  Matrix range     [1e-02, 8e+03]
  Objective range  [1e+01, 2e+05]
  Bounds range     [1e+00, 1e+00]
  RHS range        [4e-02, 2e+04]

Presolve removed 12416 rows and 8325 columns
Presolve time: 0.14s
Presolved: 2965 rows, 2096 columns, 14675 nonzeros
Variable types: 1349 continuous, 747 integer (746 binary)

Root relaxation: objective 2.613318e+05, 1481 iterations, 0.04 seconds (0.06 work units)

    Nodes    |    Current Node    |     Objective Bounds      |     Work
 Expl Unexpl |  Obj  Depth IntInf | Incumbent    BestBd   Gap | It/Node Time

     0     0 261331.841    0   49          - 261331.841      -     -    0s
     0     0 261449.748    0   54          - 261449.748      -     -    0s
     0     0 264759.903    0   36          - 264759.903      -     -    0s
     0     0 264761.748    0   48          - 264761.748      -     -    0s
     0     0 264761.748    0   47          - 264761.748      -     -    0s
     0     0 265697.937    0   57          - 265697.937      -     -    0s
H    0     0                    496924.09502 265700.882  46.5%     -    0s
     0     0 265700.882    0   57 496924.095 265700.882  46.5%     -    0s
H    0     0                    467776.57804 265700.882  43.2%     -    0s
H    0     0                    460703.64980 265700.882  42.3%     -    0s
H    0     0                    458229.48938 265700.882  42.0%     -    0s
     0     0 268993.595    0   51 458229.489 268993.595  41.3%     -    0s
H    0     0                    457514.50978 269102.949  41.2%     -    0s
H    0     0                    450105.28649 269102.949  40.2%     -    0s
H    0     0                    447631.12607 269102.949  39.9%     -    0s
     0     0 270612.161    0   61 447631.126 270612.161  39.5%     -    0s
H    0     0                    446145.93510 270757.170  39.3%     -    0s
H    0     0                    439145.07635 270757.170  38.3%     -    0s
     0     0 270757.170    0   48 439145.076 270757.170  38.3%     -    0s
     0     0 270827.701    0   47 439145.076 270827.701  38.3%     -    0s
H    0     0                    429671.88553 270827.704  37.0%     -    0s
     0     0 270827.704    0   49 429671.886 270827.704  37.0%     -    0s
     0     0 271330.431    0   80 429671.886 271330.431  36.9%     -    0s
H    0     0                    422646.07916 271345.013  35.8%     -    0s
     0     0 271359.138    0   77 422646.079 271359.138  35.8%     -    0s
     0     0 271359.339    0   80 422646.079 271359.339  35.8%     -    0s
     0     0 271367.240    0   63 422646.079 271367.240  35.8%     -    0s
     0     0 273714.321    0   97 422646.079 273714.321  35.2%     -    0s
     0     0 273714.321    0   96 422646.079 273714.321  35.2%     -    0s
     0     0 276210.162    0   56 422646.079 276210.162  34.6%     -    0s
     0     0 284260.752    0   66 422646.079 284260.752  32.7%     -    0s
     0     0 287867.168    0   69 422646.079 287867.168  31.9%     -    0s
     0     0 288294.408    0   72 422646.079 288294.408  31.8%     -    0s
     0     0 289461.562    0   77 422646.079 289461.562  31.5%     -    0s
H    0     0                    418239.52769 289564.757  30.8%     -    0s
     0     0 289564.757    0   95 418239.528 289564.757  30.8%     -    0s
H    0     0                    417706.76351 289629.163  30.7%     -    0s
     0     0 289629.163    0   69 417706.764 289629.163  30.7%     -    0s
     0     0 289669.477    0   76 417706.764 289669.477  30.7%     -    0s
     0     0 289669.477    0   76 417706.764 289669.477  30.7%     -    0s
H    0     0                    407884.46029 289669.477  29.0%     -    0s
H    0     0                    407736.60113 289669.477  29.0%     -    0s
     0     0 290092.140    0   43 407736.601 290092.140  28.9%     -    0s
H    0     0                    406891.48755 290092.529  28.7%     -    0s
     0     0 290092.529    0   47 406891.488 290092.529  28.7%     -    0s
     0     0 290182.506    0   64 406891.488 290182.506  28.7%     -    0s
H    0     0                    376835.46267 290182.849  23.0%     -    0s
     0     0 290182.849    0   80 376835.463 290182.849  23.0%     -    0s
     0     0 290186.527    0   68 376835.463 290186.527  23.0%     -    0s
     0     0 290186.546    0   67 376835.463 290186.546  23.0%     -    0s
     0     0 290198.410    0   68 376835.463 290198.410  23.0%     -    0s
     0     0 290198.410    0   68 376835.463 290198.410  23.0%     -    0s
     0     0 290198.410    0   68 376835.463 290198.410  23.0%     -    0s
     0     0 290198.410    0   59 376835.463 290198.410  23.0%     -    0s
     0     2 290221.991    0   59 376835.463 290221.991  23.0%     -    0s
H    9    16                    376310.61292 290221.991  22.9%  56.8    1s
H   14    16                    365772.80628 290221.991  20.7%  73.0    1s
H   36    54                    364511.51294 290221.991  20.4%  93.0    1s
H  101   127                    351045.16222 290221.991  17.3%  94.7    1s
H 1276   514                    350698.83541 293960.894  16.2%  80.1    2s
  3218   711 infeasible   15      350698.835 308728.944  12.0%  70.7    5s
  9400  1228 324100.785   16   68 350698.835 316998.139  9.61%  61.1   10s
H11747  1368                    349713.43951 319841.597  8.54%  60.6   14s
 12346  1415 328209.318   36   62 349713.440 319841.597  8.54%  59.6   15s
 24898  4774 341729.327   49   62 349713.440 322686.808  7.73%  46.7   20s
 34889  7831 336964.932   47   28 349713.440 324472.269  7.22%  42.3   25s
 51834 10285 335948.987   38   38 349713.440 329471.359  5.79%  38.7   33s
 56065 10304 339386.043   52   19 349713.440 330990.597  5.35%  38.1   35s
 72088  8262     cutoff   49      349713.440 335916.868  3.95%  35.7   40s
 97508  3090 347427.480   47   16 349713.440 342411.565  2.09%  32.5   45s

Cutting planes:
  Learned: 13
  Gomory: 13
  Lift-and-project: 7
  Cover: 241
  Implied bound: 95
  Projected implied bound: 7
  MIR: 190
  StrongCG: 13
  Flow cover: 74
  GUB cover: 34
  Inf proof: 18
  Zero half: 15
  RLT: 8
  Relax-and-lift: 14

Explored 109392 nodes (3397819 simplex iterations) in 46.73 seconds (36.12 work units)
Thread count was 24 (of 24 available processors)

Solution count 10: 349713 349713 350699 ... 407737

Optimal solution found (tolerance 1.00e-04)
Best objective 3.497134395116e+05, best bound 3.497134395116e+05, gap 0.0000%
