
Gurobi 13.0.2 (linux64, Python) logging started Thu Aug 13 20:40:47 2026

Set parameter LogToConsole to value 0
Set parameter Username
Set parameter LicenseID to value 2748191
Set parameter TimeLimit to value 120
Set parameter LogFile to value "output/bz_nbr7008_043/weighted_loss/retail_y_2__retail_v_4__rolled_leftover_2/period_3/gurobi.log"
Academic license - for non-commercial use only - expires 2026-12-01
Gurobi Optimizer version 13.0.2 build v13.0.2rc1 (linux64 - "Debian GNU/Linux 13 (trixie)")

CPU model: 13th Gen Intel(R) Core(TM) i7-13700HX, instruction set [SSE2|AVX|AVX2]
Thread count: 24 physical cores, 24 logical processors, using up to 24 threads

Non-default parameters:
TimeLimit  120
LogToConsole  0

Optimize a model with 206572 rows, 138156 columns and 723947 nonzeros (Min)
Model fingerprint: 0xf80ee94b
Model has 54590 linear objective coefficients and an objective constant of 580077.5240496
Variable types: 113852 continuous, 24304 integer (24304 binary)
Coefficient statistics:
  Matrix range     [1e-03, 1e+04]
  Objective range  [1e+01, 1e+05]
  Bounds range     [1e+00, 1e+00]
  RHS range        [1e-01, 4e+04]

Presolve removed 123220 rows and 85366 columns
Presolve time: 3.58s
Presolved: 83352 rows, 52790 columns, 838092 nonzeros
Variable types: 34343 continuous, 18447 integer (18397 binary)
Deterministic concurrent LP optimizer: primal simplex, dual simplex, and barrier
Showing barrier log only...

Root barrier log...

Ordering time: 0.42s

Barrier statistics:
 Dense cols : 29
 AA' NZ     : 7.350e+06
 Factor NZ  : 1.238e+07 (roughly 150 MB of memory)
 Factor Ops : 3.491e+09 (less than 1 second per iteration)
 Threads    : 21

                  Objective                Residual
Iter       Primal          Dual         Primal    Dual     Compl     Time
   0  -3.64354372e+09 -8.79307128e+09  2.89e+06 1.24e+02  2.39e+06     5s
   1  -2.21733078e+09 -7.99329902e+09  1.88e+06 2.18e+02  1.36e+06     5s
   2  -9.40863990e+08 -6.64437831e+09  7.59e+05 4.93e+01  5.59e+05     5s
   3  -2.31856488e+08 -3.71639654e+09  1.93e+05 5.09e-11  1.48e+05     5s
   4  -9.90984281e+06 -9.70276917e+08  1.83e+04 9.41e-11  1.69e+04     5s
   5   5.71292558e+06 -3.96820315e+08  6.76e+03 1.07e-10  6.00e+03     5s
   6   9.55564391e+06 -2.36684318e+08  3.80e+03 6.41e-11  3.27e+03     5s
   7   1.28070675e+07 -6.85535338e+07  1.24e+03 5.46e-11  9.23e+02     6s
   8   1.24325116e+07 -3.73893198e+07  6.96e+02 3.18e-11  5.13e+02     6s
   9   1.16273832e+07 -2.66054247e+07  5.56e+02 2.09e-11  3.84e+02     6s
  10   9.85540012e+06 -1.48121242e+07  3.14e+02 1.41e-11  2.27e+02     6s
  11   8.18943585e+06 -1.03947341e+07  2.12e+02 1.27e-11  1.63e+02     6s
  12   4.65311788e+06 -5.55575709e+06  9.07e+01 8.94e-12  8.46e+01     6s
  13   3.39675177e+06 -2.45673309e+06  5.77e+01 1.17e-11  4.92e+01     6s
  14   2.92854737e+06 -1.64283959e+06  4.57e+01 1.13e-11  3.85e+01     6s
  15   2.26996491e+06 -1.27728284e+06  2.96e+01 1.63e-11  2.89e+01     6s
  16   1.77728622e+06 -1.52530488e+05  1.71e+01 1.23e-11  1.60e+01     6s
  17   1.53366524e+06  3.64977773e+04  1.07e+01 1.36e-11  1.21e+01     6s
  18   1.38533895e+06  4.65255645e+05  7.08e+00 1.40e-11  7.56e+00     6s
  19   1.25477207e+06  6.19444048e+05  4.10e+00 1.12e-11  5.07e+00     6s
  20   1.19611855e+06  8.42406397e+05  2.71e+00 1.31e-11  2.89e+00     6s
  21   1.14103884e+06  9.93235192e+05  1.48e+00 1.55e-11  1.27e+00     6s
  22   1.08250398e+06  1.00964444e+06  2.64e-01 1.21e-11  5.44e-01     6s
  23   1.08164543e+06  1.03088441e+06  2.46e-01 1.50e-11  3.88e-01     7s
  24   1.07585489e+06  1.04965274e+06  1.41e-01 7.72e-12  2.02e-01     7s
  25   1.07387621e+06  1.05240338e+06  1.13e-01 1.24e-11  1.65e-01     7s
  26   1.06822492e+06  1.05982020e+06  3.94e-02 8.51e-12  6.38e-02     7s
  27   1.06697930e+06  1.06207539e+06  2.57e-02 1.30e-11  3.77e-02     7s
  28   1.06580510e+06  1.06306988e+06  1.42e-02 1.04e-11  2.10e-02     7s
  29   1.06503715e+06  1.06348094e+06  6.99e-03 8.83e-12  1.18e-02     7s
  30   1.06473066e+06  1.06382976e+06  4.44e-03 1.08e-11  6.88e-03     7s
  31   1.06459708e+06  1.06390451e+06  3.35e-03 1.48e-11  5.28e-03     7s
  32   1.06453995e+06  1.06399248e+06  2.86e-03 1.01e-11  4.21e-03     7s
  33   1.06444970e+06  1.06402263e+06  2.15e-03 1.31e-11  3.27e-03     7s
  34   1.06432052e+06  1.06410681e+06  1.16e-03 9.27e-12  1.65e-03     7s
  35   1.06421647e+06  1.06413628e+06  3.70e-04 8.94e-12  6.09e-04     7s
  36   1.06418295e+06  1.06415514e+06  1.42e-04 1.30e-11  2.14e-04     7s
  37   1.06416527e+06  1.06415895e+06  2.30e-05 1.10e-11  4.71e-05     7s
  38   1.06416258e+06  1.06416100e+06  6.60e-06 1.14e-11  1.19e-05     7s
  39   1.06416176e+06  1.06416136e+06  1.87e-06 1.47e-11  3.10e-06     7s
  40   1.06416149e+06  1.06416143e+06  9.54e-07 1.36e-11  4.52e-07     8s
  41   1.06416143e+06  1.06416143e+06  7.90e-07 1.50e-11  1.29e-08     8s
  42   1.06416143e+06  1.06416143e+06  2.54e-07 1.08e-11  2.29e-09     8s

Barrier solved model in 42 iterations and 7.68 seconds (14.09 work units)
Optimal objective 1.06416143e+06


Root crossover log...

   48834 DPushes remaining with DInf 0.0000000e+00                 8s
       0 DPushes remaining with DInf 0.0000000e+00                 8s

      48 PPushes remaining with PInf 1.1155956e-04                 8s
       0 PPushes remaining with PInf 0.0000000e+00                 8s

  Push phase complete: Pinf 0.0000000e+00, Dinf 6.1165962e-10      8s


Root simplex log...

Iteration    Objective       Primal Inf.    Dual Inf.      Time
   28697    1.0641614e+06   0.000000e+00   0.000000e+00      8s
Crossover time: 0.35 seconds (0.44 work units)
Concurrent spin time: 0.24s

Solved with barrier
   28697    1.0641614e+06   0.000000e+00   0.000000e+00      8s

Root relaxation: objective 1.064161e+06, 28697 iterations, 4.49 seconds (6.66 work units)

    Nodes    |    Current Node    |     Objective Bounds      |     Work
 Expl Unexpl |  Obj  Depth IntInf | Incumbent    BestBd   Gap | It/Node Time

     0     0 1064161.43    0  257          - 1064161.43      -     -    8s
     0     0 1064164.36    0  265          - 1064164.36      -     -    9s
     0     0 1064164.87    0  284          - 1064164.87      -     -    9s
     0     0 1064164.87    0  283          - 1064164.87      -     -    9s
H    0     0                    3824088.3255 1064164.87  72.2%     -    9s
H    0     0                    3811827.6736 1064164.87  72.1%     -    9s
H    0     0                    3410970.4818 1064164.87  68.8%     -    9s
H    0     0                    2764591.0626 1064164.87  61.5%     -    9s
H    0     0                    2562399.6224 1064164.87  58.5%     -    9s
H    0     0                    2456789.0730 1064164.87  56.7%     -    9s
H    0     0                    2321367.7270 1064164.87  54.2%     -    9s
H    0     0                    2321364.6601 1064164.87  54.2%     -   10s
H    0     0                    2318290.4393 1064164.87  54.1%     -   10s
H    0     0                    2307271.6348 1064164.87  53.9%     -   10s
H    0     0                    2203871.1422 1064164.87  51.7%     -   10s
H    0     0                    2193466.3408 1064164.87  51.5%     -   11s
H    0     0                    2188287.7087 1064164.87  51.4%     -   11s
H    0     0                    2187442.8003 1064164.87  51.4%     -   11s
H    0     0                    2187279.2639 1064164.87  51.3%     -   11s
H    0     0                    2184054.4307 1064164.87  51.3%     -   11s
H    0     0                    2180225.8905 1064164.87  51.2%     -   11s
H    0     0                    2175682.1915 1064164.87  51.1%     -   11s
H    0     0                    2171088.6709 1064164.87  51.0%     -   11s
H    0     0                    2093701.9986 1064164.87  49.2%     -   11s
H    0     0                    1999852.7568 1064164.87  46.8%     -   12s
H    0     0                    1898306.0472 1064164.87  43.9%     -   12s
H    0     0                    1890290.0749 1064164.87  43.7%     -   12s
H    0     0                    1881792.8464 1064164.87  43.4%     -   12s
H    0     0                    1872270.2353 1064164.87  43.2%     -   12s
H    0     0                    1826107.9011 1064164.87  41.7%     -   13s
H    0     0                    1794114.7337 1064164.87  40.7%     -   13s
H    0     0                    1793858.2231 1064164.87  40.7%     -   13s
H    0     0                    1793436.7109 1064164.87  40.7%     -   13s
H    0     0                    1753913.3418 1064164.87  39.3%     -   14s
H    0     0                    1753423.7527 1064164.87  39.3%     -   14s
H    0     0                    1749911.0404 1064164.87  39.2%     -   15s
H    0     0                    1749883.0849 1064164.87  39.2%     -   15s
H    0     0                    1746515.1205 1064164.87  39.1%     -   15s
H    0     0                    1736966.4268 1064164.87  38.7%     -   15s
H    0     0                    1736570.5686 1064164.87  38.7%     -   16s
     0     0 1067917.34    0  240 1736570.57 1067917.34  38.5%     -   21s
H    0     0                    1728979.2423 1067963.73  38.2%     -   22s
H    0     0                    1612609.1857 1067963.73  33.8%     -   22s
H    0     0                    1611473.7871 1067963.73  33.7%     -   23s
H    0     0                    1610494.1141 1067963.73  33.7%     -   23s
H    0     0                    1610080.2220 1067963.73  33.7%     -   23s
H    0     0                    1609876.8718 1067963.73  33.7%     -   23s
H    0     0                    1609200.2269 1067963.73  33.6%     -   23s
H    0     0                    1607891.5268 1067963.73  33.6%     -   23s
H    0     0                    1607274.2845 1067963.73  33.6%     -   23s
     0     0 1068601.51    0  225 1607274.28 1068601.51  33.5%     -   23s
     0     0 1068682.13    0  240 1607274.28 1068682.13  33.5%     -   23s
     0     0 1068682.14    0  240 1607274.28 1068682.14  33.5%     -   24s
     0     0 1072815.56    0  234 1607274.28 1072815.56  33.3%     -   25s
     0     0 1072873.11    0  253 1607274.28 1072873.11  33.2%     -   25s
     0     0 1072889.27    0  255 1607274.28 1072889.27  33.2%     -   26s
     0     0 1072894.40    0  257 1607274.28 1072894.40  33.2%     -   26s
H    0     0                    1553500.6774 1072894.70  30.9%     -   26s
H    0     0                    1553045.2920 1072894.70  30.9%     -   26s
     0     0 1072894.70    0  258 1553045.29 1072894.70  30.9%     -   26s
H    0     0                    1553007.5863 1072894.70  30.9%     -   27s
H    0     0                    1532972.6922 1072894.70  30.0%     -   27s
     0     0 1077325.90    0  279 1532972.69 1077325.90  29.7%     -   29s
     0     0 1077339.28    0  296 1532972.69 1077339.28  29.7%     -   29s
H    0     0                    1532387.1423 1077367.32  29.7%     -   29s
H    0     0                    1532346.0278 1077367.32  29.7%     -   30s
H    0     0                    1529010.6221 1077367.32  29.5%     -   30s
H    0     0                    1523476.9413 1077367.32  29.3%     -   30s
     0     0 1077389.18    0  297 1523476.94 1077389.18  29.3%     -   31s
     0     0 1077389.77    0  306 1523476.94 1077389.77  29.3%     -   31s
H    0     0                    1520076.5730 1091339.99  28.2%     -   35s
H    0     0                    1464124.1807 1091339.99  25.5%     -   35s
H    0     0                    1450397.8838 1091339.99  24.8%     -   35s
     0     0 1091339.99    0  296 1450397.88 1091339.99  24.8%     -   36s
     0     0 1091870.55    0  321 1450397.88 1091870.55  24.7%     -   37s
     0     0 1091876.12    0  315 1450397.88 1091876.12  24.7%     -   37s
     0     0 1091880.23    0  317 1450397.88 1091880.23  24.7%     -   37s
H    0     0                    1449897.9279 1091883.46  24.7%     -   37s
     0     0 1091883.46    0  318 1449897.93 1091883.46  24.7%     -   37s
H    0     0                    1439633.0083 1091883.46  24.2%     -   38s
H    0     0                    1439286.0268 1091883.46  24.1%     -   38s
H    0     0                    1438131.6457 1091883.46  24.1%     -   38s
H    0     0                    1432595.9662 1091883.46  23.8%     -   38s
     0     0 1095567.80    0  360 1432595.97 1095567.80  23.5%     -   39s
     0     0 1095696.70    0  401 1432595.97 1095696.70  23.5%     -   40s
H    0     0                    1416016.9808 1095702.39  22.6%     -   40s
H    0     0                    1410518.7316 1095702.39  22.3%     -   41s
     0     0 1096037.77    0  324 1410518.73 1096037.77  22.3%     -   42s
     0     0 1096362.31    0  420 1410518.73 1096362.31  22.3%     -   42s
     0     0 1096364.38    0  392 1410518.73 1096364.38  22.3%     -   42s
     0     0 1096406.47    0  404 1410518.73 1096406.47  22.3%     -   42s
     0     0 1096408.12    0  386 1410518.73 1096408.12  22.3%     -   43s
     0     0 1099751.49    0  410 1410518.73 1099751.49  22.0%     -   44s
     0     0 1100260.84    0  385 1410518.73 1100260.84  22.0%     -   45s
     0     0 1100457.09    0  394 1410518.73 1100457.09  22.0%     -   46s
     0     0 1100542.41    0  434 1410518.73 1100542.41  22.0%     -   46s
     0     0 1100542.50    0  409 1410518.73 1100542.50  22.0%     -   46s
     0     0 1100550.76    0  411 1410518.73 1100550.76  22.0%     -   47s
     0     0 1100551.12    0  412 1410518.73 1100551.12  22.0%     -   47s
     0     0 1100553.27    0  412 1410518.73 1100553.27  22.0%     -   47s
     0     0 1104828.91    0  392 1410518.73 1104828.91  21.7%     -   48s
H    0     0                    1410268.7866 1104828.91  21.7%     -   49s
H    0     0                    1410252.2015 1104828.91  21.7%     -   49s
H    0     0                    1409522.6861 1104828.91  21.6%     -   49s
H    0     0                    1402773.6113 1104828.91  21.2%     -   49s
H    0     0                    1402411.9360 1104828.91  21.2%     -   49s
H    0     0                    1402401.4305 1104828.91  21.2%     -   49s
     0     0 1105148.43    0  437 1402401.43 1105148.43  21.2%     -   50s
     0     0 1105241.70    0  421 1402401.43 1105241.70  21.2%     -   50s
     0     0 1105243.33    0  421 1402401.43 1105243.33  21.2%     -   50s
     0     0 1108801.00    0  409 1402401.43 1108801.00  20.9%     -   52s
     0     0 1109378.39    0  487 1402401.43 1109378.39  20.9%     -   53s
     0     0 1109428.45    0  506 1402401.43 1109428.45  20.9%     -   53s
     0     0 1109441.37    0  488 1402401.43 1109441.37  20.9%     -   53s
     0     0 1109630.55    0  481 1402401.43 1109630.55  20.9%     -   54s
     0     0 1109677.73    0  455 1402401.43 1109677.73  20.9%     -   54s
     0     0 1109699.03    0  464 1402401.43 1109699.03  20.9%     -   54s
     0     0 1109704.75    0  455 1402401.43 1109704.75  20.9%     -   54s
     0     0 1113349.53    0  471 1402401.43 1113349.53  20.6%     -   56s
H    0     0                    1399130.1490 1113410.45  20.4%     -   58s
H    0     0                    1398762.8862 1113410.45  20.4%     -   60s
     0     0 1114161.68    0  463 1398762.89 1114161.68  20.3%     -   62s
     0     0 1114212.34    0  507 1398762.89 1114212.34  20.3%     -   62s
     0     0 1114258.01    0  511 1398762.89 1114258.01  20.3%     -   62s
     0     0 1114260.38    0  513 1398762.89 1114260.38  20.3%     -   62s
     0     0 1117500.95    0  434 1398762.89 1117500.95  20.1%     -   64s
     0     0 1117624.63    0  410 1398762.89 1117624.63  20.1%     -   64s
     0     0 1117633.19    0  427 1398762.89 1117633.19  20.1%     -   65s
     0     0 1118890.75    0  507 1398762.89 1118890.75  20.0%     -   66s
     0     0 1118965.52    0  515 1398762.89 1118965.52  20.0%     -   68s
     0     0 1118981.82    0  529 1398762.89 1118981.82  20.0%     -   68s
     0     0 1118985.33    0  530 1398762.89 1118985.33  20.0%     -   68s
     0     0 1120016.73    0  524 1398762.89 1120016.73  19.9%     -   70s
     0     0 1120285.07    0  448 1398762.89 1120285.07  19.9%     -   71s
     0     0 1120306.36    0  450 1398762.89 1120306.36  19.9%     -   71s
     0     0 1120309.21    0  466 1398762.89 1120309.21  19.9%     -   71s
     0     0 1120892.10    0  476 1398762.89 1120892.10  19.9%     -   72s
     0     0 1121014.80    0  496 1398762.89 1121014.80  19.9%     -   74s
     0     0 1121031.36    0  511 1398762.89 1121031.36  19.9%     -   74s
     0     0 1121035.64    0  506 1398762.89 1121035.64  19.9%     -   74s
     0     0 1121489.68    0  493 1398762.89 1121489.68  19.8%     -   76s
     0     0 1121556.56    0  461 1398762.89 1121556.56  19.8%     -   76s
     0     0 1121564.51    0  454 1398762.89 1121564.51  19.8%     -   77s
     0     0 1123346.63    0  521 1398762.89 1123346.63  19.7%     -   79s
     0     0 1124315.71    0  461 1398762.89 1124315.71  19.6%     -   81s
     0     0 1125314.76    0  478 1398762.89 1125314.76  19.5%     -   81s
     0     0 1125333.11    0  521 1398762.89 1125333.11  19.5%     -   81s
     0     0 1125335.82    0  522 1398762.89 1125335.82  19.5%     -   81s
     0     0 1127124.85    0  558 1398762.89 1127124.85  19.4%     -   83s
     0     0 1127240.18    0  574 1398762.89 1127240.18  19.4%     -   85s
     0     0 1127283.02    0  533 1398762.89 1127283.02  19.4%     -   85s
     0     0 1127297.62    0  573 1398762.89 1127297.62  19.4%     -   85s
     0     0 1127298.54    0  567 1398762.89 1127298.54  19.4%     -   86s
     0     0 1127743.10    0  563 1398762.89 1127743.10  19.4%     -   87s
     0     0 1127743.10    0  561 1398762.89 1127743.10  19.4%     -   87s
     0     0 1127743.12    0  563 1398762.89 1127743.12  19.4%     -   87s
     0     0 1127804.73    0  533 1398762.89 1127804.73  19.4%     -   89s
     0     0 1128098.99    0  671 1398762.89 1128098.99  19.4%     -   90s
     0     0 1128219.76    0  713 1398762.89 1128219.76  19.3%     -   91s
     0     0 1128238.14    0  701 1398762.89 1128238.14  19.3%     -   91s
     0     0 1128244.10    0  658 1398762.89 1128244.10  19.3%     -   91s
     0     0 1129716.17    0  544 1398762.89 1129716.17  19.2%     -   93s
     0     0 1129963.37    0  587 1398762.89 1129963.37  19.2%     -   93s
     0     0 1129963.37    0  584 1398762.89 1129963.37  19.2%     -   93s
     0     0 1129991.52    0  537 1398762.89 1129991.52  19.2%     -   94s
     0     0 1129991.56    0  534 1398762.89 1129991.56  19.2%     -   94s
     0     0 1129996.66    0  566 1398762.89 1129996.66  19.2%     -   94s
     0     0 1130538.13    0  537 1398762.89 1130538.13  19.2%     -   96s
H    0     0                    1397983.7505 1130538.45  19.1%     -   99s
H    0     0                    1397550.1552 1130538.45  19.1%     -   99s
H    0     0                    1397533.0203 1130538.45  19.1%     -   99s
H    0     0                    1396957.5978 1130538.45  19.1%     -   99s
     0     0 1130655.34    0  563 1396957.60 1130655.34  19.1%     -  101s
     0     0 1130684.21    0  527 1396957.60 1130684.21  19.1%     -  101s
     0     0 1130684.80    0  501 1396957.60 1130684.80  19.1%     -  101s
     0     0 1131515.66    0  493 1396957.60 1131515.66  19.0%     -  102s
     0     0 1131555.96    0  467 1396957.60 1131555.96  19.0%     -  103s
     0     0 1131562.07    0  494 1396957.60 1131562.07  19.0%     -  103s
     0     0 1132211.57    0  511 1396957.60 1132211.57  19.0%     -  105s
     0     0 1132346.52    0  525 1396957.60 1132346.52  18.9%     -  105s
     0     0 1132395.54    0  482 1396957.60 1132395.54  18.9%     -  106s
     0     0 1132398.29    0  490 1396957.60 1132398.29  18.9%     -  106s
     0     0 1132860.52    0  529 1396957.60 1132860.52  18.9%     -  107s
     0     0 1133056.93    0  543 1396957.60 1133056.93  18.9%     -  110s
H    0     0                    1394747.4162 1133223.79  18.8%     -  110s
     0     0 1133223.79    0  522 1394747.42 1133223.79  18.8%     -  111s
     0     0 1133245.20    0  558 1394747.42 1133245.20  18.7%     -  111s
     0     0 1133261.36    0  515 1394747.42 1133261.36  18.7%     -  111s
     0     0 1133263.56    0  510 1394747.42 1133263.56  18.7%     -  111s
     0     0 1134690.14    0  500 1394747.42 1134690.14  18.6%     -  113s
     0     0 1136095.92    0  490 1394747.42 1136095.92  18.5%     -  115s
     0     0 1136095.92    0  489 1394747.42 1136095.92  18.5%     -  115s
     0     0 1136096.16    0  490 1394747.42 1136096.16  18.5%     -  115s
     0     0 1136096.19    0  490 1394747.42 1136096.19  18.5%     -  115s
     0     0 1136096.23    0  490 1394747.42 1136096.23  18.5%     -  115s
     0     0 1136096.31    0  489 1394747.42 1136096.31  18.5%     -  116s
     0     0 1136481.78    0  447 1394747.42 1136481.78  18.5%     -  116s
     0     0 1136556.47    0  435 1394747.42 1136556.47  18.5%     -  117s
     0     0 1136615.45    0  464 1394747.42 1136615.45  18.5%     -  117s
     0     0 1136630.23    0  396 1394747.42 1136630.23  18.5%     -  117s
     0     0 1136630.87    0  400 1394747.42 1136630.87  18.5%     -  117s
     0     0 1138172.98    0  381 1394747.42 1138172.98  18.4%     -  119s
     0     0          -    0      1394747.42 1138178.73  18.4%     -  120s

Cutting planes:
  Learned: 4
  Gomory: 21
  Lift-and-project: 10
  Cover: 137
  Implied bound: 339
  Clique: 92
  MIR: 509
  Knapsack: 3
  StrongCG: 149
  Flow cover: 206
  GUB cover: 54
  Inf proof: 1
  Zero half: 1
  Network: 5
  RLT: 407
  Relax-and-lift: 89
  BQP: 6

Explored 1 nodes (77157 simplex iterations) in 120.02 seconds (168.43 work units)
Thread count was 24 (of 24 available processors)

Solution count 10: 1.39475e+06 1.39475e+06 1.39696e+06 ... 1.40241e+06

Time limit reached
Best objective 1.394747416165e+06, best bound 1.138178730545e+06, gap 18.3954%
