
Gurobi 13.0.2 (linux64, Python) logging started Thu Aug 13 20:44:54 2026

Set parameter LogToConsole to value 0
Set parameter Username
Set parameter LicenseID to value 2748191
Set parameter TimeLimit to value 120
Set parameter LogFile to value "output/bz_nbr7008_043/weighted_loss/retail_y_2__retail_v_4__rolled_leftover_2/period_5/gurobi.log"
Academic license - for non-commercial use only - expires 2026-12-01
Gurobi Optimizer version 13.0.2 build v13.0.2rc1 (linux64 - "Debian GNU/Linux 13 (trixie)")

CPU model: 13th Gen Intel(R) Core(TM) i7-13700HX, instruction set [SSE2|AVX|AVX2]
Thread count: 24 physical cores, 24 logical processors, using up to 24 threads

Non-default parameters:
TimeLimit  120
LogToConsole  0

Optimize a model with 208067 rows, 139016 columns and 729686 nonzeros (Min)
Model fingerprint: 0x1d10ae0f
Model has 54660 linear objective coefficients and an objective constant of 594839.793276
Variable types: 114560 continuous, 24456 integer (24456 binary)
Coefficient statistics:
  Matrix range     [1e-02, 1e+04]
  Objective range  [1e+01, 1e+05]
  Bounds range     [1e+00, 1e+00]
  RHS range        [1e-01, 5e+04]

Presolve removed 123892 rows and 85863 columns
Presolve time: 3.65s
Presolved: 84175 rows, 53153 columns, 848573 nonzeros
Variable types: 34525 continuous, 18628 integer (18577 binary)
Deterministic concurrent LP optimizer: primal simplex, dual simplex, and barrier
Showing barrier log only...

Root barrier log...

Ordering time: 0.40s

Barrier statistics:
 Dense cols : 31
 AA' NZ     : 7.487e+06
 Factor NZ  : 1.263e+07 (roughly 150 MB of memory)
 Factor Ops : 3.575e+09 (less than 1 second per iteration)
 Threads    : 21

                  Objective                Residual
Iter       Primal          Dual         Primal    Dual     Compl     Time
   0  -4.78507057e+09 -9.20584049e+09  3.43e+06 1.68e+02  2.91e+06     5s
   1  -2.98289601e+09 -8.55769951e+09  2.27e+06 2.25e+02  1.69e+06     5s
   2  -1.27473807e+09 -7.55075158e+09  9.30e+05 4.89e+01  7.02e+05     5s
   3  -3.08306126e+08 -4.16425647e+09  2.28e+05 7.19e-11  1.78e+05     5s
   4  -1.62879148e+07 -1.21872658e+09  2.01e+04 1.08e-10  1.99e+04     5s
   5   3.70916205e+06 -4.85494771e+08  6.93e+03 8.95e-11  6.78e+03     6s
   6   8.00130389e+06 -2.80011954e+08  4.05e+03 8.00e-11  3.66e+03     6s
   7   1.19734203e+07 -7.31483934e+07  1.39e+03 3.64e-11  1.00e+03     6s
   8   1.18366576e+07 -4.05561094e+07  7.44e+02 2.36e-11  5.46e+02     6s
   9   1.12227207e+07 -2.47326498e+07  4.43e+02 1.00e-11  3.42e+02     6s
  10   9.38027056e+06 -1.44494106e+07  2.40e+02 8.24e-12  2.07e+02     6s
  11   8.56478500e+06 -1.19588498e+07  1.83e+02 8.24e-12  1.72e+02     6s
  12   5.19181222e+06 -5.77775381e+06  8.84e+01 1.05e-11  8.92e+01     6s
  13   3.82134517e+06 -2.75776688e+06  5.66e+01 1.14e-11  5.38e+01     6s
  14   3.34567946e+06 -2.30716594e+06  4.60e+01 1.31e-11  4.58e+01     6s
  15   3.20613990e+06 -1.79433060e+06  4.29e+01 1.31e-11  4.08e+01     6s
  16   2.43776407e+06 -5.46505987e+05  2.59e+01 1.48e-11  2.45e+01     6s
  17   2.20894195e+06 -2.79347470e+04  2.03e+01 1.54e-11  1.86e+01     6s
  18   1.80379337e+06  4.10956858e+05  1.07e+01 1.59e-11  1.13e+01     6s
  19   1.66686136e+06  7.78444398e+05  7.72e+00 1.66e-11  7.40e+00     6s
  20   1.49168332e+06  1.03538750e+06  4.05e+00 1.45e-11  3.80e+00     6s
  21   1.40097666e+06  1.15542457e+06  2.15e+00 1.35e-11  2.03e+00     6s
  22   1.35852844e+06  1.22360000e+06  1.25e+00 1.05e-11  1.13e+00     7s
  23   1.31939987e+06  1.24291981e+06  4.58e-01 1.14e-11  5.96e-01     7s
  24   1.31489136e+06  1.25684191e+06  3.81e-01 1.23e-11  4.57e-01     7s
  25   1.30936828e+06  1.26762786e+06  2.74e-01 1.44e-11  3.28e-01     7s
  26   1.30212176e+06  1.28596273e+06  1.45e-01 1.33e-11  1.33e-01     7s
  27   1.29723463e+06  1.28897154e+06  7.15e-02 1.19e-11  6.75e-02     7s
  28   1.29577854e+06  1.29012523e+06  5.14e-02 9.51e-12  4.66e-02     7s
  29   1.29452527e+06  1.29076128e+06  3.46e-02 1.23e-11  3.11e-02     7s
  30   1.29413562e+06  1.29123048e+06  2.95e-02 1.31e-11  2.45e-02     7s
  31   1.29336889e+06  1.29145698e+06  1.97e-02 1.86e-11  1.61e-02     7s
  32   1.29279505e+06  1.29162746e+06  1.22e-02 1.18e-11  9.89e-03     7s
  33   1.29241567e+06  1.29169451e+06  7.25e-03 1.35e-11  6.07e-03     7s
  34   1.29226198e+06  1.29176382e+06  5.30e-03 8.80e-12  4.24e-03     7s
  35   1.29206071e+06  1.29179869e+06  2.82e-03 1.37e-11  2.24e-03     7s
  36   1.29203963e+06  1.29181162e+06  2.56e-03 1.19e-11  1.96e-03     7s
  37   1.29189296e+06  1.29181874e+06  7.65e-04 1.29e-11  6.28e-04     7s
  38   1.29182862e+06  1.29182211e+06  3.10e-05 1.34e-11  4.94e-05     7s
  39   1.29182602e+06  1.29182439e+06  1.08e-05 1.91e-11  1.29e-05     8s
  40   1.29182499e+06  1.29182459e+06  2.63e-06 1.60e-11  3.15e-06     8s
  41   1.29182477e+06  1.29182460e+06  1.09e-05 1.46e-11  1.34e-06     8s
  42   1.29182468e+06  1.29182460e+06  5.36e-06 1.52e-11  6.37e-07     8s
  43   1.29182462e+06  1.29182460e+06  1.46e-06 1.16e-11  1.26e-07     8s
  44   1.29182460e+06  1.29182460e+06  2.36e-07 1.46e-11  1.95e-09     8s

Barrier solved model in 44 iterations and 7.90 seconds (14.48 work units)
Optimal objective 1.29182460e+06


Root crossover log...

   47164 DPushes remaining with DInf 1.4697198e-03                 8s
       0 DPushes remaining with DInf 0.0000000e+00                 8s

      64 PPushes remaining with PInf 3.9663629e-02                 8s
       0 PPushes remaining with PInf 0.0000000e+00                 8s

  Push phase complete: Pinf 0.0000000e+00, Dinf 2.4166253e-02      8s


Root simplex log...

Iteration    Objective       Primal Inf.    Dual Inf.      Time
   28072    1.2918246e+06   0.000000e+00   2.416625e-02      8s
   28096    1.2918246e+06   0.000000e+00   0.000000e+00      8s
Crossover time: 0.38 seconds (0.52 work units)
Concurrent spin time: 0.30s

Solved with barrier
   28097    1.2918246e+06   0.000000e+00   0.000000e+00      9s

Extra simplex iterations after uncrush: 1

Root relaxation: objective 1.291825e+06, 28097 iterations, 4.72 seconds (7.08 work units)

    Nodes    |    Current Node    |     Objective Bounds      |     Work
 Expl Unexpl |  Obj  Depth IntInf | Incumbent    BestBd   Gap | It/Node Time

     0     0 1291824.60    0  358          - 1291824.60      -     -    9s
     0     0 1291893.00    0  355          - 1291893.00      -     -    9s
H    0     0                    2540703.2160 1291893.00  49.2%     -   11s
H    0     0                    2540535.3208 1291893.00  49.1%     -   11s
H    0     0                    2540384.7103 1291893.00  49.1%     -   11s
H    0     0                    2538834.8536 1291893.00  49.1%     -   11s
H    0     0                    2484325.9631 1291893.00  48.0%     -   11s
H    0     0                    2416606.4820 1291893.00  46.5%     -   11s
H    0     0                    2389214.8154 1291893.00  45.9%     -   11s
H    0     0                    2384367.7494 1291893.00  45.8%     -   11s
H    0     0                    2380123.7319 1291893.00  45.7%     -   12s
H    0     0                    2373570.1255 1291893.00  45.6%     -   12s
H    0     0                    2371942.7186 1291893.00  45.5%     -   12s
H    0     0                    2353140.0196 1291893.00  45.1%     -   12s
H    0     0                    2285799.8289 1291893.00  43.5%     -   12s
H    0     0                    2285475.0474 1291893.00  43.5%     -   12s
H    0     0                    2279809.1894 1295405.68  43.2%     -   16s
H    0     0                    2278752.7571 1295405.68  43.2%     -   16s
H    0     0                    2271880.6889 1295405.68  43.0%     -   16s
H    0     0                    2155567.6718 1295405.68  39.9%     -   16s
H    0     0                    2107333.9467 1295405.68  38.5%     -   16s
H    0     0                    2093032.6858 1295405.68  38.1%     -   16s
     0     0 1295405.68    0  277 2093032.69 1295405.68  38.1%     -   17s
H    0     0                    2091067.3537 1295560.37  38.0%     -   18s
H    0     0                    2087888.4539 1295560.37  37.9%     -   18s
H    0     0                    2086440.5437 1295560.37  37.9%     -   18s
H    0     0                    2044677.8943 1295560.37  36.6%     -   18s
H    0     0                    2042998.6437 1295560.37  36.6%     -   18s
     0     0 1295560.37    0  267 2042998.64 1295560.37  36.6%     -   18s
     0     0 1299150.89    0  332 2042998.64 1299150.89  36.4%     -   20s
H    0     0                    2022950.2489 1299154.91  35.8%     -   21s
H    0     0                    2016184.2099 1299154.91  35.6%     -   21s
H    0     0                    2010608.2729 1299154.91  35.4%     -   22s
H    0     0                    2005709.8724 1299154.91  35.2%     -   23s
H    0     0                    1992593.7264 1299154.91  34.8%     -   23s
H    0     0                    1991497.7779 1299154.91  34.8%     -   26s
H    0     0                    1977550.9234 1299154.91  34.3%     -   26s
H    0     0                    1951851.4298 1299154.91  33.4%     -   27s
H    0     0                    1950227.7233 1299154.91  33.4%     -   27s
     0     0 1312216.50    0  328 1950227.72 1312216.50  32.7%     -   35s
     0     0 1312216.50    0  328 1950227.72 1312216.50  32.7%     -   35s
H    0     0                    1927759.4870 1312216.50  31.9%     -   37s
H    0     0                    1796606.7572 1312216.50  27.0%     -   37s
H    0     0                    1794285.3911 1312216.50  26.9%     -   37s
H    0     0                    1788948.0538 1312216.50  26.6%     -   37s
H    0     0                    1788924.8491 1312216.50  26.6%     -   37s
H    0     0                    1781618.9663 1312216.50  26.3%     -   37s
H    0     0                    1781176.6741 1314241.33  26.2%     -   39s
     0     0 1314241.33    0  437 1781176.67 1314241.33  26.2%     -   39s
     0     0 1314724.33    0  427 1781176.67 1314724.33  26.2%     -   39s
     0     0 1314728.21    0  431 1781176.67 1314728.21  26.2%     -   39s
     0     0 1314742.90    0  432 1781176.67 1314742.90  26.2%     -   40s
     0     0 1314749.66    0  424 1781176.67 1314749.66  26.2%     -   40s
     0     0 1314754.48    0  420 1781176.67 1314754.48  26.2%     -   40s
     0     0 1314770.27    0  422 1781176.67 1314770.27  26.2%     -   40s
     0     0 1314789.29    0  419 1781176.67 1314789.29  26.2%     -   40s
     0     0 1314789.29    0  415 1781176.67 1314789.29  26.2%     -   40s
     0     0 1314796.26    0  417 1781176.67 1314796.26  26.2%     -   40s
     0     0 1314797.74    0  411 1781176.67 1314797.74  26.2%     -   40s
H    0     0                    1776532.5510 1314822.55  26.0%     -   41s
H    0     0                    1776174.2855 1314822.55  26.0%     -   41s
H    0     0                    1776164.5746 1314822.55  26.0%     -   41s
H    0     0                    1776064.8823 1314822.55  26.0%     -   41s
H    0     0                    1773538.2621 1314822.55  25.9%     -   41s
H    0     0                    1761016.0234 1314822.55  25.3%     -   41s
H    0     0                    1756452.5828 1314822.55  25.1%     -   42s
     0     0 1317304.55    0  411 1756452.58 1317304.55  25.0%     -   43s
     0     0 1317333.52    0  369 1756452.58 1317333.52  25.0%     -   43s
     0     0 1317337.17    0  369 1756452.58 1317337.17  25.0%     -   43s
     0     0 1330909.83    0  447 1756452.58 1330909.83  24.2%     -   48s
     0     0 1330956.89    0  468 1756452.58 1330956.89  24.2%     -   48s
     0     0 1333399.78    0  460 1756452.58 1333399.78  24.1%     -   50s
     0     0 1334545.64    0  433 1756452.58 1334545.64  24.0%     -   50s
     0     0 1334927.73    0  458 1756452.58 1334927.73  24.0%     -   50s
     0     0 1334937.98    0  461 1756452.58 1334937.98  24.0%     -   50s
     0     0 1346927.22    0  470 1756452.58 1346927.22  23.3%     -   53s
     0     0 1346963.89    0  461 1756452.58 1346963.89  23.3%     -   53s
H    0     0                    1745168.2125 1346964.35  22.8%     -   54s
H    0     0                    1733516.7703 1346964.35  22.3%     -   54s
H    0     0                    1733426.8853 1346964.35  22.3%     -   54s
H    0     0                    1732898.9768 1346964.35  22.3%     -   54s
     0     0 1349765.94    0  543 1732898.98 1349765.94  22.1%     -   55s
     0     0 1350599.59    0  545 1732898.98 1350599.59  22.1%     -   55s
     0     0 1350835.29    0  550 1732898.98 1350835.29  22.0%     -   56s
     0     0 1350861.53    0  549 1732898.98 1350861.53  22.0%     -   56s
     0     0 1350865.42    0  556 1732898.98 1350865.42  22.0%     -   56s
     0     0 1355206.69    0  500 1732898.98 1355206.69  21.8%     -   57s
H    0     0                    1726479.0595 1356250.08  21.4%     -   58s
H    0     0                    1724145.8425 1356250.08  21.3%     -   58s
     0     0 1356250.08    0  538 1724145.84 1356250.08  21.3%     -   58s
     0     0 1356265.68    0  537 1724145.84 1356265.68  21.3%     -   58s
     0     0 1356267.18    0  537 1724145.84 1356267.18  21.3%     -   58s
     0     0 1358538.27    0  549 1724145.84 1358538.27  21.2%     -   60s
H    0     0                    1723076.6976 1358538.78  21.2%     -   61s
H    0     0                    1722358.4116 1358538.78  21.1%     -   61s
     0     0 1359219.68    0  541 1722358.41 1359219.68  21.1%     -   61s
     0     0 1359337.75    0  576 1722358.41 1359337.75  21.1%     -   61s
     0     0 1359391.03    0  553 1722358.41 1359391.03  21.1%     -   62s
     0     0 1359415.93    0  557 1722358.41 1359415.93  21.1%     -   62s
     0     0 1361066.59    0  495 1722358.41 1361066.59  21.0%     -   63s
     0     0 1361302.49    0  537 1722358.41 1361302.49  21.0%     -   64s
     0     0 1361363.23    0  563 1722358.41 1361363.23  21.0%     -   64s
     0     0 1361371.77    0  566 1722358.41 1361371.77  21.0%     -   64s
     0     0 1362754.39    0  569 1722358.41 1362754.39  20.9%     -   65s
H    0     0                    1714794.8027 1362764.10  20.5%     -   66s
H    0     0                    1704397.2405 1362764.10  20.0%     -   67s
H    0     0                    1702356.4867 1362764.10  19.9%     -   67s
H    0     0                    1700408.0349 1362764.10  19.9%     -   68s
H    0     0                    1700092.6463 1362764.10  19.8%     -   68s
     0     0 1363278.71    0  609 1700092.65 1363278.71  19.8%     -   69s
     0     0 1363279.81    0  561 1700092.65 1363279.81  19.8%     -   69s
     0     0 1363825.97    0  572 1700092.65 1363825.97  19.8%     -   70s
     0     0 1364529.42    0  596 1700092.65 1364529.42  19.7%     -   71s
     0     0 1364586.49    0  581 1700092.65 1364586.49  19.7%     -   71s
     0     0 1364594.55    0  610 1700092.65 1364594.55  19.7%     -   71s
     0     0 1370871.32    0  629 1700092.65 1370871.32  19.4%     -   73s
     0     0 1371065.07    0  701 1700092.65 1371065.07  19.4%     -   74s
     0     0 1371129.25    0  714 1700092.65 1371129.25  19.3%     -   74s
     0     0 1371139.70    0  667 1700092.65 1371139.70  19.3%     -   74s
     0     0 1371930.28    0  682 1700092.65 1371930.28  19.3%     -   76s
H    0     0                    1699100.8899 1371930.81  19.3%     -   77s
H    0     0                    1699092.3412 1371930.81  19.3%     -   77s
H    0     0                    1697887.2602 1371930.81  19.2%     -   77s
     0     0 1372035.66    0  644 1697887.26 1372035.66  19.2%     -   78s
     0     0 1372062.14    0  665 1697887.26 1372062.14  19.2%     -   78s
     0     0 1372063.42    0  716 1697887.26 1372063.42  19.2%     -   78s
     0     0 1372763.57    0  718 1697887.26 1372763.57  19.1%     -   80s
     0     0 1372817.99    0  745 1697887.26 1372817.99  19.1%     -   80s
     0     0 1372825.88    0  737 1697887.26 1372825.88  19.1%     -   81s
     0     0 1372826.99    0  737 1697887.26 1372826.99  19.1%     -   81s
     0     0 1373264.04    0  730 1697887.26 1373264.04  19.1%     -   82s
     0     0 1373400.03    0  723 1697887.26 1373400.03  19.1%     -   85s
     0     0 1373504.08    0  753 1697887.26 1373504.08  19.1%     -   85s
     0     0 1373528.68    0  757 1697887.26 1373528.68  19.1%     -   86s
     0     0 1373535.71    0  751 1697887.26 1373535.71  19.1%     -   86s
     0     0 1374593.18    0  745 1697887.26 1374593.18  19.0%     -   88s
     0     0 1374750.95    0  688 1697887.26 1374750.95  19.0%     -   88s
     0     0 1374812.44    0  689 1697887.26 1374812.44  19.0%     -   89s
     0     0 1374839.92    0  689 1697887.26 1374839.92  19.0%     -   89s
     0     0 1374844.35    0  700 1697887.26 1374844.35  19.0%     -   89s
     0     0 1375408.85    0  706 1697887.26 1375408.85  19.0%     -   91s
H    0     0                    1696704.7948 1375410.18  18.9%     -   92s
H    0     0                    1696412.3555 1375410.18  18.9%     -   92s
     0     0 1375529.94    0  765 1696412.36 1375529.94  18.9%     -   92s
     0     0 1375550.58    0  783 1696412.36 1375550.58  18.9%     -   93s
     0     0 1375555.68    0  789 1696412.36 1375555.68  18.9%     -   93s
     0     0 1376740.12    0  699 1696412.36 1376740.12  18.8%     -   95s
     0     0 1376742.52    0  672 1696412.36 1376742.52  18.8%     -   95s
     0     0 1376912.08    0  681 1696412.36 1376912.08  18.8%     -   95s
     0     0 1376941.58    0  676 1696412.36 1376941.58  18.8%     -   95s
     0     0 1376958.60    0  695 1696412.36 1376958.60  18.8%     -   96s
     0     0 1376960.54    0  698 1696412.36 1376960.54  18.8%     -   96s
     0     0 1378244.08    0  559 1696412.36 1378244.08  18.8%     -   97s
H    0     0                    1694099.3441 1378253.79  18.6%     -   98s
     0     0 1378364.30    0  533 1694099.34 1378364.30  18.6%     -  100s
     0     0 1378371.40    0  575 1694099.34 1378371.40  18.6%     -  100s
     0     0 1379540.18    0  506 1694099.34 1379540.18  18.6%     -  101s
     0     0 1379825.18    0  535 1694099.34 1379825.18  18.6%     -  102s
     0     0 1379894.67    0  517 1694099.34 1379894.67  18.5%     -  103s
     0     0 1379897.31    0  483 1694099.34 1379897.31  18.5%     -  103s
     0     0 1380926.30    0  514 1694099.34 1380926.30  18.5%     -  104s
     0     0 1381132.76    0  543 1694099.34 1381132.76  18.5%     -  108s
     0     0 1381266.56    0  564 1694099.34 1381266.56  18.5%     -  109s
     0     0 1381317.96    0  605 1694099.34 1381317.96  18.5%     -  109s
     0     0 1381318.20    0  611 1694099.34 1381318.20  18.5%     -  110s
     0     0 1382651.36    0  431 1694099.34 1382651.36  18.4%     -  111s
     0     0 1383070.34    0  517 1694099.34 1383070.34  18.4%     -  112s
     0     0 1383104.70    0  502 1694099.34 1383104.70  18.4%     -  112s
     0     0 1383111.37    0  501 1694099.34 1383111.37  18.4%     -  113s
     0     0 1384087.35    0  522 1694099.34 1384087.35  18.3%     -  114s
H    0     0                    1693312.1380 1384087.73  18.3%     -  115s
H    0     0                    1692988.1082 1384087.73  18.2%     -  115s
     0     0 1384334.12    0  482 1692988.11 1384334.12  18.2%     -  115s
     0     0 1384542.64    0  588 1692988.11 1384542.64  18.2%     -  116s
     0     0 1384552.74    0  548 1692988.11 1384552.74  18.2%     -  116s
     0     0 1385043.43    0  539 1692988.11 1385043.43  18.2%     -  117s
     0     0 1385137.27    0  538 1692988.11 1385137.27  18.2%     -  118s
     0     0 1385163.63    0  524 1692988.11 1385163.63  18.2%     -  118s
     0     0 1385170.32    0  507 1692988.11 1385170.32  18.2%     -  118s
     0     0 1385638.67    0  522 1692988.11 1385638.67  18.2%     -  119s

Cutting planes:
  Learned: 17
  Gomory: 25
  Lift-and-project: 9
  Cover: 126
  Implied bound: 336
  Clique: 138
  MIR: 566
  Knapsack: 6
  StrongCG: 143
  Flow cover: 234
  GUB cover: 62
  Zero half: 8
  Mod-K: 1
  Network: 2
  RLT: 521
  Relax-and-lift: 88
  BQP: 19

Explored 1 nodes (73551 simplex iterations) in 120.05 seconds (165.08 work units)
Thread count was 24 (of 24 available processors)

Solution count 10: 1.69299e+06 1.6941e+06 1.69641e+06 ... 1.70236e+06

Time limit reached
Best objective 1.692988108166e+06, best bound 1.385638673369e+06, gap 18.1543%
