
Gurobi 13.0.2 (linux64, Python) logging started Thu May 28 06:07:30 2026

Set parameter LogToConsole to value 0
Set parameter Username
Set parameter LicenseID to value 2748191
Set parameter TimeLimit to value 600
Set parameter LogFile to value "output/bz_nbr7008_043/period_3/gurobi.log"
Academic license - for non-commercial use only - expires 2026-12-01
Gurobi Optimizer version 13.0.2 build v13.0.2rc1 (linux64 - "Debian GNU/Linux 13 (trixie)")

CPU model: 13th Gen Intel(R) Core(TM) i7-13700HX, instruction set [SSE2|AVX|AVX2]
Thread count: 24 physical cores, 24 logical processors, using up to 24 threads

Non-default parameters:
TimeLimit  600
LogToConsole  0

Optimize a model with 202277 rows, 135200 columns and 709245 nonzeros (Min)
Model fingerprint: 0x52990841
Model has 54350 linear objective coefficients and an objective constant of 1.2423309281520001e+05
Variable types: 111420 continuous, 23780 integer (23780 binary)
Coefficient statistics:
  Matrix range     [3e-03, 1e+04]
  Objective range  [1e+01, 1e+05]
  Bounds range     [1e+00, 1e+00]
  RHS range        [1e-01, 4e+04]

Presolve removed 119990 rows and 83183 columns
Presolve time: 3.42s
Presolved: 82287 rows, 52017 columns, 823100 nonzeros
Variable types: 33968 continuous, 18049 integer (18002 binary)
Deterministic concurrent LP optimizer: primal simplex, dual simplex, and barrier
Showing barrier log only...

Root barrier log...

Ordering time: 0.41s

Barrier statistics:
 Dense cols : 25
 AA' NZ     : 7.215e+06
 Factor NZ  : 1.231e+07 (roughly 140 MB of memory)
 Factor Ops : 3.494e+09 (less than 1 second per iteration)
 Threads    : 21

                  Objective                Residual
Iter       Primal          Dual         Primal    Dual     Compl     Time
   0  -7.07928088e+09 -1.05323296e+10  2.82e+06 1.83e+02  2.86e+06     5s
   1  -4.49501260e+09 -9.58249940e+09  1.83e+06 2.62e+02  1.63e+06     5s
   2  -1.87939234e+09 -7.97095827e+09  7.42e+05 5.95e+01  6.78e+05     5s
   3  -4.60846028e+08 -4.31302220e+09  1.82e+05 2.94e+00  1.71e+05     5s
   4  -3.95886008e+07 -1.07849894e+09  1.72e+04 1.01e-10  1.91e+04     5s
   5  -1.10469059e+07 -4.22500860e+08  7.21e+03 1.08e-10  7.06e+03     5s
   6  -1.19724180e+06 -2.11930352e+08  3.76e+03 7.87e-11  3.23e+03     5s
   7   6.25045788e+06 -6.72099153e+07  1.15e+03 2.68e-11  9.11e+02     5s
   8   7.42775615e+06 -3.27445797e+07  6.97e+02 1.47e-11  4.76e+02     5s
   9   7.65860106e+06 -1.94380289e+07  3.68e+02 1.43e-11  2.76e+02     6s
  10   7.46346619e+06 -1.42495134e+07  2.29e+02 1.22e-11  2.01e+02     6s
  11   6.50830630e+06 -9.29993520e+06  1.09e+02 1.06e-11  1.31e+02     6s
  12   4.51012814e+06 -4.79617322e+06  5.81e+01 1.22e-11  7.51e+01     6s
  13   2.56397101e+06 -2.14546069e+06  2.70e+01 1.56e-11  3.74e+01     6s
  14   2.16489804e+06 -1.76310173e+06  2.11e+01 1.46e-11  3.10e+01     6s
  15   1.97020235e+06 -2.56108863e+05  1.81e+01 1.26e-11  1.88e+01     6s
  16   1.39689360e+06 -8.38671461e+04  8.35e+00 1.44e-11  1.19e+01     6s
  17   1.25010957e+06 -2.30580884e+03  5.81e+00 1.10e-11  9.82e+00     6s
  18   1.18795591e+06  1.86650904e+05  4.76e+00 1.37e-11  7.89e+00     6s
  19   1.11097587e+06  4.58528773e+05  3.53e+00 1.75e-11  5.24e+00     6s
  20   1.06430283e+06  6.61802397e+05  2.89e+00 1.03e-11  3.38e+00     6s
  21   9.86545025e+05  7.45775731e+05  1.77e+00 1.01e-11  2.03e+00     6s
  22   9.32670954e+05  8.09277029e+05  9.34e-01 1.39e-11  1.03e+00     6s
  23   9.02010208e+05  8.28266289e+05  4.07e-01 1.83e-11  5.86e-01     6s
  24   8.98027420e+05  8.37050461e+05  3.55e-01 1.19e-11  4.87e-01     6s
  25   8.93702678e+05  8.44003227e+05  2.90e-01 1.22e-11  3.96e-01     6s
  26   8.91562833e+05  8.57526652e+05  2.63e-01 8.09e-12  2.78e-01     6s
  27   8.82360686e+05  8.60393188e+05  1.27e-01 1.01e-11  1.72e-01     7s
  28   8.76962468e+05  8.63690136e+05  5.22e-02 8.75e-12  1.00e-01     7s
  29   8.73856167e+05  8.69518660e+05  1.75e-02 9.14e-12  3.27e-02     7s
  30   8.73135403e+05  8.70525288e+05  1.13e-02 1.30e-11  1.98e-02     7s
  31   8.72715926e+05  8.70814460e+05  8.10e-03 1.07e-11  1.44e-02     7s
  32   8.72420264e+05  8.71123759e+05  5.93e-03 1.08e-11  9.90e-03     7s
  33   8.72165548e+05  8.71224223e+05  4.26e-03 1.52e-11  7.18e-03     7s
  34   8.72055138e+05  8.71255668e+05  3.51e-03 1.40e-11  6.08e-03     7s
  35   8.71908524e+05  8.71307917e+05  2.59e-03 1.38e-11  4.56e-03     7s
  36   8.71771588e+05  8.71402487e+05  1.72e-03 1.21e-11  2.82e-03     7s
  37   8.71674256e+05  8.71432708e+05  1.09e-03 1.69e-11  1.84e-03     7s
  38   8.71624451e+05  8.71463095e+05  7.95e-04 1.26e-11  1.24e-03     7s
  39   8.71569032e+05  8.71474050e+05  4.56e-04 1.24e-11  7.30e-04     7s
  40   8.71511068e+05  8.71484472e+05  1.24e-04 1.23e-11  2.04e-04     7s
  41   8.71510015e+05  8.71486107e+05  1.18e-04 1.07e-11  1.85e-04     7s
  42   8.71509097e+05  8.71486436e+05  1.13e-04 1.52e-11  1.75e-04     7s
  43   8.71505359e+05  8.71486852e+05  9.35e-05 1.06e-11  1.43e-04     7s
  44   8.71499016e+05  8.71487294e+05  5.90e-05 1.35e-11  9.06e-05     8s
  45   8.71496350e+05  8.71487553e+05  4.45e-05 1.25e-11  6.81e-05     8s
  46   8.71493148e+05  8.71487677e+05  2.73e-05 1.04e-11  4.23e-05     8s
  47   8.71488074e+05  8.71487716e+05  9.50e-06 9.56e-12  2.62e-06     8s
  48   8.71487827e+05  8.71487816e+05  1.92e-07 1.53e-11  7.57e-08     8s
  49   8.71487825e+05  8.71487821e+05  5.21e-06 9.97e-12  3.98e-08     8s

Barrier solved model in 49 iterations and 7.89 seconds (14.60 work units)
Optimal objective 8.71487825e+05


Root crossover log...

   45651 DPushes remaining with DInf 1.4746542e-03                 8s
       0 DPushes remaining with DInf 0.0000000e+00                 8s

     281 PPushes remaining with PInf 3.6615003e-02                 8s
       0 PPushes remaining with PInf 0.0000000e+00                 8s

  Push phase complete: Pinf 0.0000000e+00, Dinf 1.3410440e-01      8s


Root simplex log...

Iteration    Objective       Primal Inf.    Dual Inf.      Time
   31651    8.7148782e+05   0.000000e+00   1.341044e-01      8s
   31688    8.7148782e+05   0.000000e+00   0.000000e+00      8s
Crossover time: 0.44 seconds (0.66 work units)
Concurrent spin time: 0.26s

Solved with barrier
   31688    8.7148782e+05   0.000000e+00   0.000000e+00      9s

Root relaxation: objective 8.714878e+05, 31688 iterations, 4.97 seconds (7.57 work units)

    Nodes    |    Current Node    |     Objective Bounds      |     Work
 Expl Unexpl |  Obj  Depth IntInf | Incumbent    BestBd   Gap | It/Node Time

     0     0 871487.822    0  249          - 871487.822      -     -    9s
     0     0 871487.828    0  249          - 871487.828      -     -    9s
     0     0 871487.831    0  249          - 871487.831      -     -    9s
     0     0 871487.834    0  250          - 871487.834      -     -    9s
     0     0 871487.835    0  250          - 871487.835      -     -    9s
     0     0 871487.995    0  248          - 871487.995      -     -    9s
H    0     0                    1982215.6174 871487.995  56.0%     -   10s
H    0     0                    1637994.4365 871487.995  46.8%     -   10s
H    0     0                    1636491.9529 871487.995  46.7%     -   10s
H    0     0                    1615050.8981 871487.995  46.0%     -   10s
H    0     0                    1604551.9451 871487.995  45.7%     -   10s
H    0     0                    1604486.1655 871487.995  45.7%     -   10s
H    0     0                    1602568.0132 871487.995  45.6%     -   11s
H    0     0                    1601318.8102 871487.995  45.6%     -   11s
H    0     0                    1587565.4574 871487.995  45.1%     -   12s
H    0     0                    1586076.5366 871487.995  45.1%     -   12s
H    0     0                    1571722.0274 871487.995  44.6%     -   13s
H    0     0                    1562794.5857 871487.995  44.2%     -   13s
H    0     0                    1561483.2608 871487.995  44.2%     -   14s
H    0     0                    1558933.7191 871487.995  44.1%     -   15s
     0     0 871898.772    0  284 1558933.72 871898.772  44.1%     -   18s
H    0     0                    1504378.2642 871898.874  42.0%     -   19s
H    0     0                    1497216.5687 871898.874  41.8%     -   19s
H    0     0                    1489500.8462 871898.874  41.5%     -   20s
H    0     0                    1489250.0369 871898.874  41.5%     -   20s
H    0     0                    1486265.2811 871898.874  41.3%     -   20s
H    0     0                    1479026.6106 871898.874  41.0%     -   20s
H    0     0                    1476314.7827 871898.874  40.9%     -   20s
H    0     0                    1473776.5159 871898.874  40.8%     -   20s
H    0     0                    1472412.5063 871898.874  40.8%     -   20s
H    0     0                    1471557.7459 871898.874  40.7%     -   20s
H    0     0                    1470683.5293 871898.874  40.7%     -   20s
H    0     0                    1470501.8804 871898.874  40.7%     -   20s
     0     0 871899.882    0  284 1470501.88 871899.882  40.7%     -   22s
     0     0 873237.431    0  270 1470501.88 873237.431  40.6%     -   24s
     0     0 874036.877    0  287 1470501.88 874036.877  40.6%     -   24s
     0     0 874261.485    0  272 1470501.88 874261.485  40.5%     -   25s
     0     0 874261.720    0  276 1470501.88 874261.720  40.5%     -   25s
H    0     0                    1456155.9721 874261.720  40.0%     -   27s
H    0     0                    1446358.5518 884612.547  38.8%     -   29s
H    0     0                    1443057.2120 884612.547  38.7%     -   29s
     0     0 884612.547    0  198 1443057.21 884612.547  38.7%     -   29s
H    0     0                    1437649.9292 884612.592  38.5%     -   30s
H    0     0                    1437396.7802 884612.592  38.5%     -   30s
H    0     0                    1422611.3510 884612.592  37.8%     -   30s
H    0     0                    1366098.1220 884612.592  35.2%     -   30s
H    0     0                    1364085.9175 884612.592  35.1%     -   30s
H    0     0                    1353235.4250 884612.592  34.6%     -   30s
H    0     0                    1347237.0182 884612.592  34.3%     -   31s
H    0     0                    1346220.8389 884612.592  34.3%     -   31s
H    0     0                    1337755.7596 884612.592  33.9%     -   32s
H    0     0                    1337351.8048 884612.592  33.9%     -   32s
H    0     0                    1333068.1071 884612.592  33.6%     -   32s
H    0     0                    1332990.0037 884612.592  33.6%     -   32s
H    0     0                    1305864.8913 884612.592  32.3%     -   32s
H    0     0                    1305350.8240 884612.592  32.2%     -   33s
     0     0 884884.034    0  233 1305350.82 884884.034  32.2%     -   33s
     0     0 885092.600    0  216 1305350.82 885092.600  32.2%     -   33s
     0     0 885318.042    0  227 1305350.82 885318.042  32.2%     -   34s
     0     0 885347.843    0  226 1305350.82 885347.843  32.2%     -   34s
     0     0 885364.300    0  231 1305350.82 885364.300  32.2%     -   34s
     0     0 885400.203    0  217 1305350.82 885400.203  32.2%     -   35s
     0     0 885414.629    0  221 1305350.82 885414.629  32.2%     -   35s
     0     0 885421.884    0  221 1305350.82 885421.884  32.2%     -   35s
     0     0 897612.242    0  299 1305350.82 897612.242  31.2%     -   40s
     0     0 897780.388    0  315 1305350.82 897780.388  31.2%     -   40s
     0     0 897799.380    0  316 1305350.82 897799.380  31.2%     -   40s
     0     0 897799.411    0  318 1305350.82 897799.411  31.2%     -   40s
     0     0 898876.674    0  258 1305350.82 898876.674  31.1%     -   41s
     0     0 898879.574    0  253 1305350.82 898879.574  31.1%     -   41s
     0     0 899318.580    0  272 1305350.82 899318.580  31.1%     -   42s
     0     0 899320.448    0  272 1305350.82 899320.448  31.1%     -   42s
     0     0 899320.649    0  253 1305350.82 899320.649  31.1%     -   42s
     0     0 901184.622    0  205 1305350.82 901184.622  31.0%     -   44s
H    0     0                    1303962.4969 901184.677  30.9%     -   44s
H    0     0                    1287979.3367 901184.677  30.0%     -   45s
H    0     0                    1268070.5086 901184.677  28.9%     -   45s
H    0     0                    1246993.7478 901184.677  27.7%     -   46s
H    0     0                    1245189.9875 901184.677  27.6%     -   46s
H    0     0                    1244168.8217 901184.677  27.6%     -   47s
H    0     0                    1237298.1444 901184.677  27.2%     -   48s
H    0     0                    1235680.2655 901184.677  27.1%     -   48s
H    0     0                    1233487.7458 901184.677  26.9%     -   48s
H    0     0                    1232814.5531 901184.677  26.9%     -   48s
H    0     0                    1232789.9560 901184.677  26.9%     -   49s
H    0     0                    1232497.1798 901184.677  26.9%     -   49s
H    0     0                    1229132.6380 901184.677  26.7%     -   50s
     0     0 901293.995    0  245 1229132.64 901293.995  26.7%     -   51s
     0     0 901303.239    0  275 1229132.64 901303.239  26.7%     -   51s
     0     0 901303.289    0  251 1229132.64 901303.289  26.7%     -   51s
     0     0 901303.289    0  256 1229132.64 901303.289  26.7%     -   51s
     0     0 901523.502    0  275 1229132.64 901523.502  26.7%     -   52s
     0     0 901613.088    0  291 1229132.64 901613.088  26.6%     -   53s
     0     0 901623.528    0  272 1229132.64 901623.528  26.6%     -   53s
     0     0 901627.392    0  276 1229132.64 901627.392  26.6%     -   53s
     0     0 902478.568    0  328 1229132.64 902478.568  26.6%     -   55s
     0     0 902486.424    0  355 1229132.64 902486.424  26.6%     -   55s
     0     0 902610.834    0  333 1229132.64 902610.834  26.6%     -   55s
     0     0 902610.834    0  332 1229132.64 902610.834  26.6%     -   55s
     0     0 902610.834    0  330 1229132.64 902610.834  26.6%     -   55s
     0     0 902610.834    0  288 1229132.64 902610.834  26.6%     -   55s
     0     0 902610.834    0  290 1229132.64 902610.834  26.6%     -   56s
     0     0 902610.834    0  290 1229132.64 902610.834  26.6%     -   56s
     0     0 903226.956    0  341 1229132.64 903226.956  26.5%     -   57s
     0     0 903558.225    0  401 1229132.64 903558.225  26.5%     -   58s
     0     0 903568.812    0  395 1229132.64 903568.812  26.5%     -   58s
     0     0 903591.926    0  383 1229132.64 903591.926  26.5%     -   58s
     0     0 903603.170    0  364 1229132.64 903603.170  26.5%     -   58s
     0     0 903608.537    0  407 1229132.64 903608.537  26.5%     -   59s
     0     0 904674.019    0  469 1229132.64 904674.019  26.4%     -   60s
     0     0 904858.361    0  397 1229132.64 904858.361  26.4%     -   61s
     0     0 904887.677    0  379 1229132.64 904887.677  26.4%     -   61s
     0     0 904913.096    0  417 1229132.64 904913.096  26.4%     -   62s
     0     0 904915.815    0  416 1229132.64 904915.815  26.4%     -   62s
     0     0 907599.187    0  366 1229132.64 907599.187  26.2%     -   64s
     0     0 907914.752    0  410 1229132.64 907914.752  26.1%     -   65s
     0     0 907934.355    0  402 1229132.64 907934.355  26.1%     -   66s
     0     0 907939.484    0  434 1229132.64 907939.484  26.1%     -   66s
     0     0 909464.559    0  536 1229132.64 909464.559  26.0%     -   68s
     0     0 909673.281    0  508 1229132.64 909673.281  26.0%     -   68s
     0     0 909686.706    0  518 1229132.64 909686.706  26.0%     -   69s
     0     0 909687.611    0  493 1229132.64 909687.611  26.0%     -   69s
     0     0 910719.799    0  517 1229132.64 910719.799  25.9%     -   71s
     0     0 910783.280    0  547 1229132.64 910783.280  25.9%     -   71s
     0     0 910803.632    0  558 1229132.64 910803.632  25.9%     -   72s
     0     0 910819.494    0  530 1229132.64 910819.494  25.9%     -   72s
     0     0 910819.832    0  522 1229132.64 910819.832  25.9%     -   72s
     0     0 912192.147    0  523 1229132.64 912192.147  25.8%     -   76s
     0     0 912477.104    0  563 1229132.64 912477.104  25.8%     -   77s
     0     0 912589.944    0  580 1229132.64 912589.944  25.8%     -   78s
     0     0 912598.102    0  567 1229132.64 912598.102  25.8%     -   78s
     0     0 912598.324    0  599 1229132.64 912598.324  25.8%     -   78s
     0     0 915253.310    0  550 1229132.64 915253.310  25.5%     -   81s
     0     0 915511.781    0  482 1229132.64 915511.781  25.5%     -   82s
     0     0 915560.414    0  570 1229132.64 915560.414  25.5%     -   83s
     0     0 915608.720    0  552 1229132.64 915608.720  25.5%     -   83s
     0     0 915617.126    0  551 1229132.64 915617.126  25.5%     -   83s
     0     0 915618.944    0  560 1229132.64 915618.944  25.5%     -   83s
     0     0 917619.018    0  558 1229132.64 917619.018  25.3%     -   86s
H    0     0                    1227301.0703 917619.038  25.2%     -   87s
H    0     0                    1225440.7034 917619.038  25.1%     -   87s
H    0     0                    1223688.1984 917619.038  25.0%     -   87s
H    0     0                    1218412.0247 917619.038  24.7%     -   87s
     0     0 918621.451    0  629 1218412.02 918621.451  24.6%     -   91s
     0     0 918621.451    0  632 1218412.02 918621.451  24.6%     -   91s
     0     0 918621.451    0  630 1218412.02 918621.451  24.6%     -   91s
     0     0 918872.358    0  570 1218412.02 918872.358  24.6%     -   91s
     0     0 918931.627    0  603 1218412.02 918931.627  24.6%     -   92s
     0     0 918941.619    0  623 1218412.02 918941.619  24.6%     -   92s
     0     0 918945.926    0  644 1218412.02 918945.926  24.6%     -   92s
     0     0 920679.404    0  536 1218412.02 920679.404  24.4%     -   94s
     0     0 920994.682    0  507 1218412.02 920994.682  24.4%     -   95s
     0     0 921093.733    0  531 1218412.02 921093.733  24.4%     -   95s
     0     0 921117.166    0  533 1218412.02 921117.166  24.4%     -   96s
     0     0 921119.302    0  561 1218412.02 921119.302  24.4%     -   96s
     0     0 922884.213    0  543 1218412.02 922884.213  24.3%     -   99s
H    0     0                    1218312.2849 923003.642  24.2%     -  100s
H    0     0                    1211886.5553 923003.642  23.8%     -  101s
H    0     0                    1211844.6343 923003.642  23.8%     -  102s
     0     0 923210.677    0  527 1211844.63 923210.677  23.8%     -  102s
     0     0 923289.379    0  565 1211844.63 923289.379  23.8%     -  103s
     0     0 923316.474    0  514 1211844.63 923316.474  23.8%     -  104s
     0     0 923324.596    0  519 1211844.63 923324.596  23.8%     -  104s
     0     0 925819.366    0  521 1211844.63 925819.366  23.6%     -  108s
H    0     0                    1211779.6425 925820.073  23.6%     -  109s
H    0     0                    1211172.2770 925820.073  23.6%     -  109s
H    0     0                    1211083.1703 925820.073  23.6%     -  109s
     0     0 926587.843    0  521 1211083.17 926587.843  23.5%     -  112s
     0     0 927052.000    0  462 1211083.17 927052.000  23.5%     -  114s
     0     0 927244.464    0  449 1211083.17 927244.464  23.4%     -  115s
     0     0 927260.411    0  473 1211083.17 927260.411  23.4%     -  115s
     0     0 927282.005    0  461 1211083.17 927282.005  23.4%     -  115s
     0     0 927282.005    0  456 1211083.17 927282.005  23.4%     -  116s
     0     0 927282.005    0  457 1211083.17 927282.005  23.4%     -  116s
     0     0 930472.762    0  540 1211083.17 930472.762  23.2%     -  118s
H    0     0                    1210384.1468 930496.205  23.1%     -  119s
H    0     0                    1209923.7356 930496.205  23.1%     -  121s
H    0     0                    1207449.8153 930496.205  22.9%     -  123s
     0     0 930862.080    0  509 1207449.82 930862.080  22.9%     -  132s
     0     0 931009.060    0  500 1207449.82 931009.060  22.9%     -  133s
     0     0 931009.060    0  495 1207449.82 931009.060  22.9%     -  133s
     0     0 931042.364    0  515 1207449.82 931042.364  22.9%     -  133s
     0     0 931097.187    0  525 1207449.82 931097.187  22.9%     -  134s
     0     0 931119.503    0  595 1207449.82 931119.503  22.9%     -  134s
     0     0 931132.008    0  551 1207449.82 931132.008  22.9%     -  134s
     0     0 931132.509    0  579 1207449.82 931132.509  22.9%     -  135s
     0     0 932958.817    0  504 1207449.82 932958.817  22.7%     -  137s
     0     0 933419.110    0  427 1207449.82 933419.110  22.7%     -  142s
     0     0 933679.379    0  505 1207449.82 933679.379  22.7%     -  143s
     0     0 933704.212    0  458 1207449.82 933704.212  22.7%     -  144s
     0     0 933706.000    0  514 1207449.82 933706.000  22.7%     -  144s
     0     0 936510.802    0  486 1207449.82 936510.802  22.4%     -  147s
     0     0 936960.150    0  454 1207449.82 936960.150  22.4%     -  148s
     0     0 937204.602    0  476 1207449.82 937204.602  22.4%     -  149s
     0     0 937272.175    0  513 1207449.82 937272.175  22.4%     -  151s
     0     0 937272.907    0  507 1207449.82 937272.907  22.4%     -  151s
     0     0 938103.428    0  369 1207449.82 938103.428  22.3%     -  152s
     0     0 938184.171    0  410 1207449.82 938184.171  22.3%     -  154s
     0     0 938209.562    0  390 1207449.82 938209.562  22.3%     -  154s
     0     0 938213.482    0  457 1207449.82 938213.482  22.3%     -  154s
     0     0 938960.771    0  450 1207449.82 938960.771  22.2%     -  157s
     0     0 939203.208    0  498 1207449.82 939203.208  22.2%     -  159s
     0     0 939247.993    0  472 1207449.82 939247.993  22.2%     -  160s
     0     0 939274.161    0  493 1207449.82 939274.161  22.2%     -  161s
     0     0 939274.171    0  493 1207449.82 939274.171  22.2%     -  161s
     0     0 939278.593    0  477 1207449.82 939278.593  22.2%     -  161s
     0     0 939939.626    0  468 1207449.82 939939.626  22.2%     -  164s
H    0     0                    1204687.8381 939939.626  22.0%     -  185s
H    0     0                    1201067.0534 939939.626  21.7%     -  193s
     0     0 940080.659    0  486 1201067.05 940080.659  21.7%     -  197s
     0     0 940120.493    0  482 1201067.05 940120.493  21.7%     -  198s
     0     0 940120.493    0  482 1201067.05 940120.493  21.7%     -  198s
     0     0 940125.493    0  449 1201067.05 940125.493  21.7%     -  198s
     0     0 941049.907    0  519 1201067.05 941049.907  21.6%     -  202s
H    0     0                    1200876.3750 941067.713  21.6%     -  203s
H    0     0                    1200235.9371 941067.713  21.6%     -  203s
H    0     0                    1200109.6249 941067.713  21.6%     -  203s
H    0     0                    1199850.4928 941067.713  21.6%     -  203s
     0     0 941840.655    0  480 1199850.49 941840.655  21.5%     -  205s
     0     0 941956.261    0  487 1199850.49 941956.261  21.5%     -  206s
     0     0 942150.898    0  431 1199850.49 942150.898  21.5%     -  207s
     0     0 942158.325    0  444 1199850.49 942158.325  21.5%     -  207s
     0     0 942742.754    0  457 1199850.49 942742.754  21.4%     -  210s
     0     0 943611.280    0  468 1199850.49 943611.280  21.4%     -  213s
     0     0 943789.737    0  481 1199850.49 943789.737  21.3%     -  214s
     0     0 943845.850    0  507 1199850.49 943845.850  21.3%     -  214s
     0     0 943853.007    0  512 1199850.49 943853.007  21.3%     -  214s
     0     0 945311.304    0  506 1199850.49 945311.304  21.2%     -  217s
     0     0 945447.206    0  521 1199850.49 945447.206  21.2%     -  220s
     0     0 945564.050    0  503 1199850.49 945564.050  21.2%     -  221s
     0     0 945595.049    0  460 1199850.49 945595.049  21.2%     -  223s
     0     0 945617.693    0  472 1199850.49 945617.693  21.2%     -  223s
     0     0 945627.371    0  484 1199850.49 945627.371  21.2%     -  224s
     0     0 946828.152    0  476 1199850.49 946828.152  21.1%     -  226s
     0     0 947050.750    0  517 1199850.49 947050.750  21.1%     -  228s
     0     0 947173.896    0  497 1199850.49 947173.896  21.1%     -  229s
     0     0 947211.245    0  482 1199850.49 947211.245  21.1%     -  230s
     0     0 947217.389    0  455 1199850.49 947217.389  21.1%     -  230s
     0     0 947780.321    0  535 1199850.49 947780.321  21.0%     -  231s
     0     0 947994.287    0  501 1199850.49 947994.287  21.0%     -  243s
     0     0 948175.829    0  560 1199850.49 948175.829  21.0%     -  244s
     0     0 948224.188    0  560 1199850.49 948224.188  21.0%     -  245s
     0     0 948256.037    0  501 1199850.49 948256.037  21.0%     -  245s
     0     0 948256.139    0  539 1199850.49 948256.139  21.0%     -  245s
     0     0 948606.598    0  535 1199850.49 948606.598  20.9%     -  248s
     0     0 948665.991    0  505 1199850.49 948665.991  20.9%     -  249s
     0     0 948710.907    0  530 1199850.49 948710.907  20.9%     -  249s
     0     0 948715.960    0  459 1199850.49 948715.960  20.9%     -  250s
     0     0 948921.883    0  555 1199850.49 948921.883  20.9%     -  251s
     0     0 948939.519    0  555 1199850.49 948939.519  20.9%     -  253s
     0     0 948971.189    0  611 1199850.49 948971.189  20.9%     -  254s
     0     0 948982.408    0  618 1199850.49 948982.408  20.9%     -  254s
     0     0 949697.211    0  530 1199850.49 949697.211  20.8%     -  257s
     0     0 949697.211    0  529 1199850.49 949697.211  20.8%     -  257s
     0     0 949889.720    0  491 1199850.49 949889.720  20.8%     -  258s
     0     0 949977.004    0  472 1199850.49 949977.004  20.8%     -  260s
     0     0 950037.294    0  458 1199850.49 950037.294  20.8%     -  261s
     0     0 950060.511    0  505 1199850.49 950060.511  20.8%     -  262s
     0     0 950064.884    0  508 1199850.49 950064.884  20.8%     -  262s
     0     0 950625.733    0  496 1199850.49 950625.733  20.8%     -  264s
     0     0 950689.988    0  471 1199850.49 950689.988  20.8%     -  265s
     0     0 950698.828    0  459 1199850.49 950698.828  20.8%     -  265s
     0     0 951358.434    0  511 1199850.49 951358.434  20.7%     -  268s
     0     0 951600.690    0  425 1199850.49 951600.690  20.7%     -  270s
     0     0 951600.721    0  446 1199850.49 951600.721  20.7%     -  271s
     0     0 951688.676    0  498 1199850.49 951688.676  20.7%     -  271s
     0     0 951704.947    0  490 1199850.49 951704.947  20.7%     -  272s
     0     0 952010.977    0  410 1199850.49 952010.977  20.7%     -  274s
     0     0 952084.713    0  437 1199850.49 952084.713  20.6%     -  275s
     0     0 952168.787    0  413 1199850.49 952168.787  20.6%     -  277s
     0     0 952179.090    0  468 1199850.49 952179.090  20.6%     -  278s
     0     0 952452.216    0  440 1199850.49 952452.216  20.6%     -  280s
     0     0 952489.415    0  444 1199850.49 952489.415  20.6%     -  281s
     0     0 952513.240    0  417 1199850.49 952513.240  20.6%     -  282s
     0     0 952523.191    0  440 1199850.49 952523.191  20.6%     -  283s
     0     0 952618.703    0  452 1199850.49 952618.703  20.6%     -  285s
     0     0 952618.762    0  452 1199850.49 952618.762  20.6%     -  285s
     0     0 952618.762    0  452 1199850.49 952618.762  20.6%     -  285s
H    0     0                    1199140.6963 952618.839  20.6%     -  302s
     0     2 952618.839    0  452 1199140.70 952618.839  20.6%     -  306s
     7    16 952709.103    3  418 1199140.70 952649.560  20.6%   408  310s
    31    56 952737.791    5  441 1199140.70 952729.551  20.5%   927  319s
    55    80 952749.515    6  465 1199140.70 952733.262  20.5%   823  324s
    79   126 952749.523    7  463 1199140.70 952733.262  20.5%   704  327s
H  114   126                    1199140.6961 952733.262  20.5%   516  327s
   125   224 952749.598    8  466 1199140.70 952733.262  20.5%   496  332s
   223   271 954670.679   11  503 1199140.70 952733.262  20.5%   361  336s
   271   323 952757.812   11  531 1199140.70 952733.262  20.5%   353  340s
   347   384 953197.778   14  512 1199140.70 952733.262  20.5%   333  346s
   384   408 953222.925   16  503 1199140.70 952733.262  20.5%   325  350s
   408   434 953234.547   17  495 1199140.70 952733.262  20.5%   317  355s
H  413   434                    1199014.3404 952733.262  20.5%   316  355s
   463   520 953236.684   19  494 1199014.34 952733.262  20.5%   310  362s
   520   579 953241.559   20  512 1199014.34 952733.262  20.5%   307  365s
   608   657 953322.588   22  540 1199014.34 952733.262  20.5%   298  376s
   659   727 953325.139   23  544 1199014.34 952733.262  20.5%   309  381s
   767   815 953489.952   26  518 1199014.34 952733.262  20.5%   294  389s
   817   878 953532.328   27  507 1199014.34 952733.262  20.5%   294  394s
   880   915 953647.142   30  516 1199014.34 952733.262  20.5%   291  397s
   917   977 953682.661   31  524 1199014.34 952733.262  20.5%   290  403s
   979  1001 953694.542   33  509 1199014.34 952733.262  20.5%   293  406s
  1028  1082 956676.620   34  488 1199014.34 952733.262  20.5%   295  413s
  1088  1170 953704.172   38  526 1199014.34 952733.262  20.5%   289  418s
  1176  1234 953714.418   39  481 1199014.34 952733.262  20.5%   284  423s
  1240  1257 953714.569   40  464 1199014.34 952733.262  20.5%   281  430s
  1297  1323 953722.375   41  465 1199014.34 952733.262  20.5%   278  438s
  1331  1355 953808.498   42  439 1199014.34 952733.262  20.5%   275  442s
H 1337  1355                    1199014.3390 952733.262  20.5%   274  442s
  1363  1432 956001.629   42  439 1199014.34 952733.262  20.5%   274  447s
  1440  1545 953991.409   44  467 1199014.34 952733.262  20.5%   270  454s
  1553  1575 954087.541   51  473 1199014.34 952733.262  20.5%   267  459s
  1583  1647 954183.419   52  499 1199014.34 952733.262  20.5%   267  466s
  1655  1785 954208.187   55  487 1199014.34 952733.262  20.5%   268  476s
  1793  1909 954219.184   62  524 1199014.34 952733.262  20.5%   266  484s
  1917  1945 954240.325   69  496 1199014.34 952733.262  20.5%   265  491s
  1955  2032 954438.900   70  501 1199014.34 952733.262  20.5%   270  498s
  2042  2141 957265.848   70  457 1199014.34 952733.262  20.5%   276  506s
  2151  2296 954456.842   71  516 1199014.34 952733.262  20.5%   276  516s
  2308  2455 954575.739   77  495 1199014.34 952733.262  20.5%   274  528s
  2467  2533 954747.687   85  475 1199014.34 952733.262  20.5%   275  535s
  2545  2703 954748.844   86  452 1199014.34 952733.262  20.5%   272  544s
  2717  2870 954771.562   87  444 1199014.34 952733.262  20.5%   268  555s
  2892  3027 954829.708   92  467 1199014.34 952736.524  20.5%   266  568s
  3055  3173 954894.374  100  437 1199014.34 952736.524  20.5%   270  582s
  3205  3319 954976.149  107  382 1199014.34 952736.524  20.5%   274  594s
  3357  3358 955016.022  111  392 1199014.34 952736.524  20.5%   276  600s

Cutting planes:
  Learned: 6
  Gomory: 13
  Lift-and-project: 75
  Cover: 189
  Implied bound: 546
  Clique: 130
  MIR: 699
  Knapsack: 10
  StrongCG: 245
  Flow cover: 309
  GUB cover: 47
  Zero half: 4
  Network: 3
  RLT: 372
  Relax-and-lift: 62
  BQP: 31

Explored 3404 nodes (1115795 simplex iterations) in 600.07 seconds (841.62 work units)
Thread count was 24 (of 24 available processors)

Solution count 10: 1.19901e+06 1.19901e+06 1.19914e+06 ... 1.20745e+06

Time limit reached
Best objective 1.199014338933e+06, best bound 9.527365242031e+05, gap 20.5400%
