
Gurobi 13.0.2 (linux64, Python) logging started Thu May 28 11:45:41 2026

Set parameter LogToConsole to value 0
Set parameter Username
Set parameter LicenseID to value 2748191
Set parameter TimeLimit to value 600
Set parameter LogFile to value "output/bf_qcv_045/period_5/gurobi.log"
Academic license - for non-commercial use only - expires 2026-12-01
Gurobi Optimizer version 13.0.2 build v13.0.2rc1 (linux64 - "Debian GNU/Linux 13 (trixie)")

CPU model: 13th Gen Intel(R) Core(TM) i7-13700HX, instruction set [SSE2|AVX|AVX2]
Thread count: 24 physical cores, 24 logical processors, using up to 24 threads

Non-default parameters:
TimeLimit  600
LogToConsole  0

Optimize a model with 62480 rows, 49980 columns and 166260 nonzeros (Min)
Model fingerprint: 0x74f03010
Model has 255 linear objective coefficients
Variable types: 40290 continuous, 9690 integer (9690 binary)
Coefficient statistics:
  Matrix range     [1e-02, 1e+04]
  Objective range  [2e+04, 5e+04]
  Bounds range     [1e+00, 1e+00]
  RHS range        [4e-01, 1e+05]

Presolve removed 44697 rows and 35754 columns
Presolve time: 0.28s
Presolved: 17783 rows, 14226 columns, 75111 nonzeros
Variable types: 9399 continuous, 4827 integer (4827 binary)
Found heuristic solution: objective 9424647.7538
Found heuristic solution: objective 9381180.7117
Found heuristic solution: objective 2426228.9502
Found heuristic solution: objective 2425167.9319

Root relaxation: objective 1.940895e+06, 10585 iterations, 0.35 seconds (0.87 work units)

    Nodes    |    Current Node    |     Objective Bounds      |     Work
 Expl Unexpl |  Obj  Depth IntInf | Incumbent    BestBd   Gap | It/Node Time

     0     0 1940894.97    0   16 2425167.93 1940894.97  20.0%     -    0s
H    0     0                    2059387.7789 1940894.97  5.75%     -    0s
H    0     0                    2058521.5021 1940894.97  5.71%     -    0s
H    0     0                    2018426.9469 1940894.97  3.84%     -    0s
H    0     0                    2016727.6001 1940894.97  3.76%     -    0s
H    0     0                    2016217.0819 1940894.97  3.74%     -    0s
H    0     0                    2014569.3732 1940894.97  3.66%     -    0s
H    0     0                    2014428.2118 1940894.97  3.65%     -    0s
H    0     0                    2013824.6285 1940894.97  3.62%     -    0s
H    0     0                    2010022.3290 1940894.97  3.44%     -    0s
H    0     0                    1984897.6507 1940894.97  2.22%     -    0s
H    0     0                    1982762.2735 1940894.97  2.11%     -    0s
H    0     0                    1980288.5953 1940894.97  1.99%     -    0s
H    0     0                    1978235.6795 1940894.97  1.89%     -    0s
H    0     0                    1977490.9348 1940894.97  1.85%     -    1s
     0     0 1940894.98    0   22 1977490.93 1940894.98  1.85%     -    1s
H    0     0                    1972200.1244 1940894.99  1.59%     -    1s
     0     0 1940894.99    0   23 1972200.12 1940894.99  1.59%     -    1s
     0     0 1940894.99    0   27 1972200.12 1940894.99  1.59%     -    1s
     0     0 1940894.99    0   19 1972200.12 1940894.99  1.59%     -    1s
     0     0 1940894.99    0   19 1972200.12 1940894.99  1.59%     -    1s
     0     0 1940894.99    0   15 1972200.12 1940894.99  1.59%     -    1s
     0     0 1940894.99    0   25 1972200.12 1940894.99  1.59%     -    2s
     0     0 1940894.99    0   23 1972200.12 1940894.99  1.59%     -    2s
     0     0 1940894.99    0   29 1972200.12 1940894.99  1.59%     -    2s
H    0     0                    1967053.9541 1940894.99  1.33%     -    2s
H    0     0                    1966801.4485 1940894.99  1.32%     -    2s
     0     0 1940894.99    0   33 1966801.45 1940894.99  1.32%     -    2s
     0     0 1940895.00    0   27 1966801.45 1940895.00  1.32%     -    2s
     0     0 1940895.00    0   27 1966801.45 1940895.00  1.32%     -    2s
     0     0 1940895.00    0   27 1966801.45 1940895.00  1.32%     -    2s
     0     0 1940895.00    0   19 1966801.45 1940895.00  1.32%     -    2s
     0     2 1940895.25    0   19 1966801.45 1940895.25  1.32%     -    2s
H   98   104                    1966707.4286 1940895.25  1.31%   5.4    3s
H  482   504                    1966540.5473 1940895.25  1.30%   3.5    4s
H  780   896                    1961093.3903 1940895.25  1.03%   3.3    5s
H  781   896                    1959605.0073 1940895.25  0.95%   3.3    5s
H  879   896                    1959574.8346 1940895.25  0.95%   3.3    5s
H 3847  4513                    1953487.4674 1940895.25  0.64%   5.7    6s
H 7232  6708                    1951245.0174 1940895.25  0.53%   8.1    8s
H 7307  6702                    1950440.3853 1940895.25  0.49%   8.2    8s
H 7438  7758                    1948238.6888 1940895.25  0.38%   8.2    9s
H 7476  7338                    1945999.6482 1940895.25  0.26%   8.3    9s
  8699  8990     cutoff  281      1945999.65 1940895.25  0.26%   8.7   10s
H10772 10306                    1945732.4365 1940895.25  0.25%   8.3   10s
H11472 10305                    1945484.7395 1940895.25  0.24%   8.4   10s
H12211  9784                    1945329.0140 1940895.25  0.23%   8.4   12s
H12211  9294                    1945300.1328 1940895.25  0.23%   8.4   12s
H12211  8830                    1945117.2898 1940895.25  0.22%   8.4   12s
H12291  8449                    1944805.5497 1940895.25  0.20%   9.0   14s
 12298  8472 1940895.25   18   12 1944805.55 1940895.25  0.20%   9.0   15s
H12307  8049                    1944698.8029 1940895.25  0.20%   9.0   15s
H12623  7993                    1944696.6822 1940895.25  0.20%   8.8   15s
H12788  8068                    1944662.4787 1940895.25  0.19%   8.8   16s
H14548  8761                    1944641.7975 1940895.25  0.19%   8.5   17s
H14961  8278                    1944450.5249 1940895.25  0.18%   8.6   17s
 15609  9779 1940896.43   57   11 1944450.52 1940895.25  0.18%   8.7   20s
H17115  8894                    1944234.4402 1940895.25  0.17%   8.7   20s
 27013 12782 1941131.10  206   11 1944234.44 1940895.25  0.17%   8.8   25s
H27205 12353                    1944229.5750 1940895.25  0.17%   9.0   27s
H27274 11723                    1944182.2600 1940895.25  0.17%   9.0   27s
 28869 12846 1940896.63   72   17 1944182.26 1940895.25  0.17%   8.9   31s
H29036 12212                    1944181.7298 1940895.25  0.17%   9.0   31s
 35278 15209 1940973.88  207   12 1944181.73 1940895.25  0.17%   9.0   35s
H35294 14656                    1944177.4875 1940895.25  0.17%   9.0   35s
H35328 14071                    1944165.1981 1940895.25  0.17%   9.0   35s
H35386 13433                    1944161.3423 1940895.25  0.17%   9.0   35s
H35397 13415                    1944156.4771 1940895.25  0.17%   9.0   36s
H36330 12720                    1944154.3564 1940895.25  0.17%   9.3   37s
H36479 12124                    1944016.8139 1940895.25  0.16%   9.4   37s
H39797 13392                    1944007.1364 1940895.25  0.16%  10.6   39s
 40963 14090 1941677.08  313   15 1944007.14 1940895.25  0.16%  10.7   40s
 51594 17343 1943497.57  281   12 1944007.14 1940895.25  0.16%  11.6   45s
H51646 16629                    1943977.8923 1940895.25  0.16%  11.6   45s
 60815 25406 1943501.05  342   10 1943977.89 1940895.25  0.16%  12.1   50s
H63242 25764                    1943958.0084 1940895.25  0.16%  12.0   51s
H71307 29596                    1943676.1740 1940895.25  0.14%  11.9   53s
H72199 27345                    1943447.4082 1940895.25  0.13%  12.0   54s
H72202 27233                    1943408.9624 1940895.25  0.13%  12.0   54s
H72225 26533                    1943241.8690 1940895.25  0.12%  12.0   54s
 72235 29493 1942330.30  368   13 1943241.87 1940895.25  0.12%  12.0   55s
H76155 30773                    1943237.2555 1940895.25  0.12%  11.7   56s
H76417 30571                    1943205.1201 1940895.25  0.12%  11.7   56s
 80599 32718 1940895.25   41   18 1943205.12 1940895.25  0.12%  11.5   60s
H82127 32228                    1943204.3007 1940895.25  0.12%  11.4   62s
 84767 35946     cutoff  171      1943204.30 1940895.25  0.12%  11.6   66s
H100149 38853                    1943202.1801 1940895.25  0.12%  10.7   68s
 103025 41160 1940896.32   52   12 1943202.18 1940895.25  0.12%  10.7   70s
 105647 40973 1943012.77  201   31 1943202.18 1940914.47  0.12%  10.7   75s
 109591 44630 1940922.09  192   13 1943202.18 1940914.48  0.12%  10.5   80s
H110438 42299                    1943199.7220 1940914.48  0.12%  10.5   80s
H118595 42545                    1943198.8062 1940914.48  0.12%  10.3   83s
H118627 40682                    1943198.2279 1940914.48  0.12%  10.4   83s
 124350 44594 1941126.78  192   13 1943198.23 1940914.48  0.12%  10.3   85s
 147786 51734     cutoff  150      1943198.23 1940914.48  0.12%  10.6   90s
 200904 64040 1940922.45  109   10 1943198.23 1940914.48  0.12%   8.6   95s
 232135 80825 1942784.15  142   12 1943198.23 1940914.48  0.12%   7.9  100s
 282915 111933 1940921.09  120   11 1943198.23 1940914.48  0.12%   7.2  105s
H290475 115001                    1943196.7338 1940914.48  0.12%   7.1  105s
H327950 138772                    1943195.9144 1940914.48  0.12%   6.5  108s
 342292 151347 1942381.85  182    7 1943195.91 1940914.48  0.12%   6.4  110s
 371815 165933 1941060.07  145   11 1943195.91 1940914.48  0.12%   6.3  115s
H371879 165935                    1943195.1432 1940914.48  0.12%   6.3  115s
H372861 166663                    1943195.1211 1940914.48  0.12%   6.3  116s
 407658 188199 1941321.40  109    9 1943195.12 1940914.48  0.12%   6.0  120s
 455692 216581 1941087.55  151    9 1943195.12 1940914.48  0.12%   5.9  125s
 501400 248232 1941959.45  159   14 1943195.12 1940914.48  0.12%   5.7  130s
 553923 285654 1940914.72   95   11 1943195.12 1940914.48  0.12%   5.5  135s
 599431 311429 1940924.55  113   10 1943195.12 1940914.48  0.12%   5.5  140s
 625224 328137 1941583.84  149   11 1943195.12 1940914.48  0.12%   5.4  145s
 660256 351145     cutoff  150      1943195.12 1940914.48  0.12%   5.4  150s
 706562 378973 1943135.64  170    9 1943195.12 1940914.48  0.12%   5.4  155s
 751355 409180 1942473.99  111    9 1943195.12 1940914.48  0.12%   5.3  160s
 798478 444453 1941950.95  158   11 1943195.12 1940914.48  0.12%   5.2  165s
 843640 492841 1940917.04  108   11 1943195.12 1940914.48  0.12%   5.1  171s
 871804 500745 1940919.54   84   11 1943195.12 1940914.48  0.12%   5.1  175s
 905217 517020 1941165.03  153   11 1943195.12 1940914.48  0.12%   5.1  180s
 953282 551245 1940917.61  141   11 1943195.12 1940914.48  0.12%   5.0  185s
 1001477 583453 1941916.84  150   11 1943195.12 1940914.48  0.12%   5.0  190s
 1027245 613178 1941018.93  168   11 1943195.12 1940914.48  0.12%   5.0  195s
 1096412 647474 1940915.46   96   11 1943195.12 1940914.48  0.12%   5.0  200s
 1148956 684621 1940914.48  108   13 1943195.12 1940914.48  0.12%   4.9  205s
 1188061 726908 1943194.31  186    9 1943195.12 1940914.48  0.12%   4.9  213s
 1213766 742214     cutoff  192      1943195.12 1940914.48  0.12%   4.8  216s
 1267048 767315 1943052.03  102   10 1943195.12 1940914.48  0.12%   4.8  220s
 1320732 804852 1940914.48  105   14 1943195.12 1940914.48  0.12%   4.8  225s
 1366293 833179 1940921.32  139   12 1943195.12 1940914.48  0.12%   4.7  230s
 1406786 861426 1940919.18  177   10 1943195.12 1940914.48  0.12%   4.7  235s
 1463658 902416 1940919.09  127   11 1943195.12 1940914.48  0.12%   4.6  240s
 1513860 937759 1940938.26  158   11 1943195.12 1940914.48  0.12%   4.6  245s
 1526181 943953 1940947.02  108   13 1943195.12 1940914.48  0.12%   4.6  250s
 1538221 953271 1940916.52  121   11 1943195.12 1940914.48  0.12%   4.6  255s
 1576589 977494 1941315.47  152   11 1943195.12 1940914.48  0.12%   4.6  260s
 1635260 1018586 1941089.35  169   11 1943195.12 1940914.48  0.12%   4.5  265s
 1681874 1048541 1941106.97  154   11 1943195.12 1940914.48  0.12%   4.5  270s
 1723727 1071502     cutoff  120      1943195.12 1940914.48  0.12%   4.5  275s
 1763776 1098693 1940914.62   98   11 1943195.12 1940914.48  0.12%   4.5  280s
 1809055 1128033 1941055.09  177   11 1943195.12 1940914.48  0.12%   4.5  285s
H1824901 1134946                    1943193.1337 1940914.48  0.12%   4.5  286s
 1846767 1153679 1940998.50  122    9 1943193.13 1940914.48  0.12%   4.5  290s
 1905495 1193655 1941104.27  125    9 1943193.13 1940914.48  0.12%   4.5  295s
 1953160 1223371     cutoff  127      1943193.13 1940914.48  0.12%   4.5  300s
H1987505 1243270                    1943193.1115 1940914.48  0.12%   4.5  304s
 1990953 1245573 1940918.22  121   11 1943193.11 1940914.48  0.12%   4.5  305s
 2030856 1270759 1940923.13  132   11 1943193.11 1940914.48  0.12%   4.5  310s
 2070760 1295351 1941224.56  158   11 1943193.11 1940914.48  0.12%   4.5  315s
 2116085 1325066 1940966.47  148   11 1943193.11 1940914.48  0.12%   4.5  320s
 2160458 1353242 1940949.22  182   11 1943193.11 1940914.48  0.12%   4.5  325s
 2205490 1381232 1940975.13  172   10 1943193.11 1940914.48  0.12%   4.5  330s
 2220301 1389002 1940915.12  128   11 1943193.11 1940914.48  0.12%   4.5  335s
 2239684 1403635 1943190.85  183   21 1943193.11 1940914.48  0.12%   4.5  340s
 2285444 1433756 1941314.15  141   11 1943193.11 1940914.48  0.12%   4.5  345s
 2331168 1458934 1940919.73  115   11 1943193.11 1940914.48  0.12%   4.5  350s
 2380118 1490923 1942691.16  178   12 1943193.11 1940914.48  0.12%   4.5  355s
 2430484 1526873 1941016.90  169    9 1943193.11 1940914.48  0.12%   4.5  360s
 2468215 1545863 1941290.45  157    9 1943193.11 1940914.48  0.12%   4.5  365s
 2511862 1574063 1940922.49  136   11 1943193.11 1940914.48  0.12%   4.5  370s
 2557237 1601820     cutoff  138      1943193.11 1940914.48  0.12%   4.5  375s
 2599069 1628295 1942011.08  142    9 1943193.11 1940914.48  0.12%   4.5  380s
 2636019 1650549 1940917.11  122   11 1943193.11 1940914.48  0.12%   4.5  385s
 2677917 1674987 1941394.18  147    9 1943193.11 1940914.48  0.12%   4.5  390s
 2724010 1704207 1940918.58   85   12 1943193.11 1940914.48  0.12%   4.5  395s
 2734343 1711302 1940915.70   99   11 1943193.11 1940914.48  0.12%   4.5  400s
 2742302 1735543 1940987.66  178   11 1943193.11 1940914.48  0.12%   4.5  406s
 2794915 1755834     cutoff  186      1943193.11 1940914.48  0.12%   4.5  410s
 2831262 1780792 1941280.56  179   11 1943193.11 1940914.48  0.12%   4.5  415s
 2875885 1813777 1940918.00  149   13 1943193.11 1940914.48  0.12%   4.5  420s
 2909951 1835472 1940983.21  141   11 1943193.11 1940914.48  0.12%   4.6  425s
 2952757 1863003 1942829.59  120    8 1943193.11 1940914.48  0.12%   4.6  430s
 2993826 1891691 1941617.70  138    9 1943193.11 1940914.48  0.12%   4.6  435s
 3030814 1914389 1941001.54  171   11 1943193.11 1940914.48  0.12%   4.6  440s
 3078917 1948589 1943089.28  173    9 1943193.11 1940914.48  0.12%   4.6  445s
 3121363 1974287     cutoff  119      1943193.11 1940914.48  0.12%   4.6  450s
 3150338 1994580 1940914.62  122   11 1943193.11 1940914.48  0.12%   4.6  455s
 3188872 2019351 1940958.84  123   10 1943193.11 1940914.48  0.12%   4.7  460s
 3233519 2047910 1941226.88  108    9 1943193.11 1940914.48  0.12%   4.7  465s
 3260497 2065878     cutoff  148      1943193.11 1940914.48  0.12%   4.7  470s
 3262930 2067376     cutoff  157      1943193.11 1940914.48  0.12%   4.7  475s
 3270831 2088986     cutoff  173      1943193.11 1940914.48  0.12%   4.7  481s
 3297146 2106765     cutoff  116      1943193.11 1940914.48  0.12%   4.7  486s
 3325008 2123754 1940915.11  121   11 1943193.11 1940914.48  0.12%   4.7  490s
 3350956 2138285 1941021.10  129   12 1943193.11 1940914.48  0.12%   4.7  495s
 3408192 2162167 1941052.62  165   12 1943193.11 1940914.48  0.12%   4.8  500s
 3449422 2190215 1941949.53  189    9 1943193.11 1940914.48  0.12%   4.8  505s
 3458858 2208123 1941020.98  150   14 1943193.11 1940914.48  0.12%   4.8  510s
 3524771 2239522 1941428.00  171   12 1943193.11 1940914.48  0.12%   4.8  515s
 3567475 2265902     cutoff  135      1943193.11 1940914.48  0.12%   4.8  520s
 3602579 2289743 1941117.53  131    9 1943193.11 1940914.48  0.12%   4.9  525s
 3649798 2319598 1941848.49  164    9 1943193.11 1940914.48  0.12%   4.8  530s
 3691941 2346789 1941955.39  168    9 1943193.11 1940914.48  0.12%   4.9  535s
 3732758 2371155     cutoff  135      1943193.11 1940914.48  0.12%   4.9  540s
 3771608 2392705 1941523.30  101   12 1943193.11 1940914.48  0.12%   4.9  545s
 3815585 2421707 1940917.36  100   11 1943193.11 1940914.48  0.12%   4.9  550s
 3858945 2450408     cutoff  126      1943193.11 1940914.48  0.12%   4.9  555s
 3890383 2467751 1941015.89  153    9 1943193.11 1940914.48  0.12%   4.9  560s
 3923455 2487448 1941016.40  187   12 1943193.11 1940914.48  0.12%   4.9  565s
 3958602 2513228     cutoff  192      1943193.11 1940914.48  0.12%   4.9  570s
 3990552 2534146 1942519.90  206   12 1943193.11 1940914.48  0.12%   4.9  575s
 3992559 2535383 1942520.05  216   15 1943193.11 1940914.48  0.12%   4.9  580s
 4002984 2545114     cutoff  123      1943193.11 1940914.48  0.12%   4.9  585s
 4043058 2569624     cutoff  140      1943193.11 1940914.48  0.12%   4.9  590s
 4083727 2599200 1940917.16  124   11 1943193.11 1940914.48  0.12%   4.9  595s
 4128021 2632359 1940914.48  108   14 1943193.11 1940914.48  0.12%   4.9  600s

Cutting planes:
  Projected implied bound: 2
  Flow cover: 1

Explored 4134843 nodes (20227534 simplex iterations) in 600.18 seconds (650.10 work units)
Thread count was 24 (of 24 available processors)

Solution count 10: 1.94319e+06 1.94319e+06 1.9432e+06 ... 1.9432e+06

Time limit reached
Warning: max constraint violation (2.2623e-06) exceeds tolerance
Best objective 1.943193111506e+06, best bound 1.940914482755e+06, gap 0.1173%
