
Gurobi 13.0.2 (linux64, Python) logging started Sat Aug 22 15:31:57 2026

Set parameter LogToConsole to value 0
Set parameter Username
Set parameter LicenseID to value 2748191
Set parameter TimeLimit to value 120
Set parameter LogFile to value "output/bz_nbr7008_075/weighted_loss/retail_y_4__retail_v_2__retail_v_2__rolled_leftover_2/period_3/gurobi.log"
Academic license - for non-commercial use only - expires 2026-12-01
Gurobi Optimizer version 13.0.2 build v13.0.2rc1 (linux64 - "Debian GNU/Linux 13 (trixie)")

CPU model: 13th Gen Intel(R) Core(TM) i7-13700HX, instruction set [SSE2|AVX|AVX2]
Thread count: 24 physical cores, 24 logical processors, using up to 24 threads

Non-default parameters:
TimeLimit  120
LogToConsole  0

Optimize a model with 13967 rows, 9445 columns and 39166 nonzeros (Min)
Model fingerprint: 0x96fbdcd1
Model has 3230 linear objective coefficients and an objective constant of 194422.9285104
Variable types: 7694 continuous, 1751 integer (1751 binary)
Coefficient statistics:
  Matrix range     [1e-02, 8e+03]
  Objective range  [1e+01, 8e+04]
  Bounds range     [1e+00, 1e+00]
  RHS range        [4e-02, 2e+04]

Presolve removed 11017 rows and 7362 columns
Presolve time: 0.13s
Presolved: 2950 rows, 2083 columns, 14618 nonzeros
Variable types: 1343 continuous, 740 integer (740 binary)

Root relaxation: objective 2.606134e+05, 1658 iterations, 0.04 seconds (0.07 work units)

    Nodes    |    Current Node    |     Objective Bounds      |     Work
 Expl Unexpl |  Obj  Depth IntInf | Incumbent    BestBd   Gap | It/Node Time

     0     0 260613.352    0   97          - 260613.352      -     -    0s
     0     0 260748.370    0  120          - 260748.370      -     -    0s
     0     0 265146.305    0   61          - 265146.305      -     -    0s
     0     0 265146.973    0   61          - 265146.973      -     -    0s
     0     0 265152.853    0   84          - 265152.853      -     -    0s
     0     0 265153.170    0   88          - 265153.170      -     -    0s
     0     0 265171.839    0  108          - 265171.839      -     -    0s
     0     0 265188.658    0  114          - 265188.658      -     -    0s
     0     0 266511.879    0  114          - 266511.879      -     -    0s
     0     0 271662.904    0   76          - 271662.904      -     -    0s
H    0     0                    453275.37703 271662.904  40.1%     -    0s
H    0     0                    450469.31734 271662.904  39.7%     -    0s
     0     0 271662.904    0   96 450469.317 271662.904  39.7%     -    0s
     0     0 271662.904    0  132 450469.317 271662.904  39.7%     -    0s
     0     0 271662.904    0  138 450469.317 271662.904  39.7%     -    0s
H    0     0                    415802.64249 271662.904  34.7%     -    0s
H    0     0                    412998.05681 271662.904  34.2%     -    0s
H    0     0                    412899.83063 271662.904  34.2%     -    0s
H    0     0                    404151.89730 277046.278  31.4%     -    0s
H    0     0                    401350.22415 277046.278  31.0%     -    0s
     0     0 277046.278    0   86 401350.224 277046.278  31.0%     -    0s
H    0     0                    383229.39382 277046.278  27.7%     -    0s
H    0     0                    382062.19648 277046.278  27.5%     -    0s
H    0     0                    373994.86519 277046.278  25.9%     -    0s
H    0     0                    372821.97815 277046.278  25.7%     -    0s
H    0     0                    360212.25138 277046.278  23.1%     -    0s
     0     0 278838.913    0   97 360212.251 278838.913  22.6%     -    0s
     0     0 278866.168    0  134 360212.251 278866.168  22.6%     -    0s
     0     0 278866.168    0  124 360212.251 278866.168  22.6%     -    1s
     0     0 280265.567    0  142 360212.251 280265.567  22.2%     -    1s
H    0     0                    346622.60979 280289.772  19.1%     -    1s
     0     0 280489.073    0  155 346622.610 280489.073  19.1%     -    1s
     0     0 280531.727    0  159 346622.610 280531.727  19.1%     -    1s
     0     0 280535.785    0  166 346622.610 280535.785  19.1%     -    1s
H    0     0                    345297.73545 281450.915  18.5%     -    1s
     0     0 281450.915    0  140 345297.735 281450.915  18.5%     -    1s
     0     0 281572.700    0  165 345297.735 281572.700  18.5%     -    1s
     0     0 281575.565    0  166 345297.735 281575.565  18.5%     -    1s
     0     0 282633.552    0  198 345297.735 282633.552  18.1%     -    1s
     0     0 282751.652    0  181 345297.735 282751.652  18.1%     -    1s
     0     0 282786.982    0  190 345297.735 282786.982  18.1%     -    1s
     0     0 282823.205    0  167 345297.735 282823.205  18.1%     -    1s
     0     0 282825.771    0  186 345297.735 282825.771  18.1%     -    1s
     0     0 283508.431    0  152 345297.735 283508.431  17.9%     -    1s
     0     0 284674.528    0  140 345297.735 284674.528  17.6%     -    1s
     0     0 284674.528    0  164 345297.735 284674.528  17.6%     -    1s
     0     0 284674.528    0  164 345297.735 284674.528  17.6%     -    1s
     0     0 284674.528    0  143 345297.735 284674.528  17.6%     -    1s
     0     0 284691.661    0  176 345297.735 284691.661  17.6%     -    1s
     0     0 284691.661    0  169 345297.735 284691.661  17.6%     -    2s
     0     0 284817.958    0  166 345297.735 284817.958  17.5%     -    2s
     0     0 286641.809    0  171 345297.735 286641.809  17.0%     -    2s
     0     0 286641.809    0  178 345297.735 286641.809  17.0%     -    2s
     0     0 286641.809    0  127 345297.735 286641.809  17.0%     -    2s
H    0     0                    344744.30515 286641.809  16.9%     -    2s
     0     0 286641.809    0  165 344744.305 286641.809  16.9%     -    2s
     0     0 286641.809    0  175 344744.305 286641.809  16.9%     -    2s
     0     0 286641.809    0  186 344744.305 286641.809  16.9%     -    2s
     0     0 286641.809    0  234 344744.305 286641.809  16.9%     -    2s
     0     0 286641.809    0  194 344744.305 286641.809  16.9%     -    2s
     0     0 286641.809    0  194 344744.305 286641.809  16.9%     -    2s
     0     0 286641.809    0  186 344744.305 286641.809  16.9%     -    2s
H    0     0                    344667.29651 286641.809  16.8%     -    3s
     0     2 286641.809    0  186 344667.297 286641.809  16.8%     -    3s
H   61    83                    344310.76431 287859.350  16.4%   206    3s
H   80    83                    343296.68899 288249.066  16.0%   202    3s
H  293   311                    342940.15679 288249.066  15.9%   121    4s
H  308   311                    339993.24331 288249.066  15.2%   118    4s
   690   582 313806.403   20  100 339993.243 288785.663  15.1%  99.0    5s
  3261  1399 305684.394   16   75 339993.243 295111.232  13.2%   104   10s
  5152  1837 297663.044   17  101 339993.243 297205.908  12.6%   101   15s
H 5421  1907                    339649.23988 297559.225  12.4%   103   15s
  7583  2415 307330.600   33   99 339649.240 298967.093  12.0%  97.3   20s
H 8360  2494                    339591.51874 299212.146  11.9%  96.5   21s
 14002  4921     cutoff   43      339591.519 302796.613  10.8%  88.9   25s
H22894  8694                    339551.89089 304380.362  10.4%  80.5   29s
 24603  9745     cutoff   60      339551.891 304421.959  10.3%  79.3   30s
 32950 13297     cutoff   39      339551.891 305423.757  10.1%  75.6   35s
 42397 16902     cutoff   36      339551.891 306142.429  9.84%  73.4   40s
 51036 19086 328535.698   43  186 339551.891 306747.755  9.66%  72.1   50s
 51063 19104 336073.863   27  224 339551.891 306747.755  9.66%  72.1   55s
 51079 19115 320689.635   36  299 339551.891 306747.755  9.66%  72.0   60s
 51099 19128 322042.182   48  277 339551.891 306747.755  9.66%  72.0   65s
 51117 19140 309383.628   39  275 339551.891 306747.755  9.66%  72.0   70s
 51135 19152 316720.472   43  283 339551.891 306747.755  9.66%  71.9   75s
 51146 19159 328026.339   43  262 339551.891 306747.755  9.66%  71.9   80s
 51164 19171 321466.062   41  295 339551.891 306747.755  9.66%  71.9   85s
 51182 19183 316482.114   44  300 339551.891 306747.755  9.66%  71.9   90s
 51194 19191 310165.075   35  311 339551.891 306747.755  9.66%  71.9   95s
 51211 19203 329374.275   31  295 339551.891 306747.755  9.66%  71.8  100s
 51220 19209 324774.336   40  294 339551.891 306747.755  9.66%  71.8  105s
 51231 19216 324605.433   28  300 339551.891 306747.755  9.66%  71.8  110s
 51244 19225 311287.546   39  303 339551.891 306747.755  9.66%  71.8  115s
 52180 19479 316470.112   43  105 339551.891 306747.755  9.66%  73.8  120s

Cutting planes:
  Learned: 7
  Gomory: 8
  Cover: 47
  Implied bound: 63
  MIR: 145
  StrongCG: 5
  Flow cover: 244
  GUB cover: 30
  Zero half: 35
  Network: 1
  RLT: 16
  Relax-and-lift: 43
  BQP: 1

Explored 52203 nodes (3859386 simplex iterations) in 120.01 seconds (101.08 work units)
Thread count was 24 (of 24 available processors)

Solution count 10: 339552 339592 339649 ... 345298

Time limit reached
Best objective 3.395518908894e+05, best bound 3.067477552370e+05, gap 9.6610%
