
Gurobi 13.0.2 (linux64, Python) logging started Mon May 25 12:02:17 2026

Set parameter LogToConsole to value 0
Set parameter Username
Set parameter LicenseID to value 2748191
Set parameter TimeLimit to value 600
Set parameter LogFile to value "output/bz_nbr7008_043/period_2/gurobi.log"
Academic license - for non-commercial use only - expires 2026-12-01
Gurobi Optimizer version 13.0.2 build v13.0.2rc1 (linux64 - "Debian GNU/Linux 13 (trixie)")

CPU model: 13th Gen Intel(R) Core(TM) i7-13700HX, instruction set [SSE2|AVX|AVX2]
Thread count: 24 physical cores, 24 logical processors, using up to 24 threads

Non-default parameters:
TimeLimit  600
LogToConsole  0

Optimize a model with 203969 rows, 136730 columns and 713553 nonzeros (Min)
Model fingerprint: 0x3a906c12
Model has 54470 linear objective coefficients and an objective constant of 399231.4306464
Variable types: 112668 continuous, 24062 integer (24062 binary)
Coefficient statistics:
  Matrix range     [3e-03, 1e+04]
  Objective range  [1e+01, 1e+05]
  Bounds range     [1e+00, 1e+00]
  RHS range        [1e-01, 3e+04]

Presolve removed 122514 rows and 85141 columns
Presolve time: 3.34s
Presolved: 81455 rows, 51589 columns, 817174 nonzeros
Variable types: 33763 continuous, 17826 integer (17780 binary)
Deterministic concurrent LP optimizer: primal simplex, dual simplex, and barrier
Showing barrier log only...

Root barrier log...

Ordering time: 0.40s

Barrier statistics:
 Dense cols : 24
 AA' NZ     : 7.183e+06
 Factor NZ  : 1.216e+07 (roughly 140 MB of memory)
 Factor Ops : 3.453e+09 (less than 1 second per iteration)
 Threads    : 21

                  Objective                Residual
Iter       Primal          Dual         Primal    Dual     Compl     Time
   0  -6.99575321e+09 -1.05181113e+10  2.76e+06 2.25e+02  2.86e+06     5s
   1  -4.44279932e+09 -9.54779111e+09  1.80e+06 2.65e+02  1.63e+06     5s
   2  -1.76238648e+09 -7.93747796e+09  6.88e+05 5.95e+01  6.39e+05     5s
   3  -4.57887472e+08 -4.24623829e+09  1.79e+05 3.19e+00  1.72e+05     5s
   4  -3.68188765e+07 -1.06627869e+09  1.68e+04 1.33e-10  1.92e+04     5s
   5   3.31573714e+06 -4.37937084e+08  2.41e+03 8.91e-11  4.57e+03     5s
   6   6.74728336e+06 -1.07876851e+08  1.17e+03 1.05e-10  1.24e+03     5s
   7   7.30735209e+06 -5.16350185e+07  9.49e+02 3.41e-11  6.98e+02     5s
   8   8.47615159e+06 -2.43097847e+07  3.45e+02 1.50e-11  3.16e+02     5s
   9   7.80775745e+06 -1.23224934e+07  1.80e+02 1.30e-11  1.79e+02     5s
  10   7.67316247e+06 -8.68444744e+06  1.64e+02 1.14e-11  1.47e+02     5s
  11   6.42411942e+06 -6.70928705e+06  8.51e+01 1.03e-11  1.08e+02     5s
  12   3.19224288e+06 -4.32984592e+06  3.08e+01 1.25e-11  5.86e+01     5s
  13   2.49205156e+06 -2.83353021e+06  1.99e+01 9.32e-12  4.12e+01     6s
  14   2.06613169e+06 -1.99256742e+06  1.36e+01 1.06e-11  3.12e+01     6s
  15   1.78340840e+06 -5.35264776e+05  9.41e+00 9.56e-12  1.83e+01     6s
  16   1.50610340e+06 -1.25740117e+05  5.27e+00 9.17e-12  1.26e+01     6s
  17   1.35787027e+06  2.64860303e+05  3.33e+00 9.46e-12  8.43e+00     6s
  18   1.24144603e+06  4.09840109e+05  1.98e+00 1.20e-11  6.29e+00     6s
  19   1.18595947e+06  7.97671013e+05  1.38e+00 1.14e-11  3.05e+00     6s
  20   1.14213009e+06  8.73773179e+05  8.95e-01 1.46e-11  2.10e+00     6s
  21   1.08498793e+06  9.79186371e+05  2.47e-01 1.27e-11  8.00e-01     6s
  22   1.06637338e+06  1.01163630e+06  8.88e-02 1.25e-11  4.05e-01     6s
  23   1.06454593e+06  1.02830831e+06  6.61e-02 1.42e-11  2.69e-01     6s
  24   1.05852318e+06  1.04307537e+06  2.73e-02 1.96e-11  1.14e-01     6s
  25   1.05671397e+06  1.04876976e+06  1.65e-02 1.29e-11  5.93e-02     6s
  26   1.05482704e+06  1.05034081e+06  7.35e-03 1.36e-11  3.31e-02     6s
  27   1.05429067e+06  1.05159838e+06  5.07e-03 1.35e-11  2.00e-02     6s
  28   1.05369753e+06  1.05212256e+06  2.75e-03 1.28e-11  1.17e-02     6s
  29   1.05337387e+06  1.05250909e+06  1.56e-03 1.08e-11  6.41e-03     6s
  30   1.05316854e+06  1.05272257e+06  8.51e-04 1.11e-11  3.32e-03     6s
  31   1.05306636e+06  1.05277458e+06  5.16e-04 1.62e-11  2.16e-03     7s
  32   1.05302009e+06  1.05284721e+06  3.62e-04 1.35e-11  1.29e-03     7s
  33   1.05293017e+06  1.05287054e+06  8.15e-05 1.50e-11  4.37e-04     7s
  34   1.05290932e+06  1.05289636e+06  2.40e-05 1.98e-11  9.65e-05     7s
  35   1.05290210e+06  1.05289925e+06  5.60e-06 1.75e-11  2.14e-05     7s
  36   1.05290025e+06  1.05289967e+06  1.19e-06 1.38e-11  4.34e-06     7s
  37   1.05289982e+06  1.05289970e+06  3.34e-06 1.57e-11  9.30e-07     7s
  38   1.05289971e+06  1.05289970e+06  1.48e-06 1.20e-11  7.18e-08     7s
  39   1.05289970e+06  1.05289970e+06  1.63e-08 1.87e-11  1.00e-11     7s

Barrier solved model in 39 iterations and 7.00 seconds (13.34 work units)
Optimal objective 1.05289970e+06


Root crossover log...

   47922 DPushes remaining with DInf 8.6282477e-03                 7s
       0 DPushes remaining with DInf 0.0000000e+00                 7s

      45 PPushes remaining with PInf 0.0000000e+00                 7s
       0 PPushes remaining with PInf 0.0000000e+00                 7s

  Push phase complete: Pinf 0.0000000e+00, Dinf 2.6362899e-03      7s


Root simplex log...

Iteration    Objective       Primal Inf.    Dual Inf.      Time
   29885    1.0528997e+06   0.000000e+00   2.636289e-03      7s
   29886    1.0528997e+06   0.000000e+00   0.000000e+00      7s
Crossover time: 0.34 seconds (0.45 work units)
Concurrent spin time: 0.01s

Solved with barrier
   29887    1.0528997e+06   0.000000e+00   0.000000e+00      7s

Extra simplex iterations after uncrush: 1

Root relaxation: objective 1.052900e+06, 29887 iterations, 3.82 seconds (6.16 work units)

    Nodes    |    Current Node    |     Objective Bounds      |     Work
 Expl Unexpl |  Obj  Depth IntInf | Incumbent    BestBd   Gap | It/Node Time

     0     0 1052899.70    0  216          - 1052899.70      -     -    7s
     0     0 1052902.31    0  210          - 1052902.31      -     -    8s
     0     0 1052902.65    0  224          - 1052902.65      -     -    8s
H    0     0                    2116008.3490 1052902.65  50.2%     -    9s
H    0     0                    2059935.9316 1052902.65  48.9%     -    9s
H    0     0                    2059658.5120 1052902.65  48.9%     -    9s
H    0     0                    2054948.8423 1052902.65  48.8%     -    9s
H    0     0                    2054778.2465 1052902.65  48.8%     -    9s
H    0     0                    2052342.9684 1052902.65  48.7%     -    9s
H    0     0                    2047780.8544 1052902.65  48.6%     -    9s
H    0     0                    2045174.9805 1052902.65  48.5%     -    9s
H    0     0                    2042739.7025 1052902.65  48.5%     -    9s
H    0     0                    2025076.8591 1052902.65  48.0%     -    9s
H    0     0                    2023785.2090 1052902.65  48.0%     -    9s
H    0     0                    2014233.8425 1052902.65  47.7%     -   10s
H    0     0                    1935886.1292 1052902.65  45.6%     -   10s
H    0     0                    1925433.9594 1052902.65  45.3%     -   10s
H    0     0                    1811097.1691 1052902.65  41.9%     -   10s
H    0     0                    1801114.0905 1052902.65  41.5%     -   10s
H    0     0                    1799610.1350 1052902.65  41.5%     -   11s
H    0     0                    1779042.2883 1052902.65  40.8%     -   11s
H    0     0                    1752719.0155 1052902.65  39.9%     -   11s
H    0     0                    1752541.4649 1052902.65  39.9%     -   11s
H    0     0                    1739405.6104 1052902.65  39.5%     -   12s
H    0     0                    1724289.1627 1052902.65  38.9%     -   13s
H    0     0                    1723676.8949 1052902.65  38.9%     -   13s
H    0     0                    1718611.5673 1052902.65  38.7%     -   13s
H    0     0                    1713877.3081 1052902.65  38.6%     -   13s
H    0     0                    1709013.7700 1052902.65  38.4%     -   13s
H    0     0                    1707966.5741 1052902.65  38.4%     -   13s
H    0     0                    1694644.0699 1052902.65  37.9%     -   14s
H    0     0                    1633845.3856 1052902.65  35.6%     -   16s
H    0     0                    1623525.1068 1052902.65  35.1%     -   16s
H    0     0                    1607074.0787 1052902.65  34.5%     -   16s
H    0     0                    1594994.2141 1052945.69  34.0%     -   16s
H    0     0                    1594166.2287 1052945.69  34.0%     -   16s
H    0     0                    1575241.4402 1052945.69  33.2%     -   16s
H    0     0                    1575229.5665 1052945.69  33.2%     -   16s
H    0     0                    1575223.4054 1052945.69  33.2%     -   16s
H    0     0                    1568625.6831 1052945.69  32.9%     -   16s
H    0     0                    1567951.7129 1052945.69  32.8%     -   16s
H    0     0                    1567888.1536 1054394.94  32.8%     -   18s
     0     0 1054394.94    0  187 1567888.15 1054394.94  32.8%     -   18s
H    0     0                    1560362.0610 1054396.29  32.4%     -   19s
H    0     0                    1554442.3722 1054396.29  32.2%     -   19s
H    0     0                    1544309.0892 1054396.29  31.7%     -   19s
H    0     0                    1544115.4328 1054396.29  31.7%     -   19s
H    0     0                    1525310.3847 1054396.29  30.9%     -   19s
H    0     0                    1515578.6242 1054396.29  30.4%     -   19s
H    0     0                    1488403.3551 1054396.29  29.2%     -   19s
     0     0 1055333.00    0  166 1488403.36 1055333.00  29.1%     -   20s
     0     0 1055333.25    0  168 1488403.36 1055333.25  29.1%     -   20s
     0     0 1059197.97    0  201 1488403.36 1059197.97  28.8%     -   21s
     0     0 1059238.90    0  200 1488403.36 1059238.90  28.8%     -   22s
     0     0 1063806.08    0  277 1488403.36 1063806.08  28.5%     -   24s
     0     0 1063809.87    0  264 1488403.36 1063809.87  28.5%     -   24s
H    0     0                    1478063.2288 1063818.23  28.0%     -   25s
H    0     0                    1474375.0198 1063818.23  27.8%     -   25s
H    0     0                    1470166.9266 1063818.23  27.6%     -   25s
H    0     0                    1468290.8525 1063818.23  27.5%     -   25s
H    0     0                    1443310.5400 1063818.23  26.3%     -   25s
     0     0 1064430.25    0  258 1443310.54 1064430.25  26.3%     -   27s
     0     0 1064436.58    0  293 1443310.54 1064436.58  26.3%     -   27s
     0     0 1064436.58    0  277 1443310.54 1064436.58  26.3%     -   27s
     0     0 1070648.83    0  303 1443310.54 1070648.83  25.8%     -   31s
     0     0 1070653.08    0  290 1443310.54 1070653.08  25.8%     -   31s
     0     0 1070830.89    0  342 1443310.54 1070830.89  25.8%     -   32s
     0     0 1070838.43    0  324 1443310.54 1070838.43  25.8%     -   32s
     0     0 1070870.91    0  305 1443310.54 1070870.91  25.8%     -   33s
     0     0 1070870.92    0  306 1443310.54 1070870.92  25.8%     -   33s
     0     0 1078008.17    0  401 1443310.54 1078008.17  25.3%     -   36s
     0     0 1078019.07    0  393 1443310.54 1078019.07  25.3%     -   36s
H    0     0                    1426719.6143 1078021.16  24.4%     -   37s
H    0     0                    1426553.0475 1078021.16  24.4%     -   37s
H    0     0                    1426548.3256 1078021.16  24.4%     -   37s
H    0     0                    1415527.5711 1078021.16  23.8%     -   37s
     0     0 1079621.87    0  355 1415527.57 1079621.87  23.7%     -   38s
     0     0 1080020.44    0  329 1415527.57 1080020.44  23.7%     -   38s
     0     0 1080020.83    0  339 1415527.57 1080020.83  23.7%     -   39s
     0     0 1080029.43    0  337 1415527.57 1080029.43  23.7%     -   39s
     0     0 1080031.67    0  346 1415527.57 1080031.67  23.7%     -   39s
     0     0 1086888.51    0  316 1415527.57 1086888.51  23.2%     -   41s
     0     0 1088040.17    0  389 1415527.57 1088040.17  23.1%     -   42s
     0     0 1088561.32    0  335 1415527.57 1088561.32  23.1%     -   42s
     0     0 1088562.42    0  334 1415527.57 1088562.42  23.1%     -   42s
     0     0 1098077.14    0  338 1415527.57 1098077.14  22.4%     -   44s
H    0     0                    1415513.1366 1098092.77  22.4%     -   45s
H    0     0                    1415511.2392 1098092.77  22.4%     -   45s
H    0     0                    1415368.7032 1098092.77  22.4%     -   45s
H    0     0                    1406769.3442 1098092.77  21.9%     -   45s
H    0     0                    1404077.0806 1098092.77  21.8%     -   45s
     0     0 1098836.00    0  361 1404077.08 1098836.00  21.7%     -   46s
     0     0 1098836.11    0  325 1404077.08 1098836.11  21.7%     -   46s
     0     0 1099215.64    0  353 1404077.08 1099215.64  21.7%     -   46s
     0     0 1099289.19    0  397 1404077.08 1099289.19  21.7%     -   47s
     0     0 1099305.42    0  401 1404077.08 1099305.42  21.7%     -   47s
     0     0 1099315.58    0  396 1404077.08 1099315.58  21.7%     -   47s
     0     0 1099327.34    0  399 1404077.08 1099327.34  21.7%     -   47s
     0     0 1099329.24    0  392 1404077.08 1099329.24  21.7%     -   47s
     0     0 1102041.89    0  339 1404077.08 1102041.89  21.5%     -   49s
     0     0 1102199.87    0  392 1404077.08 1102199.87  21.5%     -   49s
     0     0 1102221.98    0  379 1404077.08 1102221.98  21.5%     -   49s
     0     0 1102222.67    0  385 1404077.08 1102222.67  21.5%     -   49s
     0     0 1104007.56    0  417 1404077.08 1104007.56  21.4%     -   51s
H    0     0                    1403555.7976 1104015.75  21.3%     -   57s
H    0     0                    1402606.7608 1104015.75  21.3%     -   58s
H    0     0                    1400574.6600 1104015.75  21.2%     -   58s
H    0     0                    1400498.4450 1104015.75  21.2%     -   58s
H    0     0                    1400275.7705 1104015.75  21.2%     -   58s
     0     0 1104473.21    0  399 1400275.77 1104473.21  21.1%     -   58s
     0     0 1104582.90    0  432 1400275.77 1104582.90  21.1%     -   59s
     0     0 1104609.03    0  424 1400275.77 1104609.03  21.1%     -   59s
     0     0 1104612.15    0  415 1400275.77 1104612.15  21.1%     -   59s
     0     0 1106111.95    0  352 1400275.77 1106111.95  21.0%     -   60s
     0     0 1106427.84    0  383 1400275.77 1106427.84  21.0%     -   61s
     0     0 1106450.46    0  370 1400275.77 1106450.46  21.0%     -   61s
     0     0 1106454.16    0  362 1400275.77 1106454.16  21.0%     -   61s
     0     0 1106917.49    0  360 1400275.77 1106917.49  21.0%     -   62s
H    0     0                    1399902.8942 1106919.69  20.9%     -   63s
H    0     0                    1399892.3290 1106919.69  20.9%     -   63s
H    0     0                    1399888.8271 1106919.69  20.9%     -   63s
H    0     0                    1398366.4322 1106919.69  20.8%     -   63s
H    0     0                    1397234.8166 1106919.69  20.8%     -   63s
     0     0 1106962.43    0  393 1397234.82 1106962.43  20.8%     -   64s
     0     0 1106965.21    0  365 1397234.82 1106965.21  20.8%     -   64s
     0     0 1107458.86    0  337 1397234.82 1107458.86  20.7%     -   65s
H    0     0                    1397206.2396 1107458.86  20.7%     -   66s
     0     0 1107498.24    0  322 1397206.24 1107498.24  20.7%     -   67s
     0     0 1107499.75    0  363 1397206.24 1107499.75  20.7%     -   67s
     0     0 1107700.78    0  355 1397206.24 1107700.78  20.7%     -   68s
     0     0 1107781.10    0  363 1397206.24 1107781.10  20.7%     -   70s
     0     0 1107791.59    0  351 1397206.24 1107791.59  20.7%     -   70s
     0     0 1107791.83    0  364 1397206.24 1107791.83  20.7%     -   70s
     0     0 1108140.20    0  374 1397206.24 1108140.20  20.7%     -   71s
     0     0 1108161.34    0  405 1397206.24 1108161.34  20.7%     -   72s
     0     0 1108218.90    0  386 1397206.24 1108218.90  20.7%     -   72s
     0     0 1108227.61    0  360 1397206.24 1108227.61  20.7%     -   72s
     0     0 1108358.80    0  400 1397206.24 1108358.80  20.7%     -   73s
H    0     0                    1396025.3638 1108358.99  20.6%     -   74s
H    0     0                    1395542.6644 1108358.99  20.6%     -   75s
H    0     0                    1395503.3673 1108358.99  20.6%     -   75s
H    0     0                    1395462.7576 1108358.99  20.6%     -   75s
     0     0 1108416.44    0  437 1395462.76 1108416.44  20.6%     -   75s
     0     0 1108422.49    0  452 1395462.76 1108422.49  20.6%     -   75s
     0     0 1108629.60    0  450 1395462.76 1108629.60  20.6%     -   77s
     0     0 1108667.14    0  400 1395462.76 1108667.14  20.6%     -   77s
     0     0 1108692.03    0  390 1395462.76 1108692.03  20.6%     -   77s
     0     0 1108694.44    0  417 1395462.76 1108694.44  20.6%     -   77s
     0     0 1108962.32    0  423 1395462.76 1108962.32  20.5%     -   79s
H    0     0                    1395445.2735 1109023.28  20.5%     -   80s
H    0     0                    1394310.3696 1109023.28  20.5%     -   80s
H    0     0                    1385679.9775 1109023.28  20.0%     -   80s
H    0     0                    1385224.1653 1109023.28  19.9%     -   80s
     0     0 1109138.03    0  435 1385224.17 1109138.03  19.9%     -   81s
     0     0 1109178.10    0  415 1385224.17 1109178.10  19.9%     -   81s
     0     0 1109181.83    0  419 1385224.17 1109181.83  19.9%     -   81s
     0     0 1113158.22    0  419 1385224.17 1113158.22  19.6%     -   84s
     0     0 1113786.83    0  453 1385224.17 1113786.83  19.6%     -   85s
     0     0 1113900.62    0  471 1385224.17 1113900.62  19.6%     -   85s
     0     0 1113903.26    0  496 1385224.17 1113903.26  19.6%     -   85s
     0     0 1115263.49    0  419 1385224.17 1115263.49  19.5%     -   87s
H    0     0                    1384527.5896 1115264.50  19.4%     -   88s
H    0     0                    1383416.0047 1115264.50  19.4%     -   89s
H    0     0                    1382561.9529 1115264.50  19.3%     -   89s
H    0     0                    1376261.5729 1115264.50  19.0%     -   91s
H    0     0                    1376206.7940 1115264.50  19.0%     -   91s
     0     0 1115392.98    0  418 1376206.79 1115392.98  19.0%     -   92s
     0     0 1115493.03    0  396 1376206.79 1115493.03  18.9%     -   92s
     0     0 1115498.47    0  412 1376206.79 1115498.47  18.9%     -   93s
     0     0 1116646.51    0  500 1376206.79 1116646.51  18.9%     -   95s
H    0     0                    1374382.0772 1116670.40  18.8%     -   97s
H    0     0                    1373441.2652 1116670.40  18.7%     -   97s
     0     0 1116794.22    0  452 1373441.27 1116794.22  18.7%     -   98s
     0     0 1116826.97    0  427 1373441.27 1116826.97  18.7%     -   99s
     0     0 1116839.92    0  417 1373441.27 1116839.92  18.7%     -   99s
     0     0 1116844.22    0  443 1373441.27 1116844.22  18.7%     -   99s
     0     0 1117452.08    0  522 1373441.27 1117452.08  18.6%     -  101s
     0     0 1117533.07    0  544 1373441.27 1117533.07  18.6%     -  102s
     0     0 1117546.47    0  545 1373441.27 1117546.47  18.6%     -  102s
     0     0 1117587.75    0  530 1373441.27 1117587.75  18.6%     -  102s
     0     0 1117587.99    0  532 1373441.27 1117587.99  18.6%     -  102s
H    0     0                    1373179.2184 1117587.99  18.6%     -  103s
     0     0 1117860.21    0  421 1373179.22 1117860.21  18.6%     -  103s
     0     0 1118162.24    0  411 1373179.22 1118162.24  18.6%     -  104s
     0     0 1118383.54    0  406 1373179.22 1118383.54  18.6%     -  105s
     0     0 1118427.74    0  426 1373179.22 1118427.74  18.6%     -  105s
     0     0 1118439.77    0  440 1373179.22 1118439.77  18.6%     -  105s
     0     0 1118440.66    0  408 1373179.22 1118440.66  18.6%     -  106s
H    0     0                    1371881.9554 1118440.66  18.5%     -  106s
H    0     0                    1368172.5011 1118440.66  18.3%     -  106s
H    0     0                    1365950.2334 1119270.17  18.1%     -  107s
     0     0 1119270.17    0  467 1365950.23 1119270.17  18.1%     -  107s
H    0     0                    1365937.3189 1119270.22  18.1%     -  108s
H    0     0                    1357363.6761 1119270.22  17.5%     -  108s
H    0     0                    1355922.2127 1119270.22  17.5%     -  108s
     0     0 1119350.38    0  447 1355922.21 1119350.38  17.4%     -  109s
     0     0 1119372.07    0  458 1355922.21 1119372.07  17.4%     -  109s
     0     0 1119375.80    0  467 1355922.21 1119375.80  17.4%     -  109s
     0     0 1119567.25    0  497 1355922.21 1119567.25  17.4%     -  110s
     0     0 1119597.01    0  462 1355922.21 1119597.01  17.4%     -  111s
     0     0 1119630.25    0  484 1355922.21 1119630.25  17.4%     -  111s
     0     0 1119632.64    0  482 1355922.21 1119632.64  17.4%     -  111s
     0     0 1120410.13    0  410 1355922.21 1120410.13  17.4%     -  113s
H    0     0                    1355916.6643 1120417.09  17.4%     -  113s
H    0     0                    1355543.7880 1120417.09  17.3%     -  113s
H    0     0                    1348953.8152 1120417.09  16.9%     -  113s
H    0     0                    1348580.9389 1120417.09  16.9%     -  113s
     0     0 1120553.31    0  432 1348580.94 1120553.31  16.9%     -  114s
     0     0 1120853.60    0  436 1348580.94 1120853.60  16.9%     -  114s
     0     0 1120898.01    0  427 1348580.94 1120898.01  16.9%     -  114s
     0     0 1120938.21    0  453 1348580.94 1120938.21  16.9%     -  115s
     0     0 1120944.91    0  433 1348580.94 1120944.91  16.9%     -  115s
     0     0 1121716.39    0  384 1348580.94 1121716.39  16.8%     -  116s
     0     0 1121848.62    0  445 1348580.94 1121848.62  16.8%     -  117s
     0     0 1121873.33    0  404 1348580.94 1121873.33  16.8%     -  117s
     0     0 1121876.91    0  409 1348580.94 1121876.91  16.8%     -  117s
     0     0 1122375.95    0  400 1348580.94 1122375.95  16.8%     -  119s
H    0     0                    1348484.3450 1122384.71  16.8%     -  119s
H    0     0                    1348045.6758 1122384.71  16.7%     -  119s
H    0     0                    1346963.5540 1122384.71  16.7%     -  120s
H    0     0                    1346854.0048 1122384.71  16.7%     -  120s
     0     0 1122398.34    0  409 1346854.00 1122398.34  16.7%     -  120s
     0     0 1122420.13    0  411 1346854.00 1122420.13  16.7%     -  120s
     0     0 1122421.66    0  433 1346854.00 1122421.66  16.7%     -  120s
     0     0 1123072.67    0  390 1346854.00 1123072.67  16.6%     -  122s
     0     0 1123317.79    0  432 1346854.00 1123317.79  16.6%     -  123s
     0     0 1123441.71    0  457 1346854.00 1123441.71  16.6%     -  124s
     0     0 1123450.38    0  463 1346854.00 1123450.38  16.6%     -  124s
     0     0 1123937.74    0  466 1346854.00 1123937.74  16.6%     -  125s
H    0     0                    1345614.5037 1123937.86  16.5%     -  127s
H    0     0                    1344493.8811 1123937.86  16.4%     -  130s
     0     0 1124241.13    0  508 1344493.88 1124241.13  16.4%     -  134s
     0     0 1124325.57    0  462 1344493.88 1124325.57  16.4%     -  135s
     0     0 1124372.74    0  461 1344493.88 1124372.74  16.4%     -  135s
     0     0 1124377.52    0  464 1344493.88 1124377.52  16.4%     -  135s
     0     0 1125090.88    0  527 1344493.88 1125090.88  16.3%     -  137s
H    0     0                    1344493.8762 1125091.94  16.3%     -  140s
     0     0 1125268.77    0  514 1344493.88 1125268.77  16.3%     -  141s
     0     0 1125370.65    0  502 1344493.88 1125370.65  16.3%     -  142s
     0     0 1125534.40    0  469 1344493.88 1125534.40  16.3%     -  143s
     0     0 1125579.87    0  426 1344493.88 1125579.87  16.3%     -  143s
     0     0 1125611.71    0  397 1344493.88 1125611.71  16.3%     -  143s
     0     0 1125617.48    0  424 1344493.88 1125617.48  16.3%     -  144s
     0     0 1126287.35    0  394 1344493.88 1126287.35  16.2%     -  145s
     0     0 1126429.21    0  400 1344493.88 1126429.21  16.2%     -  146s
     0     0 1126448.59    0  426 1344493.88 1126448.59  16.2%     -  146s
     0     0 1126457.75    0  432 1344493.88 1126457.75  16.2%     -  146s
     0     0 1126554.29    0  492 1344493.88 1126554.29  16.2%     -  148s
     0     0 1126631.38    0  457 1344493.88 1126631.38  16.2%     -  149s
     0     0 1126741.77    0  425 1344493.88 1126741.77  16.2%     -  149s
     0     0 1126748.19    0  448 1344493.88 1126748.19  16.2%     -  149s
     0     0 1127688.73    0  438 1344493.88 1127688.73  16.1%     -  151s
     0     0 1127884.54    0  427 1344493.88 1127884.54  16.1%     -  152s
     0     0 1127952.99    0  479 1344493.88 1127952.99  16.1%     -  152s
     0     0 1127981.05    0  472 1344493.88 1127981.05  16.1%     -  152s
     0     0 1127991.71    0  450 1344493.88 1127991.71  16.1%     -  152s
     0     0 1128294.80    0  382 1344493.88 1128294.80  16.1%     -  154s
     0     0 1128352.02    0  411 1344493.88 1128352.02  16.1%     -  154s
     0     0 1128364.46    0  427 1344493.88 1128364.46  16.1%     -  154s
     0     0 1128988.60    0  474 1344493.88 1128988.60  16.0%     -  156s
     0     0 1129173.07    0  439 1344493.88 1129173.07  16.0%     -  157s
     0     0 1129191.31    0  459 1344493.88 1129191.31  16.0%     -  157s
     0     0 1129202.58    0  470 1344493.88 1129202.58  16.0%     -  157s
     0     0 1129632.47    0  405 1344493.88 1129632.47  16.0%     -  159s
     0     0 1130044.20    0  468 1344493.88 1130044.20  16.0%     -  159s
     0     0 1130045.02    0  466 1344493.88 1130045.02  16.0%     -  159s
     0     0 1130099.94    0  437 1344493.88 1130099.94  15.9%     -  160s
     0     0 1130115.76    0  452 1344493.88 1130115.76  15.9%     -  160s
     0     0 1130125.12    0  462 1344493.88 1130125.12  15.9%     -  160s
     0     0 1130402.67    0  455 1344493.88 1130402.67  15.9%     -  161s
     0     0 1130553.11    0  501 1344493.88 1130553.11  15.9%     -  163s
     0     0 1130635.09    0  526 1344493.88 1130635.09  15.9%     -  163s
     0     0 1130647.60    0  500 1344493.88 1130647.60  15.9%     -  164s
     0     0 1131147.43    0  422 1344493.88 1131147.43  15.9%     -  165s
     0     0 1131186.33    0  387 1344493.88 1131186.33  15.9%     -  165s
     0     0 1131239.28    0  415 1344493.88 1131239.28  15.9%     -  166s
     0     0 1131250.90    0  418 1344493.88 1131250.90  15.9%     -  166s
     0     0 1131430.20    0  450 1344493.88 1131430.20  15.8%     -  167s
H    0     0                    1344491.4361 1131430.28  15.8%     -  168s
H    0     0                    1344491.4356 1131430.28  15.8%     -  168s
H    0     0                    1344222.1476 1131430.28  15.8%     -  172s
H    0     0                    1344158.2832 1131430.28  15.8%     -  172s
H    0     0                    1334535.7603 1131430.28  15.2%     -  173s
     0     0 1131526.18    0  449 1334535.76 1131526.18  15.2%     -  173s
     0     0 1131613.01    0  484 1334535.76 1131613.01  15.2%     -  174s
     0     0 1131638.41    0  447 1334535.76 1131638.41  15.2%     -  175s
     0     0 1131639.90    0  466 1334535.76 1131639.90  15.2%     -  175s
     0     0 1131778.84    0  428 1334535.76 1131778.84  15.2%     -  176s
     0     0 1131853.64    0  515 1334535.76 1131853.64  15.2%     -  177s
     0     0 1131876.68    0  521 1334535.76 1131876.68  15.2%     -  177s
     0     0 1131880.30    0  494 1334535.76 1131880.30  15.2%     -  177s
     0     0 1132251.87    0  460 1334535.76 1132251.87  15.2%     -  179s
     0     0 1132303.97    0  468 1334535.76 1132303.97  15.2%     -  179s
     0     0 1132312.56    0  436 1334535.76 1132312.56  15.2%     -  179s
     0     0 1132653.64    0  438 1334535.76 1132653.64  15.1%     -  181s
     0     0 1132716.44    0  413 1334535.76 1132716.44  15.1%     -  184s
     0     0 1132720.40    0  413 1334535.76 1132720.40  15.1%     -  184s
     0     0 1133184.71    0  405 1334535.76 1133184.71  15.1%     -  186s
     0     0 1133284.70    0  432 1334535.76 1133284.70  15.1%     -  187s
     0     0 1133306.86    0  468 1334535.76 1133306.86  15.1%     -  187s
     0     0 1133321.61    0  445 1334535.76 1133321.61  15.1%     -  187s
     0     0 1133541.33    0  409 1334535.76 1133541.33  15.1%     -  188s
     0     0 1133562.11    0  387 1334535.76 1133562.11  15.1%     -  189s
     0     0 1133563.52    0  389 1334535.76 1133563.52  15.1%     -  189s
     0     0 1133647.34    0  403 1334535.76 1133647.34  15.1%     -  190s
     0     0 1133647.38    0  403 1334535.76 1133647.38  15.1%     -  191s
     0     0 1133647.38    0  403 1334535.76 1133647.38  15.1%     -  191s
     0     0 1133647.38    0  403 1334535.76 1133647.38  15.1%     -  191s
H    0     0                    1334241.1010 1133682.79  15.0%     -  203s
H    0     0                    1333882.6888 1133682.79  15.0%     -  203s
     0     2 1133682.79    0  403 1333882.69 1133682.79  15.0%     -  205s
H    7    16                    1332194.4568 1133754.63  14.9%   957  211s
H   15    32                    1331983.1313 1133758.26  14.9%   922  216s
    31    56 1134001.86    5  512 1331983.13 1133983.43  14.9%  1382  224s
    55    80 1134205.55    6  481 1331983.13 1134205.55  14.8%  1304  231s
    79   106 1134206.79    7  467 1331983.13 1134206.79  14.8%  1087  238s
H   82   106                    1331914.7811 1134211.43  14.8%  1061  238s
H   87   106                    1331822.4053 1134211.43  14.8%  1021  238s
H   88   106                    1328667.1715 1134211.43  14.6%  1010  238s
   105   176 1134266.80    8  492 1328667.17 1134211.43  14.6%   942  244s
H  114   176                    1327803.4354 1134211.43  14.6%   880  244s
H  118   176                    1327790.6294 1134211.43  14.6%   865  244s
H  164   176                    1327787.4809 1134211.43  14.6%   720  244s
   175   267 1134563.01   10  421 1327787.48 1134211.43  14.6%   691  251s
   266   319 1137804.44   12  419 1327787.48 1134211.43  14.6%   538  256s
   318   343 1135019.27   12  466 1327787.48 1134211.43  14.6%   502  260s
H  340   343                    1327772.9974 1134211.43  14.6%   505  260s
   342   391 1138152.69   13  456 1327773.00 1134211.43  14.6%   510  267s
   390   415 1138192.29   14  463 1327773.00 1134211.43  14.6%   523  272s
H  403   415                    1327613.6279 1134211.43  14.6%   528  272s
   414   443 1138318.09   15  419 1327613.63 1134211.43  14.6%   526  276s
   442   477 1138532.57   16  414 1327613.63 1134211.43  14.6%   521  280s
H  450   477                    1325610.9139 1134211.43  14.4%   519  280s
   476   502 1138584.80   17  387 1325610.91 1134211.43  14.4%   517  286s
   501   557 1138638.70   18  414 1325610.91 1134211.43  14.4%   507  290s
   556   625 1139034.74   20  395 1325610.91 1134211.43  14.4%   487  295s
   654   699 1139632.11   24  380 1325610.91 1134211.43  14.4%   452  302s
H  698   761                    1325496.4451 1134211.43  14.4%   434  305s
H  700   761                    1325222.9227 1134211.43  14.4%   433  305s
   760   855 1139739.77   26  348 1325222.92 1134211.43  14.4%   412  311s
   854   947 1140140.60   30  353 1325222.92 1134211.43  14.4%   391  317s
   946  1061 1140532.82   32  326 1325222.92 1134211.43  14.4%   381  323s
  1060  1169 1140683.26   37  284 1325222.92 1134211.43  14.4%   361  329s
H 1170  1262                    1321778.6630 1134211.43  14.2%   348  335s
  1263  1377 1141560.77   45  315 1321778.66 1134211.43  14.2%   343  342s
  1380  1487 1143813.81   54  328 1321778.66 1134211.43  14.2%   337  349s
H 1483  1487                    1320965.8662 1134211.43  14.1%   328  349s
  1490  1629 1144137.75   58  312 1320965.87 1134211.43  14.1%   329  355s
  1638  1744 1144895.65   62  290 1320965.87 1134211.43  14.1%   317  362s
H 1641  1744                    1320945.0418 1134211.43  14.1%   317  362s
H 1672  1744                    1320549.1119 1134211.43  14.1%   314  362s
  1757  1768 1160886.50   63  326 1320549.11 1134213.30  14.1%   309  369s
H 1769  1768                    1317917.5900 1134213.30  13.9%   310  369s
  1781  1851 1145724.85   64  323 1317917.59 1134213.30  13.9%   310  375s
H 1797  1851                    1317917.5898 1134213.30  13.9%   311  375s
H 1817  1851                    1317909.2069 1134213.30  13.9%   313  375s
  1866  1960 1149422.78   66  339 1317909.21 1134213.30  13.9%   309  382s
H 1977  1983                    1317867.6690 1134213.30  13.9%   308  387s
H 1978  1983                    1317755.3823 1134213.30  13.9%   307  387s
  2002  2049 1149478.53   69  283 1317755.38 1134213.30  13.9%   307  395s
  2080  2222 1149507.04   72  304 1317755.38 1134324.68  13.9%   309  403s
  2255  2398 1149671.59   79  249 1317755.38 1134324.68  13.9%   299  411s
  2437  2555 1149788.69   86  265 1317755.38 1134324.68  13.9%   293  421s
H 2441  2555                    1317713.8445 1134324.68  13.9%   293  421s
  2610  2772 1150564.40   89  266 1317713.84 1134324.68  13.9%   290  430s
  2841  2796 1164483.99   92  267 1317713.84 1134324.68  13.9%   280  436s
H 2859  2796                    1317644.6977 1134324.68  13.9%   280  436s
  2865  3079 1165195.52   93  248 1317644.70 1134324.68  13.9%   280  446s
  3150  3102 1166002.75  101  239 1317644.70 1134324.68  13.9%   269  452s
  3175  3129 1166098.71  102  222 1317644.70 1134324.68  13.9%   271  459s
  3208  3164 1166228.46  103  234 1317644.70 1134324.68  13.9%   273  467s
  3249  3203 1166229.04  104  238 1317644.70 1134324.68  13.9%   274  474s
  3288  3227 1166254.56  105  221 1317644.70 1134324.68  13.9%   276  481s
  3312  3248 1166414.39  106  214 1317644.70 1134324.68  13.9%   276  488s
  3337  3272 1167140.38  107  255 1317644.70 1134324.68  13.9%   278  494s
  3361  3359 1166432.42  107  198 1317644.70 1134324.68  13.9%   277  502s
  3448  3595 1166785.53  115  231 1317644.70 1134324.68  13.9%   276  512s
  3686  3787 1170319.64  118  280 1317644.70 1134324.68  13.9%   270  524s
  3887  4013 1170972.44  121  220 1317644.70 1134324.68  13.9%   270  537s
  4121  4209 1173211.67  135  209 1317644.70 1134324.68  13.9%   269  550s
  4325  4430 1173785.47  150  224 1317644.70 1134324.68  13.9%   271  564s
  4560  4676 1177331.73  157  173 1317644.70 1134324.68  13.9%   271  579s
  4811  4705 1179775.43  163  184 1317644.70 1134324.68  13.9%   272  589s
  4840  4923 1179852.61  164  172 1317644.70 1134324.68  13.9%   272  600s
H 4996  4923                    1317609.4891 1134324.68  13.9%   267  600s

Cutting planes:
  Learned: 3
  Gomory: 8
  Lift-and-project: 123
  Cover: 148
  Implied bound: 468
  Clique: 106
  MIR: 728
  Knapsack: 6
  StrongCG: 183
  Flow cover: 389
  GUB cover: 51
  Inf proof: 1
  Zero half: 8
  Network: 2
  RLT: 338
  Relax-and-lift: 74
  BQP: 4

Explored 5058 nodes (1453764 simplex iterations) in 600.07 seconds (748.08 work units)
Thread count was 24 (of 24 available processors)

Solution count 10: 1.31761e+06 1.31764e+06 1.31771e+06 ... 1.32095e+06

Time limit reached
Best objective 1.317609489056e+06, best bound 1.134324677008e+06, gap 13.9104%
