
Gurobi 13.0.2 (linux64, Python) logging started Wed Jun  3 09:09:37 2026

Set parameter LogToConsole to value 0
Set parameter Username
Set parameter LicenseID to value 2748191
Set parameter TimeLimit to value 600
Set parameter LogFile to value "output/bz_nbr7008_043/period_5/gurobi.log"
Academic license - for non-commercial use only - expires 2026-12-01
Gurobi Optimizer version 13.0.2 build v13.0.2rc1 (linux64 - "Debian GNU/Linux 13 (trixie)")

CPU model: 13th Gen Intel(R) Core(TM) i7-13700HX, instruction set [SSE2|AVX|AVX2]
Thread count: 24 physical cores, 24 logical processors, using up to 24 threads

Non-default parameters:
TimeLimit  600
LogToConsole  0

Optimize a model with 204997 rows, 137335 columns and 717488 nonzeros (Min)
Model fingerprint: 0x07267b98
Model has 54520 linear objective coefficients and an objective constant of 465327.009456
Variable types: 113168 continuous, 24167 integer (24167 binary)
Coefficient statistics:
  Matrix range     [1e-03, 1e+04]
  Objective range  [1e+01, 1e+05]
  Bounds range     [1e+00, 1e+00]
  RHS range        [1e-01, 5e+04]

Presolve removed 122891 rows and 85372 columns
Presolve time: 3.42s
Presolved: 82106 rows, 51963 columns, 825702 nonzeros
Variable types: 33941 continuous, 18022 integer (17975 binary)
Deterministic concurrent LP optimizer: primal simplex, dual simplex, and barrier
Showing barrier log only...

Root barrier log...

Ordering time: 0.40s

Barrier statistics:
 Dense cols : 43
 AA' NZ     : 7.175e+06
 Factor NZ  : 1.220e+07 (roughly 140 MB of memory)
 Factor Ops : 3.441e+09 (less than 1 second per iteration)
 Threads    : 21

                  Objective                Residual
Iter       Primal          Dual         Primal    Dual     Compl     Time
   0  -8.58088189e+09 -1.15138328e+10  3.39e+06 2.71e+02  3.74e+06     5s
   1  -5.27795738e+09 -1.07214881e+10  2.14e+06 2.86e+02  2.08e+06     5s
   2  -2.06122053e+09 -9.23901461e+09  8.22e+05 6.45e+01  8.21e+05     5s
   3  -5.44990922e+08 -5.12903987e+09  2.17e+05 2.45e+00  2.21e+05     5s
   4  -5.61683949e+07 -1.44312217e+09  2.35e+04 2.39e-10  2.76e+04     5s
   5  -1.54412703e+07 -6.73414381e+08  8.93e+03 1.32e-10  1.06e+04     5s
   6  -3.13633539e+06 -4.01258121e+08  4.56e+03 1.48e-10  5.47e+03     5s
   7   6.44134194e+06 -1.10515809e+08  1.19e+03 1.18e-10  1.31e+03     5s
   8   7.02538520e+06 -4.11602517e+07  9.77e+02 3.87e-11  6.29e+02     5s
   9   8.32155788e+06 -2.29337975e+07  4.28e+02 2.00e-11  3.27e+02     6s
  10   7.64743620e+06 -1.67336983e+07  2.71e+02 1.64e-11  2.33e+02     6s
  11   7.25639173e+06 -1.07398412e+07  1.85e+02 1.59e-11  1.64e+02     6s
  12   6.57298083e+06 -7.56740681e+06  8.80e+01 1.26e-11  1.15e+02     6s
  13   5.16139968e+06 -5.49030318e+06  5.61e+01 1.21e-11  8.47e+01     6s
  14   4.09286043e+06 -3.95626204e+06  3.25e+01 1.16e-11  6.21e+01     6s
  15   2.77755766e+06 -1.73107301e+06  1.76e+01 9.92e-12  3.49e+01     6s
  16   2.21903317e+06 -3.95336671e+05  9.92e+00 1.73e-11  2.04e+01     6s
  17   1.86309623e+06  2.58747295e+05  5.38e+00 1.53e-11  1.24e+01     6s
  18   1.79328778e+06  3.08891616e+05  4.60e+00 2.14e-11  1.14e+01     6s
  19   1.67911916e+06  4.60802180e+05  3.38e+00 2.21e-11  9.25e+00     6s
  20   1.61146122e+06  5.54185146e+05  2.70e+00 2.79e-11  7.98e+00     6s
  21   1.53528560e+06  9.37537315e+05  1.93e+00 1.90e-11  4.62e+00     6s
  22   1.40071501e+06  1.20444002e+06  4.81e-01 1.89e-11  1.48e+00     6s
  23   1.35811415e+06  1.26241179e+06  1.04e-01 1.54e-11  6.90e-01     6s
  24   1.35415467e+06  1.28131549e+06  8.28e-02 1.54e-11  5.26e-01     6s
  25   1.35229708e+06  1.31229223e+06  7.23e-02 1.19e-11  2.94e-01     6s
  26   1.34638635e+06  1.32860617e+06  3.80e-02 1.69e-11  1.32e-01     6s
  27   1.34379381e+06  1.33177577e+06  2.50e-02 1.20e-11  8.90e-02     7s
  28   1.34163264e+06  1.33427981e+06  1.54e-02 1.19e-11  5.44e-02     7s
  29   1.33938668e+06  1.33620667e+06  6.18e-03 1.24e-11  2.35e-02     7s
  30   1.33880833e+06  1.33672027e+06  4.14e-03 2.00e-11  1.54e-02     7s
  31   1.33850169e+06  1.33697936e+06  3.09e-03 1.47e-11  1.13e-02     7s
  32   1.33820058e+06  1.33716162e+06  2.08e-03 1.48e-11  7.68e-03     7s
  33   1.33796251e+06  1.33737257e+06  1.24e-03 1.51e-11  4.37e-03     7s
  34   1.33785610e+06  1.33742227e+06  8.80e-04 1.19e-11  3.21e-03     7s
  35   1.33779318e+06  1.33749957e+06  6.65e-04 1.38e-11  2.19e-03     7s
  36   1.33767841e+06  1.33754119e+06  2.84e-04 1.22e-11  1.02e-03     7s
  37   1.33758935e+06  1.33757964e+06  1.34e-05 1.80e-11  7.06e-05     7s
  38   1.33758389e+06  1.33758309e+06  5.19e-07 1.54e-11  5.72e-06     7s
  39   1.33758378e+06  1.33758362e+06  2.81e-07 1.39e-11  1.19e-06     7s
  40   1.33758367e+06  1.33758365e+06  3.79e-07 2.05e-11  1.88e-07     7s
  41   1.33758365e+06  1.33758365e+06  7.10e-07 1.68e-11  4.17e-08     7s
  42   1.33758365e+06  1.33758365e+06  1.85e-07 1.98e-11  3.10e-09     7s

Barrier solved model in 42 iterations and 7.50 seconds (13.93 work units)
Optimal objective 1.33758365e+06


Root crossover log...

   45160 DPushes remaining with DInf 2.8799490e-04                 8s
       0 DPushes remaining with DInf 0.0000000e+00                 8s

      67 PPushes remaining with PInf 3.1108792e-03                 8s
       0 PPushes remaining with PInf 0.0000000e+00                 8s

  Push phase complete: Pinf 0.0000000e+00, Dinf 7.0343405e-01      8s


Root simplex log...

Iteration    Objective       Primal Inf.    Dual Inf.      Time
   30140    1.3375836e+06   0.000000e+00   7.034341e-01      8s
   30150    1.3375836e+06   0.000000e+00   0.000000e+00      8s
Crossover time: 0.37 seconds (0.52 work units)
Concurrent spin time: 0.36s

Solved with barrier
   30150    1.3375836e+06   0.000000e+00   0.000000e+00      8s

Root relaxation: objective 1.337584e+06, 30150 iterations, 4.57 seconds (6.71 work units)

    Nodes    |    Current Node    |     Objective Bounds      |     Work
 Expl Unexpl |  Obj  Depth IntInf | Incumbent    BestBd   Gap | It/Node Time

     0     0 1337583.65    0  306          - 1337583.65      -     -    8s
     0     0 1337654.58    0  323          - 1337654.58      -     -    9s
     0     0 1343587.34    0  252          - 1343587.34      -     -   12s
     0     0 1343600.45    0  252          - 1343600.45      -     -   13s
H    0     0                    2893614.8377 1343600.45  53.6%     -   13s
H    0     0                    2689302.3873 1343600.45  50.0%     -   13s
H    0     0                    2647642.7395 1343600.45  49.3%     -   13s
H    0     0                    2647630.8659 1343600.45  49.3%     -   13s
H    0     0                    2502974.2577 1343600.45  46.3%     -   13s
H    0     0                    2501216.3923 1343600.45  46.3%     -   13s
H    0     0                    2499431.8241 1343600.45  46.2%     -   13s
H    0     0                    2499025.3938 1343600.45  46.2%     -   13s
H    0     0                    2495291.9103 1343600.45  46.2%     -   13s
H    0     0                    2483039.6842 1343600.45  45.9%     -   13s
H    0     0                    2480367.6486 1343600.45  45.8%     -   13s
H    0     0                    2479432.0025 1343600.45  45.8%     -   13s
H    0     0                    2476123.0044 1343600.45  45.7%     -   13s
H    0     0                    2476014.9078 1343600.45  45.7%     -   13s
H    0     0                    2156466.2718 1343600.45  37.7%     -   14s
     0     0 1344533.76    0  271 2156466.27 1344533.76  37.7%     -   14s
H    0     0                    2030369.5530 1344533.81  33.8%     -   15s
H    0     0                    2027388.4821 1344533.81  33.7%     -   15s
H    0     0                    1982905.1268 1344533.81  32.2%     -   16s
H    0     0                    1982614.3193 1344533.81  32.2%     -   16s
H    0     0                    1982460.0908 1344533.81  32.2%     -   16s
H    0     0                    1980556.6639 1344533.81  32.1%     -   22s
H    0     0                    1969144.0479 1344533.81  31.7%     -   23s
H    0     0                    1969144.0475 1344533.81  31.7%     -   31s
H    0     0                    1964272.3419 1344533.81  31.6%     -   32s
H    0     0                    1929520.6834 1344536.74  30.3%     -   37s
H    0     0                    1904259.8142 1344536.74  29.4%     -   37s
H    0     0                    1903531.0441 1344536.74  29.4%     -   37s
H    0     0                    1903487.3031 1344536.74  29.4%     -   37s
H    0     0                    1901113.7312 1344536.74  29.3%     -   37s
H    0     0                    1901021.7815 1344536.74  29.3%     -   37s
H    0     0                    1901009.9036 1344536.74  29.3%     -   37s
     0     0 1344536.74    0  271 1901009.90 1344536.74  29.3%     -   37s
     0     0 1344537.36    0  271 1901009.90 1344537.36  29.3%     -   37s
H    0     0                    1900899.5657 1344537.36  29.3%     -   39s
H    0     0                    1892126.5281 1359546.55  28.1%     -   41s
H    0     0                    1881447.2696 1359546.55  27.7%     -   41s
     0     0 1359546.55    0  408 1881447.27 1359546.55  27.7%     -   42s
     0     0 1359546.55    0  410 1881447.27 1359546.55  27.7%     -   42s
     0     0 1359546.55    0  413 1881447.27 1359546.55  27.7%     -   42s
     0     0 1359546.55    0  415 1881447.27 1359546.55  27.7%     -   42s
     0     0 1359546.55    0  394 1881447.27 1359546.55  27.7%     -   42s
     0     0 1359546.55    0  396 1881447.27 1359546.55  27.7%     -   42s
     0     0 1359546.55    0  397 1881447.27 1359546.55  27.7%     -   42s
H    0     0                    1879312.6864 1359646.82  27.7%     -   43s
H    0     0                    1879282.2356 1359646.82  27.7%     -   43s
H    0     0                    1872911.8446 1359646.82  27.4%     -   43s
H    0     0                    1858039.5114 1361643.31  26.7%     -   44s
H    0     0                    1849598.4791 1361643.31  26.4%     -   44s
     0     0 1361643.31    0  327 1849598.48 1361643.31  26.4%     -   45s
     0     0 1361649.14    0  302 1849598.48 1361649.14  26.4%     -   45s
H    0     0                    1849580.8710 1361951.69  26.4%     -   45s
H    0     0                    1847255.1360 1361951.69  26.3%     -   45s
     0     0 1361951.69    0  284 1847255.14 1361951.69  26.3%     -   45s
     0     0 1361960.06    0  281 1847255.14 1361960.06  26.3%     -   45s
     0     0 1361980.88    0  324 1847255.14 1361980.88  26.3%     -   45s
     0     0 1361980.94    0  326 1847255.14 1361980.94  26.3%     -   46s
H    0     0                    1833188.0790 1374180.08  25.0%     -   51s
H    0     0                    1825326.9333 1374180.08  24.7%     -   51s
H    0     0                    1821915.7806 1374180.08  24.6%     -   51s
H    0     0                    1819596.3338 1374180.08  24.5%     -   51s
     0     0 1374180.08    0  438 1819596.33 1374180.08  24.5%     -   51s
     0     0 1374195.11    0  454 1819596.33 1374195.11  24.5%     -   51s
H    0     0                    1816183.1051 1376753.52  24.2%     -   53s
H    0     0                    1815060.5795 1376753.52  24.1%     -   53s
     0     0 1376780.53    0  447 1815060.58 1376780.53  24.1%     -   53s
     0     0 1376780.59    0  447 1815060.58 1376780.59  24.1%     -   53s
     0     0 1377119.51    0  465 1815060.58 1377119.51  24.1%     -   54s
     0     0 1377191.95    0  463 1815060.58 1377191.95  24.1%     -   54s
     0     0 1377223.30    0  464 1815060.58 1377223.30  24.1%     -   54s
     0     0 1377227.52    0  465 1815060.58 1377227.52  24.1%     -   54s
H    0     0                    1814532.0629 1390363.72  23.4%     -   57s
H    0     0                    1814515.9977 1390363.72  23.4%     -   57s
H    0     0                    1814514.1698 1390363.72  23.4%     -   57s
H    0     0                    1814512.6929 1390363.72  23.4%     -   57s
H    0     0                    1800020.4649 1390363.72  22.8%     -   57s
     0     0 1390363.72    0  489 1800020.46 1390363.72  22.8%     -   57s
H    0     0                    1793898.6289 1390378.82  22.5%     -   58s
H    0     0                    1776070.5119 1390378.82  21.7%     -   58s
     0     0 1392103.16    0  482 1776070.51 1392103.16  21.6%     -   59s
     0     0 1392480.93    0  486 1776070.51 1392480.93  21.6%     -   59s
     0     0 1392815.78    0  520 1776070.51 1392815.78  21.6%     -   60s
     0     0 1392817.13    0  513 1776070.51 1392817.13  21.6%     -   60s
     0     0 1398630.12    0  503 1776070.51 1398630.12  21.3%     -   61s
     0     0 1399492.58    0  486 1776070.51 1399492.58  21.2%     -   62s
     0     0 1399824.66    0  469 1776070.51 1399824.66  21.2%     -   62s
     0     0 1399841.45    0  477 1776070.51 1399841.45  21.2%     -   62s
     0     0 1399844.61    0  480 1776070.51 1399844.61  21.2%     -   62s
     0     0 1403243.04    0  527 1776070.51 1403243.04  21.0%     -   64s
H    0     0                    1774700.2457 1403253.39  20.9%     -   65s
H    0     0                    1773929.8138 1403253.39  20.9%     -   65s
H    0     0                    1769516.2957 1403253.39  20.7%     -   65s
H    0     0                    1765832.9430 1403253.39  20.5%     -   65s
     0     0 1403517.58    0  533 1765832.94 1403517.58  20.5%     -   66s
     0     0 1403549.94    0  529 1765832.94 1403549.94  20.5%     -   66s
     0     0 1403553.19    0  537 1765832.94 1403553.19  20.5%     -   66s
     0     0 1405516.66    0  483 1765832.94 1405516.66  20.4%     -   68s
     0     0 1405892.68    0  545 1765832.94 1405892.68  20.4%     -   69s
     0     0 1405918.85    0  492 1765832.94 1405918.85  20.4%     -   69s
     0     0 1405920.99    0  478 1765832.94 1405920.99  20.4%     -   69s
H    0     0                    1754151.7071 1405920.99  19.9%     -   70s
H    0     0                    1730148.3515 1405920.99  18.7%     -   70s
H    0     0                    1722086.9669 1405920.99  18.4%     -   70s
H    0     0                    1714576.7179 1407610.75  17.9%     -   71s
H    0     0                    1710143.7511 1407610.75  17.7%     -   71s
     0     0 1407610.75    0  538 1710143.75 1407610.75  17.7%     -   71s
H    0     0                    1709295.3713 1407622.34  17.6%     -   73s
H    0     0                    1709221.4424 1407622.34  17.6%     -   75s
H    0     0                    1708614.1962 1407622.34  17.6%     -   75s
H    0     0                    1708558.1343 1407622.34  17.6%     -   75s
H    0     0                    1708187.4563 1407622.34  17.6%     -   76s
     0     0 1408820.18    0  572 1708187.46 1408820.18  17.5%     -   78s
     0     0 1409095.54    0  532 1708187.46 1409095.54  17.5%     -   78s
     0     0 1409100.74    0  554 1708187.46 1409100.74  17.5%     -   78s
     0     0 1409148.97    0  570 1708187.46 1409148.97  17.5%     -   79s
     0     0 1409255.90    0  550 1708187.46 1409255.90  17.5%     -   79s
     0     0 1409262.40    0  574 1708187.46 1409262.40  17.5%     -   79s
     0     0 1415411.37    0  527 1708187.46 1415411.37  17.1%     -   81s
     0     0 1416150.06    0  578 1708187.46 1416150.06  17.1%     -   81s
     0     0 1416211.90    0  552 1708187.46 1416211.90  17.1%     -   81s
     0     0 1416218.91    0  586 1708187.46 1416218.91  17.1%     -   82s
     0     0 1417790.94    0  536 1708187.46 1417790.94  17.0%     -   83s
H    0     0                    1707131.1238 1417791.30  16.9%     -   84s
H    0     0                    1704969.0022 1417791.30  16.8%     -   84s
H    0     0                    1703794.7139 1417791.30  16.8%     -   84s
H    0     0                    1702859.8882 1417791.30  16.7%     -   84s
H    0     0                    1702088.9911 1417791.30  16.7%     -   84s
H    0     0                    1701646.1924 1417791.30  16.7%     -   84s
H    0     0                    1698573.1349 1418030.34  16.5%     -   85s
H    0     0                    1698534.3025 1418030.34  16.5%     -   85s
     0     0 1418030.34    0  525 1698534.30 1418030.34  16.5%     -   85s
H    0     0                    1697667.7908 1418087.53  16.5%     -   85s
H    0     0                    1697649.1358 1418087.53  16.5%     -   85s
     0     0 1418087.53    0  551 1697649.14 1418087.53  16.5%     -   85s
H    0     0                    1696999.0335 1418098.42  16.4%     -   86s
     0     0 1418098.42    0  552 1696999.03 1418098.42  16.4%     -   86s
     0     0 1419670.07    0  575 1696999.03 1419670.07  16.3%     -   87s
     0     0 1420127.38    0  533 1696999.03 1420127.38  16.3%     -   88s
     0     0 1420205.27    0  552 1696999.03 1420205.27  16.3%     -   89s
     0     0 1420261.02    0  514 1696999.03 1420261.02  16.3%     -   89s
     0     0 1420266.92    0  532 1696999.03 1420266.92  16.3%     -   89s
     0     0 1421523.78    0  489 1696999.03 1421523.78  16.2%     -   90s
H    0     0                    1696143.9517 1421523.99  16.2%     -   91s
H    0     0                    1695865.7108 1421523.99  16.2%     -   91s
H    0     0                    1694712.4132 1421523.99  16.1%     -   91s
H    0     0                    1694336.4060 1421523.99  16.1%     -   91s
H    0     0                    1691770.3842 1421523.99  16.0%     -   92s
H    0     0                    1690452.0702 1421523.99  15.9%     -   92s
     0     0 1421865.27    0  529 1690452.07 1421865.27  15.9%     -   92s
     0     0 1421941.85    0  506 1690452.07 1421941.85  15.9%     -   93s
     0     0 1421949.74    0  541 1690452.07 1421949.74  15.9%     -   93s
     0     0 1422545.81    0  500 1690452.07 1422545.81  15.8%     -   94s
     0     0 1422622.53    0  505 1690452.07 1422622.53  15.8%     -   95s
     0     0 1422634.32    0  480 1690452.07 1422634.32  15.8%     -   95s
     0     0 1422911.03    0  535 1690452.07 1422911.03  15.8%     -   96s
H    0     0                    1690397.2239 1423015.59  15.8%     -   97s
H    0     0                    1690344.7452 1423015.59  15.8%     -   97s
H    0     0                    1689529.3344 1423015.59  15.8%     -   97s
H    0     0                    1688289.0125 1423015.59  15.7%     -   97s
H    0     0                    1688234.1662 1423015.59  15.7%     -   97s
H    0     0                    1685124.7288 1423015.59  15.6%     -   98s
     0     0 1423015.59    0  604 1685124.73 1423015.59  15.6%     -   98s
     0     0 1423025.45    0  542 1685124.73 1423025.45  15.6%     -   98s
     0     0 1423037.12    0  547 1685124.73 1423037.12  15.6%     -   99s
     0     0 1424714.43    0  477 1685124.73 1424714.43  15.5%     -  100s
     0     0 1425455.77    0  492 1685124.73 1425455.77  15.4%     -  101s
H    0     0                    1681420.9792 1425542.00  15.2%     -  101s
     0     0 1425542.00    0  522 1681420.98 1425542.00  15.2%     -  102s
     0     0 1425567.57    0  489 1681420.98 1425567.57  15.2%     -  102s
     0     0 1425578.12    0  478 1681420.98 1425578.12  15.2%     -  102s
     0     0 1425856.07    0  482 1681420.98 1425856.07  15.2%     -  103s
H    0     0                    1681308.3901 1425881.68  15.2%     -  105s
     0     0 1426083.13    0  515 1681308.39 1426083.13  15.2%     -  105s
     0     0 1426132.82    0  502 1681308.39 1426132.82  15.2%     -  105s
     0     0 1426138.70    0  530 1681308.39 1426138.70  15.2%     -  105s
     0     0 1426450.56    0  510 1681308.39 1426450.56  15.2%     -  107s
     0     0 1426491.17    0  530 1681308.39 1426491.17  15.2%     -  108s
     0     0 1426491.17    0  528 1681308.39 1426491.17  15.2%     -  108s
     0     0 1426503.48    0  509 1681308.39 1426503.48  15.2%     -  108s
     0     0 1427055.75    0  503 1681308.39 1427055.75  15.1%     -  109s
H    0     0                    1681168.3540 1427126.77  15.1%     -  112s
H    0     0                    1680077.0131 1427126.77  15.1%     -  113s
H    0     0                    1679383.8895 1427126.77  15.0%     -  114s
H    0     0                    1678856.6132 1427126.77  15.0%     -  114s
     0     0 1427181.75    0  536 1678856.61 1427181.75  15.0%     -  116s
     0     0 1427221.29    0  535 1678856.61 1427221.29  15.0%     -  117s
     0     0 1427235.99    0  590 1678856.61 1427235.99  15.0%     -  117s
     0     0 1427873.87    0  506 1678856.61 1427873.87  14.9%     -  118s
     0     0 1428233.34    0  479 1678856.61 1428233.34  14.9%     -  119s
     0     0 1428313.56    0  530 1678856.61 1428313.56  14.9%     -  120s
     0     0 1428443.65    0  483 1678856.61 1428443.65  14.9%     -  120s
     0     0 1428498.91    0  478 1678856.61 1428498.91  14.9%     -  120s
     0     0 1428518.84    0  491 1678856.61 1428518.84  14.9%     -  121s
     0     0 1428519.58    0  546 1678856.61 1428519.58  14.9%     -  121s
     0     0 1429043.58    0  486 1678856.61 1429043.58  14.9%     -  122s
H    0     0                    1677487.4513 1429058.96  14.8%     -  123s
H    0     0                    1675053.1618 1429058.96  14.7%     -  123s
     0     0 1429161.86    0  533 1675053.16 1429161.86  14.7%     -  124s
     0     0 1429194.68    0  506 1675053.16 1429194.68  14.7%     -  124s
     0     0 1429204.77    0  513 1675053.16 1429204.77  14.7%     -  125s
     0     0 1429744.81    0  525 1675053.16 1429744.81  14.6%     -  126s
     0     0 1429942.11    0  516 1675053.16 1429942.11  14.6%     -  126s
     0     0 1430150.24    0  540 1675053.16 1430150.24  14.6%     -  127s
     0     0 1430170.69    0  570 1675053.16 1430170.69  14.6%     -  127s
     0     0 1430183.07    0  549 1675053.16 1430183.07  14.6%     -  127s
     0     0 1430408.71    0  574 1675053.16 1430408.71  14.6%     -  129s
H    0     0                    1675022.0832 1430419.77  14.6%     -  129s
H    0     0                    1675016.5549 1430419.77  14.6%     -  129s
H    0     0                    1674981.8416 1430419.77  14.6%     -  129s
H    0     0                    1674979.8167 1430419.77  14.6%     -  129s
H    0     0                    1673118.2515 1430419.77  14.5%     -  129s
H    0     0                    1671503.5684 1430419.77  14.4%     -  130s
     0     0 1430612.98    0  545 1671503.57 1430612.98  14.4%     -  131s
     0     0 1430650.75    0  615 1671503.57 1430650.75  14.4%     -  131s
     0     0 1430652.34    0  588 1671503.57 1430652.34  14.4%     -  132s
     0     0 1431193.44    0  569 1671503.57 1431193.44  14.4%     -  133s
     0     0 1431297.94    0  625 1671503.57 1431297.94  14.4%     -  134s
     0     0 1431299.30    0  634 1671503.57 1431299.30  14.4%     -  134s
     0     0 1431949.84    0  563 1671503.57 1431949.84  14.3%     -  136s
     0     0 1432447.82    0  554 1671503.57 1432447.82  14.3%     -  136s
     0     0 1432701.10    0  562 1671503.57 1432701.10  14.3%     -  137s
     0     0 1432886.50    0  541 1671503.57 1432886.50  14.3%     -  138s
     0     0 1432972.63    0  603 1671503.57 1432972.63  14.3%     -  138s
     0     0 1433012.43    0  615 1671503.57 1433012.43  14.3%     -  139s
     0     0 1433018.44    0  599 1671503.57 1433018.44  14.3%     -  139s
     0     0 1434336.90    0  543 1671503.57 1434336.90  14.2%     -  140s
     0     0 1434507.50    0  504 1671503.57 1434507.50  14.2%     -  141s
     0     0 1434560.37    0  464 1671503.57 1434560.37  14.2%     -  141s
     0     0 1434571.63    0  486 1671503.57 1434571.63  14.2%     -  141s
     0     0 1436562.43    0  521 1671503.57 1436562.43  14.1%     -  143s
H    0     0                    1670272.0318 1436562.43  14.0%     -  143s
H    0     0                    1669399.9700 1436562.43  13.9%     -  144s
H    0     0                    1669182.6778 1436562.43  13.9%     -  144s
     0     0 1436918.36    0  483 1669182.68 1436918.36  13.9%     -  145s
     0     0 1437080.30    0  496 1669182.68 1437080.30  13.9%     -  145s
     0     0 1437117.35    0  483 1669182.68 1437117.35  13.9%     -  145s
     0     0 1437129.30    0  513 1669182.68 1437129.30  13.9%     -  145s
     0     0 1438773.45    0  459 1669182.68 1438773.45  13.8%     -  147s
     0     0 1439124.45    0  511 1669182.68 1439124.45  13.8%     -  148s
     0     0 1439124.52    0  509 1669182.68 1439124.52  13.8%     -  148s
     0     0 1439604.65    0  513 1669182.68 1439604.65  13.8%     -  149s
     0     0 1439738.01    0  487 1669182.68 1439738.01  13.7%     -  149s
     0     0 1439801.87    0  463 1669182.68 1439801.87  13.7%     -  149s
     0     0 1439899.02    0  481 1669182.68 1439899.02  13.7%     -  149s
     0     0 1439920.84    0  460 1669182.68 1439920.84  13.7%     -  150s
     0     0 1439921.43    0  464 1669182.68 1439921.43  13.7%     -  150s
     0     0 1441487.26    0  537 1669182.68 1441487.26  13.6%     -  152s
H    0     0                    1669090.3890 1441601.09  13.6%     -  154s
H    0     0                    1669078.8500 1442012.02  13.6%     -  158s
     0     0 1442012.02    0  505 1669078.85 1442012.02  13.6%     -  158s
     0     0 1442178.00    0  476 1669078.85 1442178.00  13.6%     -  158s
     0     0 1442319.88    0  515 1669078.85 1442319.88  13.6%     -  159s
     0     0 1442345.31    0  460 1669078.85 1442345.31  13.6%     -  159s
     0     0 1442346.14    0  472 1669078.85 1442346.14  13.6%     -  159s
     0     0 1443021.48    0  476 1669078.85 1443021.48  13.5%     -  161s
     0     0 1443129.07    0  501 1669078.85 1443129.07  13.5%     -  161s
     0     0 1443186.61    0  489 1669078.85 1443186.61  13.5%     -  161s
     0     0 1443230.55    0  543 1669078.85 1443230.55  13.5%     -  162s
     0     0 1443251.61    0  510 1669078.85 1443251.61  13.5%     -  162s
     0     0 1443538.70    0  554 1669078.85 1443538.70  13.5%     -  163s
     0     0 1443764.31    0  556 1669078.85 1443764.31  13.5%     -  164s
     0     0 1443928.90    0  547 1669078.85 1443928.90  13.5%     -  165s
     0     0 1444015.85    0  536 1669078.85 1444015.85  13.5%     -  165s
     0     0 1444022.06    0  590 1669078.85 1444022.06  13.5%     -  165s
     0     0 1444334.62    0  645 1669078.85 1444334.62  13.5%     -  167s
     0     0 1444461.05    0  612 1669078.85 1444461.05  13.5%     -  167s
     0     0 1444511.08    0  592 1669078.85 1444511.08  13.5%     -  168s
     0     0 1444520.87    0  640 1669078.85 1444520.87  13.5%     -  168s
     0     0 1444875.93    0  530 1669078.85 1444875.93  13.4%     -  169s
     0     0 1444944.91    0  574 1669078.85 1444944.91  13.4%     -  170s
     0     0 1444999.25    0  582 1669078.85 1444999.25  13.4%     -  170s
     0     0 1445021.01    0  589 1669078.85 1445021.01  13.4%     -  171s
     0     0 1445022.76    0  587 1669078.85 1445022.76  13.4%     -  171s
     0     0 1445444.74    0  527 1669078.85 1445444.74  13.4%     -  172s
     0     0 1445646.75    0  535 1669078.85 1445646.75  13.4%     -  173s
     0     0 1445728.66    0  609 1669078.85 1445728.66  13.4%     -  173s
     0     0 1445753.29    0  655 1669078.85 1445753.29  13.4%     -  173s
     0     0 1445768.68    0  677 1669078.85 1445768.68  13.4%     -  174s
     0     0 1447570.54    0  602 1669078.85 1447570.54  13.3%     -  175s
     0     0 1447570.58    0  601 1669078.85 1447570.58  13.3%     -  175s
H    0     0                    1665829.8688 1447606.07  13.1%     -  176s
     0     0 1447806.33    0  519 1665829.87 1447806.33  13.1%     -  178s
     0     0 1447876.87    0  535 1665829.87 1447876.87  13.1%     -  178s
     0     0 1447955.66    0  569 1665829.87 1447955.66  13.1%     -  179s
     0     0 1448018.68    0  522 1665829.87 1448018.68  13.1%     -  179s
     0     0 1448071.63    0  587 1665829.87 1448071.63  13.1%     -  179s
     0     0 1448083.84    0  595 1665829.87 1448083.84  13.1%     -  180s
     0     0 1448874.74    0  634 1665829.87 1448874.74  13.0%     -  181s
     0     0 1448999.44    0  641 1665829.87 1448999.44  13.0%     -  182s
     0     0 1449075.04    0  587 1665829.87 1449075.04  13.0%     -  182s
     0     0 1449081.96    0  567 1665829.87 1449081.96  13.0%     -  182s
     0     0 1450817.56    0  547 1665829.87 1450817.56  12.9%     -  184s
     0     0 1450819.31    0  545 1665829.87 1450819.31  12.9%     -  184s
H    0     0                    1665227.4900 1450819.48  12.9%     -  185s
     0     0 1451115.41    0  515 1665227.49 1451115.41  12.9%     -  186s
     0     0 1451218.81    0  501 1665227.49 1451218.81  12.9%     -  187s
     0     0 1451244.59    0  549 1665227.49 1451244.59  12.9%     -  187s
     0     0 1451250.05    0  517 1665227.49 1451250.05  12.8%     -  187s
     0     0 1451651.42    0  688 1665227.49 1451651.42  12.8%     -  189s
     0     0 1451803.00    0  603 1665227.49 1451803.00  12.8%     -  190s
     0     0 1451827.76    0  643 1665227.49 1451827.76  12.8%     -  190s
     0     0 1451843.43    0  611 1665227.49 1451843.43  12.8%     -  191s
     0     0 1452148.91    0  551 1665227.49 1452148.91  12.8%     -  192s
     0     0 1452217.76    0  563 1665227.49 1452217.76  12.8%     -  200s
     0     0 1452239.59    0  561 1665227.49 1452239.59  12.8%     -  201s
     0     0 1452830.49    0  612 1665227.49 1452830.49  12.8%     -  202s
     0     0 1452894.47    0  586 1665227.49 1452894.47  12.8%     -  203s
     0     0 1452930.72    0  609 1665227.49 1452930.72  12.7%     -  203s
     0     0 1452936.65    0  629 1665227.49 1452936.65  12.7%     -  203s
     0     0 1453127.91    0  526 1665227.49 1453127.91  12.7%     -  205s
     0     0 1453208.65    0  532 1665227.49 1453208.65  12.7%     -  205s
     0     0 1453240.87    0  552 1665227.49 1453240.87  12.7%     -  206s
     0     0 1453249.71    0  600 1665227.49 1453249.71  12.7%     -  206s
     0     0 1453444.47    0  536 1665227.49 1453444.47  12.7%     -  207s
     0     0 1453551.22    0  528 1665227.49 1453551.22  12.7%     -  208s
     0     0 1453569.98    0  614 1665227.49 1453569.98  12.7%     -  209s
     0     0 1453704.66    0  526 1665227.49 1453704.66  12.7%     -  210s
     0     0 1453776.41    0  591 1665227.49 1453776.41  12.7%     -  211s
     0     0 1453793.21    0  598 1665227.49 1453793.21  12.7%     -  211s
     0     0 1453904.62    0  418 1665227.49 1453904.62  12.7%     -  212s
     0     0 1453976.03    0  445 1665227.49 1453976.03  12.7%     -  213s
     0     0 1453996.43    0  509 1665227.49 1453996.43  12.7%     -  213s
     0     0 1454056.40    0  498 1665227.49 1454056.40  12.7%     -  214s
     0     0 1454056.59    0  498 1665227.49 1454056.59  12.7%     -  214s
     0     0 1454056.59    0  498 1665227.49 1454056.59  12.7%     -  214s
     0     0 1454056.59    0  465 1665227.49 1454056.59  12.7%     -  215s
H    0     0                    1664376.5469 1454065.14  12.6%     -  226s
H    0     0                    1664256.0079 1454065.14  12.6%     -  226s
     0     2 1454065.14    0  450 1664256.01 1454065.14  12.6%     -  228s
     3     8 1454087.35    2  428 1664256.01 1454065.14  12.6%   153  230s
H   18    32                    1661084.7711 1454180.67  12.5%   312  233s
    31    56 1454243.72    5  451 1661084.77 1454185.14  12.5%   383  235s
H   67    80                    1658818.7820 1454243.89  12.3%   362  238s
    79   104 1454265.96    7  442 1658818.78 1454243.89  12.3%   372  240s
   127   155 1454284.62    9  429 1658818.78 1454243.89  12.3%   271  245s
H  148   155                    1658010.7728 1454243.89  12.3%   243  245s
   178   207 1454528.79   10  408 1658010.77 1454243.89  12.3%   221  252s
H  187   207                    1655405.5748 1454243.89  12.2%   215  252s
   206   296 1454288.55   11  476 1655405.57 1454243.89  12.2%   204  256s
   357   416 1454343.71   15  415 1655405.57 1454243.89  12.2%   182  261s
   487   514 1454376.84   18  446 1655405.57 1454243.89  12.2%   168  266s
H  491   514                    1654794.9867 1454243.89  12.1%   168  266s
H  497   514                    1654226.5754 1454243.89  12.1%   167  266s
H  500   514                    1654114.1105 1454243.89  12.1%   167  266s
H  504   514                    1648564.7428 1454243.89  11.8%   166  266s
   580   633 1454541.11   21  487 1648564.74 1454243.89  11.8%   158  270s
H  687   713                    1647234.0007 1454243.89  11.7%   158  274s
H  693   713                    1646616.4492 1454243.89  11.7%   157  274s
H  716   713                    1644987.0477 1454243.89  11.6%   156  275s
   780   851 1454706.67   28  478 1644987.05 1454243.89  11.6%   156  281s
   905   967 1454793.14   39  479 1644987.05 1454243.89  11.6%   159  286s
   976  1050 1454884.94   42  500 1644987.05 1454243.89  11.6%   159  290s
  1083  1111 1455407.22   50  463 1644987.05 1454243.89  11.6%   160  296s
H 1109  1111                    1644915.3105 1454243.89  11.6%   161  296s
  1122  1193 1455410.97   51  468 1644915.31 1454243.89  11.6%   163  300s
H 1245  1248                    1644819.5306 1454243.89  11.6%   168  304s
  1262  1315 1457634.03   57  430 1644819.53 1454243.89  11.6%   167  309s
  1331  1384 1457813.56   59  434 1644819.53 1454243.89  11.6%   178  312s
  1402  1484 1458868.03   63  427 1644819.53 1454243.89  11.6%   176  317s
  1506  1601 1458913.73   66  430 1644819.53 1454243.89  11.6%   174  321s
  1709  1816 1459051.66   70  446 1644819.53 1454243.89  11.6%   167  328s
  1840  1970 1459048.68   73  443 1644819.53 1454243.89  11.6%   164  332s
  1994  1994 1459211.73   82  439 1644819.53 1454243.89  11.6%   159  345s
  2018  2124 1459214.94   82  440 1644819.53 1454243.89  11.6%   159  350s
H 2152  2145                    1641485.3724 1454243.89  11.4%   158  354s
H 2171  2145                    1641484.8514 1454243.89  11.4%   157  354s
  2178  2167 1459678.54   91  403 1641484.85 1454243.89  11.4%   158  359s
  2204  2192 1459497.18   91  473 1641484.85 1454243.89  11.4%   159  363s
  2237  2212 1460003.24   92  496 1641484.85 1454243.89  11.4%   159  367s
H 2238  2212                    1641455.2764 1454243.89  11.4%   159  367s
  2265  2233 1460743.96   93  481 1641455.28 1454243.89  11.4%   159  370s
H 2292  2255                    1641233.1853 1454243.89  11.4%   161  374s
  2317  2391 1460824.33   95  468 1641233.19 1454274.53  11.4%   162  381s
  2461  2524 1460840.94   96  493 1641233.19 1454274.53  11.4%   164  388s
  2602  2672 1478287.40  102  345 1641233.19 1454274.53  11.4%   166  394s
  2754  2722 1479098.17  104  360 1641233.19 1454274.53  11.4%   167  399s
H 2759  2722                    1641233.1033 1454274.53  11.4%   167  399s
  2804  2920 1478733.94  105  377 1641233.10 1454274.53  11.4%   167  406s
  3008  3100 1496296.84  112  291 1641233.10 1454274.53  11.4%   164  413s
  3192  3282 1481747.04  116  349 1641233.10 1454274.53  11.4%   165  421s
  3376  3486 1498058.62  128  339 1641233.10 1454274.53  11.4%   165  429s
  3580  3657 1480531.08  136  323 1641233.10 1454274.53  11.4%   165  436s
  3751  3872 1481593.67  145  385 1641233.10 1454274.53  11.4%   166  445s
  3976  3896 1481887.69  152  310 1641233.10 1454274.53  11.4%   166  450s
  4000  3919 1482507.20  152  316 1641233.10 1454274.53  11.4%   167  456s
  4025  3942 1481976.87  153  322 1641233.10 1454274.53  11.4%   167  462s
  4050  4036 1485069.18  153  306 1641233.10 1454274.53  11.4%   168  469s
  4144  4218 1482139.14  154  334 1641233.10 1454274.53  11.4%   169  478s
  4344  4323 1484911.75  161  253 1641233.10 1454274.53  11.4%   171  485s
  4466  4550 1499226.56  162  271 1641233.10 1454288.78  11.4%   173  495s
  4693  4820 1513844.53  165  258 1641233.10 1454288.78  11.4%   177  505s
  4977  4845 1515284.52  175  242 1641233.10 1454288.78  11.4%   179  512s
  5006  4890 1515320.89  176  266 1641233.10 1454292.27  11.4%   180  520s
  5051  4967 1515341.95  177  266 1641233.10 1454292.27  11.4%   180  529s
  5130  5218 1516464.24  179  254 1641233.10 1454292.27  11.4%   183  538s
  5397  5495 1520055.01  183  263 1641233.10 1454292.27  11.4%   181  550s
  5688  5804 1525531.89  195  183 1641233.10 1454292.27  11.4%   181  563s
  6019  6163 1526120.14  238  182 1641233.10 1454292.27  11.4%   181  576s
  6382  6536 1528232.52  269  192 1641233.10 1454292.27  11.4%   180  589s
  6765  6563 1530920.47  287  131 1641233.10 1454292.27  11.4%   179  599s
H 6766  6563                    1641233.0922 1454292.27  11.4%   179  599s
H 6767  6563                    1641161.4480 1454292.27  11.4%   179  599s
  6792  6581 1530939.14  288  131 1641161.45 1454292.27  11.4%   179  600s

Cutting planes:
  Learned: 5
  Gomory: 14
  Lift-and-project: 71
  Cover: 144
  Implied bound: 612
  Clique: 94
  MIR: 777
  Knapsack: 11
  StrongCG: 208
  Flow cover: 547
  GUB cover: 40
  Zero half: 2
  Network: 1
  RLT: 468
  Relax-and-lift: 93
  BQP: 36

Explored 6812 nodes (1343160 simplex iterations) in 600.07 seconds (721.26 work units)
Thread count was 24 (of 24 available processors)

Solution count 10: 1.64116e+06 1.64116e+06 1.64123e+06 ... 1.64499e+06

Time limit reached
Warning: max constraint violation (6.0257e-06) exceeds tolerance
Best objective 1.641161447905e+06, best bound 1.454292267412e+06, gap 11.3864%
