
Gurobi 13.0.2 (linux64, Python) logging started Thu Jun  4 00:23:32 2026

Set parameter LogToConsole to value 0
Set parameter Username
Set parameter LicenseID to value 2748191
Set parameter TimeLimit to value 600
Set parameter LogFile to value "output/bf_qcv_045/period_5/gurobi.log"
Academic license - for non-commercial use only - expires 2026-12-01
Gurobi Optimizer version 13.0.2 build v13.0.2rc1 (linux64 - "Debian GNU/Linux 13 (trixie)")

CPU model: 13th Gen Intel(R) Core(TM) i7-13700HX, instruction set [SSE2|AVX|AVX2]
Thread count: 24 physical cores, 24 logical processors, using up to 24 threads

Non-default parameters:
TimeLimit  600
LogToConsole  0

Optimize a model with 62480 rows, 49980 columns and 166260 nonzeros (Min)
Model fingerprint: 0x74f03010
Model has 255 linear objective coefficients
Variable types: 40290 continuous, 9690 integer (9690 binary)
Coefficient statistics:
  Matrix range     [1e-02, 1e+04]
  Objective range  [2e+04, 5e+04]
  Bounds range     [1e+00, 1e+00]
  RHS range        [4e-01, 1e+05]

Presolve removed 44697 rows and 35754 columns
Presolve time: 0.36s
Presolved: 17783 rows, 14226 columns, 75111 nonzeros
Variable types: 9399 continuous, 4827 integer (4827 binary)
Found heuristic solution: objective 9424647.7538
Found heuristic solution: objective 9381180.7117
Found heuristic solution: objective 2426228.9502
Found heuristic solution: objective 2425167.9319

Root relaxation: objective 1.940895e+06, 10585 iterations, 0.46 seconds (0.87 work units)

    Nodes    |    Current Node    |     Objective Bounds      |     Work
 Expl Unexpl |  Obj  Depth IntInf | Incumbent    BestBd   Gap | It/Node Time

     0     0 1940894.97    0   16 2425167.93 1940894.97  20.0%     -    0s
H    0     0                    2059387.7789 1940894.97  5.75%     -    0s
H    0     0                    2058521.5021 1940894.97  5.71%     -    1s
H    0     0                    2018426.9469 1940894.97  3.84%     -    1s
H    0     0                    2016727.6001 1940894.97  3.76%     -    1s
H    0     0                    2016217.0819 1940894.97  3.74%     -    1s
H    0     0                    2014569.3732 1940894.97  3.66%     -    1s
H    0     0                    2014428.2118 1940894.97  3.65%     -    1s
H    0     0                    2013824.6285 1940894.97  3.62%     -    1s
H    0     0                    2010022.3290 1940894.97  3.44%     -    1s
H    0     0                    1984897.6507 1940894.97  2.22%     -    1s
H    0     0                    1982762.2735 1940894.97  2.11%     -    1s
H    0     0                    1980288.5953 1940894.97  1.99%     -    1s
H    0     0                    1978235.6795 1940894.97  1.89%     -    1s
H    0     0                    1977490.9348 1940894.97  1.85%     -    1s
     0     0 1940894.98    0   22 1977490.93 1940894.98  1.85%     -    1s
H    0     0                    1972200.1244 1940894.99  1.59%     -    1s
     0     0 1940894.99    0   23 1972200.12 1940894.99  1.59%     -    2s
     0     0 1940894.99    0   27 1972200.12 1940894.99  1.59%     -    2s
     0     0 1940894.99    0   19 1972200.12 1940894.99  1.59%     -    3s
     0     0 1940894.99    0   19 1972200.12 1940894.99  1.59%     -    3s
     0     0 1940894.99    0   15 1972200.12 1940894.99  1.59%     -    3s
     0     0 1940894.99    0   25 1972200.12 1940894.99  1.59%     -    3s
     0     0 1940894.99    0   23 1972200.12 1940894.99  1.59%     -    3s
     0     0 1940894.99    0   29 1972200.12 1940894.99  1.59%     -    3s
H    0     0                    1967053.9541 1940894.99  1.33%     -    3s
H    0     0                    1966801.4485 1940894.99  1.32%     -    3s
     0     0 1940894.99    0   33 1966801.45 1940894.99  1.32%     -    3s
     0     0 1940895.00    0   27 1966801.45 1940895.00  1.32%     -    3s
     0     0 1940895.00    0   27 1966801.45 1940895.00  1.32%     -    3s
     0     0 1940895.00    0   27 1966801.45 1940895.00  1.32%     -    3s
     0     0 1940895.00    0   19 1966801.45 1940895.00  1.32%     -    4s
     0     2 1940895.25    0   19 1966801.45 1940895.25  1.32%     -    4s
H   98   104                    1966707.4286 1940895.25  1.31%   5.4    4s
   103   480 1940895.25    8   27 1966707.43 1940895.25  1.31%   5.3    5s
H  482   504                    1966540.5473 1940895.25  1.30%   3.5    5s
H  780   896                    1961093.3903 1940895.25  1.03%   3.3    6s
H  781   896                    1959605.0073 1940895.25  0.95%   3.3    6s
H  879   896                    1959574.8346 1940895.25  0.95%   3.3    6s
H 3847  4513                    1953487.4674 1940895.25  0.64%   5.7    8s
  7208  7014 1946838.45  241   10 1953487.47 1940895.25  0.64%   8.0   10s
H 7232  6708                    1951245.0174 1940895.25  0.53%   8.1   10s
H 7307  6702                    1950440.3853 1940895.25  0.49%   8.2   10s
H 7438  7758                    1948238.6888 1940895.25  0.38%   8.2   11s
H 7476  7338                    1945999.6482 1940895.25  0.26%   8.3   11s
H10772 10306                    1945732.4365 1940895.25  0.25%   8.3   12s
H11472 10305                    1945484.7395 1940895.25  0.24%   8.4   12s
H12211  9784                    1945329.0140 1940895.25  0.23%   8.4   14s
H12211  9294                    1945300.1328 1940895.25  0.23%   8.4   14s
H12211  8830                    1945117.2898 1940895.25  0.22%   8.4   14s
 12213  8831 1941242.51  163   11 1945117.29 1940895.25  0.22%   8.4   15s
H12291  8449                    1944805.5497 1940895.25  0.20%   9.0   17s
H12307  8049                    1944698.8029 1940895.25  0.20%   9.0   18s
H12623  7993                    1944696.6822 1940895.25  0.20%   8.8   18s
H12788  8068                    1944662.4787 1940895.25  0.19%   8.8   19s
 13289  9090 1940895.25   32   14 1944662.48 1940895.25  0.19%   8.5   20s
H14548  8761                    1944641.7975 1940895.25  0.19%   8.5   21s
H14961  8278                    1944450.5249 1940895.25  0.18%   8.6   21s
H17115  8894                    1944234.4402 1940895.25  0.17%   8.7   24s
 17585 10607 1940895.39   76   14 1944234.44 1940895.25  0.17%   8.8   25s
 27018 12786 1940897.86   87   20 1944234.44 1940895.25  0.17%   8.8   30s
H27205 12353                    1944229.5750 1940895.25  0.17%   9.0   32s
H27274 11723                    1944182.2600 1940895.25  0.17%   9.0   32s
 28869 12846 1940896.63   72   17 1944182.26 1940895.25  0.17%   8.9   36s
H29036 12212                    1944181.7298 1940895.25  0.17%   9.0   36s
 35278 15209 1940973.88  207   12 1944181.73 1940895.25  0.17%   9.0   40s
H35294 14656                    1944177.4875 1940895.25  0.17%   9.0   40s
H35328 14071                    1944165.1981 1940895.25  0.17%   9.0   40s
H35386 13433                    1944161.3423 1940895.25  0.17%   9.0   40s
H35397 13415                    1944156.4771 1940895.25  0.17%   9.0   41s
H36330 12720                    1944154.3564 1940895.25  0.17%   9.3   42s
H36479 12124                    1944016.8139 1940895.25  0.16%   9.4   42s
 39116 14027 1941677.00  289   12 1944016.81 1940895.25  0.16%  10.4   45s
H39797 13392                    1944007.1364 1940895.25  0.16%  10.6   45s
 48632 16482 1940903.90  123   15 1944007.14 1940895.25  0.16%  11.3   50s
H51646 16629                    1943977.8923 1940895.25  0.16%  11.6   53s
 56079 20751 1943498.91  327   10 1943977.89 1940895.25  0.16%  11.6   55s
H63242 25764                    1943958.0084 1940895.25  0.16%  12.0   59s
 66576 30358 1940950.28  171   12 1943958.01 1940895.25  0.16%  12.0   60s
H71307 29596                    1943676.1740 1940895.25  0.14%  11.9   62s
H72199 27345                    1943447.4082 1940895.25  0.13%  12.0   63s
H72202 27233                    1943408.9624 1940895.25  0.13%  12.0   63s
H72225 26533                    1943241.8690 1940895.25  0.12%  12.0   63s
 75903 30777 1941159.51  185   13 1943241.87 1940895.25  0.12%  11.7   65s
H76155 30773                    1943237.2555 1940895.25  0.12%  11.7   65s
H76417 30571                    1943205.1201 1940895.25  0.12%  11.7   65s
 80907 33281 1940895.25   48   21 1943205.12 1940895.25  0.12%  11.5   70s
H82127 32228                    1943204.3007 1940895.25  0.12%  11.4   71s
 84767 35946     cutoff  171      1943204.30 1940895.25  0.12%  11.6   76s
H100149 38853                    1943202.1801 1940895.25  0.12%  10.7   78s
 101015 40615 1942658.94  205   12 1943202.18 1940895.25  0.12%  10.7   80s
 105640 40968 1940900.19  120   19 1943202.18 1940895.25  0.12%  10.7   85s
 107169 42978 1940914.94  102   13 1943202.18 1940914.48  0.12%  10.6   90s
H110438 42299                    1943199.7220 1940914.48  0.12%  10.5   93s
 112991 43792 1941119.98  282   14 1943199.72 1940914.48  0.12%  10.4   95s
H118595 42545                    1943198.8062 1940914.48  0.12%  10.3   97s
H118627 40682                    1943198.2279 1940914.48  0.12%  10.4   97s
 128196 44945 1941570.88  177   11 1943198.23 1940914.48  0.12%  10.5  100s
 150804 53338 1940925.04  113   14 1943198.23 1940914.48  0.12%  10.5  105s
 197871 63145 1941434.03  160   12 1943198.23 1940914.48  0.12%   8.7  110s
 225195 76065 1940915.07   92   11 1943198.23 1940914.48  0.12%   8.0  115s
 239115 97159 1940924.83  139   12 1943198.23 1940914.48  0.12%   7.8  120s
H290475 115001                    1943196.7338 1940914.48  0.12%   7.1  124s
 291260 118256 1941163.77  171   11 1943196.73 1940914.48  0.12%   7.1  125s
H327950 138772                    1943195.9144 1940914.48  0.12%   6.5  128s
 342292 151347 1942381.85  182    7 1943195.91 1940914.48  0.12%   6.4  130s
 371815 165933 1941060.07  145   11 1943195.91 1940914.48  0.12%   6.3  135s
H371879 165935                    1943195.1432 1940914.48  0.12%   6.3  136s
H372861 166663                    1943195.1211 1940914.48  0.12%   6.3  137s
 390803 177959 1943176.00  289    6 1943195.12 1940914.48  0.12%   6.2  140s
 428795 200665     cutoff  219      1943195.12 1940914.48  0.12%   6.0  145s
 478118 232403 1940914.72  109   11 1943195.12 1940914.48  0.12%   5.8  150s
 510726 253289 1941369.40  143   12 1943195.12 1940914.48  0.12%   5.7  155s
 553923 285654 1940914.72   95   11 1943195.12 1940914.48  0.12%   5.5  160s
 599431 311429 1940924.55  113   10 1943195.12 1940914.48  0.12%   5.5  165s
 620769 325307 1941583.66  145   11 1943195.12 1940914.48  0.12%   5.4  170s
 640141 339572 1941128.08  116    9 1943195.12 1940914.48  0.12%   5.4  175s
 676588 363286 1940920.51  109   11 1943195.12 1940914.48  0.12%   5.4  180s
 706590 379188 1943022.55  167    9 1943195.12 1940914.48  0.12%   5.4  185s
 748827 409166 1942464.75   93   11 1943195.12 1940914.48  0.12%   5.3  190s
 796248 440870 1940914.95  111   11 1943195.12 1940914.48  0.12%   5.2  195s
 830475 467730 1941454.98  146   11 1943195.12 1940914.48  0.12%   5.1  200s
 867640 493077 1940915.45  126   11 1943195.12 1940914.48  0.12%   5.1  205s
 882429 504470 1941487.19  173   12 1943195.12 1940914.48  0.12%   5.0  210s
 909596 517688 1940914.49  107   11 1943195.12 1940914.48  0.12%   5.1  215s
 942096 542367 1941025.99  172   11 1943195.12 1940914.48  0.12%   5.1  220s
 988426 574581     cutoff  170      1943195.12 1940914.48  0.12%   5.0  225s
 1021590 597021 1940952.94  149   10 1943195.12 1940914.48  0.12%   5.0  230s
 1061856 620994 1941172.87  126    9 1943195.12 1940914.48  0.12%   5.0  235s
 1106098 654748 1940914.87  101   11 1943195.12 1940914.48  0.12%   5.0  240s
 1145813 682832 1941291.60  176    9 1943195.12 1940914.48  0.12%   4.9  245s
 1188031 708968 1943194.31  185    9 1943195.12 1940914.48  0.12%   4.9  250s
 1212061 726928 1940917.49  127   11 1943195.12 1940914.48  0.12%   4.8  255s
 1239908 747652 1941270.57  127    9 1943195.12 1940914.48  0.12%   4.8  260s
 1284231 778329 1940915.12  107   11 1943195.12 1940914.48  0.12%   4.8  265s
 1329307 808283 1942312.42  171    9 1943195.12 1940914.48  0.12%   4.7  270s
 1361091 831712 1940917.44  119   11 1943195.12 1940914.48  0.12%   4.7  275s
 1399030 855709 1940914.48  127   13 1943195.12 1940914.48  0.12%   4.7  280s
 1449942 890338 1940937.26  181   11 1943195.12 1940914.48  0.12%   4.7  285s
 1484169 916268 1941294.66  156   11 1943195.12 1940914.48  0.12%   4.6  290s
 1513860 937759 1940938.26  158   11 1943195.12 1940914.48  0.12%   4.6  295s
 1526181 943953 1940947.02  108   13 1943195.12 1940914.48  0.12%   4.6  300s
 1529632 948477 1940918.33  103   11 1943195.12 1940914.48  0.12%   4.6  305s
 1563167 969581 1940988.06  167   11 1943195.12 1940914.48  0.12%   4.6  310s
 1605124 1012461 1940949.29  167   11 1943195.12 1940914.48  0.12%   4.6  317s
 1646170 1025607 1941149.14  184   11 1943195.12 1940914.48  0.12%   4.5  320s
 1681874 1048541 1941106.97  154   11 1943195.12 1940914.48  0.12%   4.5  325s
 1723692 1071318 1941164.27  119   12 1943195.12 1940914.48  0.12%   4.5  330s
 1749499 1089971 1941347.21  156   11 1943195.12 1940914.48  0.12%   4.5  335s
 1787936 1113881     cutoff  125      1943195.12 1940914.48  0.12%   4.5  340s
H1824901 1134946                    1943193.1337 1940914.48  0.12%   4.5  344s
 1824933 1137292     cutoff  144      1943193.13 1940914.48  0.12%   4.5  345s
 1854248 1158270 1941538.58  175   11 1943193.13 1940914.48  0.12%   4.5  350s
 1900599 1190362     cutoff  102      1943193.13 1940914.48  0.12%   4.5  355s
 1950717 1222241 1941144.82  109    9 1943193.13 1940914.48  0.12%   4.5  360s
 1974873 1235748 1940918.60  111   12 1943193.13 1940914.48  0.12%   4.5  365s
H1987505 1243270                    1943193.1115 1940914.48  0.12%   4.5  367s
 1998922 1250134     cutoff  119      1943193.11 1940914.48  0.12%   4.5  370s
 2042993 1276835 1941686.11   91    9 1943193.11 1940914.48  0.12%   4.5  375s
 2070760 1295351 1941224.56  158   11 1943193.11 1940914.48  0.12%   4.5  380s
 2105222 1318295 1940997.80  135   14 1943193.11 1940914.48  0.12%   4.5  385s
 2152599 1347859 1941897.39  159   12 1943193.11 1940914.48  0.12%   4.5  390s
 2185550 1368113     cutoff  131      1943193.11 1940914.48  0.12%   4.5  395s
 2217614 1387666 1940917.21  114   12 1943193.11 1940914.48  0.12%   4.5  400s
 2220506 1389805 1940918.12  128   12 1943193.11 1940914.48  0.12%   4.5  405s
 2239684 1403635 1943190.85  183   21 1943193.11 1940914.48  0.12%   4.5  410s
 2272824 1425473 1940915.23  108   11 1943193.11 1940914.48  0.12%   4.5  415s
 2317935 1453268 1941680.83  184   11 1943193.11 1940914.48  0.12%   4.5  420s
 2348008 1468421 1941910.75  159   10 1943193.11 1940914.48  0.12%   4.5  425s
 2396659 1504041     cutoff  194      1943193.11 1940914.48  0.12%   4.5  430s
 2440047 1530944 1940990.27  173   11 1943193.11 1940914.48  0.12%   4.5  435s
 2465798 1543935 1941313.09  159   11 1943193.11 1940914.48  0.12%   4.5  440s
 2503476 1568582 1940928.09  116   10 1943193.11 1940914.48  0.12%   4.5  445s
 2550825 1597994 1941965.70  113   12 1943193.11 1940914.48  0.12%   4.5  450s
 2574228 1612429 1941032.18  101    9 1943193.11 1940914.48  0.12%   4.5  455s
 2611137 1636627 1941071.45  145   12 1943193.11 1940914.48  0.12%   4.5  460s
 2646716 1656706     cutoff  126      1943193.11 1940914.48  0.12%   4.5  465s
 2677886 1674934 1941390.67  147   12 1943193.11 1940914.48  0.12%   4.5  470s
 2710007 1697807 1941264.79  147   11 1943193.11 1940914.48  0.12%   4.5  475s
 2734233 1711227 1940952.84  191   11 1943193.11 1940914.48  0.12%   4.5  480s
 2735700 1713900     cutoff  193      1943193.11 1940914.48  0.12%   4.5  485s
 2742302 1735543 1940987.66  178   11 1943193.11 1940914.48  0.12%   4.5  490s
 2794953 1770890 1941566.38  134    9 1943193.11 1940914.48  0.12%   4.5  497s
 2831262 1780792 1941280.56  179   11 1943193.11 1940914.48  0.12%   4.5  500s
 2860791 1802566 1940915.43   95   11 1943193.11 1940914.48  0.12%   4.5  505s
 2903378 1831074 1941300.44  164   12 1943193.11 1940914.48  0.12%   4.6  510s
 2927537 1846160 1940916.28   98   11 1943193.11 1940914.48  0.12%   4.6  515s
 2963858 1869228 1941221.22  156   11 1943193.11 1940914.48  0.12%   4.6  520s
 3009296 1900430 1941938.89  154    9 1943193.11 1940914.48  0.12%   4.6  525s
 3030814 1914389 1941001.54  171   11 1943193.11 1940914.48  0.12%   4.6  530s
 3069329 1941902 1941832.97  169   12 1943193.11 1940914.48  0.12%   4.6  535s
 3112425 1969977 1941273.01  141   11 1943193.11 1940914.48  0.12%   4.6  540s
 3135202 1985572 1941026.34  142   11 1943193.11 1940914.48  0.12%   4.6  545s
 3161152 1999529 1941145.56  111   11 1943193.11 1940914.48  0.12%   4.7  550s
 3198303 2024241 1941018.39  178   12 1943193.11 1940914.48  0.12%   4.7  555s
 3225656 2044240 1940917.22  132   11 1943193.11 1940914.48  0.12%   4.7  560s
 3260206 2065556 1942401.21  145   12 1943193.11 1940914.48  0.12%   4.7  565s
 3262359 2066907 1942401.65  155   12 1943193.11 1940914.48  0.12%   4.7  570s
 3264898 2069144 1942401.86  160    9 1943193.11 1940914.48  0.12%   4.7  575s
 3270831 2088986     cutoff  173      1943193.11 1940914.48  0.12%   4.7  580s
 3324980 2108679 1940915.10  120   11 1943193.11 1940914.48  0.12%   4.7  585s
 3349008 2124831 1941885.93  270    5 1943193.11 1940914.48  0.12%   4.7  590s
 3350956 2138285 1941021.10  129   12 1943193.11 1940914.48  0.12%   4.7  595s
 3410363 2163393 1941379.30  145    9 1943193.11 1940914.48  0.12%   4.8  600s

Cutting planes:
  Projected implied bound: 2
  Flow cover: 1

Explored 3412519 nodes (16312072 simplex iterations) in 600.25 seconds (537.72 work units)
Thread count was 24 (of 24 available processors)

Solution count 10: 1.94319e+06 1.94319e+06 1.9432e+06 ... 1.9432e+06

Time limit reached
Warning: max constraint violation (2.2623e-06) exceeds tolerance
Best objective 1.943193111506e+06, best bound 1.940914482755e+06, gap 0.1173%
