
Gurobi 13.0.2 (linux64, Python) logging started Sat Aug 22 16:45:55 2026

Set parameter LogToConsole to value 0
Set parameter Username
Set parameter LicenseID to value 2748191
Set parameter TimeLimit to value 120
Set parameter LogFile to value "output/bz_nbr7008_043/weighted_loss/retail_y_4__retail_v_4__retail_v_4__rolled_leftover_2/period_4/gurobi.log"
Academic license - for non-commercial use only - expires 2026-12-01
Gurobi Optimizer version 13.0.2 build v13.0.2rc1 (linux64 - "Debian GNU/Linux 13 (trixie)")

CPU model: 13th Gen Intel(R) Core(TM) i7-13700HX, instruction set [SSE2|AVX|AVX2]
Thread count: 24 physical cores, 24 logical processors, using up to 24 threads

Non-default parameters:
TimeLimit  120
LogToConsole  0

Optimize a model with 204254 rows, 136678 columns and 715567 nonzeros (Min)
Model fingerprint: 0x596b07a2
Model has 54470 linear objective coefficients and an objective constant of 1.9435698932639998e+05
Variable types: 112636 continuous, 24042 integer (24042 binary)
Coefficient statistics:
  Matrix range     [3e-03, 1e+04]
  Objective range  [2e+01, 1e+05]
  Bounds range     [1e+00, 1e+00]
  RHS range        [1e-01, 3e+04]

Presolve removed 122225 rows and 84742 columns (presolve time = 5s)...
Presolve removed 122106 rows and 84623 columns
Presolve time: 5.62s
Presolved: 82148 rows, 52055 columns, 825148 nonzeros
Variable types: 33989 continuous, 18066 integer (18019 binary)
Deterministic concurrent LP optimizer: primal simplex, dual simplex, and barrier
Showing barrier log only...

Root barrier log...

Ordering time: 0.51s

Barrier statistics:
 Dense cols : 41
 AA' NZ     : 7.185e+06
 Factor NZ  : 1.219e+07 (roughly 140 MB of memory)
 Factor Ops : 3.451e+09 (less than 1 second per iteration)
 Threads    : 21

                  Objective                Residual
Iter       Primal          Dual         Primal    Dual     Compl     Time
   0  -2.96844315e+09 -8.56608492e+09  2.41e+06 1.23e+02  2.02e+06     8s
   1  -1.79981457e+09 -7.60806074e+09  1.57e+06 2.16e+02  1.14e+06     8s
   2  -6.51253707e+08 -6.10922837e+09  5.27e+05 4.77e+01  3.99e+05     8s
   3  -1.63400076e+08 -2.70441689e+09  1.40e+05 1.61e-01  1.04e+05     8s
   4  -6.42706687e+06 -7.23246499e+08  1.68e+04 2.91e-11  1.41e+04     8s
   5   4.66696606e+06 -3.77112480e+08  7.98e+03 7.05e-11  6.43e+03     8s
   6   1.00131896e+07 -1.98008935e+08  3.67e+03 4.18e-11  2.91e+03     8s
   7   1.27058560e+07 -5.14116345e+07  1.24e+03 2.68e-11  7.88e+02     8s
   8   1.09861405e+07 -2.97508171e+07  6.74e+02 1.32e-11  4.45e+02     8s
   9   8.79565549e+06 -1.54638542e+07  2.77e+02 9.21e-12  2.24e+02     8s
  10   6.98742918e+06 -1.08177744e+07  1.70e+02 7.67e-12  1.55e+02     8s
  11   4.22419871e+06 -6.75245490e+06  8.12e+01 1.02e-11  9.02e+01     8s
  12   2.68758961e+06 -2.94906056e+06  4.55e+01 1.21e-11  4.67e+01     8s
  13   1.97470491e+06 -1.64621042e+06  2.94e+01 1.20e-11  3.00e+01     8s
  14   1.75018127e+06 -1.24619788e+06  2.44e+01 1.03e-11  2.49e+01     8s
  15   1.62308184e+06 -1.07732438e+06  2.19e+01 1.34e-11  2.24e+01     8s
  16   1.56457887e+06 -3.77189479e+05  2.04e+01 1.10e-11  1.70e+01     9s
  17   1.16983264e+06  3.47031011e+03  1.16e+01 1.08e-11  1.02e+01     9s
  18   1.05295464e+06  8.60667191e+04  8.73e+00 1.04e-11  8.33e+00     9s
  19   8.86022197e+05  3.18324360e+05  4.45e+00 1.12e-11  4.80e+00     9s
  20   7.88174784e+05  5.54456999e+05  2.08e+00 1.56e-11  2.01e+00     9s
  21   7.43146421e+05  6.21115726e+05  1.08e+00 1.40e-11  1.04e+00     9s
  22   7.32793933e+05  6.51140413e+05  8.32e-01 1.19e-11  7.14e-01     9s
  23   7.27868775e+05  6.51982292e+05  7.34e-01 1.18e-11  6.56e-01     9s
  24   7.25035130e+05  6.60155814e+05  6.78e-01 1.60e-11  5.69e-01     9s
  25   7.17038452e+05  6.69573775e+05  5.25e-01 1.34e-11  4.19e-01     9s
  26   7.00336653e+05  6.82615949e+05  1.46e-01 9.84e-12  1.47e-01     9s
  27   6.95043963e+05  6.86605779e+05  6.77e-02 1.77e-11  6.94e-02     9s
  28   6.92516941e+05  6.87143366e+05  3.55e-02 1.21e-11  4.30e-02     9s
  29   6.91268681e+05  6.88191394e+05  2.05e-02 1.25e-11  2.46e-02     9s
  30   6.91134572e+05  6.88264087e+05  1.91e-02 1.10e-11  2.30e-02     9s
  31   6.91057776e+05  6.88401258e+05  1.82e-02 1.45e-11  2.13e-02     9s
  32   6.90474632e+05  6.88711362e+05  1.17e-02 1.44e-11  1.41e-02     9s
  33   6.90250388e+05  6.88878868e+05  9.40e-03 1.16e-11  1.10e-02    10s
  34   6.89855030e+05  6.89078288e+05  5.45e-03 1.29e-11  6.26e-03    10s
  35   6.89606771e+05  6.89185347e+05  3.07e-03 1.06e-11  3.41e-03    10s
  36   6.89460611e+05  6.89217519e+05  1.67e-03 1.29e-11  1.95e-03    10s
  37   6.89321472e+05  6.89243137e+05  3.36e-04 1.23e-11  5.98e-04    10s
  38   6.89293629e+05  6.89259822e+05  1.40e-04 1.29e-11  2.58e-04    10s
  39   6.89282972e+05  6.89269313e+05  6.72e-05 1.08e-11  1.06e-04    10s
  40   6.89272686e+05  6.89271392e+05  1.91e-06 1.07e-11  9.34e-06    10s
  41   6.89272103e+05  6.89272020e+05  2.01e-07 1.48e-11  6.15e-07    10s
  42   6.89272038e+05  6.89272029e+05  6.59e-07 1.35e-11  6.88e-08    10s
  43   6.89272031e+05  6.89272031e+05  2.93e-08 8.92e-12  9.37e-10    10s

Barrier solved model in 43 iterations and 10.16 seconds (13.84 work units)
Optimal objective 6.89272031e+05


Root crossover log...

   48280 DPushes remaining with DInf 0.0000000e+00                10s
       0 DPushes remaining with DInf 0.0000000e+00                10s

      37 PPushes remaining with PInf 2.2795108e-04                10s
       0 PPushes remaining with PInf 0.0000000e+00                10s

  Push phase complete: Pinf 0.0000000e+00, Dinf 9.7110986e-03     10s


Root simplex log...

Iteration    Objective       Primal Inf.    Dual Inf.      Time
   31021    6.8927203e+05   0.000000e+00   9.711098e-03     11s
   31023    6.8927203e+05   0.000000e+00   0.000000e+00     11s
Crossover time: 0.35 seconds (0.53 work units)
Concurrent spin time: 0.23s

Solved with barrier
   31024    6.8927203e+05   0.000000e+00   0.000000e+00     11s

Extra simplex iterations after uncrush: 1

Root relaxation: objective 6.892720e+05, 31024 iterations, 4.85 seconds (6.67 work units)

    Nodes    |    Current Node    |     Objective Bounds      |     Work
 Expl Unexpl |  Obj  Depth IntInf | Incumbent    BestBd   Gap | It/Node Time

     0     0 689272.031    0  213          - 689272.031      -     -   11s
     0     0 689295.214    0  235          - 689295.214      -     -   11s
     0     0 689295.247    0  235          - 689295.247      -     -   11s
     0     0 689295.264    0  234          - 689295.264      -     -   11s
H    0     0                    2354066.1722 689295.264  70.7%     -   13s
H    0     0                    1855772.0621 690664.581  62.8%     -   14s
H    0     0                    1853008.0072 690664.581  62.7%     -   14s
H    0     0                    1839166.9803 690664.581  62.4%     -   14s
H    0     0                    1839159.0645 690664.581  62.4%     -   14s
     0     0 690664.581    0  199 1839159.06 690664.581  62.4%     -   14s
     0     0 690665.020    0  198 1839159.06 690665.020  62.4%     -   14s
H    0     0                    1813857.6089 690665.124  61.9%     -   15s
H    0     0                    1813797.7164 690665.124  61.9%     -   15s
H    0     0                    1803798.2387 690665.124  61.7%     -   15s
H    0     0                    1718667.4622 690665.124  59.8%     -   15s
H    0     0                    1717720.1968 690665.124  59.8%     -   15s
H    0     0                    1715651.7342 690665.124  59.7%     -   15s
H    0     0                    1702844.9992 690665.124  59.4%     -   16s
H    0     0                    1696101.7914 690665.124  59.3%     -   16s
H    0     0                    1688133.3914 690665.124  59.1%     -   16s
H    0     0                    1659002.1185 690665.124  58.4%     -   16s
H    0     0                    1645538.2874 690665.124  58.0%     -   16s
H    0     0                    1597602.3764 690665.124  56.8%     -   16s
     0     0 690811.660    0  199 1597602.38 690811.660  56.8%     -   16s
     0     0 690846.979    0  176 1597602.38 690846.979  56.8%     -   17s
H    0     0                    1552777.1346 690846.979  55.5%     -   18s
H    0     0                    1552565.6846 690846.979  55.5%     -   18s
H    0     0                    1550559.0541 690846.979  55.4%     -   18s
H    0     0                    1550551.1383 690846.979  55.4%     -   18s
H    0     0                    1546208.9523 690846.979  55.3%     -   18s
H    0     0                    1546201.0365 690846.979  55.3%     -   18s
H    0     0                    1542775.3964 694116.060  55.0%     -   20s
H    0     0                    1540338.7133 694116.060  54.9%     -   20s
H    0     0                    1537994.6757 694116.060  54.9%     -   20s
H    0     0                    1533423.8187 694116.060  54.7%     -   21s
H    0     0                    1523652.1837 694116.060  54.4%     -   21s
H    0     0                    1521514.4860 694116.060  54.4%     -   21s
     0     0 694116.060    0  215 1521514.49 694116.060  54.4%     -   21s
H    0     0                    1493877.8671 694207.221  53.5%     -   22s
H    0     0                    1487154.7731 694207.221  53.3%     -   22s
H    0     0                    1453279.4561 694207.221  52.2%     -   25s
H    0     0                    1452402.0581 694207.221  52.2%     -   26s
H    0     0                    1431573.9520 694207.221  51.5%     -   29s
H    0     0                    1395013.6002 694207.221  50.2%     -   31s
H    0     0                    1393248.1216 694207.221  50.2%     -   33s
H    0     0                    1391933.8421 694207.221  50.1%     -   34s
     0     0 697328.963    0  195 1391933.84 697328.963  49.9%     -   36s
     0     0 697328.963    0  218 1391933.84 697328.963  49.9%     -   37s
H    0     0                    1335159.0578 697328.963  47.8%     -   38s
H    0     0                    1334464.5656 697419.637  47.7%     -   39s
H    0     0                    1325049.9939 697419.637  47.4%     -   39s
     0     0 697419.637    0  210 1325049.99 697419.637  47.4%     -   39s
H    0     0                    1323702.2883 697419.895  47.3%     -   40s
H    0     0                    1321417.8786 697419.895  47.2%     -   40s
H    0     0                    1310219.5580 697419.895  46.8%     -   40s
H    0     0                    1310129.6004 697419.895  46.8%     -   40s
H    0     0                    1297291.1191 697419.895  46.2%     -   42s
H    0     0                    1294480.9319 697419.895  46.1%     -   43s
H    0     0                    1283864.0583 697419.895  45.7%     -   43s
H    0     0                    1281373.3571 697419.895  45.6%     -   43s
H    0     0                    1268738.0526 697435.010  45.0%     -   44s
H    0     0                    1267142.7122 697435.010  45.0%     -   44s
H    0     0                    1258928.5131 697435.010  44.6%     -   44s
H    0     0                    1258361.6715 697435.010  44.6%     -   44s
H    0     0                    1254286.4728 697435.010  44.4%     -   44s
H    0     0                    1253284.9113 697435.010  44.4%     -   44s
H    0     0                    1250732.0846 697435.010  44.2%     -   44s
     0     0 697435.010    0  178 1250732.08 697435.010  44.2%     -   44s
H    0     0                    1245685.9493 697436.734  44.0%     -   44s
     0     0 697436.734    0  192 1245685.95 697436.734  44.0%     -   44s
     0     0 697436.734    0  207 1245685.95 697436.734  44.0%     -   44s
H    0     0                    1223483.4084 697436.734  43.0%     -   46s
H    0     0                    1215024.4280 697436.734  42.6%     -   46s
     0     0 703451.087    0  275 1215024.43 703451.087  42.1%     -   49s
     0     0 703463.972    0  244 1215024.43 703463.972  42.1%     -   49s
     0     0 704444.066    0  281 1215024.43 704444.066  42.0%     -   50s
     0     0 704444.899    0  278 1215024.43 704444.899  42.0%     -   50s
H    0     0                    1214959.5653 704610.210  42.0%     -   51s
     0     0 704610.210    0  278 1214959.57 704610.210  42.0%     -   51s
     0     0 704614.259    0  274 1214959.57 704614.259  42.0%     -   51s
     0     0 704627.842    0  304 1214959.57 704627.842  42.0%     -   51s
     0     0 704627.887    0  304 1214959.57 704627.887  42.0%     -   51s
     0     0 710447.068    0  267 1214959.57 710447.068  41.5%     -   54s
     0     0 710528.318    0  299 1214959.57 710528.318  41.5%     -   54s
H    0     0                    1212660.2446 710528.634  41.4%     -   55s
H    0     0                    1202154.2569 710528.634  40.9%     -   55s
H    0     0                    1195330.4585 710528.634  40.6%     -   55s
H    0     0                    1169303.8464 710528.634  39.2%     -   55s
H    0     0                    1168980.6447 710528.634  39.2%     -   55s
H    0     0                    1149817.4810 710528.634  38.2%     -   56s
     0     0 710694.433    0  318 1149817.48 710694.433  38.2%     -   56s
     0     0 710908.866    0  297 1149817.48 710908.866  38.2%     -   57s
     0     0 710912.676    0  295 1149817.48 710912.676  38.2%     -   57s
     0     0 710912.676    0  300 1149817.48 710912.676  38.2%     -   57s
     0     0 713377.093    0  282 1149817.48 713377.093  38.0%     -   59s
     0     0 713898.217    0  314 1149817.48 713898.217  37.9%     -   60s
     0     0 714126.705    0  302 1149817.48 714126.705  37.9%     -   60s
     0     0 714129.093    0  298 1149817.48 714129.093  37.9%     -   60s
     0     0 715635.162    0  284 1149817.48 715635.162  37.8%     -   63s
H    0     0                    1148909.7309 715635.343  37.7%     -   63s
H    0     0                    1148420.2659 715635.343  37.7%     -   63s
H    0     0                    1144995.3966 715635.343  37.5%     -   63s
H    0     0                    1140790.0340 715635.343  37.3%     -   63s
H    0     0                    1140740.6143 715635.343  37.3%     -   64s
H    0     0                    1137448.5641 715635.343  37.1%     -   64s
H    0     0                    1127877.3122 715635.343  36.6%     -   64s
H    0     0                    1126678.5843 715635.343  36.5%     -   64s
     0     0 715694.414    0  284 1126678.58 715694.414  36.5%     -   65s
     0     0 715694.621    0  306 1126678.58 715694.621  36.5%     -   65s
     0     0 716384.889    0  295 1126678.58 716384.889  36.4%     -   67s
     0     0 716384.901    0  290 1126678.58 716384.901  36.4%     -   67s
     0     0 716516.293    0  288 1126678.58 716516.293  36.4%     -   68s
     0     0 716518.626    0  298 1126678.58 716518.626  36.4%     -   68s
     0     0 716885.269    0  257 1126678.58 716885.269  36.4%     -   69s
H    0     0                    1107263.5671 716885.352  35.3%     -   70s
H    0     0                    1106660.7738 716885.352  35.2%     -   70s
H    0     0                    1105980.4742 716885.352  35.2%     -   71s
H    0     0                    1100696.4017 716885.352  34.9%     -   71s
H    0     0                    1088751.1286 716885.352  34.2%     -   71s
H    0     0                    1088475.8388 716885.352  34.1%     -   72s
H    0     0                    1088396.7857 716885.352  34.1%     -   72s
H    0     0                    1073607.8588 716885.352  33.2%     -   72s
H    0     0                    1073528.8057 716885.352  33.2%     -   73s
H    0     0                    1055828.3488 716885.352  32.1%     -   73s
H    0     0                    1053083.9446 716885.352  31.9%     -   74s
     0     0 716951.467    0  238 1053083.94 716951.467  31.9%     -   74s
     0     0 716991.853    0  269 1053083.94 716991.853  31.9%     -   74s
     0     0 717029.989    0  278 1053083.94 717029.989  31.9%     -   74s
     0     0 717039.499    0  280 1053083.94 717039.499  31.9%     -   75s
     0     0 717047.473    0  280 1053083.94 717047.473  31.9%     -   75s
     0     0 717049.394    0  252 1053083.94 717049.394  31.9%     -   75s
     0     0 717979.701    0  328 1053083.94 717979.701  31.8%     -   77s
     0     0 718235.740    0  335 1053083.94 718235.740  31.8%     -   78s
     0     0 718388.153    0  326 1053083.94 718388.153  31.8%     -   79s
     0     0 718471.468    0  307 1053083.94 718471.468  31.8%     -   79s
     0     0 718493.250    0  340 1053083.94 718493.250  31.8%     -   79s
     0     0 718493.504    0  347 1053083.94 718493.504  31.8%     -   79s
     0     0 719892.170    0  311 1053083.94 719892.170  31.6%     -   81s
     0     0 720158.608    0  303 1053083.94 720158.608  31.6%     -   82s
     0     0 720281.741    0  328 1053083.94 720281.741  31.6%     -   83s
     0     0 720337.904    0  344 1053083.94 720337.904  31.6%     -   83s
     0     0 720372.704    0  311 1053083.94 720372.704  31.6%     -   83s
     0     0 720399.973    0  310 1053083.94 720399.973  31.6%     -   83s
     0     0 720401.911    0  311 1053083.94 720401.911  31.6%     -   83s
     0     0 721596.391    0  347 1053083.94 721596.391  31.5%     -   85s
     0     0 721627.703    0  372 1053083.94 721627.703  31.5%     -   85s
     0     0 721705.616    0  345 1053083.94 721705.616  31.5%     -   86s
     0     0 721709.171    0  346 1053083.94 721709.171  31.5%     -   86s
     0     0 722367.695    0  354 1053083.94 722367.695  31.4%     -   88s
H    0     0                    1051274.5890 722368.260  31.3%     -   89s
H    0     0                    1051145.3889 722368.260  31.3%     -   89s
     0     0 722652.015    0  337 1051145.39 722652.015  31.3%     -   90s
     0     0 722683.391    0  363 1051145.39 722683.391  31.2%     -   90s
     0     0 722684.125    0  359 1051145.39 722684.125  31.2%     -   91s
     0     0 723848.040    0  373 1051145.39 723848.040  31.1%     -   93s
     0     0 723911.725    0  418 1051145.39 723911.725  31.1%     -   96s
     0     0 723957.883    0  402 1051145.39 723957.883  31.1%     -   96s
     0     0 723979.122    0  356 1051145.39 723979.122  31.1%     -   96s
     0     0 723979.186    0  355 1051145.39 723979.186  31.1%     -   97s
     0     0 724953.617    0  371 1051145.39 724953.617  31.0%     -   98s
     0     0 725198.105    0  413 1051145.39 725198.105  31.0%     -   99s
     0     0 725319.341    0  400 1051145.39 725319.341  31.0%     -  100s
     0     0 725327.430    0  398 1051145.39 725327.430  31.0%     -  100s
     0     0 725327.523    0  399 1051145.39 725327.523  31.0%     -  100s
     0     0 726525.729    0  435 1051145.39 726525.729  30.9%     -  102s
     0     0 727061.055    0  468 1051145.39 727061.055  30.8%     -  103s
     0     0 727224.797    0  455 1051145.39 727224.797  30.8%     -  104s
     0     0 727234.942    0  480 1051145.39 727234.942  30.8%     -  104s
     0     0 727260.494    0  525 1051145.39 727260.494  30.8%     -  104s
     0     0 727263.521    0  526 1051145.39 727263.521  30.8%     -  104s
     0     0 728543.581    0  464 1051145.39 728543.581  30.7%     -  106s
H    0     0                    1050745.6645 728544.164  30.7%     -  107s
H    0     0                    1049423.2909 728544.164  30.6%     -  109s
H    0     0                    1048748.2767 728544.164  30.5%     -  109s
     0     0 728930.068    0  478 1048748.28 728930.068  30.5%     -  111s
     0     0 729021.467    0  469 1048748.28 729021.467  30.5%     -  112s
     0     0 729042.839    0  491 1048748.28 729042.839  30.5%     -  112s
     0     0 729047.520    0  477 1048748.28 729047.520  30.5%     -  112s
     0     0 730566.387    0  343 1048748.28 730566.387  30.3%     -  115s
     0     0 731028.388    0  446 1048748.28 731028.388  30.3%     -  116s
     0     0 731099.197    0  461 1048748.28 731099.197  30.3%     -  116s
     0     0 731126.773    0  451 1048748.28 731126.773  30.3%     -  117s
     0     0 731137.614    0  450 1048748.28 731137.614  30.3%     -  117s
     0     0 731146.417    0  456 1048748.28 731146.417  30.3%     -  117s
     0     0 731147.514    0  455 1048748.28 731147.514  30.3%     -  117s
     0     0 732312.355    0  385 1048748.28 732312.355  30.2%     -  119s

Cutting planes:
  Learned: 10
  Gomory: 2
  Lift-and-project: 1
  Cover: 118
  Implied bound: 138
  Clique: 114
  MIR: 479
  Knapsack: 3
  StrongCG: 129
  Flow cover: 180
  GUB cover: 41
  Zero half: 2
  Network: 2
  RLT: 377
  Relax-and-lift: 76
  BQP: 14

Explored 1 nodes (66757 simplex iterations) in 120.02 seconds (143.00 work units)
Thread count was 24 (of 24 available processors)

Solution count 10: 1.04875e+06 1.04942e+06 1.05075e+06 ... 1.0884e+06

Time limit reached
Best objective 1.048748276654e+06, best bound 7.323396672109e+05, gap 30.1701%
