
Gurobi 13.0.2 (linux64, Python) logging started Thu Aug 13 21:21:27 2026

Set parameter LogToConsole to value 0
Set parameter Username
Set parameter LicenseID to value 2748191
Set parameter TimeLimit to value 120
Set parameter LogFile to value "output/bz_nbr7008_043/weighted_loss/retail_y_2__retail_v_4__rolled_leftover_4/period_4/gurobi.log"
Academic license - for non-commercial use only - expires 2026-12-01
Gurobi Optimizer version 13.0.2 build v13.0.2rc1 (linux64 - "Debian GNU/Linux 13 (trixie)")

CPU model: 13th Gen Intel(R) Core(TM) i7-13700HX, instruction set [SSE2|AVX|AVX2]
Thread count: 24 physical cores, 24 logical processors, using up to 24 threads

Non-default parameters:
TimeLimit  120
LogToConsole  0

Optimize a model with 207592 rows, 139297 columns and 725722 nonzeros (Min)
Model fingerprint: 0x767705a6
Model has 54680 linear objective coefficients and an objective constant of 4.3184669159999996e+05
Variable types: 114784 continuous, 24513 integer (24513 binary)
Coefficient statistics:
  Matrix range     [1e-03, 1e+04]
  Objective range  [1e+01, 3e+05]
  Bounds range     [1e+00, 1e+00]
  RHS range        [1e-01, 3e+04]

Presolve removed 126249 rows and 87701 columns
Presolve time: 3.52s
Presolved: 81343 rows, 51596 columns, 819219 nonzeros
Variable types: 33763 continuous, 17833 integer (17782 binary)
Deterministic concurrent LP optimizer: primal simplex, dual simplex, and barrier
Showing barrier log only...

Root barrier log...

Ordering time: 0.40s

Barrier statistics:
 Dense cols : 28
 AA' NZ     : 7.107e+06
 Factor NZ  : 1.208e+07 (roughly 140 MB of memory)
 Factor Ops : 3.408e+09 (less than 1 second per iteration)
 Threads    : 21

                  Objective                Residual
Iter       Primal          Dual         Primal    Dual     Compl     Time
   0  -2.95099736e+09 -1.39161784e+10  2.37e+06 1.84e+02  3.30e+06     5s
   1  -1.58825220e+09 -1.23590868e+10  1.49e+06 3.48e+02  1.82e+06     5s
   2  -6.19438975e+08 -9.89901791e+09  5.15e+05 7.61e+01  6.48e+05     5s
   3  -1.59931721e+08 -4.61117698e+09  1.40e+05 3.05e+00  1.74e+05     5s
   4  -7.36067722e+06 -1.33205995e+09  1.95e+04 2.05e-10  2.69e+04     5s
   5   1.25959163e+07 -6.20306535e+08  4.22e+03 1.37e-10  7.73e+03     5s
   6   1.58670775e+07 -2.69047709e+08  1.65e+03 1.03e-10  3.00e+03     5s
   7   1.65711331e+07 -6.79418339e+07  1.06e+03 4.14e-11  1.01e+03     5s
   8   1.56089677e+07 -4.32364029e+07  4.94e+02 2.23e-11  5.89e+02     5s
   9   1.39322053e+07 -2.52473764e+07  2.56e+02 1.46e-11  3.53e+02     6s
  10   1.21257318e+07 -1.74500258e+07  1.81e+02 1.83e-11  2.56e+02     6s
  11   1.06668538e+07 -1.39808933e+07  1.20e+02 1.67e-11  2.04e+02     6s
  12   7.06377329e+06 -9.32877493e+06  6.43e+01 1.36e-11  1.31e+02     6s
  13   6.25724673e+06 -7.50266505e+06  5.47e+01 2.20e-11  1.10e+02     6s
  14   3.77697693e+06 -2.69546276e+06  2.81e+01 1.64e-11  5.20e+01     6s
  15   2.45816897e+06 -1.33383740e+06  1.45e+01 2.63e-11  3.01e+01     6s
  16   2.00763515e+06 -1.05375423e+06  1.04e+01 1.89e-11  2.41e+01     6s
  17   1.69732633e+06 -5.92760120e+05  6.80e+00 3.06e-11  1.78e+01     6s
  18   1.46519938e+06  4.04618146e+04  4.25e+00 2.42e-11  1.12e+01     6s
  19   1.25887920e+06  3.16626882e+05  2.23e+00 2.02e-11  7.26e+00     6s
  20   1.15866390e+06  6.93350737e+05  1.34e+00 2.40e-11  3.67e+00     6s
  21   1.08117041e+06  8.48566176e+05  6.48e-01 1.71e-11  1.83e+00     6s
  22   1.02418388e+06  9.49245292e+05  1.07e-01 2.47e-11  5.57e-01     6s
  23   1.01412345e+06  9.68343391e+05  5.48e-02 2.09e-11  3.37e-01     6s
  24   1.01277850e+06  9.78007319e+05  4.85e-02 1.90e-11  2.58e-01     6s
  25   1.00727350e+06  9.89775338e+05  1.70e-02 2.00e-11  1.28e-01     6s
  26   1.00477761e+06  9.97650765e+05  8.06e-03 1.75e-11  5.22e-02     6s
  27   1.00348986e+06  9.99591670e+05  4.03e-03 2.08e-11  2.85e-02     6s
  28   1.00271021e+06  1.00046945e+06  2.12e-03 1.99e-11  1.63e-02     7s
  29   1.00234169e+06  1.00089224e+06  1.35e-03 3.28e-11  1.06e-02     7s
  30   1.00208584e+06  1.00108859e+06  8.21e-04 2.63e-11  7.24e-03     7s
  31   1.00201424e+06  1.00126143e+06  6.84e-04 2.44e-11  5.49e-03     7s
  32   1.00191177e+06  1.00130800e+06  4.92e-04 2.26e-11  4.39e-03     7s
  33   1.00179692e+06  1.00142923e+06  2.83e-04 2.80e-11  2.67e-03     7s
  34   1.00172922e+06  1.00152826e+06  1.69e-04 2.84e-11  1.46e-03     7s
  35   1.00169704e+06  1.00157387e+06  1.19e-04 2.33e-11  9.01e-04     7s
  36   1.00167713e+06  1.00158774e+06  8.76e-05 1.76e-11  6.54e-04     7s
  37   1.00164540e+06  1.00161019e+06  3.90e-05 1.96e-11  2.59e-04     7s
  38   1.00162466e+06  1.00161567e+06  9.31e-06 3.45e-11  6.60e-05     7s
  39   1.00161806e+06  1.00161710e+06  1.00e-06 1.73e-11  6.83e-06     7s
  40   1.00161779e+06  1.00161771e+06  1.67e-07 2.19e-11  5.50e-07     7s
  41   1.00161774e+06  1.00161773e+06  2.15e-06 2.05e-11  5.86e-08     7s
  42   1.00161773e+06  1.00161773e+06  1.22e-09 2.56e-11  3.51e-11     7s

Barrier solved model in 42 iterations and 7.36 seconds (13.72 work units)
Optimal objective 1.00161773e+06


Root crossover log...

   48236 DPushes remaining with DInf 4.8098557e-03                 7s
       0 DPushes remaining with DInf 0.0000000e+00                 8s

      63 PPushes remaining with PInf 0.0000000e+00                 8s
       0 PPushes remaining with PInf 0.0000000e+00                 8s

  Push phase complete: Pinf 0.0000000e+00, Dinf 6.4111014e-10      8s


Root simplex log...

Iteration    Objective       Primal Inf.    Dual Inf.      Time
   29245    1.0016177e+06   0.000000e+00   0.000000e+00      8s
Crossover time: 0.34 seconds (0.44 work units)
Concurrent spin time: 0.12s

Solved with barrier
   29245    1.0016177e+06   0.000000e+00   0.000000e+00      8s

Root relaxation: objective 1.001618e+06, 29245 iterations, 4.08 seconds (6.41 work units)

    Nodes    |    Current Node    |     Objective Bounds      |     Work
 Expl Unexpl |  Obj  Depth IntInf | Incumbent    BestBd   Gap | It/Node Time

     0     0 1001617.73    0  172          - 1001617.73      -     -    8s
     0     0 1001618.43    0  168          - 1001618.43      -     -    8s
H    0     0                    2440451.1422 1001618.43  59.0%     -    9s
H    0     0                    2346014.8253 1001618.43  57.3%     -    9s
H    0     0                    2136983.6521 1001618.43  53.1%     -    9s
H    0     0                    2096019.0182 1002799.94  52.2%     -   11s
H    0     0                    2046217.9628 1002799.94  51.0%     -   11s
H    0     0                    2041986.7800 1002799.94  50.9%     -   11s
H    0     0                    2038051.4332 1002799.94  50.8%     -   11s
H    0     0                    2037666.7964 1002799.94  50.8%     -   11s
H    0     0                    1957537.4306 1002799.94  48.8%     -   11s
H    0     0                    1950406.4304 1002799.94  48.6%     -   11s
     0     0 1002799.94    0  163 1950406.43 1002799.94  48.6%     -   11s
H    0     0                    1938280.9557 1002810.20  48.3%     -   12s
H    0     0                    1900538.9623 1002810.20  47.2%     -   12s
H    0     0                    1836796.9186 1002810.20  45.4%     -   12s
H    0     0                    1830842.9513 1002810.20  45.2%     -   12s
H    0     0                    1808877.7839 1002810.20  44.6%     -   12s
H    0     0                    1790647.1655 1002810.20  44.0%     -   13s
H    0     0                    1752842.5423 1002810.20  42.8%     -   13s
H    0     0                    1748349.7351 1002810.20  42.6%     -   13s
H    0     0                    1696958.3330 1002810.20  40.9%     -   13s
H    0     0                    1691823.6039 1002810.20  40.7%     -   13s
H    0     0                    1688816.3241 1002810.20  40.6%     -   13s
     0     0 1003557.52    0  162 1688816.32 1003557.52  40.6%     -   13s
     0     0 1008475.49    0  153 1688816.32 1008475.49  40.3%     -   15s
H    0     0                    1636736.1989 1008477.68  38.4%     -   16s
H    0     0                    1594941.9259 1008477.68  36.8%     -   16s
H    0     0                    1594567.4566 1008477.68  36.8%     -   16s
H    0     0                    1592413.2588 1008477.68  36.7%     -   16s
H    0     0                    1584855.8661 1008477.68  36.4%     -   17s
H    0     0                    1584770.7821 1008477.68  36.4%     -   17s
H    0     0                    1578166.5473 1008479.32  36.1%     -   28s
     0     0 1008737.13    0  149 1578166.55 1008737.13  36.1%     -   28s
     0     0 1008737.13    0  150 1578166.55 1008737.13  36.1%     -   28s
     0     0 1008766.06    0  173 1578166.55 1008766.06  36.1%     -   30s
     0     0 1008784.72    0  211 1578166.55 1008784.72  36.1%     -   30s
H    0     0                    1576902.8754 1008784.75  36.0%     -   30s
H    0     0                    1568908.2137 1008784.75  35.7%     -   31s
H    0     0                    1539566.3831 1008784.75  34.5%     -   31s
H    0     0                    1448627.2402 1008784.75  30.4%     -   31s
     0     0 1008788.97    0  206 1448627.24 1008788.97  30.4%     -   31s
     0     0 1015985.58    0  256 1448627.24 1015985.58  29.9%     -   36s
     0     0 1015985.58    0  247 1448627.24 1015985.58  29.9%     -   36s
     0     0 1016133.10    0  306 1448627.24 1016133.10  29.9%     -   37s
     0     0 1016133.43    0  287 1448627.24 1016133.43  29.9%     -   38s
     0     0 1019376.43    0  280 1448627.24 1019376.43  29.6%     -   40s
     0     0 1019380.20    0  279 1448627.24 1019380.20  29.6%     -   40s
H    0     0                    1443494.3347 1019380.30  29.4%     -   40s
H    0     0                    1428600.7415 1019380.30  28.6%     -   40s
H    0     0                    1428572.4005 1019380.30  28.6%     -   41s
H    0     0                    1425645.7242 1019380.30  28.5%     -   41s
H    0     0                    1423511.5397 1019380.30  28.4%     -   41s
H    0     0                    1416431.8559 1019380.30  28.0%     -   41s
H    0     0                    1413010.9868 1019380.30  27.9%     -   41s
     0     0 1020436.42    0  350 1413010.99 1020436.42  27.8%     -   41s
     0     0 1020677.27    0  325 1413010.99 1020677.27  27.8%     -   42s
     0     0 1020688.61    0  325 1413010.99 1020688.61  27.8%     -   42s
     0     0 1020689.76    0  296 1413010.99 1020689.76  27.8%     -   43s
     0     0 1024326.18    0  340 1413010.99 1024326.18  27.5%     -   45s
     0     0 1024351.64    0  326 1413010.99 1024351.64  27.5%     -   45s
     0     0 1024472.79    0  362 1413010.99 1024472.79  27.5%     -   46s
     0     0 1024501.94    0  356 1413010.99 1024501.94  27.5%     -   46s
     0     0 1024502.13    0  354 1413010.99 1024502.13  27.5%     -   46s
     0     0 1026240.04    0  363 1413010.99 1026240.04  27.4%     -   48s
H    0     0                    1412772.2609 1026393.40  27.3%     -   48s
H    0     0                    1411991.7376 1026393.40  27.3%     -   48s
     0     0 1027437.00    0  344 1411991.74 1027437.00  27.2%     -   49s
     0     0 1027531.52    0  387 1411991.74 1027531.52  27.2%     -   50s
     0     0 1027543.03    0  390 1411991.74 1027543.03  27.2%     -   50s
     0     0 1027543.19    0  393 1411991.74 1027543.19  27.2%     -   50s
     0     0 1031213.59    0  348 1411991.74 1031213.59  27.0%     -   52s
     0     0 1031264.22    0  351 1411991.74 1031264.22  27.0%     -   52s
     0     0 1032401.43    0  310 1411991.74 1032401.43  26.9%     -   52s
     0     0 1032654.10    0  344 1411991.74 1032654.10  26.9%     -   53s
     0     0 1032687.13    0  368 1411991.74 1032687.13  26.9%     -   53s
     0     0 1032695.57    0  339 1411991.74 1032695.57  26.9%     -   53s
     0     0 1032696.13    0  375 1411991.74 1032696.13  26.9%     -   53s
     0     0 1035762.67    0  311 1411991.74 1035762.67  26.6%     -   55s
H    0     0                    1402332.7230 1035762.99  26.1%     -   57s
     0     0 1036351.77    0  365 1402332.72 1036351.77  26.1%     -   58s
     0     0 1036373.76    0  348 1402332.72 1036373.76  26.1%     -   58s
     0     0 1036381.41    0  348 1402332.72 1036381.41  26.1%     -   59s
     0     0 1036383.94    0  377 1402332.72 1036383.94  26.1%     -   59s
     0     0 1040849.53    0  328 1402332.72 1040849.53  25.8%     -   60s
     0     0 1041291.82    0  354 1402332.72 1041291.82  25.7%     -   61s
     0     0 1041296.26    0  358 1402332.72 1041296.26  25.7%     -   61s
     0     0 1044022.56    0  319 1402332.72 1044022.56  25.6%     -   62s
H    0     0                    1397891.2583 1044023.10  25.3%     -   63s
     0     0 1044290.31    0  327 1397891.26 1044290.31  25.3%     -   63s
     0     0 1044497.94    0  397 1397891.26 1044497.94  25.3%     -   64s
     0     0 1044521.78    0  412 1397891.26 1044521.78  25.3%     -   64s
     0     0 1044587.80    0  361 1397891.26 1044587.80  25.3%     -   64s
     0     0 1044620.87    0  390 1397891.26 1044620.87  25.3%     -   65s
     0     0 1044623.04    0  365 1397891.26 1044623.04  25.3%     -   65s
     0     0 1046912.52    0  329 1397891.26 1046912.52  25.1%     -   66s
     0     0 1047100.63    0  340 1397891.26 1047100.63  25.1%     -   66s
     0     0 1047132.26    0  345 1397891.26 1047132.26  25.1%     -   66s
     0     0 1047146.08    0  346 1397891.26 1047146.08  25.1%     -   67s
     0     0 1047150.38    0  345 1397891.26 1047150.38  25.1%     -   67s
     0     0 1048929.31    0  313 1397891.26 1048929.31  25.0%     -   68s
H    0     0                    1397301.9978 1048932.57  24.9%     -   69s
H    0     0                    1393909.5106 1048932.57  24.7%     -   69s
     0     0 1049159.69    0  241 1393909.51 1049159.69  24.7%     -   70s
     0     0 1049199.36    0  293 1393909.51 1049199.36  24.7%     -   70s
     0     0 1049211.82    0  297 1393909.51 1049211.82  24.7%     -   70s
     0     0 1049219.84    0  291 1393909.51 1049219.84  24.7%     -   70s
     0     0 1050436.91    0  267 1393909.51 1050436.91  24.6%     -   72s
     0     0 1050600.24    0  273 1393909.51 1050600.24  24.6%     -   72s
     0     0 1050640.46    0  325 1393909.51 1050640.46  24.6%     -   72s
     0     0 1050647.34    0  328 1393909.51 1050647.34  24.6%     -   73s
     0     0 1051732.60    0  260 1393909.51 1051732.60  24.5%     -   74s
H    0     0                    1393815.5874 1051732.95  24.5%     -   74s
H    0     0                    1327924.6411 1051732.95  20.8%     -   75s
     0     0 1051827.60    0  306 1327924.64 1051827.60  20.8%     -   75s
     0     0 1051864.02    0  302 1327924.64 1051864.02  20.8%     -   75s
     0     0 1051874.15    0  269 1327924.64 1051874.15  20.8%     -   75s
     0     0 1051876.43    0  288 1327924.64 1051876.43  20.8%     -   76s
     0     0 1052342.46    0  257 1327924.64 1052342.46  20.8%     -   77s
     0     0 1052436.92    0  281 1327924.64 1052436.92  20.7%     -   77s
     0     0 1052476.01    0  290 1327924.64 1052476.01  20.7%     -   77s
     0     0 1052479.43    0  295 1327924.64 1052479.43  20.7%     -   77s
     0     0 1053615.30    0  275 1327924.64 1053615.30  20.7%     -   79s
H    0     0                    1326641.3263 1053615.47  20.6%     -   79s
H    0     0                    1324134.0873 1053615.47  20.4%     -   80s
H    0     0                    1321191.3275 1053615.47  20.3%     -   80s
     0     0 1053653.26    0  277 1321191.33 1053653.26  20.2%     -   80s
     0     0 1053664.24    0  294 1321191.33 1053664.24  20.2%     -   80s
     0     0 1053666.80    0  299 1321191.33 1053666.80  20.2%     -   80s
     0     0 1054126.73    0  302 1321191.33 1054126.73  20.2%     -   81s
     0     0 1054250.51    0  289 1321191.33 1054250.51  20.2%     -   82s
     0     0 1054250.51    0  316 1321191.33 1054250.51  20.2%     -   82s
     0     0 1054820.22    0  332 1321191.33 1054820.22  20.2%     -   83s
H    0     0                    1320985.9868 1054820.58  20.1%     -   84s
     0     0 1054925.19    0  299 1320985.99 1054925.19  20.1%     -   88s
     0     0 1054975.82    0  366 1320985.99 1054975.82  20.1%     -   89s
     0     0 1054975.82    0  366 1320985.99 1054975.82  20.1%     -   89s
     0     0 1054991.92    0  347 1320985.99 1054991.92  20.1%     -   89s
     0     0 1054993.32    0  325 1320985.99 1054993.32  20.1%     -   89s
     0     0 1055418.04    0  280 1320985.99 1055418.04  20.1%     -   90s
     0     0 1055476.42    0  302 1320985.99 1055476.42  20.1%     -   91s
     0     0 1055488.50    0  315 1320985.99 1055488.50  20.1%     -   91s
     0     0 1055951.11    0  233 1320985.99 1055951.11  20.1%     -   92s
     0     0 1056191.10    0  277 1320985.99 1056191.10  20.0%     -   93s
     0     0 1056200.95    0  270 1320985.99 1056200.95  20.0%     -   94s
     0     0 1056300.08    0  227 1320985.99 1056300.08  20.0%     -   95s
     0     0 1056379.25    0  240 1320985.99 1056379.25  20.0%     -   95s
     0     0 1056399.01    0  220 1320985.99 1056399.01  20.0%     -   95s
     0     0 1056400.50    0  227 1320985.99 1056400.50  20.0%     -   96s
     0     0 1056825.57    0  262 1320985.99 1056825.57  20.0%     -   96s
H    0     0                    1320980.0368 1056827.09  20.0%     -   97s
     0     0 1056913.34    0  240 1320980.04 1056913.34  20.0%     -   98s
     0     0 1056928.72    0  294 1320980.04 1056928.72  20.0%     -   98s
     0     0 1056946.82    0  299 1320980.04 1056946.82  20.0%     -   98s
     0     0 1056949.99    0  316 1320980.04 1056949.99  20.0%     -   98s
     0     0 1057866.72    0  271 1320980.04 1057866.72  19.9%     -  100s
     0     0 1058045.05    0  324 1320980.04 1058045.05  19.9%     -  100s
     0     0 1058457.12    0  336 1320980.04 1058457.12  19.9%     -  101s
     0     0 1058459.42    0  297 1320980.04 1058459.42  19.9%     -  101s
     0     0 1059207.71    0  351 1320980.04 1059207.71  19.8%     -  102s
     0     0 1059399.15    0  365 1320980.04 1059399.15  19.8%     -  104s
     0     0 1059420.53    0  397 1320980.04 1059420.53  19.8%     -  104s
     0     0 1059442.56    0  388 1320980.04 1059442.56  19.8%     -  104s
     0     0 1059444.26    0  375 1320980.04 1059444.26  19.8%     -  105s
     0     0 1060303.94    0  288 1320980.04 1060303.94  19.7%     -  106s
     0     0 1060323.52    0  292 1320980.04 1060323.52  19.7%     -  106s
     0     0 1060343.79    0  349 1320980.04 1060343.79  19.7%     -  106s
     0     0 1060349.71    0  340 1320980.04 1060349.71  19.7%     -  107s
     0     0 1061328.90    0  299 1320980.04 1061328.90  19.7%     -  109s
H    0     0                    1316266.2675 1061331.62  19.4%     -  110s
     0     0 1062434.06    0  279 1316266.27 1062434.06  19.3%     -  113s
     0     0 1062867.68    0  336 1316266.27 1062867.68  19.3%     -  114s
     0     0 1062952.83    0  353 1316266.27 1062952.83  19.2%     -  115s
     0     0 1062991.10    0  293 1316266.27 1062991.10  19.2%     -  115s
     0     0 1063006.83    0  310 1316266.27 1063006.83  19.2%     -  116s
     0     0 1063021.52    0  312 1316266.27 1063021.52  19.2%     -  116s
     0     0 1063056.37    0  303 1316266.27 1063056.37  19.2%     -  116s
     0     0 1063063.37    0  295 1316266.27 1063063.37  19.2%     -  116s
     0     0 1064616.74    0  324 1316266.27 1064616.74  19.1%     -  118s
     0     0          -    0      1316266.27 1064619.19  19.1%     -  120s

Cutting planes:
  Learned: 13
  Gomory: 41
  Cover: 138
  Implied bound: 376
  Clique: 78
  MIR: 575
  Knapsack: 6
  StrongCG: 137
  Flow cover: 210
  GUB cover: 48
  Zero half: 7
  Mod-K: 1
  Network: 2
  RLT: 375
  Relax-and-lift: 132
  BQP: 22

Explored 1 nodes (79957 simplex iterations) in 120.02 seconds (175.65 work units)
Thread count was 24 (of 24 available processors)

Solution count 10: 1.31627e+06 1.32098e+06 1.32099e+06 ... 1.3973e+06

Time limit reached
Best objective 1.316266267539e+06, best bound 1.064619193773e+06, gap 19.1182%
