
Gurobi 13.0.2 (linux64, Python) logging started Mon May 25 10:04:26 2026

Set parameter LogToConsole to value 0
Set parameter Username
Set parameter LicenseID to value 2748191
Set parameter TimeLimit to value 600
Set parameter LogFile to value "output/bz_nbr7008_095/period_1/gurobi.log"
Academic license - for non-commercial use only - expires 2026-12-01
Gurobi Optimizer version 13.0.2 build v13.0.2rc1 (linux64 - "Debian GNU/Linux 13 (trixie)")

CPU model: 13th Gen Intel(R) Core(TM) i7-13700HX, instruction set [SSE2|AVX|AVX2]
Thread count: 24 physical cores, 24 logical processors, using up to 24 threads

Non-default parameters:
TimeLimit  600
LogToConsole  0

Optimize a model with 7979 rows, 5533 columns and 21274 nonzeros (Min)
Model fingerprint: 0xf29938b2
Model has 2255 linear objective coefficients
Variable types: 4488 continuous, 1045 integer (1045 binary)
Coefficient statistics:
  Matrix range     [1e-02, 1e+04]
  Objective range  [1e+01, 1e+05]
  Bounds range     [1e+00, 1e+00]
  RHS range        [1e-01, 3e+04]

Presolve removed 5874 rows and 4037 columns
Presolve time: 0.05s
Presolved: 2105 rows, 1496 columns, 8525 nonzeros
Variable types: 957 continuous, 539 integer (517 binary)
Found heuristic solution: objective 963635.02869

Root relaxation: objective 3.182353e+05, 796 iterations, 0.01 seconds (0.02 work units)

    Nodes    |    Current Node    |     Objective Bounds      |     Work
 Expl Unexpl |  Obj  Depth IntInf | Incumbent    BestBd   Gap | It/Node Time

     0     0 318235.311    0   30 963635.029 318235.311  67.0%     -    0s
H    0     0                    858267.18515 318235.311  62.9%     -    0s
     0     0 318235.311    0   39 858267.185 318235.311  62.9%     -    0s
     0     0 318236.033    0   43 858267.185 318236.033  62.9%     -    0s
     0     0 318236.033    0   25 858267.185 318236.033  62.9%     -    0s
H    0     0                    852205.01867 318236.033  62.7%     -    0s
H    0     0                    845546.99374 318236.033  62.4%     -    0s
H    0     0                    842542.08844 318236.033  62.2%     -    0s
     0     0 318236.033    0   42 842542.088 318236.033  62.2%     -    0s
     0     0 318236.033    0   44 842542.088 318236.033  62.2%     -    0s
H    0     0                    736388.44539 318236.033  56.8%     -    0s
     0     0 318246.570    0   56 736388.445 318246.570  56.8%     -    0s
     0     0 318246.570    0   56 736388.445 318246.570  56.8%     -    0s
     0     0 318246.648    0   55 736388.445 318246.648  56.8%     -    0s
H    0     0                    731601.18711 318246.648  56.5%     -    0s
H    0     0                    518922.00865 318274.350  38.7%     -    0s
     0     0 318274.350    0   37 518922.009 318274.350  38.7%     -    0s
H    0     0                    515619.74643 318275.443  38.3%     -    0s
     0     0 318278.428    0   44 515619.746 318278.428  38.3%     -    0s
     0     0 318278.428    0   44 515619.746 318278.428  38.3%     -    0s
     0     0 318293.588    0   52 515619.746 318293.588  38.3%     -    0s
H    0     0                    515453.19289 318293.845  38.2%     -    0s
H    0     0                    505973.18006 318293.845  37.1%     -    0s
H    0     0                    505381.03037 318326.488  37.0%     -    0s
     0     0 318326.488    0   36 505381.030 318326.488  37.0%     -    0s
H    0     0                    493211.01747 318327.041  35.5%     -    0s
H    0     0                    488763.40784 318327.041  34.9%     -    0s
H    0     0                    488715.68927 318327.041  34.9%     -    0s
H    0     0                    481995.10128 318327.041  34.0%     -    0s
     0     0 318327.041    0   39 481995.101 318327.041  34.0%     -    0s
     0     0 318357.214    0   44 481995.101 318357.214  34.0%     -    0s
     0     0 318357.214    0   47 481995.101 318357.214  34.0%     -    0s
H    0     0                    409727.36707 318357.214  22.3%     -    0s
     0     0 320187.268    0   53 409727.367 320187.268  21.9%     -    0s
     0     0 321238.600    0   69 409727.367 321238.600  21.6%     -    0s
     0     0 321238.776    0   67 409727.367 321238.776  21.6%     -    0s
     0     0 328920.339    0   61 409727.367 328920.339  19.7%     -    0s
     0     0 328920.714    0   67 409727.367 328920.714  19.7%     -    0s
     0     0 328920.714    0   59 409727.367 328920.714  19.7%     -    0s
     0     0 328920.714    0   68 409727.367 328920.714  19.7%     -    0s
     0     0 328920.714    0   68 409727.367 328920.714  19.7%     -    0s
     0     0 328920.714    0   68 409727.367 328920.714  19.7%     -    0s
     0     0 328920.714    0   64 409727.367 328920.714  19.7%     -    0s
     0     2 328920.744    0   60 409727.367 328920.744  19.7%     -    0s
H   44    56                    409237.80819 328920.744  19.6%  33.5    0s
H   45    56                    409097.75980 328920.744  19.6%  35.2    0s
H   47    56                    408950.34817 328920.744  19.6%  36.9    0s
H  147   182                    404724.52046 328920.744  18.7%  40.9    0s
H  176   182                    382278.30382 328920.744  14.0%  43.0    0s
H  272   269                    377878.41275 328920.744  13.0%  46.2    0s
H  877   616                    371929.17420 328920.744  11.6%  36.6    1s
H  883   616                    371360.77510 328920.744  11.4%  36.6    1s
H  906   616                    370435.68889 328920.744  11.2%  36.2    1s
H 1970   992                    370153.71432 328920.844  11.1%  35.0    1s
H 4419  1796                    367685.96295 328927.188  10.5%  35.6    4s
  4556  1791 331997.819   24   62 367685.963 328927.188  10.5%  36.1    5s
 15115  3461 360178.499   44   52 367685.963 333846.594  9.20%  38.2   10s
 30668  5902 infeasible   42      367685.963 340654.354  7.35%  38.8   15s
 50939  8540 364397.408   25   64 367685.963 345004.237  6.17%  38.1   23s
 50964  8557 351485.847   37  153 367685.963 345004.237  6.17%  38.1   25s
 51039  8607 364397.408   25  200 367685.963 345004.237  6.17%  38.0   30s
 51105  8651 346328.411   41  187 367685.963 345004.237  6.17%  38.0   36s
 51145  8677 349848.345   35  191 367685.963 345004.237  6.17%  37.9   40s
 51191  8708 345022.120   32  209 367685.963 345004.237  6.17%  37.9   45s
 51222  8729 355689.734   40  174 367685.963 345004.237  6.17%  37.9   50s
 55013  9224 360419.870   43   61 367685.963 345004.237  6.17%  40.4   55s
 66669  9013     cutoff   41      367685.963 345004.237  6.17%  43.5   60s
 79816  8568 353484.842   43   52 367685.963 345050.441  6.16%  45.0   65s
 90007 10630 360462.863   57   39 367685.963 346131.398  5.86%  46.4   70s
*102094 12834              74    367103.53326 347174.044  5.43%  47.9   74s
 103085 13074     cutoff   45      367103.533 347343.839  5.38%  48.0   75s
 115370 15251 352452.221   43   31 367103.533 348155.093  5.16%  49.1   80s
H120216 15853                    367050.25635 348682.225  5.00%  49.3   84s
 121486 16135 349577.644   44   50 367050.256 348837.299  4.96%  49.4   85s
 130729 18290 355700.005   55   42 367050.256 349122.476  4.88%  50.4   90s
 143367 20102 360303.863   42   83 367050.256 349830.080  4.69%  51.2   96s
 150216 20831 361492.496   50   86 367050.256 350162.989  4.60%  51.5  100s
*152278 19436              47    365116.22343 350175.644  4.09%  51.6  100s
 163336 20255 351883.637   55   70 365116.223 350828.083  3.91%  51.8  105s
 173126 21233 infeasible   67      365116.223 351245.118  3.80%  52.1  110s
 185885 22176 360756.216   57   25 365116.223 351914.972  3.62%  52.3  115s
 195932 22710     cutoff   48      365116.223 352391.062  3.49%  52.5  120s
H201736 22540                    364966.30982 352598.277  3.39%  52.6  122s
 204365 22631 361091.816   52   64 364966.310 352801.201  3.33%  52.6  125s
 210929 22691 362092.393   61   49 364966.310 353241.186  3.21%  52.7  130s
H211395 19947                    362858.69205 353242.720  2.65%  52.7  130s
 221998 19843 355962.715   57   74 362858.692 353659.290  2.54%  52.9  135s
 232209 20004 infeasible   53      362858.692 354044.110  2.43%  53.3  140s
 242386 19416 354964.010   50   37 362858.692 354424.783  2.32%  53.5  146s
H244977 19400                    362847.96825 354455.798  2.31%  53.5  146s
H245064 18089                    362287.52767 354455.798  2.16%  53.5  147s
 250036 17168 356481.452   55   50 362287.528 354892.600  2.04%  53.6  150s
 260937 15837 360254.764   60   56 362287.528 355633.242  1.84%  53.5  155s
 271197 15011     cutoff   58      362287.528 356309.933  1.65%  53.5  160s
 281562 14110     cutoff   52      362287.528 356799.794  1.51%  53.5  166s
 289054 12912 359717.244   41   40 362287.528 357269.074  1.39%  53.6  170s
 298636 11289     cutoff   55      362287.528 357615.122  1.29%  53.6  175s
 306585  9995 358730.009   57   83 362287.528 358439.641  1.06%  53.7  180s
 317242  7336 359841.351   59   30 362287.528 359183.775  0.86%  53.7  186s
 325133  5172 360144.219   52   47 362287.528 360105.455  0.60%  53.5  190s
 335423  2602 360950.635   49   44 362287.528 360758.605  0.42%  53.4  195s
 345696     0     cutoff   67      362287.528 361864.766  0.12%  53.2  200s

Cutting planes:
  Gomory: 20
  Lift-and-project: 12
  Cover: 1366
  Implied bound: 128
  Projected implied bound: 12
  Clique: 10
  MIR: 683
  Mixing: 1
  StrongCG: 25
  Flow cover: 183
  GUB cover: 49
  Inf proof: 39
  Zero half: 103
  Network: 2
  RLT: 42
  Relax-and-lift: 113
  BQP: 1

Explored 345958 nodes (18393175 simplex iterations) in 200.39 seconds (229.47 work units)
Thread count was 24 (of 24 available processors)

Solution count 10: 362288 362848 362859 ... 370436

Optimal solution found (tolerance 1.00e-04)
Best objective 3.622875276740e+05, best bound 3.622875276740e+05, gap 0.0000%
