
Gurobi 13.0.2 (linux64, Python) logging started Sat Aug 22 14:12:27 2026

Set parameter LogToConsole to value 0
Set parameter Username
Set parameter LicenseID to value 2748191
Set parameter TimeLimit to value 120
Set parameter LogFile to value "output/bz_nbr7008_095/weighted_loss/retail_y_2__retail_v_4__retail_v_4__rolled_leftover_2/period_1/gurobi.log"
Academic license - for non-commercial use only - expires 2026-12-01
Gurobi Optimizer version 13.0.2 build v13.0.2rc1 (linux64 - "Debian GNU/Linux 13 (trixie)")

CPU model: 13th Gen Intel(R) Core(TM) i7-13700HX, instruction set [SSE2|AVX|AVX2]
Thread count: 24 physical cores, 24 logical processors, using up to 24 threads

Non-default parameters:
TimeLimit  120
LogToConsole  0

Optimize a model with 7979 rows, 5533 columns and 21274 nonzeros (Min)
Model fingerprint: 0x2f144db9
Model has 2255 linear objective coefficients
Variable types: 4488 continuous, 1045 integer (1045 binary)
Coefficient statistics:
  Matrix range     [1e-02, 1e+04]
  Objective range  [1e+01, 1e+05]
  Bounds range     [1e+00, 1e+00]
  RHS range        [1e-01, 3e+04]

Presolve removed 5874 rows and 4037 columns
Presolve time: 0.10s
Presolved: 2105 rows, 1496 columns, 8525 nonzeros
Variable types: 957 continuous, 539 integer (517 binary)
Found heuristic solution: objective 1193582.2471

Root relaxation: objective 3.182353e+05, 790 iterations, 0.01 seconds (0.02 work units)

    Nodes    |    Current Node    |     Objective Bounds      |     Work
 Expl Unexpl |  Obj  Depth IntInf | Incumbent    BestBd   Gap | It/Node Time

     0     0 318235.311    0   28 1193582.25 318235.311  73.3%     -    0s
H    0     0                    1091277.9552 318235.311  70.8%     -    0s
H    0     0                    1079228.2326 318235.311  70.5%     -    0s
     0     0 318235.311    0   44 1079228.23 318235.311  70.5%     -    0s
     0     0 318236.033    0   34 1079228.23 318236.033  70.5%     -    0s
     0     0 318236.033    0   34 1079228.23 318236.033  70.5%     -    0s
H    0     0                    468869.20803 318236.124  32.1%     -    0s
H    0     0                    456664.40237 318236.124  30.3%     -    0s
     0     0 318236.124    0   24 456664.402 318236.124  30.3%     -    0s
     0     0 318245.142    0   39 456664.402 318245.142  30.3%     -    0s
     0     0 318251.883    0   35 456664.402 318251.883  30.3%     -    0s
     0     0 318256.674    0   30 456664.402 318256.674  30.3%     -    0s
     0     0 318256.674    0   31 456664.402 318256.674  30.3%     -    0s
     0     0 318275.945    0   51 456664.402 318275.945  30.3%     -    0s
     0     0 318278.271    0   48 456664.402 318278.271  30.3%     -    0s
     0     0 318288.953    0   39 456664.402 318288.953  30.3%     -    0s
H    0     0                    452442.43706 318288.953  29.7%     -    0s
     0     0 318288.975    0   35 452442.437 318288.975  29.7%     -    0s
     0     0 318306.228    0   39 452442.437 318306.228  29.6%     -    0s
     0     0 318308.052    0   44 452442.437 318308.052  29.6%     -    0s
     0     0 318340.912    0   44 452442.437 318340.912  29.6%     -    0s
     0     0 318345.139    0   47 452442.437 318345.139  29.6%     -    0s
     0     0 318532.569    0   49 452442.437 318532.569  29.6%     -    0s
     0     0 318591.491    0   35 452442.437 318591.491  29.6%     -    0s
     0     0 320083.557    0   48 452442.437 320083.557  29.3%     -    0s
     0     0 320083.557    0   47 452442.437 320083.557  29.3%     -    0s
     0     0 322159.219    0   81 452442.437 322159.219  28.8%     -    0s
     0     0 322159.219    0   90 452442.437 322159.219  28.8%     -    0s
     0     0 323038.217    0   84 452442.437 323038.217  28.6%     -    0s
     0     0 323745.793    0   84 452442.437 323745.793  28.4%     -    0s
     0     0 323745.793    0   84 452442.437 323745.793  28.4%     -    0s
     0     0 328886.918    0   64 452442.437 328886.918  27.3%     -    0s
     0     0 328886.970    0   77 452442.437 328886.970  27.3%     -    0s
H    0     0                    450569.49342 328886.988  27.0%     -    0s
     0     0 328886.988    0   78 450569.493 328886.988  27.0%     -    0s
     0     0 328886.988    0   91 450569.493 328886.988  27.0%     -    0s
     0     0 328887.014    0   94 450569.493 328887.014  27.0%     -    0s
     0     0 328887.014    0   94 450569.493 328887.014  27.0%     -    0s
     0     0 328887.014    0   88 450569.493 328887.014  27.0%     -    0s
H    0     0                    434137.08132 328887.040  24.2%     -    0s
H    0     0                    432558.90313 328887.040  24.0%     -    0s
     0     2 328887.040    0   88 432558.903 328887.040  24.0%     -    0s
H    8    16                    417808.73092 328887.311  21.3%  77.1    0s
H   32    56                    416078.44501 328887.501  21.0%  60.7    1s
H  250   307                    406894.50004 328893.152  19.2%  45.2    1s
H  691   605                    405364.96895 328893.152  18.9%  30.5    1s
H  694   605                    396616.93038 328893.152  17.1%  30.5    1s
H  889   713                    387678.91870 328906.713  15.2%  29.3    1s
H 1856  1228                    387490.98127 328917.369  15.1%  27.9    2s
H 2444  1521                    387324.20573 328917.477  15.1%  27.6    2s
H 2551  1343                    382291.73458 328917.477  14.0%  27.7    2s
H 3218  1651                    381974.52171 328926.821  13.9%  28.8    2s
H 4091  1581                    375474.31291 328938.745  12.4%  28.2    3s
H 4095  1490                    375135.97330 328938.745  12.3%  28.1    3s
H 4097  1416                    371743.60617 328938.745  11.5%  28.1    3s
  4114  1428 371087.509   20   97 371743.606 328938.745  11.5%  28.0    5s
  4194  1481 358781.013   21  187 371743.606 329202.029  11.4%  27.5   10s
  4278  1538 361615.327   14  161 371743.606 329509.845  11.4%  30.6   15s
  4363  1597 358393.585   24  180 371743.606 330210.551  11.2%  32.2   20s
  4455  1659 341719.970   12   88 371743.606 330764.053  11.0%  33.6   25s
  5419  1928 335990.199   57   92 371743.606 330975.220  11.0%  41.3   30s
  7465  2110 357618.796   63   51 371743.606 331121.746  10.9%  49.4   35s
 14800  4346 350804.704   70   56 371743.606 332194.992  10.6%  59.4   40s
 22892  6909 346499.609   67   33 371743.606 334360.455  10.1%  61.7   45s
 32232  8983 361473.198   68   54 371743.606 340643.959  8.37%  60.1   50s
 47029 11312 370291.919   69   23 371743.606 343708.734  7.54%  58.6   55s
 50687 11678 358686.370   67   88 371743.606 344411.428  7.35%  58.1   62s
 50722 11701 353778.451   80  158 371743.606 344411.428  7.35%  58.1   65s
 50772 11735 357877.078   78  166 371743.606 344411.428  7.35%  58.0   70s
 50827 11771 369063.784   67  184 371743.606 344411.428  7.35%  58.0   75s
 50870 11800 362338.273   76  173 371743.606 344411.428  7.35%  57.9   80s
 50908 11825 347275.585   71  161 371743.606 344411.428  7.35%  57.9   85s
 52216 12089 361938.719   91   23 371743.606 344411.428  7.35%  58.5   90s
 56759 12005 364259.894   95   20 371743.606 344411.428  7.35%  59.6   95s
 61200 11892 356753.629   85   52 371743.606 344411.428  7.35%  60.3  100s
 64189 11596 344411.428   75   62 371743.606 344411.428  7.35%  60.1  105s
 67550 11385 infeasible   80      371743.606 344411.428  7.35%  59.9  110s
 71073 10752 357078.829   87   41 371743.606 344411.428  7.35%  59.6  115s
 74129 10217 371483.232   82   23 371743.606 344411.428  7.35%  59.3  120s

Cutting planes:
  Gomory: 10
  Lift-and-project: 1
  Cover: 160
  Implied bound: 36
  Projected implied bound: 12
  Clique: 3
  MIR: 452
  StrongCG: 17
  Flow cover: 170
  GUB cover: 36
  Inf proof: 4
  Zero half: 63
  Network: 3
  RLT: 37
  Relax-and-lift: 45
  BQP: 5

Explored 74742 nodes (4429977 simplex iterations) in 120.02 seconds (98.88 work units)
Thread count was 24 (of 24 available processors)

Solution count 10: 371744 375136 375474 ... 405365

Time limit reached
Best objective 3.717436061657e+05, best bound 3.444114281222e+05, gap 7.3524%
