
Gurobi 13.0.2 (linux64, Python) logging started Thu Aug 13 20:10:35 2026

Set parameter LogToConsole to value 0
Set parameter Username
Set parameter LicenseID to value 2748191
Set parameter TimeLimit to value 120
Set parameter LogFile to value "output/bz_nbr7008_075/weighted_loss/retail_y_2__retail_v_2__rolled_leftover_4/period_3/gurobi.log"
Academic license - for non-commercial use only - expires 2026-12-01
Gurobi Optimizer version 13.0.2 build v13.0.2rc1 (linux64 - "Debian GNU/Linux 13 (trixie)")

CPU model: 13th Gen Intel(R) Core(TM) i7-13700HX, instruction set [SSE2|AVX|AVX2]
Thread count: 24 physical cores, 24 logical processors, using up to 24 threads

Non-default parameters:
TimeLimit  120
LogToConsole  0

Optimize a model with 14359 rows, 9737 columns and 40273 nonzeros (Min)
Model fingerprint: 0xc10134b1
Model has 3255 linear objective coefficients and an objective constant of 198411.9545792
Variable types: 7936 continuous, 1801 integer (1801 binary)
Coefficient statistics:
  Matrix range     [1e-02, 8e+03]
  Objective range  [1e+01, 2e+05]
  Bounds range     [1e+00, 1e+00]
  RHS range        [4e-02, 2e+04]

Presolve removed 11397 rows and 7644 columns
Presolve time: 0.12s
Presolved: 2962 rows, 2093 columns, 14666 nonzeros
Variable types: 1347 continuous, 746 integer (745 binary)

Root relaxation: objective 2.588673e+05, 1594 iterations, 0.03 seconds (0.06 work units)

    Nodes    |    Current Node    |     Objective Bounds      |     Work
 Expl Unexpl |  Obj  Depth IntInf | Incumbent    BestBd   Gap | It/Node Time

     0     0 258867.311    0   79          - 258867.311      -     -    0s
     0     0 259001.919    0  107          - 259001.919      -     -    0s
     0     0 263480.702    0   39          - 263480.702      -     -    0s
     0     0 263480.702    0   35          - 263480.702      -     -    0s
H    0     0                    360910.58724 263482.123  27.0%     -    0s
     0     0 263482.273    0   50 360910.587 263482.273  27.0%     -    0s
     0     0 263482.373    0   50 360910.587 263482.373  27.0%     -    0s
     0     0 263492.571    0   54 360910.587 263492.571  27.0%     -    0s
     0     0 264152.975    0   86 360910.587 264152.975  26.8%     -    0s
     0     0 264152.989    0   86 360910.587 264152.989  26.8%     -    0s
     0     0 264266.211    0   38 360910.587 264266.211  26.8%     -    0s
     0     0 264773.482    0   55 360910.587 264773.482  26.6%     -    0s
     0     0 265194.061    0   51 360910.587 265194.061  26.5%     -    0s
     0     0 265324.802    0  103 360910.587 265324.802  26.5%     -    0s
     0     0 265324.802    0  103 360910.587 265324.802  26.5%     -    0s
     0     0 265324.916    0  114 360910.587 265324.916  26.5%     -    0s
     0     0 265494.465    0   51 360910.587 265494.465  26.4%     -    0s
H    0     0                    354101.73568 265494.719  25.0%     -    0s
     0     0 265544.960    0   55 354101.736 265544.960  25.0%     -    0s
     0     0 266038.938    0   96 354101.736 266038.938  24.9%     -    0s
     0     0 266039.584    0   93 354101.736 266039.584  24.9%     -    0s
     0     0 266062.567    0  100 354101.736 266062.567  24.9%     -    0s
     0     0 270052.348    0  105 354101.736 270052.348  23.7%     -    0s
     0     0 272566.300    0   57 354101.736 272566.300  23.0%     -    0s
H    0     0                    354069.90873 273766.529  22.7%     -    0s
     0     0 275262.685    0   66 354069.909 275262.685  22.3%     -    0s
     0     0 277659.302    0   67 354069.909 277659.302  21.6%     -    0s
     0     0 278599.183    0   74 354069.909 278599.183  21.3%     -    0s
     0     0 278599.183    0   83 354069.909 278599.183  21.3%     -    0s
     0     0 278599.183    0   86 354069.909 278599.183  21.3%     -    0s
     0     0 279341.891    0   78 354069.909 279341.891  21.1%     -    0s
     0     0 279882.723    0   96 354069.909 279882.723  21.0%     -    0s
     0     0 279884.509    0  100 354069.909 279884.509  21.0%     -    0s
     0     0 280497.397    0  106 354069.909 280497.397  20.8%     -    0s
H    0     0                    347245.72554 280505.421  19.2%     -    0s
     0     0 280637.794    0   96 347245.726 280637.794  19.2%     -    0s
     0     0 280689.045    0  108 347245.726 280689.045  19.2%     -    0s
     0     0 280689.049    0  113 347245.726 280689.049  19.2%     -    0s
     0     0 281070.857    0  112 347245.726 281070.857  19.1%     -    0s
     0     0 281083.154    0  124 347245.726 281083.154  19.1%     -    0s
     0     0 281434.546    0  133 347245.726 281434.546  19.0%     -    0s
     0     0 281451.676    0  139 347245.726 281451.676  18.9%     -    0s
     0     0 281490.525    0  149 347245.726 281490.525  18.9%     -    0s
     0     0 281531.316    0  144 347245.726 281531.316  18.9%     -    0s
     0     0 281538.377    0  128 347245.726 281538.377  18.9%     -    0s
     0     0 281538.534    0  128 347245.726 281538.534  18.9%     -    0s
     0     0 281626.977    0  113 347245.726 281626.977  18.9%     -    0s
     0     0 281707.781    0  124 347245.726 281707.781  18.9%     -    0s
     0     0 281717.240    0  116 347245.726 281717.240  18.9%     -    0s
     0     0 281726.340    0  141 347245.726 281726.340  18.9%     -    0s
     0     0 281727.938    0  145 347245.726 281727.938  18.9%     -    0s
     0     0 281902.634    0  121 347245.726 281902.634  18.8%     -    0s
H    0     0                    332968.03162 281907.107  15.3%     -    0s
     0     0 281961.877    0  113 332968.032 281961.877  15.3%     -    0s
     0     0 281981.247    0  125 332968.032 281981.247  15.3%     -    0s
     0     0 281987.374    0  125 332968.032 281987.374  15.3%     -    0s
     0     0 283084.318    0  132 332968.032 283084.318  15.0%     -    1s
     0     0 283319.913    0   72 332968.032 283319.913  14.9%     -    1s
     0     0 283336.870    0   83 332968.032 283336.870  14.9%     -    1s
     0     0 283345.693    0  108 332968.032 283345.693  14.9%     -    1s
     0     0 283345.695    0  119 332968.032 283345.695  14.9%     -    1s
     0     0 284058.760    0  132 332968.032 284058.760  14.7%     -    1s
     0     0 284402.285    0   81 332968.032 284402.285  14.6%     -    1s
     0     0 284402.285    0  100 332968.032 284402.285  14.6%     -    1s
     0     0 284402.285    0  108 332968.032 284402.285  14.6%     -    1s
     0     0 284402.285    0  109 332968.032 284402.285  14.6%     -    1s
     0     0 284402.285    0  120 332968.032 284402.285  14.6%     -    1s
     0     0 284402.285    0  101 332968.032 284402.285  14.6%     -    1s
     0     0 284546.868    0  110 332968.032 284546.868  14.5%     -    1s
     0     0 284548.004    0  145 332968.032 284548.004  14.5%     -    1s
     0     0 284654.948    0  123 332968.032 284654.948  14.5%     -    1s
     0     0 284662.720    0  147 332968.032 284662.720  14.5%     -    1s
     0     0 284663.033    0  150 332968.032 284663.033  14.5%     -    1s
     0     0 284664.710    0  138 332968.032 284664.710  14.5%     -    1s
     0     0 284673.279    0  153 332968.032 284673.279  14.5%     -    1s
     0     0 284673.279    0  161 332968.032 284673.279  14.5%     -    1s
     0     0 284673.279    0  158 332968.032 284673.279  14.5%     -    1s
     0     0 284673.279    0  158 332968.032 284673.279  14.5%     -    1s
     0     0 284673.279    0  158 332968.032 284673.279  14.5%     -    1s
     0     2 284673.279    0  158 332968.032 284673.279  14.5%     -    1s
H   55    80                    332962.65408 285960.965  14.1%   109    1s
H   60    80                    331941.87009 285960.965  13.9%   111    1s
H   62    80                    330530.23640 285960.965  13.5%   110    1s
H   70    80                    328942.92149 286004.978  13.1%   106    1s
H  268   293                    328938.56316 286004.978  13.1%  73.5    1s
H  810   608                    328933.18562 286513.071  12.9%  56.0    2s
* 3146   911              20    328908.67696 296288.225  9.92%  46.5    2s
H 3778   997                    328484.09631 296565.084  9.72%  45.6    2s
H 4752  1085                    328478.71877 297034.318  9.57%  44.5    3s
 10557  1493 infeasible   16      328478.719 298610.557  9.09%  44.3    5s
 17178  2280     cutoff   42      328478.719 299399.646  8.85%  44.4   10s
H19073  2716                    328478.71873 300210.739  8.61%  44.0   10s
 42678 10475     cutoff   28      328478.719 308673.393  6.03%  37.9   15s
 55084 12830 319727.531   35   45 328478.719 310158.500  5.58%  36.1   20s
 77108 15868 322486.144   41   66 328478.719 311888.577  5.05%  35.1   25s
 103201 18215 infeasible   29      328478.719 313730.021  4.49%  34.0   30s
 124642 18825 315340.166   33   75 328478.719 315092.147  4.08%  33.3   35s
 146320 18659 316748.733   35   63 328478.719 316272.818  3.72%  32.7   40s
 168949 17671     cutoff   39      328478.719 317527.447  3.33%  32.2   45s
 191152 16381     cutoff   48      328478.719 318704.112  2.98%  31.7   50s
 212803 14906 324196.100   37   54 328478.719 319853.566  2.63%  31.2   55s
 235426 12642 321348.330   38   35 328478.719 321044.173  2.26%  30.8   60s
 257310  9287 327234.819   48   26 328478.719 322476.489  1.83%  30.4   65s
 281078  3717 326192.792   30   44 328478.719 324834.000  1.11%  29.9   70s

Cutting planes:
  Learned: 15
  Gomory: 15
  Lift-and-project: 8
  Cover: 1103
  Implied bound: 55
  Projected implied bound: 11
  Clique: 3
  MIR: 299
  StrongCG: 17
  Flow cover: 123
  GUB cover: 35
  Inf proof: 24
  Zero half: 22
  Network: 2
  RLT: 22
  Relax-and-lift: 25
  BQP: 2

Explored 292911 nodes (8667435 simplex iterations) in 72.55 seconds (72.30 work units)
Thread count was 24 (of 24 available processors)

Solution count 10: 328479 328479 328479 ... 331942

Optimal solution found (tolerance 1.00e-04)
Best objective 3.284787187674e+05, best bound 3.284787187318e+05, gap 0.0000%
