
Gurobi 12.0.3 (win64, Python) logging started Thu May  7 18:28:11 2026

Set parameter LogToConsole to value 0
Set parameter Username
Set parameter LicenseID to value 2807357
Set parameter TimeLimit to value 120
Set parameter LogFile to value "output/bz_nbr7008_095/period_2/gurobi.log"
Academic license - for non-commercial use only - expires 2027-04-14
Gurobi Optimizer version 12.0.3 build v12.0.3rc0 (win64 - Windows 10.0 (19045.2))

CPU model: Intel(R) Core(TM) i7-7700HQ CPU @ 2.80GHz, instruction set [SSE2|AVX|AVX2]
Thread count: 4 physical cores, 8 logical processors, using up to 8 threads

Non-default parameters:
TimeLimit  120
LogToConsole  0

Optimize a model with 9081 rows, 6395 columns and 24125 nonzeros
Model fingerprint: 0xbe7d4577
Variable types: 5176 continuous, 1219 integer (1219 binary)
Coefficient statistics:
  Matrix range     [6e-03, 1e+04]
  Objective range  [5e+00, 1e+05]
  Bounds range     [1e+00, 1e+00]
  RHS range        [1e-01, 3e+04]
Presolve removed 6936 rows and 4859 columns
Presolve time: 0.16s
Presolved: 2145 rows, 1536 columns, 8491 nonzeros
Variable types: 969 continuous, 567 integer (545 binary)
Found heuristic solution: objective 399376.16088

Root relaxation: objective 2.105275e+04, 850 iterations, 0.03 seconds (0.02 work units)

    Nodes    |    Current Node    |     Objective Bounds      |     Work
 Expl Unexpl |  Obj  Depth IntInf | Incumbent    BestBd   Gap | It/Node Time

     0     0 21052.7508    0   27 399376.161 21052.7508  94.7%     -    0s
H    0     0                    359669.13784 21052.7508  94.1%     -    0s
H    0     0                    349824.84172 21052.8140  94.0%     -    0s
     0     0 21052.8140    0   28 349824.842 21052.8140  94.0%     -    0s
H    0     0                    301109.11125 21052.8140  93.0%     -    0s
H    0     0                    295271.18856 21052.8140  92.9%     -    0s
H    0     0                    151812.10041 21052.8140  86.1%     -    0s
     0     0 21052.8140    0   30 151812.100 21052.8140  86.1%     -    0s
H    0     0                    148516.24960 21052.8521  85.8%     -    0s
     0     0 21052.8521    0   33 148516.250 21052.8521  85.8%     -    0s
     0     0 21052.9138    0   39 148516.250 21052.9138  85.8%     -    0s
     0     0 21053.0283    0   47 148516.250 21053.0283  85.8%     -    0s
     0     0 21054.5076    0   49 148516.250 21054.5076  85.8%     -    0s
H    0     0                    141901.92871 21054.5121  85.2%     -    0s
     0     0 21054.5121    0   50 141901.929 21054.5121  85.2%     -    0s
     0     0 21054.5121    0   48 141901.929 21054.5121  85.2%     -    0s
H    0     0                    99800.519137 21054.5421  78.9%     -    0s
     0     0 21054.5421    0   57 99800.5191 21054.5421  78.9%     -    0s
     0     0 21057.5923    0   44 99800.5191 21057.5923  78.9%     -    0s
     0     0 21057.6045    0   44 99800.5191 21057.6045  78.9%     -    0s
     0     0 21064.3627    0   50 99800.5191 21064.3627  78.9%     -    0s
     0     0 21064.7827    0   51 99800.5191 21064.7827  78.9%     -    0s
     0     0 21068.1737    0   43 99800.5191 21068.1737  78.9%     -    0s
H    0     0                    91098.542236 21068.1864  76.9%     -    0s
     0     0 21068.8613    0   45 91098.5422 21068.8613  76.9%     -    0s
     0     0 21068.8613    0   48 91098.5422 21068.8613  76.9%     -    0s
     0     0 21097.3815    0   84 91098.5422 21097.3815  76.8%     -    0s
H    0     0                    79593.676142 21097.7305  73.5%     -    0s
     0     0 21097.7305    0   91 79593.6761 21097.7305  73.5%     -    0s
     0     0 21404.8057    0   61 79593.6761 21404.8057  73.1%     -    0s
     0     0 21483.4994    0   63 79593.6761 21483.4994  73.0%     -    0s
     0     0 22012.3954    0   73 79593.6761 22012.3954  72.3%     -    0s
     0     0 22689.1693    0   53 79593.6761 22689.1693  71.5%     -    0s
     0     0 22689.2211    0   61 79593.6761 22689.2211  71.5%     -    0s
     0     0 26357.4467    0   45 79593.6761 26357.4467  66.9%     -    1s
     0     0 26357.4467    0   39 79593.6761 26357.4467  66.9%     -    1s
     0     0 26357.4467    0   44 79593.6761 26357.4467  66.9%     -    1s
     0     0 26357.4467    0   33 79593.6761 26357.4467  66.9%     -    1s
     0     0 26357.4467    0   29 79593.6761 26357.4467  66.9%     -    1s
     0     0 26357.4467    0   41 79593.6761 26357.4467  66.9%     -    1s
     0     0 26357.4467    0   21 79593.6761 26357.4467  66.9%     -    1s
     0     0 26357.4467    0   39 79593.6761 26357.4467  66.9%     -    1s
     0     0 26357.4467    0   49 79593.6761 26357.4467  66.9%     -    1s
     0     0 26357.4467    0   27 79593.6761 26357.4467  66.9%     -    1s
     0     2 26357.4965    0   20 79593.6761 26357.4965  66.9%     -    1s
H   71    62                    76528.390508 26358.3758  65.6%  30.6    1s
H   77    62                    76094.599960 26358.3758  65.4%  29.7    1s
H  118   103                    72024.900866 26358.3758  63.4%  29.9    1s
H  130   103                    66000.326586 26358.3758  60.1%  30.6    1s
H  216   143                    62966.760940 26358.3758  58.1%  30.8    1s
H  247   157                    58046.929623 26358.3758  54.6%  32.3    1s
H 1590   597                    57596.840673 26364.5870  54.2%  37.1    3s
H 1754   619                    57356.527893 26367.5832  54.0%  37.6    3s
H 2022   683                    57219.647032 26368.8178  53.9%  37.8    4s
  2966   751 28459.2938    9   71 57219.6470 26922.1431  52.9%  38.9    5s
  7018   752 37256.6211   11   62 57219.6470 35000.5170  38.8%  46.7   10s
  9045   446 35000.5170   25   73 57219.6470 35000.5170  38.8%  46.0   15s
H10955   531                    57219.644881 35000.5170  38.8%  45.6   17s
 13004   711 39236.7694   30   49 57219.6449 35755.9652  37.5%  45.6   20s
 17000   896 infeasible   41      57219.6449 39695.9586  30.6%  43.9   25s
 23370   156 infeasible   38      57219.6449 49441.6697  13.6%  43.0   30s
 26907   235 55033.0553   45    7 57219.6449 55033.0553  3.82%  46.5   35s
 32604   412 55169.9362   41   16 57219.6449 55169.9362  3.58%  50.7   40s
 37677   278 56646.1813   38   14 57219.6449 55169.9362  3.58%  53.9   45s
 42456    76     cutoff   34      57219.6449 55410.2490  3.16%  56.9   50s

Cutting planes:
  Gomory: 3
  Lift-and-project: 20
  Cover: 166
  Implied bound: 32
  Projected implied bound: 17
  Clique: 2
  MIR: 220
  StrongCG: 24
  Flow cover: 70
  GUB cover: 14
  Inf proof: 15
  Zero half: 11
  Mod-K: 1
  Network: 10
  RLT: 27
  Relax-and-lift: 29
  BQP: 3

Explored 44532 nodes (2591647 simplex iterations) in 52.78 seconds (48.42 work units)
Thread count was 8 (of 8 available processors)

Solution count 10: 57219.6 57219.6 57356.5 ... 76528.4

Optimal solution found (tolerance 1.00e-04)
Best objective 5.721964703246e+04, best bound 5.721964488095e+04, gap 0.0000%
