
Gurobi 13.0.2 (linux64, Python) logging started Thu May 28 05:57:26 2026

Set parameter LogToConsole to value 0
Set parameter Username
Set parameter LicenseID to value 2748191
Set parameter TimeLimit to value 600
Set parameter LogFile to value "output/bz_nbr7008_043/period_2/gurobi.log"
Academic license - for non-commercial use only - expires 2026-12-01
Gurobi Optimizer version 13.0.2 build v13.0.2rc1 (linux64 - "Debian GNU/Linux 13 (trixie)")

CPU model: 13th Gen Intel(R) Core(TM) i7-13700HX, instruction set [SSE2|AVX|AVX2]
Thread count: 24 physical cores, 24 logical processors, using up to 24 threads

Non-default parameters:
TimeLimit  600
LogToConsole  0

Optimize a model with 204644 rows, 137054 columns and 716484 nonzeros (Min)
Model fingerprint: 0xa8b4c4ed
Model has 54500 linear objective coefficients and an objective constant of 87769.393692
Variable types: 112944 continuous, 24110 integer (24110 binary)
Coefficient statistics:
  Matrix range     [3e-03, 1e+04]
  Objective range  [1e+01, 1e+05]
  Bounds range     [1e+00, 1e+00]
  RHS range        [1e-01, 3e+04]

Presolve removed 123290 rows and 85512 columns
Presolve time: 3.34s
Presolved: 81354 rows, 51542 columns, 818010 nonzeros
Variable types: 33734 continuous, 17808 integer (17762 binary)
Deterministic concurrent LP optimizer: primal simplex, dual simplex, and barrier
Showing barrier log only...

Root barrier log...

Ordering time: 0.40s

Barrier statistics:
 Dense cols : 42
 AA' NZ     : 7.094e+06
 Factor NZ  : 1.207e+07 (roughly 140 MB of memory)
 Factor Ops : 3.406e+09 (less than 1 second per iteration)
 Threads    : 21

                  Objective                Residual
Iter       Primal          Dual         Primal    Dual     Compl     Time
   0  -7.03380662e+09 -1.13722501e+10  2.80e+06 2.73e+02  3.14e+06     5s
   1  -4.29374238e+09 -1.03435693e+10  1.76e+06 2.88e+02  1.73e+06     5s
   2  -1.57437672e+09 -8.58777773e+09  6.20e+05 6.37e+01  6.32e+05     5s
   3  -4.42078941e+08 -4.24618870e+09  1.74e+05 1.13e-10  1.76e+05     5s
   4  -4.28286261e+07 -1.08330367e+09  1.93e+04 2.03e-10  2.17e+04     5s
   5  -7.41036419e+06 -5.03583429e+08  6.33e+03 8.33e-11  7.63e+03     5s
   6   3.40352478e+06 -2.66049908e+08  2.35e+03 7.78e-11  3.18e+03     5s
   7   6.58427326e+06 -6.81735238e+07  1.17e+03 2.91e-11  9.34e+02     5s
   8   7.98750795e+06 -3.91848456e+07  6.01e+02 1.82e-11  5.15e+02     5s
   9   8.13554263e+06 -2.53490130e+07  2.30e+02 1.21e-11  2.97e+02     5s
  10   7.52439539e+06 -1.42999191e+07  1.32e+02 1.01e-11  1.83e+02     5s
  11   7.23184713e+06 -1.08449931e+07  1.02e+02 1.00e-11  1.48e+02     5s
  12   5.97101467e+06 -7.06418666e+06  6.93e+01 1.27e-11  1.05e+02     6s
  13   4.71075360e+06 -5.52927401e+06  4.26e+01 1.47e-11  8.02e+01     6s
  14   3.32900014e+06 -3.40855388e+06  2.34e+01 1.12e-11  5.18e+01     6s
  15   2.20388594e+06 -2.18285031e+06  1.22e+01 9.61e-12  3.32e+01     6s
  16   1.98473769e+06 -1.63621471e+06  1.04e+01 1.17e-11  2.76e+01     6s
  17   1.60938216e+06 -5.60626822e+05  6.74e+00 1.09e-11  1.68e+01     6s
  18   1.22780521e+06 -2.38843599e+05  3.11e+00 1.23e-11  1.10e+01     6s
  19   1.10040785e+06  2.22281972e+05  2.14e+00 1.14e-11  6.68e+00     6s
  20   1.01448958e+06  3.21320165e+05  1.49e+00 1.09e-11  5.23e+00     6s
  21   9.41943295e+05  5.98357645e+05  1.01e+00 1.19e-11  2.66e+00     6s
  22   8.57433918e+05  7.41732200e+05  3.74e-01 1.38e-11  8.95e-01     6s
  23   8.22242685e+05  7.51708101e+05  1.40e-01 1.23e-11  5.26e-01     6s
  24   8.21731912e+05  7.59551532e+05  1.30e-01 1.35e-11  4.65e-01     6s
  25   8.20706562e+05  7.60899048e+05  1.24e-01 1.53e-11  4.47e-01     6s
  26   8.19285711e+05  7.62866497e+05  1.14e-01 1.40e-11  4.21e-01     6s
  27   8.13653556e+05  7.80880221e+05  7.64e-02 1.09e-11  2.45e-01     6s
  28   8.06473258e+05  7.85393196e+05  3.64e-02 1.30e-11  1.55e-01     6s
  29   8.01739552e+05  7.89121787e+05  1.31e-02 1.31e-11  9.13e-02     6s
  30   8.00278723e+05  7.94585656e+05  7.36e-03 1.12e-11  4.14e-02     7s
  31   7.99371186e+05  7.95626986e+05  4.68e-03 1.32e-11  2.72e-02     7s
  32   7.98833594e+05  7.96455583e+05  3.06e-03 1.22e-11  1.73e-02     7s
  33   7.98471702e+05  7.96799475e+05  1.98e-03 1.42e-11  1.21e-02     7s
  34   7.98221959e+05  7.97103404e+05  1.31e-03 1.16e-11  8.11e-03     7s
  35   7.98118409e+05  7.97264639e+05  1.07e-03 1.52e-11  6.20e-03     7s
  36   7.98004901e+05  7.97450914e+05  8.13e-04 1.29e-11  4.04e-03     7s
  37   7.97907933e+05  7.97501342e+05  5.98e-04 9.95e-12  2.97e-03     7s
  38   7.97831923e+05  7.97564644e+05  4.20e-04 1.19e-11  1.96e-03     7s
  39   7.97672629e+05  7.97585062e+05  4.00e-05 1.14e-11  6.24e-04     7s
  40   7.97645817e+05  7.97632020e+05  8.68e-06 1.69e-11  9.88e-05     7s
  41   7.97641576e+05  7.97633388e+05  3.64e-06 1.52e-11  5.84e-05     7s
  42   7.97637767e+05  7.97636212e+05  3.30e-07 1.27e-11  1.10e-05     7s
  43   7.97637455e+05  7.97637236e+05  8.92e-08 1.64e-11  1.56e-06     7s
  44   7.97637449e+05  7.97637317e+05  2.23e-07 1.47e-11  9.30e-07     7s
  45   7.97637350e+05  7.97637336e+05  1.57e-07 1.32e-11  9.71e-08     8s
  46   7.97637344e+05  7.97637339e+05  1.87e-06 1.16e-11  2.68e-08     8s
  47   7.97637342e+05  7.97637339e+05  7.99e-06 1.21e-11  1.71e-08     8s

Barrier solved model in 47 iterations and 7.74 seconds (14.77 work units)
Optimal objective 7.97637342e+05


Root crossover log...

   45360 DPushes remaining with DInf 7.5223527e-04                 8s
       0 DPushes remaining with DInf 0.0000000e+00                 8s

      92 PPushes remaining with PInf 1.2789218e-02                 8s
       0 PPushes remaining with PInf 0.0000000e+00                 8s

  Push phase complete: Pinf 0.0000000e+00, Dinf 7.6235558e-02      8s


Root simplex log...

Iteration    Objective       Primal Inf.    Dual Inf.      Time
   30556    7.9763734e+05   0.000000e+00   7.623556e-02      8s
   30576    7.9763734e+05   0.000000e+00   0.000000e+00      8s
Crossover time: 0.47 seconds (0.68 work units)
Concurrent spin time: 0.36s

Solved with barrier
   30577    7.9763734e+05   0.000000e+00   0.000000e+00      9s

Extra simplex iterations after uncrush: 1

Root relaxation: objective 7.976373e+05, 30577 iterations, 5.03 seconds (7.80 work units)

    Nodes    |    Current Node    |     Objective Bounds      |     Work
 Expl Unexpl |  Obj  Depth IntInf | Incumbent    BestBd   Gap | It/Node Time

     0     0 797637.339    0  276          - 797637.339      -     -    9s
H    0     0                    2911087.9496 797637.339  72.6%     -    9s
H    0     0                    2888448.3890 797637.339  72.4%     -    9s
H    0     0                    2798534.6947 797637.339  71.5%     -    9s
H    0     0                    2793799.6969 797637.339  71.4%     -    9s
H    0     0                    2721750.2348 797637.339  70.7%     -    9s
H    0     0                    2657089.1480 797637.339  70.0%     -    9s
H    0     0                    2655560.6857 797637.339  70.0%     -    9s
H    0     0                    2646126.9391 797637.339  69.9%     -    9s
H    0     0                    2644727.9388 797637.339  69.8%     -   10s
H    0     0                    2644287.1236 797637.339  69.8%     -   10s
H    0     0                    2644058.6475 797637.339  69.8%     -   10s
H    0     0                    2642141.4711 797637.339  69.8%     -   10s
H    0     0                    2641771.2897 797637.339  69.8%     -   10s
H    0     0                    2639815.0299 797637.339  69.8%     -   10s
H    0     0                    2638846.8562 797637.339  69.8%     -   10s
H    0     0                    2637265.3308 797637.339  69.8%     -   10s
H    0     0                    2637152.6285 797637.339  69.8%     -   10s
H    0     0                    2636184.6814 797637.339  69.7%     -   10s
H    0     0                    2585473.6064 797637.339  69.1%     -   11s
H    0     0                    2568512.1878 797637.339  68.9%     -   11s
H    0     0                    1627604.0062 797637.339  51.0%     -   11s
H    0     0                    1601075.1267 797637.339  50.2%     -   11s
H    0     0                    1576284.0150 797637.339  49.4%     -   11s
H    0     0                    1502190.4691 797637.339  46.9%     -   11s
H    0     0                    1501712.1882 797637.339  46.9%     -   12s
H    0     0                    1499153.0944 797637.339  46.8%     -   12s
H    0     0                    1444232.8922 797637.339  44.8%     -   12s
H    0     0                    1425400.1813 797637.339  44.0%     -   13s
H    0     0                    1424229.2334 797637.339  44.0%     -   13s
H    0     0                    1421746.5724 797637.339  43.9%     -   13s
H    0     0                    1420575.6246 797637.339  43.9%     -   13s
     0     0 798877.329    0  245 1420575.62 798877.329  43.8%     -   19s
H    0     0                    1415919.5850 798923.481  43.6%     -   19s
H    0     0                    1410531.9048 798923.481  43.4%     -   19s
H    0     0                    1356131.9760 798923.481  41.1%     -   19s
H    0     0                    1355910.1974 798923.481  41.1%     -   20s
H    0     0                    1349771.3343 798923.481  40.8%     -   20s
H    0     0                    1340833.8415 798923.481  40.4%     -   20s
H    0     0                    1337738.0232 798923.481  40.3%     -   20s
H    0     0                    1336173.8273 798923.481  40.2%     -   20s
H    0     0                    1335823.2792 798923.481  40.2%     -   20s
H    0     0                    1291881.0290 798923.481  38.2%     -   20s
H    0     0                    1288874.2803 798923.481  38.0%     -   20s
H    0     0                    1288469.1875 798923.481  38.0%     -   20s
H    0     0                    1278775.3506 798923.481  37.5%     -   20s
H    0     0                    1278535.8297 798923.481  37.5%     -   20s
H    0     0                    1278068.2506 798923.481  37.5%     -   21s
H    0     0                    1272691.6448 798923.481  37.2%     -   21s
     0     0 799737.464    0  222 1272691.64 799737.464  37.2%     -   21s
     0     0 799739.998    0  200 1272691.64 799739.998  37.2%     -   22s
     0     0 802111.506    0  204 1272691.64 802111.506  37.0%     -   23s
     0     0 802111.912    0  204 1272691.64 802111.912  37.0%     -   24s
     0     0 803164.959    0  286 1272691.64 803164.959  36.9%     -   27s
     0     0 803194.419    0  258 1272691.64 803194.419  36.9%     -   28s
H    0     0                    1268002.5164 803194.718  36.7%     -   29s
H    0     0                    1259350.4343 803194.718  36.2%     -   29s
H    0     0                    1257229.3355 803194.718  36.1%     -   29s
     0     0 803206.447    0  259 1257229.34 803206.447  36.1%     -   29s
     0     0 803207.127    0  259 1257229.34 803207.127  36.1%     -   29s
     0     0 818971.471    0  225 1257229.34 818971.471  34.9%     -   34s
     0     0 819866.363    0  238 1257229.34 819866.363  34.8%     -   36s
     0     0 819870.872    0  236 1257229.34 819870.872  34.8%     -   36s
     0     0 819871.511    0  235 1257229.34 819871.511  34.8%     -   36s
     0     0 824359.663    0  315 1257229.34 824359.663  34.4%     -   39s
H    0     0                    1256582.7142 824360.969  34.4%     -   40s
H    0     0                    1255187.7321 824360.969  34.3%     -   41s
H    0     0                    1214060.0432 824360.969  32.1%     -   41s
H    0     0                    1213792.1850 824360.969  32.1%     -   41s
H    0     0                    1212545.6484 824360.969  32.0%     -   44s
H    0     0                    1211343.6377 824360.969  31.9%     -   45s
H    0     0                    1163274.0708 824360.969  29.1%     -   45s
H    0     0                    1158761.6782 824360.969  28.9%     -   45s
H    0     0                    1156152.4099 824360.969  28.7%     -   45s
H    0     0                    1149027.0757 824360.969  28.3%     -   46s
H    0     0                    1146719.6402 824360.969  28.1%     -   46s
H    0     0                    1146719.5132 824360.969  28.1%     -   46s
H    0     0                    1145780.8270 824360.969  28.1%     -   46s
     0     0 825366.107    0  339 1145780.83 825366.107  28.0%     -   48s
     0     0 825398.679    0  328 1145780.83 825398.679  28.0%     -   48s
     0     0 825398.981    0  325 1145780.83 825398.981  28.0%     -   48s
     0     0 825439.807    0  327 1145780.83 825439.807  28.0%     -   48s
     0     0 825509.307    0  384 1145780.83 825509.307  28.0%     -   48s
     0     0 825509.343    0  383 1145780.83 825509.343  28.0%     -   49s
     0     0 825518.811    0  357 1145780.83 825518.811  28.0%     -   49s
     0     0 830725.449    0  403 1145780.83 830725.449  27.5%     -   51s
     0     0 830725.455    0  401 1145780.83 830725.455  27.5%     -   51s
H    0     0                    1143273.9297 830725.752  27.3%     -   52s
H    0     0                    1141823.1736 830725.752  27.2%     -   52s
     0     0 831575.577    0  409 1141823.17 831575.577  27.2%     -   53s
     0     0 831735.065    0  391 1141823.17 831735.065  27.2%     -   54s
     0     0 831740.568    0  365 1141823.17 831740.568  27.2%     -   54s
     0     0 834101.568    0  414 1141823.17 834101.568  27.0%     -   57s
     0     0 834689.971    0  437 1141823.17 834689.971  26.9%     -   58s
     0     0 835128.105    0  430 1141823.17 835128.105  26.9%     -   59s
     0     0 835148.059    0  410 1141823.17 835148.059  26.9%     -   59s
     0     0 835153.553    0  414 1141823.17 835153.553  26.9%     -   59s
     0     0 836317.881    0  349 1141823.17 836317.881  26.8%     -   61s
     0     0 836485.966    0  433 1141823.17 836485.966  26.7%     -   62s
     0     0 836546.813    0  381 1141823.17 836546.813  26.7%     -   62s
     0     0 836561.330    0  422 1141823.17 836561.330  26.7%     -   62s
     0     0 836564.406    0  425 1141823.17 836564.406  26.7%     -   62s
     0     0 837334.542    0  450 1141823.17 837334.542  26.7%     -   64s
H    0     0                    1125636.5625 837338.180  25.6%     -   66s
H    0     0                    1125505.2922 837338.180  25.6%     -   66s
H    0     0                    1123678.5801 837338.180  25.5%     -   66s
H    0     0                    1123645.9347 837338.180  25.5%     -   70s
H    0     0                    1123185.5235 837338.180  25.4%     -   72s
     0     0 837470.083    0  467 1123185.52 837470.083  25.4%     -   72s
     0     0 837496.967    0  475 1123185.52 837496.967  25.4%     -   73s
     0     0 837505.123    0  476 1123185.52 837505.123  25.4%     -   73s
     0     0 837506.523    0  470 1123185.52 837506.523  25.4%     -   73s
     0     0 840777.816    0  407 1123185.52 840777.816  25.1%     -   75s
H    0     0                    1123154.7203 840778.059  25.1%     -   77s
H    0     0                    1123127.1736 840778.059  25.1%     -   77s
     0     0 841456.370    0  388 1123127.17 841456.370  25.1%     -   79s
     0     0 841519.174    0  413 1123127.17 841519.174  25.1%     -   79s
     0     0 841533.002    0  423 1123127.17 841533.002  25.1%     -   80s
     0     0 841533.443    0  419 1123127.17 841533.443  25.1%     -   80s
     0     0 842265.210    0  373 1123127.17 842265.210  25.0%     -   81s
     0     0 842392.803    0  371 1123127.17 842392.803  25.0%     -   82s
     0     0 842437.111    0  395 1123127.17 842437.111  25.0%     -   82s
     0     0 842481.681    0  416 1123127.17 842481.681  25.0%     -   82s
     0     0 842482.174    0  416 1123127.17 842482.174  25.0%     -   82s
     0     0 843239.619    0  362 1123127.17 843239.619  24.9%     -   83s
     0     0 843334.681    0  436 1123127.17 843334.681  24.9%     -   84s
     0     0 843335.190    0  434 1123127.17 843335.190  24.9%     -   84s
     0     0 843357.699    0  400 1123127.17 843357.699  24.9%     -   85s
     0     0 843361.110    0  416 1123127.17 843361.110  24.9%     -   85s
     0     0 843735.835    0  442 1123127.17 843735.835  24.9%     -   86s
     0     0 843879.972    0  431 1123127.17 843879.972  24.9%     -   87s
     0     0 843913.552    0  444 1123127.17 843913.552  24.9%     -   87s
     0     0 843934.871    0  445 1123127.17 843934.871  24.9%     -   88s
     0     0 843936.298    0  427 1123127.17 843936.298  24.9%     -   88s
     0     0 845986.860    0  497 1123127.17 845986.860  24.7%     -   90s
     0     0 845986.899    0  498 1123127.17 845986.899  24.7%     -   90s
     0     0 846943.200    0  485 1123127.17 846943.200  24.6%     -   92s
     0     0 847342.164    0  443 1123127.17 847342.164  24.6%     -   93s
     0     0 847582.159    0  469 1123127.17 847582.159  24.5%     -   94s
     0     0 847611.829    0  449 1123127.17 847611.829  24.5%     -   94s
     0     0 847615.693    0  490 1123127.17 847615.693  24.5%     -   94s
     0     0 850033.139    0  482 1123127.17 850033.139  24.3%     -   97s
     0     0 850452.434    0  598 1123127.17 850452.434  24.3%     -   98s
     0     0 850511.359    0  599 1123127.17 850511.359  24.3%     -   98s
     0     0 850522.668    0  545 1123127.17 850522.668  24.3%     -   98s
     0     0 850523.714    0  597 1123127.17 850523.714  24.3%     -   99s
     0     0 852069.425    0  492 1123127.17 852069.425  24.1%     -  102s
     0     0 852316.746    0  427 1123127.17 852316.746  24.1%     -  103s
     0     0 852373.421    0  493 1123127.17 852373.421  24.1%     -  104s
     0     0 852378.252    0  484 1123127.17 852378.252  24.1%     -  104s
     0     0 852998.059    0  597 1123127.17 852998.059  24.1%     -  106s
     0     0 853114.704    0  531 1123127.17 853114.704  24.0%     -  107s
     0     0 853137.660    0  528 1123127.17 853137.660  24.0%     -  107s
     0     0 853168.324    0  596 1123127.17 853168.324  24.0%     -  108s
     0     0 853192.493    0  508 1123127.17 853192.493  24.0%     -  108s
     0     0 853203.508    0  576 1123127.17 853203.508  24.0%     -  109s
     0     0 853239.938    0  599 1123127.17 853239.938  24.0%     -  109s
     0     0 853258.905    0  534 1123127.17 853258.905  24.0%     -  110s
     0     0 853261.587    0  576 1123127.17 853261.587  24.0%     -  110s
     0     0 855897.847    0  558 1123127.17 855897.847  23.8%     -  114s
H    0     0                    1122832.1959 856077.631  23.8%     -  116s
H    0     0                    1121998.2344 856077.631  23.7%     -  117s
H    0     0                    1121741.4770 856077.631  23.7%     -  117s
     0     0 856501.190    0  534 1121741.48 856501.190  23.6%     -  119s
     0     0 856648.560    0  552 1121741.48 856648.560  23.6%     -  120s
     0     0 856702.453    0  585 1121741.48 856702.453  23.6%     -  120s
     0     0 856703.426    0  588 1121741.48 856703.426  23.6%     -  120s
     0     0 856704.182    0  590 1121741.48 856704.182  23.6%     -  120s
     0     0 856704.464    0  578 1121741.48 856704.464  23.6%     -  120s
     0     0 856740.724    0  580 1121741.48 856740.724  23.6%     -  121s
     0     0 856741.116    0  613 1121741.48 856741.116  23.6%     -  121s
     0     0 856741.335    0  588 1121741.48 856741.335  23.6%     -  121s
     0     0 856741.353    0  588 1121741.48 856741.353  23.6%     -  121s
     0     0 856741.774    0  582 1121741.48 856741.774  23.6%     -  121s
     0     0 856765.705    0  574 1121741.48 856765.705  23.6%     -  121s
     0     0 856766.915    0  550 1121741.48 856766.915  23.6%     -  122s
     0     0 858247.337    0  497 1121741.48 858247.337  23.5%     -  125s
     0     0 858248.021    0  493 1121741.48 858248.021  23.5%     -  125s
H    0     0                    1121229.4669 858264.536  23.5%     -  128s
H    0     0                    1119468.8534 858264.536  23.3%     -  129s
     0     0 859094.064    0  421 1119468.85 859094.064  23.3%     -  137s
     0     0 859388.965    0  522 1119468.85 859388.965  23.2%     -  138s
     0     0 859535.744    0  479 1119468.85 859535.744  23.2%     -  139s
     0     0 859599.531    0  596 1119468.85 859599.531  23.2%     -  140s
     0     0 859601.305    0  554 1119468.85 859601.305  23.2%     -  140s
     0     0 859620.439    0  552 1119468.85 859620.439  23.2%     -  141s
     0     0 859620.439    0  553 1119468.85 859620.439  23.2%     -  141s
     0     0 861736.514    0  455 1119468.85 861736.514  23.0%     -  143s
     0     0 862246.434    0  439 1119468.85 862246.434  23.0%     -  145s
     0     0 862529.638    0  486 1119468.85 862529.638  23.0%     -  146s
     0     0 862615.511    0  498 1119468.85 862615.511  22.9%     -  147s
     0     0 862657.505    0  519 1119468.85 862657.505  22.9%     -  148s
     0     0 862664.765    0  470 1119468.85 862664.765  22.9%     -  148s
     0     0 863966.429    0  506 1119468.85 863966.429  22.8%     -  151s
     0     0 864261.357    0  489 1119468.85 864261.357  22.8%     -  152s
     0     0 864452.503    0  485 1119468.85 864452.503  22.8%     -  153s
     0     0 864491.609    0  488 1119468.85 864491.609  22.8%     -  153s
     0     0 864507.521    0  537 1119468.85 864507.521  22.8%     -  154s
     0     0 864511.127    0  518 1119468.85 864511.127  22.8%     -  154s
     0     0 866435.952    0  440 1119468.85 866435.952  22.6%     -  157s
     0     0 866438.895    0  432 1119468.85 866438.895  22.6%     -  157s
     0     0 866946.146    0  521 1119468.85 866946.146  22.6%     -  159s
     0     0 867297.035    0  570 1119468.85 867297.035  22.5%     -  161s
     0     0 867459.699    0  509 1119468.85 867459.699  22.5%     -  162s
     0     0 867542.351    0  497 1119468.85 867542.351  22.5%     -  163s
     0     0 867669.717    0  526 1119468.85 867669.717  22.5%     -  163s
     0     0 867679.092    0  526 1119468.85 867679.092  22.5%     -  164s
     0     0 868961.642    0  465 1119468.85 868961.642  22.4%     -  167s
     0     0 869173.412    0  424 1119468.85 869173.412  22.4%     -  168s
     0     0 869276.322    0  559 1119468.85 869276.322  22.3%     -  169s
     0     0 869290.916    0  548 1119468.85 869290.916  22.3%     -  170s
     0     0 869293.844    0  550 1119468.85 869293.844  22.3%     -  170s
     0     0 869915.748    0  504 1119468.85 869915.748  22.3%     -  173s
     0     0 870106.413    0  513 1119468.85 870106.413  22.3%     -  221s
     0     0 870199.327    0  476 1119468.85 870199.327  22.3%     -  223s
     0     0 870222.478    0  511 1119468.85 870222.478  22.3%     -  224s
     0     0 870231.957    0  523 1119468.85 870231.957  22.3%     -  224s
     0     0 870678.855    0  483 1119468.85 870678.855  22.2%     -  227s
H    0     0                    1117725.2062 870775.557  22.1%     -  228s
     0     0 870980.962    0  406 1117725.21 870980.962  22.1%     -  231s
     0     0 871070.898    0  460 1117725.21 871070.898  22.1%     -  232s
     0     0 871112.591    0  524 1117725.21 871112.591  22.1%     -  233s
     0     0 871178.490    0  526 1117725.21 871178.490  22.1%     -  234s
     0     0 871181.170    0  565 1117725.21 871181.170  22.1%     -  235s
     0     0 871540.320    0  483 1117725.21 871540.320  22.0%     -  237s
     0     0 871670.866    0  473 1117725.21 871670.866  22.0%     -  239s
     0     0 871716.478    0  507 1117725.21 871716.478  22.0%     -  239s
     0     0 871776.908    0  473 1117725.21 871776.908  22.0%     -  240s
     0     0 871801.098    0  541 1117725.21 871801.098  22.0%     -  240s
     0     0 871805.742    0  532 1117725.21 871805.742  22.0%     -  241s
     0     0 872715.971    0  490 1117725.21 872715.971  21.9%     -  243s
H    0     0                    1116752.9603 872716.216  21.9%     -  244s
H    0     0                    1116752.8979 872716.216  21.9%     -  245s
     0     0 872803.694    0  516 1116752.90 872803.694  21.8%     -  246s
     0     0 872823.466    0  497 1116752.90 872823.466  21.8%     -  247s
     0     0 872859.871    0  503 1116752.90 872859.871  21.8%     -  248s
     0     0 872873.501    0  482 1116752.90 872873.501  21.8%     -  248s
     0     0 873329.075    0  414 1116752.90 873329.075  21.8%     -  251s
     0     0 873403.778    0  505 1116752.90 873403.778  21.8%     -  252s
     0     0 873536.935    0  453 1116752.90 873536.935  21.8%     -  253s
     0     0 873634.396    0  452 1116752.90 873634.396  21.8%     -  254s
     0     0 873651.810    0  490 1116752.90 873651.810  21.8%     -  255s
     0     0 873657.557    0  492 1116752.90 873657.557  21.8%     -  255s
     0     0 873992.797    0  509 1116752.90 873992.797  21.7%     -  258s
H    0     0                    1116303.7911 873992.809  21.7%     -  259s
H    0     0                    1116303.1832 873992.809  21.7%     -  262s
     0     0 874084.444    0  526 1116303.18 874084.444  21.7%     -  268s
     0     0 874104.756    0  453 1116303.18 874104.756  21.7%     -  269s
     0     0 874134.836    0  527 1116303.18 874134.836  21.7%     -  269s
     0     0 874154.970    0  480 1116303.18 874154.970  21.7%     -  270s
     0     0 874162.065    0  488 1116303.18 874162.065  21.7%     -  270s
     0     0 874367.212    0  436 1116303.18 874367.212  21.7%     -  272s
     0     0 874392.458    0  450 1116303.18 874392.458  21.7%     -  274s
     0     0 874430.719    0  368 1116303.18 874430.719  21.7%     -  275s
     0     0 874431.417    0  362 1116303.18 874431.417  21.7%     -  276s
     0     0 874613.861    0  432 1116303.18 874613.861  21.7%     -  278s
H    0     0                    1116065.8784 874614.053  21.6%     -  279s
H    0     0                    1116064.8428 874614.053  21.6%     -  279s
H    0     0                    1115807.5179 874614.053  21.6%     -  279s
H    0     0                    1115097.5733 874614.053  21.6%     -  279s
H    0     0                    1115097.0769 874614.053  21.6%     -  279s
     0     0 874701.110    0  442 1115097.08 874701.110  21.6%     -  281s
     0     0 874736.018    0  528 1115097.08 874736.018  21.6%     -  282s
     0     0 874773.489    0  565 1115097.08 874773.489  21.6%     -  282s
     0     0 874774.899    0  557 1115097.08 874774.899  21.6%     -  282s
     0     0 874920.004    0  560 1115097.08 874920.004  21.5%     -  284s
     0     0 874984.603    0  579 1115097.08 874984.603  21.5%     -  286s
     0     0 874984.674    0  589 1115097.08 874984.674  21.5%     -  286s
     0     0 874998.409    0  605 1115097.08 874998.409  21.5%     -  287s
     0     0 875122.169    0  604 1115097.08 875122.169  21.5%     -  289s
H    0     0                    1115096.9680 875122.173  21.5%     -  290s
H    0     0                    1115096.5376 875122.173  21.5%     -  290s
H    0     0                    1114992.6411 875122.173  21.5%     -  290s
H    0     0                    1114991.6054 875122.173  21.5%     -  290s
     0     0 875224.812    0  585 1114991.61 875224.812  21.5%     -  292s
     0     0 875243.188    0  621 1114991.61 875243.188  21.5%     -  293s
     0     0 875245.212    0  630 1114991.61 875245.212  21.5%     -  293s
     0     0 875321.420    0  513 1114991.61 875321.420  21.5%     -  295s
     0     0 875364.681    0  526 1114991.61 875364.681  21.5%     -  297s
     0     0 875367.364    0  553 1114991.61 875367.364  21.5%     -  297s
     0     0 875569.970    0  622 1114991.61 875569.970  21.5%     -  299s
H    0     0                    1109343.0306 875571.252  21.1%     -  300s
     0     0 875672.735    0  556 1109343.03 875672.735  21.1%     -  302s
     0     0 875824.489    0  544 1109343.03 875824.489  21.1%     -  303s
     0     0 875842.313    0  630 1109343.03 875842.313  21.0%     -  304s
     0     0 875853.896    0  691 1109343.03 875853.896  21.0%     -  305s
     0     0 876138.514    0  513 1109343.03 876138.514  21.0%     -  307s
     0     0 876184.299    0  600 1109343.03 876184.299  21.0%     -  308s
     0     0 876220.351    0  563 1109343.03 876220.351  21.0%     -  309s
     0     0 876230.328    0  626 1109343.03 876230.328  21.0%     -  310s
     0     0 876456.647    0  612 1109343.03 876456.647  21.0%     -  312s
H    0     0                    1107936.1136 876457.425  20.9%     -  313s
H    0     0                    1106857.9877 876457.425  20.8%     -  313s
H    0     0                    1105761.1530 876457.425  20.7%     -  313s
H    0     0                    1104898.9249 876457.425  20.7%     -  313s
H    0     0                    1104780.3421 876457.425  20.7%     -  314s
     0     0 876505.104    0  628 1104780.34 876505.104  20.7%     -  315s
     0     0 876532.399    0  630 1104780.34 876532.399  20.7%     -  316s
     0     0 876533.263    0  603 1104780.34 876533.263  20.7%     -  316s
     0     0 876599.993    0  529 1104780.34 876599.993  20.7%     -  318s
     0     0 876607.655    0  575 1104780.34 876607.655  20.7%     -  318s
     0     0 876607.810    0  574 1104780.34 876607.810  20.7%     -  318s
     0     0 876658.274    0  539 1104780.34 876658.274  20.6%     -  320s
     0     0 876660.344    0  541 1104780.34 876660.344  20.6%     -  320s
     0     0 876660.344    0  541 1104780.34 876660.344  20.6%     -  320s
     0     0 876660.344    0  517 1104780.34 876660.344  20.6%     -  321s
H    0     0                    1104740.5545 876660.366  20.6%     -  372s
H    0     0                    1103678.9984 876660.366  20.6%     -  375s
     0     2 876660.366    0  517 1103679.00 876660.366  20.6%     -  387s
     3     8 877342.113    2  517 1103679.00 876667.949  20.6%   612  391s
H    7    16                    1103672.5774 877342.729  20.5%  1255  396s
H   11    16                    1097850.8978 877342.729  20.1%  1297  396s
    15    32 877404.814    4  502 1097850.90 877357.407  20.1%  1570  408s
H   17    32                    1097844.4768 877357.407  20.1%  1525  408s
    31    56 877405.904    5  502 1097844.48 877404.838  20.1%  2676  422s
H   36    56                    1097767.0216 877404.838  20.1%  2494  422s
H   37    56                    1097120.5238 877404.838  20.0%  2475  422s
    55   124 877551.173    6  579 1097120.52 877406.156  20.0%  2330  440s
H  123   151                    1097080.9269 877406.156  20.0%  1545  450s
H  124   151                    1096962.9878 877406.156  20.0%  1541  450s
H  139   151                    1096937.7098 877406.156  20.0%  1453  450s
H  149   151                    1096745.8370 877406.156  20.0%  1377  450s
   150   217 877819.139   10  548 1096745.84 877406.156  20.0%  1372  464s
   216   261 877912.699   15  515 1096745.84 877406.156  20.0%  1193  476s
H  248   261                    1096588.3010 877406.156  20.0%  1204  476s
   260   284 877960.313   16  522 1096588.30 877406.156  20.0%  1176  486s
H  270   284                    1096582.8202 877406.156  20.0%  1174  486s
H  272   284                    1096564.7876 877406.156  20.0%  1168  486s
   284   312 877976.137   17  548 1096564.79 877406.156  20.0%  1163  496s
H  299   312                    1096564.7875 877406.156  20.0%  1151  496s
   312   372 878054.356   18  528 1096564.79 877406.156  20.0%  1130  510s
   376   428 878076.161   20  550 1096564.79 877406.156  20.0%  1062  522s
   432   497 878083.515   22  581 1096564.79 877406.156  20.0%  1008  533s
   501   552 878155.493   25  489 1096564.79 877406.156  20.0%   951  543s
   556   623 878167.644   27  525 1096564.79 877406.156  20.0%   906  552s
   629   647 878210.418   30  466 1096564.79 877406.156  20.0%   852  557s
   653   711 878282.663   31  492 1096564.79 877406.156  20.0%   839  565s
H  660   711                    1096539.5096 877406.156  20.0%   834  565s
   717   769 878303.549   32  433 1096539.51 877406.156  20.0%   791  573s
   775   793 878316.368   35  461 1096539.51 877406.156  20.0%   765  584s
H  779   793                    1096205.4222 877406.156  20.0%   763  584s
   799   864 878331.596   36  445 1096205.42 877406.156  20.0%   763  598s
   870   876 878505.460   41  511 1096205.42 877406.156  20.0%   752  600s

Cutting planes:
  Learned: 11
  Gomory: 13
  Lift-and-project: 131
  Cover: 178
  Implied bound: 675
  Clique: 115
  MIR: 757
  Knapsack: 11
  StrongCG: 190
  Flow cover: 322
  GUB cover: 58
  Zero half: 1
  Network: 5
  RLT: 450
  Relax-and-lift: 74
  BQP: 12

Explored 882 nodes (826618 simplex iterations) in 600.06 seconds (881.31 work units)
Thread count was 24 (of 24 available processors)

Solution count 10: 1.09621e+06 1.09654e+06 1.09656e+06 ... 1.09712e+06

Time limit reached
Best objective 1.096205422229e+06, best bound 8.774061564102e+05, gap 19.9597%
