
Gurobi 13.0.2 (linux64, Python) logging started Sat Aug 22 16:18:49 2026

Set parameter LogToConsole to value 0
Set parameter Username
Set parameter LicenseID to value 2748191
Set parameter TimeLimit to value 120
Set parameter LogFile to value "output/bz_nbr7008_095/weighted_loss/retail_y_4__retail_v_2__retail_v_2__rolled_leftover_4/period_5/gurobi.log"
Academic license - for non-commercial use only - expires 2026-12-01
Gurobi Optimizer version 13.0.2 build v13.0.2rc1 (linux64 - "Debian GNU/Linux 13 (trixie)")

CPU model: 13th Gen Intel(R) Core(TM) i7-13700HX, instruction set [SSE2|AVX|AVX2]
Thread count: 24 physical cores, 24 logical processors, using up to 24 threads

Non-default parameters:
TimeLimit  120
LogToConsole  0

Optimize a model with 9213 rows, 6480 columns and 24488 nonzeros (Min)
Model fingerprint: 0xe131062a
Model has 2327 linear objective coefficients and an objective constant of 3.0143882532000003e+04
Variable types: 5248 continuous, 1232 integer (1232 binary)
Coefficient statistics:
  Matrix range     [1e-02, 1e+04]
  Objective range  [1e+01, 2e+05]
  Bounds range     [1e+00, 1e+00]
  RHS range        [1e-01, 3e+04]

Presolve removed 7096 rows and 4971 columns
Presolve time: 0.08s
Presolved: 2117 rows, 1509 columns, 8507 nonzeros
Variable types: 966 continuous, 543 integer (521 binary)

Root relaxation: objective 3.560218e+05, 910 iterations, 0.01 seconds (0.02 work units)

    Nodes    |    Current Node    |     Objective Bounds      |     Work
 Expl Unexpl |  Obj  Depth IntInf | Incumbent    BestBd   Gap | It/Node Time

     0     0 356021.820    0   28          - 356021.820      -     -    0s
     0     0 356030.440    0   33          - 356030.440      -     -    0s
     0     0 356030.440    0   37          - 356030.440      -     -    0s
     0     0 356030.440    0   45          - 356030.440      -     -    0s
     0     0 356030.440    0   21          - 356030.440      -     -    0s
     0     0 356031.285    0   33          - 356031.285      -     -    0s
H    0     0                    623556.64705 356031.285  42.9%     -    0s
H    0     0                    601417.54263 356031.285  40.8%     -    0s
     0     0 356031.285    0   41 601417.543 356031.285  40.8%     -    0s
     0     0 356031.285    0   30 601417.543 356031.285  40.8%     -    0s
     0     0 356031.285    0   44 601417.543 356031.285  40.8%     -    0s
H    0     0                    591619.73680 356031.285  39.8%     -    0s
H    0     0                    591177.74157 356031.285  39.8%     -    0s
H    0     0                    585998.29078 356031.285  39.2%     -    0s
H    0     0                    582725.00632 356031.285  38.9%     -    0s
H    0     0                    488787.44288 356051.111  27.2%     -    0s
     0     0 356051.111    0   62 488787.443 356051.111  27.2%     -    0s
     0     0 356051.111    0   62 488787.443 356051.111  27.2%     -    0s
     0     0 356051.111    0   47 488787.443 356051.111  27.2%     -    0s
H    0     0                    480623.79481 356051.111  25.9%     -    0s
     0     0 356051.111    0   40 480623.795 356051.111  25.9%     -    0s
     0     0 356054.394    0   60 480623.795 356054.394  25.9%     -    0s
     0     0 356056.872    0   49 480623.795 356056.872  25.9%     -    0s
     0     0 356056.872    0   49 480623.795 356056.872  25.9%     -    0s
     0     0 356072.468    0   44 480623.795 356072.468  25.9%     -    0s
H    0     0                    478016.27823 356073.083  25.5%     -    0s
H    0     0                    473197.53610 356073.083  24.8%     -    0s
     0     0 356083.677    0   42 473197.536 356083.677  24.7%     -    0s
     0     0 356083.677    0   43 473197.536 356083.677  24.7%     -    0s
     0     0 356119.003    0   46 473197.536 356119.003  24.7%     -    0s
     0     0 356121.379    0   47 473197.536 356121.379  24.7%     -    0s
     0     0 356159.365    0   43 473197.536 356159.365  24.7%     -    0s
     0     0 356161.077    0   69 473197.536 356161.077  24.7%     -    0s
     0     0 356165.830    0   66 473197.536 356165.830  24.7%     -    0s
H    0     0                    470993.43021 358044.654  24.0%     -    0s
     0     0 358044.654    0   45 470993.430 358044.654  24.0%     -    0s
     0     0 366127.591    0   77 470993.430 366127.591  22.3%     -    0s
     0     0 366129.713    0   80 470993.430 366129.713  22.3%     -    0s
     0     0 379129.738    0   74 470993.430 379129.738  19.5%     -    0s
     0     0 379129.741    0   76 470993.430 379129.741  19.5%     -    0s
     0     0 379129.862    0   86 470993.430 379129.862  19.5%     -    0s
     0     0 379129.884    0   99 470993.430 379129.884  19.5%     -    0s
     0     0 379129.981    0  131 470993.430 379129.981  19.5%     -    0s
     0     0 379129.982    0  131 470993.430 379129.982  19.5%     -    0s
     0     0 379129.982    0  125 470993.430 379129.982  19.5%     -    0s
     0     2 379129.982    0  125 470993.430 379129.982  19.5%     -    1s
H   91   104                    467465.77006 379131.216  18.9%  64.5    1s
H  646   545                    462675.60016 379132.064  18.1%  36.4    1s
H  690   545                    462297.35710 379132.064  18.0%  36.0    1s
H 1437   848                    457780.47056 379140.662  17.2%  33.6    1s
H 1505   856                    449560.72780 379140.662  15.7%  33.6    2s
H 3171  1347                    449410.81419 379161.257  15.6%  32.6    3s
H 3761  1489                    449351.52686 379167.130  15.6%  32.9    4s
  5923  1973 394791.341   17  125 449351.527 379172.326  15.6%  32.6    6s
H 5937  1882                    421161.66370 379172.326  10.0%  32.5    6s
H 5937  1788                    420625.38300 379172.326  9.86%  32.5    6s
H 5937  1698                    420089.10230 379172.326  9.74%  32.5    6s
H 5953  1623                    419613.96864 379172.326  9.64%  32.5    8s
H 6041  1592                    415678.25691 379172.326  8.78%  34.4    9s
H 6146  1571                    409286.56221 379172.326  7.36%  35.0    9s
H 6263  1531                    408975.02137 379172.326  7.29%  35.2    9s
  6284  1615     cutoff   24      408975.021 379172.326  7.29%  35.3   10s
H 7253  1452                    406916.78701 379172.326  6.82%  36.4   10s
H 8107  1239                    406601.99351 379181.954  6.74%  38.2   13s
  9176   904 381578.008   28   67 406601.994 379210.527  6.74%  41.2   15s
H 9297   798                    406601.99345 379210.527  6.74%  41.8   15s
H11687   631                    403908.78521 380798.313  5.72%  47.9   19s
 13145   543     cutoff   23      403908.785 383115.141  5.15%  48.3   20s

Cutting planes:
  Learned: 1
  Gomory: 8
  Lift-and-project: 10
  Cover: 126
  Implied bound: 48
  Projected implied bound: 13
  Clique: 13
  MIR: 696
  StrongCG: 24
  Flow cover: 119
  GUB cover: 43
  Inf proof: 19
  Zero half: 19
  Network: 5
  RLT: 48
  Relax-and-lift: 41
  BQP: 5

Explored 17051 nodes (821625 simplex iterations) in 21.66 seconds (16.13 work units)
Thread count was 24 (of 24 available processors)

Solution count 10: 403909 406602 406602 ... 420625

Optimal solution found (tolerance 1.00e-04)
Best objective 4.039087852104e+05, best bound 4.039087852103e+05, gap 0.0000%
