
Gurobi 13.0.2 (linux64, Python) logging started Wed May 27 22:56:07 2026

Set parameter LogToConsole to value 0
Set parameter Username
Set parameter LicenseID to value 2748191
Set parameter TimeLimit to value 600
Set parameter LogFile to value "output/bf_sae1006_050/period_1/gurobi.log"
Academic license - for non-commercial use only - expires 2026-12-01
Gurobi Optimizer version 13.0.2 build v13.0.2rc1 (linux64 - "Debian GNU/Linux 13 (trixie)")

CPU model: 13th Gen Intel(R) Core(TM) i7-13700HX, instruction set [SSE2|AVX|AVX2]
Thread count: 24 physical cores, 24 logical processors, using up to 24 threads

Non-default parameters:
TimeLimit  600
LogToConsole  0

Optimize a model with 2366 rows, 1728 columns and 5772 nonzeros (Min)
Model fingerprint: 0xa5beb080
Model has 690 linear objective coefficients
Variable types: 1368 continuous, 360 integer (360 binary)
Coefficient statistics:
  Matrix range     [1e-02, 1e+04]
  Objective range  [1e+01, 2e+05]
  Bounds range     [1e+00, 1e+00]
  RHS range        [1e-01, 2e+04]

Presolve removed 1668 rows and 1212 columns
Presolve time: 0.02s
Presolved: 698 rows, 516 columns, 2256 nonzeros
Variable types: 342 continuous, 174 integer (174 binary)
Found heuristic solution: objective 735868.50350
Found heuristic solution: objective 669310.42335

Root relaxation: objective 1.493768e+05, 250 iterations, 0.00 seconds (0.00 work units)

    Nodes    |    Current Node    |     Objective Bounds      |     Work
 Expl Unexpl |  Obj  Depth IntInf | Incumbent    BestBd   Gap | It/Node Time

     0     0 149376.793    0   17 669310.423 149376.793  77.7%     -    0s
H    0     0                    276501.03179 149376.793  46.0%     -    0s
     0     0 149427.023    0   28 276501.032 149427.023  46.0%     -    0s
H    0     0                    261517.50883 149439.833  42.9%     -    0s
H    0     0                    260358.32602 149439.833  42.6%     -    0s
     0     0 150420.725    0   34 260358.326 150420.725  42.2%     -    0s
H    0     0                    239681.04336 150425.429  37.2%     -    0s
H    0     0                    238825.30331 150425.429  37.0%     -    0s
     0     0 150425.429    0   34 238825.303 150425.429  37.0%     -    0s
     0     0 150451.512    0   34 238825.303 150451.512  37.0%     -    0s
     0     0 152615.042    0   28 238825.303 152615.042  36.1%     -    0s
     0     0 152737.411    0   27 238825.303 152737.411  36.0%     -    0s
     0     0 152737.411    0   27 238825.303 152737.411  36.0%     -    0s
     0     0 154123.855    0   44 238825.303 154123.855  35.5%     -    0s
     0     0 154238.871    0   33 238825.303 154238.871  35.4%     -    0s
     0     0 154238.871    0   42 238825.303 154238.871  35.4%     -    0s
     0     0 154238.871    0   45 238825.303 154238.871  35.4%     -    0s
     0     0 154238.871    0   53 238825.303 154238.871  35.4%     -    0s
     0     0 154238.871    0   43 238825.303 154238.871  35.4%     -    0s
     0     0 154238.871    0   58 238825.303 154238.871  35.4%     -    0s
     0     0 155642.084    0   49 238825.303 155642.084  34.8%     -    0s
     0     0 164013.586    0   49 238825.303 164013.586  31.3%     -    0s
     0     0 164013.586    0   49 238825.303 164013.586  31.3%     -    0s
H    0     0                    233066.78489 164013.586  29.6%     -    0s
H    0     0                    232706.36614 164013.586  29.5%     -    0s
     0     2 164013.586    0   49 232706.366 164013.586  29.5%     -    0s
H   45    32                    229261.25557 164013.586  28.5%  21.7    0s
H  112    66                    228405.51552 164013.586  28.2%  19.8    0s
H  159    66                    226640.74854 164013.586  27.6%  20.8    0s

Cutting planes:
  Learned: 13
  Gomory: 3
  Cover: 17
  Implied bound: 28
  Clique: 2
  MIR: 25
  Flow cover: 27
  GUB cover: 7
  Zero half: 1
  RLT: 7
  Relax-and-lift: 4

Explored 527 nodes (7403 simplex iterations) in 0.29 seconds (0.19 work units)
Thread count was 24 (of 24 available processors)

Solution count 10: 226641 228406 229261 ... 276501

Optimal solution found (tolerance 1.00e-04)
Best objective 2.266407485379e+05, best bound 2.266407485379e+05, gap 0.0000%
