
Gurobi 13.0.2 (linux64, Python) logging started Thu May 28 13:26:15 2026

Set parameter LogToConsole to value 0
Set parameter Username
Set parameter LicenseID to value 2748191
Set parameter TimeLimit to value 600
Set parameter LogFile to value "output/bz_nbr7008_043/period_5/gurobi.log"
Academic license - for non-commercial use only - expires 2026-12-01
Gurobi Optimizer version 13.0.2 build v13.0.2rc1 (linux64 - "Debian GNU/Linux 13 (trixie)")

CPU model: 13th Gen Intel(R) Core(TM) i7-13700HX, instruction set [SSE2|AVX|AVX2]
Thread count: 24 physical cores, 24 logical processors, using up to 24 threads

Non-default parameters:
TimeLimit  600
LogToConsole  0

Optimize a model with 197536 rows, 131868 columns and 693314 nonzeros (Min)
Model fingerprint: 0x78eb429a
Model has 108 linear objective coefficients
Variable types: 108680 continuous, 23188 integer (23188 binary)
Coefficient statistics:
  Matrix range     [1e-02, 1e+04]
  Objective range  [3e+04, 7e+04]
  Bounds range     [1e+00, 1e+00]
  RHS range        [1e-01, 5e+04]

Presolve removed 116027 rows and 80375 columns
Presolve time: 3.32s
Presolved: 81509 rows, 51493 columns, 812789 nonzeros
Variable types: 33707 continuous, 17786 integer (17742 binary)
Deterministic concurrent LP optimizer: primal simplex, dual simplex, and barrier
Showing barrier log only...

Root barrier log...

Ordering time: 0.43s

Barrier statistics:
 Dense cols : 44
 AA' NZ     : 7.069e+06
 Factor NZ  : 1.214e+07 (roughly 140 MB of memory)
 Factor Ops : 3.436e+09 (less than 1 second per iteration)
 Threads    : 21

                  Objective                Residual
Iter       Primal          Dual         Primal    Dual     Compl     Time
   0   2.05651552e+08 -3.15892725e+09  3.59e+06 1.42e+01  1.11e+06     5s
   1   2.42127180e+08 -2.95623944e+09  2.26e+06 7.73e+01  6.11e+05     5s
   2   6.10267735e+07 -2.57169698e+09  7.64e+05 1.77e+01  2.15e+05     5s
   3   2.13195783e+07 -1.40301758e+09  2.15e+05 4.72e-01  6.21e+04     5s
   4   6.63989782e+06 -4.24405508e+08  2.17e+04 3.52e-11  7.63e+03     5s
   5   5.21739999e+06 -1.67257331e+08  4.56e+03 2.52e-11  2.05e+03     5s
   6   4.92877350e+06 -7.20248760e+07  1.60e+03 9.52e-12  7.62e+02     5s
   7   4.87131867e+06 -1.97014665e+07  1.07e+03 7.16e-12  2.65e+02     5s
   8   4.63762636e+06 -1.12712134e+07  5.19e+02 5.00e-12  1.52e+02     5s
   9   3.95236801e+06 -5.91498371e+06  2.41e+02 3.47e-12  8.51e+01     5s
  10   3.49643579e+06 -4.33895569e+06  1.59e+02 3.61e-12  6.49e+01     5s
  11   2.74082365e+06 -2.93192612e+06  1.01e+02 3.02e-12  4.58e+01     5s
  12   1.94867932e+06 -1.59016482e+06  5.20e+01 3.47e-12  2.78e+01     6s
  13   1.57072689e+06 -7.59913078e+05  3.07e+01 3.05e-12  1.81e+01     6s
  14   1.51308326e+06 -3.29570507e+05  2.72e+01 3.42e-12  1.45e+01     6s
  15   1.36826363e+06  2.57237301e+05  1.82e+01 4.70e-12  8.91e+00     6s
  16   1.26426149e+06  4.37054797e+05  1.19e+01 4.05e-12  6.57e+00     6s
  17   1.18546791e+06  6.17516320e+05  7.54e+00 5.64e-12  4.50e+00     6s
  18   1.14195807e+06  7.76098240e+05  5.23e+00 6.54e-12  2.93e+00     6s
  19   1.10021913e+06  9.45124237e+05  3.00e+00 5.77e-12  1.30e+00     6s
  20   1.06221303e+06  9.72724968e+05  1.19e+00 3.80e-12  7.11e-01     6s
  21   1.05173133e+06  1.00603610e+06  7.85e-01 3.35e-12  3.73e-01     6s
  22   1.03898681e+06  1.01947002e+06  2.81e-01 4.40e-12  1.54e-01     6s
  23   1.03393347e+06  1.02560405e+06  1.08e-01 4.94e-12  6.48e-02     6s
  24   1.03235582e+06  1.02781597e+06  5.79e-02 6.56e-12  3.52e-02     6s
  25   1.03195345e+06  1.02922537e+06  4.59e-02 4.42e-12  2.17e-02     6s
  26   1.03150619e+06  1.02971082e+06  3.36e-02 3.76e-12  1.45e-02     6s
  27   1.03075327e+06  1.02987103e+06  1.29e-02 4.26e-12  6.92e-03     6s
  28   1.03057493e+06  1.03002401e+06  8.11e-03 4.63e-12  4.32e-03     6s
  29   1.03043153e+06  1.03012160e+06  4.49e-03 4.78e-12  2.43e-03     6s
  30   1.03037291e+06  1.03015576e+06  3.18e-03 4.95e-12  1.70e-03     7s
  31   1.03037305e+06  1.03016804e+06  3.13e-03 3.85e-12  1.61e-03     7s
  32   1.03030405e+06  1.03019489e+06  1.58e-03 4.73e-12  8.55e-04     7s
  33   1.03026102e+06  1.03021741e+06  6.64e-04 6.02e-12  3.44e-04     7s
  34   1.03025530e+06  1.03021984e+06  5.47e-04 3.67e-12  2.80e-04     7s
  35   1.03024434e+06  1.03022411e+06  3.26e-04 5.40e-12  1.61e-04     7s
  36   1.03022833e+06  1.03022647e+06  1.73e-05 6.76e-12  1.42e-05     7s
  37   1.03022700e+06  1.03022696e+06  6.31e-07 7.17e-12  2.66e-07     7s
  38   1.03022697e+06  1.03022697e+06  6.62e-09 7.77e-12  1.05e-10     7s

Barrier solved model in 38 iterations and 6.98 seconds (13.04 work units)
Optimal objective 1.03022697e+06


Root crossover log...

   42090 DPushes remaining with DInf 5.9847541e-02                 7s
       0 DPushes remaining with DInf 7.6024713e-03                 7s

     172 PPushes remaining with PInf 3.4581360e-02                 7s
       0 PPushes remaining with PInf 0.0000000e+00                 7s

  Push phase complete: Pinf 0.0000000e+00, Dinf 1.6003956e+02      7s


Root simplex log...

Iteration    Objective       Primal Inf.    Dual Inf.      Time
   28805    1.0302270e+06   0.000000e+00   1.600396e+02      7s
   29442    1.0302270e+06   0.000000e+00   0.000000e+00      7s
Crossover time: 0.45 seconds (0.69 work units)
Concurrent spin time: 0.00s

Solved with barrier
   29442    1.0302270e+06   0.000000e+00   0.000000e+00      7s

Root relaxation: objective 1.030227e+06, 29442 iterations, 3.91 seconds (6.17 work units)

    Nodes    |    Current Node    |     Objective Bounds      |     Work
 Expl Unexpl |  Obj  Depth IntInf | Incumbent    BestBd   Gap | It/Node Time

     0     0 1030226.97    0  145          - 1030226.97      -     -    7s
H    0     0                    1440550.0860 1030226.97  28.5%     -    8s
H    0     0                    1436158.3060 1030226.97  28.3%     -    8s
H    0     0                    1379961.5872 1030226.97  25.3%     -    8s
H    0     0                    1379156.1806 1030226.97  25.3%     -    8s
H    0     0                    1371963.1062 1030226.97  24.9%     -    8s
H    0     0                    1367781.1477 1030226.97  24.7%     -    8s
H    0     0                    1364284.5829 1030226.97  24.5%     -    8s
H    0     0                    1363389.3677 1030226.97  24.4%     -    8s
H    0     0                    1362063.6567 1030226.97  24.4%     -    8s
H    0     0                    1358982.8301 1030226.97  24.2%     -    8s
H    0     0                    1352743.3696 1030226.97  23.8%     -    8s
H    0     0                    1352380.8620 1030226.97  23.8%     -    8s
H    0     0                    1349662.5430 1030226.97  23.7%     -    8s
H    0     0                    1348198.9034 1030226.97  23.6%     -    8s
H    0     0                    1296375.7510 1030226.97  20.5%     -    9s
H    0     0                    1293473.5006 1030226.97  20.4%     -    9s
H    0     0                    1239302.5499 1030226.97  16.9%     -    9s
H    0     0                    1239204.3945 1030226.97  16.9%     -    9s
H    0     0                    1182989.5752 1030226.97  12.9%     -    9s
H    0     0                    1170899.1121 1030226.97  12.0%     -   10s
H    0     0                    1162976.6010 1030226.97  11.4%     -   10s
H    0     0                    1158742.7203 1030226.97  11.1%     -   10s
H    0     0                    1148928.8291 1030260.05  10.3%     -   12s
H    0     0                    1148452.0433 1030260.05  10.3%     -   12s
     0     0 1030260.05    0  170 1148452.04 1030260.05  10.3%     -   12s
H    0     0                    1145772.1973 1030260.09  10.1%     -   13s
H    0     0                    1145653.6775 1030260.09  10.1%     -   13s
H    0     0                    1142080.2249 1030260.09  9.79%     -   13s
H    0     0                    1137536.0367 1030260.09  9.43%     -   13s
H    0     0                    1134024.0253 1030260.09  9.15%     -   13s
H    0     0                    1127745.2060 1030264.93  8.64%     -   13s
H    0     0                    1122392.8428 1030264.93  8.21%     -   13s
     0     0 1030264.93    0  176 1122392.84 1030264.93  8.21%     -   13s
     0     0 1030296.67    0  205 1122392.84 1030296.67  8.21%     -   15s
     0     0 1030297.15    0  201 1122392.84 1030297.15  8.21%     -   15s
     0     0 1030297.28    0  197 1122392.84 1030297.28  8.21%     -   15s
     0     0 1030297.31    0  173 1122392.84 1030297.31  8.21%     -   15s
H    0     0                    1118860.6863 1030297.63  7.92%     -   19s
     0     0 1030297.63    0  195 1118860.69 1030297.63  7.92%     -   19s
     0     0 1036021.70    0  206 1118860.69 1036021.70  7.40%     -   23s
H    0     0                    1117185.2684 1036021.70  7.27%     -   24s
H    0     0                    1116604.9167 1036021.70  7.22%     -   24s
H    0     0                    1108585.9538 1036021.70  6.55%     -   24s
     0     0 1036444.74    0  270 1108585.95 1036444.74  6.51%     -   25s
     0     0 1036444.74    0  267 1108585.95 1036444.74  6.51%     -   25s
     0     0 1036444.74    0  259 1108585.95 1036444.74  6.51%     -   25s
H    0     0                    1108281.3802 1041689.33  6.01%     -   29s
H    0     0                    1107676.3257 1041689.33  5.96%     -   29s
H    0     0                    1107317.2061 1041689.33  5.93%     -   29s
H    0     0                    1106024.3537 1041689.33  5.82%     -   29s
H    0     0                    1105423.4527 1041689.33  5.77%     -   29s
     0     0 1041689.33    0  439 1105423.45 1041689.33  5.77%     -   29s
     0     0 1041689.33    0  439 1105423.45 1041689.33  5.77%     -   29s
     0     0 1041689.33    0  439 1105423.45 1041689.33  5.77%     -   29s
     0     0 1041689.33    0  439 1105423.45 1041689.33  5.77%     -   29s
     0     0 1041689.33    0  437 1105423.45 1041689.33  5.77%     -   29s
     0     0 1042510.93    0  429 1105423.45 1042510.93  5.69%     -   30s
     0     0 1042512.07    0  430 1105423.45 1042512.07  5.69%     -   30s
     0     0 1047390.42    0  384 1105423.45 1047390.42  5.25%     -   32s
H    0     0                    1103167.4753 1047390.53  5.06%     -   33s
     0     0 1047711.73    0  393 1103167.48 1047711.73  5.03%     -   33s
     0     0 1047786.20    0  384 1103167.48 1047786.20  5.02%     -   34s
     0     0 1047786.47    0  384 1103167.48 1047786.47  5.02%     -   34s
H    0     0                    1102316.8970 1047786.47  4.95%     -   35s
H    0     0                    1099432.7679 1047786.47  4.70%     -   35s
     0     0 1051822.77    0  383 1099432.77 1051822.77  4.33%     -   38s
     0     0 1051822.77    0  380 1099432.77 1051822.77  4.33%     -   38s
     0     0 1052838.93    0  413 1099432.77 1052838.93  4.24%     -   39s
     0     0 1052907.38    0  425 1099432.77 1052907.38  4.23%     -   39s
     0     0 1052957.10    0  421 1099432.77 1052957.10  4.23%     -   39s
     0     0 1053001.79    0  428 1099432.77 1053001.79  4.22%     -   40s
     0     0 1053044.15    0  393 1099432.77 1053044.15  4.22%     -   40s
     0     0 1053069.30    0  399 1099432.77 1053069.30  4.22%     -   40s
     0     0 1053069.30    0  401 1099432.77 1053069.30  4.22%     -   40s
     0     0 1055953.04    0  425 1099432.77 1055953.04  3.95%     -   42s
     0     0 1055956.20    0  426 1099432.77 1055956.20  3.95%     -   42s
     0     0 1055975.49    0  423 1099432.77 1055975.49  3.95%     -   42s
H    0     0                    1099281.4632 1055975.53  3.94%     -   43s
H    0     0                    1099070.1468 1055975.53  3.92%     -   43s
H    0     0                    1098211.9773 1055975.53  3.85%     -   43s
H    0     0                    1097412.7675 1055975.53  3.78%     -   43s
H    0     0                    1096957.7915 1055975.53  3.74%     -   43s
     0     0 1056361.98    0  380 1096957.79 1056361.98  3.70%     -   44s
     0     0 1056380.95    0  440 1096957.79 1056380.95  3.70%     -   44s
     0     0 1056382.56    0  391 1096957.79 1056382.56  3.70%     -   44s
     0     0 1057676.00    0  386 1096957.79 1057676.00  3.58%     -   45s
     0     0 1057769.32    0  394 1096957.79 1057769.32  3.57%     -   46s
     0     0 1057770.45    0  368 1096957.79 1057770.45  3.57%     -   46s
     0     0 1058908.71    0  362 1096957.79 1058908.71  3.47%     -   48s
H    0     0                    1095991.4299 1058939.34  3.38%     -   50s
H    0     0                    1095839.5159 1058939.34  3.37%     -   50s
H    0     0                    1094085.7716 1058939.34  3.21%     -   50s
     0     0 1059105.00    0  373 1094085.77 1059105.00  3.20%     -   51s
     0     0 1059117.42    0  336 1094085.77 1059117.42  3.20%     -   51s
     0     0 1059119.03    0  392 1094085.77 1059119.03  3.20%     -   51s
     0     0 1060640.78    0  388 1094085.77 1060640.78  3.06%     -   53s
     0     0 1060880.05    0  439 1094085.77 1060880.05  3.04%     -   53s
     0     0 1060945.11    0  407 1094085.77 1060945.11  3.03%     -   54s
     0     0 1060953.41    0  438 1094085.77 1060953.41  3.03%     -   54s
     0     0 1060961.52    0  398 1094085.77 1060961.52  3.03%     -   54s
     0     0 1060969.49    0  407 1094085.77 1060969.49  3.03%     -   54s
     0     0 1060972.57    0  406 1094085.77 1060972.57  3.03%     -   54s
     0     0 1062936.43    0  379 1094085.77 1062936.43  2.85%     -   56s
H    0     0                    1093783.3855 1062949.61  2.82%     -   56s
H    0     0                    1093766.8604 1062949.61  2.82%     -   57s
     0     0 1063010.11    0  439 1093766.86 1063010.11  2.81%     -   57s
     0     0 1063039.14    0  432 1093766.86 1063039.14  2.81%     -   57s
     0     0 1063046.34    0  393 1093766.86 1063046.34  2.81%     -   58s
     0     0 1063046.48    0  406 1093766.86 1063046.48  2.81%     -   58s
     0     0 1064534.24    0  414 1093766.86 1064534.24  2.67%     -   60s
     0     0 1065233.23    0  388 1093766.86 1065233.23  2.61%     -   62s
     0     0 1065260.97    0  423 1093766.86 1065260.97  2.61%     -   62s
     0     0 1065263.28    0  419 1093766.86 1065263.28  2.61%     -   63s
     0     0 1067156.49    0  400 1093766.86 1067156.49  2.43%     -   65s
H    0     0                    1093718.3550 1067182.39  2.43%     -   65s
H    0     0                    1091138.1442 1067182.39  2.20%     -   65s
H    0     0                    1091089.6388 1067182.39  2.19%     -   65s
H    0     0                    1091011.8875 1067182.39  2.18%     -   65s
     0     0 1067500.92    0  457 1091011.89 1067500.92  2.15%     -   67s
     0     0 1067551.60    0  508 1091011.89 1067551.60  2.15%     -   67s
     0     0 1067554.32    0  478 1091011.89 1067554.32  2.15%     -   67s
     0     0 1068495.12    0  383 1091011.89 1068495.12  2.06%     -   68s
     0     0 1068573.02    0  409 1091011.89 1068573.02  2.06%     -   71s
     0     0 1068626.61    0  404 1091011.89 1068626.61  2.05%     -   72s
     0     0 1068640.86    0  410 1091011.89 1068640.86  2.05%     -   72s
     0     0 1068644.73    0  423 1091011.89 1068644.73  2.05%     -   72s
     0     0 1069449.24    0  473 1091011.89 1069449.24  1.98%     -   75s
H    0     0                    1090324.9433 1069456.12  1.91%     -   76s
H    0     0                    1089764.5581 1069456.12  1.86%     -   76s
H    0     0                    1089611.2977 1069456.12  1.85%     -   76s
     0     0 1069847.28    0  450 1089611.30 1069847.28  1.81%     -   79s
     0     0 1069926.97    0  438 1089611.30 1069926.97  1.81%     -   79s
     0     0 1069956.13    0  392 1089611.30 1069956.13  1.80%     -   80s
     0     0 1069972.51    0  446 1089611.30 1069972.51  1.80%     -   81s
     0     0 1069985.99    0  479 1089611.30 1069985.99  1.80%     -   81s
     0     0 1069986.25    0  460 1089611.30 1069986.25  1.80%     -   81s
     0     0 1071264.01    0  368 1089611.30 1071264.01  1.68%     -   84s
     0     0 1071784.51    0  320 1089611.30 1071784.51  1.64%     -   86s
     0     0 1071915.41    0  265 1089611.30 1071915.41  1.62%     -   87s
     0     0 1072039.97    0  323 1089611.30 1072039.97  1.61%     -   88s
     0     0 1072083.35    0  332 1089611.30 1072083.35  1.61%     -   88s
     0     0 1072126.56    0  297 1089611.30 1072126.56  1.60%     -   89s
     0     0 1072165.12    0  323 1089611.30 1072165.12  1.60%     -   89s
     0     0 1072177.81    0  310 1089611.30 1072177.81  1.60%     -   90s
     0     0 1072223.86    0  312 1089611.30 1072223.86  1.60%     -   90s
     0     0 1072224.21    0  318 1089611.30 1072224.21  1.60%     -   90s
     0     0 1073227.97    0  342 1089611.30 1073227.97  1.50%     -   92s
H    0     0                    1089610.7428 1073227.97  1.50%     -   93s
H    0     0                    1089592.2787 1073227.97  1.50%     -   93s
     0     0 1073400.06    0  343 1089592.28 1073400.06  1.49%     -   94s
     0     0 1073402.28    0  337 1089592.28 1073402.28  1.49%     -   94s
     0     0 1073482.74    0  380 1089592.28 1073482.74  1.48%     -   95s
     0     0 1073483.09    0  369 1089592.28 1073483.09  1.48%     -   95s
     0     0 1073493.63    0  354 1089592.28 1073493.63  1.48%     -   95s
     0     0 1073495.16    0  332 1089592.28 1073495.16  1.48%     -   95s
     0     0 1074368.28    0  338 1089592.28 1074368.28  1.40%     -   96s
     0     0 1074369.28    0  326 1089592.28 1074369.28  1.40%     -   96s
     0     0 1074535.92    0  329 1089592.28 1074535.92  1.38%     -   97s
     0     0 1074640.30    0  355 1089592.28 1074640.30  1.37%     -   97s
     0     0 1074670.77    0  349 1089592.28 1074670.77  1.37%     -   98s
     0     0 1074671.32    0  351 1089592.28 1074671.32  1.37%     -   98s
     0     0 1075110.22    0  377 1089592.28 1075110.22  1.33%     -   99s
H    0     0                    1089187.0147 1075116.46  1.29%     -  101s
H    0     0                    1088879.5166 1075116.46  1.26%     -  102s
     0     0 1075176.72    0  361 1088879.52 1075176.72  1.26%     -  103s
     0     0 1075189.32    0  391 1088879.52 1075189.32  1.26%     -  103s
     0     0 1075197.74    0  404 1088879.52 1075197.74  1.26%     -  104s
     0     0 1075603.57    0  354 1088879.52 1075603.57  1.22%     -  105s
H    0     0                    1088616.5412 1075607.16  1.20%     -  106s
     0     0 1075691.24    0  350 1088616.54 1075691.24  1.19%     -  109s
     0     0 1075702.85    0  384 1088616.54 1075702.85  1.19%     -  109s
     0     0 1075714.16    0  377 1088616.54 1075714.16  1.19%     -  109s
     0     0 1075715.12    0  360 1088616.54 1075715.12  1.19%     -  110s
     0     0 1075875.22    0  348 1088616.54 1075875.22  1.17%     -  111s
     0     0 1075942.67    0  394 1088616.54 1075942.67  1.16%     -  113s
     0     0 1076002.59    0  386 1088616.54 1076002.59  1.16%     -  113s
     0     0 1076080.19    0  391 1088616.54 1076080.19  1.15%     -  114s
     0     0 1076085.19    0  405 1088616.54 1076085.19  1.15%     -  114s
     0     0 1076430.73    0  365 1088616.54 1076430.73  1.12%     -  116s
     0     0 1076565.43    0  366 1088616.54 1076565.43  1.11%     -  116s
     0     0 1076662.30    0  417 1088616.54 1076662.30  1.10%     -  117s
     0     0 1076681.02    0  400 1088616.54 1076681.02  1.10%     -  117s
     0     0 1076687.15    0  409 1088616.54 1076687.15  1.10%     -  117s
     0     0 1076826.51    0  449 1088616.54 1076826.51  1.08%     -  118s
     0     0 1076865.35    0  431 1088616.54 1076865.35  1.08%     -  120s
     0     0 1076865.35    0  417 1088616.54 1076865.35  1.08%     -  120s
     0     0 1077097.26    0  379 1088616.54 1077097.26  1.06%     -  121s
     0     0 1077135.69    0  374 1088616.54 1077135.69  1.05%     -  122s
     0     0 1077135.81    0  373 1088616.54 1077135.81  1.05%     -  122s
     0     0 1077167.76    0  418 1088616.54 1077167.76  1.05%     -  122s
     0     0 1077173.73    0  430 1088616.54 1077173.73  1.05%     -  122s
     0     0 1077307.34    0  346 1088616.54 1077307.34  1.04%     -  124s
H    0     0                    1088574.1584 1077307.45  1.03%     -  124s
     0     0 1077309.69    0  363 1088574.16 1077309.69  1.03%     -  125s
     0     0 1077474.18    0  331 1088574.16 1077474.18  1.02%     -  126s
     0     0 1077549.01    0  390 1088574.16 1077549.01  1.01%     -  127s
     0     0 1077596.22    0  356 1088574.16 1077596.22  1.01%     -  127s
     0     0 1077605.64    0  360 1088574.16 1077605.64  1.01%     -  127s
     0     0 1077814.02    0  296 1088574.16 1077814.02  0.99%     -  129s
     0     0 1077836.94    0  329 1088574.16 1077836.94  0.99%     -  130s
     0     0 1077847.95    0  312 1088574.16 1077847.95  0.99%     -  130s
     0     0 1077848.90    0  328 1088574.16 1077848.90  0.99%     -  130s
     0     0 1077903.66    0  315 1088574.16 1077903.66  0.98%     -  132s
     0     0 1077909.24    0  295 1088574.16 1077909.24  0.98%     -  132s
     0     0 1078040.70    0  312 1088574.16 1078040.70  0.97%     -  133s
     0     0 1078040.70    0  310 1088574.16 1078040.70  0.97%     -  133s
     0     0 1078040.70    0  308 1088574.16 1078040.70  0.97%     -  133s
     0     0 1078041.05    0  304 1088574.16 1078041.05  0.97%     -  133s
     0     0 1078059.62    0  336 1088574.16 1078059.62  0.97%     -  135s
     0     0 1078066.42    0  337 1088574.16 1078066.42  0.97%     -  135s
     0     0 1078181.83    0  303 1088574.16 1078181.83  0.95%     -  136s
     0     0 1078218.92    0  288 1088574.16 1078218.92  0.95%     -  137s
     0     0 1078222.85    0  328 1088574.16 1078222.85  0.95%     -  137s
     0     0 1078497.94    0  221 1088574.16 1078497.94  0.93%     -  138s
     0     0 1078608.65    0  239 1088574.16 1078608.65  0.92%     -  139s
     0     0 1078625.68    0  257 1088574.16 1078625.68  0.91%     -  140s
     0     0 1078637.81    0  283 1088574.16 1078637.81  0.91%     -  140s
     0     0 1078637.81    0  286 1088574.16 1078637.81  0.91%     -  140s
     0     0 1078656.34    0  277 1088574.16 1078656.34  0.91%     -  141s
     0     0 1078657.24    0  263 1088574.16 1078657.24  0.91%     -  141s
     0     0 1078796.25    0  259 1088574.16 1078796.25  0.90%     -  142s
     0     0 1078821.96    0  272 1088574.16 1078821.96  0.90%     -  142s
     0     0 1078835.10    0  266 1088574.16 1078835.10  0.89%     -  143s
     0     0 1078844.09    0  276 1088574.16 1078844.09  0.89%     -  143s
     0     0 1079063.55    0  301 1088574.16 1079063.55  0.87%     -  145s
     0     0 1079120.73    0  284 1088574.16 1079120.73  0.87%     -  146s
     0     0 1079154.28    0  319 1088574.16 1079154.28  0.87%     -  146s
     0     0 1079169.53    0  250 1088574.16 1079169.53  0.86%     -  146s
     0     0 1079174.03    0  253 1088574.16 1079174.03  0.86%     -  147s
     0     0 1079246.44    0  216 1088574.16 1079246.44  0.86%     -  147s
     0     0 1079265.04    0  240 1088574.16 1079265.04  0.86%     -  148s
     0     0 1079266.28    0  260 1088574.16 1079266.28  0.86%     -  148s
     0     0 1079304.43    0  222 1088574.16 1079304.43  0.85%     -  149s
     0     0 1079314.30    0  215 1088574.16 1079314.30  0.85%     -  150s
     0     0 1079314.30    0  213 1088574.16 1079314.30  0.85%     -  150s
     0     0 1079314.30    0  213 1088574.16 1079314.30  0.85%     -  150s
     0     0 1079314.30    0  210 1088574.16 1079314.30  0.85%     -  150s
     0     0 1079320.13    0  239 1088574.16 1079320.13  0.85%     -  173s
     0     0 1079320.13    0  310 1088574.16 1079320.13  0.85%     -  177s
H    0     0                    1087575.6627 1079320.13  0.76%     -  179s
     0     0 1079320.13    0  326 1087575.66 1079320.13  0.76%     -  180s
     0     0 1079320.13    0  337 1087575.66 1079320.13  0.76%     -  182s
     0     0 1079320.13    0  440 1087575.66 1079320.13  0.76%     -  188s
     0     0 1079320.13    0  419 1087575.66 1079320.13  0.76%     -  193s
     0     0 1079320.13    0  413 1087575.66 1079320.13  0.76%     -  193s
     0     0 1079320.13    0  310 1087575.66 1079320.13  0.76%     -  195s
     0     0 1079320.13    0  283 1087575.66 1079320.13  0.76%     -  197s
     0     0 1079320.13    0  242 1087575.66 1079320.13  0.76%     -  197s
     0     0 1079320.13    0  227 1087575.66 1079320.13  0.76%     -  198s
     0     0 1079320.13    0  248 1087575.66 1079320.13  0.76%     -  199s
     0     0 1079320.13    0  215 1087575.66 1079320.13  0.76%     -  201s
     0     0 1079320.13    0  177 1087575.66 1079320.13  0.76%     -  203s
     0     0 1079328.55    0  211 1087575.66 1079328.55  0.76%     -  203s
     0     0 1079374.33    0  213 1087575.66 1079374.33  0.75%     -  204s
     0     0 1079374.34    0  216 1087575.66 1079374.34  0.75%     -  204s
     0     0 1079505.11    0  231 1087575.66 1079505.11  0.74%     -  205s
H    0     0                    1087493.3018 1079505.38  0.73%     -  208s
H    0     0                    1087477.5074 1079505.38  0.73%     -  209s
     0     0 1079532.36    0  238 1087477.51 1079532.36  0.73%     -  211s
     0     0 1079532.78    0  249 1087477.51 1079532.78  0.73%     -  211s
     0     0 1079781.38    0  172 1087477.51 1079781.38  0.71%     -  213s
     0     0 1079781.53    0  168 1087477.51 1079781.53  0.71%     -  213s
     0     0 1079785.09    0  187 1087477.51 1079785.09  0.71%     -  214s
     0     0 1080005.35    0  146 1087477.51 1080005.35  0.69%     -  216s
     0     0 1080043.46    0  232 1087477.51 1080043.46  0.68%     -  217s
     0     0 1080067.98    0  252 1087477.51 1080067.98  0.68%     -  217s
     0     0 1080068.51    0  225 1087477.51 1080068.51  0.68%     -  217s
     0     0 1080179.10    0  219 1087477.51 1080179.10  0.67%     -  219s
H    0     0                    1087460.9822 1080179.10  0.67%     -  220s
     0     0 1080187.81    0  208 1087460.98 1080187.81  0.67%     -  221s
     0     0 1080311.93    0  233 1087460.98 1080311.93  0.66%     -  223s
H    0     0                    1087216.5431 1080362.84  0.63%     -  225s
     0     0 1080362.84    0  275 1087216.54 1080362.84  0.63%     -  225s
     0     0 1080364.05    0  292 1087216.54 1080364.05  0.63%     -  225s
     0     0 1080500.12    0  271 1087216.54 1080500.12  0.62%     -  227s
H    0     0                    1087159.5968 1080534.18  0.61%     -  228s
     0     0 1080594.45    0  212 1087159.60 1080594.45  0.60%     -  228s
     0     0 1080612.63    0  277 1087159.60 1080612.63  0.60%     -  230s
     0     0 1080624.82    0  258 1087159.60 1080624.82  0.60%     -  230s
     0     0 1080626.35    0  273 1087159.60 1080626.35  0.60%     -  230s
     0     0 1080900.50    0  227 1087159.60 1080900.50  0.58%     -  232s
     0     0 1080900.54    0  224 1087159.60 1080900.54  0.58%     -  232s
     0     0 1080928.02    0  240 1087159.60 1080928.02  0.57%     -  233s
     0     0 1080934.56    0  321 1087159.60 1080934.56  0.57%     -  233s
     0     0 1080937.22    0  304 1087159.60 1080937.22  0.57%     -  233s
     0     0 1080939.73    0  238 1087159.60 1080939.73  0.57%     -  234s
     0     0 1080997.83    0  239 1087159.60 1080997.83  0.57%     -  235s
     0     0 1081006.27    0  280 1087159.60 1081006.27  0.57%     -  238s
     0     0 1081086.05    0  284 1087159.60 1081086.05  0.56%     -  239s
     0     0 1081093.54    0  287 1087159.60 1081093.54  0.56%     -  240s
     0     0 1081097.12    0  273 1087159.60 1081097.12  0.56%     -  240s
     0     0 1081193.36    0  270 1087159.60 1081193.36  0.55%     -  241s
     0     0 1081228.53    0  292 1087159.60 1081228.53  0.55%     -  241s
     0     0 1081236.36    0  231 1087159.60 1081236.36  0.54%     -  242s
     0     0 1081290.49    0  261 1087159.60 1081290.49  0.54%     -  243s
     0     0 1081290.69    0  261 1087159.60 1081290.69  0.54%     -  243s
     0     0 1081291.22    0  250 1087159.60 1081291.22  0.54%     -  243s
     0     0 1081310.77    0  269 1087159.60 1081310.77  0.54%     -  244s
     0     0 1081311.53    0  278 1087159.60 1081311.53  0.54%     -  245s
     0     0 1081399.86    0  221 1087159.60 1081399.86  0.53%     -  246s
     0     0 1081417.94    0  267 1087159.60 1081417.94  0.53%     -  247s
     0     0 1081420.53    0  268 1087159.60 1081420.53  0.53%     -  248s
     0     0 1081491.58    0  170 1087159.60 1081491.58  0.52%     -  249s
     0     0 1081492.18    0  200 1087159.60 1081492.18  0.52%     -  249s
     0     0 1081506.27    0  231 1087159.60 1081506.27  0.52%     -  251s
     0     0 1081506.69    0  229 1087159.60 1081506.69  0.52%     -  251s
     0     0 1081575.79    0  227 1087159.60 1081575.79  0.51%     -  253s
     0     0 1081575.85    0  226 1087159.60 1081575.85  0.51%     -  253s
     0     0 1081575.85    0  226 1087159.60 1081575.85  0.51%     -  253s
     0     0 1081575.87    0  224 1087159.60 1081575.87  0.51%     -  253s
     0     0 1081610.27    0  246 1087159.60 1081610.27  0.51%     -  254s
     0     0 1081610.27    0  246 1087159.60 1081610.27  0.51%     -  254s
     0     0 1081610.27    0  234 1087159.60 1081610.27  0.51%     -  254s
H    0     0                    1087159.0419 1081610.29  0.51%     -  258s
     0     2 1081610.29    0  234 1087159.04 1081610.29  0.51%     -  261s
     3     8 1081812.42    2  208 1087159.04 1081734.98  0.50%  1560  265s
H    4     8                    1087131.1831 1081734.98  0.50%  1170  265s
    15    32 1081878.83    4  289 1087131.18 1081855.92  0.49%   880  270s
    31    56 1081924.62    5  249 1087131.18 1081869.43  0.48%  1091  276s
    55   197 1081947.42    6  247 1087131.18 1081924.65  0.48%  1064  285s
   196   291 1082033.51    8  198 1087131.18 1081930.91  0.48%   498  291s
   290   357 1082048.05   10  197 1087131.18 1081930.91  0.48%   440  298s
   358   412 1082092.99   11  197 1087131.18 1081930.91  0.48%   484  305s
   413   436 1082086.28   12  207 1087131.18 1081930.91  0.48%   492  310s
H  417   436                    1087103.0372 1081930.91  0.48%   495  310s
   437   517     cutoff   12      1087103.04 1081930.91  0.48%   501  319s
   527   625 1082172.03   16  178 1087103.04 1081930.91  0.48%   513  331s
   645   647 1082204.03   21  255 1087103.04 1081930.91  0.48%   494  336s
   669   673 1082211.21   21  241 1087103.04 1081930.91  0.48%   498  342s
H  675   673                    1087102.4823 1081930.91  0.48%   495  342s
H  695   673                    1086698.4498 1081930.91  0.44%   496  342s
   699   800 1082223.03   22  288 1086698.45 1081930.91  0.44%   496  351s
   832   933 1082680.87   30  165 1086698.45 1081930.91  0.44%   463  358s
   965  1054 1082324.33   36  177 1086698.45 1081930.91  0.44%   435  367s
  1091  1166 1082386.05   45  163 1086698.45 1081930.91  0.44%   423  375s
  1203  1275 1082499.05   49  220 1086698.45 1081930.91  0.44%   414  384s
  1316  1401 1082564.71   54  258 1086698.45 1081930.91  0.44%   409  392s
  1448  1527 1082625.78   66  210 1086698.45 1081930.91  0.44%   407  399s
  1578  1658 1082650.69   67  207 1086698.45 1081930.91  0.44%   401  407s
  1721  1682 1082693.26   76  247 1086698.45 1081930.91  0.44%   393  412s
  1745  1752     cutoff   76      1086698.45 1081930.91  0.44%   395  417s
  1817  1860 1082755.69   80  217 1086698.45 1081930.91  0.44%   394  424s
H 1924  1860                    1086686.4809 1081930.91  0.44%   393  424s
  1927  1979 1082779.16   87  214 1086686.48 1081930.91  0.44%   394  431s
  2046  2099 1082810.31   89  178 1086686.48 1081930.91  0.44%   392  439s
  2172  2210 1082850.18   96  168 1086686.48 1081930.91  0.44%   390  448s
  2295  2363 1082991.87   99  168 1086686.48 1081931.02  0.44%   396  456s
  2454  2518 1083103.10  110  157 1086686.48 1081931.02  0.44%   393  467s
  2623  2698 1083220.96  122  150 1086686.48 1081931.02  0.44%   393  476s
  2820  2862 1083294.86  125  136 1086686.48 1081931.02  0.44%   386  484s
  3009  2971 1083337.93  140  124 1086686.48 1081931.02  0.44%   379  493s
  3126  3102 1084458.22  141   95 1086686.48 1081931.02  0.44%   381  502s
  3269  3286 1083342.37  141  124 1086686.48 1081931.02  0.44%   378  512s
  3464  3492 1083357.03  144  122 1086686.48 1081931.02  0.44%   377  523s
  3686  3645 1083405.43  161  118 1086686.48 1081934.63  0.44%   373  535s
  3855  3827 1083677.30  162  108 1086686.48 1081934.63  0.44%   379  550s
  4066  3992 1083873.47  166  115 1086686.48 1081934.63  0.44%   379  562s
  4269  4157 1084036.10  169  159 1086686.48 1081934.63  0.44%   382  575s
  4463  4333 1084081.78  179  104 1086686.48 1081935.44  0.44%   387  589s
  4668  4527 1084423.55  196   92 1086686.48 1081935.44  0.44%   391  600s

Cutting planes:
  Learned: 23
  Gomory: 51
  Cover: 97
  Implied bound: 390
  Clique: 54
  MIR: 638
  Knapsack: 18
  StrongCG: 224
  Flow cover: 113
  GUB cover: 28
  Zero half: 6
  Network: 2
  RLT: 341
  Relax-and-lift: 63
  BQP: 88

Explored 4874 nodes (2084168 simplex iterations) in 600.04 seconds (804.61 work units)
Thread count was 24 (of 24 available processors)

Solution count 10: 1.08669e+06 1.0867e+06 1.0871e+06 ... 1.08748e+06

Time limit reached
Best objective 1.086686480945e+06, best bound 1.081935438599e+06, gap 0.4372%
