
Gurobi 13.0.2 (linux64, Python) logging started Wed Jun  3 19:25:21 2026

Set parameter LogToConsole to value 0
Set parameter Username
Set parameter LicenseID to value 2748191
Set parameter TimeLimit to value 600
Set parameter LogFile to value "output/bf_qcv_045/period_3/gurobi.log"
Academic license - for non-commercial use only - expires 2026-12-01
Gurobi Optimizer version 13.0.2 build v13.0.2rc1 (linux64 - "Debian GNU/Linux 13 (trixie)")

CPU model: 13th Gen Intel(R) Core(TM) i7-13700HX, instruction set [SSE2|AVX|AVX2]
Thread count: 24 physical cores, 24 logical processors, using up to 24 threads

Non-default parameters:
TimeLimit  600
LogToConsole  0

Optimize a model with 62647 rows, 50115 columns and 166698 nonzeros (Min)
Model fingerprint: 0x0562893a
Model has 255 linear objective coefficients
Variable types: 40398 continuous, 9717 integer (9717 binary)
Coefficient statistics:
  Matrix range     [7e-03, 1e+04]
  Objective range  [2e+04, 5e+04]
  Bounds range     [1e+00, 1e+00]
  RHS range        [2e-01, 1e+05]

Presolve removed 44864 rows and 35888 columns
Presolve time: 0.27s
Presolved: 17783 rows, 14227 columns, 75112 nonzeros
Variable types: 9400 continuous, 4827 integer (4827 binary)
Found heuristic solution: objective 9424647.7538
Found heuristic solution: objective 9381180.7117
Found heuristic solution: objective 9358894.7642

Root relaxation: objective 1.802281e+06, 11280 iterations, 0.40 seconds (1.05 work units)

    Nodes    |    Current Node    |     Objective Bounds      |     Work
 Expl Unexpl |  Obj  Depth IntInf | Incumbent    BestBd   Gap | It/Node Time

     0     0 1802281.44    0   17 9358894.76 1802281.44  80.7%     -    0s
H    0     0                    1924628.7014 1802281.44  6.36%     -    0s
H    0     0                    1889630.9367 1802281.44  4.62%     -    0s
H    0     0                    1882542.5396 1802281.44  4.26%     -    0s
H    0     0                    1846234.0710 1802281.44  2.38%     -    0s
H    0     0                    1843526.1057 1802281.44  2.24%     -    0s
H    0     0                    1833437.7460 1802281.44  1.70%     -    0s
H    0     0                    1831019.3559 1802281.44  1.57%     -    1s
H    0     0                    1825703.0491 1802281.44  1.28%     -    1s
H    0     0                    1818601.3256 1802281.44  0.90%     -    1s
     0     0 1802281.57    0   23 1818601.33 1802281.57  0.90%     -    1s
H    0     0                    1816252.3337 1802281.57  0.77%     -    1s
H    0     0                    1814570.5854 1802281.57  0.68%     -    1s
H    0     0                    1814033.8602 1802281.57  0.65%     -    1s
     0     0 1802281.57    0   19 1814033.86 1802281.57  0.65%     -    1s
     0     0 1802281.57    0   20 1814033.86 1802281.57  0.65%     -    1s
     0     0 1802281.57    0   22 1814033.86 1802281.57  0.65%     -    2s
     0     0 1802281.57    0   21 1814033.86 1802281.57  0.65%     -    2s
H    0     0                    1813558.1047 1802281.57  0.62%     -    2s
H    0     0                    1811698.3155 1802281.57  0.52%     -    2s
     0     0 1802281.57    0   19 1811698.32 1802281.57  0.52%     -    2s
     0     0 1802281.57    0   28 1811698.32 1802281.57  0.52%     -    2s
     0     0 1802281.59    0   30 1811698.32 1802281.59  0.52%     -    2s
     0     0 1802281.59    0   30 1811698.32 1802281.59  0.52%     -    2s
     0     0 1802281.61    0   36 1811698.32 1802281.61  0.52%     -    2s
     0     0 1802281.61    0   36 1811698.32 1802281.61  0.52%     -    2s
     0     0 1802281.61    0   36 1811698.32 1802281.61  0.52%     -    2s
     0     0 1802281.61    0   34 1811698.32 1802281.61  0.52%     -    2s
     0     0 1802281.63    0   12 1811698.32 1802281.63  0.52%     -    3s
H    0     0                    1811448.9426 1802281.63  0.51%     -    3s
H    0     0                    1810699.9122 1802281.63  0.46%     -    4s
     0     0 1802281.63    0   18 1810699.91 1802281.63  0.46%     -    4s
H    0     0                    1810201.7606 1802281.63  0.44%     -    4s
H    0     0                    1809942.1218 1802281.63  0.42%     -    4s
     0     0 1802281.63    0   26 1809942.12 1802281.63  0.42%     -    4s
     0     0 1802281.63    0   30 1809942.12 1802281.63  0.42%     -    4s
     0     0 1802281.63    0   30 1809942.12 1802281.63  0.42%     -    4s
     0     0 1802281.63    0   22 1809942.12 1802281.63  0.42%     -    4s
H    0     0                    1807355.5158 1802281.63  0.28%     -    4s
     0     0 1802281.63    0   22 1807355.52 1802281.63  0.28%     -    4s
     0     0 1802281.66    0   41 1807355.52 1802281.66  0.28%     -    5s
H    0     0                    1806914.1731 1802281.67  0.26%     -    5s
     0     0 1802281.67    0   33 1806914.17 1802281.67  0.26%     -    5s
H    0     0                    1804223.6560 1802281.68  0.11%     -    5s
     0     0 1802281.68    0   42 1804223.66 1802281.68  0.11%     -    5s
     0     0 1802281.69    0   39 1804223.66 1802281.69  0.11%     -    5s
     0     0 1802281.69    0   20 1804223.66 1802281.69  0.11%     -    5s
     0     0 1802281.69    0   10 1804223.66 1802281.69  0.11%     -    5s
H    0     0                    1804079.6906 1802281.69  0.10%     -    5s
     0     0 1802281.69    0   14 1804079.69 1802281.69  0.10%     -    5s
     0     0 1802281.69    0   17 1804079.69 1802281.69  0.10%     -    5s
     0     0 1802281.70    0   23 1804079.69 1802281.70  0.10%     -    5s
     0     0 1802281.71    0   22 1804079.69 1802281.71  0.10%     -    5s
     0     0 1802281.71    0   24 1804079.69 1802281.71  0.10%     -    5s
     0     0 1802281.74    0   18 1804079.69 1802281.74  0.10%     -    5s
     0     0 1802281.76    0   28 1804079.69 1802281.76  0.10%     -    6s
     0     0 1802281.79    0   18 1804079.69 1802281.79  0.10%     -    6s
     0     0 1802281.79    0   24 1804079.69 1802281.79  0.10%     -    6s
     0     0 1802281.79    0   24 1804079.69 1802281.79  0.10%     -    6s
     0     0 1802281.80    0   28 1804079.69 1802281.80  0.10%     -    6s
     0     0 1802281.80    0   28 1804079.69 1802281.80  0.10%     -    6s
     0     0 1802281.80    0   28 1804079.69 1802281.80  0.10%     -    6s
     0     0 1802281.80    0   16 1804079.69 1802281.80  0.10%     -    6s
     0     2 1802281.80    0   15 1804079.69 1802281.80  0.10%     -    6s
H 7485  6180                    1804072.3647 1802290.27  0.10%   4.7    9s
H 7485  5871                    1804057.6645 1802290.27  0.10%   4.7    9s
  7498  5879 1802290.42   19   17 1804057.66 1802290.42  0.10%   4.6   10s
H 7608  5693                    1804018.8175 1802290.42  0.10%   5.5   11s
H 7912  5842                    1803638.9700 1802290.42  0.07%   5.9   12s
H 8202  5881                    1803038.6736 1802290.42  0.04%   6.2   12s
H11896  9418                    1802841.6189 1802290.42  0.03%   8.4   14s
H15069  7706                    1802761.5177 1802290.42  0.03%   9.1   14s
H15124  7197                    1802452.2965 1802290.42  0.01%   9.1   14s

Cutting planes:
  Lift-and-project: 1
  Cover: 11
  MIR: 148
  Flow cover: 151
  Relax-and-lift: 1

Explored 15300 nodes (164708 simplex iterations) in 14.94 seconds (14.91 work units)
Thread count was 24 (of 24 available processors)

Solution count 10: 1.80245e+06 1.80276e+06 1.80284e+06 ... 1.80422e+06

Optimal solution found (tolerance 1.00e-04)
Best objective 1.802452296462e+06, best bound 1.802290421637e+06, gap 0.0090%
