
Gurobi 13.0.2 (linux64, Python) logging started Thu Aug 13 19:27:46 2026

Set parameter LogToConsole to value 0
Set parameter Username
Set parameter LicenseID to value 2748191
Set parameter TimeLimit to value 120
Set parameter LogFile to value "output/bz_nbr7008_043/weighted_loss/retail_y_2__retail_v_2__rolled_leftover_2/period_4/gurobi.log"
Academic license - for non-commercial use only - expires 2026-12-01
Gurobi Optimizer version 13.0.2 build v13.0.2rc1 (linux64 - "Debian GNU/Linux 13 (trixie)")

CPU model: 13th Gen Intel(R) Core(TM) i7-13700HX, instruction set [SSE2|AVX|AVX2]
Thread count: 24 physical cores, 24 logical processors, using up to 24 threads

Non-default parameters:
TimeLimit  120
LogToConsole  0

Optimize a model with 205612 rows, 137806 columns and 719458 nonzeros (Min)
Model fingerprint: 0x2da4e38d
Model has 54560 linear objective coefficients and an objective constant of 315913.9944744
Variable types: 113560 continuous, 24246 integer (24246 binary)
Coefficient statistics:
  Matrix range     [1e-03, 1e+04]
  Objective range  [1e+01, 1e+05]
  Bounds range     [1e+00, 1e+00]
  RHS range        [1e-01, 3e+04]

Presolve removed 124124 rows and 86125 columns
Presolve time: 3.42s
Presolved: 81488 rows, 51681 columns, 819787 nonzeros
Variable types: 33804 continuous, 17877 integer (17830 binary)
Deterministic concurrent LP optimizer: primal simplex, dual simplex, and barrier
Showing barrier log only...

Root barrier log...

Ordering time: 0.40s

Barrier statistics:
 Dense cols : 38
 AA' NZ     : 7.119e+06
 Factor NZ  : 1.207e+07 (roughly 140 MB of memory)
 Factor Ops : 3.404e+09 (less than 1 second per iteration)
 Threads    : 21

                  Objective                Residual
Iter       Primal          Dual         Primal    Dual     Compl     Time
   0  -6.13119146e+09 -1.05265913e+10  2.42e+06 2.07e+02  2.52e+06     5s
   1  -3.74797661e+09 -9.37614478e+09  1.52e+06 2.67e+02  1.39e+06     5s
   2  -1.37246786e+09 -7.51727454e+09  5.35e+05 5.78e+01  5.05e+05     5s
   3  -3.61892447e+08 -3.45156462e+09  1.42e+05 9.63e-01  1.34e+05     5s
   4  -3.54731477e+07 -8.03140225e+08  1.68e+04 2.06e-10  1.69e+04     5s
   5  -3.00483434e+06 -3.98819053e+08  4.82e+03 5.91e-11  5.62e+03     5s
   6   5.13407718e+06 -1.81720429e+08  1.81e+03 8.25e-11  2.16e+03     5s
   7   6.65702160e+06 -6.30509434e+07  1.23e+03 2.18e-11  8.84e+02     5s
   8   8.28623221e+06 -3.78588294e+07  5.59e+02 1.50e-11  4.83e+02     5s
   9   8.25479202e+06 -1.97651109e+07  2.31e+02 1.21e-11  2.51e+02     5s
  10   7.74123907e+06 -1.13277141e+07  1.66e+02 8.67e-12  1.67e+02     5s
  11   7.01946626e+06 -7.91468343e+06  9.03e+01 1.13e-11  1.22e+02     6s
  12   5.08710354e+06 -6.12746725e+06  3.21e+01 1.37e-11  8.47e+01     6s
  13   3.47829690e+06 -3.53385172e+06  1.89e+01 9.08e-12  5.26e+01     6s
  14   2.44387283e+06 -1.55107494e+06  1.14e+01 1.10e-11  3.02e+01     6s
  15   1.69950001e+06 -8.41507313e+05  6.17e+00 1.11e-11  1.91e+01     6s
  16   1.38137968e+06 -1.72179976e+04  3.51e+00 1.00e-11  1.06e+01     6s
  17   1.19858962e+06  1.26669574e+05  2.18e+00 9.96e-12  8.04e+00     6s
  18   1.08479609e+06  3.30107124e+05  1.44e+00 1.27e-11  5.65e+00     6s
  19   9.59602854e+05  5.30794225e+05  6.41e-01 1.15e-11  3.17e+00     6s
  20   9.17992937e+05  6.63391085e+05  4.06e-01 2.37e-11  1.89e+00     6s
  21   8.67706090e+05  7.81280894e+05  1.01e-01 1.46e-11  6.32e-01     6s
  22   8.51135867e+05  7.99406214e+05  2.74e-02 1.02e-11  3.70e-01     6s
  23   8.49371336e+05  8.11114294e+05  2.36e-02 1.58e-11  2.74e-01     6s
  24   8.48063970e+05  8.27107431e+05  2.02e-02 1.30e-11  1.52e-01     6s
  25   8.44461535e+05  8.35281711e+05  8.21e-03 1.57e-11  6.63e-02     6s
  26   8.42980113e+05  8.38292762e+05  4.20e-03 1.43e-11  3.39e-02     6s
  27   8.42659925e+05  8.38851490e+05  3.56e-03 1.62e-11  2.75e-02     6s
  28   8.41870493e+05  8.39834149e+05  2.06e-03 1.45e-11  1.48e-02     6s
  29   8.41143772e+05  8.40331051e+05  7.39e-04 1.46e-11  5.88e-03     7s
  30   8.41052261e+05  8.40417200e+05  6.04e-04 1.18e-11  4.60e-03     7s
  31   8.41015615e+05  8.40502781e+05  5.52e-04 1.24e-11  3.73e-03     7s
  32   8.40868380e+05  8.40549238e+05  3.49e-04 1.52e-11  2.32e-03     7s
  33   8.40749303e+05  8.40571195e+05  1.87e-04 2.23e-11  1.29e-03     7s
  34   8.40666532e+05  8.40589840e+05  7.93e-05 1.54e-11  5.57e-04     7s
  35   8.40657817e+05  8.40596422e+05  6.80e-05 1.57e-11  4.47e-04     7s
  36   8.40616497e+05  8.40599809e+05  1.63e-05 1.96e-11  1.21e-04     7s
  37   8.40605046e+05  8.40600948e+05  3.21e-06 2.11e-11  2.96e-05     7s
  38   8.40601996e+05  8.40601745e+05  1.39e-07 1.69e-11  1.80e-06     7s
  39   8.40601857e+05  8.40601826e+05  1.80e-08 1.62e-11  2.25e-07     7s
  40   8.40601842e+05  8.40601836e+05  1.11e-07 3.11e-11  4.54e-08     7s
  41   8.40601838e+05  8.40601837e+05  3.96e-08 1.62e-11  3.44e-09     7s

Barrier solved model in 41 iterations and 7.20 seconds (13.58 work units)
Optimal objective 8.40601838e+05


Root crossover log...

   48277 DPushes remaining with DInf 2.3235508e-04                 7s
       0 DPushes remaining with DInf 0.0000000e+00                 7s

      48 PPushes remaining with PInf 8.2430162e-05                 8s
       0 PPushes remaining with PInf 0.0000000e+00                 8s

  Push phase complete: Pinf 0.0000000e+00, Dinf 1.0311822e+02      8s


Root simplex log...

Iteration    Objective       Primal Inf.    Dual Inf.      Time
   28724    8.4060184e+05   0.000000e+00   1.031182e+02      8s
   28733    8.4060184e+05   0.000000e+00   0.000000e+00      8s
Crossover time: 0.33 seconds (0.45 work units)
Concurrent spin time: 0.11s

Solved with barrier
   28733    8.4060184e+05   0.000000e+00   0.000000e+00      8s

Root relaxation: objective 8.406018e+05, 28733 iterations, 4.00 seconds (6.31 work units)

    Nodes    |    Current Node    |     Objective Bounds      |     Work
 Expl Unexpl |  Obj  Depth IntInf | Incumbent    BestBd   Gap | It/Node Time

     0     0 840601.838    0  170          - 840601.838      -     -    8s
     0     0 840602.530    0  164          - 840602.530      -     -    8s
H    0     0                    1943666.1634 840602.530  56.8%     -    8s
H    0     0                    1874568.9485 840602.530  55.2%     -    8s
H    0     0                    1863017.1819 840602.530  54.9%     -    8s
H    0     0                    1859851.5079 840602.530  54.8%     -    8s
H    0     0                    1744825.9909 840602.530  51.8%     -    8s
H    0     0                    1740800.6378 840602.530  51.7%     -    9s
H    0     0                    1740294.5739 840602.530  51.7%     -    9s
H    0     0                    1738363.4693 840602.530  51.6%     -    9s
H    0     0                    1634519.5760 840602.530  48.6%     -    9s
H    0     0                    1632760.3684 840602.530  48.5%     -    9s
H    0     0                    1619510.2082 840602.530  48.1%     -    9s
H    0     0                    1603976.8747 840602.530  47.6%     -   10s
H    0     0                    1602634.5073 840602.530  47.5%     -   10s
H    0     0                    1543894.1040 840602.530  45.6%     -   11s
H    0     0                    1541975.2934 840602.530  45.5%     -   11s
H    0     0                    1477705.7274 840602.530  43.1%     -   11s
H    0     0                    1473812.3053 840602.530  43.0%     -   12s
H    0     0                    1464364.8477 840602.530  42.6%     -   12s
H    0     0                    1464352.9740 840602.530  42.6%     -   12s
H    0     0                    1449048.5487 840602.530  42.0%     -   12s
     0     0 841716.662    0  155 1449048.55 841716.662  41.9%     -   15s
H    0     0                    1433175.0878 841718.068  41.3%     -   16s
H    0     0                    1425035.9715 841718.068  40.9%     -   16s
H    0     0                    1419714.5593 841718.068  40.7%     -   16s
H    0     0                    1391859.2369 841718.068  39.5%     -   16s
H    0     0                    1381022.4708 841718.068  39.1%     -   16s
H    0     0                    1360161.7354 841718.068  38.1%     -   16s
     0     0 841726.796    0  155 1360161.74 841726.796  38.1%     -   16s
     0     0 846190.061    0  169 1360161.74 846190.061  37.8%     -   18s
     0     0 846194.491    0  170 1360161.74 846194.491  37.8%     -   19s
     0     0 847400.035    0  134 1360161.74 847400.035  37.7%     -   21s
     0     0 847418.304    0  151 1360161.74 847418.304  37.7%     -   21s
H    0     0                    1359884.9586 847418.490  37.7%     -   22s
H    0     0                    1357253.1949 847418.490  37.6%     -   22s
H    0     0                    1329902.2675 847418.490  36.3%     -   22s
H    0     0                    1322779.8114 847418.490  35.9%     -   22s
H    0     0                    1309596.8401 847418.490  35.3%     -   22s
H    0     0                    1305575.3986 847418.490  35.1%     -   23s
H    0     0                    1304699.0941 847418.490  35.0%     -   23s
H    0     0                    1304581.9650 847418.490  35.0%     -   23s
H    0     0                    1304580.7557 847418.490  35.0%     -   23s
H    0     0                    1301939.3432 847418.490  34.9%     -   23s
     0     0 847421.496    0  142 1301939.34 847421.496  34.9%     -   23s
H    0     0                    1288688.5209 854044.223  33.7%     -   26s
H    0     0                    1281618.7123 854044.223  33.4%     -   26s
H    0     0                    1271863.9504 854044.223  32.9%     -   26s
     0     0 854044.223    0  276 1271863.95 854044.223  32.9%     -   27s
     0     0 854045.811    0  294 1271863.95 854045.811  32.9%     -   27s
H    0     0                    1271838.5220 854164.110  32.8%     -   28s
H    0     0                    1270795.0781 854164.110  32.8%     -   28s
H    0     0                    1269008.2290 854164.110  32.7%     -   28s
     0     0 854164.110    0  290 1269008.23 854164.110  32.7%     -   28s
H    0     0                    1251194.4843 854174.417  31.7%     -   28s
H    0     0                    1246354.3073 854174.417  31.5%     -   28s
     0     0 854174.417    0  266 1246354.31 854174.417  31.5%     -   28s
H    0     0                    1237017.8000 854184.959  30.9%     -   29s
     0     0 854184.959    0  254 1237017.80 854184.959  30.9%     -   29s
H    0     0                    1236952.6240 854184.959  30.9%     -   29s
     0     0 854184.959    0  220 1236952.62 854184.959  30.9%     -   29s
H    0     0                    1236656.3129 854184.959  30.9%     -   30s
H    0     0                    1236654.4155 854184.959  30.9%     -   30s
     0     0 856831.431    0  274 1236654.42 856831.431  30.7%     -   32s
     0     0 857236.151    0  324 1236654.42 857236.151  30.7%     -   34s
H    0     0                    1220707.6491 857248.974  29.8%     -   34s
     0     0 857248.974    0  315 1220707.65 857248.974  29.8%     -   34s
     0     0 857250.347    0  322 1220707.65 857250.347  29.8%     -   35s
H    0     0                    1220267.0063 857250.347  29.7%     -   35s
H    0     0                    1219524.5130 861087.707  29.4%     -   37s
H    0     0                    1219521.6758 861087.707  29.4%     -   37s
     0     0 861087.707    0  303 1219521.68 861087.707  29.4%     -   37s
     0     0 861087.707    0  298 1219521.68 861087.707  29.4%     -   37s
     0     0 861418.273    0  290 1219521.68 861418.273  29.4%     -   38s
     0     0 861552.141    0  348 1219521.68 861552.141  29.4%     -   39s
     0     0 861552.151    0  333 1219521.68 861552.151  29.4%     -   39s
     0     0 861582.247    0  301 1219521.68 861582.247  29.4%     -   39s
     0     0 861582.292    0  304 1219521.68 861582.292  29.4%     -   39s
H    0     0                    1207339.5302 863806.890  28.5%     -   41s
H    0     0                    1205265.8858 863806.890  28.3%     -   41s
H    0     0                    1193127.5560 863806.890  27.6%     -   41s
H    0     0                    1190310.6141 863806.890  27.4%     -   41s
     0     0 863806.890    0  407 1190310.61 863806.890  27.4%     -   41s
     0     0 863806.890    0  406 1190310.61 863806.890  27.4%     -   41s
H    0     0                    1189655.5821 863806.953  27.4%     -   42s
H    0     0                    1188216.3666 863806.953  27.3%     -   42s
H    0     0                    1187186.2158 863806.953  27.2%     -   42s
     0     0 863968.611    0  391 1187186.22 863968.611  27.2%     -   42s
     0     0 863983.301    0  384 1187186.22 863983.301  27.2%     -   43s
     0     0 863983.329    0  386 1187186.22 863983.329  27.2%     -   43s
     0     0 867472.981    0  360 1187186.22 867472.981  26.9%     -   45s
     0     0 867510.125    0  394 1187186.22 867510.125  26.9%     -   45s
     0     0 868437.400    0  312 1187186.22 868437.400  26.8%     -   46s
     0     0 868539.859    0  358 1187186.22 868539.859  26.8%     -   47s
     0     0 868544.611    0  371 1187186.22 868544.611  26.8%     -   47s
     0     0 868545.369    0  376 1187186.22 868545.369  26.8%     -   47s
     0     0 870502.660    0  382 1187186.22 870502.660  26.7%     -   49s
     0     0 870516.479    0  385 1187186.22 870516.479  26.7%     -   49s
H    0     0                    1185864.0772 870517.234  26.6%     -   49s
H    0     0                    1182952.9206 870517.234  26.4%     -   50s
H    0     0                    1182148.4927 870517.234  26.4%     -   50s
H    0     0                    1177692.8075 870517.234  26.1%     -   51s
H    0     0                    1177602.3035 870517.234  26.1%     -   51s
H    0     0                    1162812.5929 870517.234  25.1%     -   51s
H    0     0                    1162496.5021 870517.234  25.1%     -   52s
H    0     0                    1161048.5919 870517.234  25.0%     -   52s
     0     0 870904.994    0  382 1161048.59 870904.994  25.0%     -   52s
     0     0 871086.826    0  421 1161048.59 871086.826  25.0%     -   53s
     0     0 871102.652    0  418 1161048.59 871102.652  25.0%     -   53s
     0     0 871121.573    0  382 1161048.59 871121.573  25.0%     -   53s
     0     0 871121.832    0  382 1161048.59 871121.832  25.0%     -   53s
     0     0 873223.771    0  360 1161048.59 873223.771  24.8%     -   55s
     0     0 874107.702    0  360 1161048.59 874107.702  24.7%     -   56s
     0     0 874285.337    0  384 1161048.59 874285.337  24.7%     -   57s
     0     0 874289.117    0  384 1161048.59 874289.117  24.7%     -   57s
     0     0 876295.632    0  360 1161048.59 876295.632  24.5%     -   58s
     0     0 876876.862    0  371 1161048.59 876876.862  24.5%     -   60s
     0     0 876926.199    0  394 1161048.59 876926.199  24.5%     -   60s
     0     0 876932.097    0  391 1161048.59 876932.097  24.5%     -   61s
     0     0 879538.141    0  329 1161048.59 879538.141  24.2%     -   62s
     0     0 879990.644    0  354 1161048.59 879990.644  24.2%     -   63s
     0     0 880017.320    0  339 1161048.59 880017.320  24.2%     -   63s
     0     0 880019.503    0  340 1161048.59 880019.503  24.2%     -   63s
     0     0 881098.372    0  421 1161048.59 881098.372  24.1%     -   65s
     0     0 881128.712    0  423 1161048.59 881128.712  24.1%     -   65s
     0     0 881424.299    0  427 1161048.59 881424.299  24.1%     -   66s
     0     0 881443.643    0  421 1161048.59 881443.643  24.1%     -   66s
     0     0 881450.564    0  427 1161048.59 881450.564  24.1%     -   67s
     0     0 881450.586    0  429 1161048.59 881450.586  24.1%     -   67s
     0     0 882830.424    0  336 1161048.59 882830.424  24.0%     -   68s
H    0     0                    1155339.5209 882830.587  23.6%     -   80s
H    0     0                    1147803.5777 882830.587  23.1%     -   83s
     0     0 883279.005    0  403 1147803.58 883279.005  23.0%     -   88s
     0     0 883401.373    0  361 1147803.58 883401.373  23.0%     -   88s
     0     0 883431.916    0  383 1147803.58 883431.916  23.0%     -   88s
     0     0 883433.940    0  399 1147803.58 883433.940  23.0%     -   88s
     0     0 884282.484    0  392 1147803.58 884282.484  23.0%     -   90s
H    0     0                    1139175.8804 884481.527  22.4%     -   91s
H    0     0                    1137024.3326 884481.527  22.2%     -   91s
H    0     0                    1136227.9462 884481.527  22.2%     -   91s
     0     0 884481.527    0  422 1136227.95 884481.527  22.2%     -   91s
H    0     0                    1134338.3769 884506.817  22.0%     -   91s
     0     0 884506.817    0  399 1134338.38 884506.817  22.0%     -   91s
     0     0 884530.421    0  386 1134338.38 884530.421  22.0%     -   92s
     0     0 884531.164    0  391 1134338.38 884531.164  22.0%     -   92s
     0     0 885080.905    0  373 1134338.38 885080.905  22.0%     -   93s
     0     0 885126.314    0  413 1134338.38 885126.314  22.0%     -   93s
     0     0 885126.765    0  431 1134338.38 885126.765  22.0%     -   93s
     0     0 885459.536    0  388 1134338.38 885459.536  21.9%     -   95s
H    0     0                    1132011.1311 885462.961  21.8%     -   95s
H    0     0                    1131671.5049 885462.961  21.8%     -   95s
H    0     0                    1125348.9967 885462.961  21.3%     -   95s
H    0     0                    1125196.0586 885462.961  21.3%     -   95s
     0     0 885653.887    0  386 1125196.06 885653.887  21.3%     -   96s
     0     0 885654.023    0  386 1125196.06 885654.023  21.3%     -   96s
     0     0 885654.234    0  367 1125196.06 885654.234  21.3%     -   96s
     0     0 885692.377    0  328 1125196.06 885692.377  21.3%     -   96s
     0     0 885710.317    0  333 1125196.06 885710.317  21.3%     -   97s
     0     0 885741.124    0  367 1125196.06 885741.124  21.3%     -   97s
     0     0 885787.350    0  369 1125196.06 885787.350  21.3%     -   97s
     0     0 885791.327    0  407 1125196.06 885791.327  21.3%     -   97s
     0     0 886507.592    0  382 1125196.06 886507.592  21.2%     -   99s
     0     0 886594.551    0  368 1125196.06 886594.551  21.2%     -   99s
     0     0 886656.136    0  392 1125196.06 886656.136  21.2%     -   99s
     0     0 886673.495    0  415 1125196.06 886673.495  21.2%     -  100s
     0     0 886679.652    0  401 1125196.06 886679.652  21.2%     -  100s
     0     0 887007.708    0  372 1125196.06 887007.708  21.2%     -  101s
H    0     0                    1124183.2503 887015.789  21.1%     -  102s
H    0     0                    1123484.5695 887015.789  21.0%     -  102s
H    0     0                    1108228.5766 887015.789  20.0%     -  103s
     0     0 887047.070    0  363 1108228.58 887047.070  20.0%     -  104s
     0     0 887070.618    0  351 1108228.58 887070.618  20.0%     -  104s
     0     0 887075.078    0  352 1108228.58 887075.078  20.0%     -  104s
     0     0 887196.536    0  388 1108228.58 887196.536  19.9%     -  105s
     0     0 887218.349    0  439 1108228.58 887218.349  19.9%     -  106s
     0     0 887220.227    0  446 1108228.58 887220.227  19.9%     -  106s
     0     0 887436.961    0  470 1108228.58 887436.961  19.9%     -  107s
H    0     0                    1101670.6733 887437.087  19.4%     -  108s
H    0     0                    1099801.6244 887437.087  19.3%     -  108s
     0     0 887464.107    0  462 1099801.62 887464.107  19.3%     -  108s
     0     0 887465.841    0  462 1099801.62 887465.841  19.3%     -  109s
     0     0 888047.979    0  492 1099801.62 888047.979  19.3%     -  110s
     0     0 888194.154    0  445 1099801.62 888194.154  19.2%     -  111s
     0     0 888197.000    0  477 1099801.62 888197.000  19.2%     -  111s
     0     0 890493.216    0  360 1099801.62 890493.216  19.0%     -  112s
     0     0 890801.794    0  393 1099801.62 890801.794  19.0%     -  114s
     0     0 890921.497    0  414 1099801.62 890921.497  19.0%     -  115s
     0     0 890944.650    0  382 1099801.62 890944.650  19.0%     -  115s
     0     0 890950.950    0  432 1099801.62 890950.950  19.0%     -  115s
     0     0 892306.443    0  425 1099801.62 892306.443  18.9%     -  117s
     0     0 892594.238    0  426 1099801.62 892594.238  18.8%     -  117s
     0     0 892998.374    0  453 1099801.62 892998.374  18.8%     -  118s
     0     0 893124.488    0  441 1099801.62 893124.488  18.8%     -  118s
     0     0 893125.138    0  457 1099801.62 893125.138  18.8%     -  119s
     0     0          -    0      1099801.62 893125.138  18.8%     -  120s

Cutting planes:
  Learned: 10
  Gomory: 23
  Cover: 114
  Implied bound: 215
  Clique: 99
  MIR: 459
  Knapsack: 2
  StrongCG: 124
  Flow cover: 189
  GUB cover: 32
  Zero half: 7
  Network: 3
  RLT: 319
  Relax-and-lift: 92
  BQP: 18

Explored 1 nodes (69105 simplex iterations) in 120.02 seconds (166.07 work units)
Thread count was 24 (of 24 available processors)

Solution count 10: 1.0998e+06 1.10167e+06 1.10823e+06 ... 1.13434e+06

Time limit reached
Best objective 1.099801624411e+06, best bound 8.931251382872e+05, gap 18.7922%
