
Gurobi 13.0.2 (linux64, Python) logging started Sat Aug 22 13:23:15 2026

Set parameter LogToConsole to value 0
Set parameter Username
Set parameter LicenseID to value 2748191
Set parameter TimeLimit to value 120
Set parameter LogFile to value "output/bz_nbr7008_043/weighted_loss/retail_y_2__retail_v_2__retail_v_2__rolled_leftover_4/period_2/gurobi.log"
Academic license - for non-commercial use only - expires 2026-12-01
Gurobi Optimizer version 13.0.2 build v13.0.2rc1 (linux64 - "Debian GNU/Linux 13 (trixie)")

CPU model: 13th Gen Intel(R) Core(TM) i7-13700HX, instruction set [SSE2|AVX|AVX2]
Thread count: 24 physical cores, 24 logical processors, using up to 24 threads

Non-default parameters:
TimeLimit  120
LogToConsole  0

Optimize a model with 204905 rows, 137495 columns and 716247 nonzeros (Min)
Model fingerprint: 0x75cf550b
Model has 54530 linear objective coefficients and an objective constant of 5.6105654936880013e+05
Variable types: 113292 continuous, 24203 integer (24203 binary)
Coefficient statistics:
  Matrix range     [1e-03, 1e+04]
  Objective range  [1e+01, 3e+05]
  Bounds range     [1e+00, 1e+00]
  RHS range        [1e-01, 3e+04]

Presolve removed 123496 rows and 85893 columns
Presolve time: 3.57s
Presolved: 81409 rows, 51602 columns, 818197 nonzeros
Variable types: 33767 continuous, 17835 integer (17789 binary)
Deterministic concurrent LP optimizer: primal simplex, dual simplex, and barrier
Showing barrier log only...

Root barrier log...

Ordering time: 0.42s

Barrier statistics:
 Dense cols : 42
 AA' NZ     : 7.093e+06
 Factor NZ  : 1.207e+07 (roughly 140 MB of memory)
 Factor Ops : 3.406e+09 (less than 1 second per iteration)
 Threads    : 21

                  Objective                Residual
Iter       Primal          Dual         Primal    Dual     Compl     Time
   0  -6.81190514e+09 -1.49922544e+10  2.80e+06 2.16e+02  4.15e+06     5s
   1  -3.99916730e+09 -1.36208052e+10  1.76e+06 3.75e+02  2.28e+06     5s
   2  -1.47347649e+09 -1.13008512e+10  6.05e+05 8.34e+01  8.16e+05     5s
   3  -3.89452353e+08 -5.48785807e+09  1.61e+05 1.87e+00  2.18e+05     5s
   4  -3.70289385e+07 -1.36172726e+09  1.88e+04 8.23e-11  2.78e+04     5s
   5  -1.94711898e+06 -6.34351435e+08  5.53e+03 8.28e-11  9.20e+03     5s
   6   7.36818667e+06 -3.15355237e+08  2.02e+03 7.31e-11  3.68e+03     5s
   7   9.66744656e+06 -7.03736167e+07  1.09e+03 4.64e-11  1.02e+03     6s
   8   1.06907313e+07 -3.75632496e+07  4.37e+02 2.18e-11  4.97e+02     6s
   9   9.52365828e+06 -2.17023642e+07  1.82e+02 1.24e-11  2.74e+02     6s
  10   8.53198387e+06 -1.26859593e+07  1.01e+02 1.56e-11  1.75e+02     6s
  11   7.76067152e+06 -1.09607672e+07  6.37e+01 1.25e-11  1.48e+02     6s
  12   6.44961759e+06 -7.67240056e+06  4.45e+01 1.19e-11  1.10e+02     6s
  13   4.33930663e+06 -6.21845212e+06  2.47e+01 1.33e-11  8.01e+01     6s
  14   3.20063669e+06 -1.65904295e+06  1.50e+01 1.39e-11  3.78e+01     6s
  15   2.23282372e+06 -5.76799169e+05  8.01e+00 1.60e-11  2.18e+01     6s
  16   1.98626443e+06  2.29759093e+05  5.99e+00 1.16e-11  1.39e+01     6s
  17   1.62427641e+06  3.13394459e+05  2.96e+00 1.39e-11  1.00e+01     6s
  18   1.48528313e+06  6.76420156e+05  1.81e+00 1.70e-11  6.20e+00     7s
  19   1.39156386e+06  8.53924009e+05  1.21e+00 1.52e-11  4.12e+00     7s
  20   1.33626984e+06  8.67562948e+05  9.01e-01 1.64e-11  3.55e+00     7s
  21   1.29646641e+06  9.04050938e+05  6.65e-01 1.52e-11  2.95e+00     7s
  22   1.24029866e+06  1.08433919e+06  2.49e-01 2.17e-11  1.17e+00     7s
  23   1.21242278e+06  1.14494775e+06  7.28e-02 1.56e-11  4.95e-01     7s
  24   1.20569722e+06  1.14671626e+06  4.74e-02 1.98e-11  4.28e-01     7s
  25   1.20357542e+06  1.16031338e+06  4.01e-02 2.19e-11  3.16e-01     7s
  26   1.19856226e+06  1.18157234e+06  1.21e-02 2.04e-11  1.23e-01     7s
  27   1.19524535e+06  1.18715205e+06  4.98e-03 2.43e-11  5.83e-02     8s
  28   1.19464594e+06  1.18838118e+06  3.93e-03 2.68e-11  4.52e-02     8s
  29   1.19319063e+06  1.18959223e+06  1.65e-03 1.90e-11  2.58e-02     8s
  30   1.19286597e+06  1.19074602e+06  1.22e-03 2.21e-11  1.53e-02     8s
  31   1.19251864e+06  1.19089936e+06  7.69e-04 2.44e-11  1.16e-02     8s
  32   1.19233269e+06  1.19127568e+06  5.65e-04 2.42e-11  7.60e-03     8s
  33   1.19218411e+06  1.19147604e+06  4.08e-04 3.47e-11  5.10e-03     8s
  34   1.19203813e+06  1.19159411e+06  2.60e-04 2.62e-11  3.20e-03     8s
  35   1.19193396e+06  1.19168756e+06  1.52e-04 1.88e-11  1.78e-03     8s
  36   1.19184796e+06  1.19172945e+06  7.26e-05 2.40e-11  8.56e-04     8s
  37   1.19180043e+06  1.19174721e+06  2.63e-05 2.46e-11  3.83e-04     8s
  38   1.19179002e+06  1.19175620e+06  1.76e-05 2.69e-11  2.44e-04     9s
  39   1.19177859e+06  1.19175927e+06  8.84e-06 2.91e-11  1.39e-04     9s
  40   1.19176803e+06  1.19176625e+06  7.46e-07 2.88e-11  1.28e-05     9s
  41   1.19176706e+06  1.19176685e+06  1.16e-07 2.76e-11  1.54e-06     9s
  42   1.19176692e+06  1.19176688e+06  2.84e-07 2.32e-11  3.20e-07     9s
  43   1.19176691e+06  1.19176688e+06  5.79e-07 2.50e-11  2.20e-07     9s
  44   1.19176689e+06  1.19176689e+06  6.84e-07 2.96e-11  6.99e-08     9s
  45   1.19176689e+06  1.19176689e+06  1.60e-09 2.35e-11  3.34e-10     9s

Barrier solved model in 45 iterations and 9.14 seconds (13.94 work units)
Optimal objective 1.19176689e+06


Root crossover log...

   47728 DPushes remaining with DInf 7.8089390e-04                 9s
       0 DPushes remaining with DInf 0.0000000e+00                10s

      70 PPushes remaining with PInf 1.5697907e-06                10s
       0 PPushes remaining with PInf 0.0000000e+00                10s

  Push phase complete: Pinf 0.0000000e+00, Dinf 1.5514882e+02     10s


Root simplex log...

Iteration    Objective       Primal Inf.    Dual Inf.      Time
   30146    1.1917669e+06   0.000000e+00   1.551488e+02     10s
   30164    1.1917669e+06   0.000000e+00   0.000000e+00     10s
Crossover time: 0.73 seconds (0.49 work units)
Concurrent spin time: 0.30s

Solved with barrier
   30164    1.1917669e+06   0.000000e+00   0.000000e+00     10s

Root relaxation: objective 1.191767e+06, 30164 iterations, 6.40 seconds (6.74 work units)

    Nodes    |    Current Node    |     Objective Bounds      |     Work
 Expl Unexpl |  Obj  Depth IntInf | Incumbent    BestBd   Gap | It/Node Time

     0     0 1191766.89    0  194          - 1191766.89      -     -   10s
     0     0 1191768.43    0  196          - 1191768.43      -     -   11s
     0     0 1191768.44    0  196          - 1191768.44      -     -   11s
     0     0 1191768.45    0  195          - 1191768.45      -     -   11s
H    0     0                    2888799.8575 1191768.45  58.7%     -   11s
H    0     0                    2798108.4671 1191768.45  57.4%     -   11s
H    0     0                    2565249.1040 1191768.45  53.5%     -   11s
H    0     0                    2454169.3998 1191768.45  51.4%     -   11s
H    0     0                    2446995.6717 1191768.45  51.3%     -   11s
H    0     0                    2430134.1750 1191768.45  51.0%     -   11s
H    0     0                    2427120.7995 1191768.45  50.9%     -   12s
H    0     0                    2402565.1901 1191768.45  50.4%     -   12s
H    0     0                    2325099.0682 1191768.45  48.7%     -   12s
H    0     0                    2315323.9970 1191768.45  48.5%     -   12s
H    0     0                    2315008.4609 1191768.45  48.5%     -   12s
H    0     0                    2298124.1653 1191768.45  48.1%     -   12s
H    0     0                    2298040.3137 1191768.45  48.1%     -   12s
H    0     0                    2297465.0426 1191768.45  48.1%     -   12s
H    0     0                    2204068.3595 1191768.45  45.9%     -   13s
H    0     0                    2044708.8272 1191768.45  41.7%     -   13s
H    0     0                    2000385.1218 1191768.45  40.4%     -   13s
H    0     0                    1945835.9437 1191768.45  38.8%     -   13s
H    0     0                    1907000.7405 1191768.45  37.5%     -   13s
H    0     0                    1899961.2283 1191768.45  37.3%     -   13s
H    0     0                    1889938.9706 1191768.45  36.9%     -   13s
H    0     0                    1881360.0936 1191768.45  36.7%     -   13s
H    0     0                    1810291.0120 1191768.45  34.2%     -   14s
H    0     0                    1810225.2175 1191768.45  34.2%     -   14s
H    0     0                    1810205.6449 1191768.45  34.2%     -   14s
H    0     0                    1781912.2741 1191768.45  33.1%     -   14s
H    0     0                    1781844.8211 1191768.45  33.1%     -   14s
H    0     0                    1765727.5822 1191768.45  32.5%     -   14s
     0     0 1194945.05    0  162 1765727.58 1194945.05  32.3%     -   19s
H    0     0                    1748833.2960 1194964.16  31.7%     -   19s
H    0     0                    1719044.0203 1194964.16  30.5%     -   19s
H    0     0                    1703536.0840 1194964.16  29.9%     -   19s
H    0     0                    1699510.6707 1194964.16  29.7%     -   20s
H    0     0                    1699271.1498 1194964.16  29.7%     -   20s
H    0     0                    1679148.8144 1194964.16  28.8%     -   20s
H    0     0                    1678630.0132 1194964.16  28.8%     -   21s
H    0     0                    1671114.7116 1194964.16  28.5%     -   21s
H    0     0                    1664932.3309 1194964.16  28.2%     -   21s
     0     0 1194964.16    0  155 1664932.33 1194964.16  28.2%     -   22s
     0     0 1198715.38    0  190 1664932.33 1198715.38  28.0%     -   24s
     0     0 1198723.37    0  195 1664932.33 1198723.37  28.0%     -   25s
H    0     0                    1658889.7441 1206351.17  27.3%     -   28s
     0     0 1206351.17    0  354 1658889.74 1206351.17  27.3%     -   28s
     0     0 1206386.08    0  331 1658889.74 1206386.08  27.3%     -   28s
H    0     0                    1650312.9473 1206386.11  26.9%     -   29s
H    0     0                    1648634.0226 1206386.11  26.8%     -   29s
H    0     0                    1647328.5248 1206386.11  26.8%     -   29s
H    0     0                    1647293.7831 1206386.11  26.8%     -   29s
H    0     0                    1642465.6775 1206386.11  26.6%     -   29s
     0     0 1206405.65    0  338 1642465.68 1206405.65  26.5%     -   30s
     0     0 1206405.69    0  337 1642465.68 1206405.69  26.5%     -   30s
H    0     0                    1633364.0165 1209965.93  25.9%     -   33s
     0     0 1209965.93    0  306 1633364.02 1209965.93  25.9%     -   33s
     0     0 1209966.06    0  289 1633364.02 1209966.06  25.9%     -   33s
H    0     0                    1631415.5852 1209966.61  25.8%     -   34s
H    0     0                    1629133.1266 1209966.61  25.7%     -   36s
H    0     0                    1629008.9335 1209966.61  25.7%     -   37s
H    0     0                    1619447.8641 1209966.61  25.3%     -   39s
H    0     0                    1613132.8029 1210198.62  25.0%     -   50s
     0     0 1210202.41    0  297 1613132.80 1210202.41  25.0%     -   50s
     0     0 1210213.33    0  277 1613132.80 1210213.33  25.0%     -   50s
     0     0 1210220.76    0  285 1613132.80 1210220.76  25.0%     -   50s
     0     0 1220382.33    0  390 1613132.80 1220382.33  24.3%     -   55s
     0     0 1220440.89    0  388 1613132.80 1220440.89  24.3%     -   55s
H    0     0                    1609563.5487 1220467.64  24.2%     -   56s
H    0     0                    1607211.4250 1220467.64  24.1%     -   56s
H    0     0                    1605812.6703 1220467.64  24.0%     -   56s
     0     0 1222052.67    0  385 1605812.67 1222052.67  23.9%     -   57s
     0     0 1223798.25    0  303 1605812.67 1223798.25  23.8%     -   57s
     0     0 1224293.89    0  334 1605812.67 1224293.89  23.8%     -   58s
     0     0 1224360.81    0  339 1605812.67 1224360.81  23.8%     -   58s
     0     0 1224360.83    0  340 1605812.67 1224360.83  23.8%     -   58s
     0     0 1232937.49    0  338 1605812.67 1232937.49  23.2%     -   60s
     0     0 1234174.65    0  301 1605812.67 1234174.65  23.1%     -   61s
     0     0 1235338.46    0  343 1605812.67 1235338.46  23.1%     -   61s
     0     0 1235528.07    0  368 1605812.67 1235528.07  23.1%     -   61s
     0     0 1235536.07    0  342 1605812.67 1235536.07  23.1%     -   62s
     0     0 1235536.44    0  371 1605812.67 1235536.44  23.1%     -   62s
     0     0 1242003.90    0  300 1605812.67 1242003.90  22.7%     -   63s
H    0     0                    1603073.9405 1242035.46  22.5%     -   64s
     0     0 1242336.03    0  319 1603073.94 1242336.03  22.5%     -   65s
     0     0 1242363.72    0  321 1603073.94 1242363.72  22.5%     -   65s
     0     0 1242363.74    0  322 1603073.94 1242363.74  22.5%     -   65s
     0     0 1245464.82    0  310 1603073.94 1245464.82  22.3%     -   67s
     0     0 1245531.87    0  315 1603073.94 1245531.87  22.3%     -   67s
     0     0 1246207.92    0  306 1603073.94 1246207.92  22.3%     -   69s
     0     0 1246246.76    0  337 1603073.94 1246246.76  22.3%     -   69s
     0     0 1246269.60    0  338 1603073.94 1246269.60  22.3%     -   69s
     0     0 1246270.63    0  329 1603073.94 1246270.63  22.3%     -   69s
     0     0 1246960.93    0  341 1603073.94 1246960.93  22.2%     -   71s
H    0     0                    1602221.8613 1247056.78  22.2%     -   71s
H    0     0                    1589688.0997 1247056.78  21.6%     -   72s
H    0     0                    1568990.0278 1247056.78  20.5%     -   72s
H    0     0                    1560966.4132 1247056.78  20.1%     -   72s
H    0     0                    1560946.5811 1247056.78  20.1%     -   73s
H    0     0                    1551431.0995 1247056.78  19.6%     -   73s
H    0     0                    1551411.2673 1247056.78  19.6%     -   73s
H    0     0                    1551156.8738 1247056.78  19.6%     -   73s
H    0     0                    1551137.0416 1247056.78  19.6%     -   73s
H    0     0                    1551111.7792 1247056.78  19.6%     -   73s
H    0     0                    1550825.3929 1247056.78  19.6%     -   73s
H    0     0                    1550735.0829 1247056.78  19.6%     -   74s
H    0     0                    1546797.7584 1247056.78  19.4%     -   74s
     0     0 1247099.85    0  355 1546797.76 1247099.85  19.4%     -   74s
     0     0 1247099.85    0  362 1546797.76 1247099.85  19.4%     -   74s
     0     0 1247215.56    0  419 1546797.76 1247215.56  19.4%     -   74s
     0     0 1247239.71    0  416 1546797.76 1247239.71  19.4%     -   75s
     0     0 1247240.05    0  416 1546797.76 1247240.05  19.4%     -   75s
     0     0 1248364.39    0  305 1546797.76 1248364.39  19.3%     -   76s
     0     0 1248626.09    0  323 1546797.76 1248626.09  19.3%     -   77s
     0     0 1248843.07    0  372 1546797.76 1248843.07  19.3%     -   77s
     0     0 1248870.08    0  339 1546797.76 1248870.08  19.3%     -   77s
     0     0 1248912.54    0  361 1546797.76 1248912.54  19.3%     -   78s
     0     0 1248925.75    0  366 1546797.76 1248925.75  19.3%     -   78s
     0     0 1248928.01    0  359 1546797.76 1248928.01  19.3%     -   78s
     0     0 1249908.58    0  219 1546797.76 1249908.58  19.2%     -   79s
     0     0 1250075.73    0  272 1546797.76 1250075.73  19.2%     -   85s
     0     0 1250144.07    0  311 1546797.76 1250144.07  19.2%     -   85s
     0     0 1250177.88    0  311 1546797.76 1250177.88  19.2%     -   86s
     0     0 1250183.07    0  282 1546797.76 1250183.07  19.2%     -   86s
     0     0 1250524.30    0  258 1546797.76 1250524.30  19.2%     -   87s
     0     0 1250682.71    0  278 1546797.76 1250682.71  19.1%     -   88s
     0     0 1250691.81    0  266 1546797.76 1250691.81  19.1%     -   88s
     0     0 1251223.97    0  419 1546797.76 1251223.97  19.1%     -   90s
H    0     0                    1546768.6323 1251224.41  19.1%     -   90s
H    0     0                    1546765.4355 1251224.41  19.1%     -   90s
H    0     0                    1543864.3692 1251224.41  19.0%     -   90s
H    0     0                    1542440.8619 1251224.41  18.9%     -   90s
H    0     0                    1537781.6074 1251224.41  18.6%     -   90s
     0     0 1251259.78    0  395 1537781.61 1251259.78  18.6%     -   91s
     0     0 1251275.26    0  437 1537781.61 1251275.26  18.6%     -   91s
     0     0 1251280.53    0  399 1537781.61 1251280.53  18.6%     -   91s
     0     0 1252088.49    0  309 1537781.61 1252088.49  18.6%     -   93s
     0     0 1252350.54    0  361 1537781.61 1252350.54  18.6%     -   94s
     0     0 1252391.97    0  406 1537781.61 1252391.97  18.6%     -   94s
     0     0 1252395.27    0  392 1537781.61 1252395.27  18.6%     -   94s
     0     0 1253390.47    0  402 1537781.61 1253390.47  18.5%     -   96s
H    0     0                    1537184.8726 1253390.53  18.5%     -   97s
H    0     0                    1532643.3109 1253390.53  18.2%     -   97s
H    0     0                    1515520.1695 1253390.53  17.3%     -   97s
H    0     0                    1515419.2378 1253390.53  17.3%     -   97s
     0     0 1253707.21    0  402 1515419.24 1253707.21  17.3%     -   98s
     0     0 1253730.17    0  423 1515419.24 1253730.17  17.3%     -   98s
     0     0 1253732.77    0  407 1515419.24 1253732.77  17.3%     -   98s
     0     0 1254528.67    0  280 1515419.24 1254528.67  17.2%     -  101s
     0     0 1254676.02    0  271 1515419.24 1254676.02  17.2%     -  101s
     0     0 1254772.75    0  320 1515419.24 1254772.75  17.2%     -  102s
     0     0 1254802.75    0  314 1515419.24 1254802.75  17.2%     -  103s
     0     0 1254814.45    0  329 1515419.24 1254814.45  17.2%     -  103s
     0     0 1254829.58    0  344 1515419.24 1254829.58  17.2%     -  103s
     0     0 1255814.29    0  459 1515419.24 1255814.29  17.1%     -  105s
H    0     0                    1515414.2119 1255850.27  17.1%     -  106s
H    0     0                    1505867.9001 1255850.27  16.6%     -  106s
H    0     0                    1505645.7296 1255850.27  16.6%     -  106s
H    0     0                    1500924.9649 1255850.27  16.3%     -  106s
     0     0 1256663.39    0  402 1500924.96 1256663.39  16.3%     -  107s
     0     0 1257035.33    0  451 1500924.96 1257035.33  16.2%     -  108s
     0     0 1257209.70    0  491 1500924.96 1257209.70  16.2%     -  108s
     0     0 1257379.12    0  456 1500924.96 1257379.12  16.2%     -  109s
     0     0 1257391.83    0  461 1500924.96 1257391.83  16.2%     -  109s
     0     0 1257401.90    0  490 1500924.96 1257401.90  16.2%     -  109s
     0     0 1261149.02    0  445 1500924.96 1261149.02  16.0%     -  112s
     0     0 1261665.09    0  481 1500924.96 1261665.09  15.9%     -  113s
     0     0 1261861.17    0  526 1500924.96 1261861.17  15.9%     -  113s
     0     0 1261882.57    0  479 1500924.96 1261882.57  15.9%     -  114s
     0     0 1261926.36    0  468 1500924.96 1261926.36  15.9%     -  114s
     0     0 1261926.58    0  485 1500924.96 1261926.58  15.9%     -  114s
     0     0 1263513.53    0  394 1500924.96 1263513.53  15.8%     -  116s
H    0     0                    1500323.2042 1263611.39  15.8%     -  117s
H    0     0                    1500040.4410 1263611.39  15.8%     -  119s
H    0     0                    1494257.6633 1263611.39  15.4%     -  119s
H    0     0                    1493579.5913 1263611.39  15.4%     -  119s
H    0     0                    1493561.8025 1263611.39  15.4%     -  119s
H    0     0                    1493412.1798 1263611.39  15.4%     -  119s
H    0     0                    1483767.8546 1263611.39  14.8%     -  119s
     0     0          -    0      1483767.85 1263611.39  14.8%     -  120s

Cutting planes:
  Learned: 5
  Gomory: 30
  Cover: 114
  Implied bound: 200
  Clique: 84
  MIR: 458
  Knapsack: 2
  StrongCG: 104
  Flow cover: 209
  GUB cover: 69
  Zero half: 5
  Network: 2
  RLT: 367
  Relax-and-lift: 113
  BQP: 10

Explored 1 nodes (72520 simplex iterations) in 120.05 seconds (147.04 work units)
Thread count was 24 (of 24 available processors)

Solution count 10: 1.48377e+06 1.49341e+06 1.49356e+06 ... 1.50587e+06

Time limit reached
Best objective 1.483767854564e+06, best bound 1.263611385820e+06, gap 14.8377%
