
Gurobi 12.0.3 (win64, Python) logging started Thu May  7 18:29:04 2026

Set parameter LogToConsole to value 0
Set parameter Username
Set parameter LicenseID to value 2807357
Set parameter TimeLimit to value 120
Set parameter LogFile to value "output/bz_nbr7008_095/period_3/gurobi.log"
Academic license - for non-commercial use only - expires 2027-04-14
Gurobi Optimizer version 12.0.3 build v12.0.3rc0 (win64 - Windows 10.0 (19045.2))

CPU model: Intel(R) Core(TM) i7-7700HQ CPU @ 2.80GHz, instruction set [SSE2|AVX|AVX2]
Thread count: 4 physical cores, 8 logical processors, using up to 8 threads

Non-default parameters:
TimeLimit  120
LogToConsole  0

Optimize a model with 9081 rows, 6395 columns and 24125 nonzeros
Model fingerprint: 0x4198e1a9
Variable types: 5176 continuous, 1219 integer (1219 binary)
Coefficient statistics:
  Matrix range     [6e-03, 1e+04]
  Objective range  [5e+00, 1e+05]
  Bounds range     [1e+00, 1e+00]
  RHS range        [1e-01, 3e+04]
Presolve removed 6914 rows and 4834 columns
Presolve time: 0.13s
Presolved: 2167 rows, 1561 columns, 8581 nonzeros
Variable types: 981 continuous, 580 integer (556 binary)

Root relaxation: objective 2.326158e+04, 952 iterations, 0.02 seconds (0.03 work units)

    Nodes    |    Current Node    |     Objective Bounds      |     Work
 Expl Unexpl |  Obj  Depth IntInf | Incumbent    BestBd   Gap | It/Node Time

     0     0 23261.5831    0   32          - 23261.5831      -     -    0s
H    0     0                    239410.93205 23261.5831  90.3%     -    0s
     0     0 23261.5831    0   33 239410.932 23261.5831  90.3%     -    0s
H    0     0                    166997.86171 23261.6073  86.1%     -    0s
     0     0 23261.6073    0   21 166997.862 23261.6073  86.1%     -    0s
     0     0 23261.6073    0   43 166997.862 23261.6073  86.1%     -    0s
     0     0 23262.3156    0   42 166997.862 23262.3156  86.1%     -    0s
     0     0 23262.7874    0   63 166997.862 23262.7874  86.1%     -    0s
     0     0 23263.1629    0   69 166997.862 23263.1629  86.1%     -    0s
     0     0 23263.5546    0   85 166997.862 23263.5546  86.1%     -    0s
     0     0 23263.5912    0   86 166997.862 23263.5912  86.1%     -    0s
H    0     0                    142151.88027 23266.2754  83.6%     -    0s
H    0     0                    142125.82715 23266.2754  83.6%     -    0s
H    0     0                    139318.79264 23266.2754  83.3%     -    0s
H    0     0                    139292.73952 23266.2754  83.3%     -    0s
     0     0 23266.2754    0   48 139292.740 23266.2754  83.3%     -    0s
     0     0 23270.1376    0   40 139292.740 23270.1376  83.3%     -    0s
     0     0 23270.1376    0   41 139292.740 23270.1376  83.3%     -    0s
     0     0 23289.5677    0   60 139292.740 23289.5677  83.3%     -    0s
H    0     0                    119191.87825 23291.3282  80.5%     -    0s
     0     0 23291.3282    0   60 119191.878 23291.3282  80.5%     -    0s
     0     0 24095.9576    0   79 119191.878 24095.9576  79.8%     -    0s
H    0     0                    116561.34969 24136.6832  79.3%     -    0s
H    0     0                    103567.31858 24136.6832  76.7%     -    0s
H    0     0                    101374.98601 24136.6832  76.2%     -    0s
H    0     0                    97429.385951 24136.6832  75.2%     -    0s
H    0     0                    94696.146331 24136.6832  74.5%     -    0s
     0     0 24177.1528    0   83 94696.1463 24177.1528  74.5%     -    0s
     0     0 25016.9713    0   76 94696.1463 25016.9713  73.6%     -    0s
     0     0 25104.6132    0   77 94696.1463 25104.6132  73.5%     -    0s
H    0     0                    81506.678611 25104.6132  69.2%     -    0s
     0     0 25442.1814    0   67 81506.6786 25442.1814  68.8%     -    0s
     0     0 25516.5101    0   80 81506.6786 25516.5101  68.7%     -    0s
     0     0 25518.9230    0   85 81506.6786 25518.9230  68.7%     -    0s
H    0     0                    81101.416437 25518.9230  68.5%     -    0s
     0     0 26992.7794    0   47 81101.4164 26992.7794  66.7%     -    0s
     0     0 26992.7794    0   48 81101.4164 26992.7794  66.7%     -    0s
     0     0 27052.8611    0   60 81101.4164 27052.8611  66.6%     -    0s
     0     0 27198.5440    0   62 81101.4164 27198.5440  66.5%     -    0s
     0     0 27889.7714    0   49 81101.4164 27889.7714  65.6%     -    0s
     0     0 27941.1100    0   57 81101.4164 27941.1100  65.5%     -    0s
     0     0 27941.1100    0   53 81101.4164 27941.1100  65.5%     -    0s
     0     0 27941.1100    0   47 81101.4164 27941.1100  65.5%     -    0s
H    0     0                    78913.162903 27941.1100  64.6%     -    0s
     0     0 27941.1100    0   44 78913.1629 27941.1100  64.6%     -    0s
     0     0 27941.1100    0   49 78913.1629 27941.1100  64.6%     -    0s
     0     0 27941.1100    0   55 78913.1629 27941.1100  64.6%     -    0s
     0     0 27941.1100    0   55 78913.1629 27941.1100  64.6%     -    1s
     0     2 27951.1432    0   54 78913.1629 27951.1432  64.6%     -    1s
H   31    43                    78855.661900 27951.1432  64.6%  24.6    1s
H   34    43                    75508.948350 27951.1432  63.0%  23.5    1s
H   75    63                    75131.754710 27951.1432  62.8%  30.2    1s
H   91    73                    69784.503949 27951.1432  59.9%  34.3    1s
H  121   106                    64628.980948 27951.1432  56.8%  33.1    1s
H  308   192                    61895.741327 27951.1432  54.8%  33.9    1s
H  384   230                    61758.860467 27951.1432  54.7%  31.1    1s
H  661   320                    61435.659262 27951.1432  54.5%  32.5    2s
H 1124   519                    61328.861665 27951.1432  54.4%  35.1    2s
  1757   782 59737.6187   31   51 61328.8617 29098.9272  52.6%  36.8    5s
H 1807   773                    59425.303000 38040.7691  36.0%  35.8    7s
  1856   806 57611.7707   13  146 59425.3030 39032.9617  34.3%  34.8   10s
  1928   854 57611.7707   10  226 59425.3030 39960.9984  32.8%  33.5   15s
  1985   893 59348.1691   33  177 59425.3030 42721.0366  28.1%  38.0   20s
  2047   934 55405.4937   12  203 59425.3030 49738.5503  16.3%  36.9   25s
  2126   988 59425.3030   31  204 59425.3030 49738.5503  16.3%  39.8   30s
  3141  1293 58529.4806   56   50 59425.3030 49738.5503  16.3%  47.1   35s
  6864  1559     cutoff   48      59425.3030 49738.5503  16.3%  39.4   40s
* 9234  1952              64    59341.181674 49738.5503  16.2%  47.3   44s
H 9243  1951                    59172.528866 49738.5503  15.9%  47.5   44s
  9507  2126     cutoff   66      59172.5289 49738.5503  15.9%  48.3   45s
 13111  2940 58435.0440   55   27 59172.5289 50588.0756  14.5%  52.8   50s
 16391  3625 55896.3749   52   71 59172.5289 51207.5229  13.5%  56.8   55s
 19856  4212     cutoff   56      59172.5289 51871.9208  12.3%  58.8   60s
 23189  4518 56458.8562   48   59 59172.5289 52300.4252  11.6%  60.5   65s
 27895  4666 55371.4802   59   59 59172.5289 53081.0411  10.3%  60.8   70s
 30446  4715     cutoff   57      59172.5289 53514.9651  9.56%  61.3   80s
 34701  4728     cutoff   53      59172.5289 54018.2817  8.71%  63.6   85s
 39030  4592     cutoff   57      59172.5289 54553.3335  7.81%  64.6   90s
 42237  4825 57896.1797   57   66 59172.5289 54849.5672  7.31%  66.1   95s
 46484  4862 infeasible   52      59172.5289 55262.6897  6.61%  67.2  100s
 49243  4595 infeasible   59      59172.5289 55462.6021  6.27%  67.6  105s
 53435  3916 58288.0813   51   43 59172.5289 56034.5584  5.30%  67.7  110s
 56680  3384 58624.7093   53   68 59172.5289 56428.6091  4.64%  68.2  116s
 60400  2633 infeasible   55      59172.5289 56893.8560  3.85%  68.2  120s

Cutting planes:
  Gomory: 6
  Lift-and-project: 2
  Cover: 72
  Implied bound: 25
  Projected implied bound: 33
  Clique: 2
  MIR: 596
  StrongCG: 23
  Flow cover: 133
  GUB cover: 9
  Inf proof: 7
  Zero half: 18
  Network: 6
  RLT: 23
  Relax-and-lift: 53
  BQP: 1

Explored 60407 nodes (4125151 simplex iterations) in 120.02 seconds (93.12 work units)
Thread count was 8 (of 8 available processors)

Solution count 10: 59172.5 59341.2 59425.3 ... 75131.8

Time limit reached
Best objective 5.917252886570e+04, best bound 5.689385603338e+04, gap 3.8509%
