
Gurobi 13.0.2 (linux64, Python) logging started Sat Aug 22 13:25:19 2026

Set parameter LogToConsole to value 0
Set parameter Username
Set parameter LicenseID to value 2748191
Set parameter TimeLimit to value 120
Set parameter LogFile to value "output/bz_nbr7008_043/weighted_loss/retail_y_2__retail_v_2__retail_v_2__rolled_leftover_4/period_3/gurobi.log"
Academic license - for non-commercial use only - expires 2026-12-01
Gurobi Optimizer version 13.0.2 build v13.0.2rc1 (linux64 - "Debian GNU/Linux 13 (trixie)")

CPU model: 13th Gen Intel(R) Core(TM) i7-13700HX, instruction set [SSE2|AVX|AVX2]
Thread count: 24 physical cores, 24 logical processors, using up to 24 threads

Non-default parameters:
TimeLimit  120
LogToConsole  0

Optimize a model with 206548 rows, 138571 columns and 722152 nonzeros (Min)
Model fingerprint: 0xc915ca40
Model has 54620 linear objective coefficients and an objective constant of 536359.6243536
Variable types: 114184 continuous, 24387 integer (24387 binary)
Coefficient statistics:
  Matrix range     [1e-03, 1e+04]
  Objective range  [1e+01, 3e+05]
  Bounds range     [1e+00, 1e+00]
  RHS range        [1e-01, 4e+04]

Presolve removed 124917 rows and 86781 columns (presolve time = 5s)...
Presolve removed 124793 rows and 86657 columns
Presolve time: 5.19s
Presolved: 81755 rows, 51914 columns, 822516 nonzeros
Variable types: 33920 continuous, 17994 integer (17944 binary)
Deterministic concurrent LP optimizer: primal simplex, dual simplex, and barrier
Showing barrier log only...

Root barrier log...

Ordering time: 0.52s

Barrier statistics:
 Dense cols : 36
 AA' NZ     : 7.138e+06
 Factor NZ  : 1.209e+07 (roughly 140 MB of memory)
 Factor Ops : 3.407e+09 (less than 1 second per iteration)
 Threads    : 21

                  Objective                Residual
Iter       Primal          Dual         Primal    Dual     Compl     Time
   0  -6.78499630e+09 -1.68465292e+10  2.79e+06 2.93e+02  4.59e+06     7s
   1  -3.98084778e+09 -1.53091819e+10  1.75e+06 4.18e+02  2.53e+06     7s
   2  -1.47568791e+09 -1.26602868e+10  6.09e+05 9.31e+01  9.11e+05     7s
   3  -4.04915013e+08 -6.05665077e+09  1.69e+05 1.70e-10  2.51e+05     7s
   4  -3.76572747e+07 -1.55773449e+09  1.91e+04 9.90e-11  3.15e+04     7s
   5  -1.70680065e+06 -7.09195578e+08  5.42e+03 1.03e-10  1.01e+04     8s
   6   7.79233460e+06 -3.37981476e+08  1.81e+03 6.05e-11  3.80e+03     8s
   7   9.55204589e+06 -8.63856588e+07  1.12e+03 3.73e-11  1.19e+03     8s
   8   1.07351470e+07 -4.94576939e+07  5.19e+02 2.18e-11  6.30e+02     8s
   9   1.00536882e+07 -2.71991468e+07  2.04e+02 1.68e-11  3.27e+02     8s
  10   9.30641053e+06 -1.82425071e+07  1.45e+02 1.13e-11  2.35e+02     8s
  11   8.42228682e+06 -1.20196075e+07  8.20e+01 1.72e-11  1.64e+02     8s
  12   6.86561997e+06 -8.42214714e+06  2.96e+01 1.59e-11  1.14e+02     8s
  13   5.20023732e+06 -6.93812222e+06  1.97e+01 1.30e-11  8.98e+01     8s
  14   3.55541578e+06 -3.04685897e+06  1.09e+01 1.66e-11  4.89e+01     8s
  15   2.64425075e+06 -1.57276863e+06  6.41e+00 2.29e-11  3.13e+01     8s
  16   2.14254640e+06 -1.97697894e+05  4.08e+00 2.43e-11  1.77e+01     8s
  17   1.93455706e+06  1.96720861e+05  3.14e+00 2.52e-11  1.32e+01     8s
  18   1.61488173e+06  5.16197260e+05  1.77e+00 2.39e-11  8.27e+00     8s
  19   1.47344018e+06  6.60385044e+05  1.17e+00 2.44e-11  6.08e+00     8s
  20   1.45145522e+06  7.50918844e+05  1.09e+00 1.94e-11  5.27e+00     8s
  21   1.29558239e+06  9.85348286e+05  4.86e-01 2.89e-11  2.34e+00     8s
  22   1.23836822e+06  1.07404691e+06  2.33e-01 2.40e-11  1.23e+00     9s
  23   1.19262108e+06  1.13392904e+06  4.40e-02 2.25e-11  4.24e-01     9s
  24   1.18716926e+06  1.13687041e+06  3.22e-02 2.23e-11  3.62e-01     9s
  25   1.18570835e+06  1.14556213e+06  2.89e-02 2.40e-11  2.90e-01     9s
  26   1.18482650e+06  1.15512766e+06  2.69e-02 2.97e-11  2.16e-01     9s
  27   1.17765842e+06  1.16528834e+06  7.89e-03 2.09e-11  8.88e-02     9s
  28   1.17675821e+06  1.16964926e+06  6.13e-03 2.79e-11  5.15e-02     9s
  29   1.17372787e+06  1.17079796e+06  1.25e-03 2.52e-11  2.09e-02     9s
  30   1.17336172e+06  1.17145364e+06  8.48e-04 2.25e-11  1.36e-02     9s
  31   1.17322602e+06  1.17164203e+06  7.05e-04 2.44e-11  1.13e-02     9s
  32   1.17304966e+06  1.17184213e+06  5.28e-04 2.22e-11  8.60e-03     9s
  33   1.17285508e+06  1.17213031e+06  3.37e-04 2.72e-11  5.17e-03     9s
  34   1.17272547e+06  1.17233029e+06  2.19e-04 2.77e-11  2.83e-03     9s
  35   1.17259107e+06  1.17238498e+06  9.99e-05 2.08e-11  1.47e-03     9s
  36   1.17254435e+06  1.17242433e+06  6.03e-05 2.47e-11  8.59e-04     9s
  37   1.17250838e+06  1.17244316e+06  3.22e-05 2.40e-11  4.67e-04     9s
  38   1.17249302e+06  1.17246040e+06  1.99e-05 2.53e-11  2.35e-04     9s
  39   1.17247091e+06  1.17246432e+06  2.83e-06 2.81e-11  4.71e-05     9s
  40   1.17246744e+06  1.17246606e+06  5.72e-07 3.01e-11  9.87e-06    10s
  41   1.17246687e+06  1.17246638e+06  2.26e-07 2.79e-11  3.52e-06    10s
  42   1.17246658e+06  1.17246648e+06  9.47e-08 3.20e-11  6.97e-07    10s
  43   1.17246649e+06  1.17246649e+06  5.30e-08 2.50e-11  2.26e-08    10s
  44   1.17246649e+06  1.17246649e+06  2.64e-08 2.80e-11  6.70e-10    10s

Barrier solved model in 44 iterations and 9.88 seconds (14.25 work units)
Optimal objective 1.17246649e+06


Root crossover log...

   47802 DPushes remaining with DInf 1.2618062e-03                10s
   15804 DPushes remaining with DInf 0.0000000e+00                10s
       0 DPushes remaining with DInf 0.0000000e+00                10s

      43 PPushes remaining with PInf 1.4755350e-05                10s
       0 PPushes remaining with PInf 0.0000000e+00                10s

  Push phase complete: Pinf 0.0000000e+00, Dinf 8.5907981e+01     10s


Root simplex log...

Iteration    Objective       Primal Inf.    Dual Inf.      Time
   31085    1.1724665e+06   0.000000e+00   8.590798e+01     10s
   31107    1.1724665e+06   0.000000e+00   0.000000e+00     10s
Crossover time: 0.40 seconds (0.54 work units)
Concurrent spin time: 0.40s

Solved with barrier
   31107    1.1724665e+06   0.000000e+00   0.000000e+00     11s

Root relaxation: objective 1.172466e+06, 31107 iterations, 5.14 seconds (7.04 work units)

    Nodes    |    Current Node    |     Objective Bounds      |     Work
 Expl Unexpl |  Obj  Depth IntInf | Incumbent    BestBd   Gap | It/Node Time

     0     0 1172466.49    0  222          - 1172466.49      -     -   11s
     0     0 1172468.59    0  238          - 1172468.59      -     -   11s
     0     0 1172469.04    0  251          - 1172469.04      -     -   11s
H    0     0                    2376372.4810 1172469.04  50.7%     -   13s
     0     0 1175181.99    0  225 2376372.48 1175181.99  50.5%     -   14s
H    0     0                    1924444.6620 1175201.81  38.9%     -   15s
H    0     0                    1806138.1488 1175201.81  34.9%     -   15s
H    0     0                    1781650.0934 1175201.81  34.0%     -   15s
H    0     0                    1563491.0803 1175201.81  24.8%     -   15s
H    0     0                    1560510.3857 1175201.81  24.7%     -   15s
H    0     0                    1560287.0497 1175201.81  24.7%     -   16s
H    0     0                    1552222.5210 1175201.81  24.3%     -   16s
H    0     0                    1551429.4156 1175201.81  24.3%     -   16s
H    0     0                    1543222.1931 1175201.81  23.8%     -   16s
H    0     0                    1537136.5987 1175201.81  23.5%     -   16s
H    0     0                    1535157.6644 1175201.81  23.4%     -   16s
H    0     0                    1535072.8538 1175201.81  23.4%     -   16s
H    0     0                    1533541.9574 1175201.81  23.4%     -   16s
H    0     0                    1527221.7614 1175201.81  23.0%     -   16s
     0     0 1176342.71    0  169 1527221.76 1176342.71  23.0%     -   17s
     0     0 1176342.71    0  171 1527221.76 1176342.71  23.0%     -   17s
     0     0 1179076.86    0  216 1527221.76 1179076.86  22.8%     -   19s
H    0     0                    1527142.9979 1179084.16  22.8%     -   20s
H    0     0                    1526203.6840 1179084.16  22.7%     -   21s
H    0     0                    1513566.3726 1179084.16  22.1%     -   22s
     0     0 1179092.93    0  232 1513566.37 1179092.93  22.1%     -   39s
     0     0 1179093.05    0  232 1513566.37 1179093.05  22.1%     -   40s
     0     0 1180695.92    0  262 1513566.37 1180695.92  22.0%     -   43s
H    0     0                    1513560.3254 1180696.32  22.0%     -   43s
H    0     0                    1511574.9815 1180696.32  21.9%     -   44s
H    0     0                    1507056.0014 1180696.32  21.7%     -   45s
H    0     0                    1506042.2937 1180696.32  21.6%     -   45s
     0     0 1180770.34    0  254 1506042.29 1180770.34  21.6%     -   45s
     0     0 1180803.69    0  255 1506042.29 1180803.69  21.6%     -   45s
     0     0 1194058.26    0  352 1506042.29 1194058.26  20.7%     -   52s
     0     0 1194058.26    0  351 1506042.29 1194058.26  20.7%     -   52s
     0     0 1194721.90    0  313 1506042.29 1194721.90  20.7%     -   53s
     0     0 1194935.58    0  382 1506042.29 1194935.58  20.7%     -   54s
     0     0 1194935.82    0  340 1506042.29 1194935.82  20.7%     -   54s
     0     0 1195796.38    0  335 1506042.29 1195796.38  20.6%     -   55s
     0     0 1195837.71    0  329 1506042.29 1195837.71  20.6%     -   55s
     0     0 1195838.58    0  330 1506042.29 1195838.58  20.6%     -   55s
     0     0 1202123.88    0  282 1506042.29 1202123.88  20.2%     -   57s
     0     0 1202124.90    0  263 1506042.29 1202124.90  20.2%     -   57s
H    0     0                    1498988.0471 1202156.98  19.8%     -   59s
H    0     0                    1498451.2448 1202156.98  19.8%     -   59s
H    0     0                    1497388.0566 1202156.98  19.7%     -   59s
H    0     0                    1496597.6838 1202156.98  19.7%     -   59s
H    0     0                    1496060.8815 1202156.98  19.6%     -   59s
     0     0 1202156.98    0  299 1496060.88 1202156.98  19.6%     -   59s
     0     0 1202157.38    0  306 1496060.88 1202157.38  19.6%     -   59s
     0     0 1203803.80    0  352 1496060.88 1203803.80  19.5%     -   62s
     0     0 1204404.45    0  367 1496060.88 1204404.45  19.5%     -   64s
     0     0 1204462.98    0  413 1496060.88 1204462.98  19.5%     -   65s
     0     0 1204495.64    0  403 1496060.88 1204495.64  19.5%     -   65s
     0     0 1204502.05    0  412 1496060.88 1204502.05  19.5%     -   66s
     0     0 1204503.53    0  416 1496060.88 1204503.53  19.5%     -   66s
     0     0 1207260.23    0  377 1496060.88 1207260.23  19.3%     -   68s
     0     0 1207289.06    0  376 1496060.88 1207289.06  19.3%     -   68s
H    0     0                    1486658.1852 1207289.75  18.8%     -   68s
H    0     0                    1477758.5080 1207289.75  18.3%     -   69s
H    0     0                    1476129.5795 1207289.75  18.2%     -   69s
H    0     0                    1474305.9352 1207289.75  18.1%     -   69s
H    0     0                    1470093.1543 1207289.75  17.9%     -   69s
     0     0 1207814.67    0  341 1470093.15 1207814.67  17.8%     -   70s
     0     0 1207917.87    0  384 1470093.15 1207917.87  17.8%     -   70s
     0     0 1207943.63    0  408 1470093.15 1207943.63  17.8%     -   70s
     0     0 1207944.69    0  407 1470093.15 1207944.69  17.8%     -   70s
     0     0 1207947.24    0  409 1470093.15 1207947.24  17.8%     -   70s
     0     0 1210992.30    0  422 1470093.15 1210992.30  17.6%     -   72s
     0     0 1211044.35    0  405 1470093.15 1211044.35  17.6%     -   73s
     0     0 1211944.94    0  409 1470093.15 1211944.94  17.6%     -   74s
     0     0 1212274.54    0  432 1470093.15 1212274.54  17.5%     -   74s
     0     0 1212281.28    0  441 1470093.15 1212281.28  17.5%     -   74s
     0     0 1212309.18    0  434 1470093.15 1212309.18  17.5%     -   74s
     0     0 1212311.33    0  436 1470093.15 1212311.33  17.5%     -   75s
     0     0 1218057.11    0  354 1470093.15 1218057.11  17.1%     -   77s
H    0     0                    1466661.4801 1218060.57  17.0%     -   80s
H    0     0                    1465228.4278 1218060.57  16.9%     -   80s
H    0     0                    1464616.9968 1218060.57  16.8%     -   80s
     0     0 1218307.32    0  376 1464617.00 1218307.32  16.8%     -   81s
     0     0 1218430.21    0  414 1464617.00 1218430.21  16.8%     -   82s
     0     0 1218432.37    0  410 1464617.00 1218432.37  16.8%     -   82s
     0     0 1220762.85    0  378 1464617.00 1220762.85  16.6%     -   84s
     0     0 1221043.81    0  358 1464617.00 1221043.81  16.6%     -   85s
     0     0 1221106.08    0  352 1464617.00 1221106.08  16.6%     -   85s
     0     0 1221138.44    0  424 1464617.00 1221138.44  16.6%     -   85s
     0     0 1221143.01    0  427 1464617.00 1221143.01  16.6%     -   85s
     0     0 1222864.36    0  424 1464617.00 1222864.36  16.5%     -   87s
H    0     0                    1460499.7013 1222870.33  16.3%     -   88s
H    0     0                    1451291.6905 1222870.33  15.7%     -   88s
     0     0 1223215.98    0  395 1451291.69 1223215.98  15.7%     -   88s
     0     0 1223249.96    0  414 1451291.69 1223249.96  15.7%     -   89s
     0     0 1223254.50    0  438 1451291.69 1223254.50  15.7%     -   89s
     0     0 1224047.02    0  341 1451291.69 1224047.02  15.7%     -   90s
     0     0 1224137.56    0  265 1451291.69 1224137.56  15.7%     -   91s
     0     0 1224171.95    0  333 1451291.69 1224171.95  15.6%     -   91s
     0     0 1224174.23    0  285 1451291.69 1224174.23  15.6%     -   92s
     0     0 1224656.91    0  394 1451291.69 1224656.91  15.6%     -   93s
     0     0 1224880.97    0  388 1451291.69 1224880.97  15.6%     -   95s
     0     0 1224889.17    0  421 1451291.69 1224889.17  15.6%     -   95s
     0     0 1226366.99    0  379 1451291.69 1226366.99  15.5%     -   97s
     0     0 1226435.81    0  353 1451291.69 1226435.81  15.5%     -   97s
     0     0 1226506.75    0  359 1451291.69 1226506.75  15.5%     -   98s
     0     0 1226525.71    0  383 1451291.69 1226525.71  15.5%     -   98s
     0     0 1226527.07    0  381 1451291.69 1226527.07  15.5%     -   98s
     0     0 1230096.62    0  455 1451291.69 1230096.62  15.2%     -  101s
     0     0 1230165.37    0  422 1451291.69 1230165.37  15.2%     -  103s
     0     0 1230235.90    0  441 1451291.69 1230235.90  15.2%     -  103s
     0     0 1230238.37    0  446 1451291.69 1230238.37  15.2%     -  104s
     0     0 1232367.92    0  381 1451291.69 1232367.92  15.1%     -  105s
     0     0 1232743.24    0  416 1451291.69 1232743.24  15.1%     -  106s
     0     0 1232839.14    0  438 1451291.69 1232839.14  15.1%     -  106s
     0     0 1232859.93    0  432 1451291.69 1232859.93  15.1%     -  107s
     0     0 1232862.72    0  437 1451291.69 1232862.72  15.1%     -  107s
     0     0 1234468.09    0  406 1451291.69 1234468.09  14.9%     -  110s
H    0     0                    1450885.6113 1234493.52  14.9%     -  111s
     0     0 1234724.10    0  428 1450885.61 1234724.10  14.9%     -  112s
     0     0 1234790.25    0  444 1450885.61 1234790.25  14.9%     -  112s
     0     0 1234797.73    0  444 1450885.61 1234797.73  14.9%     -  113s
     0     0 1235502.77    0  481 1450885.61 1235502.77  14.8%     -  114s
     0     0 1235732.73    0  469 1450885.61 1235732.73  14.8%     -  115s
     0     0 1235763.91    0  515 1450885.61 1235763.91  14.8%     -  115s
     0     0 1235777.29    0  515 1450885.61 1235777.29  14.8%     -  116s
     0     0 1235794.62    0  525 1450885.61 1235794.62  14.8%     -  116s
     0     0 1235798.88    0  507 1450885.61 1235798.88  14.8%     -  116s
     0     0 1237293.21    0  399 1450885.61 1237293.21  14.7%     -  118s

Cutting planes:
  Learned: 4
  Gomory: 25
  Lift-and-project: 15
  Cover: 125
  Implied bound: 103
  Clique: 76
  MIR: 496
  Knapsack: 10
  StrongCG: 121
  Flow cover: 170
  GUB cover: 46
  Zero half: 3
  Network: 1
  RLT: 432
  Relax-and-lift: 107
  BQP: 5

Explored 1 nodes (74370 simplex iterations) in 120.02 seconds (147.29 work units)
Thread count was 24 (of 24 available processors)

Solution count 10: 1.45089e+06 1.45129e+06 1.4605e+06 ... 1.47776e+06

Time limit reached
Best objective 1.450885611300e+06, best bound 1.237346709368e+06, gap 14.7178%
