
Gurobi 13.0.2 (linux64, Python) logging started Sat Aug 22 13:29:29 2026

Set parameter LogToConsole to value 0
Set parameter Username
Set parameter LicenseID to value 2748191
Set parameter TimeLimit to value 120
Set parameter LogFile to value "output/bz_nbr7008_043/weighted_loss/retail_y_2__retail_v_2__retail_v_2__rolled_leftover_4/period_5/gurobi.log"
Academic license - for non-commercial use only - expires 2026-12-01
Gurobi Optimizer version 13.0.2 build v13.0.2rc1 (linux64 - "Debian GNU/Linux 13 (trixie)")

CPU model: 13th Gen Intel(R) Core(TM) i7-13700HX, instruction set [SSE2|AVX|AVX2]
Thread count: 24 physical cores, 24 logical processors, using up to 24 threads

Non-default parameters:
TimeLimit  120
LogToConsole  0

Optimize a model with 207650 rows, 139444 columns and 725457 nonzeros (Min)
Model fingerprint: 0x4e190bd6
Model has 54690 linear objective coefficients and an objective constant of 5.3688796482719993e+05
Variable types: 114900 continuous, 24544 integer (24544 binary)
Coefficient statistics:
  Matrix range     [1e-03, 1e+04]
  Objective range  [1e+01, 3e+05]
  Bounds range     [1e+00, 1e+00]
  RHS range        [1e-01, 5e+04]

Presolve removed 126221 rows and 87774 columns
Presolve time: 3.71s
Presolved: 81429 rows, 51670 columns, 819600 nonzeros
Variable types: 33801 continuous, 17869 integer (17817 binary)
Deterministic concurrent LP optimizer: primal simplex, dual simplex, and barrier
Showing barrier log only...

Root barrier log...

Ordering time: 0.42s

Barrier statistics:
 Dense cols : 28
 AA' NZ     : 7.107e+06
 Factor NZ  : 1.207e+07 (roughly 140 MB of memory)
 Factor Ops : 3.405e+09 (less than 1 second per iteration)
 Threads    : 21

                  Objective                Residual
Iter       Primal          Dual         Primal    Dual     Compl     Time
   0  -8.33540092e+09 -1.67862511e+10  3.28e+06 2.63e+02  5.33e+06     5s
   1  -4.91032585e+09 -1.55954290e+10  2.07e+06 4.10e+02  2.95e+06     5s
   2  -1.80929595e+09 -1.33877774e+10  7.16e+05 9.34e+01  1.06e+06     5s
   3  -5.03177882e+08 -7.19095292e+09  2.00e+05 2.13e+00  3.00e+05     5s
   4  -4.69235770e+07 -2.17570777e+09  2.16e+04 1.32e-10  3.90e+04     6s
   5  -5.60814004e+05 -8.55499441e+08  4.62e+03 1.70e-10  1.04e+04     6s
   6   7.97229376e+06 -2.50184951e+08  1.54e+03 1.24e-10  2.83e+03     6s
   7   9.17493102e+06 -8.42086167e+07  1.07e+03 3.91e-11  1.14e+03     6s
   8   1.04089170e+07 -3.86685011e+07  4.26e+02 1.91e-11  5.06e+02     6s
   9   1.02357804e+07 -2.72608847e+07  2.73e+02 1.73e-11  3.56e+02     6s
  10   9.62865629e+06 -1.94308543e+07  2.18e+02 1.43e-11  2.71e+02     6s
  11   8.37643142e+06 -1.24069886e+07  1.18e+02 1.35e-11  1.78e+02     6s
  12   6.60547748e+06 -8.23501244e+06  5.66e+01 1.41e-11  1.19e+02     6s
  13   5.03793338e+06 -6.33275569e+06  3.63e+01 1.21e-11  8.89e+01     6s
  14   3.58555797e+06 -2.93633141e+06  2.08e+01 2.31e-11  5.10e+01     6s
  15   2.98449913e+06 -1.23985844e+06  1.52e+01 1.43e-11  3.36e+01     6s
  16   2.19833936e+06 -1.83671271e+05  7.09e+00 1.29e-11  1.87e+01     6s
  17   1.82959074e+06  2.71987036e+05  3.43e+00 1.43e-11  1.19e+01     6s
  18   1.69714721e+06  6.65674103e+05  2.38e+00 2.14e-11  7.93e+00     6s
  19   1.59742059e+06  8.03624937e+05  1.60e+00 2.13e-11  6.05e+00     6s
  20   1.56293802e+06  9.12988986e+05  1.35e+00 2.58e-11  4.97e+00     6s
  21   1.47052735e+06  1.17599919e+06  6.33e-01 2.30e-11  2.26e+00     6s
  22   1.41111583e+06  1.31287642e+06  1.15e-01 2.15e-11  7.24e-01     7s
  23   1.40398249e+06  1.31773092e+06  8.50e-02 2.60e-11  6.31e-01     7s
  24   1.40211433e+06  1.33173525e+06  7.59e-02 1.86e-11  5.16e-01     7s
  25   1.40161325e+06  1.33969005e+06  7.18e-02 2.95e-11  4.56e-01     7s
  26   1.39040213e+06  1.36369361e+06  1.28e-02 2.49e-11  1.91e-01     7s
  27   1.38736586e+06  1.37707260e+06  5.72e-03 2.24e-11  7.40e-02     7s
  28   1.38509809e+06  1.37947385e+06  1.97e-03 2.20e-11  4.01e-02     7s
  29   1.38424864e+06  1.38191321e+06  8.84e-04 1.78e-11  1.67e-02     7s
  30   1.38386454e+06  1.38242512e+06  5.09e-04 1.93e-11  1.03e-02     7s
  31   1.38373319e+06  1.38265211e+06  4.03e-04 2.10e-11  7.72e-03     7s
  32   1.38356751e+06  1.38276863e+06  2.68e-04 2.41e-11  5.70e-03     7s
  33   1.38348505e+06  1.38286087e+06  2.03e-04 3.06e-11  4.45e-03     7s
  34   1.38345787e+06  1.38293112e+06  1.82e-04 3.55e-11  3.76e-03     7s
  35   1.38340522e+06  1.38305862e+06  1.35e-04 2.44e-11  2.48e-03     7s
  36   1.38333522e+06  1.38316713e+06  7.55e-05 1.96e-11  1.21e-03     8s
  37   1.38324673e+06  1.38319530e+06  6.57e-06 2.68e-11  3.65e-04     8s
  38   1.38323051e+06  1.38321559e+06  3.64e-07 2.67e-11  1.05e-04     8s
  39   1.38322934e+06  1.38322711e+06  1.40e-07 2.46e-11  1.58e-05     8s
  40   1.38322906e+06  1.38322866e+06  4.92e-08 2.38e-11  2.82e-06     8s
  41   1.38322901e+06  1.38322898e+06  1.97e-08 2.42e-11  1.75e-07     8s
  42   1.38322899e+06  1.38322898e+06  1.21e-06 2.36e-11  1.55e-08     9s
  43   1.38322899e+06  1.38322899e+06  1.88e-06 3.91e-11  9.07e-10     9s

Barrier solved model in 43 iterations and 8.88 seconds (14.14 work units)
Optimal objective 1.38322899e+06


Root crossover log...

   45960 DPushes remaining with DInf 1.8030310e-04                 9s
       0 DPushes remaining with DInf 0.0000000e+00                10s

      78 PPushes remaining with PInf 1.5302704e-02                10s
       0 PPushes remaining with PInf 0.0000000e+00                10s

  Push phase complete: Pinf 0.0000000e+00, Dinf 1.0092542e-01     10s


Root simplex log...

Iteration    Objective       Primal Inf.    Dual Inf.      Time
   29028    1.3832290e+06   0.000000e+00   1.009254e-01     10s
   29031    1.3832290e+06   0.000000e+00   0.000000e+00     10s
Crossover time: 0.96 seconds (0.44 work units)
Concurrent spin time: 0.05s

Solved with barrier
   29031    1.3832290e+06   0.000000e+00   0.000000e+00     10s

Root relaxation: objective 1.383229e+06, 29031 iterations, 6.00 seconds (6.84 work units)

    Nodes    |    Current Node    |     Objective Bounds      |     Work
 Expl Unexpl |  Obj  Depth IntInf | Incumbent    BestBd   Gap | It/Node Time

     0     0 1383228.99    0  301          - 1383228.99      -     -   10s
     0     0 1383278.20    0  315          - 1383278.20      -     -   11s
H    0     0                    3455806.4322 1383278.20  60.0%     -   12s
H    0     0                    3402820.9038 1383278.20  59.3%     -   12s
H    0     0                    3391072.6197 1383278.20  59.2%     -   12s
H    0     0                    3388059.2441 1383278.20  59.2%     -   12s
H    0     0                    3374208.8768 1383278.20  59.0%     -   12s
H    0     0                    3366443.1896 1383278.20  58.9%     -   12s
H    0     0                    3362569.3901 1383278.20  58.9%     -   12s
H    0     0                    3359951.3509 1383278.20  58.8%     -   12s
H    0     0                    3356959.3736 1383278.20  58.8%     -   12s
H    0     0                    3356808.0487 1383278.20  58.8%     -   12s
H    0     0                    3352753.6050 1383278.20  58.7%     -   12s
H    0     0                    3351100.2621 1383278.20  58.7%     -   12s
H    0     0                    3345559.6423 1383278.20  58.7%     -   12s
H    0     0                    3340225.0126 1383278.20  58.6%     -   12s
H    0     0                    2844609.4201 1383278.20  51.4%     -   13s
H    0     0                    2688685.8174 1383278.20  48.6%     -   13s
H    0     0                    2644247.4286 1383278.20  47.7%     -   13s
H    0     0                    2629269.6351 1383278.20  47.4%     -   13s
H    0     0                    2615525.6757 1383278.20  47.1%     -   13s
H    0     0                    2609347.7488 1383278.20  47.0%     -   14s
H    0     0                    2571895.6518 1383278.20  46.2%     -   14s
H    0     0                    2551970.9915 1383278.20  45.8%     -   14s
H    0     0                    2514771.8616 1383278.20  45.0%     -   14s
H    0     0                    2419361.2470 1383278.20  42.8%     -   14s
H    0     0                    2403909.8706 1383278.20  42.5%     -   14s
H    0     0                    2378885.3203 1383278.20  41.9%     -   15s
H    0     0                    2378557.9879 1383278.20  41.8%     -   16s
H    0     0                    2365150.1822 1383278.20  41.5%     -   17s
H    0     0                    2360839.8081 1383278.20  41.4%     -   17s
H    0     0                    2340023.0231 1383278.20  40.9%     -   17s
H    0     0                    2336518.3120 1383278.20  40.8%     -   17s
H    0     0                    2334507.5136 1383278.20  40.7%     -   17s
H    0     0                    2334467.5591 1389797.81  40.5%     -   20s
H    0     0                    2330567.7164 1389797.81  40.4%     -   20s
     0     0 1389797.81    0  269 2330567.72 1389797.81  40.4%     -   20s
H    0     0                    2255209.5859 1389797.86  38.4%     -   21s
H    0     0                    2253991.9430 1389797.86  38.3%     -   21s
H    0     0                    2164937.1217 1389797.86  35.8%     -   21s
H    0     0                    2090928.8255 1389797.86  33.5%     -   21s
H    0     0                    2023581.6747 1389797.86  31.3%     -   21s
H    0     0                    1994923.6351 1389797.86  30.3%     -   22s
H    0     0                    1994334.3075 1389797.86  30.3%     -   22s
H    0     0                    1971601.5086 1389797.86  29.5%     -   22s
     0     0 1390002.31    0  240 1971601.51 1390002.31  29.5%     -   22s
     0     0 1390736.51    0  259 1971601.51 1390736.51  29.5%     -   24s
     0     0 1390759.24    0  256 1971601.51 1390759.24  29.5%     -   25s
     0     0 1390759.94    0  256 1971601.51 1390759.94  29.5%     -   25s
     0     0 1406781.45    0  376 1971601.51 1406781.45  28.6%     -   30s
     0     0 1406820.62    0  375 1971601.51 1406820.62  28.6%     -   30s
H    0     0                    1964618.1080 1406820.91  28.4%     -   30s
H    0     0                    1961332.3995 1406820.91  28.3%     -   30s
H    0     0                    1961192.0492 1406820.91  28.3%     -   30s
H    0     0                    1953513.1538 1406820.91  28.0%     -   30s
H    0     0                    1952718.6298 1406820.91  28.0%     -   30s
H    0     0                    1952129.3021 1406820.91  27.9%     -   30s
H    0     0                    1947922.6349 1406820.91  27.8%     -   30s
H    0     0                    1930414.4142 1406820.91  27.1%     -   30s
H    0     0                    1927228.6633 1406820.91  27.0%     -   30s
     0     0 1407342.76    0  351 1927228.66 1407342.76  27.0%     -   31s
     0     0 1407582.64    0  317 1927228.66 1407582.64  27.0%     -   31s
     0     0 1407582.64    0  320 1927228.66 1407582.64  27.0%     -   31s
H    0     0                    1917236.1156 1417794.86  26.1%     -   37s
     0     0 1417794.86    0  414 1917236.12 1417794.86  26.1%     -   37s
     0     0 1417824.70    0  376 1917236.12 1417824.70  26.0%     -   37s
H    0     0                    1866221.2333 1421883.86  23.8%     -   40s
H    0     0                    1862950.6521 1421883.86  23.7%     -   40s
H    0     0                    1862862.4541 1421883.86  23.7%     -   40s
H    0     0                    1852062.6850 1421883.86  23.2%     -   40s
H    0     0                    1852049.7704 1421883.86  23.2%     -   40s
     0     0 1421883.86    0  414 1852049.77 1421883.86  23.2%     -   40s
     0     0 1422392.88    0  394 1852049.77 1422392.88  23.2%     -   40s
     0     0 1422542.11    0  416 1852049.77 1422542.11  23.2%     -   41s
     0     0 1422597.96    0  400 1852049.77 1422597.96  23.2%     -   41s
     0     0 1422631.45    0  403 1852049.77 1422631.45  23.2%     -   41s
     0     0 1422638.74    0  419 1852049.77 1422638.74  23.2%     -   42s
     0     0 1422638.92    0  420 1852049.77 1422638.92  23.2%     -   42s
     0     0 1435698.44    0  407 1852049.77 1435698.44  22.5%     -   45s
H    0     0                    1850649.0039 1435699.21  22.4%     -   45s
H    0     0                    1849109.6482 1435699.21  22.4%     -   45s
H    0     0                    1848980.4104 1435699.21  22.4%     -   45s
H    0     0                    1836257.6848 1435699.21  21.8%     -   46s
     0     0 1437637.24    0  412 1836257.68 1437637.24  21.7%     -   47s
     0     0 1438633.21    0  428 1836257.68 1438633.21  21.7%     -   48s
     0     0 1438762.87    0  472 1836257.68 1438762.87  21.6%     -   48s
     0     0 1438765.16    0  447 1836257.68 1438765.16  21.6%     -   48s
     0     0 1445722.90    0  490 1836257.68 1445722.90  21.3%     -   50s
     0     0 1446921.18    0  506 1836257.68 1446921.18  21.2%     -   51s
     0     0 1447022.67    0  519 1836257.68 1447022.67  21.2%     -   51s
     0     0 1447146.46    0  516 1836257.68 1447146.46  21.2%     -   51s
     0     0 1447169.01    0  485 1836257.68 1447169.01  21.2%     -   51s
     0     0 1447175.84    0  476 1836257.68 1447175.84  21.2%     -   51s
     0     0 1450378.92    0  406 1836257.68 1450378.92  21.0%     -   53s
     0     0 1450385.10    0  404 1836257.68 1450385.10  21.0%     -   53s
H    0     0                    1835108.1567 1450385.11  21.0%     -   54s
H    0     0                    1834525.8497 1450385.11  20.9%     -   54s
H    0     0                    1821202.0134 1450385.11  20.4%     -   54s
     0     0 1450653.88    0  408 1821202.01 1450653.88  20.3%     -   55s
     0     0 1450714.92    0  417 1821202.01 1450714.92  20.3%     -   55s
     0     0 1450730.10    0  413 1821202.01 1450730.10  20.3%     -   55s
     0     0 1450741.34    0  410 1821202.01 1450741.34  20.3%     -   55s
     0     0 1451416.34    0  390 1821202.01 1451416.34  20.3%     -   57s
H    0     0                    1819623.2200 1451416.78  20.2%     -   58s
     0     0 1451691.79    0  406 1819623.22 1451691.79  20.2%     -   60s
     0     0 1451743.49    0  423 1819623.22 1451743.49  20.2%     -   60s
     0     0 1451747.34    0  435 1819623.22 1451747.34  20.2%     -   61s
     0     0 1452564.48    0  433 1819623.22 1452564.48  20.2%     -   62s
H    0     0                    1814810.5175 1452583.52  20.0%     -   64s
H    0     0                    1807473.5059 1452583.52  19.6%     -   65s
H    0     0                    1807395.7756 1452583.52  19.6%     -   65s
H    0     0                    1795740.4030 1452583.52  19.1%     -   65s
     0     0 1452632.41    0  510 1795740.40 1452632.41  19.1%     -   65s
     0     0 1452654.51    0  477 1795740.40 1452654.51  19.1%     -   65s
     0     0 1452670.23    0  464 1795740.40 1452670.23  19.1%     -   66s
     0     0 1452670.83    0  449 1795740.40 1452670.83  19.1%     -   66s
     0     0 1456153.36    0  361 1795740.40 1456153.36  18.9%     -   68s
     0     0 1458690.28    0  480 1795740.40 1458690.28  18.8%     -   70s
     0     0 1459929.94    0  431 1795740.40 1459929.94  18.7%     -   70s
     0     0 1459943.46    0  462 1795740.40 1459943.46  18.7%     -   71s
     0     0 1462447.91    0  479 1795740.40 1462447.91  18.6%     -   73s
     0     0 1462495.50    0  476 1795740.40 1462495.50  18.6%     -   73s
H    0     0                    1791609.8170 1462656.08  18.4%     -   74s
     0     0 1462931.49    0  507 1791609.82 1462931.49  18.3%     -   74s
     0     0 1463054.57    0  464 1791609.82 1463054.57  18.3%     -   75s
     0     0 1463084.24    0  471 1791609.82 1463084.24  18.3%     -   75s
     0     0 1463099.53    0  507 1791609.82 1463099.53  18.3%     -   75s
     0     0 1464039.64    0  471 1791609.82 1464039.64  18.3%     -   77s
     0     0 1464174.12    0  516 1791609.82 1464174.12  18.3%     -   77s
     0     0 1464206.37    0  484 1791609.82 1464206.37  18.3%     -   77s
     0     0 1464225.31    0  491 1791609.82 1464225.31  18.3%     -   78s
     0     0 1464238.24    0  498 1791609.82 1464238.24  18.3%     -   78s
     0     0 1465143.69    0  421 1791609.82 1465143.69  18.2%     -   80s
H    0     0                    1790831.9545 1465143.86  18.2%     -   80s
H    0     0                    1788858.9054 1465143.86  18.1%     -   81s
     0     0 1465329.06    0  378 1788858.91 1465329.06  18.1%     -   81s
     0     0 1465365.50    0  442 1788858.91 1465365.50  18.1%     -   81s
     0     0 1465378.93    0  415 1788858.91 1465378.93  18.1%     -   82s
     0     0 1466254.81    0  421 1788858.91 1466254.81  18.0%     -   84s
     0     0 1466542.54    0  442 1788858.91 1466542.54  18.0%     -   85s
     0     0 1466785.50    0  533 1788858.91 1466785.50  18.0%     -   86s
     0     0 1466816.42    0  515 1788858.91 1466816.42  18.0%     -   86s
     0     0 1466841.66    0  537 1788858.91 1466841.66  18.0%     -   86s
     0     0 1466853.62    0  570 1788858.91 1466853.62  18.0%     -   86s
     0     0 1467886.48    0  522 1788858.91 1467886.48  17.9%     -   88s
     0     0 1467886.89    0  500 1788858.91 1467886.89  17.9%     -   88s
H    0     0                    1788197.4117 1467902.62  17.9%     -   89s
H    0     0                    1786160.5723 1467902.62  17.8%     -   89s
H    0     0                    1785023.8640 1467902.62  17.8%     -   89s
H    0     0                    1776880.8255 1467902.62  17.4%     -   89s
H    0     0                    1776283.2561 1467902.62  17.4%     -   89s
     0     0 1467999.55    0  532 1776283.26 1467999.55  17.4%     -   90s
     0     0 1468049.81    0  568 1776283.26 1468049.81  17.4%     -   90s
     0     0 1468074.39    0  569 1776283.26 1468074.39  17.4%     -   90s
     0     0 1468081.90    0  574 1776283.26 1468081.90  17.4%     -   91s
     0     0 1468081.90    0  574 1776283.26 1468081.90  17.4%     -   91s
     0     0 1468864.34    0  509 1776283.26 1468864.34  17.3%     -   92s
H    0     0                    1774705.7231 1468872.05  17.2%     -   93s
H    0     0                    1766468.9113 1468872.05  16.8%     -   93s
H    0     0                    1754850.9286 1468872.05  16.3%     -   93s
H    0     0                    1754691.6144 1468872.05  16.3%     -   93s
     0     0 1469009.48    0  568 1754691.61 1469009.48  16.3%     -   95s
     0     0 1469034.14    0  581 1754691.61 1469034.14  16.3%     -   95s
     0     0 1469036.09    0  627 1754691.61 1469036.09  16.3%     -   95s
     0     0 1469367.18    0  566 1754691.61 1469367.18  16.3%     -   97s
H    0     0                    1753144.4587 1469379.02  16.2%     -   98s
H    0     0                    1752010.1309 1469379.02  16.1%     -   98s
H    0     0                    1750817.5158 1469379.02  16.1%     -  100s
     0     0 1469440.38    0  579 1750817.52 1469440.38  16.1%     -  101s
     0     0 1469479.29    0  571 1750817.52 1469479.29  16.1%     -  101s
     0     0 1469483.66    0  563 1750817.52 1469483.66  16.1%     -  102s
     0     0 1470325.55    0  495 1750817.52 1470325.55  16.0%     -  103s
     0     0 1470503.44    0  525 1750817.52 1470503.44  16.0%     -  104s
     0     0 1470604.73    0  522 1750817.52 1470604.73  16.0%     -  105s
     0     0 1470616.45    0  588 1750817.52 1470616.45  16.0%     -  105s
     0     0 1471458.06    0  533 1750817.52 1471458.06  16.0%     -  107s
H    0     0                    1750311.4232 1471501.24  15.9%     -  109s
H    0     0                    1743103.6543 1471501.24  15.6%     -  110s
H    0     0                    1742694.3371 1471501.24  15.6%     -  111s
     0     0 1471606.56    0  641 1742694.34 1471606.56  15.6%     -  111s
     0     0 1471663.58    0  729 1742694.34 1471663.58  15.6%     -  112s
     0     0 1471674.42    0  689 1742694.34 1471674.42  15.6%     -  112s
     0     0 1473023.86    0  660 1742694.34 1473023.86  15.5%     -  115s
     0     0 1473559.51    0  548 1742694.34 1473559.51  15.4%     -  116s
     0     0 1473704.87    0  618 1742694.34 1473704.87  15.4%     -  117s
     0     0 1473762.25    0  588 1742694.34 1473762.25  15.4%     -  117s
     0     0 1473781.38    0  635 1742694.34 1473781.38  15.4%     -  117s
     0     0 1473806.70    0  627 1742694.34 1473806.70  15.4%     -  117s
     0     0 1473813.02    0  614 1742694.34 1473813.02  15.4%     -  118s
     0     0          -    0      1742694.34 1473813.02  15.4%     -  120s

Cutting planes:
  Learned: 10
  Gomory: 38
  Cover: 140
  Implied bound: 286
  Clique: 95
  MIR: 596
  Knapsack: 17
  StrongCG: 115
  Flow cover: 240
  GUB cover: 73
  Mod-K: 1
  Network: 2
  RLT: 384
  Relax-and-lift: 122
  BQP: 15
  PSD: 1

Explored 1 nodes (76046 simplex iterations) in 120.07 seconds (148.91 work units)
Thread count was 24 (of 24 available processors)

Solution count 10: 1.74269e+06 1.7431e+06 1.75031e+06 ... 1.77471e+06

Time limit reached
Best objective 1.742694337130e+06, best bound 1.473813017926e+06, gap 15.4291%
