
Gurobi 13.0.2 (linux64, Python) logging started Thu Aug 13 23:12:11 2026

Set parameter LogToConsole to value 0
Set parameter Username
Set parameter LicenseID to value 2748191
Set parameter TimeLimit to value 120
Set parameter LogFile to value "output/bz_nbr7008_043/weighted_loss/retail_y_4__retail_v_4__rolled_leftover_2/period_2/gurobi.log"
Academic license - for non-commercial use only - expires 2026-12-01
Gurobi Optimizer version 13.0.2 build v13.0.2rc1 (linux64 - "Debian GNU/Linux 13 (trixie)")

CPU model: 13th Gen Intel(R) Core(TM) i7-13700HX, instruction set [SSE2|AVX|AVX2]
Thread count: 24 physical cores, 24 logical processors, using up to 24 threads

Non-default parameters:
TimeLimit  120
LogToConsole  0

Optimize a model with 209855 rows, 140494 columns and 734874 nonzeros (Min)
Model fingerprint: 0x481e519c
Model has 54780 linear objective coefficients and an objective constant of 324630.3537816
Variable types: 115776 continuous, 24718 integer (24718 binary)
Coefficient statistics:
  Matrix range     [3e-03, 1e+04]
  Objective range  [2e+01, 1e+05]
  Bounds range     [1e+00, 1e+00]
  RHS range        [1e-01, 3e+04]

Presolve removed 127136 rows and 87999 columns
Presolve time: 3.45s
Presolved: 82719 rows, 52495 columns, 834543 nonzeros
Variable types: 34204 continuous, 18291 integer (18242 binary)
Deterministic concurrent LP optimizer: primal simplex, dual simplex, and barrier
Showing barrier log only...

Root barrier log...

Ordering time: 0.42s

Barrier statistics:
 Dense cols : 25
 AA' NZ     : 7.336e+06
 Factor NZ  : 1.228e+07 (roughly 140 MB of memory)
 Factor Ops : 3.463e+09 (less than 1 second per iteration)
 Threads    : 21

                  Objective                Residual
Iter       Primal          Dual         Primal    Dual     Compl     Time
   0  -3.50135182e+09 -9.24593568e+09  2.84e+06 1.81e+02  2.52e+06     5s
   1  -2.12568845e+09 -8.39158379e+09  1.85e+06 2.32e+02  1.44e+06     5s
   2  -8.79557417e+08 -6.97736898e+09  7.24e+05 5.26e+01  5.75e+05     5s
   3  -2.15004804e+08 -3.45847683e+09  1.81e+05 1.67e-10  1.46e+05     5s
   4  -7.63362393e+06 -8.93752189e+08  1.72e+04 7.41e-11  1.64e+04     5s
   5   8.52370190e+06 -3.80023361e+08  4.88e+03 4.84e-11  5.18e+03     5s
   6   1.17562932e+07 -1.21947811e+08  2.31e+03 6.91e-11  1.75e+03     5s
   7   1.26787905e+07 -4.88934843e+07  1.11e+03 1.91e-11  7.36e+02     5s
   8   1.14640352e+07 -3.45220447e+07  5.49e+02 1.61e-11  4.55e+02     5s
   9   9.60493605e+06 -1.61489353e+07  2.52e+02 1.61e-11  2.29e+02     6s
  10   8.37176491e+06 -1.14225708e+07  1.59e+02 1.26e-11  1.66e+02     6s
  11   6.96033360e+06 -8.53649645e+06  1.07e+02 1.52e-11  1.26e+02     6s
  12   4.42266515e+06 -5.21041759e+06  4.75e+01 1.59e-11  7.45e+01     6s
  13   3.13059813e+06 -3.67938405e+06  3.02e+01 1.39e-11  5.20e+01     6s
  14   2.53589185e+06 -2.12676082e+06  2.21e+01 1.49e-11  3.59e+01     6s
  15   2.03119813e+06 -1.16614067e+06  1.53e+01 1.76e-11  2.49e+01     6s
  16   1.61221896e+06 -1.79182622e+05  9.55e+00 1.32e-11  1.43e+01     6s
  17   1.45795719e+06  3.70540781e+04  7.38e+00 1.39e-11  1.14e+01     6s
  18   1.22106323e+06  1.14249911e+05  4.19e+00 1.80e-11  8.53e+00     6s
  19   1.13302693e+06  3.81823256e+05  2.99e+00 2.53e-11  5.83e+00     6s
  20   1.10143293e+06  4.81861903e+05  2.60e+00 2.31e-11  4.83e+00     6s
  21   9.98416169e+05  7.29532993e+05  1.31e+00 1.61e-11  2.13e+00     6s
  22   9.41246355e+05  8.08865772e+05  5.73e-01 1.38e-11  1.03e+00     6s
  23   9.07559341e+05  8.43519823e+05  1.81e-01 1.18e-11  4.78e-01     6s
  24   9.00887501e+05  8.45493235e+05  1.32e-01 1.39e-11  4.08e-01     6s
  25   8.99211570e+05  8.63662488e+05  1.17e-01 1.21e-11  2.68e-01     6s
  26   8.97752364e+05  8.77725401e+05  1.03e-01 1.15e-11  1.57e-01     7s
  27   8.94471627e+05  8.81705030e+05  7.60e-02 1.27e-11  1.02e-01     7s
  28   8.88267894e+05  8.82602670e+05  2.75e-02 1.26e-11  4.41e-02     7s
  29   8.86668731e+05  8.82939536e+05  1.64e-02 1.74e-11  2.87e-02     7s
  30   8.86085389e+05  8.83213016e+05  1.25e-02 1.43e-11  2.21e-02     7s
  31   8.85509182e+05  8.83469871e+05  8.55e-03 1.49e-11  1.56e-02     7s
  32   8.85200419e+05  8.83692059e+05  6.52e-03 1.56e-11  1.16e-02     7s
  33   8.84858833e+05  8.83816846e+05  4.36e-03 1.42e-11  7.99e-03     7s
  34   8.84666649e+05  8.83991543e+05  3.23e-03 1.34e-11  5.25e-03     7s
  35   8.84420661e+05  8.84052615e+05  1.74e-03 1.33e-11  2.86e-03     7s
  36   8.84333777e+05  8.84071728e+05  1.23e-03 1.40e-11  2.03e-03     7s
  37   8.84245169e+05  8.84084879e+05  7.09e-04 1.50e-11  1.24e-03     7s
  38   8.84191868e+05  8.84099215e+05  4.08e-04 1.16e-11  7.15e-04     7s
  39   8.84124131e+05  8.84114269e+05  3.52e-05 1.70e-11  7.47e-05     7s
  40   8.84116801e+05  8.84116150e+05  1.39e-06 1.61e-11  4.77e-06     7s
  41   8.84116489e+05  8.84116343e+05  3.47e-07 1.59e-11  1.08e-06     7s
  42   8.84116438e+05  8.84116377e+05  1.75e-07 1.58e-11  4.54e-07     7s
  43   8.84116398e+05  8.84116382e+05  1.93e-07 1.58e-11  1.24e-07     8s
  44   8.84116383e+05  8.84116383e+05  3.70e-09 1.22e-11  1.44e-10     8s

Barrier solved model in 44 iterations and 7.56 seconds (14.16 work units)
Optimal objective 8.84116383e+05


Root crossover log...

   49057 DPushes remaining with DInf 2.8061633e-02                 8s
       0 DPushes remaining with DInf 8.4144593e-03                 8s

      46 PPushes remaining with PInf 1.9474338e-04                 8s
       0 PPushes remaining with PInf 0.0000000e+00                 8s

  Push phase complete: Pinf 0.0000000e+00, Dinf 1.0007314e+01      8s


Root simplex log...

Iteration    Objective       Primal Inf.    Dual Inf.      Time
   29036    8.8411638e+05   0.000000e+00   1.000731e+01      8s
   29060    8.8411638e+05   0.000000e+00   0.000000e+00      8s
Crossover time: 0.33 seconds (0.44 work units)
Concurrent spin time: 0.02s

Solved with barrier
   29060    8.8411638e+05   0.000000e+00   0.000000e+00      8s

Root relaxation: objective 8.841164e+05, 29060 iterations, 4.25 seconds (6.69 work units)

    Nodes    |    Current Node    |     Objective Bounds      |     Work
 Expl Unexpl |  Obj  Depth IntInf | Incumbent    BestBd   Gap | It/Node Time

     0     0 884116.383    0  201          - 884116.383      -     -    8s
     0     0 884118.642    0  212          - 884118.642      -     -    8s
     0     0 884118.676    0  214          - 884118.676      -     -    8s
     0     0 884118.761    0  212          - 884118.761      -     -    8s
H    0     0                    2081029.6101 884118.761  57.5%     -    9s
H    0     0                    2040684.8021 884118.761  56.7%     -    9s
H    0     0                    2040209.3466 884118.761  56.7%     -   10s
H    0     0                    2038352.9411 884118.761  56.6%     -   11s
H    0     0                    2029846.4008 884118.761  56.4%     -   11s
H    0     0                    2025463.6455 884118.761  56.3%     -   14s
H    0     0                    2025437.0432 884118.761  56.3%     -   14s
H    0     0                    2014444.2994 884118.761  56.1%     -   16s
H    0     0                    1801161.3200 884118.761  50.9%     -   16s
H    0     0                    1756587.2344 884118.761  49.7%     -   16s
H    0     0                    1713765.0279 884118.761  48.4%     -   16s
H    0     0                    1670862.7732 884118.761  47.1%     -   17s
H    0     0                    1654622.1609 884118.761  46.6%     -   17s
H    0     0                    1643960.2541 884118.761  46.2%     -   17s
H    0     0                    1634721.7615 884118.761  45.9%     -   17s
H    0     0                    1610657.6270 884118.761  45.1%     -   18s
H    0     0                    1569791.2975 884118.761  43.7%     -   18s
H    0     0                    1564999.0013 884118.761  43.5%     -   18s
H    0     0                    1555776.2588 884118.761  43.2%     -   19s
H    0     0                    1551328.1773 884118.761  43.0%     -   19s
H    0     0                    1550654.7667 884118.761  43.0%     -   20s
H    0     0                    1550544.1066 884118.761  43.0%     -   20s
H    0     0                    1549086.5876 884118.761  42.9%     -   20s
H    0     0                    1533237.6672 884118.761  42.3%     -   20s
H    0     0                    1527832.4858 884118.761  42.1%     -   21s
H    0     0                    1505916.4159 884118.761  41.3%     -   21s
H    0     0                    1486393.5238 884118.761  40.5%     -   21s
H    0     0                    1471388.7952 890814.418  39.5%     -   29s
     0     0 890814.418    0  175 1471388.80 890814.418  39.5%     -   29s
     0     0 891900.216    0  177 1471388.80 891900.216  39.4%     -   29s
H    0     0                    1457539.2719 891900.344  38.8%     -   29s
H    0     0                    1453647.7221 891900.344  38.6%     -   30s
H    0     0                    1452559.5125 891900.344  38.6%     -   30s
H    0     0                    1447120.6092 891900.344  38.4%     -   30s
H    0     0                    1446028.1739 891900.344  38.3%     -   30s
H    0     0                    1441564.7895 891900.344  38.1%     -   30s
H    0     0                    1440155.9624 891900.344  38.1%     -   30s
H    0     0                    1436337.6014 891900.344  37.9%     -   30s
     0     0 891900.344    0  177 1436337.60 891900.344  37.9%     -   30s
     0     0 896682.310    0  209 1436337.60 896682.310  37.6%     -   32s
     0     0 896685.387    0  205 1436337.60 896685.387  37.6%     -   32s
     0     0 904816.780    0  251 1436337.60 904816.780  37.0%     -   36s
     0     0 904823.726    0  342 1436337.60 904823.726  37.0%     -   37s
H    0     0                    1435033.4508 904835.596  36.9%     -   37s
H    0     0                    1406568.8090 904835.596  35.7%     -   37s
     0     0 904835.596    0  329 1406568.81 904835.596  35.7%     -   37s
     0     0 904837.529    0  319 1406568.81 904837.529  35.7%     -   38s
     0     0 909224.650    0  338 1406568.81 909224.650  35.4%     -   41s
     0     0 909224.650    0  326 1406568.81 909224.650  35.4%     -   41s
     0     0 909716.727    0  355 1406568.81 909716.727  35.3%     -   42s
     0     0 909718.064    0  333 1406568.81 909718.064  35.3%     -   42s
     0     0 909733.441    0  329 1406568.81 909733.441  35.3%     -   42s
     0     0 909733.441    0  322 1406568.81 909733.441  35.3%     -   42s
     0     0 915831.451    0  344 1406568.81 915831.451  34.9%     -   44s
     0     0 915875.556    0  329 1406568.81 915875.556  34.9%     -   44s
H    0     0                    1400229.7388 915875.647  34.6%     -   45s
H    0     0                    1398926.5932 915875.647  34.5%     -   45s
H    0     0                    1393918.1913 915875.647  34.3%     -   45s
H    0     0                    1383262.1445 915875.647  33.8%     -   45s
H    0     0                    1355645.9630 915875.647  32.4%     -   45s
H    0     0                    1314013.9302 915875.647  30.3%     -   45s
H    0     0                    1314013.9296 915875.647  30.3%     -   46s
H    0     0                    1307501.0370 915875.647  30.0%     -   47s
     0     0 917364.802    0  341 1307501.04 917364.802  29.8%     -   48s
     0     0 917388.436    0  385 1307501.04 917388.436  29.8%     -   48s
     0     0 917753.984    0  407 1307501.04 917753.984  29.8%     -   49s
     0     0 917764.578    0  355 1307501.04 917764.578  29.8%     -   49s
     0     0 917765.045    0  359 1307501.04 917765.045  29.8%     -   49s
     0     0 926645.824    0  435 1307501.04 926645.824  29.1%     -   51s
     0     0 926645.824    0  430 1307501.04 926645.824  29.1%     -   52s
     0     0 929276.817    0  415 1307501.04 929276.817  28.9%     -   54s
     0     0 929885.956    0  405 1307501.04 929885.956  28.9%     -   54s
     0     0 929940.955    0  409 1307501.04 929940.955  28.9%     -   54s
     0     0 929976.379    0  428 1307501.04 929976.379  28.9%     -   54s
     0     0 929991.040    0  440 1307501.04 929991.040  28.9%     -   55s
     0     0 929999.331    0  443 1307501.04 929999.331  28.9%     -   55s
     0     0 930002.866    0  444 1307501.04 930002.866  28.9%     -   55s
     0     0 938931.718    0  423 1307501.04 938931.718  28.2%     -   58s
H    0     0                    1304319.2131 939015.157  28.0%     -   58s
H    0     0                    1304099.9244 939015.157  28.0%     -   58s
H    0     0                    1303316.0943 939015.157  28.0%     -   58s
H    0     0                    1300753.9994 939015.157  27.8%     -   58s
H    0     0                    1300263.3638 939015.157  27.8%     -   58s
H    0     0                    1296395.2041 939015.157  27.6%     -   59s
H    0     0                    1296197.6165 939015.157  27.6%     -   59s
     0     0 939485.831    0  451 1296197.62 939485.831  27.5%     -   60s
     0     0 939571.146    0  392 1296197.62 939571.146  27.5%     -   60s
     0     0 939572.837    0  406 1296197.62 939572.837  27.5%     -   60s
     0     0 943645.932    0  433 1296197.62 943645.932  27.2%     -   64s
     0     0 943722.373    0  478 1296197.62 943722.373  27.2%     -   64s
     0     0 943739.118    0  437 1296197.62 943739.118  27.2%     -   65s
     0     0 943740.589    0  464 1296197.62 943740.589  27.2%     -   65s
     0     0 944567.809    0  421 1296197.62 944567.809  27.1%     -   67s
H    0     0                    1280138.4511 944568.022  26.2%     -   69s
     0     0 944630.676    0  394 1280138.45 944630.676  26.2%     -   75s
     0     0 944639.589    0  391 1280138.45 944639.589  26.2%     -   75s
     0     0 945186.701    0  370 1280138.45 945186.701  26.2%     -   78s
     0     0 945453.256    0  389 1280138.45 945453.256  26.1%     -   78s
     0     0 945521.368    0  413 1280138.45 945521.368  26.1%     -   79s
     0     0 945529.836    0  428 1280138.45 945529.836  26.1%     -   79s
     0     0 947041.072    0  473 1280138.45 947041.072  26.0%     -   81s
H    0     0                    1277976.8200 947060.870  25.9%     -   82s
     0     0 947203.451    0  439 1277976.82 947203.451  25.9%     -   83s
     0     0 947211.223    0  539 1277976.82 947211.223  25.9%     -   83s
     0     0 948338.367    0  460 1277976.82 948338.367  25.8%     -   85s
     0     0 948483.043    0  478 1277976.82 948483.043  25.8%     -   86s
     0     0 948495.101    0  493 1277976.82 948495.101  25.8%     -   86s
     0     0 948496.462    0  512 1277976.82 948496.462  25.8%     -   86s
     0     0 949307.429    0  408 1277976.82 949307.429  25.7%     -   87s
     0     0 949522.299    0  379 1277976.82 949522.299  25.7%     -   90s
     0     0 949533.093    0  398 1277976.82 949533.093  25.7%     -   90s
     0     0 950213.246    0  410 1277976.82 950213.246  25.6%     -   92s
     0     0 950591.830    0  419 1277976.82 950591.830  25.6%     -   93s
     0     0 950667.968    0  421 1277976.82 950667.968  25.6%     -   93s
     0     0 950685.518    0  439 1277976.82 950685.518  25.6%     -   93s
     0     0 950690.575    0  446 1277976.82 950690.575  25.6%     -   93s
     0     0 951586.739    0  420 1277976.82 951586.739  25.5%     -   94s
     0     0 951589.070    0  451 1277976.82 951589.070  25.5%     -   95s
H    0     0                    1277867.3792 951619.482  25.5%     -   96s
     0     0 951944.873    0  396 1277867.38 951944.873  25.5%     -   97s
     0     0 951995.696    0  379 1277867.38 951995.696  25.5%     -   97s
     0     0 952001.261    0  379 1277867.38 952001.261  25.5%     -   97s
     0     0 952327.323    0  453 1277867.38 952327.323  25.5%     -   99s
H    0     0                    1276363.3224 952332.836  25.4%     -  100s
H    0     0                    1273186.2488 952332.836  25.2%     -  100s
     0     0 952366.179    0  485 1273186.25 952366.179  25.2%     -  100s
     0     0 952394.853    0  495 1273186.25 952394.853  25.2%     -  100s
     0     0 952400.649    0  493 1273186.25 952400.649  25.2%     -  101s
     0     0 953006.738    0  453 1273186.25 953006.738  25.1%     -  102s
     0     0 953214.188    0  489 1273186.25 953214.188  25.1%     -  104s
     0     0 953305.243    0  414 1273186.25 953305.243  25.1%     -  105s
     0     0 953305.243    0  422 1273186.25 953305.243  25.1%     -  105s
     0     0 955908.251    0  410 1273186.25 955908.251  24.9%     -  108s
     0     0 956345.029    0  446 1273186.25 956345.029  24.9%     -  109s
     0     0 956400.057    0  428 1273186.25 956400.057  24.9%     -  109s
     0     0 956411.530    0  409 1273186.25 956411.530  24.9%     -  109s
     0     0 958857.731    0  443 1273186.25 958857.731  24.7%     -  112s
H    0     0                    1270571.3857 958858.028  24.5%     -  113s
H    0     0                    1265651.0635 958858.028  24.2%     -  116s
     0     0 959212.389    0  441 1265651.06 959212.389  24.2%     -  118s
     0     0 959475.312    0  423 1265651.06 959475.312  24.2%     -  118s
     0     0 959478.871    0  489 1265651.06 959478.871  24.2%     -  118s
     0     0          -    0      1265651.06 959478.871  24.2%     -  120s

Cutting planes:
  Learned: 4
  Gomory: 23
  Cover: 122
  Implied bound: 238
  Clique: 89
  MIR: 482
  Knapsack: 2
  StrongCG: 132
  Flow cover: 179
  GUB cover: 48
  Zero half: 4
  Network: 2
  RLT: 362
  Relax-and-lift: 84
  BQP: 22

Explored 1 nodes (81807 simplex iterations) in 120.02 seconds (166.51 work units)
Thread count was 24 (of 24 available processors)

Solution count 10: 1.26565e+06 1.27057e+06 1.27319e+06 ... 1.30026e+06

Time limit reached
Best objective 1.265651063475e+06, best bound 9.594788714553e+05, gap 24.1909%
