
Gurobi 13.0.2 (linux64, Python) logging started Thu Jun  4 00:13:06 2026

Set parameter LogToConsole to value 0
Set parameter Username
Set parameter LicenseID to value 2748191
Set parameter TimeLimit to value 600
Set parameter LogFile to value "output/bf_qcv_045/period_3/gurobi.log"
Academic license - for non-commercial use only - expires 2026-12-01
Gurobi Optimizer version 13.0.2 build v13.0.2rc1 (linux64 - "Debian GNU/Linux 13 (trixie)")

CPU model: 13th Gen Intel(R) Core(TM) i7-13700HX, instruction set [SSE2|AVX|AVX2]
Thread count: 24 physical cores, 24 logical processors, using up to 24 threads

Non-default parameters:
TimeLimit  600
LogToConsole  0

Optimize a model with 62480 rows, 49980 columns and 166260 nonzeros (Min)
Model fingerprint: 0xae4a49d8
Model has 255 linear objective coefficients
Variable types: 40290 continuous, 9690 integer (9690 binary)
Coefficient statistics:
  Matrix range     [1e-02, 1e+04]
  Objective range  [2e+04, 5e+04]
  Bounds range     [1e+00, 1e+00]
  RHS range        [4e-01, 1e+05]

Presolve removed 44697 rows and 35754 columns
Presolve time: 0.34s
Presolved: 17783 rows, 14226 columns, 75111 nonzeros
Variable types: 9399 continuous, 4827 integer (4827 binary)
Found heuristic solution: objective 9424647.7538
Found heuristic solution: objective 9381180.7117
Found heuristic solution: objective 9358894.7642

Root relaxation: objective 1.802315e+06, 11075 iterations, 0.39 seconds (0.98 work units)

    Nodes    |    Current Node    |     Objective Bounds      |     Work
 Expl Unexpl |  Obj  Depth IntInf | Incumbent    BestBd   Gap | It/Node Time

     0     0 1802314.50    0   15 9358894.76 1802314.50  80.7%     -    0s
H    0     0                    1925648.6222 1802314.50  6.40%     -    0s
H    0     0                    1889377.9459 1802314.50  4.61%     -    0s
H    0     0                    1846234.0710 1802314.50  2.38%     -    0s
H    0     0                    1840699.6233 1802314.50  2.09%     -    0s
H    0     0                    1838486.1523 1802314.50  1.97%     -    0s
H    0     0                    1833082.9967 1802314.50  1.68%     -    0s
H    0     0                    1832848.0632 1802314.50  1.67%     -    0s
H    0     0                    1827146.7886 1802314.50  1.36%     -    1s
H    0     0                    1824853.8021 1802314.50  1.24%     -    1s
H    0     0                    1822048.3819 1802314.50  1.08%     -    1s
     0     0 1802314.52    0   13 1822048.38 1802314.52  1.08%     -    1s
H    0     0                    1816903.0309 1802314.53  0.80%     -    1s
H    0     0                    1816421.7327 1802314.53  0.78%     -    1s
H    0     0                    1815523.4314 1802314.53  0.73%     -    1s
     0     0 1802314.63    0   14 1815523.43 1802314.63  0.73%     -    1s
     0     0 1802314.63    0   14 1815523.43 1802314.63  0.73%     -    1s
     0     0 1802314.63    0   21 1815523.43 1802314.63  0.73%     -    1s
     0     0 1802314.63    0   15 1815523.43 1802314.63  0.73%     -    2s
     0     0 1802314.63    0   31 1815523.43 1802314.63  0.73%     -    2s
     0     0 1802314.65    0   29 1815523.43 1802314.65  0.73%     -    2s
H    0     0                    1815453.6136 1802314.65  0.72%     -    2s
     0     0 1802314.67    0   26 1815453.61 1802314.67  0.72%     -    2s
     0     0 1802314.67    0   29 1815453.61 1802314.67  0.72%     -    2s
     0     0 1802314.68    0   29 1815453.61 1802314.68  0.72%     -    2s
     0     0 1802314.69    0   29 1815453.61 1802314.69  0.72%     -    2s
     0     0 1802314.69    0   29 1815453.61 1802314.69  0.72%     -    2s
     0     0 1802314.69    0   27 1815453.61 1802314.69  0.72%     -    2s
     0     0 1802314.69    0   13 1815453.61 1802314.69  0.72%     -    3s
H    0     0                    1814500.8469 1802314.69  0.67%     -    3s
H    0     0                    1811976.2789 1802314.69  0.53%     -    4s
H    0     0                    1811669.8236 1802314.69  0.52%     -    4s
     0     0 1802314.69    0   17 1811669.82 1802314.69  0.52%     -    4s
H    0     0                    1811577.6222 1802314.69  0.51%     -    4s
     0     0 1802314.69    0   25 1811577.62 1802314.69  0.51%     -    4s
     0     0 1802314.69    0   33 1811577.62 1802314.69  0.51%     -    4s
     0     0 1802314.70    0   33 1811577.62 1802314.70  0.51%     -    4s
     0     0 1802314.70    0   39 1811577.62 1802314.70  0.51%     -    4s
     0     0 1802314.70    0   19 1811577.62 1802314.70  0.51%     -    4s
     0     0 1802314.71    0   32 1811577.62 1802314.71  0.51%     -    5s
     0     0 1802314.71    0   30 1811577.62 1802314.71  0.51%     -    5s
     0     0 1802314.76    0   30 1811577.62 1802314.76  0.51%     -    5s
     0     0 1802314.76    0   24 1811577.62 1802314.76  0.51%     -    5s
     0     0 1802314.79    0   43 1811577.62 1802314.79  0.51%     -    5s
     0     0 1802314.79    0   43 1811577.62 1802314.79  0.51%     -    5s
     0     0 1802314.79    0   43 1811577.62 1802314.79  0.51%     -    5s
     0     0 1802314.79    0   28 1811577.62 1802314.79  0.51%     -    5s
     0     2 1802314.79    0   27 1811577.62 1802314.79  0.51%     -    5s
H   73    80                    1811483.6857 1802314.98  0.51%   3.7    5s
H  104   128                    1811356.3107 1802315.07  0.50%   3.5    5s
H  108   128                    1811160.9000 1802315.07  0.49%   3.5    5s
H  162   272                    1810943.1512 1802315.10  0.48%   3.2    6s
H 3223  3234                    1810419.9701 1802315.10  0.45%   4.7    8s
H 3226  3234                    1809285.8983 1802315.10  0.39%   4.7    8s
H 3228  3234                    1809226.1880 1802315.10  0.38%   4.7    8s
H 3237  3234                    1808628.2461 1802315.10  0.35%   4.7    8s
  6509  6586 1804105.47  294   11 1808628.25 1802315.11  0.35%   6.0   10s
H 6522  6538                    1808238.6973 1802315.11  0.33%   6.1   10s
H 6738  6538                    1808235.1974 1802315.11  0.33%   6.6   10s
H10028 10099                    1808055.2769 1802315.31  0.32%   9.1   12s
H10506 10099                    1807986.2284 1802315.31  0.31%   9.1   12s
H10698 10099                    1807961.3403 1802315.31  0.31%   9.3   12s
 12862 11681 1804880.67  115   27 1807961.34 1802315.31  0.31%   9.3   15s
H12863 11097                    1805223.7556 1802315.31  0.16%   9.3   16s
H12868 10545                    1805021.8571 1802323.37  0.15%   9.3   16s
H12874 10023                    1804958.0106 1802323.37  0.15%  10.0   17s
H12874  9522                    1804780.7718 1802323.37  0.14%  10.0   17s
H12874  9046                    1804765.5416 1802323.37  0.14%  10.0   17s
H12963  8678                    1804738.9059 1802323.45  0.13%  10.6   20s
H12969  8246                    1804302.9766 1802323.45  0.11%  10.6   20s
H12979  7834                    1803410.4263 1802323.45  0.06%  10.6   20s
H13262  7648                    1803095.6614 1802323.45  0.04%  10.7   20s
H13264  7279                    1803005.5345 1802323.45  0.04%  10.7   20s
H13275  6925                    1802731.7256 1802323.45  0.02%  10.7   20s
H16458  8386                    1802695.8782 1802323.54  0.02%  10.3   23s
H16511  8048                    1802439.1132 1802323.54  0.01%  10.4   23s

Cutting planes:
  Gomory: 7
  Lift-and-project: 3
  MIR: 81
  Flow cover: 57

Explored 16543 nodes (192980 simplex iterations) in 23.41 seconds (25.65 work units)
Thread count was 24 (of 24 available processors)

Solution count 10: 1.80244e+06 1.8027e+06 1.80273e+06 ... 1.80478e+06

Optimal solution found (tolerance 1.00e-04)
Best objective 1.802439113247e+06, best bound 1.802323535942e+06, gap 0.0064%
