
Gurobi 13.0.2 (linux64, Python) logging started Fri May  8 00:30:13 2026

Set parameter LogToConsole to value 0
Set parameter Username
Set parameter LicenseID to value 2748191
Set parameter TimeLimit to value 600
Set parameter LogFile to value "output/bz_nbr7008_075/period_4/gurobi.log"
Academic license - for non-commercial use only - expires 2026-12-01
Gurobi Optimizer version 13.0.2 build v13.0.2rc1 (linux64 - "Debian GNU/Linux 13 (trixie)")

CPU model: 13th Gen Intel(R) Core(TM) i7-13700HX, instruction set [SSE2|AVX|AVX2]
Thread count: 24 physical cores, 24 logical processors, using up to 24 threads

Non-default parameters:
TimeLimit  600
LogToConsole  0

Optimize a model with 17172 rows, 11706 columns and 48052 nonzeros (Min)
Model fingerprint: 0x45b88fda
Model has 3410 linear objective coefficients and an objective constant of 149133.4946904
Variable types: 9534 continuous, 2172 integer (2172 binary)
Coefficient statistics:
  Matrix range     [1e-02, 8e+03]
  Objective range  [5e+00, 8e+04]
  Bounds range     [1e+00, 1e+00]
  RHS range        [4e-02, 1e+04]

Presolve removed 14210 rows and 9603 columns
Presolve time: 0.14s
Presolved: 2962 rows, 2103 columns, 14664 nonzeros
Variable types: 1356 continuous, 747 integer (746 binary)
Found heuristic solution: objective 369417.11598

Root relaxation: objective 6.493786e+04, 1508 iterations, 0.03 seconds (0.06 work units)

    Nodes    |    Current Node    |     Objective Bounds      |     Work
 Expl Unexpl |  Obj  Depth IntInf | Incumbent    BestBd   Gap | It/Node Time

     0     0 64937.8647    0   38 369417.116 64937.8647  82.4%     -    0s
H    0     0                    209983.28617 64937.8647  69.1%     -    0s
H    0     0                    194209.91352 64937.8647  66.6%     -    0s
     0     0 64938.8916    0   46 194209.914 64938.8916  66.6%     -    0s
H    0     0                    153977.61430 64938.9083  57.8%     -    0s
     0     0 64940.7885    0   47 153977.614 64940.7885  57.8%     -    0s
H    0     0                    153739.97282 64941.1382  57.8%     -    0s
     0     0 64941.1382    0   44 153739.973 64941.1382  57.8%     -    0s
     0     0 69567.3894    0   46 153739.973 69567.3894  54.7%     -    0s
     0     0 69579.4884    0   46 153739.973 69579.4884  54.7%     -    0s
     0     0 69583.1120    0   49 153739.973 69583.1120  54.7%     -    0s
     0     0 70734.0291    0   33 153739.973 70734.0291  54.0%     -    0s
     0     0 70737.9453    0   33 153739.973 70737.9453  54.0%     -    0s
     0     0 70946.5648    0   39 153739.973 70946.5648  53.9%     -    0s
H    0     0                    122697.36949 70949.2795  42.2%     -    0s
H    0     0                    122502.16876 70949.2795  42.1%     -    0s
     0     0 70949.2795    0   37 122502.169 70949.2795  42.1%     -    0s
     0     0 70949.2795    0   45 122502.169 70949.2795  42.1%     -    0s
     0     0 70949.2795    0   39 122502.169 70949.2795  42.1%     -    0s
     0     0 71102.2209    0   36 122502.169 71102.2209  42.0%     -    0s
     0     0 71102.2209    0   36 122502.169 71102.2209  42.0%     -    0s
     0     0 71102.2209    0   28 122502.169 71102.2209  42.0%     -    0s
H    0     0                    120083.62774 71102.4067  40.8%     -    0s
     0     0 71102.4067    0   36 120083.628 71102.4067  40.8%     -    0s
     0     0 71102.4067    0   35 120083.628 71102.4067  40.8%     -    0s
     0     0 71102.4067    0   51 120083.628 71102.4067  40.8%     -    0s
     0     0 71145.1386    0   45 120083.628 71145.1386  40.8%     -    0s
     0     0 71147.8733    0   46 120083.628 71147.8733  40.8%     -    0s
H    0     0                    116896.09210 71147.8733  39.1%     -    0s
     0     0 71154.6850    0   39 116896.092 71154.6850  39.1%     -    0s
     0     0 71154.6850    0   35 116896.092 71154.6850  39.1%     -    0s
     0     0 71229.2009    0   35 116896.092 71229.2009  39.1%     -    0s
H    0     0                    113440.16032 71229.3492  37.2%     -    0s
     0     0 71229.3492    0   43 113440.160 71229.3492  37.2%     -    0s
     0     0 71229.6375    0   37 113440.160 71229.6375  37.2%     -    0s
H    0     0                    113433.19837 71229.6375  37.2%     -    0s
H    0     0                    110731.35382 71229.6375  35.7%     -    0s
     0     0 71229.6375    0   38 110731.354 71229.6375  35.7%     -    0s
     0     0 71287.2637    0   53 110731.354 71287.2637  35.6%     -    0s
     0     0 71287.2637    0   55 110731.354 71287.2637  35.6%     -    0s
     0     0 71287.2637    0   50 110731.354 71287.2637  35.6%     -    0s
     0     0 71287.2637    0   48 110731.354 71287.2637  35.6%     -    0s
     0     0 71337.3547    0   36 110731.354 71337.3547  35.6%     -    0s
     0     0 71337.3547    0   36 110731.354 71337.3547  35.6%     -    0s
     0     0 71337.3547    0   28 110731.354 71337.3547  35.6%     -    0s
     0     0 71351.2419    0   39 110731.354 71351.2419  35.6%     -    0s
H    0     0                    110266.78726 71351.2419  35.3%     -    0s
     0     0 71351.2419    0   53 110266.787 71351.2419  35.3%     -    0s
     0     0 71351.2419    0   46 110266.787 71351.2419  35.3%     -    0s
     0     0 71351.3210    0   66 110266.787 71351.3210  35.3%     -    0s
     0     0 71351.3210    0   66 110266.787 71351.3210  35.3%     -    0s
     0     0 71351.3210    0   39 110266.787 71351.3210  35.3%     -    0s
     0     0 71354.0984    0   42 110266.787 71354.0984  35.3%     -    0s
     0     0 71354.0984    0   39 110266.787 71354.0984  35.3%     -    0s
     0     2 71354.0984    0   39 110266.787 71354.0984  35.3%     -    0s
H   84   119                    110261.29710 71356.5896  35.3%  75.4    1s
H  110   119                    110257.13655 71356.5896  35.3%  70.7    1s
H  838   580                    107367.47194 71358.6299  33.5%  86.0    1s
H  928   605                    107363.78789 71358.6299  33.5%  84.4    1s
H 1674   915                    104749.73158 71481.9727  31.8%  79.8    2s
* 5271  1436              27    103997.70569 74326.9428  28.5%  69.5    4s
* 5284  1436              28    103992.21554 74326.9428  28.5%  69.4    4s
* 5337  1436              35    103972.80149 74326.9428  28.5%  69.0    4s
  6228  1325 infeasible   16      103972.801 75619.6714  27.3%  67.9    5s
* 6651  1272              41    103666.75892 76519.0001  26.2%  68.4    5s
*13065   101              24    103043.15834 87945.1394  14.7%  68.6    8s
*13077   101              26    103016.27274 87945.1394  14.6%  68.5    8s
H13343   101                    103015.05576 87945.1394  14.6%  68.0    8s

Cutting planes:
  Learned: 16
  Gomory: 14
  Lift-and-project: 11
  Cover: 329
  Implied bound: 181
  Clique: 4
  MIR: 234
  StrongCG: 18
  Flow cover: 99
  GUB cover: 31
  Inf proof: 106
  RLT: 55
  Relax-and-lift: 27
  BQP: 2

Explored 16100 nodes (1010620 simplex iterations) in 9.80 seconds (7.87 work units)
Thread count was 24 (of 24 available processors)

Solution count 10: 103015 103016 103043 ... 107367

Optimal solution found (tolerance 1.00e-04)
Best objective 1.030150557561e+05, best bound 1.030150557561e+05, gap 0.0000%
