
Gurobi 13.0.2 (linux64, Python) logging started Sat Aug 22 14:50:42 2026

Set parameter LogToConsole to value 0
Set parameter Username
Set parameter LicenseID to value 2748191
Set parameter TimeLimit to value 120
Set parameter LogFile to value "output/bz_nbr7008_075/weighted_loss/retail_y_2__retail_v_4__retail_v_4__rolled_leftover_4/period_4/gurobi.log"
Academic license - for non-commercial use only - expires 2026-12-01
Gurobi Optimizer version 13.0.2 build v13.0.2rc1 (linux64 - "Debian GNU/Linux 13 (trixie)")

CPU model: 13th Gen Intel(R) Core(TM) i7-13700HX, instruction set [SSE2|AVX|AVX2]
Thread count: 24 physical cores, 24 logical processors, using up to 24 threads

Non-default parameters:
TimeLimit  120
LogToConsole  0

Optimize a model with 15733 rows, 10665 columns and 44136 nonzeros (Min)
Model fingerprint: 0x56881fbd
Model has 3330 linear objective coefficients and an objective constant of 2.7881368611520005e+05
Variable types: 8694 continuous, 1971 integer (1971 binary)
Coefficient statistics:
  Matrix range     [1e-02, 8e+03]
  Objective range  [1e+01, 2e+05]
  Bounds range     [1e+00, 1e+00]
  RHS range        [4e-02, 1e+04]

Presolve removed 12856 rows and 8637 columns
Presolve time: 0.13s
Presolved: 2877 rows, 2028 columns, 14194 nonzeros
Variable types: 1314 continuous, 714 integer (711 binary)
Found heuristic solution: objective 993305.80764

Root relaxation: objective 2.556631e+05, 1412 iterations, 0.03 seconds (0.05 work units)

    Nodes    |    Current Node    |     Objective Bounds      |     Work
 Expl Unexpl |  Obj  Depth IntInf | Incumbent    BestBd   Gap | It/Node Time

     0     0 255663.121    0   37 993305.808 255663.121  74.3%     -    0s
H    0     0                    627996.62018 255663.121  59.3%     -    0s
H    0     0                    542061.17639 255663.121  52.8%     -    0s
H    0     0                    538843.08423 255663.121  52.6%     -    0s
H    0     0                    538561.66403 255663.121  52.5%     -    0s
     0     0 255680.787    0   40 538561.664 255680.787  52.5%     -    0s
H    0     0                    537003.57791 255680.853  52.4%     -    0s
H    0     0                    535128.75986 255680.853  52.2%     -    0s
     0     0 255828.683    0   43 535128.760 255828.683  52.2%     -    0s
H    0     0                    505854.52101 255829.495  49.4%     -    0s
H    0     0                    505385.63531 255829.495  49.4%     -    0s
H    0     0                    499858.92045 255829.495  48.8%     -    0s
     0     0 255829.495    0   43 499858.920 255829.495  48.8%     -    0s
     0     0 268776.182    0   34 499858.920 268776.182  46.2%     -    0s
H    0     0                    430352.49923 268846.896  37.5%     -    0s
     0     0 269403.032    0   45 430352.499 269403.032  37.4%     -    0s
     0     0 269403.032    0   47 430352.499 269403.032  37.4%     -    0s
     0     0 270795.832    0   53 430352.499 270795.832  37.1%     -    0s
     0     0 270863.311    0   35 430352.499 270863.311  37.1%     -    0s
     0     0 270882.899    0   34 430352.499 270882.899  37.1%     -    0s
     0     0 271103.449    0   53 430352.499 271103.449  37.0%     -    0s
     0     0 271719.620    0   34 430352.499 271719.620  36.9%     -    0s
H    0     0                    387331.79712 271720.468  29.8%     -    0s
     0     0 271720.468    0   40 387331.797 271720.468  29.8%     -    0s
H    0     0                    386837.29669 286773.145  25.9%     -    0s
     0     0 301740.826    0   47 386837.297 301740.826  22.0%     -    0s
H    0     0                    381697.78555 301740.826  20.9%     -    0s
H    0     0                    374303.50699 301740.826  19.4%     -    0s
H    0     0                    373472.70340 301740.826  19.2%     -    0s
     0     0 308964.267    0   45 373472.703 308964.267  17.3%     -    1s
     0     0 308964.267    0   60 373472.703 308964.267  17.3%     -    1s
     0     0 308964.267    0   60 373472.703 308964.267  17.3%     -    1s
     0     0 317829.603    0  121 373472.703 317829.603  14.9%     -    1s
     0     0 317829.603    0  139 373472.703 317829.603  14.9%     -    1s
     0     0 317829.603    0  122 373472.703 317829.603  14.9%     -    1s
H    0     0                    373444.52082 317829.603  14.9%     -    1s
     0     0 319223.118    0   92 373444.521 319223.118  14.5%     -    1s
     0     0 319400.216    0   95 373444.521 319400.216  14.5%     -    1s
     0     0 319400.216    0   94 373444.521 319400.216  14.5%     -    1s
     0     0 319400.216    0  106 373444.521 319400.216  14.5%     -    1s
     0     0 319400.216    0  105 373444.521 319400.216  14.5%     -    1s
     0     0 319658.970    0  136 373444.521 319658.970  14.4%     -    1s
     0     0 319868.226    0  120 373444.521 319868.226  14.3%     -    1s
     0     0 319870.844    0  108 373444.521 319870.844  14.3%     -    1s
     0     0 319872.026    0  131 373444.521 319872.026  14.3%     -    1s
     0     0 319958.963    0  134 373444.521 319958.963  14.3%     -    2s
     0     0 319958.963    0  131 373444.521 319958.963  14.3%     -    2s
     0     0 319982.529    0  132 373444.521 319982.529  14.3%     -    2s
H    0     0                    373339.23277 320098.350  14.3%     -    2s
     0     0 320098.350    0  129 373339.233 320098.350  14.3%     -    2s
     0     0 320120.134    0  108 373339.233 320120.134  14.3%     -    2s
     0     0 320120.134    0  108 373339.233 320120.134  14.3%     -    2s
     0     0 320140.334    0  111 373339.233 320140.334  14.2%     -    2s
     0     0 320157.582    0  111 373339.233 320157.582  14.2%     -    2s
     0     0 320252.503    0  133 373339.233 320252.503  14.2%     -    2s
     0     0 320252.887    0  133 373339.233 320252.887  14.2%     -    2s
     0     0 320309.346    0   97 373339.233 320309.346  14.2%     -    2s
     0     0 320319.621    0   98 373339.233 320319.621  14.2%     -    2s
     0     0 320352.002    0  114 373339.233 320352.002  14.2%     -    2s
     0     0 320416.932    0  104 373339.233 320416.932  14.2%     -    2s
     0     0 320416.932    0  104 373339.233 320416.932  14.2%     -    2s
     0     0 320416.932    0  104 373339.233 320416.932  14.2%     -    2s
     0     2 320417.622    0  104 373339.233 320417.622  14.2%     -    3s
  1010   538     cutoff   14      373339.233 325465.372  12.8%  90.2    5s
  6192  1291 368609.185   10   61 373339.233 338248.741  9.40%  79.4   10s
H13462   958                    373204.91621 363388.789  2.63%  72.1   12s
*15245   378              25    373147.69172 365912.819  1.94%  69.4   13s

Cutting planes:
  Learned: 7
  Gomory: 6
  Lift-and-project: 10
  Cover: 105
  Implied bound: 306
  MIR: 124
  StrongCG: 6
  Flow cover: 150
  GUB cover: 20
  Zero half: 4
  RLT: 30
  Relax-and-lift: 23
  BQP: 6
  PSD: 2

Explored 15935 nodes (1091188 simplex iterations) in 13.26 seconds (9.54 work units)
Thread count was 24 (of 24 available processors)

Solution count 10: 373148 373205 373339 ... 430352

Optimal solution found (tolerance 1.00e-04)
Best objective 3.731476917193e+05, best bound 3.731476917193e+05, gap 0.0000%
