
Gurobi 13.0.2 (linux64, Python) logging started Sat Aug 22 14:07:46 2026

Set parameter LogToConsole to value 0
Set parameter Username
Set parameter LicenseID to value 2748191
Set parameter TimeLimit to value 120
Set parameter LogFile to value "output/bz_nbr7008_043/weighted_loss/retail_y_2__retail_v_4__retail_v_4__rolled_leftover_2/period_5/gurobi.log"
Academic license - for non-commercial use only - expires 2026-12-01
Gurobi Optimizer version 13.0.2 build v13.0.2rc1 (linux64 - "Debian GNU/Linux 13 (trixie)")

CPU model: 13th Gen Intel(R) Core(TM) i7-13700HX, instruction set [SSE2|AVX|AVX2]
Thread count: 24 physical cores, 24 logical processors, using up to 24 threads

Non-default parameters:
TimeLimit  120
LogToConsole  0

Optimize a model with 203986 rows, 136557 columns and 714420 nonzeros (Min)
Model fingerprint: 0x4f93bb86
Model has 54460 linear objective coefficients and an objective constant of 214901.8291128
Variable types: 112536 continuous, 24021 integer (24021 binary)
Coefficient statistics:
  Matrix range     [1e-02, 1e+04]
  Objective range  [1e+01, 1e+05]
  Bounds range     [1e+00, 1e+00]
  RHS range        [1e-01, 5e+04]

Presolve removed 122552 rows and 84980 columns
Presolve time: 3.66s
Presolved: 81434 rows, 51577 columns, 817966 nonzeros
Variable types: 33756 continuous, 17821 integer (17775 binary)
Deterministic concurrent LP optimizer: primal simplex, dual simplex, and barrier
Showing barrier log only...

Root barrier log...

Ordering time: 0.43s

Barrier statistics:
 Dense cols : 109
 AA' NZ     : 6.860e+06
 Factor NZ  : 1.197e+07 (roughly 140 MB of memory)
 Factor Ops : 3.324e+09 (less than 1 second per iteration)
 Threads    : 21

                  Objective                Residual
Iter       Primal          Dual         Primal    Dual     Compl     Time
   0  -4.08715817e+09 -8.82391481e+09  3.29e+06 1.23e+02  2.82e+06     5s
   1  -2.37487750e+09 -8.19194832e+09  2.07e+06 2.18e+02  1.56e+06     5s
   2  -8.81298752e+08 -7.00994563e+09  7.17e+05 4.92e+01  5.62e+05     5s
   3  -2.39506576e+08 -3.81204289e+09  2.01e+05 2.48e+00  1.62e+05     5s
   4  -1.38332152e+07 -1.03655031e+09  2.13e+04 5.01e-11  1.99e+04     6s
   5   4.40890622e+06 -4.32350552e+08  7.50e+03 8.69e-11  6.90e+03     6s
   6   1.19297403e+07 -1.68292749e+08  1.39e+03 6.32e-11  1.82e+03     6s
   7   1.21922227e+07 -5.25796543e+07  1.06e+03 3.59e-11  7.40e+02     6s
   8   1.14750947e+07 -3.34391100e+07  5.08e+02 1.36e-11  4.38e+02     6s
   9   9.12657951e+06 -1.64736660e+07  2.17e+02 9.83e-12  2.22e+02     6s
  10   8.47274452e+06 -1.19682829e+07  1.66e+02 1.57e-11  1.74e+02     6s
  11   7.68301420e+06 -1.03508106e+07  1.31e+02 1.62e-11  1.50e+02     6s
  12   4.94244027e+06 -7.74893007e+06  7.09e+01 1.02e-11  1.02e+02     6s
  13   3.31237492e+06 -3.14028024e+06  3.80e+01 1.20e-11  5.18e+01     6s
  14   2.52667703e+06 -2.73046492e+06  2.43e+01 1.32e-11  4.11e+01     6s
  15   2.08553433e+06 -1.04530530e+06  1.63e+01 1.27e-11  2.49e+01     6s
  16   1.94985915e+06 -2.41709958e+05  1.38e+01 1.13e-11  1.80e+01     6s
  17   1.73800205e+06  1.32521916e+05  9.86e+00 1.48e-11  1.32e+01     6s
  18   1.46990203e+06  5.53347220e+05  5.20e+00 1.18e-11  7.47e+00     6s
  19   1.32367411e+06  8.11447109e+05  2.71e+00 1.30e-11  4.13e+00     6s
  20   1.23571893e+06  9.74613526e+05  1.31e+00 1.60e-11  2.09e+00     6s
  21   1.20006040e+06  1.07948973e+06  6.40e-01 1.48e-11  9.65e-01     6s
  22   1.18346614e+06  1.09985720e+06  4.15e-01 1.67e-11  6.63e-01     7s
  23   1.17871334e+06  1.12335969e+06  3.46e-01 1.16e-11  4.48e-01     7s
  24   1.17158663e+06  1.13105023e+06  2.42e-01 1.40e-11  3.25e-01     7s
  25   1.17020804e+06  1.13169950e+06  2.24e-01 1.06e-11  3.08e-01     7s
  26   1.16790737e+06  1.14141524e+06  1.95e-01 1.21e-11  2.17e-01     7s
  27   1.16081213e+06  1.14378310e+06  1.06e-01 1.20e-11  1.37e-01     7s
  28   1.15449808e+06  1.14744083e+06  3.72e-02 1.32e-11  5.55e-02     7s
  29   1.15286072e+06  1.14935400e+06  2.11e-02 8.66e-12  2.79e-02     7s
  30   1.15193989e+06  1.14982905e+06  1.24e-02 1.44e-11  1.68e-02     7s
  31   1.15160748e+06  1.14993240e+06  9.50e-03 1.31e-11  1.33e-02     7s
  32   1.15137954e+06  1.15018883e+06  7.55e-03 9.70e-12  9.55e-03     7s
  33   1.15118934e+06  1.15025115e+06  5.97e-03 1.19e-11  7.53e-03     8s
  34   1.15088648e+06  1.15034615e+06  3.43e-03 1.19e-11  4.34e-03     8s
  35   1.15067062e+06  1.15040637e+06  1.71e-03 1.12e-11  2.13e-03     8s
  36   1.15061956e+06  1.15041953e+06  1.32e-03 1.56e-11  1.61e-03     8s
  37   1.15051765e+06  1.15044225e+06  5.31e-04 1.52e-11  6.13e-04     8s
  38   1.15051086e+06  1.15044530e+06  4.69e-04 1.27e-11  5.35e-04     8s
  39   1.15045855e+06  1.15044889e+06  4.80e-05 1.39e-11  7.57e-05     8s
  40   1.15045115e+06  1.15044952e+06  7.78e-06 1.92e-11  1.27e-05     8s
  41   1.15045046e+06  1.15044964e+06  4.10e-06 1.48e-11  6.46e-06     8s
  42   1.15044969e+06  1.15044966e+06  1.63e-06 1.16e-11  2.39e-07     9s
  43   1.15044966e+06  1.15044966e+06  1.86e-06 4.65e-11  6.04e-09     9s

Barrier solved model in 43 iterations and 8.74 seconds (13.71 work units)
Optimal objective 1.15044966e+06


Root crossover log...

   42609 DPushes remaining with DInf 7.0310699e-03                 9s
       0 DPushes remaining with DInf 0.0000000e+00                 9s

     163 PPushes remaining with PInf 1.9344447e-02                 9s
       0 PPushes remaining with PInf 0.0000000e+00                 9s

  Push phase complete: Pinf 0.0000000e+00, Dinf 5.2180340e-01      9s


Root simplex log...

Iteration    Objective       Primal Inf.    Dual Inf.      Time
   30137    1.1504497e+06   0.000000e+00   5.218034e-01      9s
   30165    1.1504497e+06   0.000000e+00   0.000000e+00      9s
Crossover time: 0.47 seconds (0.60 work units)
Concurrent spin time: 0.65s (can be avoided by choosing Method=3)

Solved with barrier
   30167    1.1504497e+06   0.000000e+00   0.000000e+00     10s

Extra simplex iterations after uncrush: 2

Root relaxation: objective 1.150450e+06, 30167 iterations, 5.99 seconds (6.66 work units)

    Nodes    |    Current Node    |     Objective Bounds      |     Work
 Expl Unexpl |  Obj  Depth IntInf | Incumbent    BestBd   Gap | It/Node Time

     0     0 1150449.66    0  290          - 1150449.66      -     -   10s
     0     0 1150466.70    0  315          - 1150466.70      -     -   11s
H    0     0                    2790738.3285 1150466.70  58.8%     -   13s
H    0     0                    2775775.1425 1150466.70  58.6%     -   13s
H    0     0                    2775689.0408 1150466.70  58.6%     -   13s
H    0     0                    2655655.6580 1150466.70  56.7%     -   13s
     0     0 1151484.94    0  275 2655655.66 1151484.94  56.6%     -   15s
H    0     0                    2614818.1309 1151486.14  56.0%     -   15s
H    0     0                    2612702.2296 1151486.14  55.9%     -   15s
H    0     0                    2171651.8783 1151486.14  47.0%     -   15s
H    0     0                    2150229.6081 1151486.14  46.4%     -   15s
H    0     0                    2085353.1062 1151486.14  44.8%     -   15s
H    0     0                    1990060.0742 1151486.14  42.1%     -   15s
H    0     0                    1969659.6029 1151486.14  41.5%     -   15s
H    0     0                    1968115.8799 1151486.14  41.5%     -   16s
H    0     0                    1960399.7801 1151486.14  41.3%     -   16s
H    0     0                    1893982.7488 1151486.14  39.2%     -   17s
H    0     0                    1889140.7833 1151486.14  39.0%     -   17s
H    0     0                    1879643.7344 1151486.14  38.7%     -   18s
H    0     0                    1867595.0830 1151486.14  38.3%     -   18s
H    0     0                    1861704.6311 1151486.14  38.1%     -   19s
H    0     0                    1853771.3573 1151486.14  37.9%     -   19s
H    0     0                    1819250.2620 1151486.14  36.7%     -   19s
H    0     0                    1818649.5461 1151486.14  36.7%     -   19s
H    0     0                    1817064.5019 1151486.14  36.6%     -   19s
H    0     0                    1781785.4026 1151486.14  35.4%     -   19s
H    0     0                    1769639.0116 1151486.14  34.9%     -   19s
H    0     0                    1735994.5460 1151486.14  33.7%     -   19s
     0     0 1151604.89    0  283 1735994.55 1151604.89  33.7%     -   20s
     0     0 1155390.76    0  288 1735994.55 1155390.76  33.4%     -   24s
H    0     0                    1678464.4451 1155396.93  31.2%     -   25s
H    0     0                    1655448.4284 1155396.93  30.2%     -   26s
H    0     0                    1641172.9600 1155396.93  29.6%     -   30s
H    0     0                    1637571.6905 1155396.93  29.4%     -   32s
H    0     0                    1634842.4401 1155396.93  29.3%     -   46s
     0     0 1168783.51    0  285 1634842.44 1168783.51  28.5%     -   47s
     0     0 1172017.07    0  282 1634842.44 1172017.07  28.3%     -   53s
H    0     0                    1634283.2042 1172020.12  28.3%     -   53s
H    0     0                    1609785.2154 1172020.12  27.2%     -   56s
H    0     0                    1608593.9184 1172020.12  27.1%     -   57s
H    0     0                    1605876.9389 1172020.12  27.0%     -   58s
H    0     0                    1604837.5633 1172020.12  27.0%     -   58s
H    0     0                    1600383.5122 1172020.12  26.8%     -   59s
H    0     0                    1598566.0907 1172020.12  26.7%     -   59s
H    0     0                    1597730.7311 1172020.12  26.6%     -   59s
H    0     0                    1594324.5533 1172020.12  26.5%     -   59s
H    0     0                    1592355.6324 1172020.12  26.4%     -   59s
H    0     0                    1592129.9188 1172020.12  26.4%     -   60s
     0     0 1173404.83    0  349 1592129.92 1173404.83  26.3%     -   61s
     0     0 1173408.43    0  347 1592129.92 1173408.43  26.3%     -   61s
     0     0 1173433.46    0  335 1592129.92 1173433.46  26.3%     -   61s
     0     0 1173433.67    0  333 1592129.92 1173433.67  26.3%     -   61s
     0     0 1173433.80    0  341 1592129.92 1173433.80  26.3%     -   61s
     0     0 1185392.31    0  374 1592129.92 1185392.31  25.5%     -   68s
     0     0 1186624.07    0  399 1592129.92 1186624.07  25.5%     -   70s
     0     0 1186883.05    0  405 1592129.92 1186883.05  25.5%     -   71s
     0     0 1186886.74    0  387 1592129.92 1186886.74  25.5%     -   71s
     0     0 1193183.93    0  467 1592129.92 1193183.93  25.1%     -   74s
     0     0 1193792.48    0  469 1592129.92 1193792.48  25.0%     -   76s
     0     0 1193921.80    0  423 1592129.92 1193921.80  25.0%     -   76s
     0     0 1193927.53    0  426 1592129.92 1193927.53  25.0%     -   76s
     0     0 1200341.45    0  440 1592129.92 1200341.45  24.6%     -   79s
     0     0 1202175.34    0  501 1592129.92 1202175.34  24.5%     -   80s
     0     0 1202388.61    0  479 1592129.92 1202388.61  24.5%     -   81s
     0     0 1202397.02    0  498 1592129.92 1202397.02  24.5%     -   81s
     0     0 1207305.94    0  501 1592129.92 1207305.94  24.2%     -   84s
H    0     0                    1591954.2399 1207307.26  24.2%     -   85s
     0     0 1207874.73    0  432 1591954.24 1207874.73  24.1%     -   86s
     0     0 1207994.00    0  475 1591954.24 1207994.00  24.1%     -   87s
     0     0 1208032.49    0  488 1591954.24 1208032.49  24.1%     -   87s
     0     0 1208040.03    0  486 1591954.24 1208040.03  24.1%     -   87s
     0     0 1214523.42    0  587 1591954.24 1214523.42  23.7%     -   90s
     0     0 1216391.36    0  575 1591954.24 1216391.36  23.6%     -   92s
     0     0 1216948.82    0  596 1591954.24 1216948.82  23.6%     -   93s
     0     0 1216956.61    0  582 1591954.24 1216956.61  23.6%     -   93s
     0     0 1217096.45    0  591 1591954.24 1217096.45  23.5%     -   93s
     0     0 1217166.11    0  569 1591954.24 1217166.11  23.5%     -   94s
     0     0 1217170.58    0  606 1591954.24 1217170.58  23.5%     -   94s
     0     0 1220495.66    0  609 1591954.24 1220495.66  23.3%     -   97s
H    0     0                    1589260.5548 1220500.16  23.2%     -  100s
H    0     0                    1581535.4347 1220500.16  22.8%     -  104s
H    0     0                    1580580.9967 1220500.16  22.8%     -  106s
H    0     0                    1578059.3419 1220500.16  22.7%     -  107s
     0     0 1220955.10    0  635 1578059.34 1220955.10  22.6%     -  116s
     0     0 1221175.61    0  703 1578059.34 1221175.61  22.6%     -  117s
     0     0 1221184.36    0  659 1578059.34 1221184.36  22.6%     -  117s
     0     0          -    0      1578059.34 1221184.36  22.6%     -  120s

Cutting planes:
  Learned: 16
  Gomory: 30
  Cover: 173
  Implied bound: 241
  Clique: 104
  MIR: 520
  Knapsack: 3
  StrongCG: 130
  Flow cover: 210
  GUB cover: 48
  Zero half: 3
  Network: 4
  RLT: 484
  Relax-and-lift: 75
  BQP: 98

Explored 1 nodes (60280 simplex iterations) in 120.07 seconds (138.94 work units)
Thread count was 24 (of 24 available processors)

Solution count 10: 1.57806e+06 1.58058e+06 1.58154e+06 ... 1.59857e+06

Time limit reached
Best objective 1.578059341861e+06, best bound 1.221184359237e+06, gap 22.6148%
