
Gurobi 13.0.2 (linux64, Python) logging started Thu May 28 10:33:28 2026

Set parameter LogToConsole to value 0
Set parameter Username
Set parameter LicenseID to value 2748191
Set parameter TimeLimit to value 600
Set parameter LogFile to value "output/bz_nbr7008_043/period_1/gurobi.log"
Academic license - for non-commercial use only - expires 2026-12-01
Gurobi Optimizer version 13.0.2 build v13.0.2rc1 (linux64 - "Debian GNU/Linux 13 (trixie)")

CPU model: 13th Gen Intel(R) Core(TM) i7-13700HX, instruction set [SSE2|AVX|AVX2]
Thread count: 24 physical cores, 24 logical processors, using up to 24 threads

Non-default parameters:
TimeLimit  600
LogToConsole  0

Optimize a model with 196063 rows, 130753 columns and 688669 nonzeros (Min)
Model fingerprint: 0xd26830c7
Model has 53990 linear objective coefficients
Variable types: 107764 continuous, 22989 integer (22989 binary)
Coefficient statistics:
  Matrix range     [1e-02, 1e+04]
  Objective range  [2e+01, 3e+05]
  Bounds range     [1e+00, 1e+00]
  RHS range        [1e-01, 3e+04]

Presolve removed 114420 rows and 79225 columns
Presolve time: 3.33s
Presolved: 81643 rows, 51528 columns, 810072 nonzeros
Variable types: 33723 continuous, 17805 integer (17761 binary)
Deterministic concurrent LP optimizer: primal simplex, dual simplex, and barrier
Showing barrier log only...

Root barrier log...

Ordering time: 0.40s

Barrier statistics:
 Dense cols : 23
 AA' NZ     : 7.190e+06
 Factor NZ  : 1.225e+07 (roughly 140 MB of memory)
 Factor Ops : 3.498e+09 (less than 1 second per iteration)
 Threads    : 21

                  Objective                Residual
Iter       Primal          Dual         Primal    Dual     Compl     Time
   0  -3.07772053e+09 -1.27575179e+10  2.75e+06 1.23e+02  3.45e+06     5s
   1  -1.70792621e+09 -1.15684208e+10  1.79e+06 3.13e+02  1.97e+06     5s
   2  -7.58097441e+08 -9.57592844e+09  7.11e+05 7.13e+01  7.94e+05     5s
   3  -1.85130607e+08 -5.15841679e+09  1.80e+05 4.58e+00  2.06e+05     5s
   4  -5.28343808e+06 -1.31194772e+09  1.81e+04 8.73e-11  2.41e+04     5s
   5   1.43222293e+07 -5.39761704e+08  2.37e+03 8.87e-11  5.58e+03     5s
   6   1.56213554e+07 -1.15818808e+08  1.26e+03 5.32e-11  1.46e+03     5s
   7   1.58977449e+07 -5.77658966e+07  8.62e+02 2.09e-11  8.17e+02     5s
   8   1.43578676e+07 -3.63869593e+07  3.69e+02 2.14e-11  4.70e+02     5s
   9   1.17864749e+07 -2.10681280e+07  1.32e+02 1.41e-11  2.66e+02     5s
  10   1.06600401e+07 -1.79458459e+07  1.03e+02 1.75e-11  2.28e+02     5s
  11   6.11826040e+06 -1.16320446e+07  4.90e+01 1.20e-11  1.37e+02     5s
  12   3.17005282e+06 -4.46854154e+06  2.04e+01 1.97e-11  5.88e+01     6s
  13   2.56101030e+06 -2.04998516e+06  1.50e+01 1.78e-11  3.65e+01     6s
  14   2.06151174e+06 -7.61021070e+05  1.05e+01 2.03e-11  2.29e+01     6s
  15   1.46425290e+06 -2.24259502e+05  5.31e+00 2.37e-11  1.35e+01     6s
  16   1.19761316e+06  3.16524621e+05  3.06e+00 2.23e-11  7.11e+00     6s
  17   1.02564330e+06  5.93422758e+05  1.58e+00 1.80e-11  3.48e+00     6s
  18   9.45510655e+05  7.40444728e+05  8.20e-01 1.51e-11  1.65e+00     6s
  19   8.88181771e+05  7.87676523e+05  2.44e-01 1.44e-11  7.65e-01     6s
  20   8.83861155e+05  7.92884444e+05  2.15e-01 2.62e-11  6.90e-01     6s
  21   8.79676015e+05  8.22454948e+05  1.84e-01 1.42e-11  4.42e-01     6s
  22   8.65910918e+05  8.43535043e+05  6.82e-02 1.51e-11  1.71e-01     6s
  23   8.58318625e+05  8.46168206e+05  2.17e-02 1.60e-11  8.98e-02     6s
  24   8.56689482e+05  8.50020984e+05  1.37e-02 1.26e-11  4.96e-02     6s
  25   8.56178914e+05  8.50518594e+05  1.16e-02 1.67e-11  4.21e-02     6s
  26   8.55047142e+05  8.51639182e+05  7.09e-03 1.54e-11  2.53e-02     6s
  27   8.54565900e+05  8.51854133e+05  5.31e-03 1.55e-11  2.01e-02     7s
  28   8.54483922e+05  8.52449900e+05  5.04e-03 1.41e-11  1.53e-02     7s
  29   8.54028467e+05  8.52711518e+05  3.41e-03 1.23e-11  9.92e-03     7s
  30   8.53801222e+05  8.52783181e+05  2.68e-03 1.36e-11  7.68e-03     7s
  31   8.53546999e+05  8.52873261e+05  1.81e-03 1.50e-11  5.09e-03     7s
  32   8.53332233e+05  8.52931357e+05  1.08e-03 1.23e-11  3.03e-03     7s
  33   8.53268919e+05  8.52947385e+05  8.73e-04 1.06e-11  2.43e-03     7s
  34   8.53208697e+05  8.52961383e+05  6.78e-04 1.52e-11  1.87e-03     7s
  35   8.53126253e+05  8.52981512e+05  4.08e-04 1.18e-11  1.10e-03     7s
  36   8.53029720e+05  8.52990353e+05  9.10e-05 1.74e-11  2.95e-04     7s
  37   8.52998352e+05  8.52995608e+05  3.12e-06 1.57e-11  1.99e-05     7s
  38   8.52997210e+05  8.52997077e+05  1.39e-07 1.41e-11  9.35e-07     7s
  39   8.52997191e+05  8.52997190e+05  5.43e-08 1.14e-10  1.12e-08     7s
  40   8.52997191e+05  8.52997191e+05  7.20e-08 1.44e-11  6.27e-11     7s

Barrier solved model in 40 iterations and 7.40 seconds (13.36 work units)
Optimal objective 8.52997191e+05


Root crossover log...

   45241 DPushes remaining with DInf 6.8636120e-02                 7s
       0 DPushes remaining with DInf 1.7778186e-04                 8s

      56 PPushes remaining with PInf 2.4335060e-06                 8s
       0 PPushes remaining with PInf 0.0000000e+00                 8s

  Push phase complete: Pinf 0.0000000e+00, Dinf 3.5506344e+02      8s


Root simplex log...

Iteration    Objective       Primal Inf.    Dual Inf.      Time
   30872    8.5299719e+05   0.000000e+00   3.550634e+02      8s
   30893    8.5299719e+05   0.000000e+00   0.000000e+00      8s
Crossover time: 0.52 seconds (0.54 work units)
Concurrent spin time: 0.00s

Solved with barrier
   30893    8.5299719e+05   0.000000e+00   0.000000e+00      8s

Root relaxation: objective 8.529972e+05, 30893 iterations, 4.42 seconds (6.37 work units)

    Nodes    |    Current Node    |     Objective Bounds      |     Work
 Expl Unexpl |  Obj  Depth IntInf | Incumbent    BestBd   Gap | It/Node Time

     0     0 852997.191    0  291          - 852997.191      -     -    8s
H    0     0                    3555040.6091 852997.191  76.0%     -    9s
H    0     0                    3521327.6010 852997.191  75.8%     -    9s
H    0     0                    3507673.7275 852997.191  75.7%     -    9s
H    0     0                    3506474.5329 852997.191  75.7%     -    9s
H    0     0                    3503210.6135 852997.191  75.7%     -    9s
H    0     0                    3503105.4112 852997.191  75.7%     -    9s
H    0     0                    3502109.9616 852997.191  75.6%     -   10s
H    0     0                    3390854.2237 852997.191  74.8%     -   10s
H    0     0                    3389620.6142 852997.191  74.8%     -   10s
H    0     0                    3389401.3640 852997.191  74.8%     -   10s
H    0     0                    3376212.4413 852997.191  74.7%     -   10s
H    0     0                    3274714.7938 852997.191  74.0%     -   10s
H    0     0                    3260655.5204 852997.191  73.8%     -   10s
H    0     0                    3259942.3274 852997.191  73.8%     -   10s
H    0     0                    3257238.7627 852997.191  73.8%     -   10s
H    0     0                    3012934.2252 852997.191  71.7%     -   11s
H    0     0                    2428937.3004 852997.191  64.9%     -   11s
H    0     0                    2427442.4564 852997.191  64.9%     -   11s
H    0     0                    2310615.2390 852997.191  63.1%     -   11s
H    0     0                    1990834.2395 852997.191  57.2%     -   12s
H    0     0                    1981694.0622 852997.191  57.0%     -   12s
H    0     0                    1894030.7271 852997.191  55.0%     -   13s
H    0     0                    1871406.8888 852997.191  54.4%     -   13s
H    0     0                    1861134.7903 852997.191  54.2%     -   14s
H    0     0                    1795975.7850 852997.191  52.5%     -   14s
H    0     0                    1679535.4875 852997.191  49.2%     -   15s
H    0     0                    1679517.0098 852997.191  49.2%     -   16s
H    0     0                    1661788.7066 852997.191  48.7%     -   16s
H    0     0                    1608311.9722 852997.191  47.0%     -   16s
H    0     0                    1597287.4061 852997.191  46.6%     -   16s
H    0     0                    1597256.1773 852997.191  46.6%     -   16s
H    0     0                    1590401.2874 852997.191  46.4%     -   17s
H    0     0                    1589863.8855 852997.191  46.3%     -   18s
H    0     0                    1558818.7635 852997.191  45.3%     -   19s
     0     0 853388.440    0  271 1558818.76 853388.440  45.3%     -   23s
H    0     0                    1558645.6164 853388.515  45.2%     -   24s
H    0     0                    1557908.1213 853388.515  45.2%     -   24s
H    0     0                    1548409.5457 853388.515  44.9%     -   24s
H    0     0                    1548398.0224 853388.515  44.9%     -   24s
H    0     0                    1545004.4232 853388.515  44.8%     -   25s
H    0     0                    1543972.5740 853388.515  44.7%     -   25s
H    0     0                    1503730.9278 853388.515  43.2%     -   25s
H    0     0                    1502373.3436 853388.515  43.2%     -   25s
H    0     0                    1501913.0297 853388.515  43.2%     -   25s
     0     0 853388.515    0  275 1501913.03 853388.515  43.2%     -   26s
H    0     0                    1501676.3412 853388.515  43.2%     -   27s
H    0     0                    1499150.7569 854139.136  43.0%     -   29s
H    0     0                    1494994.1026 854139.136  42.9%     -   29s
H    0     0                    1494788.5548 854139.136  42.9%     -   29s
H    0     0                    1492915.5641 854139.136  42.8%     -   29s
     0     0 854139.136    0  301 1492915.56 854139.136  42.8%     -   30s
H    0     0                    1464152.2561 854295.435  41.7%     -   31s
     0     0 854295.435    0  303 1464152.26 854295.435  41.7%     -   31s
H    0     0                    1463636.9951 854295.435  41.6%     -   33s
     0     0 863811.049    0  125 1463637.00 863811.049  41.0%     -   35s
H    0     0                    1459798.5905 863818.217  40.8%     -   36s
H    0     0                    1453506.8215 863818.217  40.6%     -   36s
H    0     0                    1449668.4169 863818.217  40.4%     -   36s
H    0     0                    1371642.1592 867475.667  36.8%     -   40s
H    0     0                    1371048.1470 867475.667  36.7%     -   40s
     0     0 867475.667    0  169 1371048.15 867475.667  36.7%     -   40s
H    0     0                    1337786.5439 870030.469  35.0%     -   42s
H    0     0                    1308918.2860 870030.469  33.5%     -   42s
H    0     0                    1302968.8738 870030.469  33.2%     -   42s
H    0     0                    1302958.1452 870030.469  33.2%     -   42s
H    0     0                    1296525.8424 870030.469  32.9%     -   42s
     0     0 870030.469    0  197 1296525.84 870030.469  32.9%     -   42s
H    0     0                    1292180.9702 871202.287  32.6%     -   44s
     0     0 871202.287    0  174 1292180.97 871202.287  32.6%     -   44s
     0     0 871553.420    0  187 1292180.97 871553.420  32.6%     -   44s
     0     0 871554.797    0  191 1292180.97 871554.797  32.6%     -   45s
     0     0 874111.459    0  254 1292180.97 874111.459  32.4%     -   47s
H    0     0                    1291109.2770 874118.593  32.3%     -   48s
H    0     0                    1287003.6259 874118.593  32.1%     -   48s
H    0     0                    1286996.2195 874118.593  32.1%     -   49s
H    0     0                    1282731.3935 874118.593  31.9%     -   49s
H    0     0                    1247417.8657 874118.593  29.9%     -   49s
H    0     0                    1247093.3097 874118.593  29.9%     -   49s
H    0     0                    1236915.7635 874118.593  29.3%     -   49s
H    0     0                    1235098.4861 874118.593  29.2%     -   49s
H    0     0                    1235033.6234 874118.593  29.2%     -   49s
     0     0 874400.892    0  246 1235033.62 874400.892  29.2%     -   50s
     0     0 874426.071    0  261 1235033.62 874426.071  29.2%     -   50s
     0     0 874426.226    0  264 1235033.62 874426.226  29.2%     -   50s
     0     0 883010.828    0  279 1235033.62 883010.828  28.5%     -   53s
     0     0 883937.103    0  277 1235033.62 883937.103  28.4%     -   54s
     0     0 883981.879    0  294 1235033.62 883981.879  28.4%     -   54s
     0     0 883984.568    0  298 1235033.62 883984.568  28.4%     -   55s
     0     0 888782.578    0  286 1235033.62 888782.578  28.0%     -   56s
H    0     0                    1235021.3563 888782.578  28.0%     -   57s
     0     0 889212.717    0  265 1235021.36 889212.717  28.0%     -   60s
     0     0 889291.574    0  301 1235021.36 889291.574  28.0%     -   61s
     0     0 889300.438    0  289 1235021.36 889300.438  28.0%     -   61s
     0     0 889301.184    0  289 1235021.36 889301.184  28.0%     -   61s
     0     0 892410.003    0  368 1235021.36 892410.003  27.7%     -   63s
     0     0 892801.512    0  342 1235021.36 892801.512  27.7%     -   65s
     0     0 892818.806    0  368 1235021.36 892818.806  27.7%     -   65s
     0     0 892822.396    0  393 1235021.36 892822.396  27.7%     -   65s
     0     0 894085.889    0  422 1235021.36 894085.889  27.6%     -   68s
     0     0 894136.266    0  455 1235021.36 894136.266  27.6%     -   68s
     0     0 894136.649    0  444 1235021.36 894136.649  27.6%     -   68s
H    0     0                    1233318.4615 894140.333  27.5%     -   70s
H    0     0                    1232723.2510 894140.333  27.5%     -   71s
H    0     0                    1232220.2653 894140.333  27.4%     -   72s
H    0     0                    1231167.2103 894140.333  27.4%     -   73s
     0     0 894355.605    0  469 1231167.21 894355.605  27.4%     -   74s
     0     0 894450.777    0  465 1231167.21 894450.777  27.3%     -   74s
     0     0 894456.197    0  472 1231167.21 894456.197  27.3%     -   74s
     0     0 895799.105    0  510 1231167.21 895799.105  27.2%     -   76s
     0     0 895910.445    0  431 1231167.21 895910.445  27.2%     -   77s
     0     0 895912.480    0  430 1231167.21 895912.480  27.2%     -   77s
     0     0 895925.014    0  477 1231167.21 895925.014  27.2%     -   77s
     0     0 897294.124    0  455 1231167.21 897294.124  27.1%     -   80s
     0     0 898061.877    0  451 1231167.21 898061.877  27.1%     -   81s
     0     0 898519.200    0  479 1231167.21 898519.200  27.0%     -   81s
     0     0 898606.054    0  471 1231167.21 898606.054  27.0%     -   82s
     0     0 898660.979    0  481 1231167.21 898660.979  27.0%     -   82s
     0     0 898668.652    0  484 1231167.21 898668.652  27.0%     -   82s
     0     0 901210.340    0  479 1231167.21 901210.340  26.8%     -   84s
     0     0 901614.107    0  495 1231167.21 901614.107  26.8%     -   86s
     0     0 901749.208    0  535 1231167.21 901749.208  26.8%     -   86s
     0     0 901755.819    0  558 1231167.21 901755.819  26.8%     -   86s
     0     0 904880.979    0  514 1231167.21 904880.979  26.5%     -   90s
     0     0 904892.598    0  542 1231167.21 904892.598  26.5%     -   90s
H    0     0                    1227853.8000 905222.536  26.3%     -   91s
H    0     0                    1222015.2948 905222.536  25.9%     -   91s
H    0     0                    1221732.6948 905222.536  25.9%     -   91s
H    0     0                    1221668.6060 905222.536  25.9%     -   91s
     0     0 905222.536    0  555 1221668.61 905222.536  25.9%     -   92s
     0     0 905222.536    0  519 1221668.61 905222.536  25.9%     -   93s
     0     0 905222.536    0  542 1221668.61 905222.536  25.9%     -   93s
     0     0 905297.772    0  501 1221668.61 905297.772  25.9%     -   93s
     0     0 905307.851    0  539 1221668.61 905307.851  25.9%     -   94s
     0     0 905322.090    0  504 1221668.61 905322.090  25.9%     -   94s
     0     0 905332.012    0  517 1221668.61 905332.012  25.9%     -   94s
     0     0 905332.228    0  516 1221668.61 905332.228  25.9%     -   94s
     0     0 905332.423    0  512 1221668.61 905332.423  25.9%     -   94s
     0     0 905333.398    0  513 1221668.61 905333.398  25.9%     -   94s
     0     0 905333.414    0  519 1221668.61 905333.414  25.9%     -   94s
     0     0 905333.798    0  513 1221668.61 905333.798  25.9%     -   94s
     0     0 905334.211    0  484 1221668.61 905334.211  25.9%     -   95s
     0     0 905379.487    0  514 1221668.61 905379.487  25.9%     -   95s
     0     0 905382.003    0  491 1221668.61 905382.003  25.9%     -   95s
     0     0 908416.399    0  529 1221668.61 908416.399  25.6%     -   98s
     0     0 908430.713    0  522 1221668.61 908430.713  25.6%     -   98s
     0     0 908432.657    0  562 1221668.61 908432.657  25.6%     -   98s
     0     0 908449.026    0  565 1221668.61 908449.026  25.6%     -   98s
     0     0 909054.096    0  515 1221668.61 909054.096  25.6%     -   99s
     0     0 909161.255    0  537 1221668.61 909161.255  25.6%     -   99s
     0     0 909256.745    0  586 1221668.61 909256.745  25.6%     -  100s
     0     0 909267.749    0  603 1221668.61 909267.749  25.6%     -  100s
     0     0 909273.532    0  609 1221668.61 909273.532  25.6%     -  100s
     0     0 911764.035    0  521 1221668.61 911764.035  25.4%     -  103s
H    0     0                    1221639.3754 911770.825  25.4%     -  104s
H    0     0                    1218102.1596 911770.825  25.1%     -  104s
H    0     0                    1212748.7910 911770.825  24.8%     -  105s
     0     0 911971.450    0  507 1212748.79 911971.450  24.8%     -  106s
     0     0 912113.867    0  571 1212748.79 912113.867  24.8%     -  106s
     0     0 912135.809    0  588 1212748.79 912135.809  24.8%     -  106s
     0     0 912137.210    0  559 1212748.79 912137.210  24.8%     -  106s
     0     0 915454.707    0  557 1212748.79 915454.707  24.5%     -  109s
     0     0 916920.065    0  572 1212748.79 916920.065  24.4%     -  111s
     0     0 916920.065    0  572 1212748.79 916920.065  24.4%     -  111s
     0     0 917115.764    0  573 1212748.79 917115.764  24.4%     -  112s
     0     0 917127.678    0  537 1212748.79 917127.678  24.4%     -  112s
     0     0 921126.719    0  476 1212748.79 921126.719  24.0%     -  114s
H    0     0                    1212423.3037 921287.342  24.0%     -  115s
H    0     0                    1212273.3596 921287.342  24.0%     -  115s
     0     0 922855.651    0  420 1212273.36 922855.651  23.9%     -  118s
     0     0 923411.514    0  517 1212273.36 923411.514  23.8%     -  119s
     0     0 923684.931    0  509 1212273.36 923684.931  23.8%     -  120s
     0     0 923752.865    0  509 1212273.36 923752.865  23.8%     -  120s
     0     0 923779.843    0  557 1212273.36 923779.843  23.8%     -  121s
     0     0 923798.070    0  556 1212273.36 923798.070  23.8%     -  121s
     0     0 923800.798    0  534 1212273.36 923800.798  23.8%     -  121s
     0     0 927716.115    0  588 1212273.36 927716.115  23.5%     -  123s
H    0     0                    1211755.1066 927720.436  23.4%     -  124s
     0     0 928326.159    0  546 1211755.11 928326.159  23.4%     -  126s
     0     0 928545.994    0  588 1211755.11 928545.994  23.4%     -  127s
     0     0 928623.099    0  611 1211755.11 928623.099  23.4%     -  127s
     0     0 928702.464    0  613 1211755.11 928702.464  23.4%     -  128s
     0     0 928724.852    0  610 1211755.11 928724.852  23.4%     -  128s
     0     0 928725.968    0  622 1211755.11 928725.968  23.4%     -  128s
     0     0 933768.336    0  562 1211755.11 933768.336  22.9%     -  131s
     0     0 933768.336    0  560 1211755.11 933768.336  22.9%     -  131s
H    0     0                    1211515.0180 933768.355  22.9%     -  137s
     0     0 935029.691    0  494 1211515.02 935029.691  22.8%     -  142s
     0     0 935793.824    0  491 1211515.02 935793.824  22.8%     -  143s
     0     0 936129.593    0  510 1211515.02 936129.593  22.7%     -  144s
     0     0 936499.939    0  516 1211515.02 936499.939  22.7%     -  146s
     0     0 937037.033    0  519 1211515.02 937037.033  22.7%     -  148s
     0     0 937271.437    0  518 1211515.02 937271.437  22.6%     -  149s
     0     0 937334.666    0  510 1211515.02 937334.666  22.6%     -  150s
     0     0 937337.985    0  511 1211515.02 937337.985  22.6%     -  150s
     0     0 941675.796    0  494 1211515.02 941675.796  22.3%     -  154s
     0     0 943423.495    0  504 1211515.02 943423.495  22.1%     -  156s
     0     0 944030.792    0  488 1211515.02 944030.792  22.1%     -  157s
     0     0 944158.362    0  545 1211515.02 944158.362  22.1%     -  158s
     0     0 944291.729    0  520 1211515.02 944291.729  22.1%     -  159s
     0     0 944313.387    0  584 1211515.02 944313.387  22.1%     -  159s
     0     0 944318.504    0  485 1211515.02 944318.504  22.1%     -  160s
     0     0 948406.063    0  489 1211515.02 948406.063  21.7%     -  163s
     0     0 949269.232    0  519 1211515.02 949269.232  21.6%     -  165s
     0     0 949466.120    0  533 1211515.02 949466.120  21.6%     -  166s
     0     0 949502.416    0  500 1211515.02 949502.416  21.6%     -  166s
     0     0 949504.263    0  504 1211515.02 949504.263  21.6%     -  166s
     0     0 952302.784    0  549 1211515.02 952302.784  21.4%     -  169s
     0     0 952890.353    0  553 1211515.02 952890.353  21.3%     -  172s
     0     0 953083.834    0  565 1211515.02 953083.834  21.3%     -  172s
     0     0 953322.237    0  527 1211515.02 953322.237  21.3%     -  173s
     0     0 953380.181    0  525 1211515.02 953380.181  21.3%     -  174s
     0     0 953451.206    0  561 1211515.02 953451.206  21.3%     -  174s
     0     0 953451.683    0  561 1211515.02 953451.683  21.3%     -  174s
     0     0 953469.339    0  565 1211515.02 953469.339  21.3%     -  174s
     0     0 956420.221    0  481 1211515.02 956420.221  21.1%     -  176s
H    0     0                    1206834.8267 956437.871  20.7%     -  178s
H    0     0                    1206820.9326 956437.871  20.7%     -  178s
     0     0 956713.007    0  485 1206820.93 956713.007  20.7%     -  179s
     0     0 956892.918    0  435 1206820.93 956892.918  20.7%     -  181s
     0     0 956934.030    0  473 1206820.93 956934.030  20.7%     -  181s
     0     0 956947.567    0  454 1206820.93 956947.567  20.7%     -  181s
     0     0 958665.732    0  475 1206820.93 958665.732  20.6%     -  184s
     0     0 959241.076    0  512 1206820.93 959241.076  20.5%     -  186s
     0     0 959274.346    0  534 1206820.93 959274.346  20.5%     -  187s
     0     0 959279.251    0  508 1206820.93 959279.251  20.5%     -  187s
     0     0 960766.349    0  490 1206820.93 960766.349  20.4%     -  190s
H    0     0                    1206530.1829 960766.349  20.4%     -  191s
     0     0 961049.544    0  478 1206530.18 961049.544  20.3%     -  192s
     0     0 961212.680    0  485 1206530.18 961212.680  20.3%     -  193s
     0     0 961279.767    0  528 1206530.18 961279.767  20.3%     -  194s
     0     0 961314.309    0  522 1206530.18 961314.309  20.3%     -  195s
     0     0 961314.979    0  522 1206530.18 961314.979  20.3%     -  195s
     0     0 961339.303    0  520 1206530.18 961339.303  20.3%     -  195s
     0     0 961350.920    0  583 1206530.18 961350.920  20.3%     -  196s
     0     0 962509.388    0  439 1206530.18 962509.388  20.2%     -  198s
H    0     0                    1204269.4887 962740.241  20.1%     -  199s
     0     0 962956.650    0  495 1204269.49 962956.650  20.0%     -  202s
     0     0 963350.204    0  473 1204269.49 963350.204  20.0%     -  203s
     0     0 963572.331    0  463 1204269.49 963572.331  20.0%     -  204s
     0     0 963642.671    0  476 1204269.49 963642.671  20.0%     -  204s
     0     0 963726.850    0  459 1204269.49 963726.850  20.0%     -  205s
     0     0 963746.328    0  463 1204269.49 963746.328  20.0%     -  205s
     0     0 966493.502    0  541 1204269.49 966493.502  19.7%     -  209s
H    0     0                    1204148.3668 966494.786  19.7%     -  211s
     0     0 967318.060    0  513 1204148.37 967318.060  19.7%     -  213s
     0     0 967609.349    0  494 1204148.37 967609.349  19.6%     -  214s
     0     0 967868.693    0  532 1204148.37 967868.693  19.6%     -  215s
     0     0 968013.910    0  590 1204148.37 968013.910  19.6%     -  216s
     0     0 968061.748    0  526 1204148.37 968061.748  19.6%     -  217s
     0     0 968074.683    0  542 1204148.37 968074.683  19.6%     -  217s
     0     0 968074.688    0  541 1204148.37 968074.688  19.6%     -  217s
     0     0 969994.691    0  470 1204148.37 969994.691  19.4%     -  220s
     0     0 971290.720    0  527 1204148.37 971290.720  19.3%     -  223s
     0     0 971762.903    0  561 1204148.37 971762.903  19.3%     -  224s
     0     0 971921.599    0  496 1204148.37 971921.599  19.3%     -  225s
     0     0 971944.984    0  549 1204148.37 971944.984  19.3%     -  226s
     0     0 972587.667    0  565 1204148.37 972587.667  19.2%     -  228s
H    0     0                    1204063.3609 972587.924  19.2%     -  234s
H    0     0                    1204030.8247 972587.924  19.2%     -  238s
     0     0 972946.126    0  426 1204030.82 972946.126  19.2%     -  243s
     0     0 973113.497    0  477 1204030.82 973113.497  19.2%     -  244s
     0     0 973159.694    0  473 1204030.82 973159.694  19.2%     -  244s
     0     0 973170.419    0  463 1204030.82 973170.419  19.2%     -  244s
     0     0 974353.869    0  589 1204030.82 974353.869  19.1%     -  247s
H    0     0                    1204020.5392 974357.264  19.1%     -  248s
     0     0 974877.036    0  644 1204020.54 974877.036  19.0%     -  250s
     0     0 974894.990    0  623 1204020.54 974894.990  19.0%     -  251s
     0     0 974895.049    0  596 1204020.54 974895.049  19.0%     -  251s
     0     0 975432.164    0  588 1204020.54 975432.164  19.0%     -  253s
     0     0 975783.874    0  493 1204020.54 975783.874  19.0%     -  255s
     0     0 975851.314    0  548 1204020.54 975851.314  19.0%     -  257s
     0     0 975880.770    0  513 1204020.54 975880.770  18.9%     -  257s
     0     0 975937.762    0  579 1204020.54 975937.762  18.9%     -  258s
     0     0 975953.219    0  560 1204020.54 975953.219  18.9%     -  259s
     0     0 976982.879    0  684 1204020.54 976982.879  18.9%     -  261s
H    0     0                    1203931.1027 977036.526  18.8%     -  264s
H    0     0                    1203913.5118 977036.526  18.8%     -  264s
     0     0 977500.966    0  595 1203913.51 977500.966  18.8%     -  266s
     0     0 977834.705    0  576 1203913.51 977834.705  18.8%     -  268s
     0     0 977892.458    0  638 1203913.51 977892.458  18.8%     -  270s
     0     0 978007.490    0  621 1203913.51 978007.490  18.8%     -  271s
     0     0 978012.328    0  635 1203913.51 978012.328  18.8%     -  271s
     0     0 978383.738    0  626 1203913.51 978383.738  18.7%     -  273s
     0     0 978580.779    0  514 1203913.51 978580.779  18.7%     -  274s
     0     0 978627.573    0  537 1203913.51 978627.573  18.7%     -  275s
     0     0 978664.620    0  555 1203913.51 978664.620  18.7%     -  276s
     0     0 978665.603    0  545 1203913.51 978665.603  18.7%     -  276s
H    0     0                    1200199.3513 979245.680  18.4%     -  279s
     0     0 979245.680    0  535 1200199.35 979245.680  18.4%     -  279s
     0     0 979418.112    0  559 1200199.35 979418.112  18.4%     -  280s
     0     0 979450.244    0  584 1200199.35 979450.244  18.4%     -  281s
     0     0 979453.054    0  606 1200199.35 979453.054  18.4%     -  281s
     0     0 979826.966    0  557 1200199.35 979826.966  18.4%     -  283s
     0     0 979993.808    0  572 1200199.35 979993.808  18.3%     -  284s
     0     0 980034.304    0  524 1200199.35 980034.304  18.3%     -  285s
     0     0 980037.839    0  634 1200199.35 980037.839  18.3%     -  285s
H    0     0                    1199770.4239 980636.209  18.3%     -  288s
     0     0 980636.209    0  538 1199770.42 980636.209  18.3%     -  288s
     0     0 980712.250    0  555 1199770.42 980712.250  18.3%     -  289s
     0     0 980759.108    0  571 1199770.42 980759.108  18.3%     -  290s
     0     0 980776.351    0  577 1199770.42 980776.351  18.3%     -  291s
H    0     0                    1184808.7929 980776.351  17.2%     -  292s
     0     0 981011.614    0  588 1184808.79 981011.614  17.2%     -  293s
H    0     0                    1180966.1069 981011.614  16.9%     -  294s
H    0     0                    1176555.1265 981011.614  16.6%     -  294s
H    0     0                    1174700.6407 981011.614  16.5%     -  294s
H    0     0                    1172162.7702 981011.614  16.3%     -  294s
H    0     0                    1168743.9947 981011.614  16.1%     -  294s
H    0     0                    1164082.9113 981011.614  15.7%     -  294s
H    0     0                    1163888.1386 981011.614  15.7%     -  294s
     0     0 981027.336    0  576 1163888.14 981027.336  15.7%     -  295s
     0     0 981149.239    0  599 1163888.14 981149.239  15.7%     -  297s
     0     0 981149.318    0  599 1163888.14 981149.318  15.7%     -  297s
     0     0 981149.318    0  599 1163888.14 981149.318  15.7%     -  297s
     0     2 981152.014    0  599 1163888.14 981152.014  15.7%     -  319s
     1     4 981267.887    1  593 1163888.14 981196.834  15.7%   540  320s
    15    32 981573.981    4  648 1163888.14 981437.684  15.7%   945  330s
H   25    32                    1163689.3500 981573.981  15.6%  1102  330s
    31    56 981580.275    5  653 1163689.35 981573.981  15.6%  1159  337s
    55    80 982045.547    6  704 1163689.35 981580.281  15.6%  1057  347s
    79   104 982200.177    7  701 1163689.35 981580.281  15.6%  1127  355s
H   95   104                    1163642.9221 981580.281  15.6%  1044  355s
   103   128 983928.694    7  646 1163642.92 981580.281  15.6%  1050  363s
   127   152 982219.973    8  756 1163642.92 981580.281  15.6%  1009  370s
   151   181 982550.224    8  578 1163642.92 981580.281  15.6%   969  377s
H  165   181                    1153312.8838 981580.281  14.9%   950  377s
   180   205 982312.185    9  722 1153312.88 981580.281  14.9%   909  385s
H  191   205                    1153312.8801 981580.281  14.9%   907  385s
H  201   205                    1151851.6109 981580.281  14.8%   885  385s
   204   277 982392.231   10  677 1151851.61 981580.281  14.8%   878  397s
   276   301 982533.777   12  676 1151851.61 981580.281  14.8%   839  403s
   300   327 982597.836   13  756 1151851.61 981580.281  14.8%   812  410s
   326   358 982606.925   14  775 1151851.61 981580.281  14.8%   785  417s
H  342   358                    1151715.8122 981580.281  14.8%   772  417s
   357   446 982658.792   17  716 1151715.81 981580.281  14.8%   756  425s
   447   515 982831.951   20  749 1151715.81 981580.281  14.8%   660  438s
   518   575 982881.480   22  732 1151715.81 981580.281  14.8%   644  450s
   578   630 982949.080   26  750 1151715.81 981580.281  14.8%   650  461s
   635   692 983241.291   29  685 1151715.81 981580.281  14.8%   659  474s
   697   725 983300.087   34  613 1151715.81 981580.281  14.8%   646  481s
H  699   725                    1151366.3550 981580.281  14.7%   645  481s
   730   791 983371.549   36  619 1151366.35 981580.281  14.7%   645  490s
   796   815 983439.037   39  648 1151366.35 981580.281  14.7%   631  496s
   820   838 985476.470   39  573 1151366.35 981580.281  14.7%   626  503s
   847   860 983439.466   40  626 1151366.35 981580.281  14.7%   619  510s
   873   888 983511.101   41  631 1151366.35 982220.186  14.7%   612  516s
H  889   888                    1151198.8269 982220.186  14.7%   609  516s
   901   996 983511.654   42  631 1151198.83 982220.186  14.7%   607  526s
  1009  1119 983531.595   46  550 1151198.83 982220.186  14.7%   576  541s
  1132  1143 983625.306   51  483 1151198.83 982220.186  14.7%   556  548s
  1156  1177 983649.255   52  477 1151198.83 982220.186  14.7%   553  557s
  1190  1212 983660.662   53  469 1151198.83 982220.186  14.7%   552  564s
  1225  1264 983666.138   54  460 1151198.83 982220.186  14.7%   548  572s
H 1262  1264                    1150915.3478 982220.186  14.7%   541  572s
  1277  1439 983714.624   55  417 1150915.35 982220.186  14.7%   537  583s
  1454  1525 983817.256   60  489 1150915.35 982220.186  14.7%   500  594s
  1542  1589 984008.109   64  452 1150915.35 982220.186  14.7%   493  600s

Cutting planes:
  Learned: 15
  Gomory: 7
  Cover: 173
  Implied bound: 633
  Clique: 150
  MIR: 649
  Knapsack: 7
  StrongCG: 232
  Flow cover: 414
  GUB cover: 44
  Zero half: 4
  RLT: 342
  Relax-and-lift: 51
  BQP: 8

Explored 1606 nodes (964712 simplex iterations) in 600.04 seconds (823.79 work units)
Thread count was 24 (of 24 available processors)

Solution count 10: 1.15092e+06 1.1512e+06 1.15137e+06 ... 1.16389e+06

Time limit reached
Best objective 1.150915347764e+06, best bound 9.822201857756e+05, gap 14.6575%
