
Gurobi 13.0.2 (linux64, Python) logging started Sat Aug 22 15:23:50 2026

Set parameter LogToConsole to value 0
Set parameter Username
Set parameter LicenseID to value 2748191
Set parameter TimeLimit to value 120
Set parameter LogFile to value "output/bz_nbr7008_043/weighted_loss/retail_y_4__retail_v_2__retail_v_2__rolled_leftover_2/period_3/gurobi.log"
Academic license - for non-commercial use only - expires 2026-12-01
Gurobi Optimizer version 13.0.2 build v13.0.2rc1 (linux64 - "Debian GNU/Linux 13 (trixie)")

CPU model: 13th Gen Intel(R) Core(TM) i7-13700HX, instruction set [SSE2|AVX|AVX2]
Thread count: 24 physical cores, 24 logical processors, using up to 24 threads

Non-default parameters:
TimeLimit  120
LogToConsole  0

Optimize a model with 205904 rows, 137780 columns and 721350 nonzeros (Min)
Model fingerprint: 0x470e18a3
Model has 54560 linear objective coefficients and an objective constant of 1.5464922307920002e+05
Variable types: 113544 continuous, 24236 integer (24236 binary)
Coefficient statistics:
  Matrix range     [3e-03, 1e+04]
  Objective range  [1e+01, 1e+05]
  Bounds range     [1e+00, 1e+00]
  RHS range        [1e-01, 4e+04]

Presolve removed 123737 rows and 85760 columns
Presolve time: 3.76s
Presolved: 82167 rows, 52020 columns, 826741 nonzeros
Variable types: 33966 continuous, 18054 integer (18004 binary)
Deterministic concurrent LP optimizer: primal simplex, dual simplex, and barrier
Showing barrier log only...

Root barrier log...

Ordering time: 0.54s

Barrier statistics:
 Dense cols : 36
 AA' NZ     : 7.181e+06
 Factor NZ  : 1.221e+07 (roughly 140 MB of memory)
 Factor Ops : 3.445e+09 (less than 1 second per iteration)
 Threads    : 21

                  Objective                Residual
Iter       Primal          Dual         Primal    Dual     Compl     Time
   0  -7.07300689e+09 -1.13970102e+10  2.82e+06 2.67e+02  3.10e+06     6s
   1  -4.38270831e+09 -1.03712379e+10  1.79e+06 2.85e+02  1.73e+06     7s
   2  -1.52128647e+09 -8.60195179e+09  6.07e+05 6.37e+01  6.10e+05     7s
   3  -4.28349166e+08 -4.34455526e+09  1.71e+05 3.74e+00  1.71e+05     7s
   4  -5.25462388e+07 -1.07295158e+09  2.31e+04 1.63e-10  2.40e+04     7s
   5  -1.17911349e+07 -5.19513038e+08  7.94e+03 1.69e-10  8.64e+03     7s
   6  -1.05468738e+06 -3.26052840e+08  3.99e+03 9.60e-11  4.48e+03     7s
   7   4.76589848e+06 -1.37648341e+08  1.85e+03 2.82e-11  1.78e+03     7s
   8   7.19155466e+06 -5.70399237e+07  9.18e+02 1.86e-11  7.34e+02     7s
   9   8.21280082e+06 -3.29715853e+07  4.26e+02 1.32e-11  4.01e+02     7s
  10   7.88933321e+06 -2.11321238e+07  2.12e+02 1.02e-11  2.51e+02     8s
  11   7.31837337e+06 -1.27634271e+07  1.38e+02 6.74e-12  1.67e+02     8s
  12   5.78812400e+06 -7.66866504e+06  6.57e+01 1.14e-11  1.06e+02     8s
  13   4.03562163e+06 -6.23880548e+06  4.20e+01 1.13e-11  7.92e+01     8s
  14   2.99166229e+06 -4.16444238e+06  2.72e+01 1.65e-11  5.47e+01     8s
  15   1.97587328e+06 -2.53150264e+06  1.41e+01 1.24e-11  3.40e+01     8s
  16   1.62401602e+06 -6.00168693e+05  9.04e+00 1.76e-11  1.74e+01     8s
  17   1.44221383e+06 -4.98507340e+05  6.73e+00 1.40e-11  1.49e+01     8s
  18   1.28667039e+06 -1.31408309e+05  4.79e+00 1.17e-11  1.09e+01     8s
  19   1.11917748e+06  2.43115853e+05  2.84e+00 9.93e-12  6.73e+00     8s
  20   1.05164143e+06  5.14515666e+05  2.09e+00 1.10e-11  4.21e+00     8s
  21   9.37917610e+05  6.78304085e+05  6.84e-01 1.34e-11  1.96e+00     8s
  22   9.04557049e+05  7.98329383e+05  2.45e-01 1.23e-11  7.88e-01     9s
  23   8.95646035e+05  8.14941612e+05  1.76e-01 1.56e-11  5.96e-01     9s
  24   8.93130848e+05  8.29775817e+05  1.52e-01 1.34e-11  4.69e-01     9s
  25   8.92497125e+05  8.35143786e+05  1.46e-01 1.53e-11  4.26e-01     9s
  26   8.85127966e+05  8.57731617e+05  8.08e-02 2.40e-11  2.05e-01     9s
  27   8.76624965e+05  8.66015180e+05  2.07e-02 1.65e-11  7.74e-02     9s
  28   8.74809991e+05  8.68099657e+05  1.19e-02 1.60e-11  4.87e-02     9s
  29   8.73462988e+05  8.70078124e+05  5.52e-03 1.28e-11  2.45e-02     9s
  30   8.72916094e+05  8.71225714e+05  3.21e-03 1.23e-11  1.23e-02     9s
  31   8.72655408e+05  8.71416062e+05  2.30e-03 1.16e-11  9.01e-03     9s
  32   8.72631175e+05  8.71469181e+05  2.19e-03 1.26e-11  8.46e-03     9s
  33   8.72358355e+05  8.71628730e+05  1.27e-03 1.28e-11  5.29e-03     9s
  34   8.72205171e+05  8.71715612e+05  7.48e-04 1.13e-11  3.53e-03    10s
  35   8.72054149e+05  8.71887405e+05  2.86e-04 1.74e-11  1.21e-03    10s
  36   8.72044841e+05  8.71911132e+05  2.55e-04 1.47e-11  9.74e-04    10s
  37   8.71980203e+05  8.71921918e+05  7.49e-05 1.07e-11  4.19e-04    10s
  38   8.71964797e+05  8.71942035e+05  3.69e-05 1.39e-11  1.65e-04    10s
  39   8.71954895e+05  8.71944891e+05  1.17e-05 1.55e-11  7.17e-05    10s
  40   8.71950233e+05  8.71948471e+05  2.19e-06 2.07e-11  1.27e-05    10s
  41   8.71949773e+05  8.71948676e+05  1.12e-06 1.12e-11  7.84e-06    10s
  42   8.71949276e+05  8.71949047e+05  2.48e-07 1.19e-11  1.63e-06    10s
  43   8.71949127e+05  8.71949118e+05  1.08e-07 1.35e-11  6.07e-08    10s
  44   8.71949125e+05  8.71949121e+05  1.31e-06 1.53e-11  1.82e-08    10s
  45   8.71949125e+05  8.71949121e+05  1.37e-05 2.16e-11  1.17e-08    11s
  46   8.71949121e+05  8.71949121e+05  2.23e-07 1.48e-11  2.55e-11    11s

Barrier solved model in 46 iterations and 10.66 seconds (14.48 work units)
Optimal objective 8.71949121e+05


Root crossover log...

   46024 DPushes remaining with DInf 1.2188719e-01                11s
       0 DPushes remaining with DInf 0.0000000e+00                11s

      48 PPushes remaining with PInf 5.2928796e-04                11s
       0 PPushes remaining with PInf 0.0000000e+00                11s

  Push phase complete: Pinf 0.0000000e+00, Dinf 8.7530698e+01     11s


Root simplex log...

Iteration    Objective       Primal Inf.    Dual Inf.      Time
   30136    8.7194912e+05   0.000000e+00   8.753070e+01     11s
   30160    8.7194912e+05   0.000000e+00   0.000000e+00     11s
Crossover time: 0.52 seconds (0.69 work units)
Concurrent spin time: 0.00s

Solved with barrier
   30161    8.7194912e+05   0.000000e+00   0.000000e+00     11s

Extra simplex iterations after uncrush: 1

Root relaxation: objective 8.719491e+05, 30161 iterations, 6.93 seconds (7.44 work units)

    Nodes    |    Current Node    |     Objective Bounds      |     Work
 Expl Unexpl |  Obj  Depth IntInf | Incumbent    BestBd   Gap | It/Node Time

     0     0 871949.121    0  244          - 871949.121      -     -   11s
     0     0 871949.592    0  243          - 871949.592      -     -   11s
     0     0 871957.286    0  249          - 871957.286      -     -   12s
H    0     0                    1943390.6190 871957.286  55.1%     -   13s
H    0     0                    1908732.0599 871957.286  54.3%     -   13s
H    0     0                    1838957.3425 871957.286  52.6%     -   13s
H    0     0                    1815190.6411 871957.286  52.0%     -   13s
H    0     0                    1803121.9500 871957.286  51.6%     -   13s
H    0     0                    1803099.4509 871957.286  51.6%     -   13s
H    0     0                    1800562.2814 871957.286  51.6%     -   13s
H    0     0                    1800080.7119 871957.286  51.6%     -   13s
H    0     0                    1794675.2950 871957.286  51.4%     -   13s
H    0     0                    1792332.8183 871957.286  51.4%     -   13s
H    0     0                    1790787.2322 871957.286  51.3%     -   14s
H    0     0                    1788507.4414 871957.286  51.2%     -   14s
H    0     0                    1786586.0322 871957.286  51.2%     -   14s
H    0     0                    1782116.1415 871957.286  51.1%     -   14s
H    0     0                    1776108.2156 871957.286  50.9%     -   14s
H    0     0                    1776028.2236 871957.286  50.9%     -   14s
H    0     0                    1766182.5421 872457.776  50.6%     -   17s
H    0     0                    1763447.4554 872457.776  50.5%     -   17s
H    0     0                    1762525.5718 872457.776  50.5%     -   17s
H    0     0                    1761144.6447 872457.776  50.5%     -   17s
     0     0 872457.776    0  266 1761144.64 872457.776  50.5%     -   17s
     0     0 872459.089    0  271 1761144.64 872459.089  50.5%     -   17s
H    0     0                    1760045.0712 872460.198  50.4%     -   18s
H    0     0                    1758145.3859 872460.198  50.4%     -   18s
H    0     0                    1684833.0463 872460.198  48.2%     -   18s
H    0     0                    1653910.2819 872460.198  47.2%     -   18s
H    0     0                    1652114.4225 872460.198  47.2%     -   18s
H    0     0                    1634554.0465 872460.198  46.6%     -   19s
H    0     0                    1616154.9234 872460.198  46.0%     -   19s
H    0     0                    1602535.3377 872460.198  45.6%     -   19s
H    0     0                    1602211.8205 872460.198  45.5%     -   20s
H    0     0                    1602186.2685 872460.198  45.5%     -   20s
H    0     0                    1600616.6331 872460.198  45.5%     -   20s
H    0     0                    1600337.8909 872460.198  45.5%     -   20s
H    0     0                    1596398.8733 872460.198  45.3%     -   20s
     0     0 872472.841    0  275 1596398.87 872472.841  45.3%     -   20s
     0     0 872473.379    0  274 1596398.87 872473.379  45.3%     -   20s
     0     0 873465.666    0  287 1596398.87 873465.666  45.3%     -   23s
     0     0 873846.415    0  273 1596398.87 873846.415  45.3%     -   25s
     0     0 873857.183    0  300 1596398.87 873857.183  45.3%     -   25s
     0     0 873857.245    0  296 1596398.87 873857.245  45.3%     -   25s
H    0     0                    1588523.2441 880504.462  44.6%     -   30s
H    0     0                    1584105.1646 880504.462  44.4%     -   30s
H    0     0                    1569086.0938 880504.462  43.9%     -   30s
H    0     0                    1549421.1674 880504.462  43.2%     -   30s
H    0     0                    1546527.9434 880504.462  43.1%     -   30s
H    0     0                    1546266.8299 880504.462  43.1%     -   30s
     0     0 880504.462    0  318 1546266.83 880504.462  43.1%     -   30s
     0     0 880523.732    0  323 1546266.83 880523.732  43.1%     -   30s
     0     0 880527.471    0  318 1546266.83 880527.471  43.1%     -   30s
     0     0 880535.298    0  314 1546266.83 880535.298  43.1%     -   30s
H    0     0                    1543694.8104 880535.455  43.0%     -   31s
H    0     0                    1493024.5179 880535.455  41.0%     -   31s
H    0     0                    1479605.0497 880535.455  40.5%     -   31s
     0     0 881815.496    0  300 1479605.05 881815.496  40.4%     -   32s
     0     0 881850.905    0  289 1479605.05 881850.905  40.4%     -   32s
     0     0 881851.535    0  292 1479605.05 881851.535  40.4%     -   32s
     0     0 894770.756    0  298 1479605.05 894770.756  39.5%     -   38s
H    0     0                    1452630.1011 894770.789  38.4%     -   39s
H    0     0                    1443075.5725 894770.789  38.0%     -   39s
H    0     0                    1380866.0719 894770.789  35.2%     -   40s
H    0     0                    1369638.7611 894770.789  34.7%     -   40s
H    0     0                    1342148.4161 897311.401  33.1%     -   51s
H    0     0                    1334432.9038 897311.401  32.8%     -   51s
H    0     0                    1320734.8407 897311.401  32.1%     -   51s
H    0     0                    1318796.3271 897311.401  32.0%     -   51s
H    0     0                    1317671.8530 897311.401  31.9%     -   51s
H    0     0                    1310458.6979 897311.401  31.5%     -   51s
H    0     0                    1307628.6390 897311.401  31.4%     -   51s
     0     0 897311.401    0  275 1307628.64 897311.401  31.4%     -   51s
     0     0 897312.197    0  275 1307628.64 897312.197  31.4%     -   51s
     0     0 897315.585    0  273 1307628.64 897315.585  31.4%     -   52s
     0     0 897316.588    0  262 1307628.64 897316.588  31.4%     -   52s
     0     0 897321.442    0  258 1307628.64 897321.442  31.4%     -   52s
     0     0 897421.664    0  292 1307628.64 897421.664  31.4%     -   53s
     0     0 897504.354    0  280 1307628.64 897504.354  31.4%     -   54s
     0     0 900129.044    0  237 1307628.64 900129.044  31.2%     -   56s
     0     0 900132.106    0  242 1307628.64 900132.106  31.2%     -   56s
H    0     0                    1265386.7597 900132.311  28.9%     -   57s
H    0     0                    1265283.4848 900132.311  28.9%     -   58s
H    0     0                    1263986.0379 900132.311  28.8%     -   58s
H    0     0                    1263583.8628 900132.311  28.8%     -   58s
     0     0 900202.084    0  234 1263583.86 900202.084  28.8%     -   58s
     0     0 900211.469    0  221 1263583.86 900211.469  28.8%     -   59s
     0     0 900211.757    0  221 1263583.86 900211.757  28.8%     -   59s
     0     0 901147.119    0  298 1263583.86 901147.119  28.7%     -   61s
     0     0 901150.939    0  311 1263583.86 901150.939  28.7%     -   61s
     0     0 901296.272    0  270 1263583.86 901296.272  28.7%     -   61s
     0     0 901296.633    0  268 1263583.86 901296.633  28.7%     -   61s
     0     0 901297.184    0  268 1263583.86 901297.184  28.7%     -   62s
     0     0 901297.258    0  268 1263583.86 901297.258  28.7%     -   62s
     0     0 901308.069    0  272 1263583.86 901308.069  28.7%     -   62s
     0     0 901309.871    0  274 1263583.86 901309.871  28.7%     -   62s
     0     0 901512.446    0  256 1263583.86 901512.446  28.7%     -   63s
H    0     0                    1254206.6023 901512.569  28.1%     -   67s
H    0     0                    1253750.0415 901512.569  28.1%     -   67s
H    0     0                    1252369.4275 901512.569  28.0%     -   67s
H    0     0                    1251965.6548 901512.569  28.0%     -   67s
H    0     0                    1246752.3830 901512.569  27.7%     -   68s
H    0     0                    1243809.2066 901512.569  27.5%     -   68s
H    0     0                    1242340.6732 901512.569  27.4%     -   68s
H    0     0                    1240172.0934 901512.569  27.3%     -   68s
     0     0 901555.301    0  250 1240172.09 901555.301  27.3%     -   69s
     0     0 901577.994    0  249 1240172.09 901577.994  27.3%     -   70s
     0     0 901603.863    0  263 1240172.09 901603.863  27.3%     -   70s
     0     0 901610.000    0  274 1240172.09 901610.000  27.3%     -   70s
     0     0 901619.863    0  300 1240172.09 901619.863  27.3%     -   70s
     0     0 901625.967    0  291 1240172.09 901625.967  27.3%     -   71s
     0     0 901648.011    0  278 1240172.09 901648.011  27.3%     -   71s
     0     0 901648.395    0  284 1240172.09 901648.395  27.3%     -   71s
     0     0 902451.670    0  335 1240172.09 902451.670  27.2%     -   73s
     0     0 902451.670    0  332 1240172.09 902451.670  27.2%     -   73s
     0     0 902649.364    0  355 1240172.09 902649.364  27.2%     -   73s
     0     0 902697.738    0  366 1240172.09 902697.738  27.2%     -   74s
     0     0 902760.875    0  340 1240172.09 902760.875  27.2%     -   74s
     0     0 902762.441    0  325 1240172.09 902762.441  27.2%     -   74s
     0     0 903736.455    0  353 1240172.09 903736.455  27.1%     -   76s
H    0     0                    1236474.1784 903756.606  26.9%     -   76s
H    0     0                    1236470.9312 903756.606  26.9%     -   77s
H    0     0                    1235725.9330 903756.606  26.9%     -   77s
H    0     0                    1230384.6666 903756.606  26.5%     -   78s
H    0     0                    1224646.2523 903756.606  26.2%     -   78s
H    0     0                    1223889.1189 903756.606  26.2%     -   80s
H    0     0                    1223515.0522 903756.606  26.1%     -   80s
H    0     0                    1222794.2116 903756.606  26.1%     -   80s
H    0     0                    1213195.3152 903756.606  25.5%     -   80s
H    0     0                    1211772.0131 903756.606  25.4%     -   81s
H    0     0                    1210028.5843 903756.606  25.3%     -   81s
H    0     0                    1209305.0696 903756.606  25.3%     -   82s
H    0     0                    1208741.0223 903756.606  25.2%     -   82s
     0     0 903965.901    0  374 1208741.02 903965.901  25.2%     -   84s
     0     0 903997.388    0  378 1208741.02 903997.388  25.2%     -   84s
     0     0 904010.710    0  391 1208741.02 904010.710  25.2%     -   84s
     0     0 904010.710    0  390 1208741.02 904010.710  25.2%     -   84s
     0     0 905657.854    0  465 1208741.02 905657.854  25.1%     -   87s
     0     0 905849.617    0  396 1208741.02 905849.617  25.1%     -   88s
     0     0 905857.484    0  397 1208741.02 905857.484  25.1%     -   88s
     0     0 905876.111    0  382 1208741.02 905876.111  25.1%     -   88s
     0     0 905902.385    0  396 1208741.02 905902.385  25.1%     -   88s
     0     0 907684.547    0  445 1208741.02 907684.547  24.9%     -   91s
     0     0 908190.489    0  443 1208741.02 908190.489  24.9%     -   92s
     0     0 908365.356    0  508 1208741.02 908365.356  24.9%     -   93s
     0     0 908366.631    0  491 1208741.02 908366.631  24.9%     -   93s
     0     0 909656.420    0  523 1208741.02 909656.420  24.7%     -   97s
     0     0 909829.592    0  582 1208741.02 909829.592  24.7%     -   98s
     0     0 909890.420    0  531 1208741.02 909890.420  24.7%     -   99s
     0     0 909917.326    0  567 1208741.02 909917.326  24.7%     -   99s
     0     0 909925.017    0  554 1208741.02 909925.017  24.7%     -   99s
     0     0 909926.737    0  543 1208741.02 909926.737  24.7%     -   99s
     0     0 911501.291    0  548 1208741.02 911501.291  24.6%     -  102s
H    0     0                    1208706.9063 911501.472  24.6%     -  104s
     0     0 912000.092    0  580 1208706.91 912000.092  24.5%     -  105s
     0     0 912170.918    0  550 1208706.91 912170.918  24.5%     -  105s
     0     0 912224.523    0  612 1208706.91 912224.523  24.5%     -  106s
     0     0 912238.023    0  566 1208706.91 912238.023  24.5%     -  106s
     0     0 912243.473    0  580 1208706.91 912243.473  24.5%     -  107s
     0     0 914948.022    0  566 1208706.91 914948.022  24.3%     -  111s
     0     0 915872.806    0  555 1208706.91 915872.806  24.2%     -  113s
     0     0 916125.335    0  595 1208706.91 916125.335  24.2%     -  114s
     0     0 916191.131    0  633 1208706.91 916191.131  24.2%     -  115s
     0     0 916207.776    0  614 1208706.91 916207.776  24.2%     -  115s
     0     0 916221.095    0  598 1208706.91 916221.095  24.2%     -  115s
     0     0 918817.095    0  594 1208706.91 918817.095  24.0%     -  119s

Cutting planes:
  Learned: 4
  Gomory: 43
  Lift-and-project: 1
  Cover: 141
  Implied bound: 189
  Clique: 131
  MIR: 459
  Knapsack: 1
  StrongCG: 156
  Flow cover: 157
  GUB cover: 42
  Zero half: 5
  Mod-K: 3
  Network: 4
  RLT: 365
  Relax-and-lift: 54
  BQP: 20

Explored 1 nodes (74100 simplex iterations) in 120.05 seconds (146.61 work units)
Thread count was 24 (of 24 available processors)

Solution count 10: 1.20871e+06 1.20874e+06 1.20931e+06 ... 1.22465e+06

Time limit reached
Best objective 1.208706906254e+06, best bound 9.188170954735e+05, gap 23.9835%
