
Gurobi 13.0.2 (linux64, Python) logging started Thu Aug 13 23:20:26 2026

Set parameter LogToConsole to value 0
Set parameter Username
Set parameter LicenseID to value 2748191
Set parameter TimeLimit to value 120
Set parameter LogFile to value "output/bz_nbr7008_075/weighted_loss/retail_y_4__retail_v_4__rolled_leftover_2/period_1/gurobi.log"
Academic license - for non-commercial use only - expires 2026-12-01
Gurobi Optimizer version 13.0.2 build v13.0.2rc1 (linux64 - "Debian GNU/Linux 13 (trixie)")

CPU model: 13th Gen Intel(R) Core(TM) i7-13700HX, instruction set [SSE2|AVX|AVX2]
Thread count: 24 physical cores, 24 logical processors, using up to 24 threads

Non-default parameters:
TimeLimit  120
LogToConsole  0

Optimize a model with 11236 rows, 7524 columns and 31636 nonzeros (Min)
Model fingerprint: 0xc2a17c07
Model has 3080 linear objective coefficients
Variable types: 6138 continuous, 1386 integer (1386 binary)
Coefficient statistics:
  Matrix range     [1e-02, 8e+03]
  Objective range  [2e+01, 8e+04]
  Bounds range     [1e+00, 1e+00]
  RHS range        [4e-02, 2e+04]

Presolve removed 8481 rows and 5610 columns
Presolve time: 0.10s
Presolved: 2755 rows, 1914 columns, 13739 nonzeros
Variable types: 1254 continuous, 660 integer (660 binary)

Root relaxation: objective 2.039120e+05, 1805 iterations, 0.04 seconds (0.09 work units)

    Nodes    |    Current Node    |     Objective Bounds      |     Work
 Expl Unexpl |  Obj  Depth IntInf | Incumbent    BestBd   Gap | It/Node Time

     0     0 203912.043    0   64          - 203912.043      -     -    0s
     0     0 204062.581    0   85          - 204062.581      -     -    0s
     0     0 209274.470    0   59          - 209274.470      -     -    0s
     0     0 209274.898    0   59          - 209274.898      -     -    0s
H    0     0                    575284.43163 209274.898  63.6%     -    0s
     0     0 209336.024    0   81 575284.432 209336.024  63.6%     -    0s
H    0     0                    542134.96835 209337.369  61.4%     -    0s
H    0     0                    513552.25613 209337.369  59.2%     -    0s
H    0     0                    512601.91949 209337.369  59.2%     -    0s
H    0     0                    512288.34370 209337.369  59.1%     -    0s
H    0     0                    512236.73648 209337.369  59.1%     -    0s
     0     0 209370.870    0   83 512236.736 209370.870  59.1%     -    0s
     0     0 220717.131    0  108 512236.736 220717.131  56.9%     -    0s
H    0     0                    510435.50677 220718.818  56.8%     -    0s
     0     0 220721.525    0  113 510435.507 220721.525  56.8%     -    0s
     0     0 226707.078    0   99 510435.507 226707.078  55.6%     -    0s
H    0     0                    427005.01219 226707.078  46.9%     -    0s
     0     0 227139.838    0   81 427005.012 227139.838  46.8%     -    0s
     0     0 227139.838    0   92 427005.012 227139.838  46.8%     -    0s
     0     0 227614.999    0  112 427005.012 227614.999  46.7%     -    0s
     0     0 227661.028    0   91 427005.012 227661.028  46.7%     -    0s
     0     0 227664.848    0   92 427005.012 227664.848  46.7%     -    0s
     0     0 227971.102    0  111 427005.012 227971.102  46.6%     -    0s
H    0     0                    412280.86081 227980.815  44.7%     -    0s
H    0     0                    408759.84062 227980.815  44.2%     -    0s
H    0     0                    403323.80842 227980.815  43.5%     -    0s
H    0     0                    394009.39816 227980.815  42.1%     -    0s
     0     0 227980.815    0  122 394009.398 227980.815  42.1%     -    0s
     0     0 228020.641    0  114 394009.398 228020.641  42.1%     -    0s
     0     0 228163.413    0  130 394009.398 228163.413  42.1%     -    0s
     0     0 228164.318    0  121 394009.398 228164.318  42.1%     -    0s
     0     0 228164.318    0  125 394009.398 228164.318  42.1%     -    0s
H    0     0                    324539.51938 228197.335  29.7%     -    0s
     0     0 228197.335    0  109 324539.519 228197.335  29.7%     -    0s
     0     0 228209.204    0  108 324539.519 228209.204  29.7%     -    0s
     0     0 228209.269    0  109 324539.519 228209.269  29.7%     -    0s
     0     0 229666.883    0   94 324539.519 229666.883  29.2%     -    0s
     0     0 229888.649    0  117 324539.519 229888.649  29.2%     -    0s
     0     0 229904.235    0  115 324539.519 229904.235  29.2%     -    0s
     0     0 229928.344    0  104 324539.519 229928.344  29.2%     -    0s
     0     0 229932.910    0  111 324539.519 229932.910  29.2%     -    0s
H    0     0                    317139.98619 230287.153  27.4%     -    0s
     0     0 230287.153    0  133 317139.986 230287.153  27.4%     -    0s
     0     0 230354.293    0  144 317139.986 230354.293  27.4%     -    0s
     0     0 230368.732    0  148 317139.986 230368.732  27.4%     -    0s
     0     0 230394.666    0  161 317139.986 230394.666  27.4%     -    0s
     0     0 230396.684    0  163 317139.986 230396.684  27.4%     -    0s
     0     0 230396.691    0  167 317139.986 230396.691  27.4%     -    0s
H    0     0                    313425.66183 230396.691  26.5%     -    0s
     0     0 230526.864    0  146 313425.662 230526.864  26.4%     -    1s
     0     0 230581.031    0  174 313425.662 230581.031  26.4%     -    1s
     0     0 230588.357    0  171 313425.662 230588.357  26.4%     -    1s
     0     0 231330.678    0  143 313425.662 231330.678  26.2%     -    1s
     0     0 231494.239    0  130 313425.662 231494.239  26.1%     -    1s
     0     0 231568.100    0  147 313425.662 231568.100  26.1%     -    1s
     0     0 231579.046    0  169 313425.662 231579.046  26.1%     -    1s
     0     0 231584.123    0  171 313425.662 231584.123  26.1%     -    1s
     0     0 231804.919    0  172 313425.662 231804.919  26.0%     -    1s
     0     0 231837.944    0  159 313425.662 231837.944  26.0%     -    1s
     0     0 231838.037    0  168 313425.662 231838.037  26.0%     -    1s
     0     0 232023.623    0  147 313425.662 232023.623  26.0%     -    1s
     0     0 232078.860    0  137 313425.662 232078.860  26.0%     -    1s
     0     0 232080.300    0  139 313425.662 232080.300  26.0%     -    1s
     0     0 232119.590    0  140 313425.662 232119.590  25.9%     -    1s
     0     0 232161.392    0  146 313425.662 232161.392  25.9%     -    1s
     0     0 232163.882    0  145 313425.662 232163.882  25.9%     -    1s
     0     0 232224.892    0  171 313425.662 232224.892  25.9%     -    1s
     0     0 232243.174    0  172 313425.662 232243.174  25.9%     -    1s
     0     0 232248.524    0  172 313425.662 232248.524  25.9%     -    1s
     0     0 232316.539    0  158 313425.662 232316.539  25.9%     -    1s
     0     0 232355.397    0  162 313425.662 232355.397  25.9%     -    1s
     0     0 232355.397    0  151 313425.662 232355.397  25.9%     -    1s
     0     0 232355.397    0  160 313425.662 232355.397  25.9%     -    1s
     0     0 232355.397    0  173 313425.662 232355.397  25.9%     -    1s
     0     0 232409.631    0  179 313425.662 232409.631  25.8%     -    1s
     0     0 232434.607    0  178 313425.662 232434.607  25.8%     -    1s
     0     0 232434.607    0  178 313425.662 232434.607  25.8%     -    1s
     0     0 232434.607    0  178 313425.662 232434.607  25.8%     -    1s
H    0     0                    312714.18426 232437.275  25.7%     -    1s
H    0     0                    309155.72538 232437.275  24.8%     -    1s
H    0     0                    305288.22929 232437.275  23.9%     -    1s
H    0     0                    305279.48522 232437.275  23.9%     -    1s
     0     2 232437.275    0  178 305279.485 232437.275  23.9%     -    1s
H   17    28                    305253.06665 233845.377  23.4%   193    1s
H  165   203                    305251.52648 234601.283  23.1%   130    2s
H  378   352                    302249.58022 234601.283  22.4%   106    2s
H  388   352                    300516.15539 234601.283  21.9%   105    2s
H  399   352                    298219.07350 234601.283  21.3%   105    2s
H 1361   928                    296151.69612 235184.745  20.6%  92.8    3s
* 1378   928              41    289193.45124 235184.745  18.7%  92.1    3s
* 2345  1368              39    287058.84343 235461.066  18.0%  87.2    3s
  3917  2087 267786.779   34  178 287058.843 238212.485  17.0%  88.8    6s
H 3928  1989                    282655.93716 238694.009  15.6%  88.6    6s
H 3939  1896                    281954.35740 239182.763  15.2%  88.3    7s
H 4191  1936                    279884.87501 240091.551  14.2%  93.7    8s
H 4557  1918                    277170.41250 240109.983  13.4%  96.5    9s
H 4753  1879                    276585.11578 240309.850  13.1%  96.7    9s
  5278  1938     cutoff   34      276585.116 240309.850  13.1%  94.9   10s
 11994  2974 270114.596   48   58 276585.116 248989.457  10.0%  94.2   15s
H17728  4408                    276510.23533 251233.427  9.14%  94.4   20s
 26709  6254     cutoff   45      276510.235 255585.386  7.57%  93.2   25s
 35456  7543 266664.803   34  102 276510.235 258746.939  6.42%  92.3   30s
 44368  7542 266061.323   37   76 276510.235 261934.183  5.27%  91.2   35s
 53809  6326     cutoff   39      276510.235 264696.243  4.27%  89.2   40s
 63398  4277     cutoff   39      276510.235 268253.371  2.99%  85.5   45s
 76128     0 276096.125   49   48 276510.235 274045.552  0.89%  80.0   50s

Cutting planes:
  Learned: 21
  Gomory: 3
  Cover: 298
  Implied bound: 152
  Projected implied bound: 24
  MIR: 324
  StrongCG: 22
  Flow cover: 102
  GUB cover: 31
  Inf proof: 16
  Zero half: 9
  RLT: 30
  Relax-and-lift: 21

Explored 76173 nodes (6100845 simplex iterations) in 50.34 seconds (62.89 work units)
Thread count was 24 (of 24 available processors)

Solution count 10: 276510 276510 276585 ... 296152

Optimal solution found (tolerance 1.00e-04)
Best objective 2.765102353253e+05, best bound 2.765102353253e+05, gap 0.0000%
