
Gurobi 13.0.2 (linux64, Python) logging started Thu Aug 13 21:15:16 2026

Set parameter LogToConsole to value 0
Set parameter Username
Set parameter LicenseID to value 2748191
Set parameter TimeLimit to value 120
Set parameter LogFile to value "output/bz_nbr7008_043/weighted_loss/retail_y_2__retail_v_4__rolled_leftover_4/period_1/gurobi.log"
Academic license - for non-commercial use only - expires 2026-12-01
Gurobi Optimizer version 13.0.2 build v13.0.2rc1 (linux64 - "Debian GNU/Linux 13 (trixie)")

CPU model: 13th Gen Intel(R) Core(TM) i7-13700HX, instruction set [SSE2|AVX|AVX2]
Thread count: 24 physical cores, 24 logical processors, using up to 24 threads

Non-default parameters:
TimeLimit  120
LogToConsole  0

Optimize a model with 196063 rows, 130753 columns and 688669 nonzeros (Min)
Model fingerprint: 0x96b7f328
Model has 53990 linear objective coefficients
Variable types: 107764 continuous, 22989 integer (22989 binary)
Coefficient statistics:
  Matrix range     [1e-02, 1e+04]
  Objective range  [1e+01, 3e+05]
  Bounds range     [1e+00, 1e+00]
  RHS range        [1e-01, 3e+04]

Presolve removed 114420 rows and 79225 columns
Presolve time: 3.35s
Presolved: 81643 rows, 51528 columns, 810072 nonzeros
Variable types: 33723 continuous, 17805 integer (17761 binary)
Deterministic concurrent LP optimizer: primal simplex, dual simplex, and barrier
Showing barrier log only...

Root barrier log...

Ordering time: 0.41s

Barrier statistics:
 Dense cols : 23
 AA' NZ     : 7.190e+06
 Factor NZ  : 1.225e+07 (roughly 140 MB of memory)
 Factor Ops : 3.498e+09 (less than 1 second per iteration)
 Threads    : 21

                  Objective                Residual
Iter       Primal          Dual         Primal    Dual     Compl     Time
   0  -3.13238620e+09 -1.27590018e+10  2.75e+06 1.23e+02  3.45e+06     5s
   1  -1.74346842e+09 -1.15693346e+10  1.79e+06 3.13e+02  1.97e+06     5s
   2  -7.71451175e+08 -9.57698720e+09  7.11e+05 7.13e+01  7.94e+05     5s
   3  -1.87966456e+08 -5.15922717e+09  1.80e+05 4.59e+00  2.06e+05     5s
   4  -5.48643340e+06 -1.30991867e+09  1.81e+04 1.88e-10  2.41e+04     5s
   5   1.42458438e+07 -5.38990542e+08  2.37e+03 9.91e-11  5.57e+03     5s
   6   1.55506559e+07 -1.15748814e+08  1.26e+03 7.73e-11  1.46e+03     5s
   7   1.58098085e+07 -5.80649208e+07  8.58e+02 3.73e-11  8.18e+02     5s
   8   1.43149217e+07 -3.69732157e+07  4.75e+02 2.05e-11  5.06e+02     5s
   9   1.13946791e+07 -2.23097752e+07  2.08e+02 1.52e-11  2.91e+02     5s
  10   9.32426336e+06 -1.47376686e+07  1.26e+02 1.34e-11  1.99e+02     5s
  11   6.24797687e+06 -1.12468310e+07  7.20e+01 1.01e-11  1.39e+02     6s
  12   3.26380686e+06 -3.58191866e+06  3.19e+01 1.46e-11  5.50e+01     6s
  13   2.31127212e+06 -1.93315043e+06  2.00e+01 1.53e-11  3.43e+01     6s
  14   1.81807463e+06 -6.36907752e+05  1.25e+01 2.02e-11  2.02e+01     6s
  15   1.42617345e+06  6.24645354e+03  7.56e+00 2.29e-11  1.18e+01     6s
  16   1.18887303e+06  4.31083113e+05  4.46e+00 2.03e-11  6.40e+00     6s
  17   1.03039990e+06  5.92517093e+05  2.47e+00 2.01e-11  3.66e+00     6s
  18   9.52926752e+05  7.10430990e+05  1.37e+00 1.71e-11  2.01e+00     6s
  19   8.94297135e+05  7.89425732e+05  4.59e-01 1.50e-11  8.31e-01     6s
  20   8.82175145e+05  8.01659946e+05  3.06e-01 1.27e-11  6.27e-01     6s
  21   8.74036401e+05  8.26406496e+05  2.15e-01 1.43e-11  3.74e-01     6s
  22   8.64315137e+05  8.41961325e+05  8.78e-02 1.42e-11  1.73e-01     6s
  23   8.58111285e+05  8.45762822e+05  3.14e-02 1.85e-11  9.23e-02     6s
  24   8.55949439e+05  8.49935493e+05  1.58e-02 1.04e-11  4.50e-02     6s
  25   8.54783878e+05  8.50940558e+05  8.75e-03 1.42e-11  2.85e-02     6s
  26   8.54542742e+05  8.51702542e+05  7.08e-03 1.25e-11  2.12e-02     6s
  27   8.54164043e+05  8.52290899e+05  5.28e-03 1.36e-11  1.41e-02     6s
  28   8.53923867e+05  8.52523588e+05  4.13e-03 1.31e-11  1.06e-02     6s
  29   8.53783850e+05  8.52789744e+05  3.43e-03 1.13e-11  7.58e-03     7s
  30   8.53519486e+05  8.52854855e+05  2.30e-03 1.16e-11  5.07e-03     7s
  31   8.53342165e+05  8.52901501e+05  1.45e-03 1.75e-11  3.35e-03     7s
  32   8.53253384e+05  8.52932618e+05  1.07e-03 1.54e-11  2.44e-03     7s
  33   8.53193916e+05  8.52973370e+05  8.11e-04 1.70e-11  1.69e-03     7s
  34   8.53075326e+05  8.52979319e+05  3.03e-04 1.38e-11  7.29e-04     7s
  35   8.53045708e+05  8.52989832e+05  1.88e-04 1.05e-11  4.26e-04     7s
  36   8.53014268e+05  8.52995183e+05  5.69e-05 1.69e-11  1.45e-04     7s
  37   8.53001405e+05  8.52996621e+05  1.32e-05 1.18e-11  3.61e-05     7s
  38   8.52997356e+05  8.52997179e+05  5.02e-07 1.66e-11  1.34e-06     7s
  39   8.52997197e+05  8.52997191e+05  1.86e-07 1.74e-11  4.58e-08     7s
  40   8.52997191e+05  8.52997191e+05  2.13e-10 1.91e-11  2.12e-12     7s

Barrier solved model in 40 iterations and 7.20 seconds (13.29 work units)
Optimal objective 8.52997191e+05


Root crossover log...

   44840 DPushes remaining with DInf 0.0000000e+00                 7s
       0 DPushes remaining with DInf 0.0000000e+00                 8s

      42 PPushes remaining with PInf 0.0000000e+00                 8s
       0 PPushes remaining with PInf 0.0000000e+00                 8s

  Push phase complete: Pinf 0.0000000e+00, Dinf 7.5420684e-03      8s


Root simplex log...

Iteration    Objective       Primal Inf.    Dual Inf.      Time
   30854    8.5299719e+05   0.000000e+00   7.542068e-03      8s
   30881    8.5299719e+05   0.000000e+00   0.000000e+00      8s
Crossover time: 0.41 seconds (0.61 work units)
Concurrent spin time: 0.01s

Solved with barrier
   30881    8.5299719e+05   0.000000e+00   0.000000e+00      8s

Root relaxation: objective 8.529972e+05, 30881 iterations, 4.06 seconds (6.37 work units)

    Nodes    |    Current Node    |     Objective Bounds      |     Work
 Expl Unexpl |  Obj  Depth IntInf | Incumbent    BestBd   Gap | It/Node Time

     0     0 852997.191    0  290          - 852997.191      -     -    8s
H    0     0                    1785482.0077 852997.191  52.2%     -   12s
H    0     0                    1668021.4588 852997.191  48.9%     -   12s
H    0     0                    1653614.2104 852997.191  48.4%     -   12s
H    0     0                    1591318.7924 852997.191  46.4%     -   12s
H    0     0                    1590984.8067 852997.191  46.4%     -   13s
H    0     0                    1469199.5760 852997.191  41.9%     -   13s
H    0     0                    1465699.2544 852997.191  41.8%     -   13s
H    0     0                    1461965.3558 852997.191  41.7%     -   14s
H    0     0                    1459338.5743 852997.191  41.5%     -   14s
H    0     0                    1445268.1837 852997.191  41.0%     -   15s
H    0     0                    1429276.9120 852997.191  40.3%     -   15s
H    0     0                    1428714.2508 852997.191  40.3%     -   15s
H    0     0                    1417151.5435 852997.191  39.8%     -   15s
H    0     0                    1412180.0312 852997.191  39.6%     -   15s
H    0     0                    1403674.7080 852997.191  39.2%     -   16s
H    0     0                    1392504.6912 852997.191  38.7%     -   16s
H    0     0                    1392432.2384 852997.191  38.7%     -   16s
H    0     0                    1383999.3681 852997.191  38.4%     -   16s
     0     0 853388.440    0  270 1383999.37 853388.440  38.3%     -   20s
H    0     0                    1383754.9528 853388.750  38.3%     -   20s
H    0     0                    1374177.9432 853388.750  37.9%     -   20s
H    0     0                    1372392.0871 853388.750  37.8%     -   21s
H    0     0                    1360924.7463 853388.750  37.3%     -   21s
H    0     0                    1355793.2897 853388.750  37.1%     -   21s
     0     0 854130.171    0  296 1355793.29 854130.171  37.0%     -   25s
     0     0 854295.435    0  306 1355793.29 854295.435  37.0%     -   27s
     0     0 854296.208    0  327 1355793.29 854296.208  37.0%     -   27s
     0     0 854296.209    0  327 1355793.29 854296.209  37.0%     -   27s
     0     0 863379.942    0  170 1355793.29 863379.942  36.3%     -   33s
H    0     0                    1352018.6853 863381.956  36.1%     -   34s
H    0     0                    1337577.3030 863381.956  35.5%     -   35s
H    0     0                    1288481.6650 863381.956  33.0%     -   35s
     0     0 863798.583    0  143 1288481.67 863798.583  33.0%     -   35s
     0     0 865586.372    0  211 1288481.67 865586.372  32.8%     -   39s
     0     0 865952.447    0  214 1288481.67 865952.447  32.8%     -   41s
     0     0 865952.447    0  217 1288481.67 865952.447  32.8%     -   41s
     0     0 865952.447    0  211 1288481.67 865952.447  32.8%     -   42s
     0     0 865952.447    0  212 1288481.67 865952.447  32.8%     -   42s
     0     0 871788.635    0  260 1288481.67 871788.635  32.3%     -   46s
H    0     0                    1281933.1340 871789.025  32.0%     -   48s
H    0     0                    1254662.3287 871789.025  30.5%     -   49s
H    0     0                    1244013.5933 871789.025  29.9%     -   49s
H    0     0                    1243971.4406 871789.025  29.9%     -   49s
H    0     0                    1241635.1258 871789.025  29.8%     -   49s
H    0     0                    1240794.1552 871789.025  29.7%     -   49s
H    0     0                    1240647.8138 871789.025  29.7%     -   49s
     0     0 873425.172    0  232 1240647.81 873425.172  29.6%     -   51s
     0     0 873932.567    0  220 1240647.81 873932.567  29.6%     -   52s
     0     0 873932.567    0  223 1240647.81 873932.567  29.6%     -   52s
     0     0 881021.687    0  295 1240647.81 881021.687  29.0%     -   55s
     0     0 882154.283    0  257 1240647.81 882154.283  28.9%     -   56s
     0     0 882194.488    0  240 1240647.81 882194.488  28.9%     -   56s
     0     0 882195.993    0  241 1240647.81 882195.993  28.9%     -   56s
     0     0 883967.860    0  254 1240647.81 883967.860  28.7%     -   58s
H    0     0                    1234269.4964 884232.577  28.4%     -   61s
     0     0 884232.577    0  249 1234269.50 884232.577  28.4%     -   61s
H    0     0                    1232566.3940 884478.398  28.2%     -   61s
     0     0 884478.398    0  251 1232566.39 884478.398  28.2%     -   61s
     0     0 884480.492    0  242 1232566.39 884480.492  28.2%     -   62s
H    0     0                    1232066.8991 884602.616  28.2%     -   62s
     0     0 884602.616    0  263 1232066.90 884602.616  28.2%     -   62s
     0     0 884622.932    0  276 1232066.90 884622.932  28.2%     -   62s
     0     0 884622.938    0  273 1232066.90 884622.938  28.2%     -   62s
     0     0 887290.917    0  291 1232066.90 887290.917  28.0%     -   64s
     0     0 887291.567    0  293 1232066.90 887291.567  28.0%     -   64s
     0     0 887313.408    0  293 1232066.90 887313.408  28.0%     -   64s
     0     0 887313.764    0  293 1232066.90 887313.764  28.0%     -   65s
     0     0 887319.101    0  269 1232066.90 887319.101  28.0%     -   65s
     0     0 887721.197    0  301 1232066.90 887721.197  27.9%     -   66s
     0     0 887761.015    0  302 1232066.90 887761.015  27.9%     -   66s
     0     0 887761.017    0  296 1232066.90 887761.017  27.9%     -   66s
     0     0 887762.258    0  298 1232066.90 887762.258  27.9%     -   66s
     0     0 889663.188    0  329 1232066.90 889663.188  27.8%     -   68s
     0     0 889663.295    0  322 1232066.90 889663.295  27.8%     -   68s
H    0     0                    1230129.7715 889663.445  27.7%     -   69s
H    0     0                    1223768.8402 889663.445  27.3%     -   70s
H    0     0                    1221894.2589 889663.445  27.2%     -   70s
H    0     0                    1218797.8545 889663.445  27.0%     -   70s
H    0     0                    1211344.5944 889663.445  26.6%     -   72s
H    0     0                    1207119.5421 889663.445  26.3%     -   72s
     0     0 889809.816    0  342 1207119.54 889809.816  26.3%     -   73s
     0     0 889859.508    0  368 1207119.54 889859.508  26.3%     -   73s
     0     0 889859.680    0  368 1207119.54 889859.680  26.3%     -   73s
     0     0 889868.293    0  369 1207119.54 889868.293  26.3%     -   74s
     0     0 891311.181    0  425 1207119.54 891311.181  26.2%     -   76s
H    0     0                    1206492.5068 891314.525  26.1%     -   78s
H    0     0                    1206479.7937 891314.525  26.1%     -   78s
H    0     0                    1206447.7651 891314.525  26.1%     -   78s
H    0     0                    1206386.4222 891314.525  26.1%     -   78s
H    0     0                    1203648.7414 891314.525  25.9%     -   78s
     0     0 891697.169    0  490 1203648.74 891697.169  25.9%     -   80s
     0     0 891780.083    0  426 1203648.74 891780.083  25.9%     -   81s
     0     0 891851.894    0  451 1203648.74 891851.894  25.9%     -   81s
     0     0 891882.409    0  434 1203648.74 891882.409  25.9%     -   82s
     0     0 891884.501    0  424 1203648.74 891884.501  25.9%     -   82s
     0     0 894272.676    0  494 1203648.74 894272.676  25.7%     -   85s
     0     0 894680.842    0  498 1203648.74 894680.842  25.7%     -   88s
     0     0 894680.860    0  499 1203648.74 894680.860  25.7%     -   88s
     0     0 894738.241    0  540 1203648.74 894738.241  25.7%     -   89s
     0     0 894745.058    0  511 1203648.74 894745.058  25.7%     -   89s
     0     0 895707.235    0  554 1203648.74 895707.235  25.6%     -   93s
     0     0 895707.235    0  544 1203648.74 895707.235  25.6%     -   94s
     0     0 895707.236    0  554 1203648.74 895707.236  25.6%     -   94s
     0     0 895707.239    0  548 1203648.74 895707.239  25.6%     -   94s
     0     0 895750.504    0  567 1203648.74 895750.504  25.6%     -   95s
     0     0 895750.688    0  591 1203648.74 895750.688  25.6%     -   95s
     0     0 895771.755    0  527 1203648.74 895771.755  25.6%     -   95s
     0     0 895778.963    0  574 1203648.74 895778.963  25.6%     -   96s
     0     0 896205.175    0  497 1203648.74 896205.175  25.5%     -   99s
H    0     0                    1203387.7195 896205.351  25.5%     -   99s
H    0     0                    1194887.9118 896205.351  25.0%     -   99s
H    0     0                    1194814.4592 896205.351  25.0%     -   99s
H    0     0                    1179774.6855 896205.351  24.0%     -   99s
     0     0 896340.847    0  539 1179774.69 896340.847  24.0%     -  101s
     0     0 896388.794    0  516 1179774.69 896388.794  24.0%     -  102s
     0     0 896391.258    0  471 1179774.69 896391.258  24.0%     -  102s
     0     0 897642.366    0  450 1179774.69 897642.366  23.9%     -  106s
H    0     0                    1179613.1463 897650.656  23.9%     -  107s
H    0     0                    1179575.0429 897650.656  23.9%     -  109s
H    0     0                    1179502.9982 897650.656  23.9%     -  110s

Cutting planes:
  Learned: 11
  Gomory: 46
  Cover: 162
  Implied bound: 263
  Clique: 125
  MIR: 438
  Knapsack: 6
  StrongCG: 150
  Flow cover: 162
  GUB cover: 43
  Zero half: 4
  Mod-K: 1
  Network: 2
  RLT: 405
  Relax-and-lift: 70
  BQP: 35

Explored 1 nodes (83346 simplex iterations) in 120.02 seconds (172.03 work units)
Thread count was 24 (of 24 available processors)

Solution count 10: 1.1795e+06 1.17958e+06 1.17961e+06 ... 1.20645e+06

Time limit reached
Best objective 1.179502998187e+06, best bound 8.976506556865e+05, gap 23.8959%
