
Gurobi 13.0.2 (linux64, Python) logging started Sat Aug 22 14:15:29 2026

Set parameter LogToConsole to value 0
Set parameter Username
Set parameter LicenseID to value 2748191
Set parameter TimeLimit to value 120
Set parameter LogFile to value "output/bz_nbr7008_095/weighted_loss/retail_y_2__retail_v_4__retail_v_4__rolled_leftover_2/period_3/gurobi.log"
Academic license - for non-commercial use only - expires 2026-12-01
Gurobi Optimizer version 13.0.2 build v13.0.2rc1 (linux64 - "Debian GNU/Linux 13 (trixie)")

CPU model: 13th Gen Intel(R) Core(TM) i7-13700HX, instruction set [SSE2|AVX|AVX2]
Thread count: 24 physical cores, 24 logical processors, using up to 24 threads

Non-default parameters:
TimeLimit  120
LogToConsole  0

Optimize a model with 9537 rows, 6702 columns and 25342 nonzeros (Min)
Model fingerprint: 0x942cac30
Model has 2343 linear objective coefficients and an objective constant of 308512.680972
Variable types: 5424 continuous, 1278 integer (1278 binary)
Coefficient statistics:
  Matrix range     [6e-03, 1e+04]
  Objective range  [1e+01, 1e+05]
  Bounds range     [1e+00, 1e+00]
  RHS range        [1e-01, 3e+04]

Presolve removed 7309 rows and 5096 columns
Presolve time: 0.09s
Presolved: 2228 rows, 1606 columns, 9024 nonzeros
Variable types: 1013 continuous, 593 integer (569 binary)

Root relaxation: objective 4.286408e+05, 982 iterations, 0.02 seconds (0.02 work units)

    Nodes    |    Current Node    |     Objective Bounds      |     Work
 Expl Unexpl |  Obj  Depth IntInf | Incumbent    BestBd   Gap | It/Node Time

     0     0 428640.805    0   42          - 428640.805      -     -    0s
     0     0 428640.805    0   44          - 428640.805      -     -    0s
     0     0 428641.075    0   38          - 428641.075      -     -    0s
     0     0 428641.075    0   51          - 428641.075      -     -    0s
     0     0 428641.075    0   48          - 428641.075      -     -    0s
     0     0 428641.196    0   55          - 428641.196      -     -    0s
     0     0 428641.196    0   63          - 428641.196      -     -    0s
     0     0 428641.372    0   65          - 428641.372      -     -    0s
     0     0 428666.327    0   53          - 428666.327      -     -    0s
     0     0 428676.101    0   41          - 428676.101      -     -    0s
     0     0 428690.563    0   36          - 428690.563      -     -    0s
     0     0 428690.563    0   35          - 428690.563      -     -    0s
     0     0 428761.134    0   66          - 428761.134      -     -    0s
H    0     0                    662798.76167 428761.468  35.3%     -    0s
H    0     0                    624619.41969 428761.468  31.4%     -    0s
     0     0 428763.136    0   57 624619.420 428763.136  31.4%     -    0s
     0     0 428763.708    0   63 624619.420 428763.708  31.4%     -    0s
     0     0 428763.708    0   68 624619.420 428763.708  31.4%     -    0s
     0     0 429502.874    0   90 624619.420 429502.874  31.2%     -    0s
     0     0 429604.564    0   95 624619.420 429604.564  31.2%     -    0s
     0     0 429604.564    0   95 624619.420 429604.564  31.2%     -    0s
H    0     0                    608067.34758 442391.985  27.2%     -    0s
H    0     0                    593030.95170 442391.985  25.4%     -    0s
H    0     0                    590516.02765 442391.985  25.1%     -    0s
     0     0 442391.985    0   43 590516.028 442391.985  25.1%     -    0s
     0     0 442393.636    0   60 590516.028 442393.636  25.1%     -    0s
H    0     0                    580388.09098 442393.636  23.8%     -    0s
     0     0 443656.121    0   64 580388.091 443656.121  23.6%     -    0s
     0     0 444479.679    0   56 580388.091 444479.679  23.4%     -    0s
     0     0 444479.679    0   72 580388.091 444479.679  23.4%     -    0s
     0     0 444766.437    0   72 580388.091 444766.437  23.4%     -    0s
     0     0 444785.305    0   78 580388.091 444785.305  23.4%     -    0s
     0     0 444785.305    0   84 580388.091 444785.305  23.4%     -    0s
     0     0 444808.756    0   85 580388.091 444808.756  23.4%     -    0s
H    0     0                    556357.65846 444808.756  20.0%     -    0s
     0     0 444808.756    0   85 556357.658 444808.756  20.0%     -    0s
     0     0 444862.669    0   82 556357.658 444862.669  20.0%     -    0s
     0     0 444958.027    0   79 556357.658 444958.027  20.0%     -    0s
     0     0 444996.614    0   80 556357.658 444996.614  20.0%     -    0s
     0     0 444996.614    0   80 556357.658 444996.614  20.0%     -    0s
     0     0 444998.512    0   93 556357.658 444998.512  20.0%     -    0s
     0     0 444998.512    0   95 556357.658 444998.512  20.0%     -    0s
     0     0 445002.402    0  101 556357.658 445002.402  20.0%     -    0s
     0     0 445007.320    0  100 556357.658 445007.320  20.0%     -    0s
     0     0 445007.320    0  102 556357.658 445007.320  20.0%     -    0s
     0     0 445007.612    0  102 556357.658 445007.612  20.0%     -    0s
     0     0 445007.612    0  102 556357.658 445007.612  20.0%     -    0s
     0     0 445007.612    0   96 556357.658 445007.612  20.0%     -    0s
H    0     0                    549275.46763 445048.319  19.0%     -    1s
H    0     0                    544166.60706 445048.319  18.2%     -    1s
H    0     0                    543997.82322 445048.319  18.2%     -    1s
H    0     0                    540716.29780 445048.319  17.7%     -    1s
     0     2 445048.319    0   92 540716.298 445048.319  17.7%     -    1s
H    7    16                    538330.32149 445769.750  17.2%  77.3    1s
H  149   129                    538138.87612 446477.948  17.0%  60.6    1s
H  373   310                    535729.91786 446674.927  16.6%  46.3    1s
H  981   804                    532021.76116 447986.306  15.8%  36.8    2s
H 1065   804                    526016.32418 447987.099  14.8%  36.2    2s
H 2739  1626                    523572.18040 448151.681  14.4%  33.4    2s
* 3539  1628              70    513082.01766 448179.931  12.6%  34.2    3s
H 4107  1671                    513082.01755 448416.164  12.6%  34.1    4s
H 4110  1589                    509771.89157 448909.133  11.9%  34.1    4s
  4120  1595 452619.719   22   87 509771.892 448909.133  11.9%  34.0    5s
 10590  2394 505092.797   45   28 509771.892 455125.800  10.7%  47.9   10s
 18075  3927 501442.413   34   43 509771.892 458023.278  10.2%  50.1   15s
 23997  4908 509596.496   38   25 509771.892 460084.230  9.75%  50.8   20s
 35234  5987 470830.158   39   40 509771.892 466384.830  8.51%  50.2   25s
 44688  6630 506868.517   40   22 509771.892 484992.297  4.86%  48.1   30s
*48625  6744              55    509572.84003 492021.366  3.44%  48.4   31s
H48940  6949                    509514.55256 492186.345  3.40%  48.4   32s
H49750  6866                    509338.26904 492189.266  3.37%  48.4   32s
 50859  7245     cutoff   33      509338.269 492455.467  3.31%  48.5   37s
H51223  7202                    509264.35338 492455.467  3.30%  48.6   37s
 59646  7795 503704.768   40   37 509264.353 492732.885  3.25%  49.1   40s
*60194  6980              71    508133.32732 492732.885  3.03%  49.2   40s
 72868  6792 502823.688   42   20 508133.327 496793.530  2.23%  48.8   45s
 82058  6361 500021.102   33   52 508133.327 499125.996  1.77%  49.1   50s
 92686  5515 501307.039   34   41 508133.327 500624.912  1.48%  50.3   55s
 103404  4231     cutoff   30      508133.327 501601.082  1.29%  50.8   60s
 108502  3557 504408.739   35   59 508133.327 503028.277  1.00%  50.8   65s
 117584  2482     cutoff   41      508133.327 504411.685  0.73%  51.0   70s
 129307   133     cutoff   37      508133.327 505994.710  0.42%  51.1   76s

Cutting planes:
  Learned: 2
  Gomory: 21
  Lift-and-project: 47
  Cover: 325
  Implied bound: 124
  Projected implied bound: 26
  Clique: 7
  MIR: 429
  Mixing: 1
  StrongCG: 22
  Flow cover: 81
  GUB cover: 18
  Inf proof: 47
  Zero half: 43
  Network: 5
  RLT: 45
  Relax-and-lift: 68
  BQP: 1

Explored 131977 nodes (6724265 simplex iterations) in 77.14 seconds (67.11 work units)
Thread count was 24 (of 24 available processors)

Solution count 10: 508133 508133 509264 ... 523572

Optimal solution found (tolerance 1.00e-04)
Best objective 5.081333273246e+05, best bound 5.081333273246e+05, gap 0.0000%
