
Gurobi 12.0.3 (win64, Python) logging started Thu May  7 18:26:10 2026

Set parameter LogToConsole to value 0
Set parameter Username
Set parameter LicenseID to value 2807357
Set parameter TimeLimit to value 120
Set parameter LogFile to value "output/bz_nbr7008_095/period_1/gurobi.log"
Academic license - for non-commercial use only - expires 2027-04-14
Gurobi Optimizer version 12.0.3 build v12.0.3rc0 (win64 - Windows 10.0 (19045.2))

CPU model: Intel(R) Core(TM) i7-7700HQ CPU @ 2.80GHz, instruction set [SSE2|AVX|AVX2]
Thread count: 4 physical cores, 8 logical processors, using up to 8 threads

Non-default parameters:
TimeLimit  120
LogToConsole  0

Optimize a model with 7979 rows, 5533 columns and 21274 nonzeros
Model fingerprint: 0x2a5f948c
Variable types: 4488 continuous, 1045 integer (1045 binary)
Coefficient statistics:
  Matrix range     [1e-02, 1e+04]
  Objective range  [5e+00, 1e+05]
  Bounds range     [1e+00, 1e+00]
  RHS range        [1e-01, 3e+04]
Presolve removed 5852 rows and 4015 columns
Presolve time: 0.12s
Presolved: 2127 rows, 1518 columns, 8437 nonzeros
Variable types: 957 continuous, 561 integer (539 binary)
Found heuristic solution: objective 320182.92015

Root relaxation: objective 3.165462e+03, 548 iterations, 0.02 seconds (0.01 work units)

    Nodes    |    Current Node    |     Objective Bounds      |     Work
 Expl Unexpl |  Obj  Depth IntInf | Incumbent    BestBd   Gap | It/Node Time

     0     0 3165.46155    0   30 320182.920 3165.46155  99.0%     -    0s
H    0     0                    314070.03850 3165.46155  99.0%     -    0s
H    0     0                    223811.29162 3165.46155  98.6%     -    0s
H    0     0                    222458.44974 3165.46155  98.6%     -    0s
H    0     0                    216863.00480 3165.46155  98.5%     -    0s
H    0     0                    213458.79025 3165.46155  98.5%     -    0s
     0     0 3165.55181    0   39 213458.790 3165.55181  98.5%     -    0s
H    0     0                    109655.90273 3165.55181  97.1%     -    0s
H    0     0                    103543.02108 3165.55181  96.9%     -    0s
     0     0 3165.70920    0   40 103543.021 3165.70920  96.9%     -    0s
     0     0 3166.40918    0   37 103543.021 3166.40918  96.9%     -    0s
H    0     0                    98503.141187 3166.40918  96.8%     -    0s
     0     0 3166.40918    0   23 98503.1412 3166.40918  96.8%     -    0s
H    0     0                    96972.835899 3166.46729  96.7%     -    0s
     0     0 3166.46729    0   31 96972.8359 3166.46729  96.7%     -    0s
H    0     0                    95877.995554 3166.46729  96.7%     -    0s
H    0     0                    93691.403857 3166.46729  96.6%     -    0s
     0     0 3166.46729    0   46 93691.4039 3166.46729  96.6%     -    0s
     0     0 3166.46729    0   48 93691.4039 3166.46729  96.6%     -    0s
     0     0 3166.46729    0   57 93691.4039 3166.46729  96.6%     -    0s
     0     0 3166.46729    0   71 93691.4039 3166.46729  96.6%     -    0s
     0     0 3166.93173    0   57 93691.4039 3166.93173  96.6%     -    0s
H    0     0                    59621.174217 3166.99018  94.7%     -    0s
     0     0 3166.99018    0   66 59621.1742 3166.99018  94.7%     -    0s
H    0     0                    48184.860158 3166.99018  93.4%     -    0s
H    0     0                    47521.903528 3166.99018  93.3%     -    0s
     0     0 3166.99018    0   66 47521.9035 3166.99018  93.3%     -    0s
H    0     0                    47321.595925 3166.99018  93.3%     -    0s
     0     0 3168.36174    0   66 47321.5959 3168.36174  93.3%     -    0s
H    0     0                    45135.004229 3168.43183  93.0%     -    0s
     0     0 3169.25626    0   41 45135.0042 3169.25626  93.0%     -    0s
     0     0 3169.40174    0   56 45135.0042 3169.40174  93.0%     -    0s
     0     0 3169.41158    0   51 45135.0042 3169.41158  93.0%     -    0s
     0     0 3170.88872    0   50 45135.0042 3170.88872  93.0%     -    0s
     0     0 3170.88872    0   53 45135.0042 3170.88872  93.0%     -    0s
     0     0 3178.36513    0   36 45135.0042 3178.36513  93.0%     -    0s
     0     0 3179.06202    0   39 45135.0042 3179.06202  93.0%     -    0s
     0     0 3232.90019    0   54 45135.0042 3232.90019  92.8%     -    0s
     0     0 3240.62611    0   60 45135.0042 3240.62611  92.8%     -    0s
     0     0 3240.70020    0   61 45135.0042 3240.70020  92.8%     -    0s
     0     0 3240.70020    0   63 45135.0042 3240.70020  92.8%     -    0s
     0     0 3585.83964    0   70 45135.0042 3585.83964  92.1%     -    0s
     0     0 5436.06501    0   52 45135.0042 5436.06501  88.0%     -    0s
     0     0 5436.08943    0   83 45135.0042 5436.08943  88.0%     -    0s
     0     0 7504.77359    0   73 45135.0042 7504.77359  83.4%     -    0s
     0     0 7504.77718    0   68 45135.0042 7504.77718  83.4%     -    0s
     0     0 8469.59574    0   63 45135.0042 8469.59574  81.2%     -    0s
     0     0 8469.63653    0   60 45135.0042 8469.63653  81.2%     -    0s
     0     0 8469.63653    0   69 45135.0042 8469.63653  81.2%     -    1s
     0     0 8469.63653    0   70 45135.0042 8469.63653  81.2%     -    1s
     0     0 8469.63653    0   72 45135.0042 8469.63653  81.2%     -    1s
     0     0 8469.63653    0   71 45135.0042 8469.63653  81.2%     -    1s
H    0     0                    42200.637425 8469.63653  79.9%     -    1s
H    0     0                    41957.840330 8469.63653  79.8%     -    1s
H    0     0                    41715.043236 8469.63653  79.7%     -    1s
H    0     0                    41593.644689 8469.63653  79.6%     -    1s
     0     2 8469.63653    0   71 41593.6447 8469.63653  79.6%     -    1s
H   40    48                    39368.694743 8471.18051  78.5%  26.1    1s
H   68    73                    38935.544163 8471.18051  78.2%  29.3    1s
H  121   113                    38558.350522 8471.18051  78.0%  35.5    1s
H  208   170                    32965.882435 8471.18051  74.3%  33.4    1s
H  241   175                    31404.282361 8471.18051  73.0%  31.4    1s
H  376   211                    29109.568966 8471.18051  70.9%  30.3    1s
H  845   353                    28714.270031 8472.18475  70.5%  29.8    2s
H 1013   371                    28434.049741 8472.25388  70.2%  29.0    2s
H 1587   632                    28434.049127 8472.38730  70.2%  29.9    3s
  1660   651 19245.5897   28   55 28434.0491 9433.16901  66.8%  29.2    5s
H 1719   654                    28092.091150 10174.4261  63.8%  28.2    7s
H 1724   623                    25065.987568 10209.9742  59.3%  28.1    7s
H 1724   590                    24550.995738 10209.9742  58.4%  28.1    7s
  1780   627 11127.5085   12  180 24550.9957 11127.5085  54.7%  27.2   10s
  1881   694 24550.9957   25  166 24550.9957 12445.6402  49.3%  25.7   15s
  1971   756 12687.5472   13  142 24550.9957 12687.5472  48.3%  35.3   20s
  2072   823 24550.9957   22  125 24550.9957 13102.9964  46.6%  33.5   25s
  2162   884 13276.2002    7  107 24550.9957 13276.2002  45.9%  37.4   30s
  2239   937 13437.5481   14  123 24550.9957 13437.5481  45.3%  38.9   35s
  3990  1337 23079.6861   67   23 24550.9957 13534.6743  44.9%  38.9   40s
  7822  2513 19920.9552   59   51 24550.9957 13903.7283  43.4%  38.6   45s
 12879  3702 infeasible   69      24550.9957 14670.0162  40.2%  42.9   50s
 17436  4089 23607.8164   72   50 24550.9957 15298.8013  37.7%  46.5   55s
 21333  4309 20204.6599   58   84 24550.9957 16245.6890  33.8%  47.0   61s
 23862  4511     cutoff   61      24550.9957 16495.7283  32.8%  48.1   66s
 26560  4720 17777.6069   59   74 24550.9957 17009.1996  30.7%  48.3   71s
 29261  4802 22273.2440   61   71 24550.9957 17747.1939  27.7%  48.7   81s
 29292  4823 18325.1202   62  100 24550.9957 17747.1939  27.7%  48.6   85s
 29326  4845 19355.1732   53  135 24550.9957 17747.1939  27.7%  48.6   90s
 29362  4869 18855.0137   59  137 24550.9957 17747.1939  27.7%  48.5   95s
 29406  4899 22857.0830   69  129 24550.9957 17747.1939  27.7%  48.4  100s
 29448  4927 21325.7789   67  156 24550.9957 17747.1939  27.7%  48.4  105s
 29498  4960 19224.3823   53  107 24550.9957 17747.1939  27.7%  48.3  110s
 29557  4999 20841.0496   69  207 24550.9957 17747.1939  27.7%  48.2  115s

Cutting planes:
  Learned: 5
  Gomory: 2
  Cover: 13
  Implied bound: 9
  Projected implied bound: 1
  MIR: 52
  Flow cover: 53
  GUB cover: 7
  Inf proof: 2
  Zero half: 8
  Network: 2
  RLT: 7
  Relax-and-lift: 8
  BQP: 1

Explored 29605 nodes (1447767 simplex iterations) in 120.01 seconds (72.11 work units)
Thread count was 8 (of 8 available processors)

Solution count 10: 24551 25066 28092.1 ... 38558.4

Time limit reached
Best objective 2.455099573787e+04, best bound 1.774719386783e+04, gap 27.7129%
