
Gurobi 13.0.2 (linux64, Python) logging started Sat Aug 22 17:31:59 2026

Set parameter LogToConsole to value 0
Set parameter Username
Set parameter LicenseID to value 2748191
Set parameter TimeLimit to value 120
Set parameter LogFile to value "output/bz_nbr7008_075/weighted_loss/retail_y_4__retail_v_4__retail_v_4__rolled_leftover_4/period_2/gurobi.log"
Academic license - for non-commercial use only - expires 2026-12-01
Gurobi Optimizer version 13.0.2 build v13.0.2rc1 (linux64 - "Debian GNU/Linux 13 (trixie)")

CPU model: 13th Gen Intel(R) Core(TM) i7-13700HX, instruction set [SSE2|AVX|AVX2]
Thread count: 24 physical cores, 24 logical processors, using up to 24 threads

Non-default parameters:
TimeLimit  120
LogToConsole  0

Optimize a model with 17200 rows, 11632 columns and 48235 nonzeros (Min)
Model fingerprint: 0x37eb21a4
Model has 3405 linear objective coefficients and an objective constant of 1.6234106532320002e+05
Variable types: 9476 continuous, 2156 integer (2156 binary)
Coefficient statistics:
  Matrix range     [1e-02, 8e+03]
  Objective range  [2e+01, 2e+05]
  Bounds range     [1e+00, 1e+00]
  RHS range        [4e-02, 1e+04]

Presolve removed 14284 rows and 9575 columns
Presolve time: 0.14s
Presolved: 2916 rows, 2057 columns, 14668 nonzeros
Variable types: 1330 continuous, 727 integer (727 binary)

Root relaxation: objective 2.370435e+05, 1660 iterations, 0.04 seconds (0.07 work units)

    Nodes    |    Current Node    |     Objective Bounds      |     Work
 Expl Unexpl |  Obj  Depth IntInf | Incumbent    BestBd   Gap | It/Node Time

     0     0 237043.450    0   79          - 237043.450      -     -    0s
H    0     0                    542909.03491 237291.064  56.3%     -    0s
     0     0 237291.064    0  101 542909.035 237291.064  56.3%     -    0s
H    0     0                    517234.26691 237291.133  54.1%     -    0s
H    0     0                    511332.62301 237291.133  53.6%     -    0s
     0     0 238557.180    0   67 511332.623 238557.180  53.3%     -    0s
     0     0 238557.180    0   64 511332.623 238557.180  53.3%     -    0s
H    0     0                    510953.49441 238557.421  53.3%     -    0s
H    0     0                    507505.23795 238557.421  53.0%     -    0s
     0     0 239820.805    0   52 507505.238 239820.805  52.7%     -    0s
     0     0 249216.181    0   53 507505.238 249216.181  50.9%     -    0s
     0     0 249636.352    0   57 507505.238 249636.352  50.8%     -    0s
     0     0 249636.352    0   57 507505.238 249636.352  50.8%     -    0s
     0     0 285266.117    0  121 507505.238 285266.117  43.8%     -    0s
     0     0 285672.500    0   67 507505.238 285672.500  43.7%     -    0s
     0     0 286100.026    0   58 507505.238 286100.026  43.6%     -    0s
     0     0 286100.026    0   59 507505.238 286100.026  43.6%     -    0s
H    0     0                    346167.69771 286100.026  17.4%     -    0s
H    0     0                    345220.91536 286100.026  17.1%     -    0s
     0     0 287482.930    0   88 345220.915 287482.930  16.7%     -    0s
     0     0 287482.931    0  126 345220.915 287482.931  16.7%     -    0s
     0     0 287482.931    0  127 345220.915 287482.931  16.7%     -    0s
H    0     0                    338378.87581 287845.495  14.9%     -    0s
H    0     0                    336940.17988 287845.495  14.6%     -    0s
     0     0 287845.495    0   52 336940.180 287845.495  14.6%     -    0s
     0     0 287845.495    0   53 336940.180 287845.495  14.6%     -    0s
     0     0 287845.585    0   41 336940.180 287845.585  14.6%     -    0s
     0     0 287846.140    0   59 336940.180 287846.140  14.6%     -    0s
     0     0 287846.999    0   59 336940.180 287846.999  14.6%     -    0s
     0     0 287847.246    0   74 336940.180 287847.246  14.6%     -    0s
     0     0 287847.249    0  101 336940.180 287847.249  14.6%     -    0s
     0     0 287847.253    0  101 336940.180 287847.253  14.6%     -    0s
     0     0 287847.253    0  101 336940.180 287847.253  14.6%     -    0s
     0     0 287847.253    0  101 336940.180 287847.253  14.6%     -    0s
H    0     0                    334545.33614 287847.341  14.0%     -    0s
H    0     0                    334299.07929 287847.341  13.9%     -    0s
     0     0 287847.341    0   41 334299.079 287847.341  13.9%     -    1s
     0     0 287847.341    0   52 334299.079 287847.341  13.9%     -    1s
     0     0 287847.341    0   74 334299.079 287847.341  13.9%     -    1s
     0     0 287847.341    0   58 334299.079 287847.341  13.9%     -    1s
     0     0 287847.341    0   57 334299.079 287847.341  13.9%     -    1s
     0     0 287847.341    0   71 334299.079 287847.341  13.9%     -    1s
     0     0 287851.384    0   48 334299.079 287851.384  13.9%     -    1s
     0     0 287851.386    0   47 334299.079 287851.386  13.9%     -    1s
     0     0 287851.543    0   53 334299.079 287851.543  13.9%     -    1s
     0     0 287851.676    0   74 334299.079 287851.676  13.9%     -    1s
     0     0 287851.925    0   81 334299.079 287851.925  13.9%     -    1s
     0     0 287851.996    0   81 334299.079 287851.996  13.9%     -    1s
     0     0 287851.996    0   81 334299.079 287851.996  13.9%     -    1s
     0     2 287852.437    0   81 334299.079 287852.437  13.9%     -    1s
  6080   295 infeasible   28      334299.079 326957.900  2.20%  40.2    5s

Cutting planes:
  Learned: 21
  Gomory: 15
  Cover: 86
  Implied bound: 121
  MIR: 108
  StrongCG: 13
  Flow cover: 71
  GUB cover: 23
  Inf proof: 5
  RLT: 25
  Relax-and-lift: 12

Explored 8041 nodes (313130 simplex iterations) in 5.76 seconds (4.00 work units)
Thread count was 24 (of 24 available processors)

Solution count 10: 334299 334299 334545 ... 511333

Optimal solution found (tolerance 1.00e-04)
Best objective 3.342990792901e+05, best bound 3.342990792901e+05, gap 0.0000%
