
Gurobi 13.0.2 (linux64, Python) logging started Thu Aug 13 23:18:22 2026

Set parameter LogToConsole to value 0
Set parameter Username
Set parameter LicenseID to value 2748191
Set parameter TimeLimit to value 120
Set parameter LogFile to value "output/bz_nbr7008_043/weighted_loss/retail_y_4__retail_v_4__rolled_leftover_2/period_5/gurobi.log"
Academic license - for non-commercial use only - expires 2026-12-01
Gurobi Optimizer version 13.0.2 build v13.0.2rc1 (linux64 - "Debian GNU/Linux 13 (trixie)")

CPU model: 13th Gen Intel(R) Core(TM) i7-13700HX, instruction set [SSE2|AVX|AVX2]
Thread count: 24 physical cores, 24 logical processors, using up to 24 threads

Non-default parameters:
TimeLimit  120
LogToConsole  0

Optimize a model with 208096 rows, 138990 columns and 730024 nonzeros (Min)
Model fingerprint: 0x7f826f2e
Model has 54660 linear objective coefficients and an objective constant of 405408.7584168
Variable types: 114544 continuous, 24446 integer (24446 binary)
Coefficient statistics:
  Matrix range     [1e-03, 1e+04]
  Objective range  [2e+01, 1e+05]
  Bounds range     [1e+00, 1e+00]
  RHS range        [1e-01, 5e+04]

Presolve removed 124153 rows and 85965 columns
Presolve time: 3.62s
Presolved: 83943 rows, 53025 columns, 846427 nonzeros
Variable types: 34459 continuous, 18566 integer (18515 binary)
Deterministic concurrent LP optimizer: primal simplex, dual simplex, and barrier
Showing barrier log only...

Root barrier log...

Ordering time: 0.43s

Barrier statistics:
 Dense cols : 31
 AA' NZ     : 7.439e+06
 Factor NZ  : 1.258e+07 (roughly 150 MB of memory)
 Factor Ops : 3.559e+09 (less than 1 second per iteration)
 Threads    : 21

                  Objective                Residual
Iter       Primal          Dual         Primal    Dual     Compl     Time
   0  -4.31144739e+09 -9.32378592e+09  3.42e+06 1.78e+02  2.97e+06     5s
   1  -2.66695480e+09 -8.65804102e+09  2.26e+06 2.30e+02  1.72e+06     5s
   2  -1.16769216e+09 -7.45722432e+09  9.48e+05 5.35e+01  7.31e+05     5s
   3  -2.91593408e+08 -4.53919570e+09  2.36e+05 6.49e-02  1.92e+05     5s
   4  -1.52428740e+07 -1.33376254e+09  2.02e+04 2.71e-10  2.12e+04     5s
   5  -6.11610598e+05 -5.12246749e+08  1.02e+04 8.37e-11  8.80e+03     6s
   6   6.80685451e+06 -2.61402165e+08  4.90e+03 1.28e-10  4.00e+03     6s
   7   1.16904337e+07 -1.29539711e+08  1.45e+03 9.23e-11  1.49e+03     6s
   8   1.20667920e+07 -5.82893089e+07  1.02e+03 3.14e-11  7.64e+02     6s
   9   1.16154088e+07 -3.56176889e+07  5.35e+02 2.00e-11  4.50e+02     6s
  10   1.12703039e+07 -2.93861794e+07  4.44e+02 1.46e-11  3.77e+02     6s
  11   9.43174370e+06 -1.56411069e+07  2.32e+02 1.11e-11  2.14e+02     6s
  12   7.45258484e+06 -8.91558876e+06  1.14e+02 1.57e-11  1.31e+02     6s
  13   5.44645849e+06 -5.32944046e+06  7.81e+01 8.58e-12  8.59e+01     6s
  14   3.81538794e+06 -3.17961250e+06  4.87e+01 9.21e-12  5.53e+01     6s
  15   2.64174266e+06 -2.22998123e+06  2.70e+01 1.37e-11  3.75e+01     6s
  16   2.45940295e+06 -1.52419952e+06  2.36e+01 1.30e-11  3.12e+01     6s
  17   2.02340100e+06 -2.87863543e+05  1.55e+01 1.94e-11  1.86e+01     6s
  18   1.86808573e+06 -9.76734445e+04  1.27e+01 1.31e-11  1.58e+01     6s
  19   1.57254916e+06  3.84279336e+05  7.43e+00 1.29e-11  9.51e+00     6s
  20   1.34142718e+06  6.46168444e+05  3.48e+00 1.29e-11  5.39e+00     6s
  21   1.26060087e+06  8.45998283e+05  2.05e+00 1.08e-11  3.20e+00     6s
  22   1.19841684e+06  9.83726504e+05  9.83e-01 1.34e-11  1.64e+00     7s
  23   1.16958444e+06  1.04766392e+06  5.30e-01 1.59e-11  9.20e-01     7s
  24   1.16351967e+06  1.05676172e+06  4.51e-01 1.36e-11  8.03e-01     7s
  25   1.15256038e+06  1.06916775e+06  2.97e-01 1.56e-11  6.17e-01     7s
  26   1.15018581e+06  1.08863057e+06  2.61e-01 1.13e-11  4.60e-01     7s
  27   1.13790467e+06  1.11091941e+06  9.29e-02 1.29e-11  1.98e-01     7s
  28   1.13556163e+06  1.11823075e+06  7.02e-02 1.44e-11  1.28e-01     7s
  29   1.13442357e+06  1.11918254e+06  6.03e-02 1.57e-11  1.13e-01     7s
  30   1.13330439e+06  1.12006845e+06  5.06e-02 1.45e-11  9.76e-02     7s
  31   1.13189832e+06  1.12281862e+06  3.88e-02 1.59e-11  6.76e-02     7s
  32   1.12924126e+06  1.12438033e+06  1.60e-02 1.22e-11  3.54e-02     7s
  33   1.12821666e+06  1.12623851e+06  7.01e-03 1.29e-11  1.45e-02     7s
  34   1.12798829e+06  1.12646813e+06  5.44e-03 1.38e-11  1.11e-02     7s
  35   1.12762773e+06  1.12672488e+06  2.95e-03 1.21e-11  6.57e-03     7s
  36   1.12745696e+06  1.12688978e+06  1.88e-03 1.22e-11  4.13e-03     7s
  37   1.12733310e+06  1.12702598e+06  1.00e-03 1.32e-11  2.24e-03     7s
  38   1.12723867e+06  1.12709532e+06  4.92e-04 1.49e-11  1.05e-03     7s
  39   1.12717704e+06  1.12712789e+06  1.51e-04 1.44e-11  3.57e-04     8s
  40   1.12714426e+06  1.12714218e+06  1.83e-06 2.05e-11  1.45e-05     8s
  41   1.12714329e+06  1.12714315e+06  9.63e-08 1.89e-11  9.37e-07     8s
  42   1.12714327e+06  1.12714324e+06  6.00e-08 1.63e-11  2.11e-07     8s
  43   1.12714326e+06  1.12714325e+06  8.25e-07 2.08e-11  3.49e-08     8s
  44   1.12714325e+06  1.12714325e+06  4.67e-07 1.45e-11  1.54e-09     8s

Barrier solved model in 44 iterations and 7.92 seconds (14.48 work units)
Optimal objective 1.12714325e+06


Root crossover log...

   45523 DPushes remaining with DInf 2.0003509e-04                 8s
       0 DPushes remaining with DInf 0.0000000e+00                 8s

     103 PPushes remaining with PInf 3.5578310e-03                 8s
       0 PPushes remaining with PInf 0.0000000e+00                 8s

  Push phase complete: Pinf 0.0000000e+00, Dinf 7.7569571e+01      8s


Root simplex log...

Iteration    Objective       Primal Inf.    Dual Inf.      Time
   30046    1.1271433e+06   0.000000e+00   7.756957e+01      8s
   30083    1.1271433e+06   0.000000e+00   0.000000e+00      8s
Crossover time: 0.39 seconds (0.59 work units)
Concurrent spin time: 0.24s

Solved with barrier
   30085    1.1271433e+06   0.000000e+00   0.000000e+00      9s

Extra simplex iterations after uncrush: 2

Root relaxation: objective 1.127143e+06, 30085 iterations, 4.71 seconds (7.17 work units)

    Nodes    |    Current Node    |     Objective Bounds      |     Work
 Expl Unexpl |  Obj  Depth IntInf | Incumbent    BestBd   Gap | It/Node Time

     0     0 1127143.25    0  350          - 1127143.25      -     -    9s
     0     0 1127162.68    0  342          - 1127162.68      -     -    9s
     0     0 1128245.64    0  350          - 1128245.64      -     -   12s
     0     0 1128247.37    0  349          - 1128247.37      -     -   12s
     0     0 1128248.65    0  348          - 1128248.65      -     -   12s
     0     0 1128276.27    0  353          - 1128276.27      -     -   12s
     0     0 1128276.36    0  353          - 1128276.36      -     -   13s
H    0     0                    4229096.0859 1128276.36  73.3%     -   13s
     0     0 1132656.83    0  360 4229096.09 1132656.83  73.2%     -   15s
     0     0 1132656.83    0  360 4229096.09 1132656.83  73.2%     -   15s
H    0     0                    3505232.8242 1132657.34  67.7%     -   16s
H    0     0                    3422439.7395 1132657.34  66.9%     -   16s
H    0     0                    3419875.7973 1132657.34  66.9%     -   16s
H    0     0                    3418593.5132 1132657.34  66.9%     -   18s
H    0     0                    3418302.0625 1132657.34  66.9%     -   18s
H    0     0                    3413048.8064 1132657.34  66.8%     -   19s
H    0     0                    3400904.0177 1132657.34  66.7%     -   19s
H    0     0                    3400827.1159 1132657.34  66.7%     -   19s
H    0     0                    3400049.8233 1132657.34  66.7%     -   19s
H    0     0                    3075831.4401 1132736.65  63.2%     -   19s
H    0     0                    2864609.8369 1132736.65  60.5%     -   19s
H    0     0                    2687183.7279 1132736.65  57.8%     -   19s
H    0     0                    2457986.0291 1132736.65  53.9%     -   19s
H    0     0                    2319069.4156 1132736.65  51.2%     -   19s
H    0     0                    2084116.2987 1132736.65  45.6%     -   19s
H    0     0                    2067982.9265 1132736.65  45.2%     -   19s
H    0     0                    2059234.0201 1132736.65  45.0%     -   19s
     0     0 1132736.65    0  369 2059234.02 1132736.65  45.0%     -   19s
H    0     0                    2044797.0552 1150298.81  43.7%     -   25s
     0     0 1150298.81    0  315 2044797.06 1150298.81  43.7%     -   25s
     0     0 1150361.03    0  284 2044797.06 1150361.03  43.7%     -   25s
H    0     0                    1851025.7490 1150361.33  37.9%     -   27s
H    0     0                    1847258.7914 1150361.33  37.7%     -   28s
H    0     0                    1833247.3700 1150361.33  37.3%     -   28s
H    0     0                    1785688.0529 1150361.33  35.6%     -   30s
H    0     0                    1784390.7431 1150361.33  35.5%     -   30s
H    0     0                    1780196.6816 1150361.33  35.4%     -   30s
H    0     0                    1775337.2495 1150361.33  35.2%     -   30s
H    0     0                    1775237.8120 1150361.33  35.2%     -   30s
H    0     0                    1771629.6365 1150361.33  35.1%     -   30s
H    0     0                    1741885.4342 1150361.33  34.0%     -   30s
H    0     0                    1702802.8573 1150361.33  32.4%     -   30s
H    0     0                    1695651.2974 1150361.33  32.2%     -   31s
H    0     0                    1695000.4003 1150361.33  32.1%     -   31s
     0     0 1150844.21    0  261 1695000.40 1150844.21  32.1%     -   32s
     0     0 1150844.21    0  262 1695000.40 1150844.21  32.1%     -   32s
     0     0 1150844.21    0  259 1695000.40 1150844.21  32.1%     -   32s
     0     0 1150844.21    0  257 1695000.40 1150844.21  32.1%     -   32s
     0     0 1150844.21    0  255 1695000.40 1150844.21  32.1%     -   32s
     0     0 1150844.21    0  253 1695000.40 1150844.21  32.1%     -   32s
     0     0 1150854.10    0  265 1695000.40 1150854.10  32.1%     -   32s
     0     0 1150857.25    0  314 1695000.40 1150857.25  32.1%     -   32s
     0     0 1161763.75    0  451 1695000.40 1161763.75  31.5%     -   38s
     0     0 1161852.52    0  461 1695000.40 1161852.52  31.5%     -   38s
     0     0 1162181.87    0  510 1695000.40 1162181.87  31.4%     -   39s
     0     0 1162388.95    0  438 1695000.40 1162388.95  31.4%     -   39s
     0     0 1162420.93    0  504 1695000.40 1162420.93  31.4%     -   40s
     0     0 1162428.14    0  512 1695000.40 1162428.14  31.4%     -   40s
     0     0 1162428.14    0  512 1695000.40 1162428.14  31.4%     -   40s
     0     0 1168222.04    0  554 1695000.40 1168222.04  31.1%     -   43s
     0     0 1168247.65    0  558 1695000.40 1168247.65  31.1%     -   43s
H    0     0                    1679650.8079 1168262.46  30.4%     -   44s
H    0     0                    1677619.5760 1168262.46  30.4%     -   44s
H    0     0                    1673565.2165 1168262.46  30.2%     -   44s
H    0     0                    1671360.0615 1168262.46  30.1%     -   44s
H    0     0                    1668858.1319 1168262.46  30.0%     -   44s
H    0     0                    1668515.5398 1168262.46  30.0%     -   44s
H    0     0                    1668507.4934 1168262.46  30.0%     -   44s
H    0     0                    1652749.8901 1168262.46  29.3%     -   44s
H    0     0                    1637191.4089 1168262.46  28.6%     -   44s
H    0     0                    1637171.5550 1168262.46  28.6%     -   45s
     0     0 1169771.80    0  511 1637171.55 1169771.80  28.5%     -   46s
     0     0 1169771.80    0  512 1637171.55 1169771.80  28.5%     -   46s
     0     0 1170195.32    0  549 1637171.55 1170195.32  28.5%     -   47s
     0     0 1170420.98    0  557 1637171.55 1170420.98  28.5%     -   47s
     0     0 1170540.85    0  587 1637171.55 1170540.85  28.5%     -   48s
     0     0 1170546.79    0  585 1637171.55 1170546.79  28.5%     -   48s
     0     0 1176948.15    0  506 1637171.55 1176948.15  28.1%     -   50s
     0     0 1178682.47    0  518 1637171.55 1178682.47  28.0%     -   51s
     0     0 1178682.47    0  518 1637171.55 1178682.47  28.0%     -   51s
     0     0 1178682.47    0  519 1637171.55 1178682.47  28.0%     -   51s
     0     0 1178806.04    0  568 1637171.55 1178806.04  28.0%     -   52s
     0     0 1178869.31    0  547 1637171.55 1178869.31  28.0%     -   52s
     0     0 1178943.92    0  539 1637171.55 1178943.92  28.0%     -   52s
     0     0 1178952.49    0  594 1637171.55 1178952.49  28.0%     -   52s
     0     0 1183968.93    0  468 1637171.55 1183968.93  27.7%     -   54s
H    0     0                    1637123.9634 1184045.28  27.7%     -   55s
H    0     0                    1632022.7882 1184045.28  27.4%     -   55s
H    0     0                    1632017.0857 1184045.28  27.4%     -   55s
H    0     0                    1617304.1403 1184045.28  26.8%     -   55s
H    0     0                    1611813.9950 1184045.28  26.5%     -   55s
H    0     0                    1611610.3301 1184045.28  26.5%     -   55s
H    0     0                    1604464.3772 1184045.28  26.2%     -   55s
H    0     0                    1600608.5857 1184045.28  26.0%     -   55s
H    0     0                    1600440.6905 1184045.28  26.0%     -   55s
H    0     0                    1599397.7312 1184045.28  26.0%     -   55s
H    0     0                    1599244.0105 1184045.28  26.0%     -   55s
H    0     0                    1594003.6353 1184045.28  25.7%     -   55s
     0     0 1184292.24    0  458 1594003.64 1184292.24  25.7%     -   56s
     0     0 1184399.32    0  473 1594003.64 1184399.32  25.7%     -   56s
     0     0 1184418.63    0  458 1594003.64 1184418.63  25.7%     -   56s
     0     0 1184421.97    0  456 1594003.64 1184421.97  25.7%     -   57s
     0     0 1189725.29    0  549 1594003.64 1189725.29  25.4%     -   60s
     0     0 1191202.26    0  511 1594003.64 1191202.26  25.3%     -   61s
     0     0 1191569.44    0  566 1594003.64 1191569.44  25.2%     -   62s
     0     0 1191626.36    0  522 1594003.64 1191626.36  25.2%     -   62s
     0     0 1191674.43    0  517 1594003.64 1191674.43  25.2%     -   62s
     0     0 1191674.89    0  518 1594003.64 1191674.89  25.2%     -   62s
     0     0 1194193.66    0  491 1594003.64 1194193.66  25.1%     -   64s
H    0     0                    1591472.8956 1194255.62  25.0%     -   65s
H    0     0                    1590673.6722 1194255.62  24.9%     -   65s
H    0     0                    1590667.5975 1194255.62  24.9%     -   66s
H    0     0                    1580633.4127 1194255.62  24.4%     -   70s
H    0     0                    1578874.9674 1194255.62  24.4%     -   75s
H    0     0                    1577661.3844 1194255.62  24.3%     -   75s
H    0     0                    1577610.3625 1194255.62  24.3%     -   76s
H    0     0                    1574058.0984 1194255.62  24.1%     -   77s
H    0     0                    1571274.7405 1194255.62  24.0%     -   78s
     0     0 1194686.27    0  529 1571274.74 1194686.27  24.0%     -   79s
     0     0 1194732.28    0  507 1571274.74 1194732.28  24.0%     -   79s
     0     0 1194759.72    0  505 1571274.74 1194759.72  24.0%     -   80s
     0     0 1194759.89    0  525 1571274.74 1194759.89  24.0%     -   80s
     0     0 1196115.46    0  547 1571274.74 1196115.46  23.9%     -   82s
     0     0 1196570.21    0  552 1571274.74 1196570.21  23.8%     -   85s
     0     0 1196590.34    0  567 1571274.74 1196590.34  23.8%     -   85s
     0     0 1196669.23    0  593 1571274.74 1196669.23  23.8%     -   86s
     0     0 1196669.69    0  595 1571274.74 1196669.69  23.8%     -   86s
     0     0 1196680.10    0  568 1571274.74 1196680.10  23.8%     -   86s
     0     0 1198550.69    0  604 1571274.74 1198550.69  23.7%     -   89s
     0     0 1198773.83    0  645 1571274.74 1198773.83  23.7%     -   90s
     0     0 1198773.83    0  623 1571274.74 1198773.83  23.7%     -   90s
     0     0 1200557.96    0  610 1571274.74 1200557.96  23.6%     -   93s
     0     0 1200557.98    0  610 1571274.74 1200557.98  23.6%     -   93s
     0     0 1200558.22    0  608 1571274.74 1200558.22  23.6%     -   93s
     0     0 1200817.71    0  586 1571274.74 1200817.71  23.6%     -   94s
     0     0 1200864.27    0  558 1571274.74 1200864.27  23.6%     -   94s
     0     0 1200866.62    0  611 1571274.74 1200866.62  23.6%     -   95s
     0     0 1201568.81    0  562 1571274.74 1201568.81  23.5%     -   97s
     0     0 1201685.43    0  632 1571274.74 1201685.43  23.5%     -   97s
     0     0 1201696.30    0  630 1571274.74 1201696.30  23.5%     -   98s
     0     0 1202310.86    0  628 1571274.74 1202310.86  23.5%     -  100s
     0     0 1202547.57    0  716 1571274.74 1202547.57  23.5%     -  101s
     0     0 1202558.86    0  674 1571274.74 1202558.86  23.5%     -  101s
     0     0 1203053.58    0  562 1571274.74 1203053.58  23.4%     -  103s
     0     0 1203562.81    0  504 1571274.74 1203562.81  23.4%     -  104s
     0     0 1203601.26    0  568 1571274.74 1203601.26  23.4%     -  104s
     0     0 1203608.73    0  625 1571274.74 1203608.73  23.4%     -  104s
     0     0 1204869.57    0  608 1571274.74 1204869.57  23.3%     -  107s
     0     0 1205070.92    0  610 1571274.74 1205070.92  23.3%     -  108s
     0     0 1205106.96    0  566 1571274.74 1205106.96  23.3%     -  108s
     0     0 1205118.48    0  594 1571274.74 1205118.48  23.3%     -  108s
     0     0 1205564.06    0  639 1571274.74 1205564.06  23.3%     -  110s
     0     0 1205875.84    0  587 1571274.74 1205875.84  23.3%     -  111s
     0     0 1205907.64    0  597 1571274.74 1205907.64  23.3%     -  111s
     0     0 1205922.01    0  616 1571274.74 1205922.01  23.3%     -  112s
     0     0 1206630.58    0  643 1571274.74 1206630.58  23.2%     -  114s
     0     0 1206630.58    0  642 1571274.74 1206630.58  23.2%     -  114s
     0     0 1206816.15    0  730 1571274.74 1206816.15  23.2%     -  115s
     0     0 1206816.15    0  729 1571274.74 1206816.15  23.2%     -  115s
     0     0 1206843.91    0  754 1571274.74 1206843.91  23.2%     -  116s
     0     0 1206843.91    0  754 1571274.74 1206843.91  23.2%     -  116s
     0     0 1206873.19    0  714 1571274.74 1206873.19  23.2%     -  116s
     0     0 1206874.02    0  737 1571274.74 1206874.02  23.2%     -  116s
     0     0 1207887.91    0  722 1571274.74 1207887.91  23.1%     -  119s
     0     0 1207974.15    0  664 1571274.74 1207974.15  23.1%     -  119s
     0     0          -    0      1571274.74 1207974.15  23.1%     -  120s

Cutting planes:
  Learned: 7
  Gomory: 37
  Cover: 161
  Implied bound: 247
  Clique: 102
  MIR: 520
  Knapsack: 10
  StrongCG: 158
  Flow cover: 165
  GUB cover: 54
  Zero half: 5
  Network: 3
  RLT: 385
  Relax-and-lift: 70
  BQP: 31

Explored 1 nodes (82098 simplex iterations) in 120.02 seconds (175.27 work units)
Thread count was 24 (of 24 available processors)

Solution count 10: 1.57127e+06 1.57406e+06 1.57761e+06 ... 1.594e+06

Time limit reached
Best objective 1.571274740538e+06, best bound 1.207974150091e+06, gap 23.1214%
