
Gurobi 13.0.2 (linux64, Python) logging started Thu Aug 13 20:10:26 2026

Set parameter LogToConsole to value 0
Set parameter Username
Set parameter LicenseID to value 2748191
Set parameter TimeLimit to value 120
Set parameter LogFile to value "output/bz_nbr7008_075/weighted_loss/retail_y_2__retail_v_2__rolled_leftover_4/period_1/gurobi.log"
Academic license - for non-commercial use only - expires 2026-12-01
Gurobi Optimizer version 13.0.2 build v13.0.2rc1 (linux64 - "Debian GNU/Linux 13 (trixie)")

CPU model: 13th Gen Intel(R) Core(TM) i7-13700HX, instruction set [SSE2|AVX|AVX2]
Thread count: 24 physical cores, 24 logical processors, using up to 24 threads

Non-default parameters:
TimeLimit  120
LogToConsole  0

Optimize a model with 11236 rows, 7524 columns and 31636 nonzeros (Min)
Model fingerprint: 0x1b696678
Model has 3080 linear objective coefficients
Variable types: 6138 continuous, 1386 integer (1386 binary)
Coefficient statistics:
  Matrix range     [1e-02, 8e+03]
  Objective range  [1e+01, 2e+05]
  Bounds range     [1e+00, 1e+00]
  RHS range        [4e-02, 2e+04]

Presolve removed 8481 rows and 5610 columns
Presolve time: 0.10s
Presolved: 2755 rows, 1914 columns, 13739 nonzeros
Variable types: 1254 continuous, 660 integer (660 binary)

Root relaxation: objective 2.039338e+05, 1840 iterations, 0.05 seconds (0.10 work units)

    Nodes    |    Current Node    |     Objective Bounds      |     Work
 Expl Unexpl |  Obj  Depth IntInf | Incumbent    BestBd   Gap | It/Node Time

     0     0 203933.770    0   71          - 203933.770      -     -    0s
H    0     0                    512839.17856 203933.770  60.2%     -    0s
H    0     0                    447031.35085 203933.770  54.4%     -    0s
H    0     0                    445150.92466 203933.770  54.2%     -    0s
     0     0 204084.709    0   83 445150.925 204084.709  54.2%     -    0s
H    0     0                    438606.62600 204088.995  53.5%     -    0s
H    0     0                    379103.69369 204088.995  46.2%     -    0s
H    0     0                    363719.28570 204088.995  43.9%     -    0s
     0     0 209274.470    0   63 363719.286 209274.470  42.5%     -    0s
H    0     0                    363677.89543 209275.393  42.5%     -    0s
     0     0 209443.796    0  112 363677.895 209443.796  42.4%     -    0s
     0     0 217763.578    0   62 363677.895 217763.578  40.1%     -    0s
     0     0 217763.578    0   62 363677.895 217763.578  40.1%     -    0s
     0     0 217796.588    0   62 363677.895 217796.588  40.1%     -    0s
H    0     0                    309319.12530 219394.274  29.1%     -    0s
     0     0 219394.274    0   87 309319.125 219394.274  29.1%     -    0s
     0     0 219394.274    0   84 309319.125 219394.274  29.1%     -    0s
H    0     0                    309303.08619 219394.444  29.1%     -    0s
H    0     0                    302778.93102 219394.444  27.5%     -    0s
     0     0 219920.380    0   89 302778.931 219920.380  27.4%     -    0s
     0     0 219957.936    0   86 302778.931 219957.936  27.4%     -    0s
     0     0 219957.990    0   88 302778.931 219957.990  27.4%     -    0s
     0     0 223941.920    0  109 302778.931 223941.920  26.0%     -    0s
H    0     0                    297816.20086 223941.920  24.8%     -    0s
H    0     0                    295994.77626 223941.920  24.3%     -    0s
     0     0 223941.920    0   97 295994.776 223941.920  24.3%     -    0s
     0     0 224545.480    0  100 295994.776 224545.480  24.1%     -    0s
     0     0 224545.480    0  100 295994.776 224545.480  24.1%     -    0s
     0     0 224853.811    0  107 295994.776 224853.811  24.0%     -    0s
     0     0 224854.229    0  107 295994.776 224854.229  24.0%     -    0s
H    0     0                    276843.57167 224854.357  18.8%     -    0s
H    0     0                    272035.18825 224854.357  17.3%     -    0s
H    0     0                    272029.81071 224854.357  17.3%     -    0s
H    0     0                    270432.77129 225213.605  16.7%     -    0s
     0     0 225656.309    0  115 270432.771 225656.309  16.6%     -    0s
     0     0 226097.003    0  105 270432.771 226097.003  16.4%     -    0s
     0     0 226097.003    0  118 270432.771 226097.003  16.4%     -    0s
     0     0 226097.003    0  104 270432.771 226097.003  16.4%     -    0s
     0     0 226097.003    0  102 270432.771 226097.003  16.4%     -    0s
     0     0 226583.248    0   84 270432.771 226583.248  16.2%     -    0s
     0     0 226654.566    0  100 270432.771 226654.566  16.2%     -    0s
H    0     0                    269708.95028 226654.566  16.0%     -    0s
     0     0 227266.400    0   96 269708.950 227266.400  15.7%     -    0s
     0     0 227859.765    0   90 269708.950 227859.765  15.5%     -    0s
     0     0 228011.455    0  102 269708.950 228011.455  15.5%     -    0s
     0     0 228053.961    0  102 269708.950 228053.961  15.4%     -    0s
     0     0 228060.802    0  113 269708.950 228060.802  15.4%     -    0s
     0     0 228708.473    0  109 269708.950 228708.473  15.2%     -    0s
     0     0 228821.630    0  107 269708.950 228821.630  15.2%     -    0s
     0     0 228821.630    0  110 269708.950 228821.630  15.2%     -    0s
     0     0 229974.583    0   97 269708.950 229974.583  14.7%     -    0s
     0     0 230229.594    0  137 269708.950 230229.594  14.6%     -    1s
     0     0 230398.907    0  126 269708.950 230398.907  14.6%     -    1s
     0     0 230439.349    0  135 269708.950 230439.349  14.6%     -    1s
     0     0 230491.652    0  127 269708.950 230491.652  14.5%     -    1s
     0     0 230781.107    0  121 269708.950 230781.107  14.4%     -    1s
     0     0 230930.989    0  137 269708.950 230930.989  14.4%     -    1s
     0     0 230947.266    0  148 269708.950 230947.266  14.4%     -    1s
     0     0 230955.248    0  167 269708.950 230955.248  14.4%     -    1s
     0     0 230997.070    0  169 269708.950 230997.070  14.4%     -    1s
     0     0 230999.525    0  171 269708.950 230999.525  14.4%     -    1s
     0     0 231086.274    0  178 269708.950 231086.274  14.3%     -    1s
     0     0 231118.729    0  177 269708.950 231118.729  14.3%     -    1s
     0     0 231285.511    0  133 269708.950 231285.511  14.2%     -    1s
H    0     0                    267898.07446 231304.121  13.7%     -    1s
H    0     0                    266337.64360 231331.116  13.1%     -    1s
     0     0 231331.203    0  138 266337.644 231331.203  13.1%     -    1s
     0     0 231383.894    0  151 266337.644 231383.894  13.1%     -    1s
     0     0 231410.300    0  135 266337.644 231410.300  13.1%     -    1s
     0     0 231418.036    0  138 266337.644 231418.036  13.1%     -    1s
     0     0 231671.307    0  144 266337.644 231671.307  13.0%     -    1s
     0     0 231748.039    0  145 266337.644 231748.039  13.0%     -    1s
     0     0 231748.039    0  144 266337.644 231748.039  13.0%     -    1s
     0     0 231749.887    0  166 266337.644 231749.887  13.0%     -    1s
     0     0 231942.865    0  150 266337.644 231942.865  12.9%     -    1s
     0     0 232022.968    0  162 266337.644 232022.968  12.9%     -    1s
     0     0 232034.476    0  162 266337.644 232034.476  12.9%     -    1s
     0     0 232034.476    0  161 266337.644 232034.476  12.9%     -    1s
     0     0 232751.575    0  158 266337.644 232751.575  12.6%     -    1s
     0     0 233051.444    0  157 266337.644 233051.444  12.5%     -    1s
     0     0 233075.296    0  148 266337.644 233075.296  12.5%     -    1s
     0     0 233077.335    0  148 266337.644 233077.335  12.5%     -    1s
     0     0 233082.858    0  153 266337.644 233082.858  12.5%     -    1s
     0     0 233116.273    0  143 266337.644 233116.273  12.5%     -    1s
     0     0 233119.738    0  159 266337.644 233119.738  12.5%     -    1s
     0     0 233123.584    0  180 266337.644 233123.584  12.5%     -    2s
H    0     0                    265936.72270 233125.736  12.3%     -    2s
H    0     0                    265925.74238 233125.736  12.3%     -    2s
     0     0 233125.736    0  181 265925.742 233125.736  12.3%     -    2s
     0     0 233125.736    0  180 265925.742 233125.736  12.3%     -    2s
     0     0 233134.080    0  177 265925.742 233134.080  12.3%     -    2s
     0     0 233134.080    0  177 265925.742 233134.080  12.3%     -    2s
     0     0 233134.080    0  172 265925.742 233134.080  12.3%     -    2s
H    0     0                    261142.26317 233140.690  10.7%     -    2s
     0     2 233140.690    0  172 261142.263 233140.690  10.7%     -    2s
H    7    16                    259730.62949 240550.518  7.38%   322    2s
H  429   255                    253042.98573 245266.412  3.07%   187    3s
H  639   266                    253037.60819 245561.977  2.95%   168    3s
H  655   266                    253029.06184 246470.205  2.59%   166    3s
H 3308    19                    252851.82624 251562.571  0.51%   111    4s
* 3434     0              28    252823.97846 252157.635  0.26%   108    4s

Cutting planes:
  Learned: 2
  Gomory: 17
  Cover: 95
  Implied bound: 97
  Clique: 4
  MIR: 221
  StrongCG: 31
  Flow cover: 76
  GUB cover: 25
  Inf proof: 1
  Zero half: 1
  Mod-K: 2
  Network: 2
  RLT: 39
  Relax-and-lift: 22
  BQP: 4

Explored 3452 nodes (383383 simplex iterations) in 4.81 seconds (5.56 work units)
Thread count was 24 (of 24 available processors)

Solution count 10: 252824 252852 253029 ... 266338

Optimal solution found (tolerance 1.00e-04)
Best objective 2.528239784588e+05, best bound 2.528239784588e+05, gap 0.0000%
