
Gurobi 13.0.2 (linux64, Python) logging started Wed Jun  3 19:03:44 2026

Set parameter LogToConsole to value 0
Set parameter Username
Set parameter LicenseID to value 2748191
Set parameter TimeLimit to value 600
Set parameter LogFile to value "output/bz_nbr7008_043/period_5/gurobi.log"
Academic license - for non-commercial use only - expires 2026-12-01
Gurobi Optimizer version 13.0.2 build v13.0.2rc1 (linux64 - "Debian GNU/Linux 13 (trixie)")

CPU model: 13th Gen Intel(R) Core(TM) i7-13700HX, instruction set [SSE2|AVX|AVX2]
Thread count: 24 physical cores, 24 logical processors, using up to 24 threads

Non-default parameters:
TimeLimit  600
LogToConsole  0

Optimize a model with 201049 rows, 134461 columns and 704659 nonzeros (Min)
Model fingerprint: 0xaf787b20
Model has 54290 linear objective coefficients and an objective constant of 94821.1323912
Variable types: 110812 continuous, 23649 integer (23649 binary)
Coefficient statistics:
  Matrix range     [3e-03, 1e+04]
  Objective range  [1e+01, 1e+05]
  Bounds range     [1e+00, 1e+00]
  RHS range        [1e-01, 5e+04]

Presolve removed 119469 rows and 82838 columns
Presolve time: 3.31s
Presolved: 81580 rows, 51623 columns, 814829 nonzeros
Variable types: 33775 continuous, 17848 integer (17799 binary)
Deterministic concurrent LP optimizer: primal simplex, dual simplex, and barrier
Showing barrier log only...

Root barrier log...

Ordering time: 0.42s

Barrier statistics:
 Dense cols : 27
 AA' NZ     : 7.103e+06
 Factor NZ  : 1.215e+07 (roughly 140 MB of memory)
 Factor Ops : 3.444e+09 (less than 1 second per iteration)
 Threads    : 21

                  Objective                Residual
Iter       Primal          Dual         Primal    Dual     Compl     Time
   0  -8.24404336e+09 -1.05690763e+10  3.28e+06 1.84e+02  3.36e+06     5s
   1  -5.09107062e+09 -9.81805153e+09  2.08e+06 2.62e+02  1.88e+06     5s
   2  -1.57949289e+09 -8.41090509e+09  6.29e+05 5.92e+01  5.99e+05     5s
   3  -4.51493855e+08 -4.57013809e+09  1.79e+05 2.29e-01  1.73e+05     5s
   4  -6.43837978e+07 -1.15050798e+09  2.75e+04 1.16e-10  2.67e+04     5s
   5  -9.67301844e+06 -5.38871012e+08  7.12e+03 1.50e-10  8.11e+03     5s
   6   5.77113215e+06 -1.43313597e+08  1.40e+03 7.39e-11  1.64e+03     5s
   7   6.80495793e+06 -4.46598075e+07  9.92e+02 2.23e-11  6.56e+02     5s
   8   7.70089860e+06 -2.19164734e+07  3.88e+02 1.63e-11  3.05e+02     5s
   9   7.12194039e+06 -1.40724988e+07  2.07e+02 1.38e-11  1.94e+02     5s
  10   6.54660977e+06 -9.89026316e+06  1.32e+02 1.18e-11  1.42e+02     5s
  11   5.67537925e+06 -6.68585818e+06  9.78e+01 1.23e-11  1.05e+02     5s
  12   3.45058286e+06 -4.46041606e+06  4.42e+01 1.43e-11  6.37e+01     6s
  13   2.59778166e+06 -3.20487604e+06  2.71e+01 1.63e-11  4.58e+01     6s
  14   2.37490145e+06 -1.41936364e+06  2.28e+01 9.49e-12  3.11e+01     6s
  15   1.92981863e+06  9.17963787e+03  1.44e+01 1.30e-11  1.65e+01     6s
  16   1.41264482e+06  3.79197608e+05  4.83e+00 1.49e-11  8.28e+00     6s
  17   1.32348776e+06  5.04654777e+05  3.53e+00 1.29e-11  6.50e+00     6s
  18   1.24814904e+06  7.61793300e+05  2.34e+00 1.35e-11  3.90e+00     6s
  19   1.16892734e+06  9.09285093e+05  1.12e+00 1.27e-11  2.05e+00     6s
  20   1.13595432e+06  1.01458319e+06  5.71e-01 1.47e-11  9.59e-01     6s
  21   1.12394607e+06  1.02034643e+06  4.10e-01 1.26e-11  8.04e-01     6s
  22   1.11759040e+06  1.06746932e+06  3.18e-01 1.51e-11  4.05e-01     6s
  23   1.10662407e+06  1.07883995e+06  1.69e-01 1.30e-11  2.23e-01     6s
  24   1.09826768e+06  1.08419727e+06  7.44e-02 1.14e-11  1.11e-01     6s
  25   1.09542574e+06  1.08544890e+06  4.48e-02 1.09e-11  7.73e-02     6s
  26   1.09299935e+06  1.08856431e+06  2.05e-02 1.19e-11  3.44e-02     6s
  27   1.09252941e+06  1.08939485e+06  1.63e-02 1.18e-11  2.46e-02     6s
  28   1.09182147e+06  1.08996255e+06  1.02e-02 1.01e-11  1.46e-02     6s
  29   1.09131449e+06  1.09025320e+06  5.90e-03 1.16e-11  8.37e-03     6s
  30   1.09104081e+06  1.09037087e+06  3.72e-03 1.04e-11  5.29e-03     7s
  31   1.09093448e+06  1.09040659e+06  2.90e-03 1.46e-11  4.16e-03     7s
  32   1.09070201e+06  1.09046848e+06  1.10e-03 1.21e-11  1.81e-03     7s
  33   1.09061911e+06  1.09052043e+06  5.49e-04 1.96e-11  7.79e-04     7s
  34   1.09056185e+06  1.09052743e+06  1.67e-04 1.30e-11  2.68e-04     7s
  35   1.09054081e+06  1.09053527e+06  2.71e-05 1.01e-11  4.32e-05     7s
  36   1.09053684e+06  1.09053625e+06  2.88e-06 1.36e-11  4.59e-06     7s
  37   1.09053639e+06  1.09053630e+06  1.87e-06 1.72e-11  7.55e-07     7s
  38   1.09053631e+06  1.09053630e+06  9.70e-07 1.43e-11  7.10e-08     7s
  39   1.09053630e+06  1.09053630e+06  2.03e-07 1.37e-11  1.43e-09     7s

Barrier solved model in 39 iterations and 7.09 seconds (13.35 work units)
Optimal objective 1.09053630e+06


Root crossover log...

   42601 DPushes remaining with DInf 3.5392557e-03                 7s
       0 DPushes remaining with DInf 3.5411164e+00                 7s

     128 PPushes remaining with PInf 2.2029251e-03                 7s
       0 PPushes remaining with PInf 0.0000000e+00                 7s

  Push phase complete: Pinf 0.0000000e+00, Dinf 1.7843447e+02      7s


Root simplex log...

Iteration    Objective       Primal Inf.    Dual Inf.      Time
   28831    1.0905363e+06   0.000000e+00   1.784345e+02      8s
   28848    1.0905363e+06   0.000000e+00   0.000000e+00      8s
Crossover time: 0.43 seconds (0.64 work units)
Concurrent spin time: 0.01s

Solved with barrier
   28850    1.0905363e+06   0.000000e+00   0.000000e+00      8s

Extra simplex iterations after uncrush: 2

Root relaxation: objective 1.090536e+06, 28850 iterations, 4.02 seconds (6.40 work units)

    Nodes    |    Current Node    |     Objective Bounds      |     Work
 Expl Unexpl |  Obj  Depth IntInf | Incumbent    BestBd   Gap | It/Node Time

     0     0 1090536.30    0  343          - 1090536.30      -     -    8s
     0     0 1090953.56    0  351          - 1090953.56      -     -   11s
     0     0 1090968.44    0  346          - 1090968.44      -     -   11s
H    0     0                    3955256.0197 1090968.44  72.4%     -   12s
     0     0 1092444.65    0  356 3955256.02 1092444.65  72.4%     -   13s
H    0     0                    3205208.4027 1092483.61  65.9%     -   14s
H    0     0                    3098261.0649 1092483.61  64.7%     -   14s
H    0     0                    3085859.3525 1092483.61  64.6%     -   14s
H    0     0                    3076047.9788 1092483.61  64.5%     -   15s
H    0     0                    3074442.0276 1092483.61  64.5%     -   17s
H    0     0                    3073547.9000 1092483.61  64.5%     -   17s
H    0     0                    3070575.2648 1092483.61  64.4%     -   17s
H    0     0                    3069907.6448 1092483.61  64.4%     -   18s
H    0     0                    3069329.7802 1092483.61  64.4%     -   18s
H    0     0                    2781017.0785 1092600.18  60.7%     -   18s
H    0     0                    2745542.2666 1092600.18  60.2%     -   18s
H    0     0                    2541516.1594 1092600.18  57.0%     -   18s
     0     0 1092600.18    0  366 2541516.16 1092600.18  57.0%     -   18s
     0     0 1092600.18    0  368 2541516.16 1092600.18  57.0%     -   18s
H    0     0                    2275021.5397 1092600.18  52.0%     -   21s
H    0     0                    2274484.8923 1103390.04  51.5%     -   22s
     0     0 1103390.04    0  188 2274484.89 1103390.04  51.5%     -   23s
     0     0 1103390.04    0  186 2274484.89 1103390.04  51.5%     -   23s
H    0     0                    2222205.8191 1103390.04  50.3%     -   23s
H    0     0                    2211803.2680 1103390.04  50.1%     -   23s
H    0     0                    1938618.0130 1103390.04  43.1%     -   24s
H    0     0                    1923848.6453 1103390.04  42.6%     -   24s
H    0     0                    1912975.7705 1103390.04  42.3%     -   24s
H    0     0                    1710550.3379 1103390.04  35.5%     -   24s
H    0     0                    1709538.0920 1103390.04  35.5%     -   24s
H    0     0                    1673709.3158 1103390.04  34.1%     -   24s
H    0     0                    1673013.5617 1103390.04  34.0%     -   24s
H    0     0                    1671628.8904 1103390.04  34.0%     -   24s
H    0     0                    1670482.5431 1103390.04  33.9%     -   24s
H    0     0                    1667431.9929 1103390.04  33.8%     -   24s
H    0     0                    1652804.6558 1103390.04  33.2%     -   25s
H    0     0                    1651250.7233 1103390.04  33.2%     -   25s
     0     0 1103487.44    0  185 1651250.72 1103487.44  33.2%     -   25s
     0     0 1106092.74    0  101 1651250.72 1106092.74  33.0%     -   36s
H    0     0                    1650742.4918 1106092.74  33.0%     -   37s
H    0     0                    1648180.7765 1106092.74  32.9%     -   37s
H    0     0                    1603153.7915 1106092.74  31.0%     -   38s
H    0     0                    1599985.4142 1106092.74  30.9%     -   38s
H    0     0                    1597086.2810 1106092.74  30.7%     -   38s
H    0     0                    1593517.6027 1106092.74  30.6%     -   38s
H    0     0                    1591294.9856 1106092.74  30.5%     -   39s
H    0     0                    1589522.0065 1106092.74  30.4%     -   39s
H    0     0                    1589518.8567 1106092.74  30.4%     -   39s
H    0     0                    1583299.6376 1106092.74  30.1%     -   39s
H    0     0                    1582219.3414 1106107.33  30.1%     -   41s
H    0     0                    1581781.9791 1106107.33  30.1%     -   41s
H    0     0                    1574047.6767 1106107.33  29.7%     -   41s
H    0     0                    1559451.8522 1106107.33  29.1%     -   41s
H    0     0                    1554271.4051 1106107.33  28.8%     -   41s
H    0     0                    1554066.3332 1106107.33  28.8%     -   41s
     0     0 1108799.28    0  203 1554066.33 1108799.28  28.7%     -   42s
H    0     0                    1554016.4473 1108799.54  28.6%     -   42s
H    0     0                    1551656.7957 1108799.54  28.5%     -   43s
H    0     0                    1550435.8175 1108799.54  28.5%     -   43s
H    0     0                    1547550.6611 1108799.54  28.4%     -   43s
H    0     0                    1544519.8852 1108799.54  28.2%     -   43s
H    0     0                    1543883.2870 1111402.75  28.0%     -   45s
H    0     0                    1543874.4158 1111402.75  28.0%     -   45s
H    0     0                    1540512.0741 1111402.75  27.9%     -   45s
     0     0 1111402.75    0  125 1540512.07 1111402.75  27.9%     -   45s
     0     0 1111433.66    0  120 1540512.07 1111433.66  27.9%     -   46s
     0     0 1111481.66    0  130 1540512.07 1111481.66  27.8%     -   46s
     0     0 1111591.85    0  145 1540512.07 1111591.85  27.8%     -   47s
     0     0 1111618.20    0  139 1540512.07 1111618.20  27.8%     -   47s
     0     0 1119132.91    0  247 1540512.07 1119132.91  27.4%     -   50s
     0     0 1119259.70    0  345 1540512.07 1119259.70  27.3%     -   51s
     0     0 1119385.10    0  363 1540512.07 1119385.10  27.3%     -   52s
     0     0 1119499.30    0  362 1540512.07 1119499.30  27.3%     -   53s
     0     0 1119831.84    0  362 1540512.07 1119831.84  27.3%     -   54s
     0     0 1120135.83    0  374 1540512.07 1120135.83  27.3%     -   54s
     0     0 1120136.48    0  362 1540512.07 1120136.48  27.3%     -   54s
H    0     0                    1540252.7210 1120136.48  27.3%     -   57s
H    0     0                    1540235.8008 1137582.46  26.1%     -   60s
H    0     0                    1540233.9683 1137582.46  26.1%     -   60s
     0     0 1137582.48    0  553 1540233.97 1137582.48  26.1%     -   60s
     0     0 1137582.53    0  551 1540233.97 1137582.53  26.1%     -   60s
     0     0 1137582.56    0  549 1540233.97 1137582.56  26.1%     -   60s
     0     0 1137582.59    0  549 1540233.97 1137582.59  26.1%     -   60s
     0     0 1137582.63    0  547 1540233.97 1137582.63  26.1%     -   60s
H    0     0                    1532542.0378 1137587.23  25.8%     -   61s
H    0     0                    1532390.2900 1137587.23  25.8%     -   62s
H    0     0                    1528248.0488 1139990.73  25.4%     -   64s
H    0     0                    1520814.9492 1139990.73  25.0%     -   64s
     0     0 1139990.73    0  589 1520814.95 1139990.73  25.0%     -   64s
     0     0 1140221.76    0  561 1520814.95 1140221.76  25.0%     -   65s
     0     0 1140232.47    0  582 1520814.95 1140232.47  25.0%     -   65s
     0     0 1140232.72    0  582 1520814.95 1140232.72  25.0%     -   65s
H    0     0                    1519182.5177 1149548.49  24.3%     -   71s
H    0     0                    1519106.2582 1149548.49  24.3%     -   71s
H    0     0                    1517947.6230 1149548.49  24.3%     -   71s
H    0     0                    1516908.2474 1149548.49  24.2%     -   71s
     0     0 1149548.49    0  542 1516908.25 1149548.49  24.2%     -   71s
     0     0 1149552.39    0  534 1516908.25 1149552.39  24.2%     -   71s
     0     0 1149552.39    0  532 1516908.25 1149552.39  24.2%     -   71s
     0     0 1149552.39    0  530 1516908.25 1149552.39  24.2%     -   71s
     0     0 1149552.39    0  528 1516908.25 1149552.39  24.2%     -   71s
H    0     0                    1516594.4636 1149592.89  24.2%     -   72s
     0     0 1151053.96    0  531 1516594.46 1151053.96  24.1%     -   77s
     0     0 1151258.43    0  484 1516594.46 1151258.43  24.1%     -   77s
     0     0 1151269.08    0  482 1516594.46 1151269.08  24.1%     -   77s
     0     0 1151302.44    0  516 1516594.46 1151302.44  24.1%     -   78s
     0     0 1151314.18    0  492 1516594.46 1151314.18  24.1%     -   78s
     0     0 1151319.00    0  488 1516594.46 1151319.00  24.1%     -   78s
     0     0 1156470.67    0  500 1516594.46 1156470.67  23.7%     -   80s
H    0     0                    1512745.0544 1156602.11  23.5%     -   81s
H    0     0                    1508415.9827 1156908.21  23.3%     -   82s
H    0     0                    1508226.8686 1156908.21  23.3%     -   82s
     0     0 1156908.21    0  517 1508226.87 1156908.21  23.3%     -   82s
     0     0 1157018.95    0  537 1508226.87 1157018.95  23.3%     -   83s
     0     0 1157033.54    0  569 1508226.87 1157033.54  23.3%     -   83s
     0     0 1157033.96    0  584 1508226.87 1157033.96  23.3%     -   83s
     0     0 1159476.88    0  541 1508226.87 1159476.88  23.1%     -   86s
     0     0 1160141.00    0  551 1508226.87 1160141.00  23.1%     -   87s
     0     0 1160169.52    0  556 1508226.87 1160169.52  23.1%     -   87s
     0     0 1160173.81    0  565 1508226.87 1160173.81  23.1%     -   87s
     0     0 1162834.68    0  589 1508226.87 1162834.68  22.9%     -   89s
H    0     0                    1507854.8151 1162836.36  22.9%     -   90s
     0     0 1163020.14    0  602 1507854.82 1163020.14  22.9%     -   92s
     0     0 1163036.46    0  562 1507854.82 1163036.46  22.9%     -   92s
     0     0 1163046.08    0  555 1507854.82 1163046.08  22.9%     -   92s
     0     0 1165709.02    0  584 1507854.82 1165709.02  22.7%     -   95s
     0     0 1165709.65    0  580 1507854.82 1165709.65  22.7%     -   95s
     0     0 1166177.34    0  604 1507854.82 1166177.34  22.7%     -   96s
     0     0 1166204.49    0  589 1507854.82 1166204.49  22.7%     -   97s
     0     0 1166205.00    0  590 1507854.82 1166205.00  22.7%     -   97s
     0     0 1167537.17    0  583 1507854.82 1167537.17  22.6%     -   99s
H    0     0                    1507052.8633 1167589.20  22.5%     -  100s
     0     0 1167891.74    0  536 1507052.86 1167891.74  22.5%     -  111s
     0     0 1167891.74    0  534 1507052.86 1167891.74  22.5%     -  111s
     0     0 1167939.78    0  525 1507052.86 1167939.78  22.5%     -  111s
     0     0 1167947.27    0  506 1507052.86 1167947.27  22.5%     -  111s
     0     0 1170836.54    0  546 1507052.86 1170836.54  22.3%     -  115s
     0     0 1170842.31    0  550 1507052.86 1170842.31  22.3%     -  115s
     0     0 1170873.00    0  549 1507052.86 1170873.00  22.3%     -  115s
     0     0 1170882.74    0  547 1507052.86 1170882.74  22.3%     -  115s
     0     0 1170884.29    0  545 1507052.86 1170884.29  22.3%     -  115s
     0     0 1170990.88    0  579 1507052.86 1170990.88  22.3%     -  116s
     0     0 1170991.50    0  589 1507052.86 1170991.50  22.3%     -  116s
     0     0 1170999.20    0  583 1507052.86 1170999.20  22.3%     -  116s
     0     0 1172140.16    0  507 1507052.86 1172140.16  22.2%     -  118s
     0     0 1172140.16    0  505 1507052.86 1172140.16  22.2%     -  118s
     0     0 1172140.16    0  503 1507052.86 1172140.16  22.2%     -  118s
     0     0 1172587.56    0  545 1507052.86 1172587.56  22.2%     -  119s
     0     0 1172591.00    0  542 1507052.86 1172591.00  22.2%     -  119s
     0     0 1172592.60    0  557 1507052.86 1172592.60  22.2%     -  119s
     0     0 1172594.73    0  555 1507052.86 1172594.73  22.2%     -  120s
     0     0 1172595.11    0  555 1507052.86 1172595.11  22.2%     -  120s
     0     0 1172595.15    0  555 1507052.86 1172595.15  22.2%     -  120s
     0     0 1172705.64    0  568 1507052.86 1172705.64  22.2%     -  120s
     0     0 1172705.75    0  556 1507052.86 1172705.75  22.2%     -  120s
     0     0 1172768.70    0  530 1507052.86 1172768.70  22.2%     -  120s
     0     0 1172775.24    0  508 1507052.86 1172775.24  22.2%     -  121s
     0     0 1173942.68    0  504 1507052.86 1173942.68  22.1%     -  122s
     0     0 1174266.00    0  557 1507052.86 1174266.00  22.1%     -  124s
     0     0 1174266.11    0  556 1507052.86 1174266.11  22.1%     -  124s
     0     0 1174266.47    0  555 1507052.86 1174266.47  22.1%     -  124s
     0     0 1174310.02    0  540 1507052.86 1174310.02  22.1%     -  125s
     0     0 1174323.72    0  555 1507052.86 1174323.72  22.1%     -  125s
H    0     0                    1505883.1438 1175147.55  22.0%     -  127s
     0     0 1175147.55    0  495 1505883.14 1175147.55  22.0%     -  127s
     0     0 1175345.96    0  533 1505883.14 1175345.96  21.9%     -  128s
     0     0 1175455.54    0  512 1505883.14 1175455.54  21.9%     -  129s
     0     0 1175465.98    0  537 1505883.14 1175465.98  21.9%     -  129s
     0     0 1176442.27    0  555 1505883.14 1176442.27  21.9%     -  132s
     0     0 1176668.72    0  520 1505883.14 1176668.72  21.9%     -  133s
     0     0 1176724.71    0  532 1505883.14 1176724.71  21.9%     -  133s
     0     0 1176750.09    0  543 1505883.14 1176750.09  21.9%     -  134s
     0     0 1176751.80    0  559 1505883.14 1176751.80  21.9%     -  134s
     0     0 1176789.10    0  552 1505883.14 1176789.10  21.9%     -  134s
     0     0 1176805.92    0  555 1505883.14 1176805.92  21.9%     -  135s
     0     0 1177310.42    0  526 1505883.14 1177310.42  21.8%     -  137s
     0     0 1177310.42    0  525 1505883.14 1177310.42  21.8%     -  137s
H    0     0                    1505329.2935 1177310.55  21.8%     -  137s
H    0     0                    1505033.2193 1177310.55  21.8%     -  138s
H    0     0                    1498418.4323 1177388.06  21.4%     -  139s
H    0     0                    1498241.6331 1177388.06  21.4%     -  139s
H    0     0                    1496848.5662 1177388.06  21.3%     -  139s
     0     0 1177388.06    0  558 1496848.57 1177388.06  21.3%     -  139s
     0     0 1177417.96    0  529 1496848.57 1177417.96  21.3%     -  140s
     0     0 1177418.34    0  525 1496848.57 1177418.34  21.3%     -  140s
     0     0 1177458.94    0  530 1496848.57 1177458.94  21.3%     -  141s
     0     0 1177479.49    0  631 1496848.57 1177479.49  21.3%     -  141s
     0     0 1177479.49    0  631 1496848.57 1177479.49  21.3%     -  141s
     0     0 1177479.50    0  616 1496848.57 1177479.50  21.3%     -  141s
     0     0 1177480.49    0  575 1496848.57 1177480.49  21.3%     -  141s
     0     0 1178199.28    0  534 1496848.57 1178199.28  21.3%     -  146s
     0     0 1178415.91    0  512 1496848.57 1178415.91  21.3%     -  149s
     0     0 1178431.81    0  525 1496848.57 1178431.81  21.3%     -  150s
     0     0 1178433.74    0  532 1496848.57 1178433.74  21.3%     -  150s
     0     0 1178725.04    0  513 1496848.57 1178725.04  21.3%     -  152s
     0     0 1178725.07    0  511 1496848.57 1178725.07  21.3%     -  152s
H    0     0                    1494749.7818 1178728.20  21.1%     -  153s
H    0     0                    1494549.1138 1178728.20  21.1%     -  153s
     0     0 1178924.31    0  536 1494549.11 1178924.31  21.1%     -  154s
     0     0 1178924.31    0  534 1494549.11 1178924.31  21.1%     -  154s
     0     0 1178975.19    0  528 1494549.11 1178975.19  21.1%     -  154s
     0     0 1179029.57    0  511 1494549.11 1179029.57  21.1%     -  155s
     0     0 1179116.02    0  511 1494549.11 1179116.02  21.1%     -  155s
     0     0 1179133.07    0  565 1494549.11 1179133.07  21.1%     -  155s
     0     0 1179133.30    0  575 1494549.11 1179133.30  21.1%     -  155s
     0     0 1179665.53    0  524 1494549.11 1179665.53  21.1%     -  157s
     0     0 1179739.82    0  562 1494549.11 1179739.82  21.1%     -  158s
     0     0 1179758.88    0  550 1494549.11 1179758.88  21.1%     -  158s
     0     0 1179768.15    0  551 1494549.11 1179768.15  21.1%     -  159s
     0     0 1180284.13    0  594 1494549.11 1180284.13  21.0%     -  161s
H    0     0                    1491061.8821 1180284.13  20.8%     -  162s
H    0     0                    1489870.1232 1180284.13  20.8%     -  162s
H    0     0                    1489625.5996 1180284.13  20.8%     -  163s
H    0     0                    1488706.4631 1180284.13  20.7%     -  164s
     0     0 1180473.33    0  510 1488706.46 1180473.33  20.7%     -  171s
     0     0 1180516.46    0  578 1488706.46 1180516.46  20.7%     -  171s
     0     0 1180517.33    0  557 1488706.46 1180517.33  20.7%     -  172s
     0     0 1180530.94    0  596 1488706.46 1180530.94  20.7%     -  172s
     0     0 1181209.62    0  510 1488706.46 1181209.62  20.7%     -  173s
     0     0 1181215.80    0  522 1488706.46 1181215.80  20.7%     -  174s
H    0     0                    1488359.1340 1181218.99  20.6%     -  175s
     0     0 1181283.95    0  465 1488359.13 1181283.95  20.6%     -  179s
     0     0 1181355.69    0  547 1488359.13 1181355.69  20.6%     -  180s
     0     0 1181371.13    0  498 1488359.13 1181371.13  20.6%     -  180s
     0     0 1181680.53    0  531 1488359.13 1181680.53  20.6%     -  182s
     0     0 1181680.53    0  536 1488359.13 1181680.53  20.6%     -  182s
     0     0 1181680.53    0  534 1488359.13 1181680.53  20.6%     -  182s
     0     0 1181680.60    0  536 1488359.13 1181680.60  20.6%     -  183s
     0     0 1181753.95    0  570 1488359.13 1181753.95  20.6%     -  183s
     0     0 1181767.25    0  545 1488359.13 1181767.25  20.6%     -  184s
     0     0 1181767.28    0  547 1488359.13 1181767.28  20.6%     -  184s
     0     0 1181999.35    0  458 1488359.13 1181999.35  20.6%     -  185s
     0     0 1182145.40    0  541 1488359.13 1182145.40  20.6%     -  186s
     0     0 1182263.29    0  543 1488359.13 1182263.29  20.6%     -  187s
     0     0 1182294.29    0  523 1488359.13 1182294.29  20.6%     -  187s
     0     0 1182297.49    0  547 1488359.13 1182297.49  20.6%     -  187s
     0     0 1182606.78    0  477 1488359.13 1182606.78  20.5%     -  189s
     0     0 1182781.51    0  558 1488359.13 1182781.51  20.5%     -  190s
     0     0 1182824.65    0  529 1488359.13 1182824.65  20.5%     -  191s
     0     0 1182878.09    0  526 1488359.13 1182878.09  20.5%     -  191s
     0     0 1182879.05    0  500 1488359.13 1182879.05  20.5%     -  191s
     0     0 1183211.05    0  546 1488359.13 1183211.05  20.5%     -  193s
     0     0 1183287.62    0  534 1488359.13 1183287.62  20.5%     -  194s
     0     0 1183287.63    0  532 1488359.13 1183287.63  20.5%     -  194s
     0     0 1183325.49    0  536 1488359.13 1183325.49  20.5%     -  195s
     0     0 1183328.34    0  587 1488359.13 1183328.34  20.5%     -  195s
     0     0 1184019.94    0  537 1488359.13 1184019.94  20.4%     -  197s
     0     0 1184185.28    0  552 1488359.13 1184185.28  20.4%     -  199s
     0     0 1184216.58    0  577 1488359.13 1184216.58  20.4%     -  199s
     0     0 1184231.04    0  613 1488359.13 1184231.04  20.4%     -  200s
     0     0 1184231.04    0  596 1488359.13 1184231.04  20.4%     -  200s
     0     0 1184347.06    0  602 1488359.13 1184347.06  20.4%     -  201s
     0     0 1184371.49    0  632 1488359.13 1184371.49  20.4%     -  202s
     0     0 1184381.16    0  625 1488359.13 1184381.16  20.4%     -  202s
     0     0 1184673.22    0  592 1488359.13 1184673.22  20.4%     -  205s
     0     0 1184673.86    0  597 1488359.13 1184673.86  20.4%     -  205s
     0     0 1184673.87    0  597 1488359.13 1184673.87  20.4%     -  205s
     0     0 1184674.71    0  584 1488359.13 1184674.71  20.4%     -  206s
     0     0 1184798.29    0  501 1488359.13 1184798.29  20.4%     -  207s
H    0     0                    1486189.8455 1184865.65  20.3%     -  208s
H    0     0                    1485952.8183 1184865.65  20.3%     -  208s
H    0     0                    1485844.0250 1184865.65  20.3%     -  208s
     0     0 1184865.65    0  525 1485844.03 1184865.65  20.3%     -  208s
     0     0 1184876.65    0  563 1485844.03 1184876.65  20.3%     -  208s
     0     0 1185486.08    0  511 1485844.03 1185486.08  20.2%     -  211s
     0     0 1185768.53    0  562 1485844.03 1185768.53  20.2%     -  213s
     0     0 1185897.58    0  547 1485844.03 1185897.58  20.2%     -  213s
     0     0 1185919.66    0  582 1485844.03 1185919.66  20.2%     -  214s
     0     0 1185921.82    0  598 1485844.03 1185921.82  20.2%     -  214s
     0     0 1186496.19    0  540 1485844.03 1186496.19  20.1%     -  216s
H    0     0                    1485656.8431 1186502.00  20.1%     -  218s
H    0     0                    1485068.0138 1186612.11  20.1%     -  235s
H    0     0                    1484880.8319 1186612.11  20.1%     -  235s
H    0     0                    1484853.3739 1186612.11  20.1%     -  235s
H    0     0                    1483732.7512 1186612.11  20.0%     -  235s
H    0     0                    1482793.2175 1186612.11  20.0%     -  235s
H    0     0                    1482758.2495 1186612.11  20.0%     -  235s
     0     0 1186612.11    0  525 1482758.25 1186612.11  20.0%     -  235s
     0     0 1186640.86    0  538 1482758.25 1186640.86  20.0%     -  236s
     0     0 1186650.86    0  542 1482758.25 1186650.86  20.0%     -  236s
     0     0 1187191.71    0  610 1482758.25 1187191.71  19.9%     -  238s
     0     0 1187192.95    0  643 1482758.25 1187192.95  19.9%     -  239s
     0     0 1187318.54    0  582 1482758.25 1187318.54  19.9%     -  241s
     0     0 1187450.71    0  591 1482758.25 1187450.71  19.9%     -  242s
     0     0 1187450.82    0  602 1482758.25 1187450.82  19.9%     -  242s
     0     0 1187484.49    0  487 1482758.25 1187484.49  19.9%     -  244s
     0     0 1187488.50    0  562 1482758.25 1187488.50  19.9%     -  244s
     0     0 1187727.93    0  485 1482758.25 1187727.93  19.9%     -  246s
     0     0 1187844.02    0  490 1482758.25 1187844.02  19.9%     -  248s
     0     0 1187912.83    0  488 1482758.25 1187912.83  19.9%     -  249s
     0     0 1187933.19    0  449 1482758.25 1187933.19  19.9%     -  249s
     0     0 1187942.37    0  451 1482758.25 1187942.37  19.9%     -  250s
     0     0 1188205.39    0  551 1482758.25 1188205.39  19.9%     -  252s
H    0     0                    1482114.6746 1188326.63  19.8%     -  253s
     0     0 1188326.63    0  516 1482114.67 1188326.63  19.8%     -  253s
     0     0 1188340.71    0  496 1482114.67 1188340.71  19.8%     -  254s
     0     0 1188508.89    0  578 1482114.67 1188508.89  19.8%     -  256s
     0     0 1188551.32    0  628 1482114.67 1188551.32  19.8%     -  257s
     0     0 1188568.30    0  564 1482114.67 1188568.30  19.8%     -  258s
     0     0 1188777.85    0  596 1482114.67 1188777.85  19.8%     -  260s
H    0     0                    1482114.6048 1188777.85  19.8%     -  292s
H    0     0                    1481775.0374 1188818.47  19.8%     -  302s
H    0     0                    1481408.5952 1188818.47  19.8%     -  302s
H    0     0                    1481255.9328 1188818.47  19.7%     -  302s
     0     0 1188818.47    0  640 1481255.93 1188818.47  19.7%     -  302s
     0     0 1188818.49    0  639 1481255.93 1188818.49  19.7%     -  302s
     0     0 1188818.52    0  638 1481255.93 1188818.52  19.7%     -  302s
     0     0 1188845.43    0  601 1481255.93 1188845.43  19.7%     -  303s
     0     0 1188852.87    0  561 1481255.93 1188852.87  19.7%     -  304s
H    0     0                    1480303.0782 1189070.85  19.7%     -  307s
     0     0 1189070.85    0  613 1480303.08 1189070.85  19.7%     -  307s
     0     0 1189261.49    0  536 1480303.08 1189261.49  19.7%     -  308s
     0     0 1189302.03    0  533 1480303.08 1189302.03  19.7%     -  309s
     0     0 1189335.33    0  574 1480303.08 1189335.33  19.7%     -  309s
     0     0 1189335.34    0  564 1480303.08 1189335.34  19.7%     -  309s
     0     0 1189349.75    0  563 1480303.08 1189349.75  19.7%     -  310s
     0     0 1189616.38    0  539 1480303.08 1189616.38  19.6%     -  312s
     0     0 1189616.47    0  522 1480303.08 1189616.47  19.6%     -  312s
     0     0 1189766.32    0  534 1480303.08 1189766.32  19.6%     -  313s
     0     0 1189769.23    0  496 1480303.08 1189769.23  19.6%     -  313s
     0     0 1189854.13    0  545 1480303.08 1189854.13  19.6%     -  314s
     0     0 1189861.92    0  564 1480303.08 1189861.92  19.6%     -  315s
     0     0 1190376.98    0  562 1480303.08 1190376.98  19.6%     -  317s
     0     0 1190607.45    0  597 1480303.08 1190607.45  19.6%     -  319s
     0     0 1190632.18    0  545 1480303.08 1190632.18  19.6%     -  320s
     0     0 1190690.19    0  582 1480303.08 1190690.19  19.6%     -  320s
     0     0 1190822.08    0  632 1480303.08 1190822.08  19.6%     -  322s
     0     0 1190846.98    0  635 1480303.08 1190846.98  19.6%     -  323s
     0     0 1190891.48    0  614 1480303.08 1190891.48  19.6%     -  324s
     0     0 1190931.97    0  588 1480303.08 1190931.97  19.5%     -  324s
     0     0 1190953.97    0  605 1480303.08 1190953.97  19.5%     -  325s
     0     0 1190961.32    0  613 1480303.08 1190961.32  19.5%     -  326s
     0     0 1191894.01    0  567 1480303.08 1191894.01  19.5%     -  328s
H    0     0                    1480267.2597 1192003.31  19.5%     -  330s
     0     0 1192003.31    0  549 1480267.26 1192003.31  19.5%     -  330s
     0     0 1192074.15    0  620 1480267.26 1192074.15  19.5%     -  331s
     0     0 1192141.56    0  676 1480267.26 1192141.56  19.5%     -  332s
     0     0 1192191.23    0  641 1480267.26 1192191.23  19.5%     -  333s
     0     0 1192218.30    0  607 1480267.26 1192218.30  19.5%     -  333s
     0     0 1192230.23    0  675 1480267.26 1192230.23  19.5%     -  334s
     0     0 1192331.24    0  732 1480267.26 1192331.24  19.5%     -  336s
H    0     0                    1480258.9722 1192331.24  19.5%     -  337s
     0     0 1192378.73    0  667 1480258.97 1192378.73  19.4%     -  354s
     0     0 1192394.38    0  650 1480258.97 1192394.38  19.4%     -  354s
     0     0 1192551.17    0  682 1480258.97 1192551.17  19.4%     -  356s
     0     0 1192618.04    0  669 1480258.97 1192618.04  19.4%     -  357s
     0     0 1192650.85    0  674 1480258.97 1192650.85  19.4%     -  358s
     0     0 1192691.84    0  624 1480258.97 1192691.84  19.4%     -  358s
     0     0 1192699.87    0  701 1480258.97 1192699.87  19.4%     -  359s
     0     0 1192743.21    0  635 1480258.97 1192743.21  19.4%     -  361s
     0     0 1192751.44    0  635 1480258.97 1192751.44  19.4%     -  361s
     0     0 1192751.44    0  635 1480258.97 1192751.44  19.4%     -  361s
     0     2 1192791.91    0  635 1480258.97 1192791.91  19.4%     -  381s
     3     8 1192791.91    2  584 1480258.97 1192791.91  19.4%   950  385s
H   15    32                    1480046.3139 1192791.91  19.4%  1005  396s
H   20    32                    1477641.3440 1192791.91  19.3%  1219  396s
H   31    56                    1477467.6054 1192857.43  19.3%  1365  404s
H   41    56                    1477325.1718 1192857.43  19.3%  1202  404s
    55    91 1192924.12    6  670 1477325.17 1192885.14  19.3%  1209  417s
    90   123 1193130.38    8  672 1477325.17 1192885.14  19.3%  1248  424s
   124   150 1193192.53    9  626 1477325.17 1192885.14  19.3%  1095  431s
   165   183 1193501.16   10  641 1477325.17 1192885.14  19.3%   961  440s
   200   225 1193502.03   11  612 1477325.17 1192885.14  19.3%   967  449s
H  241   225                    1477225.0449 1192885.14  19.2%   930  449s
   242   249 1193558.12   12  630 1477225.04 1192885.14  19.2%   928  457s
H  253   249                    1476787.3802 1192885.14  19.2%   903  457s
H  264   249                    1476667.5323 1192885.14  19.2%   922  457s
   266   307 1195421.91   13  559 1476667.53 1192885.14  19.2%   917  467s
   324   356 1194017.82   14  642 1476667.53 1192885.14  19.2%   870  476s
   379   375 1194106.37   18  671 1476667.53 1192885.14  19.2%   846  491s
H  394   375                    1476632.4692 1192885.14  19.2%   834  491s
   408   423 1194106.80   19  668 1476632.47 1192885.14  19.2%   818  499s
H  420   423                    1476584.3962 1192885.14  19.2%   814  499s
   458   471 1194237.75   22  666 1476584.40 1192885.14  19.2%   797  507s
   518   495 1195690.68   23  641 1476584.40 1192885.14  19.2%   760  513s
   542   525 1195725.02   24  696 1476584.40 1192885.14  19.2%   752  519s
   574   549 1195748.57   26  673 1476584.40 1192885.14  19.2%   733  524s
   598   574 1195765.28   27  668 1476584.40 1192885.14  19.2%   721  534s
   623   609 1195833.09   28  677 1476584.40 1192885.14  19.2%   719  540s
   658   639 1196010.15   30  662 1476584.40 1192885.14  19.2%   699  546s
   688   675 1196052.32   31  650 1476584.40 1192885.14  19.2%   682  554s
   724   714 1196145.87   36  672 1476584.40 1192885.14  19.2%   667  562s
   763   759 1196184.89   38  641 1476584.40 1192885.14  19.2%   651  578s
   808   804 1196267.30   40  679 1476584.40 1192885.14  19.2%   631  584s
   853   852 1196479.65   44  610 1476584.40 1192885.14  19.2%   618  592s
   901   902 1196496.36   46  618 1476584.40 1192885.14  19.2%   607  600s

Cutting planes:
  Learned: 22
  Gomory: 12
  Cover: 172
  Implied bound: 732
  Clique: 77
  MIR: 653
  Knapsack: 12
  StrongCG: 249
  Flow cover: 476
  GUB cover: 38
  Zero half: 7
  Network: 1
  RLT: 356
  Relax-and-lift: 38
  BQP: 23
  PSD: 1

Explored 951 nodes (786343 simplex iterations) in 600.06 seconds (868.97 work units)
Thread count was 24 (of 24 available processors)

Solution count 10: 1.47658e+06 1.47658e+06 1.47663e+06 ... 1.48005e+06

Time limit reached
Best objective 1.476584396173e+06, best bound 1.192885137932e+06, gap 19.2132%
