
Gurobi 13.0.2 (linux64, Python) logging started Wed Jun  3 11:34:36 2026

Set parameter LogToConsole to value 0
Set parameter Username
Set parameter LicenseID to value 2748191
Set parameter TimeLimit to value 600
Set parameter LogFile to value "output/bz_nbr7008_095/period_3/gurobi.log"
Academic license - for non-commercial use only - expires 2026-12-01
Gurobi Optimizer version 13.0.2 build v13.0.2rc1 (linux64 - "Debian GNU/Linux 13 (trixie)")

CPU model: 13th Gen Intel(R) Core(TM) i7-13700HX, instruction set [SSE2|AVX|AVX2]
Thread count: 24 physical cores, 24 logical processors, using up to 24 threads

Non-default parameters:
TimeLimit  600
LogToConsole  0

Optimize a model with 9424 rows, 6666 columns and 25004 nonzeros (Min)
Model fingerprint: 0xed47c698
Model has 2339 linear objective coefficients and an objective constant of 321874.937532
Variable types: 5392 continuous, 1274 integer (1274 binary)
Coefficient statistics:
  Matrix range     [1e-02, 1e+04]
  Objective range  [1e+01, 2e+05]
  Bounds range     [1e+00, 1e+00]
  RHS range        [1e-01, 3e+04]

Presolve removed 7280 rows and 5126 columns
Presolve time: 0.07s
Presolved: 2144 rows, 1540 columns, 8612 nonzeros
Variable types: 982 continuous, 558 integer (536 binary)

Root relaxation: objective 4.265773e+05, 1010 iterations, 0.01 seconds (0.03 work units)

    Nodes    |    Current Node    |     Objective Bounds      |     Work
 Expl Unexpl |  Obj  Depth IntInf | Incumbent    BestBd   Gap | It/Node Time

     0     0 426577.257    0   31          - 426577.257      -     -    0s
     0     0 426577.257    0   32          - 426577.257      -     -    0s
     0     0 426611.228    0   50          - 426611.228      -     -    0s
     0     0 426611.228    0   50          - 426611.228      -     -    0s
     0     0 426613.263    0   38          - 426613.263      -     -    0s
     0     0 426613.263    0   42          - 426613.263      -     -    0s
     0     0 426678.345    0   41          - 426678.345      -     -    0s
     0     0 426678.700    0   43          - 426678.700      -     -    0s
H    0     0                    939104.34128 426678.700  54.6%     -    0s
     0     0 430923.161    0   58 939104.341 430923.161  54.1%     -    0s
H    0     0                    939010.45973 431344.045  54.1%     -    0s
H    0     0                    896241.52492 431344.045  51.9%     -    0s
H    0     0                    884303.96986 431344.045  51.2%     -    0s
H    0     0                    883818.37567 431344.045  51.2%     -    0s
     0     0 433064.165    0   62 883818.376 433064.165  51.0%     -    0s
     0     0 433094.215    0   58 883818.376 433094.215  51.0%     -    0s
H    0     0                    754597.74445 433094.215  42.6%     -    0s
     0     0 433320.179    0   70 754597.744 433320.179  42.6%     -    0s
H    0     0                    721657.95769 433478.922  39.9%     -    0s
     0     0 434083.713    0   71 721657.958 434083.713  39.8%     -    0s
     0     0 434389.490    0   84 721657.958 434389.490  39.8%     -    0s
     0     0 434398.827    0   99 721657.958 434398.827  39.8%     -    0s
     0     0 434398.827    0  100 721657.958 434398.827  39.8%     -    0s
     0     0 435061.422    0   94 721657.958 435061.422  39.7%     -    0s
H    0     0                    721125.93767 435229.942  39.6%     -    0s
     0     0 435229.942    0   95 721125.938 435229.942  39.6%     -    0s
     0     0 435526.280    0   71 721125.938 435526.280  39.6%     -    0s
     0     0 435588.252    0   74 721125.938 435588.252  39.6%     -    0s
     0     0 435588.252    0   74 721125.938 435588.252  39.6%     -    0s
     0     0 473287.948    0   47 721125.938 473287.948  34.4%     -    0s
H    0     0                    720908.47921 473433.786  34.3%     -    0s
H    0     0                    687226.13678 473658.275  31.1%     -    0s
     0     0 473658.275    0   69 687226.137 473658.275  31.1%     -    0s
     0     0 473670.445    0   70 687226.137 473670.445  31.1%     -    0s
H    0     0                    686348.30018 473670.445  31.0%     -    0s
H    0     0                    683118.52594 474075.315  30.6%     -    0s
     0     0 474075.315    0   75 683118.526 474075.315  30.6%     -    0s
     0     0 474172.907    0   75 683118.526 474172.907  30.6%     -    0s
H    0     0                    681118.16302 474202.875  30.4%     -    0s
     0     0 474202.875    0   73 681118.163 474202.875  30.4%     -    0s
     0     0 474202.875    0   74 681118.163 474202.875  30.4%     -    0s
     0     0 474483.563    0   78 681118.163 474483.563  30.3%     -    0s
H    0     0                    680042.71115 474483.563  30.2%     -    0s
     0     0 474513.039    0   90 680042.711 474513.039  30.2%     -    0s
     0     0 474606.547    0   62 680042.711 474606.547  30.2%     -    0s
     0     0 474618.298    0   67 680042.711 474618.298  30.2%     -    0s
     0     0 475005.330    0   92 680042.711 475005.330  30.2%     -    0s
H    0     0                    609593.55378 475005.330  22.1%     -    0s
     0     0 475027.942    0   97 609593.554 475027.942  22.1%     -    0s
H    0     0                    594804.27393 475028.198  20.1%     -    0s
     0     0 475028.198    0   98 594804.274 475028.198  20.1%     -    0s
H    0     0                    588321.14074 475178.660  19.2%     -    0s
     0     0 475178.660    0   86 588321.141 475178.660  19.2%     -    0s
     0     0 475236.329    0   91 588321.141 475236.329  19.2%     -    0s
     0     0 475236.329    0   91 588321.141 475236.329  19.2%     -    0s
     0     0 475612.541    0   87 588321.141 475612.541  19.2%     -    0s
     0     0 475660.434    0   90 588321.141 475660.434  19.1%     -    0s
     0     0 475775.598    0   83 588321.141 475775.598  19.1%     -    0s
     0     0 475781.897    0   98 588321.141 475781.897  19.1%     -    0s
     0     0 475850.818    0   96 588321.141 475850.818  19.1%     -    0s
     0     0 475879.983    0   94 588321.141 475879.983  19.1%     -    0s
     0     0 475901.424    0  103 588321.141 475901.424  19.1%     -    0s
     0     0 475907.484    0  101 588321.141 475907.484  19.1%     -    0s
     0     0 476058.935    0  113 588321.141 476058.935  19.1%     -    0s
     0     0 476106.680    0  101 588321.141 476106.680  19.1%     -    0s
     0     0 476115.088    0  112 588321.141 476115.088  19.1%     -    0s
     0     0 476645.590    0   88 588321.141 476645.590  19.0%     -    0s
     0     0 476819.607    0   98 588321.141 476819.607  19.0%     -    0s
     0     0 476828.352    0  110 588321.141 476828.352  19.0%     -    0s
     0     0 476934.606    0  105 588321.141 476934.606  18.9%     -    0s
     0     0 476945.581    0  112 588321.141 476945.581  18.9%     -    0s
H    0     0                    576877.64995 477221.541  17.3%     -    0s
     0     0 477221.541    0  112 576877.650 477221.541  17.3%     -    0s
     0     0 477278.928    0  127 576877.650 477278.928  17.3%     -    0s
     0     0 477314.200    0  141 576877.650 477314.200  17.3%     -    0s
     0     0 477316.634    0  141 576877.650 477316.634  17.3%     -    0s
     0     0 477416.454    0  121 576877.650 477416.454  17.2%     -    0s
     0     0 477427.817    0  121 576877.650 477427.817  17.2%     -    0s
     0     0 477612.570    0  122 576877.650 477612.570  17.2%     -    0s
     0     0 477639.997    0  142 576877.650 477639.997  17.2%     -    0s
     0     0 477644.452    0  136 576877.650 477644.452  17.2%     -    0s
     0     0 477780.618    0  102 576877.650 477780.618  17.2%     -    1s
     0     0 477840.204    0  123 576877.650 477840.204  17.2%     -    1s
     0     0 477840.204    0  132 576877.650 477840.204  17.2%     -    1s
     0     0 477882.273    0  142 576877.650 477882.273  17.2%     -    1s
     0     0 477916.861    0  142 576877.650 477916.861  17.2%     -    1s
     0     0 477916.861    0  142 576877.650 477916.861  17.2%     -    1s
H    0     0                    563367.23948 477916.861  15.2%     -    1s
H    0     0                    562877.75049 477916.861  15.1%     -    1s
     0     2 477916.861    0  142 562877.750 477916.861  15.1%     -    1s
H   17    32                    560137.27767 479046.294  14.5%  55.4    1s
H   28    32                    559370.17763 480581.681  14.1%  61.6    1s
H  736   662                    558042.45602 482391.814  13.6%  30.2    1s
H  903   811                    557618.55954 482391.814  13.5%  28.8    1s
H 1954  1389                    556710.36114 485735.767  12.7%  27.8    1s
H 2205  1495                    555672.94071 486298.673  12.5%  27.9    1s
H 3297  2018                    554764.74232 488534.190  11.9%  29.0    2s
H 4059  2318                    554570.04090 488980.708  11.8%  28.4    2s
H 4059  2297                    553775.18690 488980.708  11.7%  28.4    2s
H 4088  2200                    547452.53428 488980.708  10.7%  28.2    4s
  4120  2246 488980.708   18  113 547452.534 488980.708  10.7%  29.7    5s
 19550  5506 545695.809   33   12 547452.534 494744.182  9.63%  37.7   10s
 35693  9926 545600.685   37   24 547452.534 498442.301  8.95%  40.4   15s
 51529 13316 541932.108   30  142 547452.534 502480.574  8.21%  41.9   23s
 51554 13333 542990.807   31  132 547452.534 502480.574  8.21%  41.9   25s
 51586 13354 545279.907   34  140 547452.534 502480.574  8.21%  41.9   30s
 51612 13371 545658.182   46  154 547452.534 502480.574  8.21%  41.9   35s
 51634 13386 535365.820   36  168 547452.534 502480.574  8.21%  41.8   40s
 51662 13405 540970.189   41  177 547452.534 515727.285  5.80%  41.8   45s
 51684 13419 539766.650   39  185 547452.534 518586.109  5.27%  41.8   50s
 51711 13437 537396.391   38  198 547452.534 519233.685  5.15%  41.8   55s
 51731 13451 520563.724   30  197 547452.534 520563.724  4.91%  41.8   60s
 51757 13468 521903.860   34  196 547452.534 521903.860  4.67%  41.7   65s
 52541 13677 528637.288   42   40 547452.534 521903.860  4.67%  43.6   70s
 58429 13968     cutoff   36      547452.534 521903.860  4.67%  49.1   75s
 64843 14192 infeasible   54      547452.534 521903.860  4.67%  53.3   80s
 69368 13822     cutoff   35      547452.534 521903.860  4.67%  56.1   85s
 75669 13048 534535.746   40   65 547452.534 521903.860  4.67%  58.7   90s
 84200 12445 531446.985   49   25 547452.534 523578.295  4.36%  57.7   95s
 94991 12531 531884.490   48   39 547452.534 526530.384  3.82%  56.5  100s
 106041 14231 546242.310   61    3 547452.534 528365.028  3.49%  55.3  105s
 118891 16322     cutoff   53      547452.534 530226.821  3.15%  53.9  111s
 127975 17547 539843.702   52   16 547452.534 531051.970  3.00%  52.9  116s
 136159 18758     cutoff   54      547452.534 531676.529  2.88%  52.1  120s
 149517 19830 543096.290   51    9 547452.534 532972.374  2.65%  51.2  125s
 160994 20618 545807.042   49   79 547452.534 533819.029  2.49%  50.5  130s
 173354 21432 536397.304   44   71 547452.534 534713.209  2.33%  49.9  135s
 183766 22099 537824.320   51   28 547452.534 535282.727  2.22%  49.5  140s
 196872 21908 541540.480   49   38 547452.534 536284.926  2.04%  48.9  145s
 207128 22306 infeasible   56      547452.534 536852.060  1.94%  48.4  150s
 220125 22345 544260.843   48   63 547452.534 537630.672  1.79%  48.0  155s
 230383 21760 541109.370   46   51 547452.534 538408.637  1.65%  47.6  160s
 240024 20788 546841.543   53   32 547452.534 538997.567  1.54%  47.2  165s
 250739 19624 540501.403   56   18 547452.534 539715.902  1.41%  46.9  170s
 263787 17593 545145.327   46   60 547452.534 540553.266  1.26%  46.5  175s
 276005 15871     cutoff   50      547452.534 541381.818  1.11%  46.2  181s
 286019 13470 542806.817   48   40 547452.534 542120.672  0.97%  46.0  185s
 292514 11484 544045.248   51   21 547452.534 542481.605  0.91%  45.8  190s
 306134  6748 547052.586   55   63 547452.534 543993.495  0.63%  45.4  195s
 317735   301     cutoff   45      547452.534 545595.176  0.34%  44.9  200s

Cutting planes:
  Gomory: 10
  Lift-and-project: 2
  Cover: 693
  Implied bound: 122
  Projected implied bound: 24
  Clique: 3
  MIR: 652
  StrongCG: 10
  Flow cover: 132
  GUB cover: 15
  Inf proof: 27
  Zero half: 20
  Network: 1
  RLT: 42
  Relax-and-lift: 133

Explored 320845 nodes (14334132 simplex iterations) in 200.34 seconds (232.00 work units)
Thread count was 24 (of 24 available processors)

Solution count 10: 547453 553775 554570 ... 560137

Optimal solution found (tolerance 1.00e-04)
Best objective 5.474525342788e+05, best bound 5.474525342788e+05, gap 0.0000%
