
Gurobi 13.0.2 (linux64, Python) logging started Thu Aug 13 20:51:00 2026

Set parameter LogToConsole to value 0
Set parameter Username
Set parameter LicenseID to value 2748191
Set parameter TimeLimit to value 120
Set parameter LogFile to value "output/bz_nbr7008_095/weighted_loss/retail_y_2__retail_v_4__rolled_leftover_2/period_2/gurobi.log"
Academic license - for non-commercial use only - expires 2026-12-01
Gurobi Optimizer version 13.0.2 build v13.0.2rc1 (linux64 - "Debian GNU/Linux 13 (trixie)")

CPU model: 13th Gen Intel(R) Core(TM) i7-13700HX, instruction set [SSE2|AVX|AVX2]
Thread count: 24 physical cores, 24 logical processors, using up to 24 threads

Non-default parameters:
TimeLimit  120
LogToConsole  0

Optimize a model with 9627 rows, 6813 columns and 25553 nonzeros (Min)
Model fingerprint: 0xd117fa2c
Model has 2351 linear objective coefficients and an objective constant of 189568.679772
Variable types: 5512 continuous, 1301 integer (1301 binary)
Coefficient statistics:
  Matrix range     [6e-03, 1e+04]
  Objective range  [1e+01, 1e+05]
  Bounds range     [1e+00, 1e+00]
  RHS range        [1e-01, 3e+04]

Presolve removed 7501 rows and 5295 columns
Presolve time: 0.07s
Presolved: 2126 rows, 1518 columns, 8534 nonzeros
Variable types: 972 continuous, 546 integer (524 binary)
Found heuristic solution: objective 1295389.3463

Root relaxation: objective 3.457318e+05, 851 iterations, 0.01 seconds (0.03 work units)

    Nodes    |    Current Node    |     Objective Bounds      |     Work
 Expl Unexpl |  Obj  Depth IntInf | Incumbent    BestBd   Gap | It/Node Time

     0     0 345731.802    0   17 1295389.35 345731.802  73.3%     -    0s
H    0     0                    1156209.4579 345731.802  70.1%     -    0s
H    0     0                    1115257.6791 345731.802  69.0%     -    0s
H    0     0                    655747.18435 345731.802  47.3%     -    0s
     0     0 345731.802    0   29 655747.184 345731.802  47.3%     -    0s
H    0     0                    655651.05924 345732.235  47.3%     -    0s
H    0     0                    541024.01192 345732.235  36.1%     -    0s
     0     0 345732.235    0   28 541024.012 345732.235  36.1%     -    0s
     0     0 345732.235    0   32 541024.012 345732.235  36.1%     -    0s
     0     0 345732.235    0   32 541024.012 345732.235  36.1%     -    0s
H    0     0                    537161.50146 345732.235  35.6%     -    0s
H    0     0                    530196.37533 345732.235  34.8%     -    0s
H    0     0                    524811.39910 345732.235  34.1%     -    0s
H    0     0                    523011.40516 345732.235  33.9%     -    0s
H    0     0                    519685.75119 345732.235  33.5%     -    0s
H    0     0                    519135.64954 345732.235  33.4%     -    0s
H    0     0                    508079.25634 345732.235  32.0%     -    0s
     0     0 345732.235    0   36 508079.256 345732.235  32.0%     -    0s
     0     0 345733.977    0   41 508079.256 345733.977  32.0%     -    0s
     0     0 345733.977    0   41 508079.256 345733.977  32.0%     -    0s
     0     0 345733.977    0   41 508079.256 345733.977  32.0%     -    0s
H    0     0                    507944.90861 345733.985  31.9%     -    0s
     0     0 345739.580    0   33 507944.909 345739.580  31.9%     -    0s
     0     0 345739.994    0   24 507944.909 345739.994  31.9%     -    0s
     0     0 345754.647    0   31 507944.909 345754.647  31.9%     -    0s
H    0     0                    506437.76316 345755.561  31.7%     -    0s
     0     0 345755.561    0   31 506437.763 345755.561  31.7%     -    0s
     0     0 348519.879    0   60 506437.763 348519.879  31.2%     -    0s
     0     0 348520.089    0   60 506437.763 348520.089  31.2%     -    0s
H    0     0                    505194.93200 348520.089  31.0%     -    0s
H    0     0                    494032.80872 348520.089  29.5%     -    0s
     0     0 351609.849    0   65 494032.809 351609.849  28.8%     -    0s
     0     0 355232.092    0   67 494032.809 355232.092  28.1%     -    0s
     0     0 355613.850    0   46 494032.809 355613.850  28.0%     -    0s
     0     0 355636.440    0   48 494032.809 355636.440  28.0%     -    0s
     0     0 356319.229    0   62 494032.809 356319.229  27.9%     -    0s
     0     0 356321.400    0   68 494032.809 356321.400  27.9%     -    0s
H    0     0                    493527.07202 356321.400  27.8%     -    0s
H    0     0                    492530.20759 356321.400  27.7%     -    0s
     0     0 357243.944    0   63 492530.208 357243.944  27.5%     -    0s
     0     0 357287.215    0   54 492530.208 357287.215  27.5%     -    0s
     0     0 357292.698    0   54 492530.208 357292.698  27.5%     -    0s
     0     0 357292.698    0   55 492530.208 357292.698  27.5%     -    0s
     0     0 357390.707    0   77 492530.208 357390.707  27.4%     -    0s
     0     0 357569.010    0   61 492530.208 357569.010  27.4%     -    0s
     0     0 357576.590    0   61 492530.208 357576.590  27.4%     -    0s
     0     0 358893.101    0   69 492530.208 358893.101  27.1%     -    0s
     0     0 359821.872    0   71 492530.208 359821.872  26.9%     -    0s
     0     0 361522.525    0   64 492530.208 361522.525  26.6%     -    0s
     0     0 361567.672    0   77 492530.208 361567.672  26.6%     -    0s
     0     0 361567.672    0   77 492530.208 361567.672  26.6%     -    0s
     0     0 361705.059    0   63 492530.208 361705.059  26.6%     -    0s
     0     0 361820.766    0   64 492530.208 361820.766  26.5%     -    0s
     0     0 361937.607    0   66 492530.208 361937.607  26.5%     -    0s
     0     0 362074.689    0   69 492530.208 362074.689  26.5%     -    0s
     0     0 362080.898    0   69 492530.208 362080.898  26.5%     -    0s
     0     0 362080.898    0   69 492530.208 362080.898  26.5%     -    0s
     0     0 362874.321    0   62 492530.208 362874.321  26.3%     -    0s
     0     0 362894.577    0   65 492530.208 362894.577  26.3%     -    0s
     0     0 362894.577    0   65 492530.208 362894.577  26.3%     -    0s
     0     0 362910.694    0   63 492530.208 362910.694  26.3%     -    0s
H    0     0                    475686.50229 362910.694  23.7%     -    0s
     0     0 362917.710    0   67 475686.502 362917.710  23.7%     -    0s
     0     0 362917.866    0   68 475686.502 362917.866  23.7%     -    0s
     0     0 363113.976    0   58 475686.502 363113.976  23.7%     -    0s
     0     0 363164.412    0   59 475686.502 363164.412  23.7%     -    0s
     0     0 363171.945    0   58 475686.502 363171.945  23.7%     -    0s
     0     0 363171.945    0   59 475686.502 363171.945  23.7%     -    0s
     0     0 363187.801    0   63 475686.502 363187.801  23.6%     -    0s
     0     0 363198.152    0   64 475686.502 363198.152  23.6%     -    0s
     0     0 363198.152    0   64 475686.502 363198.152  23.6%     -    0s
     0     0 363210.670    0   62 475686.502 363210.670  23.6%     -    0s
     0     0 363218.738    0   61 475686.502 363218.738  23.6%     -    0s
     0     0 363218.738    0   66 475686.502 363218.738  23.6%     -    0s
     0     0 363218.738    0   66 475686.502 363218.738  23.6%     -    0s
     0     0 363218.738    0   62 475686.502 363218.738  23.6%     -    0s
H    0     0                    474156.92523 363313.980  23.4%     -    0s
H    0     0                    471965.20877 363313.980  23.0%     -    0s
     0     2 363313.980    0   62 471965.209 363313.980  23.0%     -    0s
H   31    56                    467176.27130 363313.980  22.2%  61.2    0s
H   65    80                    456838.49077 363313.980  20.5%  57.7    1s
H  321   318                    456357.86521 363313.980  20.4%  64.6    1s
H  348   337                    452798.06825 363313.980  19.8%  66.5    1s
H  703   554                    447667.17390 363313.980  18.8%  61.6    1s
H 1804  1031                    439969.83685 363657.664  17.3%  56.0    1s
H 1858  1022                    439623.29824 363657.664  17.3%  55.8    2s
H 2717  1192                    439420.44033 364734.199  17.0%  54.8    2s
H 5299  1344                    436297.24018 366474.449  16.0%  52.9    3s
  5425  1177 366764.074   12   82 436297.240 366474.449  16.0%  52.4    5s
 13443  1619 423627.041   31   43 436297.240 423602.254  2.91%  54.0   10s
 30160  4816 431344.677   46   22 436297.240 423865.912  2.85%  50.6   15s
*40368  5709              44    432960.39947 424025.327  2.06%  49.8   17s
 49278  6092 426397.817   42   32 432960.399 424285.836  2.00%  49.4   20s
 57606  5961 infeasible   39      432960.399 424592.282  1.93%  49.3   25s
 70107  3261     cutoff   38      432960.399 425329.890  1.76%  50.4   30s
 82642  2756 429261.436   33   42 432960.399 427973.618  1.15%  50.3   35s
 96964  2342     cutoff   35      432960.399 431117.982  0.43%  50.3   40s

Cutting planes:
  Learned: 1
  Gomory: 6
  Lift-and-project: 8
  Cover: 534
  Implied bound: 133
  Projected implied bound: 24
  Clique: 2
  MIR: 424
  Mixing: 6
  StrongCG: 22
  Flow cover: 86
  GUB cover: 28
  Inf proof: 63
  Zero half: 26
  Mod-K: 3
  Network: 5
  RLT: 47
  Relax-and-lift: 50

Explored 112491 nodes (5543320 simplex iterations) in 44.74 seconds (50.95 work units)
Thread count was 24 (of 24 available processors)

Solution count 10: 432960 436297 439420 ... 467176

Optimal solution found (tolerance 1.00e-04)
Best objective 4.329603994675e+05, best bound 4.329603994675e+05, gap 0.0000%
