
Gurobi 13.0.2 (linux64, Python) logging started Sat Aug 22 16:08:37 2026

Set parameter LogToConsole to value 0
Set parameter Username
Set parameter LicenseID to value 2748191
Set parameter TimeLimit to value 120
Set parameter LogFile to value "output/bz_nbr7008_043/weighted_loss/retail_y_4__retail_v_2__retail_v_2__rolled_leftover_4/period_4/gurobi.log"
Academic license - for non-commercial use only - expires 2026-12-01
Gurobi Optimizer version 13.0.2 build v13.0.2rc1 (linux64 - "Debian GNU/Linux 13 (trixie)")

CPU model: 13th Gen Intel(R) Core(TM) i7-13700HX, instruction set [SSE2|AVX|AVX2]
Thread count: 24 physical cores, 24 logical processors, using up to 24 threads

Non-default parameters:
TimeLimit  120
LogToConsole  0

Optimize a model with 204988 rows, 137296 columns and 717662 nonzeros (Min)
Model fingerprint: 0x9ffdbec2
Model has 54520 linear objective coefficients and an objective constant of 65751.4015272
Variable types: 113144 continuous, 24152 integer (24152 binary)
Coefficient statistics:
  Matrix range     [3e-03, 1e+04]
  Objective range  [1e+01, 3e+05]
  Bounds range     [1e+00, 1e+00]
  RHS range        [1e-01, 3e+04]

Presolve removed 123666 rows and 85778 columns
Presolve time: 4.02s
Presolved: 81322 rows, 51518 columns, 818226 nonzeros
Variable types: 33721 continuous, 17797 integer (17751 binary)
Deterministic concurrent LP optimizer: primal simplex, dual simplex, and barrier
Showing barrier log only...

Root barrier log...

Ordering time: 0.65s

Barrier statistics:
 Dense cols : 41
 AA' NZ     : 7.099e+06
 Factor NZ  : 1.207e+07 (roughly 140 MB of memory)
 Factor Ops : 3.402e+09 (less than 1 second per iteration)
 Threads    : 21

                  Objective                Residual
Iter       Primal          Dual         Primal    Dual     Compl     Time
   0  -5.84974248e+09 -1.64332056e+10  2.42e+06 2.86e+02  3.96e+06     7s
   1  -3.43644001e+09 -1.46308606e+10  1.52e+06 4.15e+02  2.17e+06     7s
   2  -1.28117810e+09 -1.17438103e+10  5.29e+05 9.05e+01  7.83e+05     7s
   3  -3.34445252e+08 -5.38569117e+09  1.40e+05 1.87e+00  2.07e+05     7s
   4  -3.26522689e+07 -1.26037530e+09  1.72e+04 2.70e-10  2.69e+04     7s
   5   3.93574416e+05 -6.28323269e+08  4.61e+03 1.34e-10  8.64e+03     7s
   6   7.87520275e+06 -2.85544258e+08  1.74e+03 5.09e-11  3.33e+03     7s
   7   9.17484845e+06 -9.30375877e+07  1.21e+03 4.23e-11  1.30e+03     7s
   8   1.04233277e+07 -4.95961124e+07  5.38e+02 2.32e-11  6.41e+02     7s
   9   1.01159808e+07 -3.09326699e+07  2.53e+02 1.55e-11  3.77e+02     7s
  10   9.21345305e+06 -1.83973598e+07  1.68e+02 1.86e-11  2.45e+02     8s
  11   7.76652917e+06 -1.28812105e+07  8.45e+01 1.22e-11  1.69e+02     8s
  12   5.91859041e+06 -8.17426061e+06  4.48e+01 1.57e-11  1.11e+02     8s
  13   4.48233956e+06 -7.12974049e+06  2.71e+01 1.77e-11  8.88e+01     8s
  14   2.71563817e+06 -3.00639960e+06  1.34e+01 1.58e-11  4.38e+01     8s
  15   1.73911130e+06 -1.82731094e+06  6.49e+00 1.29e-11  2.69e+01     8s
  16   1.43046634e+06 -1.49428341e+06  4.78e+00 1.80e-11  2.20e+01     8s
  17   1.31147261e+06 -7.00627120e+05  3.96e+00 1.63e-11  1.54e+01     8s
  18   1.25471947e+06 -3.63838541e+05  3.54e+00 2.60e-11  1.25e+01     8s
  19   1.03069392e+06 -1.26507671e+04  2.04e+00 1.95e-11  8.02e+00     8s
  20   9.16128828e+05  2.07999184e+05  1.35e+00 1.94e-11  5.44e+00     8s
  21   8.05206303e+05  3.35318605e+05  6.90e-01 2.15e-11  3.54e+00     9s
  22   7.94207655e+05  3.71310082e+05  6.34e-01 3.17e-11  3.19e+00     9s
  23   7.69281607e+05  5.37237728e+05  4.83e-01 1.89e-11  1.79e+00     9s
  24   7.32414664e+05  6.21711501e+05  2.24e-01 2.96e-11  8.45e-01     9s
  25   7.06599195e+05  6.42789570e+05  6.77e-02 2.09e-11  4.69e-01     9s
  26   7.05820461e+05  6.54284195e+05  6.37e-02 2.49e-11  3.81e-01     9s
  27   7.04637155e+05  6.61720126e+05  5.59e-02 2.16e-11  3.17e-01     9s
  28   6.96046878e+05  6.77023448e+05  1.53e-02 3.04e-11  1.38e-01     9s
  29   6.92676647e+05  6.85132008e+05  6.15e-03 2.22e-11  5.47e-02     9s
  30   6.91458096e+05  6.87005374e+05  3.79e-03 2.29e-11  3.24e-02     9s
  31   6.90553383e+05  6.87934827e+05  2.23e-03 2.27e-11  1.90e-02     9s
  32   6.89765130e+05  6.88349217e+05  9.19e-04 2.93e-11  1.02e-02     9s
  33   6.89634873e+05  6.88699946e+05  7.31e-04 2.71e-11  6.78e-03     9s
  34   6.89491555e+05  6.88826097e+05  5.36e-04 2.61e-11  4.83e-03     9s
  35   6.89417153e+05  6.88875828e+05  4.33e-04 3.32e-11  3.93e-03    10s
  36   6.89319388e+05  6.88956110e+05  2.83e-04 2.19e-11  2.63e-03    10s
  37   6.89230559e+05  6.89015385e+05  1.42e-04 2.76e-11  1.55e-03    10s
  38   6.89192074e+05  6.89068447e+05  8.57e-05 3.02e-11  8.94e-04    10s
  39   6.89156271e+05  6.89111803e+05  4.21e-05 2.83e-11  3.25e-04    10s
  40   6.89119959e+05  6.89116118e+05  1.22e-06 2.89e-11  2.75e-05    10s
  41   6.89118164e+05  6.89117617e+05  1.79e-07 2.80e-11  3.91e-06    10s
  42   6.89117956e+05  6.89117849e+05  1.73e-07 2.85e-11  7.74e-07    10s
  43   6.89117861e+05  6.89117854e+05  1.49e-06 2.86e-11  4.20e-08    10s
  44   6.89117855e+05  6.89117855e+05  3.99e-08 2.42e-11  1.44e-10    10s

Barrier solved model in 44 iterations and 10.35 seconds (13.99 work units)
Optimal objective 6.89117855e+05


Root crossover log...

   45861 DPushes remaining with DInf 2.2845604e-02                10s
       0 DPushes remaining with DInf 0.0000000e+00                11s

      26 PPushes remaining with PInf 1.1194484e-03                11s
       0 PPushes remaining with PInf 0.0000000e+00                11s

  Push phase complete: Pinf 0.0000000e+00, Dinf 3.2679914e-03     11s


Root simplex log...

Iteration    Objective       Primal Inf.    Dual Inf.      Time
   32613    6.8911785e+05   0.000000e+00   3.267991e-03     11s
   32637    6.8911785e+05   0.000000e+00   0.000000e+00     11s
Crossover time: 0.60 seconds (0.64 work units)
Concurrent spin time: 0.02s

Solved with barrier
   32638    6.8911785e+05   0.000000e+00   0.000000e+00     11s

Extra simplex iterations after uncrush: 1

Root relaxation: objective 6.891179e+05, 32638 iterations, 6.34 seconds (6.97 work units)

    Nodes    |    Current Node    |     Objective Bounds      |     Work
 Expl Unexpl |  Obj  Depth IntInf | Incumbent    BestBd   Gap | It/Node Time

     0     0 689117.855    0  219          - 689117.855      -     -   11s
     0     0 689132.871    0  216          - 689132.871      -     -   11s
H    0     0                    1569883.7758 689132.871  56.1%     -   12s
H    0     0                    1448259.0975 689132.871  52.4%     -   12s
H    0     0                    1323169.8489 689132.871  47.9%     -   13s
H    0     0                    1322439.1475 689132.871  47.9%     -   13s
H    0     0                    1321658.6327 689132.871  47.9%     -   14s
H    0     0                    1315398.6512 689132.871  47.6%     -   17s
H    0     0                    1278410.4910 689132.871  46.1%     -   19s
H    0     0                    1247648.7637 689132.871  44.8%     -   20s
H    0     0                    1236326.7159 689132.871  44.3%     -   21s
H    0     0                    1229897.6530 689132.871  44.0%     -   22s
H    0     0                    1228775.1274 689132.871  43.9%     -   22s
H    0     0                    1196634.7454 689132.871  42.4%     -   22s
H    0     0                    1177125.6222 689132.871  41.5%     -   24s
H    0     0                    1176831.8656 689132.871  41.4%     -   24s
H    0     0                    1176827.3586 689132.871  41.4%     -   24s
H    0     0                    1176716.1333 689132.871  41.4%     -   24s
     0     0 689905.562    0  210 1176716.13 689905.562  41.4%     -   27s
H    0     0                    1171328.4531 689906.736  41.1%     -   28s
H    0     0                    1158558.3310 689906.736  40.5%     -   28s
H    0     0                    1149141.3752 689906.736  40.0%     -   28s
     0     0 689922.505    0  196 1149141.38 689922.505  40.0%     -   28s
     0     0 691519.466    0  191 1149141.38 691519.466  39.8%     -   30s
H    0     0                    1139892.3425 691703.431  39.3%     -   30s
H    0     0                    1134476.2016 691703.431  39.0%     -   30s
H    0     0                    1118812.1762 691703.431  38.2%     -   30s
     0     0 691703.431    0  206 1118812.18 691703.431  38.2%     -   30s
     0     0 691703.548    0  206 1118812.18 691703.548  38.2%     -   30s
     0     0 694161.405    0  220 1118812.18 694161.405  38.0%     -   33s
H    0     0                    1115786.1984 694161.490  37.8%     -   33s
H    0     0                    1111223.1420 694161.490  37.5%     -   34s
H    0     0                    1111197.7615 694161.490  37.5%     -   34s
H    0     0                    1110695.5821 694161.490  37.5%     -   36s
H    0     0                    1108285.7517 694161.490  37.4%     -   36s
     0     0 694215.196    0  196 1108285.75 694215.196  37.4%     -   36s
H    0     0                    1106788.7477 694215.196  37.3%     -   38s
     0     0 697926.591    0  209 1106788.75 697926.591  36.9%     -   40s
     0     0 698088.905    0  240 1106788.75 698088.905  36.9%     -   41s
     0     0 698089.260    0  238 1106788.75 698089.260  36.9%     -   41s
     0     0 702209.572    0  274 1106788.75 702209.572  36.6%     -   43s
     0     0 702224.003    0  280 1106788.75 702224.003  36.6%     -   43s
H    0     0                    1106785.6942 702224.545  36.6%     -   44s
H    0     0                    1095444.0400 702224.545  35.9%     -   44s
H    0     0                    1093293.1845 702224.545  35.8%     -   44s
     0     0 703200.688    0  229 1093293.18 703200.688  35.7%     -   46s
     0     0 703620.373    0  254 1093293.18 703620.373  35.6%     -   46s
     0     0 703638.036    0  290 1093293.18 703638.036  35.6%     -   47s
     0     0 703646.332    0  294 1093293.18 703646.332  35.6%     -   47s
     0     0 703657.777    0  282 1093293.18 703657.777  35.6%     -   47s
     0     0 703659.751    0  290 1093293.18 703659.751  35.6%     -   47s
     0     0 709747.953    0  355 1093293.18 709747.953  35.1%     -   51s
     0     0 709762.004    0  363 1093293.18 709762.004  35.1%     -   51s
     0     0 710098.280    0  343 1093293.18 710098.280  35.0%     -   52s
     0     0 710098.880    0  337 1093293.18 710098.880  35.0%     -   53s
     0     0 714751.737    0  270 1093293.18 714751.737  34.6%     -   55s
H    0     0                    1092470.0853 714752.389  34.6%     -   56s
H    0     0                    1091146.5817 714752.389  34.5%     -   56s
H    0     0                    1085864.7043 714752.389  34.2%     -   59s
     0     0 714945.281    0  239 1085864.70 714945.281  34.2%     -   61s
     0     0 715292.870    0  238 1085864.70 715292.870  34.1%     -   61s
     0     0 715298.598    0  244 1085864.70 715298.598  34.1%     -   61s
     0     0 715299.038    0  253 1085864.70 715299.038  34.1%     -   61s
     0     0 716102.688    0  319 1085864.70 716102.688  34.1%     -   63s
     0     0 716102.807    0  319 1085864.70 716102.807  34.1%     -   63s
     0     0 716102.825    0  327 1085864.70 716102.825  34.1%     -   63s
     0     0 716103.650    0  329 1085864.70 716103.650  34.1%     -   64s
     0     0 716103.870    0  324 1085864.70 716103.870  34.1%     -   64s
     0     0 716104.258    0  317 1085864.70 716104.258  34.1%     -   64s
     0     0 716104.351    0  317 1085864.70 716104.351  34.1%     -   64s
     0     0 716104.692    0  321 1085864.70 716104.692  34.1%     -   64s
     0     0 716104.920    0  321 1085864.70 716104.920  34.1%     -   64s
     0     0 716153.189    0  364 1085864.70 716153.189  34.0%     -   65s
     0     0 716187.970    0  337 1085864.70 716187.970  34.0%     -   65s
     0     0 716215.946    0  359 1085864.70 716215.946  34.0%     -   65s
     0     0 716217.124    0  372 1085864.70 716217.124  34.0%     -   65s
     0     0 717687.182    0  250 1085864.70 717687.182  33.9%     -   68s
     0     0 717689.592    0  249 1085864.70 717689.592  33.9%     -   68s
     0     0 717693.146    0  247 1085864.70 717693.146  33.9%     -   68s
     0     0 717698.913    0  245 1085864.70 717698.913  33.9%     -   68s
H    0     0                    1080130.9287 717699.024  33.6%     -   69s
H    0     0                    1078757.8140 717699.024  33.5%     -   70s
H    0     0                    1078672.5783 717699.024  33.5%     -   72s
H    0     0                    1068234.3746 717699.024  32.8%     -   72s
H    0     0                    1055178.3794 717699.024  32.0%     -   73s
H    0     0                    1055011.8126 717699.024  32.0%     -   73s
     0     0 718104.244    0  341 1055011.81 718104.244  31.9%     -   74s
     0     0 718246.021    0  358 1055011.81 718246.021  31.9%     -   74s
     0     0 718274.517    0  349 1055011.81 718274.517  31.9%     -   75s
     0     0 718278.421    0  386 1055011.81 718278.421  31.9%     -   75s
     0     0 719974.064    0  336 1055011.81 719974.064  31.8%     -   77s
     0     0 720633.054    0  281 1055011.81 720633.054  31.7%     -   78s
     0     0 720650.380    0  287 1055011.81 720650.380  31.7%     -   78s
     0     0 720651.105    0  276 1055011.81 720651.105  31.7%     -   78s
     0     0 722483.657    0  316 1055011.81 722483.657  31.5%     -   80s
     0     0 722492.603    0  337 1055011.81 722492.603  31.5%     -   81s
     0     0 722709.176    0  353 1055011.81 722709.176  31.5%     -   81s
     0     0 722756.605    0  363 1055011.81 722756.605  31.5%     -   81s
     0     0 722816.894    0  352 1055011.81 722816.894  31.5%     -   82s
     0     0 722824.391    0  356 1055011.81 722824.391  31.5%     -   82s
     0     0 724641.690    0  279 1055011.81 724641.690  31.3%     -   84s
     0     0 724927.854    0  352 1055011.81 724927.854  31.3%     -   85s
     0     0 725051.914    0  314 1055011.81 725051.914  31.3%     -   85s
     0     0 725125.357    0  305 1055011.81 725125.357  31.3%     -   85s
     0     0 725140.811    0  301 1055011.81 725140.811  31.3%     -   85s
     0     0 725142.951    0  294 1055011.81 725142.951  31.3%     -   85s
     0     0 725926.259    0  323 1055011.81 725926.259  31.2%     -   87s
H    0     0                    1052956.1116 725926.260  31.1%     -   88s
H    0     0                    1052124.6583 725926.260  31.0%     -   88s
H    0     0                    1050729.6761 725926.260  30.9%     -   88s
H    0     0                    1042723.0950 725926.260  30.4%     -   88s
     0     0 725995.563    0  362 1042723.09 725995.563  30.4%     -   89s
     0     0 726050.968    0  363 1042723.09 726050.968  30.4%     -   89s
     0     0 726081.101    0  346 1042723.09 726081.101  30.4%     -   89s
     0     0 726088.683    0  344 1042723.09 726088.683  30.4%     -   89s
     0     0 726098.944    0  342 1042723.09 726098.944  30.4%     -   89s
     0     0 726746.995    0  383 1042723.09 726746.995  30.3%     -   91s
     0     0 726861.373    0  418 1042723.09 726861.373  30.3%     -   91s
     0     0 726867.187    0  397 1042723.09 726867.187  30.3%     -   92s
     0     0 727567.107    0  377 1042723.09 727567.107  30.2%     -   94s
H    0     0                    1039337.0086 727587.142  30.0%     -   96s
H    0     0                    1039121.5211 727587.142  30.0%     -   96s
     0     0 727847.815    0  394 1039121.52 727847.815  30.0%     -   97s
     0     0 727924.929    0  376 1039121.52 727924.929  29.9%     -   97s
     0     0 727942.445    0  374 1039121.52 727942.445  29.9%     -   98s
     0     0 727955.428    0  349 1039121.52 727955.428  29.9%     -   98s
     0     0 727956.856    0  350 1039121.52 727956.856  29.9%     -   98s
     0     0 729243.059    0  374 1039121.52 729243.059  29.8%     -  100s
     0     0 729898.435    0  317 1039121.52 729898.435  29.8%     -  102s
     0     0 729970.714    0  285 1039121.52 729970.714  29.8%     -  102s
     0     0 730007.030    0  314 1039121.52 730007.030  29.7%     -  102s
     0     0 730030.572    0  338 1039121.52 730030.572  29.7%     -  102s
     0     0 730031.948    0  341 1039121.52 730031.948  29.7%     -  103s
     0     0 731105.815    0  410 1039121.52 731105.815  29.6%     -  104s
H    0     0                    1031017.3160 731107.208  29.1%     -  105s
     0     0 731203.688    0  353 1031017.32 731203.688  29.1%     -  106s
     0     0 731273.289    0  393 1031017.32 731273.289  29.1%     -  107s
     0     0 731297.664    0  376 1031017.32 731297.664  29.1%     -  107s
     0     0 731307.037    0  396 1031017.32 731307.037  29.1%     -  107s
     0     0 731307.466    0  398 1031017.32 731307.466  29.1%     -  108s
     0     0 733643.791    0  442 1031017.32 733643.791  28.8%     -  112s
     0     0 733830.162    0  523 1031017.32 733830.162  28.8%     -  114s
     0     0 733941.699    0  483 1031017.32 733941.699  28.8%     -  114s
     0     0 734000.964    0  491 1031017.32 734000.964  28.8%     -  114s
     0     0 734011.464    0  452 1031017.32 734011.464  28.8%     -  115s
     0     0 734033.437    0  463 1031017.32 734033.437  28.8%     -  115s
     0     0 734048.264    0  449 1031017.32 734048.264  28.8%     -  115s
     0     0 734052.074    0  469 1031017.32 734052.074  28.8%     -  115s
     0     0 737044.802    0  430 1031017.32 737044.802  28.5%     -  117s

Cutting planes:
  Learned: 3
  Gomory: 1
  Cover: 126
  Implied bound: 215
  Clique: 131
  MIR: 451
  StrongCG: 122
  Flow cover: 197
  GUB cover: 43
  Zero half: 5
  Mod-K: 1
  Network: 1
  RLT: 426
  Relax-and-lift: 90
  BQP: 30

Explored 1 nodes (71985 simplex iterations) in 120.02 seconds (143.82 work units)
Thread count was 24 (of 24 available processors)

Solution count 10: 1.03102e+06 1.03912e+06 1.03934e+06 ... 1.06823e+06

Time limit reached
Best objective 1.031017316034e+06, best bound 7.370969326053e+05, gap 28.5078%
