
Gurobi 13.0.2 (linux64, Python) logging started Sat Aug 22 14:10:25 2026

Set parameter LogToConsole to value 0
Set parameter Username
Set parameter LicenseID to value 2748191
Set parameter TimeLimit to value 120
Set parameter LogFile to value "output/bz_nbr7008_075/weighted_loss/retail_y_2__retail_v_4__retail_v_4__rolled_leftover_2/period_2/gurobi.log"
Academic license - for non-commercial use only - expires 2026-12-01
Gurobi Optimizer version 13.0.2 build v13.0.2rc1 (linux64 - "Debian GNU/Linux 13 (trixie)")

CPU model: 13th Gen Intel(R) Core(TM) i7-13700HX, instruction set [SSE2|AVX|AVX2]
Thread count: 24 physical cores, 24 logical processors, using up to 24 threads

Non-default parameters:
TimeLimit  120
LogToConsole  0

Optimize a model with 15063 rows, 10190 columns and 42250 nonzeros (Min)
Model fingerprint: 0x80f37a63
Model has 3290 linear objective coefficients and an objective constant of 1.7542889234240004e+05
Variable types: 8302 continuous, 1888 integer (1888 binary)
Coefficient statistics:
  Matrix range     [1e-02, 8e+03]
  Objective range  [1e+01, 8e+04]
  Bounds range     [1e+00, 1e+00]
  RHS range        [4e-02, 1e+04]

Presolve removed 12150 rows and 8138 columns
Presolve time: 0.14s
Presolved: 2913 rows, 2052 columns, 14657 nonzeros
Variable types: 1326 continuous, 726 integer (726 binary)

Root relaxation: objective 2.266531e+05, 1605 iterations, 0.04 seconds (0.07 work units)

    Nodes    |    Current Node    |     Objective Bounds      |     Work
 Expl Unexpl |  Obj  Depth IntInf | Incumbent    BestBd   Gap | It/Node Time

     0     0 226653.097    0   73          - 226653.097      -     -    0s
H    0     0                    514900.22938 226653.097  56.0%     -    0s
H    0     0                    506088.56745 226653.097  55.2%     -    0s
H    0     0                    505608.10423 226653.097  55.2%     -    0s
H    0     0                    483001.62510 226653.097  53.1%     -    0s
H    0     0                    460719.70152 226653.097  50.8%     -    0s
H    0     0                    432673.57732 226653.097  47.6%     -    0s
H    0     0                    418907.14293 226653.097  45.9%     -    0s
     0     0 227065.009    0   97 418907.143 227065.009  45.8%     -    0s
     0     0 228913.993    0   66 418907.143 228913.993  45.4%     -    0s
H    0     0                    401682.88552 228915.350  43.0%     -    0s
H    0     0                    399928.96726 228915.350  42.8%     -    0s
     0     0 236018.584    0   92 399928.967 236018.584  41.0%     -    0s
H    0     0                    399555.73975 236053.070  40.9%     -    0s
H    0     0                    395131.53758 236053.070  40.3%     -    0s
H    0     0                    392712.16338 236975.533  39.7%     -    0s
H    0     0                    391420.41969 236975.533  39.5%     -    0s
H    0     0                    386798.69008 236975.533  38.7%     -    0s
     0     0 236975.533    0   61 386798.690 236975.533  38.7%     -    0s
     0     0 236975.710    0   63 386798.690 236975.710  38.7%     -    0s
     0     0 237369.010    0   86 386798.690 237369.010  38.6%     -    0s
     0     0 238137.938    0   87 386798.690 238137.938  38.4%     -    0s
     0     0 238190.831    0   83 386798.690 238190.831  38.4%     -    0s
     0     0 238194.808    0   94 386798.690 238194.808  38.4%     -    0s
H    0     0                    380895.87885 238195.488  37.5%     -    0s
     0     0 238195.488    0   94 380895.879 238195.488  37.5%     -    0s
H    0     0                    380247.80420 261400.757  31.3%     -    0s
     0     0 261400.757    0   84 380247.804 261400.757  31.3%     -    0s
H    0     0                    374580.88401 263919.840  29.5%     -    0s
     0     0 263919.840    0  101 374580.884 263919.840  29.5%     -    0s
     0     0 263983.393    0   89 374580.884 263983.393  29.5%     -    0s
     0     0 263988.426    0   85 374580.884 263988.426  29.5%     -    0s
     0     0 264527.863    0   90 374580.884 264527.863  29.4%     -    0s
     0     0 264624.324    0   93 374580.884 264624.324  29.4%     -    0s
     0     0 264653.715    0   96 374580.884 264653.715  29.3%     -    0s
     0     0 265339.763    0  132 374580.884 265339.763  29.2%     -    0s
H    0     0                    364433.61719 265347.574  27.2%     -    0s
     0     0 265694.055    0   92 364433.617 265694.055  27.1%     -    0s
     0     0 265706.253    0  138 364433.617 265706.253  27.1%     -    0s
     0     0 265708.835    0  100 364433.617 265708.835  27.1%     -    0s
     0     0 266094.991    0   87 364433.617 266094.991  27.0%     -    1s
H    0     0                    358856.35916 266096.510  25.8%     -    1s
H    0     0                    357897.85879 266096.510  25.7%     -    1s
H    0     0                    354428.50715 266096.510  24.9%     -    1s
H    0     0                    336146.37376 266136.926  20.8%     -    1s
     0     0 266136.926    0  127 336146.374 266136.926  20.8%     -    1s
     0     0 266142.915    0  150 336146.374 266142.915  20.8%     -    1s
     0     0 266362.218    0  101 336146.374 266362.218  20.8%     -    1s
H    0     0                    321296.55910 266383.982  17.1%     -    1s
H    0     0                    311011.03253 266383.982  14.3%     -    1s
     0     0 266812.598    0  123 311011.033 266812.598  14.2%     -    2s
     0     0 266865.309    0  106 311011.033 266865.309  14.2%     -    2s
     0     0 266881.742    0   94 311011.033 266881.742  14.2%     -    2s
     0     0 266889.083    0  129 311011.033 266889.083  14.2%     -    2s
     0     0 268011.706    0  130 311011.033 268011.706  13.8%     -    2s
     0     0 268328.466    0  141 311011.033 268328.466  13.7%     -    2s
     0     0 268353.976    0  129 311011.033 268353.976  13.7%     -    2s
     0     0 268353.976    0  129 311011.033 268353.976  13.7%     -    2s
     0     0 268716.293    0  114 311011.033 268716.293  13.6%     -    2s
H    0     0                    304443.22085 268813.942  11.7%     -    2s
     0     0 268819.314    0  143 304443.221 268819.314  11.7%     -    2s
     0     0 268823.534    0  143 304443.221 268823.534  11.7%     -    2s
     0     0 269065.143    0  101 304443.221 269065.143  11.6%     -    2s
     0     0 269146.168    0  126 304443.221 269146.168  11.6%     -    2s
     0     0 269158.919    0  119 304443.221 269158.919  11.6%     -    2s
     0     0 269273.760    0  130 304443.221 269273.760  11.6%     -    2s
     0     0 269337.018    0  125 304443.221 269337.018  11.5%     -    2s
     0     0 269338.840    0  127 304443.221 269338.840  11.5%     -    2s
     0     0 269440.570    0  128 304443.221 269440.570  11.5%     -    2s
     0     0 269483.620    0  122 304443.221 269483.620  11.5%     -    2s
     0     0 269486.738    0  139 304443.221 269486.738  11.5%     -    3s
     0     0 269499.874    0  154 304443.221 269499.874  11.5%     -    3s
     0     0 269563.886    0  165 304443.221 269563.886  11.5%     -    3s
     0     0 269564.345    0  165 304443.221 269564.345  11.5%     -    3s
     0     0 269564.345    0  165 304443.221 269564.345  11.5%     -    3s
     0     0 269564.345    0  159 304443.221 269564.345  11.5%     -    3s
     0     2 269564.817    0  158 304443.221 269564.817  11.5%     -    3s
   813   525     cutoff    9      304443.221 277781.895  8.76%  71.4    5s
H  968   568                    302963.90782 277781.895  8.31%  67.2    5s
  5898  1693     cutoff   25      302963.908 283696.254  6.36%  55.1   10s
  9963  1755 292855.853   40   24 302963.908 284629.659  6.05%  49.7   15s

Cutting planes:
  Learned: 12
  Gomory: 8
  Cover: 44
  Implied bound: 73
  Projected implied bound: 4
  MIR: 147
  StrongCG: 9
  Flow cover: 138
  GUB cover: 27
  Inf proof: 1
  Zero half: 8
  Network: 2
  RLT: 16
  Relax-and-lift: 9

Explored 19621 nodes (757162 simplex iterations) in 18.73 seconds (13.79 work units)
Thread count was 24 (of 24 available processors)

Solution count 10: 302964 304443 311011 ... 374581

Optimal solution found (tolerance 1.00e-04)
Best objective 3.029639078213e+05, best bound 3.029639078213e+05, gap 0.0000%
