
Gurobi 13.0.2 (linux64, Python) logging started Sat Aug 22 14:03:36 2026

Set parameter LogToConsole to value 0
Set parameter Username
Set parameter LicenseID to value 2748191
Set parameter TimeLimit to value 120
Set parameter LogFile to value "output/bz_nbr7008_043/weighted_loss/retail_y_2__retail_v_4__retail_v_4__rolled_leftover_2/period_3/gurobi.log"
Academic license - for non-commercial use only - expires 2026-12-01
Gurobi Optimizer version 13.0.2 build v13.0.2rc1 (linux64 - "Debian GNU/Linux 13 (trixie)")

CPU model: 13th Gen Intel(R) Core(TM) i7-13700HX, instruction set [SSE2|AVX|AVX2]
Thread count: 24 physical cores, 24 logical processors, using up to 24 threads

Non-default parameters:
TimeLimit  120
LogToConsole  0

Optimize a model with 205579 rows, 137685 columns and 719709 nonzeros (Min)
Model fingerprint: 0x9d065824
Model has 54550 linear objective coefficients and an objective constant of 576195.5574696
Variable types: 113460 continuous, 24225 integer (24225 binary)
Coefficient statistics:
  Matrix range     [1e-02, 1e+04]
  Objective range  [1e+01, 1e+05]
  Bounds range     [1e+00, 1e+00]
  RHS range        [1e-01, 4e+04]

Presolve removed 123216 rows and 85468 columns (presolve time = 5s)...
Presolve removed 123097 rows and 85349 columns
Presolve time: 5.68s
Presolved: 82482 rows, 52336 columns, 829657 nonzeros
Variable types: 34126 continuous, 18210 integer (18163 binary)
Deterministic concurrent LP optimizer: primal simplex, dual simplex, and barrier
Showing barrier log only...

Root barrier log...

Ordering time: 0.47s

Barrier statistics:
 Dense cols : 45
 AA' NZ     : 7.167e+06
 Factor NZ  : 1.219e+07 (roughly 140 MB of memory)
 Factor Ops : 3.431e+09 (less than 1 second per iteration)
 Threads    : 21

                  Objective                Residual
Iter       Primal          Dual         Primal    Dual     Compl     Time
   0  -3.62722039e+09 -8.82908033e+09  2.90e+06 1.24e+02  2.44e+06     7s
   1  -2.11329737e+09 -8.05380557e+09  1.82e+06 2.18e+02  1.35e+06     8s
   2  -7.83280415e+08 -6.68290371e+09  6.35e+05 4.82e+01  4.86e+05     8s
   3  -1.99131158e+08 -3.13201343e+09  1.69e+05 1.23e-10  1.28e+05     8s
   4  -9.99297044e+06 -7.86657066e+08  1.93e+04 8.79e-11  1.61e+04     8s
   5   7.47715373e+06 -3.77400948e+08  5.66e+03 9.88e-11  5.39e+03     8s
   6   1.13462819e+07 -2.18521910e+08  2.53e+03 5.59e-11  2.63e+03     8s
   7   1.28447736e+07 -4.90242160e+07  1.20e+03 2.21e-11  7.49e+02     8s
   8   1.15640151e+07 -3.17102831e+07  5.77e+02 1.48e-11  4.39e+02     8s
   9   9.32574063e+06 -1.55101838e+07  2.54e+02 1.15e-11  2.23e+02     8s
  10   8.61751729e+06 -1.33808078e+07  1.92e+02 1.34e-11  1.89e+02     8s
  11   7.45251995e+06 -1.06509043e+07  1.22e+02 1.51e-11  1.48e+02     8s
  12   5.29999965e+06 -7.11243133e+06  7.35e+01 1.21e-11  9.90e+01     8s
  13   4.06781612e+06 -4.68894509e+06  5.01e+01 1.34e-11  6.93e+01     8s
  14   2.88156616e+06 -2.27859477e+06  2.92e+01 1.35e-11  4.08e+01     8s
  15   2.25041812e+06 -1.21876786e+06  1.82e+01 1.28e-11  2.74e+01     8s
  16   1.86396818e+06 -3.24027468e+04  1.17e+01 1.54e-11  1.56e+01     8s
  17   1.74367116e+06  1.07677548e+05  9.64e+00 1.28e-11  1.33e+01     9s
  18   1.59183051e+06  2.22351666e+05  6.97e+00 1.44e-11  1.10e+01     9s
  19   1.38893373e+06  5.38505681e+05  3.81e+00 1.42e-11  6.70e+00     9s
  20   1.25684123e+06  8.64062295e+05  1.86e+00 1.42e-11  3.12e+00     9s
  21   1.20399086e+06  1.00717761e+06  1.14e+00 1.20e-11  1.60e+00     9s
  22   1.16507869e+06  1.06985873e+06  6.25e-01 1.01e-11  7.83e-01     9s
  23   1.14373811e+06  1.07075573e+06  3.75e-01 1.32e-11  5.80e-01     9s
  24   1.13959786e+06  1.09010071e+06  3.26e-01 1.49e-11  4.06e-01     9s
  25   1.13211993e+06  1.10200864e+06  2.38e-01 1.77e-11  2.54e-01     9s
  26   1.11983837e+06  1.10796439e+06  8.28e-02 1.57e-11  9.78e-02     9s
  27   1.11606053e+06  1.10967880e+06  4.24e-02 2.05e-11  5.21e-02     9s
  28   1.11542973e+06  1.11032447e+06  3.61e-02 1.14e-11  4.21e-02     9s
  29   1.11502331e+06  1.11072595e+06  3.23e-02 1.37e-11  3.58e-02     9s
  30   1.11403609e+06  1.11091665e+06  2.28e-02 1.36e-11  2.59e-02     9s
  31   1.11343881e+06  1.11108649e+06  1.71e-02 1.31e-11  1.95e-02     9s
  32   1.11271201e+06  1.11133015e+06  1.04e-02 1.22e-11  1.15e-02     9s
  33   1.11244627e+06  1.11141050e+06  7.97e-03 1.04e-11  8.68e-03     9s
  34   1.11222353e+06  1.11146114e+06  5.94e-03 1.88e-11  6.41e-03    10s
  35   1.11202999e+06  1.11149229e+06  4.22e-03 1.42e-11  4.53e-03    10s
  36   1.11189911e+06  1.11149611e+06  3.16e-03 1.32e-11  3.39e-03    10s
  37   1.11182870e+06  1.11151257e+06  2.53e-03 1.14e-11  2.67e-03    10s
  38   1.11159672e+06  1.11152754e+06  4.92e-04 1.27e-11  5.73e-04    10s
  39   1.11153885e+06  1.11153557e+06  2.83e-06 1.52e-11  2.34e-05    10s
  40   1.11153759e+06  1.11153688e+06  8.15e-07 1.20e-11  5.15e-06    10s
  41   1.11153727e+06  1.11153705e+06  3.02e-07 1.41e-11  1.63e-06    10s
  42   1.11153708e+06  1.11153706e+06  3.49e-06 1.66e-11  9.38e-08    10s
  43   1.11153706e+06  1.11153706e+06  1.45e-08 3.48e-11  1.95e-10    10s

Barrier solved model in 43 iterations and 10.11 seconds (13.99 work units)
Optimal objective 1.11153706e+06


Root crossover log...

   48462 DPushes remaining with DInf 6.0731853e-04                10s
       0 DPushes remaining with DInf 0.0000000e+00                10s

      53 PPushes remaining with PInf 3.3546785e-06                10s
       0 PPushes remaining with PInf 0.0000000e+00                10s

  Push phase complete: Pinf 0.0000000e+00, Dinf 1.5769084e-01     10s


Root simplex log...

Iteration    Objective       Primal Inf.    Dual Inf.      Time
   28967    1.1115371e+06   0.000000e+00   1.576908e-01     10s
   28972    1.1115371e+06   0.000000e+00   0.000000e+00     10s
Crossover time: 0.34 seconds (0.43 work units)
Concurrent spin time: 0.20s

Solved with barrier
   28973    1.1115371e+06   0.000000e+00   0.000000e+00     11s

Extra simplex iterations after uncrush: 1

Root relaxation: objective 1.111537e+06, 28973 iterations, 4.68 seconds (6.67 work units)

    Nodes    |    Current Node    |     Objective Bounds      |     Work
 Expl Unexpl |  Obj  Depth IntInf | Incumbent    BestBd   Gap | It/Node Time

     0     0 1111537.06    0  200          - 1111537.06      -     -   11s
     0     0 1111538.63    0  196          - 1111538.63      -     -   11s
H    0     0                    2149607.6287 1111538.63  48.3%     -   20s
H    0     0                    2135562.2126 1111538.63  48.0%     -   20s
H    0     0                    2067176.7995 1111538.63  46.2%     -   20s
H    0     0                    2067167.7052 1111538.63  46.2%     -   20s
H    0     0                    2027974.7593 1111538.63  45.2%     -   21s
H    0     0                    1818119.3429 1111538.63  38.9%     -   21s
H    0     0                    1806497.7590 1111538.63  38.5%     -   21s
H    0     0                    1800504.3100 1111538.63  38.3%     -   22s
H    0     0                    1794510.8610 1111538.63  38.1%     -   23s
H    0     0                    1783785.3726 1111538.63  37.7%     -   24s
H    0     0                    1762829.6613 1111538.63  36.9%     -   24s
H    0     0                    1761243.6243 1111538.63  36.9%     -   24s
H    0     0                    1714023.5724 1111538.63  35.2%     -   24s
H    0     0                    1628706.5208 1111538.63  31.8%     -   24s
H    0     0                    1625649.8064 1111538.63  31.6%     -   24s
H    0     0                    1589178.9831 1111538.63  30.1%     -   24s
H    0     0                    1588359.1805 1111538.63  30.0%     -   24s
H    0     0                    1583375.9990 1116407.38  29.5%     -   26s
H    0     0                    1577790.9031 1116407.38  29.2%     -   26s
H    0     0                    1576023.9975 1116407.38  29.2%     -   26s
H    0     0                    1529529.8013 1116407.38  27.0%     -   26s
     0     0 1116407.38    0  173 1529529.80 1116407.38  27.0%     -   27s
     0     0 1116409.26    0  173 1529529.80 1116409.26  27.0%     -   29s
H    0     0                    1521592.3257 1116409.26  26.6%     -   29s
     0     0 1121543.78    0  209 1521592.33 1121543.78  26.3%     -   31s
H    0     0                    1520967.3945 1121544.71  26.3%     -   32s
H    0     0                    1520933.2426 1121544.71  26.3%     -   32s
H    0     0                    1519013.6573 1130118.96  25.6%     -   35s
     0     0 1130118.96    0  298 1519013.66 1130118.96  25.6%     -   36s
     0     0 1130121.62    0  282 1519013.66 1130121.62  25.6%     -   36s
     0     0 1130149.82    0  362 1519013.66 1130149.82  25.6%     -   37s
     0     0 1130152.34    0  332 1519013.66 1130152.34  25.6%     -   38s
H    0     0                    1518251.9908 1130152.34  25.6%     -   39s
H    0     0                    1514666.6357 1130152.34  25.4%     -   39s
     0     0 1135412.89    0  348 1514666.64 1135412.89  25.0%     -   41s
     0     0 1135568.01    0  323 1514666.64 1135568.01  25.0%     -   42s
     0     0 1135575.53    0  374 1514666.64 1135575.53  25.0%     -   42s
     0     0 1145112.32    0  345 1514666.64 1145112.32  24.4%     -   44s
     0     0 1145136.76    0  339 1514666.64 1145136.76  24.4%     -   44s
H    0     0                    1514551.0196 1145137.29  24.4%     -   44s
H    0     0                    1511180.8275 1145137.29  24.2%     -   44s
H    0     0                    1511049.1441 1145137.29  24.2%     -   45s
H    0     0                    1495420.7153 1147256.11  23.3%     -   45s
H    0     0                    1485001.2072 1147256.11  22.7%     -   45s
H    0     0                    1459060.6605 1147256.11  21.4%     -   45s
     0     0 1147256.11    0  414 1459060.66 1147256.11  21.4%     -   45s
     0     0 1147737.49    0  373 1459060.66 1147737.49  21.3%     -   46s
     0     0 1147788.70    0  377 1459060.66 1147788.70  21.3%     -   47s
     0     0 1147796.78    0  406 1459060.66 1147796.78  21.3%     -   47s
     0     0 1147807.63    0  408 1459060.66 1147807.63  21.3%     -   47s
     0     0 1147808.10    0  398 1459060.66 1147808.10  21.3%     -   47s
     0     0 1159488.60    0  381 1459060.66 1159488.60  20.5%     -   50s
     0     0 1159543.59    0  366 1459060.66 1159543.59  20.5%     -   51s
H    0     0                    1458501.6112 1159543.86  20.5%     -   52s
H    0     0                    1457962.0517 1159543.86  20.5%     -   52s
     0     0 1160985.57    0  373 1457962.05 1160985.57  20.4%     -   53s
     0     0 1161410.18    0  361 1457962.05 1161410.18  20.3%     -   53s
     0     0 1161471.50    0  361 1457962.05 1161471.50  20.3%     -   53s
     0     0 1161473.51    0  367 1457962.05 1161473.51  20.3%     -   54s
     0     0 1170142.61    0  413 1457962.05 1170142.61  19.7%     -   55s
H    0     0                    1455685.8390 1170142.81  19.6%     -   56s
H    0     0                    1450376.3411 1170142.81  19.3%     -   56s
     0     0 1170371.81    0  355 1450376.34 1170371.81  19.3%     -   57s
     0     0 1170428.03    0  392 1450376.34 1170428.03  19.3%     -   57s
     0     0 1170429.41    0  375 1450376.34 1170429.41  19.3%     -   57s
     0     0 1171473.38    0  385 1450376.34 1171473.38  19.2%     -   59s
     0     0 1171681.36    0  429 1450376.34 1171681.36  19.2%     -   59s
     0     0 1171708.73    0  428 1450376.34 1171708.73  19.2%     -   59s
     0     0 1171741.42    0  424 1450376.34 1171741.42  19.2%     -   60s
     0     0 1171741.42    0  424 1450376.34 1171741.42  19.2%     -   60s
     0     0 1173611.68    0  384 1450376.34 1173611.68  19.1%     -   62s
H    0     0                    1437434.0507 1173694.75  18.3%     -   63s
H    0     0                    1436567.0149 1173694.75  18.3%     -   64s
H    0     0                    1430474.5126 1173694.75  18.0%     -   64s
H    0     0                    1430325.0341 1173694.75  17.9%     -   65s
H    0     0                    1429200.4949 1173694.75  17.9%     -   65s
H    0     0                    1425472.5724 1173694.75  17.7%     -   65s
     0     0 1173705.06    0  420 1425472.57 1173705.06  17.7%     -   65s
     0     0 1173759.92    0  400 1425472.57 1173759.92  17.7%     -   65s
     0     0 1173777.62    0  398 1425472.57 1173777.62  17.7%     -   65s
     0     0 1173778.41    0  404 1425472.57 1173778.41  17.7%     -   66s
     0     0 1174566.00    0  421 1425472.57 1174566.00  17.6%     -   67s
     0     0 1174675.43    0  478 1425472.57 1174675.43  17.6%     -   68s
     0     0 1174693.07    0  499 1425472.57 1174693.07  17.6%     -   68s
     0     0 1174698.09    0  498 1425472.57 1174698.09  17.6%     -   68s
     0     0 1175265.95    0  514 1425472.57 1175265.95  17.6%     -   70s
H    0     0                    1425466.4977 1175268.15  17.6%     -   70s
     0     0 1175438.28    0  503 1425466.50 1175438.28  17.5%     -   71s
     0     0 1175531.71    0  457 1425466.50 1175531.71  17.5%     -   72s
     0     0 1175573.78    0  470 1425466.50 1175573.78  17.5%     -   72s
     0     0 1175581.38    0  462 1425466.50 1175581.38  17.5%     -   72s
     0     0 1176274.88    0  477 1425466.50 1176274.88  17.5%     -   74s
     0     0 1176378.72    0  475 1425466.50 1176378.72  17.5%     -   78s
     0     0 1176382.73    0  465 1425466.50 1176382.73  17.5%     -   78s
     0     0 1176798.05    0  474 1425466.50 1176798.05  17.4%     -   80s
H    0     0                    1423239.1504 1176798.16  17.3%     -   82s
H    0     0                    1419757.5357 1176798.16  17.1%     -   82s
     0     0 1176970.98    0  495 1419757.54 1176970.98  17.1%     -   82s
     0     0 1176999.93    0  483 1419757.54 1176999.93  17.1%     -   82s
     0     0 1177007.15    0  489 1419757.54 1177007.15  17.1%     -   83s
     0     0 1177785.45    0  447 1419757.54 1177785.45  17.0%     -   85s
     0     0 1177826.16    0  484 1419757.54 1177826.16  17.0%     -   86s
     0     0 1177830.45    0  472 1419757.54 1177830.45  17.0%     -   86s
     0     0 1178430.11    0  457 1419757.54 1178430.11  17.0%     -   87s
H    0     0                    1418711.1166 1178430.15  16.9%     -   88s
     0     0 1178473.97    0  480 1418711.12 1178473.97  16.9%     -   89s
     0     0 1178476.26    0  486 1418711.12 1178476.26  16.9%     -   89s
     0     0 1178693.30    0  449 1418711.12 1178693.30  16.9%     -   91s
     0     0 1178714.58    0  529 1418711.12 1178714.58  16.9%     -   91s
     0     0 1178724.82    0  475 1418711.12 1178724.82  16.9%     -   92s
     0     0 1179437.36    0  433 1418711.12 1179437.36  16.9%     -   93s
H    0     0                    1416558.5559 1179437.59  16.7%     -   94s
H    0     0                    1411141.7936 1179437.59  16.4%     -   94s
     0     0 1179557.58    0  411 1411141.79 1179557.58  16.4%     -   96s
     0     0 1179564.10    0  439 1411141.79 1179564.10  16.4%     -   96s
     0     0 1180181.44    0  437 1411141.79 1180181.44  16.4%     -   97s
     0     0 1180244.68    0  477 1411141.79 1180244.68  16.4%     -   98s
     0     0 1180250.89    0  487 1411141.79 1180250.89  16.4%     -   98s
     0     0 1184024.49    0  473 1411141.79 1184024.49  16.1%     -  100s
     0     0 1184902.91    0  491 1411141.79 1184902.91  16.0%     -  104s
     0     0 1184938.01    0  490 1411141.79 1184938.01  16.0%     -  105s
     0     0 1184958.35    0  492 1411141.79 1184958.35  16.0%     -  105s
     0     0 1184958.42    0  501 1411141.79 1184958.42  16.0%     -  105s
     0     0 1186458.37    0  459 1411141.79 1186458.37  15.9%     -  108s
     0     0 1186565.12    0  456 1411141.79 1186565.12  15.9%     -  108s
     0     0 1186596.17    0  459 1411141.79 1186596.17  15.9%     -  109s
     0     0 1186646.12    0  500 1411141.79 1186646.12  15.9%     -  109s
     0     0 1186660.61    0  444 1411141.79 1186660.61  15.9%     -  109s
     0     0 1186669.90    0  468 1411141.79 1186669.90  15.9%     -  110s
     0     0 1186876.60    0  514 1411141.79 1186876.60  15.9%     -  111s
     0     0 1187003.41    0  509 1411141.79 1187003.41  15.9%     -  113s
     0     0 1187021.62    0  558 1411141.79 1187021.62  15.9%     -  113s
     0     0 1187024.57    0  588 1411141.79 1187024.57  15.9%     -  113s
     0     0 1187029.25    0  557 1411141.79 1187029.25  15.9%     -  113s
     0     0 1187094.44    0  546 1411141.79 1187094.44  15.9%     -  114s
     0     0 1187100.50    0  514 1411141.79 1187100.50  15.9%     -  114s
     0     0 1188059.95    0  500 1411141.79 1188059.95  15.8%     -  115s
     0     0 1188172.51    0  568 1411141.79 1188172.51  15.8%     -  116s
     0     0 1188213.80    0  595 1411141.79 1188213.80  15.8%     -  117s
     0     0 1188253.71    0  643 1411141.79 1188253.71  15.8%     -  117s
     0     0 1188257.66    0  634 1411141.79 1188257.66  15.8%     -  117s
     0     0 1188679.11    0  545 1411141.79 1188679.11  15.8%     -  118s
H    0     0                    1409613.5167 1188696.50  15.7%     -  119s
     0     0          -    0      1409613.52 1188696.50  15.7%     -  120s

Cutting planes:
  Learned: 3
  Gomory: 48
  Lift-and-project: 4
  Cover: 137
  Implied bound: 333
  Clique: 81
  MIR: 493
  Knapsack: 1
  StrongCG: 83
  Flow cover: 287
  GUB cover: 47
  Zero half: 2
  RLT: 360
  Relax-and-lift: 96
  BQP: 11

Explored 1 nodes (68853 simplex iterations) in 120.02 seconds (139.43 work units)
Thread count was 24 (of 24 available processors)

Solution count 10: 1.40961e+06 1.41114e+06 1.41656e+06 ... 1.43033e+06

Time limit reached
Best objective 1.409613516671e+06, best bound 1.188696499646e+06, gap 15.6722%
