
Gurobi 13.0.2 (linux64, Python) logging started Fri May  8 06:20:33 2026

Set parameter LogToConsole to value 0
Set parameter Username
Set parameter LicenseID to value 2748191
Set parameter TimeLimit to value 600
Set parameter LogFile to value "output/bf_qcv_045/period_5/gurobi.log"
Academic license - for non-commercial use only - expires 2026-12-01
Gurobi Optimizer version 13.0.2 build v13.0.2rc1 (linux64 - "Debian GNU/Linux 13 (trixie)")

CPU model: 13th Gen Intel(R) Core(TM) i7-13700HX, instruction set [SSE2|AVX|AVX2]
Thread count: 24 physical cores, 24 logical processors, using up to 24 threads

Non-default parameters:
TimeLimit  600
LogToConsole  0

Optimize a model with 62480 rows, 49980 columns and 166260 nonzeros (Min)
Model fingerprint: 0xc84b6ff8
Model has 20400 linear objective coefficients
Variable types: 40290 continuous, 9690 integer (9690 binary)
Coefficient statistics:
  Matrix range     [1e-02, 1e+04]
  Objective range  [5e+00, 1e+05]
  Bounds range     [1e+00, 1e+00]
  RHS range        [4e-01, 1e+05]

Presolve removed 44697 rows and 35754 columns
Presolve time: 0.27s
Presolved: 17783 rows, 14226 columns, 75111 nonzeros
Variable types: 9399 continuous, 4827 integer (4827 binary)
Found heuristic solution: objective 7551055.8193
Found heuristic solution: objective 2381701.2121

Root relaxation: objective 5.451814e+04, 11415 iterations, 0.33 seconds (0.79 work units)

    Nodes    |    Current Node    |     Objective Bounds      |     Work
 Expl Unexpl |  Obj  Depth IntInf | Incumbent    BestBd   Gap | It/Node Time

     0     0 54518.1396    0  200 2381701.21 54518.1396  97.7%     -    0s
H    0     0                    222942.68416 54518.1396  75.5%     -    0s
H    0     0                    182481.07273 54518.1396  70.1%     -    0s
H    0     0                    179292.32328 54518.1396  69.6%     -    0s
H    0     0                    178886.54924 54518.1396  69.5%     -    0s
H    0     0                    171385.00932 54518.1396  68.2%     -    0s
H    0     0                    167560.63117 54518.1396  67.5%     -    0s
H    0     0                    138168.36408 54518.1396  60.5%     -    0s
H    0     0                    138092.36232 54518.1396  60.5%     -    0s
H    0     0                    137977.83172 54518.1396  60.5%     -    1s
H    0     0                    137583.32959 54518.1396  60.4%     -    1s
H    0     0                    137579.45504 54518.1396  60.4%     -    1s
H    0     0                    137417.61130 54518.1396  60.3%     -    1s
H    0     0                    137089.97864 54518.1396  60.2%     -    1s
H    0     0                    136791.80819 54518.1396  60.1%     -    1s
H    0     0                    136781.54764 54518.1396  60.1%     -    1s
H    0     0                    136776.65781 54518.1396  60.1%     -    1s
H    0     0                    121574.89569 54518.1396  55.2%     -    1s
     0     0 54583.1425    0  214 121574.896 54583.1425  55.1%     -    1s
H    0     0                    118173.87313 54583.1436  53.8%     -    1s
H    0     0                    118070.45020 54583.1436  53.8%     -    2s
H    0     0                    117186.80905 54583.1436  53.4%     -    2s
H    0     0                    116703.58604 54583.1436  53.2%     -    2s
H    0     0                    116631.84605 54583.1436  53.2%     -    2s
H    0     0                    115883.90730 54583.1436  52.9%     -    2s
     0     0 54638.6577    0  235 115883.907 54638.6577  52.9%     -    2s
     0     0 54638.6802    0  235 115883.907 54638.6802  52.9%     -    2s
     0     0 55172.2144    0  262 115883.907 55172.2144  52.4%     -    2s
     0     0 55790.2078    0  238 115883.907 55790.2078  51.9%     -    2s
     0     0 58054.7127    0  305 115883.907 58054.7127  49.9%     -    3s
     0     0 58264.4606    0  302 115883.907 58264.4606  49.7%     -    3s
H    0     0                    113947.50353 58269.6118  48.9%     -    3s
     0     0 58269.6118    0  302 113947.504 58269.6118  48.9%     -    3s
     0     0 58273.2266    0  308 113947.504 58273.2266  48.9%     -    3s
     0     0 58275.3667    0  309 113947.504 58275.3667  48.9%     -    3s
     0     0 58280.3154    0  309 113947.504 58280.3154  48.9%     -    3s
     0     0 58284.6798    0  315 113947.504 58284.6798  48.8%     -    3s
     0     0 58380.6732    0  300 113947.504 58380.6732  48.8%     -    3s
     0     0 58387.9863    0  296 113947.504 58387.9863  48.8%     -    3s
     0     0 58387.9877    0  296 113947.504 58387.9877  48.8%     -    3s
     0     0 58423.3239    0  299 113947.504 58423.3239  48.7%     -    3s
     0     0 58425.1142    0  304 113947.504 58425.1142  48.7%     -    3s
     0     0 58425.6645    0  310 113947.504 58425.6645  48.7%     -    3s
     0     0 58468.3384    0  329 113947.504 58468.3384  48.7%     -    4s
     0     0 58468.3439    0  332 113947.504 58468.3439  48.7%     -    4s
H    0     0                    112682.55951 58468.3439  48.1%     -    4s
H    0     0                    107412.48644 58468.3439  45.6%     -    4s
H    0     0                    106790.36289 58468.3439  45.2%     -    4s
H    0     0                    105441.53426 59333.0733  43.7%     -    4s
     0     0 59333.0733    0  308 105441.534 59333.0733  43.7%     -    4s
     0     0 59333.2066    0  310 105441.534 59333.2066  43.7%     -    4s
     0     0 62471.6297    0  229 105441.534 62471.6297  40.8%     -    4s
     0     0 62471.6740    0  237 105441.534 62471.6740  40.8%     -    4s
     0     0 62481.2193    0  240 105441.534 62481.2193  40.7%     -    4s
     0     0 62481.2233    0  240 105441.534 62481.2233  40.7%     -    4s
     0     0 62481.2233    0  240 105441.534 62481.2233  40.7%     -    4s
     0     0 62481.2233    0  240 105441.534 62481.2233  40.7%     -    4s
H    0     0                    105420.01642 62481.4497  40.7%     -    5s
H    0     0                    104251.72040 62481.4497  40.1%     -    5s
     0     2 62481.4497    0  240 104251.720 62481.4497  40.1%     -    5s
H  207   229                    104251.71997 62496.3481  40.1%  18.6    7s
  4111  4321 64945.2649  160   88 104251.720 62496.3481  40.1%   7.0   10s
H 4640  4591                    104251.71992 62496.3481  40.1%   7.0   10s
  6567  6609 64953.6966  246   73 104251.720 62519.1978  40.0%  10.7   15s
H 8078  7911                    103027.16289 62560.5809  39.3%  12.0   17s
  9618  9497 65489.7242  312   56 103027.163 62594.6871  39.2%  15.5   20s
H10113  9736                    103008.28142 62594.6871  39.2%  16.7   21s
H11521 11071                    102979.74916 62597.7959  39.2%  17.5   23s
 12232 12257 70254.5275  347   79 102979.749 62597.7959  39.2%  18.2   25s
H12819 11646                    102979.60110 62597.7959  39.2%  18.3   29s
H12819 11063                    102900.75187 62597.7959  39.2%  18.3   30s
H12851 10529                    102900.75125 65207.7284  36.6%  18.3   34s
H12852 10003                    102891.54778 65410.7017  36.4%  18.3   34s
 12857 10006 66175.4533  253  102 102891.548 66129.1241  35.7%  18.3   35s
H12884  9522                    102876.96863 69325.0020  32.6%  18.2   37s
H12890  9048                    96471.174995 71185.5309  26.2%  18.2   38s
H12890  8595                    94938.401825 71185.5309  25.0%  18.2   38s
H12890  8164                    94592.753045 71185.5309  24.7%  18.2   38s
H12890  7754                    94565.084115 71185.5309  24.7%  18.2   38s
H12890  7366                    94308.607121 71185.5309  24.5%  18.2   38s
H12890  6996                    94082.580844 71185.5309  24.3%  18.2   38s
H12890  6645                    94057.252841 71185.5309  24.3%  18.2   38s
 12907  6656 77620.7839  141  134 94057.2528 77620.7839  17.5%  18.2   40s
H12907  6322                    93999.743989 77719.8507  17.3%  18.2   40s
H12916  6010                    93944.914723 78666.4174  16.3%  18.2   40s
H12939  5722                    92018.778671 82141.7165  10.7%  18.2   43s
H12939  5434                    91908.903113 82141.7165  10.6%  18.2   43s
H12939  5160                    91669.765389 82141.7165  10.4%  18.2   43s
H12939  4900                    91270.972319 82141.7165  10.0%  18.2   43s
H12939  4653                    91266.075540 82141.7165  10.0%  18.2   43s
H12939  4419                    91229.254580 82141.7165  10.0%  18.2   43s
H12939  4196                    91038.419607 82141.7165  9.77%  18.2   44s
H12939  3984                    90905.205535 82141.7165  9.64%  18.2   44s
 12948  3990 83342.0945  261  156 90905.2055 83342.0945  8.32%  18.1   45s
H12979  3811                    90899.705133 86502.3456  4.84%  20.0   47s
H12979  3620                    90894.335435 86502.3456  4.83%  20.0   48s
H12985  3443                    90893.960136 86505.8660  4.83%  20.0   49s
H12989  3273                    90836.195955 86505.8717  4.77%  20.0   49s
H13000  3117                    90794.747277 86949.3992  4.24%  20.8   50s
H13000  2962                    90530.936605 86949.3992  3.96%  20.8   50s
H13000  2813                    90329.787406 86949.3992  3.74%  20.8   50s
H13048  2702                    90318.558338 88535.3374  1.97%  20.8   54s
 13058  2708 88627.0326   29  127 90318.5583 88627.0326  1.87%  20.8   55s
H13087  2592                    90263.936125 88786.6451  1.64%  21.6   57s
H13098  2469                    90195.557985 88964.6472  1.36%  21.6   58s
H13098  2345                    90189.893385 88964.6472  1.36%  21.6   58s
H13098  2227                    90175.260897 88964.6472  1.34%  21.6   58s
H13098  2115                    90152.934100 88964.6472  1.32%  21.6   58s
 13116  2127 89147.1510  215   89 90152.9341 89147.1510  1.12%  21.6   60s
H13270  2120                    90116.541431 89278.9582  0.93%  22.1   63s
 14812  3228 89314.6359   95   31 90116.5414 89278.9582  0.93%  20.4   65s
H21997  8698                    89900.063220 89308.1975  0.66%  17.9   69s
 24563 10700 89328.9065  119   43 89900.0632 89308.7831  0.66%  17.8   70s
H25876 10166                    89845.441008 89308.9544  0.60%  17.8   71s
H25894  9669                    89828.662082 89308.9544  0.58%  17.8   72s
H25894  9185                    89823.520153 89308.9544  0.57%  17.8   72s
H25898  8728                    89770.752473 89308.9544  0.51%  17.7   72s
H25899  8292                    89753.086684 89308.9544  0.49%  17.7   72s
H25899  7877                    89732.266291 89308.9544  0.47%  17.7   72s
H26420  7819                    89729.695327 89308.9544  0.47%  17.7   74s
 27255  8320 89333.1059   90   36 89729.6953 89308.9544  0.47%  17.3   75s
H27522  7993                    89719.140841 89308.9544  0.46%  17.3   75s
H41282 13672                    89713.998912 89331.4056  0.43%  14.9   79s
H41361 13307                    89711.292634 89331.4056  0.42%  14.9   79s
 41502 13274 89336.3593  111   39 89711.2926 89331.4056  0.42%  14.9   80s
H41507 12942                    89664.371934 89331.4056  0.37%  14.9   80s
 52204 19339 89333.1870  121   36 89664.3719 89331.5976  0.37%  15.2   85s
H54223 19899                    89664.240447 89331.6872  0.37%  14.8   89s
 54676 21667 89333.5886  116   16 89664.2404 89331.6872  0.37%  14.7   90s
 96018 34430     cutoff  193      89664.2404 89331.9805  0.37%  10.4   95s
H98205 34523                    89618.614737 89332.0284  0.32%  10.3   96s
 105677 38190 89345.3578  173  240 89618.6147 89332.0447  0.32%   9.9  100s
 105706 38209 89333.5345  152   69 89618.6147 89332.0447  0.32%   9.9  105s
 105750 38239 89341.2472  178   79 89618.6147 89332.0447  0.32%   9.9  110s
 105799 38271 89334.4472  168   90 89618.6147 89332.0447  0.32%   9.9  115s
H105833 36376                    89618.608351 89332.0719  0.32%   9.9  119s
 105840 36381 89333.7125  121  104 89618.6084 89332.0750  0.32%   9.9  120s
 105878 36406 89336.8040  167   95 89618.6084 89332.0935  0.32%   9.9  125s
H105882 34585                    89572.611508 89332.0946  0.27%   9.9  127s
 117511 43078 89454.8760  225    9 89572.6115 89332.4677  0.27%   9.6  130s
 144712 53995 89420.0247  149    8 89572.6115 89332.4677  0.27%   8.8  135s
H185716 82184                    89519.525422 89332.4677  0.21%  12.5  138s
 199015 92869 89414.1421  107   19 89519.5254 89332.4677  0.21%   7.8  140s
 205747 98394 89438.1423  115   17 89519.5254 89332.4677  0.21%   7.7  145s
 223641 109613 89414.3935  116   24 89519.5254 89332.5827  0.21%   7.5  150s
 223683 109641 89435.7525  116   47 89519.5254 89332.5827  0.21%   7.5  155s
 223726 109670 89415.0376  116   62 89519.5254 89332.5827  0.21%   7.5  160s
 223770 109699 89418.2970  116   58 89519.5254 89332.5827  0.21%   7.5  165s
 223822 109734 89424.2926  116   68 89519.5254 89332.5827  0.21%   7.5  170s
 239743 114717 89429.6557  197    7 89519.5254 89332.6128  0.21%   7.2  175s
 272679 128991 89418.9566  148   12 89519.5254 89332.7945  0.21%   6.8  180s
 357217 161540 89441.7599  189    2 89519.5254 89332.9161  0.21%   6.2  185s
 374528 186986 89415.1447  123   19 89519.5254 89332.9287  0.21%   6.1  190s
 469230 217014 89423.7024  171    8 89519.5254 89333.0025  0.21%   6.0  195s
H481769 224698                    89505.357253 89333.0106  0.19%   7.7  195s
 516652 251253     cutoff  175      89505.3573 89333.0108  0.19%   6.1  200s
H580492 294436                    89496.998429 89333.0442  0.18%   7.5  204s
 594803 307335 89415.8267  140    3 89496.9984 89333.0442  0.18%   6.1  205s
 647793 343270 89418.2848  129   48 89496.9984 89333.0459  0.18%   6.1  210s
 647842 335610 89419.5718  129   76 89496.9984 89333.0459  0.18%   6.1  215s
 647882 335637 89415.1427  129   81 89496.9984 89333.0459  0.18%   6.1  220s
 647929 335668 89420.4475  129  103 89496.9984 89333.0459  0.18%   6.1  225s
 647976 335700 89418.1923  129   98 89496.9984 89333.0459  0.18%   6.1  230s
 685494 345100 89429.2760  203   11 89496.9984 89333.8060  0.18%   6.0  235s
H689100 345322                    89488.568721 89333.8060  0.17%   7.1  235s
 817418 425456 89423.7542  201   11 89488.5687 89333.8060  0.17%   6.1  240s
 819917 424662 89419.3711  142   98 89488.5687 89333.8060  0.17%   6.1  245s
 819963 424692 89420.6158  142   99 89488.5687 89333.8060  0.17%   6.1  250s
 820005 424720 89416.0547  142   92 89488.5687 89333.8060  0.17%   6.1  255s
 820049 424750 89433.7219  142   91 89488.5687 89333.8060  0.17%   6.1  260s
 820161 424979 89415.5447  100   15 89488.5687 89333.8060  0.17%   6.1  265s
 845191 425952 89418.6658  153   96 89488.5687 89333.8060  0.17%   6.0  270s
 845232 425980 89415.8428  153  103 89488.5687 89333.8060  0.17%   6.0  275s
H859681 431407                    89486.844463 89333.8918  0.17%   6.9  277s
 919216 472457 89425.8859  182   12 89486.8445 89333.9520  0.17%   5.8  280s
 938874 470257 89425.2906  139    7 89486.8445 89333.9909  0.17%   5.7  285s
 1057014 520010 89419.3547  192    9 89486.8445 89333.9930  0.17%   5.4  290s
H1118431 560794                    89472.319657 89334.0126  0.15%   6.0  294s
 1132966 564877 89403.4908  172   10 89472.3197 89334.0468  0.15%   5.3  295s
 1233529 583710 89399.1251  191    4 89472.3197 89334.0782  0.15%   5.1  300s
 1336843 646981 89405.6320  163   84 89472.3197 89334.0872  0.15%   5.0  305s
 1336882 647007 89402.3523  163  114 89472.3197 89334.0872  0.15%   5.0  310s
 1336925 647036 89403.1667  163  105 89472.3197 89334.0872  0.15%   5.0  315s
 1336965 647062 89406.7479  163   99 89472.3197 89334.0872  0.15%   5.0  320s
 1337017 647097 89405.0658  163  117 89472.3197 89334.0872  0.15%   5.0  325s
 1362244 646300 89401.5600  177   26 89472.3197 89334.0872  0.15%   4.9  330s
 1362269 646317 89402.6458  177  118 89472.3197 89334.0872  0.15%   4.9  335s
 1362307 646342 89403.9585  177  112 89472.3197 89334.0872  0.15%   4.9  340s
 1362340 646364 89405.0925  177  133 89472.3197 89334.0872  0.15%   4.9  345s
 1362379 646390 89401.8899  177  137 89472.3197 89334.0872  0.15%   4.9  350s
 1370021 641508 89407.3557  198    7 89472.3197 89334.0872  0.15%   4.9  355s
H1373150 640465                    89441.281342 89334.0872  0.12%   5.5  355s
 1437856 680067 89406.2187  187  103 89441.2813 89334.0878  0.12%   4.9  360s
 1437907 680101 89406.5770  187  119 89441.2813 89334.0878  0.12%   4.9  365s
 1453021 685213 89401.3009  108   14 89441.2813 89334.0878  0.12%   4.9  370s
 1568527 744089 89403.7591  170    9 89441.2813 89334.0882  0.12%   4.9  375s
 1717832 826824 89374.1818  122    4 89441.2813 89334.0889  0.12%   4.8  380s
 1857985 897981     cutoff  190      89441.2813 89334.1269  0.12%   4.8  385s
 1985684 959491 89403.1793  149   11 89441.2813 89334.2000  0.12%   4.7  390s
 2111226 1025298 89374.2319  126    3 89441.2813 89334.2448  0.12%   4.7  395s
 2230009 1089379 89374.2283  122    3 89441.2813 89334.2847  0.12%   4.7  400s
H2243969 1098123                    89439.834984 89334.2848  0.12%   5.1  400s
 2357633 1156125 89401.8843  118   22 89439.8350 89334.3030  0.12%   4.7  405s
 2475644 1204254 89405.9343  171   11 89439.8350 89334.3363  0.12%   4.7  410s
 2585666 1259427 89404.2948  176    6 89439.8350 89334.3631  0.12%   4.7  415s
 2687952 1323435 89403.9394  182    9 89439.8350 89334.3877  0.12%   4.7  420s
 2808839 1408650 89402.1647  117    7 89439.8350 89334.4174  0.12%   4.7  425s
 2919237 1494629 89377.9875  136    3 89439.8350 89334.4336  0.12%   4.7  431s
 2997152 1532736 89401.1064  128   20 89439.8350 89334.4460  0.12%   4.7  435s
 3108417 1608697 89406.4206  185    5 89439.8350 89334.4643  0.12%   4.6  440s
 3215118 1681768     cutoff  172      89439.8350 89334.4746  0.12%   4.6  445s
H3284928 1718415                    89405.880260 89343.7290  0.07%   4.8  449s
 3296216 1727565 89367.0574  175   10 89405.8803 89343.7324  0.07%   4.6  450s
 3409336 1792642 89383.3533  155    6 89405.8803 89343.7534  0.07%   4.5  455s
 3497409 1836533 89387.2862  198    2 89405.8803 89343.7606  0.07%   4.5  460s
 3584391 1881169 89374.4971  193    5 89405.8803 89343.7713  0.07%   4.4  465s
 3713842 1945697 89383.3581  171    3 89405.8803 89343.7828  0.07%   4.4  470s
 3838142 2006189 89383.3476  201    4 89405.8803 89343.7940  0.07%   4.3  475s
 3980805 2077773 89370.5567  179   11 89405.8803 89343.8083  0.07%   4.3  480s
 4105397 2143254 89385.1770  179    2 89405.8803 89343.8190  0.07%   4.3  485s
 4258954 2211021 89375.9819  180    7 89405.8803 89343.8272  0.07%   4.2  490s
 4360021 2273852 89379.5800  190   12 89405.8803 89343.8364  0.07%   4.2  495s
 4506212 2334527 89367.7674  184    9 89405.8803 89343.8471  0.07%   4.1  500s
 4657330 2400516 89383.3373  168    4 89405.8803 89343.8567  0.07%   4.1  505s
 4793007 2460506 89368.3716  159    6 89405.8803 89343.8650  0.07%   4.1  510s
 4944470 2533500 89385.2343  177    3 89405.8803 89343.8759  0.07%   4.0  515s
 5083709 2595804 infeasible  144      89405.8803 89343.8840  0.07%   4.0  520s
 5228661 2673135 89374.0549  149    9 89405.8803 89343.8972  0.07%   4.0  525s
 5388151 2746337 89372.7420  189    9 89405.8803 89343.9044  0.07%   4.0  530s
 5532634 2821490 89367.0804  138   13 89405.8803 89343.9149  0.07%   3.9  535s
 5679887 2891568 89383.3223  138    4 89405.8803 89343.9224  0.07%   3.9  540s
 5813799 2955031 89371.4025  150    9 89405.8803 89343.9281  0.07%   3.9  545s
 5947405 3025088 89382.7281  206   11 89405.8803 89343.9375  0.07%   3.9  550s
 6108112 3094927 89385.1789  143    2 89405.8803 89343.9443  0.07%   3.9  555s
 6247767 3162387 89372.1330  158   10 89405.8803 89343.9517  0.07%   3.9  560s
 6396095 3230517 89384.0210  167    3 89405.8803 89343.9584  0.07%   3.8  565s
 6544639 3301669     cutoff  171      89405.8803 89343.9649  0.07%   3.8  570s
 6669597 3378146     cutoff  197      89405.8803 89343.9722  0.07%   3.8  575s
 6803188 3432376 89383.6260  137    3 89405.8803 89343.9776  0.07%   3.8  580s
 6956099 3499668     cutoff  163      89405.8803 89343.9816  0.07%   3.8  585s
 7076171 3563399 89371.4129  125    7 89405.8803 89343.9872  0.07%   3.8  590s
 7194813 3621788 89375.5584  168    8 89405.8803 89343.9931  0.07%   3.8  595s

Cutting planes:
  Learned: 4
  Gomory: 48
  Lift-and-project: 61
  Cover: 1
  MIR: 148
  StrongCG: 3
  Flow cover: 20
  RLT: 1
  Relax-and-lift: 3

Explored 7336070 nodes (28442623 simplex iterations) in 602.58 seconds (594.91 work units)
Thread count was 24 (of 24 available processors)

Solution count 10: 89405.9 89439.8 89441.3 ... 89572.6

Time limit reached
Best objective 8.940588026010e+04, best bound 8.934399805863e+04, gap 0.0692%
