
Gurobi 13.0.2 (linux64, Python) logging started Sat Aug 22 16:13:35 2026

Set parameter LogToConsole to value 0
Set parameter Username
Set parameter LicenseID to value 2748191
Set parameter TimeLimit to value 120
Set parameter LogFile to value "output/bz_nbr7008_075/weighted_loss/retail_y_4__retail_v_2__retail_v_2__rolled_leftover_4/period_3/gurobi.log"
Academic license - for non-commercial use only - expires 2026-12-01
Gurobi Optimizer version 13.0.2 build v13.0.2rc1 (linux64 - "Debian GNU/Linux 13 (trixie)")

CPU model: 13th Gen Intel(R) Core(TM) i7-13700HX, instruction set [SSE2|AVX|AVX2]
Thread count: 24 physical cores, 24 logical processors, using up to 24 threads

Non-default parameters:
TimeLimit  120
LogToConsole  0

Optimize a model with 13967 rows, 9445 columns and 39166 nonzeros (Min)
Model fingerprint: 0x30ca66ae
Model has 3230 linear objective coefficients and an objective constant of 194422.9285104
Variable types: 7694 continuous, 1751 integer (1751 binary)
Coefficient statistics:
  Matrix range     [1e-02, 8e+03]
  Objective range  [1e+01, 2e+05]
  Bounds range     [1e+00, 1e+00]
  RHS range        [4e-02, 2e+04]

Presolve removed 11017 rows and 7362 columns
Presolve time: 0.15s
Presolved: 2950 rows, 2083 columns, 14618 nonzeros
Variable types: 1343 continuous, 740 integer (740 binary)

Root relaxation: objective 2.609254e+05, 1635 iterations, 0.05 seconds (0.06 work units)

    Nodes    |    Current Node    |     Objective Bounds      |     Work
 Expl Unexpl |  Obj  Depth IntInf | Incumbent    BestBd   Gap | It/Node Time

     0     0 260925.445    0   89          - 260925.445      -     -    0s
     0     0 261061.252    0  108          - 261061.252      -     -    0s
     0     0 265605.619    0   84          - 265605.619      -     -    0s
     0     0 265605.619    0   84          - 265605.619      -     -    0s
     0     0 265605.794    0  111          - 265605.794      -     -    0s
     0     0 265605.794    0  111          - 265605.794      -     -    0s
H    0     0                    616209.11520 265663.172  56.9%     -    0s
H    0     0                    565295.10763 265663.172  53.0%     -    0s
H    0     0                    553139.37531 265663.172  52.0%     -    0s
H    0     0                    549933.29473 265663.172  51.7%     -    0s
H    0     0                    510299.01695 265663.172  47.9%     -    0s
H    0     0                    510128.32607 265663.172  47.9%     -    0s
H    0     0                    498915.21737 265663.172  46.8%     -    0s
     0     0 265663.172    0  144 498915.217 265663.172  46.8%     -    0s
     0     0 265672.105    0  142 498915.217 265672.105  46.8%     -    0s
     0     0 265672.105    0  141 498915.217 265672.105  46.8%     -    0s
H    0     0                    493173.05108 266925.267  45.9%     -    0s
     0     0 266925.267    0  122 493173.051 266925.267  45.9%     -    0s
     0     0 266925.752    0  121 493173.051 266925.752  45.9%     -    0s
H    0     0                    470855.01148 266928.299  43.3%     -    0s
H    0     0                    458590.55569 266928.299  41.8%     -    0s
     0     0 267294.705    0  104 458590.556 267294.705  41.7%     -    0s
     0     0 267600.124    0  146 458590.556 267600.124  41.6%     -    0s
     0     0 272165.159    0  120 458590.556 272165.159  40.7%     -    0s
     0     0 272165.159    0  108 458590.556 272165.159  40.7%     -    0s
     0     0 272165.159    0  125 458590.556 272165.159  40.7%     -    0s
     0     0 272165.159    0  172 458590.556 272165.159  40.7%     -    0s
     0     0 272165.159    0  195 458590.556 272165.159  40.7%     -    0s
     0     0 277396.934    0  137 458590.556 277396.934  39.5%     -    0s
H    0     0                    385098.23440 277396.934  28.0%     -    0s
H    0     0                    381938.78534 277396.934  27.4%     -    0s
     0     0 278014.366    0  138 381938.785 278014.366  27.2%     -    0s
     0     0 278031.477    0  180 381938.785 278031.477  27.2%     -    0s
     0     0 278069.804    0  189 381938.785 278069.804  27.2%     -    0s
     0     0 278069.996    0  190 381938.785 278069.996  27.2%     -    0s
     0     0 280960.954    0  113 381938.785 280960.954  26.4%     -    0s
H    0     0                    379186.71433 280962.532  25.9%     -    0s
     0     0 281495.357    0  119 379186.714 281495.357  25.8%     -    0s
     0     0 281707.356    0  136 379186.714 281707.356  25.7%     -    1s
     0     0 281736.787    0  138 379186.714 281736.787  25.7%     -    1s
     0     0 281808.740    0  135 379186.714 281808.740  25.7%     -    1s
     0     0 281815.405    0  131 379186.714 281815.405  25.7%     -    1s
     0     0 283500.036    0   95 379186.714 283500.036  25.2%     -    1s
     0     0 283548.577    0  122 379186.714 283548.577  25.2%     -    1s
     0     0 283553.329    0  107 379186.714 283553.329  25.2%     -    1s
     0     0 284045.904    0  115 379186.714 284045.904  25.1%     -    1s
     0     0 284391.009    0  125 379186.714 284391.009  25.0%     -    1s
     0     0 284406.995    0  136 379186.714 284406.995  25.0%     -    1s
     0     0 284407.025    0  137 379186.714 284407.025  25.0%     -    1s
H    0     0                    372600.51376 284407.025  23.7%     -    1s
     0     0 286630.942    0  132 372600.514 286630.942  23.1%     -    1s
     0     0 286950.574    0  152 372600.514 286950.574  23.0%     -    1s
     0     0 287103.291    0  154 372600.514 287103.291  22.9%     -    1s
     0     0 287103.702    0  172 372600.514 287103.702  22.9%     -    1s
     0     0 287578.388    0  162 372600.514 287578.388  22.8%     -    1s
     0     0 287613.129    0  184 372600.514 287613.129  22.8%     -    1s
     0     0 287709.124    0  189 372600.514 287709.124  22.8%     -    1s
     0     0 287709.124    0  188 372600.514 287709.124  22.8%     -    1s
     0     0 291449.500    0  113 372600.514 291449.500  21.8%     -    1s
H    0     0                    371106.78908 291928.054  21.3%     -    1s
H    0     0                    369640.70071 291928.054  21.0%     -    1s
     0     0 291928.054    0  166 369640.701 291928.054  21.0%     -    1s
     0     0 291928.054    0  165 369640.701 291928.054  21.0%     -    1s
     0     0 292193.250    0  157 369640.701 292193.250  21.0%     -    1s
     0     0 292400.078    0  192 369640.701 292400.078  20.9%     -    1s
     0     0 292412.600    0  199 369640.701 292412.600  20.9%     -    1s
     0     0 292418.665    0  204 369640.701 292418.665  20.9%     -    1s
     0     0 292713.123    0  194 369640.701 292713.123  20.8%     -    1s
     0     0 292734.984    0  174 369640.701 292734.984  20.8%     -    1s
     0     0 292765.634    0  209 369640.701 292765.634  20.8%     -    1s
     0     0 292765.699    0  210 369640.701 292765.699  20.8%     -    1s
     0     0 292800.820    0  189 369640.701 292800.820  20.8%     -    1s
H    0     0                    363971.32788 292812.294  19.6%     -    1s
     0     0 292812.294    0  193 363971.328 292812.294  19.6%     -    1s
     0     0 292812.294    0  194 363971.328 292812.294  19.6%     -    1s
     0     0 292886.644    0  157 363971.328 292886.644  19.5%     -    1s
     0     0 292905.626    0  169 363971.328 292905.626  19.5%     -    1s
     0     0 292905.626    0  180 363971.328 292905.626  19.5%     -    1s
H    0     0                    361448.35655 292905.626  19.0%     -    1s
     0     0 292919.661    0  204 361448.357 292919.661  19.0%     -    1s
     0     0 292942.055    0  204 361448.357 292942.055  19.0%     -    1s
     0     0 292942.055    0  204 361448.357 292942.055  19.0%     -    1s
     0     0 292942.055    0  202 361448.357 292942.055  19.0%     -    1s
H    0     2                    361403.70396 292942.055  18.9%     -    1s
     0     2 292942.055    0  195 361403.704 292942.055  18.9%     -    1s
H   15    28                    358897.21463 292982.761  18.4%  52.7    1s
H   16    28                    357914.46252 292985.813  18.1%  54.7    1s
H   79   100                    350332.75558 293118.106  16.3%   113    2s
H  129   152                    348985.92478 293118.106  16.0%  86.9    2s
H  133   152                    348972.00088 293118.106  16.0%  86.0    2s
H  148   152                    347834.32945 293118.106  15.7%  83.9    2s
H  972   676                    345753.90691 293301.791  15.2%  54.2    2s
H  975   676                    344743.23022 293301.791  14.9%  54.1    2s
H 1000   676                    343469.67292 293301.791  14.6%  53.9    2s
* 1003   676              26    343464.36253 293301.791  14.6%  53.8    2s
* 1564   816              35    341862.36896 293816.095  14.1%  50.8    2s
H 5030  1623                    341335.42808 297841.566  12.7%  56.7    4s
  5047  1661     cutoff   15      341335.428 297841.566  12.7%  56.9    5s
H 5360  1690                    341300.78897 297920.547  12.7%  57.1    5s
H 5633  1745                    341078.00673 297920.547  12.7%  57.4    5s
H 5675  1735                    340811.01917 297920.547  12.6%  57.5    5s
H 8330  1996                    340771.00253 300757.042  11.7%  60.2    7s
  8367  2021 338926.990   25  207 340771.003 300757.042  11.7%  59.9   11s
  9252  2351     cutoff   32      340771.003 305774.079  10.3%  61.8   15s
 18422  2517 313662.910   24  112 340771.003 311039.536  8.72%  61.9   20s
 28217  3156     cutoff   27      340771.003 313534.269  7.99%  62.0   25s
 35402  3287 326529.722   26   83 340771.003 314998.073  7.56%  61.1   30s
 46156  3125 326938.780   25  116 340771.003 317849.629  6.73%  59.8   35s
 53627  3068 321441.574   28   53 340771.003 320184.228  6.04%  58.7   45s
 65062  2965 327626.298   26   99 340771.003 323692.131  5.01%  58.2   51s
 75383  1956 328841.125   24   98 340771.003 327748.058  3.82%  57.8   56s
 83991  1370 338881.107   33   74 340771.003 333197.828  2.22%  57.0   61s

Cutting planes:
  Learned: 20
  Gomory: 15
  Cover: 225
  Implied bound: 56
  Projected implied bound: 14
  Clique: 1
  MIR: 531
  StrongCG: 24
  Flow cover: 174
  GUB cover: 42
  Inf proof: 14
  Zero half: 69
  Network: 2
  RLT: 44
  Relax-and-lift: 63

Explored 94229 nodes (5202354 simplex iterations) in 63.54 seconds (53.37 work units)
Thread count was 24 (of 24 available processors)

Solution count 10: 340771 340771 340811 ... 344743

Optimal solution found (tolerance 1.00e-04)
Best objective 3.407710025275e+05, best bound 3.407710025275e+05, gap 0.0000%
