
Gurobi 13.0.2 (linux64, Python) logging started Wed Jun  3 06:48:44 2026

Set parameter LogToConsole to value 0
Set parameter Username
Set parameter LicenseID to value 2748191
Set parameter TimeLimit to value 600
Set parameter LogFile to value "output/bz_nbr7008_075/period_5/gurobi.log"
Academic license - for non-commercial use only - expires 2026-12-01
Gurobi Optimizer version 13.0.2 build v13.0.2rc1 (linux64 - "Debian GNU/Linux 13 (trixie)")

CPU model: 13th Gen Intel(R) Core(TM) i7-13700HX, instruction set [SSE2|AVX|AVX2]
Thread count: 24 physical cores, 24 logical processors, using up to 24 threads

Non-default parameters:
TimeLimit  600
LogToConsole  0

Optimize a model with 15381 rows, 10421 columns and 43150 nonzeros (Min)
Model fingerprint: 0x27d9e91a
Model has 3310 linear objective coefficients and an objective constant of 2.2088948027200002e+05
Variable types: 8494 continuous, 1927 integer (1927 binary)
Coefficient statistics:
  Matrix range     [1e-02, 8e+03]
  Objective range  [1e+01, 8e+04]
  Bounds range     [1e+00, 1e+00]
  RHS range        [4e-02, 2e+04]

Presolve removed 12416 rows and 8325 columns
Presolve time: 0.12s
Presolved: 2965 rows, 2096 columns, 14675 nonzeros
Variable types: 1349 continuous, 747 integer (746 binary)

Root relaxation: objective 2.979830e+05, 1664 iterations, 0.04 seconds (0.07 work units)

    Nodes    |    Current Node    |     Objective Bounds      |     Work
 Expl Unexpl |  Obj  Depth IntInf | Incumbent    BestBd   Gap | It/Node Time

     0     0 297982.979    0  114          - 297982.979      -     -    0s
     0     0 298957.532    0  115          - 298957.532      -     -    0s
     0     0 303345.567    0   73          - 303345.567      -     -    0s
H    0     0                    447834.26436 303346.328  32.3%     -    0s
H    0     0                    432559.90564 303346.328  29.9%     -    0s
     0     0 303346.328    0   84 432559.906 303346.328  29.9%     -    0s
H    0     0                    429782.08303 303346.328  29.4%     -    0s
H    0     0                    412042.45055 303349.659  26.4%     -    0s
     0     0 303349.659    0  131 412042.451 303349.659  26.4%     -    0s
H    0     0                    410801.01753 303350.200  26.2%     -    0s
     0     0 303350.730    0  125 410801.018 303350.730  26.2%     -    0s
     0     0 319987.282    0  104 410801.018 319987.282  22.1%     -    0s
     0     0 319987.282    0  118 410801.018 319987.282  22.1%     -    0s
     0     0 320784.120    0  125 410801.018 320784.120  21.9%     -    0s
     0     0 322854.907    0  121 410801.018 322854.907  21.4%     -    0s
     0     0 322854.907    0  118 410801.018 322854.907  21.4%     -    0s
     0     0 322854.907    0  169 410801.018 322854.907  21.4%     -    0s
     0     0 322854.907    0  170 410801.018 322854.907  21.4%     -    0s
     0     0 325246.109    0  144 410801.018 325246.109  20.8%     -    0s
H    0     0                    401808.53633 325262.134  19.1%     -    1s
H    0     0                    401727.96516 325262.134  19.0%     -    1s
     0     0 326830.044    0  150 401727.965 326830.044  18.6%     -    1s
     0     0 326830.044    0  145 401727.965 326830.044  18.6%     -    1s
     0     0 326830.044    0  154 401727.965 326830.044  18.6%     -    1s
     0     0 326830.044    0  167 401727.965 326830.044  18.6%     -    1s
     0     0 327340.125    0  141 401727.965 327340.125  18.5%     -    1s
     0     0 328223.570    0  190 401727.965 328223.570  18.3%     -    1s
     0     0 328223.570    0  181 401727.965 328223.570  18.3%     -    1s
     0     0 328223.570    0  178 401727.965 328223.570  18.3%     -    1s
     0     0 328609.643    0  199 401727.965 328609.643  18.2%     -    1s
     0     0 328690.185    0  158 401727.965 328690.185  18.2%     -    1s
     0     0 328824.930    0  189 401727.965 328824.930  18.1%     -    1s
     0     0 328829.458    0  180 401727.965 328829.458  18.1%     -    1s
     0     0 329120.507    0  160 401727.965 329120.507  18.1%     -    1s
     0     0 329192.632    0  161 401727.965 329192.632  18.1%     -    1s
     0     0 329222.021    0  207 401727.965 329222.021  18.0%     -    1s
     0     0 329222.855    0  215 401727.965 329222.855  18.0%     -    1s
     0     0 330149.976    0  222 401727.965 330149.976  17.8%     -    1s
     0     0 330211.157    0  233 401727.965 330211.157  17.8%     -    1s
     0     0 330218.148    0  273 401727.965 330218.148  17.8%     -    1s
     0     0 330432.567    0  197 401727.965 330432.567  17.7%     -    1s
H    0     0                    399460.48075 330448.519  17.3%     -    1s
H    0     0                    397161.96467 330448.519  16.8%     -    1s
     0     0 330448.519    0  208 397161.965 330448.519  16.8%     -    1s
     0     0 330555.054    0  225 397161.965 330555.054  16.8%     -    1s
     0     0 330602.856    0  231 397161.965 330602.856  16.8%     -    1s
     0     0 330706.293    0  209 397161.965 330706.293  16.7%     -    1s
     0     0 330708.551    0  180 397161.965 330708.551  16.7%     -    1s
     0     0 330857.655    0  251 397161.965 330857.655  16.7%     -    1s
     0     0 330886.865    0  272 397161.965 330886.865  16.7%     -    1s
     0     0 330888.631    0  279 397161.965 330888.631  16.7%     -    1s
     0     0 330958.676    0  301 397161.965 330958.676  16.7%     -    1s
     0     0 330972.222    0  301 397161.965 330972.222  16.7%     -    1s
     0     0 330972.222    0  301 397161.965 330972.222  16.7%     -    1s
     0     0 330972.222    0  289 397161.965 330972.222  16.7%     -    1s
H    0     0                    396896.86800 330972.222  16.6%     -    2s
     0     2 330972.222    0  289 396896.868 330972.222  16.6%     -    2s
H   93    96                    362347.02809 335890.167  7.30%   135    2s
H  198   176                    362291.39679 335890.167  7.29%   103    2s
H  211   176                    361911.07801 335890.167  7.19%   102    2s
H 1009   656                    361871.25480 335990.259  7.15%  67.6    3s
H 4215  1914                    360506.73573 336262.709  6.72%  60.1    4s
  4392  1993 341647.517   16  108 360506.736 336312.147  6.71%  59.9    5s
  5482  2236 337712.209   16  205 360506.736 337712.209  6.32%  58.5   10s
H 5582  2186                    360451.72253 338229.620  6.17%  61.9   11s
H 5688  2101                    353612.49321 338229.620  4.35%  62.7   11s
H 5697  1997                    348130.93487 338229.620  2.84%  62.7   11s
* 5959  1838              37    345597.41288 338796.693  1.97%  63.7   11s
H 6357  1659                    343954.15499 339122.019  1.40%  64.7   12s
* 7172  1282              48    343472.80622 340215.652  0.95%  63.3   12s

Cutting planes:
  Learned: 11
  Gomory: 17
  Cover: 35
  Implied bound: 75
  Projected implied bound: 2
  Clique: 1
  MIR: 178
  StrongCG: 10
  Flow cover: 227
  GUB cover: 35
  Inf proof: 2
  Zero half: 27
  RLT: 22
  Relax-and-lift: 10
  BQP: 3

Explored 7645 nodes (479817 simplex iterations) in 12.74 seconds (14.26 work units)
Thread count was 24 (of 24 available processors)

Solution count 10: 343473 343954 345597 ... 362291

Optimal solution found (tolerance 1.00e-04)
Best objective 3.434728062247e+05, best bound 3.434728062247e+05, gap 0.0000%
